370.9138660667346,0.2025966504900225
355.7549909627607,-0.44051144407092124
373.52091887259235,0.10514246693435325
377.24909102840513,0.1720217545386049
360.41555808652186,-0.2708565623507866
339.57997115422614,-0.055639353792230395
339.57997115422614,0.11038247460919592
340.22505816388525,-0.25569250580838343
340.22505816388525,0.6487132293066225
340.22505816388525,0.12459971286864402
340.22505816388525,0.8133918617372728
321.42595643541085,-0.3181230519580822
321.42595643541085,0.6495393026256124
368.1794927197371,0.6422743793573318
362.6711448836396,0.12764380277815235
352.7208724435953,-0.12659707004627307
370.0813746452359,-0.04239145835981617
357.0064601446214,-0.027455822361730498
367.99579599754793,-0.31461256044008223
370.56967933287893,0.21447095711107522
361.2678161526687,-0.16755344009766304
376.5874055574022,0.20785403198624408
358.3845576287773,-0.10055045378135219
362.44800558699876,0.15161186870432175
367.91564544023385,-0.21137456957717404
367.91564544023385,0.5672621742760384
367.91564544023385,0.45174010052755875
361.15676907140687,0.3196968659608501
360.4904661899181,0.11212592674917232
360.4904661899181,0.39012083495185834
360.0858585763625,-0.01933955023469025
335.8991629830539,-0.05134492130923718
354.6258916838204,-0.058039369165385324
316.45826085053574,-0.3498635803907746
314.1978147930718,0.07001381557302011
302.82731240612503,-0.13330306233388
302.82731240612503,0.2862772547548502
302.82731240612503,0.8857323847428233
326.9141227214167,0.3721502037319624
346.2530754274661,0.24742808541498107
341.68421671155284,0.18311561770394746
356.7041373733768,0.466592373510025
355.2971913979913,-0.6882904707589432
384.2595759461669,0.6651741293514988
367.58683250407915,-0.19383924532439778
367.58683250407915,0.8284939524132824
368.91663971972906,-0.05624181492908065
382.3899823104748,-0.029670116620991394
351.44749141250725,-0.49363286960510777
339.3017921742482,-0.07110065566621415
334.4795412614212,0.09456375444403875
352.5536972700926,-0.2633819972620586
388.1264258654453,0.791215834082891
351.40028725154576,-0.4662757991335411
347.6427091256444,-0.06497261218601125
367.4060373517649,0.315012692535106
337.92386757923947,-0.5199010132809008
336.17945681275785,0.13871634602742233
305.1308412874514,-0.0715966448249219
313.7920290814743,0.023895180041108688
317.84269090451835,0.27767433905387406
317.4351403295417,-0.33072169774891336
369.96033878798914,0.6428019716008748
370.78768071444483,-0.21041390251616576
370.78768071444483,0.2859358058713042
390.5859107888786,0.6105903406006519
372.92769868211997,-0.27885169131536713
344.08287708100244,-0.3162637224680793
345.05376408920176,0.46612349893007377
364.7272660893563,0.056981188055942766
329.5403352451991,-0.5612056252484763
370.2581025362188,0.5447706388670213
375.1925935099484,-0.32702970519949304
350.67113966308034,-0.47903297552761614
350.67113966308034,0.17019614750665824
350.67113966308034,0.22000635433983007
336.99882393867273,-0.10361616955492536
339.33457719330744,0.06474256765193331
334.56615108558293,0.1846503984120318
360.38531766824445,0.21065242153485997
368.8211282900779,0.40390929699947264
363.84625752799207,-0.13988456761296675
337.7635740277528,0.09380418427053883
327.3657189772449,-0.23410296805946018
311.97855666321254,-0.46389292035382823
311.97855666321254,1.1400840828740684
325.82484455135057,0.215386818071579
325.82484455135057,0.7515165142673368
340.3202388596789,0.10569003878549665
336.1713639417826,0.09137094426318981
343.8225141036449,0.0018986819809470035
356.19843461282534,0.09575388063603896
356.4905611306902,-0.1705486229611779
345.2668785650721,-0.2421868112573975
350.0784746300763,-0.28754209319617985
362.5523717774116,0.3213194709500158
394.90496078000297,0.5369507222430911
368.89377894468134,-0.6576676354687834
367.7865070036145,0.15033783607509577
340.9032383620561,-0.05117703961184361
346.386675781187,0.2834538921381409
318.2463228614074,-0.21874171238800955
340.7325827642364,0.19486872776656128
308.45067404490277,-0.22642129088580987
347.78027511710104,0.36803615911833276
358.71509571434143,0.26029447350663304
344.2569374458822,-0.11006198478048645
328.07111263439185,-0.21117606473751493
326.4825365726433,-0.02379712795800515
352.59330299193687,0.47846487349352174
308.82563066953537,-0.12572216128342006
342.15070682673485,0.19563548069061198
345.1425551284605,0.11472549632094342
357.33525885360416,-0.06644056069103499
336.9263388809322,-0.40598402235696085
332.4948241178169,0.07670181868797954
326.4206313827659,-0.031155597296788073
326.4206313827659,0.824536842457519
332.7988323069815,0.19945156820028842
374.162809520956,0.6762666518910692
361.15361234948057,-0.16124481947315417
371.03281853946106,0.3907403373530087
374.3112278189421,-0.33446889115464273
356.01273644526697,-0.06516747575153659
363.72064611545807,-0.024776897359060968
386.52988247212926,0.31827756459347256
388.69312311471185,0.010236261988325168
367.0645364455721,-0.08107093329215331
367.0645364455721,0.3606193803664155
362.93506258755303,0.15657610044650028
343.661445698076,-0.06714408332936728
346.4158846072804,0.16673772241631468
325.7490701716317,-0.1255245555815918
327.95691233663854,0.04809627556073792
342.0158766742312,0.2718735603524465
312.9617866800712,-0.3850519382639277
316.31643651183293,0.1579879292116857
316.31643651183293,0.3485498414945596
324.60827624659856,-0.3480700322052144
336.3684235276772,-0.024784922355820527
354.5315734705052,0.4747389797463484
310.5484430508597,-0.43900799325649587
310.5484430508597,0.5368295409564325
312.2104184685896,-0.19609481054567368
322.1877008029103,0.17095403413838994
336.04175006080436,0.32572165832766586
354.42002644872275,0.12948479028307247
366.828329453342,0.19796779327793956
366.828329453342,0.3016884944033791
338.3300193606685,-0.8069215769900211
338.5546105907885,0.0001165901403510361
338.5546105907885,0.6090062182620386
343.5895899543696,0.25750483285105474
349.1723980130356,-0.16847330525149573
349.1723980130356,0.6698589170111973
341.308648447651,0.0008915303623098225
341.308648447651,0.3169544411116476
341.308648447651,0.09087988667624813
368.3179653800663,0.19168222775579125
375.41218182412433,0.11233578494602625
369.7950734873914,-0.17603727404741676
344.2021902371085,-0.2486712409104257
314.74494628095124,-0.025600482334880326
315.36341507510343,0.0343222986591627
387.45692105766955,1.1490824157943962
364.50313910344744,-0.30740825303632846
375.54160123974066,-0.42670813475228897
375.54160123974066,0.5318968505835073
373.8481352733466,0.30941130761402746
370.33139353080736,-0.46401715171282376
355.4859784732314,-0.11601386745712716
355.4859784732314,0.4819793558145875
340.0206915152692,0.1379773985427164
370.40321558498096,0.30875960255991686
345.0245436413045,-0.14553543548584003
366.124830104514,0.4338299380441413
348.1408673295683,-0.24625458556783997
329.376807828989,-0.5445976770788548
340.29195783579235,0.1785901599121189
344.43523335231805,-0.10452621027889109
362.3670613233441,0.26668443274547826
357.3575295021484,0.16812071951903818
364.9340413873952,0.0726651490756467
362.2579005262949,-0.057892212009846844
373.85562667612817,0.1479328464010905
360.5008439066012,-0.018471429959163288
349.19204577439314,-0.04781269686463929
342.40546572583514,0.11169692466773995
366.49487659453393,0.30252615843357944
341.43133845915094,-0.6945167209215697
330.90024453939753,0.15265086608087586
348.5840908918513,0.013704377251428923
354.213929774662,0.010045590941558658
354.213929774662,0.597343831043645
342.26422484210934,-0.1633718762063836
346.7634054310611,-0.19527387145797093
345.64332269008594,-0.14345644347781672
345.64332269008594,0.1525129988469871
336.73293989316875,0.014304364650342904
343.36900182664624,0.1774064351261586
335.6749295891797,-0.28316341504944376
357.8619794284612,0.5677996250489059
352.90538919445845,0.0335470518780312
347.1864061465475,-0.2518638165192897
347.1864061465475,0.2671795793403362
347.1864061465475,0.6138699996014338
338.51403278492285,-0.2506117147999021
346.6226315952494,0.20977494767680582
345.35262939942413,0.04812650773419591
320.62280365353854,-0.49824222058236955
342.32524783634403,0.33586860627792703
338.365905069968,0.17478017163841741
356.7363616906881,0.22564275519744115
323.7407688552034,-0.40271971885908897
374.1525801502937,0.5857008636850196
348.54027721928605,-0.505380865500797
348.54027721928605,0.41196477650385077
344.2991063065337,-0.33270414358298694
362.1524521544455,0.3277188625668259
379.25928115980963,0.6894746536504499
401.473341304554,0.15486763287754002
362.7940242218222,-0.36144993376353796
378.9962715321389,0.11786520833811664
342.2069068763631,-0.6878731072467872
382.8878901710722,0.3740190694993544
365.1427409827437,-0.388204371348138
355.62525336402433,0.054529823717871295
382.3970503101048,0.09077324085160399
383.77442306572516,0.19889079770086937
374.9714468408421,-0.22012945397580097
345.2616551222234,-0.22772597281812068
342.28512593432424,0.016204239437797696
356.8765690697802,0.14630351792857255
331.07645206611176,-0.3037988919769532
337.1737356963331,0.33272429950477544
338.94346135684003,-0.25343126837037744
321.1135050094841,-0.08340863146941047
343.4313937393015,0.06105639009820152
325.4360762297838,-0.5335953532829762
300.30792516083983,-0.13038767057400946
300.30792516083983,0.31000985915898127
314.2424434966048,-0.3878739521779835
314.2424434966048,0.11985781406383467
347.3212689564474,0.8311189551596954
330.16823066892215,-0.2005070233741435
336.1491782466473,0.12311814509496344
325.458902988007,-0.011589293344741236
333.33436923037783,-0.08777980327204205
338.6271676855176,0.2234531187933726
370.4119098596869,0.029687491654840414
370.4119098596869,0.3211040023795704
370.4119098596869,0.5749273128010373
371.73919801416827,0.09112656669140051
357.39388738827284,-0.15164681261444457
375.1831911645198,0.04841487462852001
345.6248765392491,-0.4497462297188122
355.6769464471053,0.01394531030359758
363.5279555761141,0.07760017987629908
363.5279555761141,0.3576117564581409
343.8985183149065,0.05079635139986749
349.6287648927828,-0.09929364773540783
367.886665804268,0.34935275755287876
339.0202107580721,-0.2783649144946594
365.05229675172797,0.03463241467215994
381.8624055831682,0.33834333742049694
381.8624055831682,0.10194275226194804
385.5740145769,0.04375647481481337
383.76116130695675,-0.19233374686018578
363.13455606174176,-0.3166838089623525
368.2008561082311,-0.10967001399694709
379.5980977236024,-0.16638740014025188
356.11474742079173,-0.09471858446954684
365.3165391871557,-0.06170567767446755
328.1356080471579,-0.22938313787039988
328.1356080471579,0.12295981513227616
347.7764924559616,0.05572009345689821
347.9191593110851,-0.3318610068618
347.9191593110851,0.5698004398990406
350.20205466607575,0.3215897002297652
346.1046399021512,0.18379153610430876
316.42288641874313,-0.3211476615706488
359.01612219822806,0.19346725818081723
372.7859976923501,0.33081058197228685
333.79622126841804,-0.5867561430894739
344.2171497505369,0.18181660617347006
364.5563346190356,0.022365950705193427
355.7235997184237,-0.04255630888133055
380.63594338511507,0.01036453791562053
370.526711633454,-0.06612937924592188
386.2713044081265,0.0017904984676988533
382.72027866565736,-0.030218353105624374
352.654520536237,-0.5142016599769477
334.53684642276863,0.03658475203519629
346.39516763611994,-0.008555430782053008
324.3515369514832,-0.6220199789815979
324.3515369514832,0.5653915135601437
324.3515369514832,0.7382928482365969
341.4504148297035,0.5723327215262088
345.93960126656043,0.0030533964389860557
337.521294938108,-0.36905347223955687
345.4973820555053,0.003377618180479658
379.067550847981,-0.04351870970072014
379.067550847981,0.13028330204872418
361.6285930470341,-0.1316349572615536
352.01941008272166,0.31016097935025755
360.0083379464511,-0.19104583155262844
360.54093369472,0.06377440648248012
359.37135024915034,-0.04318376517665001
369.74982922145864,0.16982781176886874
375.3987001357742,0.0043650330178479635
347.6572127333936,-0.3637904282011277
352.1092139443413,0.205429239430714
385.032867858242,0.4434013313516516
364.7738376468456,-0.5361557664157317
350.60615368128265,0.009089477936299772
350.60615368128265,0.3092684012231075
344.51049694512807,0.0721506005286301
337.7376804388966,-0.14153802410146454
337.7376804388966,0.8842423015944405
337.2073120275903,0.11807919865805161
311.2059410700726,-0.1255488073604738
337.4034748792862,-0.28419519174303787
352.4654419827054,0.18741122897245077
364.50255206070904,0.5869971729714507
358.9191419535105,-0.13235352133278866
368.1505440680488,-0.4119247358803477
386.4952945515059,0.50685775943316
366.0058094570374,-0.17299996803126305
344.542526529632,-0.30970154712053954
344.7749641042948,0.3029623479771999
337.32497016100774,-0.1818015836545328
332.0450581431045,-0.268342414185895
332.0450581431045,0.6151265210326073
334.0308065991122,-0.21172659430487784
357.5231009517933,0.12246604694837515
351.7821792614385,-0.009909531281209638
352.2596057545565,0.13782590313587662
326.61159131491235,-0.25261122988877105
313.7053895534073,-0.1309524095188408
325.71044335380344,0.2104846158260898
325.48844065634427,-0.19717875644403193
335.76355538684976,0.10760369645686296
335.76355538684976,0.1666259347093728
337.9240560199909,0.03622295332979775
326.42097930004917,-0.02540535703394653
335.0647749513226,-0.17626061127907633
335.0647749513226,0.5937000597041333
321.76209735906997,0.23867334207830027
330.0246351769969,-0.18638079462584756
330.0246351769969,0.30045700433356615
350.27841987923847,0.15677786173739605
348.00860711629934,0.26403520969597594
329.3451717633726,-0.22490750888846378
349.42517859429887,-0.04430443980186283
358.55279471793665,0.07634784792753635
341.75930171725105,0.0066593381372968
348.82114831435126,0.10999248935138439
346.7579516815067,-0.21273633587452423
360.12724351801,0.23439485751225675
340.6676874791641,-0.033660205036767366
345.035341685015,0.040676692214674404
343.9273812103055,0.032130676217093423
343.9273812103055,0.1530922195183848
358.9296303834932,0.08137994470200738
376.0667475507772,-0.3165995754790174
399.4204225083731,0.030067110341406078
367.1223197913646,-0.208540566969873
385.2194655430646,0.055128629991941125
386.60353695334743,0.30490305371495197
367.2861680884683,-0.23120125337823083
368.09455675330105,0.03597562412994648
363.96194620853333,-0.23615033709484123
369.308684656177,0.7037319338054431
355.36889185488565,0.01011517379254201
355.36889185488565,0.3549708024792153
355.9670067205293,0.02472266833365211
357.5303471797667,-0.10215686359651954
366.58418014796365,-0.1563303482611218
366.58418014796365,0.13027728592874155
366.58418014796365,0.2768608353796935
332.1310395326491,-0.14034123849114621
323.33467833133005,0.13785890706390092
336.282482214249,0.30614686991737017
330.7814800960607,-0.22775984891825374
368.44074861147243,0.2595293660903053
374.93338046460264,0.3272471563319641
358.83110960958606,-0.29156318527157055
358.83110960958606,0.2429704939640942
361.14776623112834,-0.13071160810079618
341.73105401819333,-0.2511326859306564
350.0561652175996,-0.1263687579148609
350.0561652175996,0.29644911680520636
379.31927330570477,0.3984615878355271
349.14941124053365,-0.23183959222183148
369.86954084405454,0.4643538899564419
362.1880176576616,0.21033480985738606
362.1880176576616,0.2752612883726897
392.1295397996378,0.11072711315023298
341.5573780233626,-0.42221686498294275
352.6082642798483,-0.11748532066951611
342.54654448717105,0.16403034326765464
346.7094239795893,-0.39960008278126224
359.8828215493728,-0.012051412773530501
357.1640063922752,0.011456027567078308
376.49014216745513,0.08086199745389422
380.6688045573824,0.366199766655086
344.5140779078571,-0.6307927053004505
318.9879298414694,-0.3057880310815335
325.51629905323966,0.03261207159505375
344.3392300388774,0.02974944231596055
315.27847845357394,-0.40967447957507375
315.27847845357394,1.233535082974413
348.64147874162325,0.3886975432313875
349.3402698619521,0.17872157963415702
340.54187469838416,-0.020558602317578334
351.4806390169534,0.1920562782786419
339.2807957279307,-0.1493081832813914
344.7534482238831,0.039752437919332806
332.5940215539648,-0.2517199977568225
343.78201705414534,-0.09623480604818724
339.29190511899617,-0.25179145623462773
348.08407642594125,0.08345317832799992
344.6599911642482,-0.1467618304811822
355.9229547673273,0.23318468307206786
350.5538440842889,0.44970525872929556
342.2615018960212,-0.4831993051594736
342.2615018960212,0.9670069945476598
342.2615018960212,0.1731967587483041
333.6336818928973,0.01793811641277898
320.5533688445229,-0.09375846843977342
343.04061749513943,0.4258877541634547
321.2149628522595,-0.06200269710438988
325.5795806088989,0.19788068451748586
344.5917494701651,0.10811469335419588
344.5917494701651,0.39584363377412046
351.7255059393887,0.0859143748907627
353.52410639764287,-0.06665532071929192
358.66470464868956,0.009924283627810837
351.4922893575817,-0.09198058729953118
324.474014124786,-0.15882650048479263
323.28925492653855,-0.20338118257029691
353.30153296588225,0.3798682646793168
361.35270682388074,-0.06253134383791803
350.1671327097136,0.03853693654230028
350.1671327097136,0.5490088297935927
362.24678352488013,0.23147419007727876
377.6922975879816,0.08298942714884561
388.9439378113799,0.05073485143839207
353.7977300779802,-0.5549562396690817
353.7977300779802,0.5131036946180529
353.7977300779802,0.4366189966707452
351.09013784499405,0.22309131607698873
351.09013784499405,0.47223495187847675
346.9706939150481,0.023911690257250484
346.9706939150481,0.25756981600534345
334.2271634353261,-0.16355734090734586
347.55368591076115,0.41062990055024784
339.4347329325925,-0.20033898282497375
339.4347329325925,0.30973456956508016
337.7599459268581,-0.08495364764542046
337.7599459268581,0.38845485495346566
364.1103735832556,0.1347893401997453
365.17220961619984,0.12907797629236484
365.17220961619984,0.39320670276345027
389.79385604675144,0.32034454588369954
401.07380443934306,0.12191330363941688
368.90903775443957,-0.10760936750807559
376.02019568656397,0.08479547076376548
376.02019568656397,0.15364190591151328
399.898645063678,0.3153459951408877
381.3668774804499,-0.38762847285454427
360.85170974972146,-0.17394405917684708
367.19910546432936,-0.16552701903810885
349.69448222085236,-0.12701074295421222
358.1259183196222,-0.010848323575487484
329.70853116816465,-0.012771115798273058
346.3638578631282,0.04024924532041041
351.3109098153396,0.3415988859882191
358.3344429069175,-0.07880490359832493
354.7800250294537,-0.08688714998913838
338.6907566869873,-0.20641615787371848
355.9915262740124,0.01732707155895241
338.733709170147,-0.14416066602802857
319.9325798298191,-0.21824788021854147
293.7915250182971,-0.3205670772820213
323.16405517292037,0.30704787711511017
316.71403666798864,-0.24245195737830727
340.7909012865946,0.481540619901466
334.25211881646504,-0.2799534300796722
331.7768700880923,0.010763810324078804
345.09511536389056,0.1046627166459757
318.8428744924325,-0.2666431940573375
330.1475450943875,-0.1734987056100863
330.16517556176734,0.1986364394570046
363.7605887582036,0.5304006989922527
363.045498902261,-0.23402279731806175
354.4562987181959,-0.12428483769690502
368.22116025026963,0.36014362481182616
332.296461146036,-0.518215444728412
332.296461146036,0.4134536509512827
332.5863731430201,-0.24803504648946273
353.86726058155074,0.6283232389782825
325.242219899483,-0.4947135147536983
325.242219899483,0.35795300632662475
333.9638619336667,0.3118567515957693
341.3302415414509,0.31762102403035897
331.6524228875763,0.2832646651916093
327.1002179834132,-0.4419099907763666
336.4523870484373,-0.27650026403978245
336.4523870484373,0.4900956899432458
335.7381463452972,0.04833879949057973
349.7581502498572,0.23728471227047976
339.52911728466177,-0.5062009630651119
338.17837971361337,-0.16631213623304575
360.1612487922706,-0.009947291671778657
355.1557603118034,0.023265256686840985
336.0297334187529,0.07939849282001887
338.14268418477826,0.06372038938513924
326.6301241603998,-0.28058183679763715
326.6301241603998,0.8403212376349529
360.22782243882375,0.7700022654444183
365.1397696927988,-0.1262751519725498
332.32394317819507,-0.24919823162156263
334.7705706701497,-0.18077419947940143
358.98458212311715,0.2330811547672056
358.98458212311715,0.1409890332104169
331.5033616847459,0.07861183183604226
338.42797314071237,0.031331400487715655
330.1593600226097,-0.4688503704115874
330.1593600226097,0.3165428047689147
327.57264541135544,0.1721326696814458
349.0121659243471,0.22370554515373442
333.9383401350487,-0.33150020191396834
325.97805155963437,-0.18858601396550512
325.97805155963437,0.3737814741014063
325.97805155963437,0.6967050394052876
314.0422208740907,0.18476175146929563
314.0422208740907,0.39334652659329095
324.6432466435579,-0.07043414276881776
324.6432466435579,0.13546027430663798
344.9109232512181,-0.036546098014014206
334.1172223274237,0.15644267638208476
320.4734405901342,-0.20314939505624352
327.9862109706305,0.08254549805337774
322.00640533171185,-0.1302140886430152
339.7887183171208,0.32810892671693637
354.647965175915,0.05106190877654626
363.80893935330755,0.1443621458532789
337.1150655641015,-0.3421018491637824
337.1150655641015,0.3021277773721067
358.1751864251227,0.11793894700656438
344.268116843534,0.03487324178195195
368.4912189493767,0.2792630582905531
357.41823421982116,-0.46554553082228267
357.41823421982116,0.45009043312359154
357.41823421982116,0.21496676341450893
352.43798518230795,-0.30867245376816754
320.04666692078604,-0.1663579396025625
320.04666692078604,0.25553010972259926
309.0254398068985,0.15263964031350952
308.9566605666892,-0.023182696464459696
318.42850051814884,-0.29950759964117424
318.42850051814884,0.29660690110063115
318.42850051814884,0.32971195277968945
318.42850051814884,0.7267305336563368
335.9281593841683,0.41375878940948496
340.4011097740076,0.022996730825980194
332.6423934654711,-0.16923980637875502
341.82638048532914,-0.054228516115699676
341.82638048532914,0.19987612573129354
376.4526337165437,0.2558286114663133
361.64765637612317,0.06794310058523934
344.0277839592859,-0.2602238132335515
335.171080409079,-0.32732454151721413
323.23812872486565,0.069614513192505
297.6007700324442,-0.009534297947311643
319.2572179167127,0.13312646172516907
319.2572179167127,0.3980688930849965
343.19646249560327,0.17712861834797877
365.611554892939,0.13732309903582518
382.39321037766103,0.2948447881166203
378.3704017546985,-0.39168631659640596
388.55953395529724,0.25079104965209353
371.8465261068584,-0.20554250339193914
365.1710554086956,-0.16522228414714846
372.5145759759637,-0.056432721642863726
373.28222853555843,-0.0658051288560273
375.92259088904274,-0.1178497641390095
371.9846561203282,0.3049483774523196
371.29478833836635,-0.384643936887187
358.47231490570573,0.07268305292586774
366.8565925208497,-0.01067435892332469
377.0050694496014,0.10970368464290914
341.9091587423445,-0.2326709045281632
352.203517115009,0.38777855800105954
345.3452981141021,-0.06723758342752717
370.00384098342494,-0.09200934685895845
349.97954360115904,-0.12026352279008279
362.26156798694956,0.3479682277416032
363.81149750534934,-0.2196810948772736
344.3209485391277,-0.16831584905787622
357.93660565751026,0.07099540198692011
357.93660565751026,0.02954537812718172
357.05503297144156,0.01980128129798686
386.1720370986182,0.19136931844514038
380.02255042859207,0.0324105862137003
365.70911716090757,0.11920279853075044
386.9927475115138,0.6746971195780134
362.56565460889965,-0.5600953829701893
354.6035326951251,-0.1447847241997806
335.09407615111843,0.030301986418180604
322.65851707888805,-0.22956203443163758
330.1122599458832,-0.3807238900745915
333.96801768210946,0.42190622804218947
325.8855379874801,-0.233980689316013
320.3938866264145,0.058307915557861634
318.51762366630106,-0.1143273615786029
318.51762366630106,0.14114490653332723
318.51762366630106,0.3468471869349514
318.51762366630106,0.4058039599010499
318.51762366630106,0.5091390948180106
315.9256966162478,0.3185007783368974
330.1732409287463,0.2049253465735319
351.1314417692196,0.3418923999809067
350.6515836282334,-0.08960149027507214
350.6515836282334,0.1437309133675626
351.8726903516188,-0.15077340089385416
351.8726903516188,0.38246592527696066
311.2033026055121,-0.4866669968117776
355.3852659271785,0.363396625610676
369.67592576224104,0.25107932953471845
377.00337133200134,-0.33361886487864467
366.4431494633646,0.13552849456687
365.5005076411445,-0.17501283670821977
365.5005076411445,0.29145486618108407
365.5005076411445,0.3176807583892014
390.642119466498,0.5006273417654938
368.979170440193,-0.27562430283660433
330.5729790119696,-0.6897279524084752
330.5729790119696,0.7586936167922431
329.99395079296124,0.09364582636078467
340.7135655269861,-0.08879133159075536
353.920839362965,-0.052320339352604606
350.3729004291666,-0.04505273475933791
342.3259517666404,-0.07538900723307052
346.2950125244451,-0.011187840954448802
386.81605458578895,0.6266552149893414
343.4968675203668,-0.712686367204924
340.03063328958325,-0.047211945484718854
340.2585489090775,-0.044566318430725005
362.2355594290955,0.11989218659709877
352.7342210501093,-0.15390767680821682
319.32817326340216,-0.15498830116177942
318.5635361537364,-0.2594978817895708
313.47160246321886,0.13615034701115292
313.47160246321886,0.6157994618237126
355.5933247564647,0.09500405277708523
341.349123336852,-0.10786495312027
352.8726209286105,0.544730029630955
324.22904064856345,-0.35700908742364845
326.259114238903,0.002102393980862871
326.259114238903,0.6496083212211943
321.53804172465493,-0.12387558502916818
309.1114656337715,-0.08501636969560877
309.1114656337715,0.2518961554537782
323.8808997990114,0.22697192893087959
315.48457754356997,-0.2969424336091606
315.48457754356997,0.5888404562493861
336.19806106085514,0.027509912434311445
324.5500007379924,0.17817529636067775
324.5500007379924,0.34372130614701746
349.8178749120989,0.5030490070333826
319.8517277503624,-0.7950003170128639
319.8517277503624,0.24201174206518772
337.32345503207773,0.275703445188924
347.6422416412641,-0.20158202193704255
351.68186595741867,0.013751902711419461
381.4420822158502,0.3066224661247361
359.68132256083317,-0.24698304043522512
337.74415445239885,-0.16368351945311588
337.74415445239885,0.5055262313455842
343.9982559223067,-0.07588924012600273
343.9982559223067,0.3881582885686612
353.9627812981749,0.19340563838920843
348.82866080002617,-0.46054256437503227
346.94333865582627,-0.05894315103864756
325.33372423295776,-0.4774944031310042
307.75993806709187,-0.2125069950636771
307.75993806709187,0.6744444190112517
307.75993806709187,0.5706059899562206
325.6424781057724,0.3990754133297969
325.6424781057724,0.12541037878077077
334.07417102404855,-0.2921596357839462
343.2579771193793,0.23601193583795066
332.0592337939634,-0.450262328170993
355.1196392777733,0.45512297774007493
355.1196392777733,0.23407945059909707
344.72409963744775,-0.15108807070748753
307.8252986095454,-0.6664209403517134
301.6557440140196,-0.02408222879978439
301.6557440140196,0.6072824597492854
289.8415369877325,0.09142210690356478
268.7193363995007,-0.4376736607348448
312.1268119891492,0.8182840022059281
339.2753963479818,0.2228865713882442
328.6979735276209,-0.5151668681205592
330.4429285363189,-0.21627101449325892
327.31199181922864,-0.006230248595670673
329.2104352105437,0.2137528668253026
326.1863056606762,-0.004377485387180968
346.51901994680253,0.29762773484094396
342.108023396806,-0.33553437604859937
332.29117408727114,0.09902595500830103
348.55471683345576,0.11658134341166715
344.8382763326101,-0.35935215491417694
361.7837144509871,0.5836392856452903
346.0958192752782,-0.05310050782827602
367.38034458745653,-0.13947039731135646
374.4216365569186,-0.007859137954255857
345.7867835771998,-0.35027265750204606
369.2954719517951,0.4549049037223085
393.91935948206276,0.37155447398652086
375.51646009862407,-0.38202936771233453
400.341366138889,0.36302062825427583
384.44669493844293,-0.021366318562172637
357.9258420407739,-0.4339031614791793
351.19816458368723,-0.06735694072085607
351.19816458368723,0.27019968741240064
346.96758497654906,0.014038036956662836
359.6761439614387,0.14393102595352048
375.451527870985,0.39750255962474057
355.81596583714787,-0.17997681889323758
373.44197510874943,0.05298279666499184
358.07195472333046,0.06934519379365156
330.84194078503145,-0.35320793989649246
340.7052277664922,-0.20604322216786386
352.72192104424613,0.36640664460458083
344.18647871760754,-0.08094788949119902
344.18647871760754,0.27818279574626104
358.18533831013434,0.5579125232499109
351.7115306041513,-0.13311021231481845
361.42024088974256,0.11940206740473513
332.62087454508185,-0.46962420623560774
321.01009141481507,-0.2841774554648282
317.60230220573936,-0.24139107150642758
324.04628054134156,0.35184517766333556
319.29601400166376,0.040434676318909624
332.1707739814214,-0.36386663535574826
356.4114083388759,0.27105867186401156
360.9763147804128,0.15061130778303777
354.52632371691436,-0.07889940601762646
352.45519507283666,-0.6625022260664082
339.1701088160645,0.02232630552964565
330.7391916796166,-0.15846928290648066
318.27248099487224,-0.23477480387009564
333.2924383049794,0.27996310988658024
339.2701422373405,0.07549614580943853
371.0154485758732,0.5143281124834402
374.82778683385027,-0.0629707642684707
379.10082432956966,0.35935742989761366
335.9749862918344,-0.5229590222580782
335.9749862918344,0.4054726158709627
335.9749862918344,0.6724649350810523
364.8910963443165,0.6929868953868663
349.28121138496795,-0.7028230699995675
343.5451542852517,-0.17509074738245545
384.5137486855567,1.0152485464416259
367.2661760326029,-0.7132606092945935
361.6342263219431,-0.024379874687951997
372.45890931133107,0.15690068364983745
356.9408298240265,0.1218766400320419
372.46121404149596,-0.11743151080247571
379.93543068932206,-0.0019426206678190283
363.1065634528539,-0.07755784384448816
348.23756536085875,-0.540249165563182
375.1551796927559,0.21976836055478088
372.53497563666065,-0.04231528771299509
347.7108796252562,0.015885858278352316
357.49643248231837,-0.1439617754062965
381.84266680344456,-0.08523464234428957
369.26166969266785,0.35678982337640264
373.7316710501398,-0.11513424034524178
368.1508903092154,-0.17200958281955536
374.05250792020826,0.11368081770262961
351.2328848793224,-0.41706030548107265
351.2328848793224,0.4624130501704258
366.1716891696761,-0.12976186690980285
349.0281647084304,-0.1956725818679388
334.5240367637677,0.19708438799011674
338.0799173444442,0.4436396492321819
329.3106286332772,0.0523373000163474
347.2218838777539,-0.08818015061945061
330.9574550157488,0.014525997459145401
338.18562497537073,0.06140505571090671
337.51802673507314,0.23652387996014568
326.7291386016474,-0.2715663443558469
326.7291386016474,0.6201807869771301
343.2231921996553,0.14559138314575648
315.2185033020167,-0.4958106453266282
318.31507319257315,-0.11688667120188256
318.31507319257315,0.0855559746560175
323.7890071419085,0.2705290842213799
323.7890071419085,0.5655817448684957
321.97802180579606,0.09764413770039937
327.2115910620387,-0.006934734227456829
331.0929012210837,0.2298078688664873
344.17442610723185,0.24520318976669842
341.1743218507245,-0.1496393444649584
316.3864326090668,-0.26656882178281194
316.3864326090668,0.6263300348438179
380.25821562954906,0.7667224932984027
355.70354733409454,-0.299893360895112
355.70354733409454,0.6079611517488956
360.2471280795051,0.29323538935591387
357.4131610687282,0.06289454159411889
353.25839370642535,-0.29809660098794666
350.89245085490035,0.0528509085670521
347.81119942047025,-0.10631791484604491
370.84384610879374,0.33249445585965987
374.1179203849561,0.10878277510835233
363.27503986258563,-0.024986302092315782
354.94961209031425,-0.14893217410485704
338.86105551383906,-0.014731085622543105
351.7757698756762,-0.14014532682836034
365.126155010057,0.5765984879240023
357.4935719353824,0.010696097851450759
335.7818657068919,-0.4514431909660743
359.6387698385446,0.39836868125325964
331.3015314955357,-0.5761573864219827
331.3015314955357,0.2456779141326706
339.64729811435024,0.09247045499637352
358.44956728111816,0.5497458151394312
368.92097860457164,0.1652389870512252
371.8682048921433,0.08341919633255657
362.06885020556103,-0.2105327498297811
327.0935373513078,-0.6679784640980415
333.97160280128395,0.13862385734660165
352.03745424683086,0.44088153037512257
350.72398687002317,-0.1347742697821559
343.1136913454804,0.051747615511658296
335.31154282340907,-0.07130028138840316
318.54342092808025,0.16431209644406408
326.70431749111367,-0.013775582513062545
338.1284722502932,0.01823871492638318
338.1284722502932,0.5664867019509074
313.7065761488279,-0.594723258988779
339.8582170122354,0.28433725087882067
379.55524257725966,0.43804750018330196
345.741579105982,-0.1301128783271679
345.741579105982,0.8082885796408164
326.3415892770666,-0.0769945625179389
339.55280825565893,0.30192771104316307
341.8405420566393,-0.2406619336775293
343.92379531362513,-0.18908960565477173
326.3394459267366,-0.06148938452361108
326.3394459267366,0.062311858360317274
320.6648771460343,-0.40594562413298263
298.76876743411617,-0.41420250731118813
349.87117310587524,0.5110341132465237
342.6924028207255,-0.03276874289826992
361.72250222604026,0.06445342549363886
339.7200502714085,-0.3253480111618501
342.07454920931514,-0.0829147626343456
366.82388856415736,0.4952855353947143
338.27623988440376,0.016551243014873762
334.64652371475154,-0.10415343547845168
345.90516344797135,-0.023603716064826585
385.92893266492234,0.5809105095129325
342.9049873547066,-0.676022566333927
374.76338810173235,-0.037599062005483574
368.1573287131769,0.17148175286797596
320.00828561042016,-0.8877529157989557
346.5882463171744,0.22141046851584179
322.155619028583,-0.322188932030258
332.5091870264611,0.40809967721042995
360.8813283415273,0.22460059508648555
346.3801810364825,-0.19722678620814804
332.4176791521521,-0.08261854198963192
324.7911735397244,-0.3638044672353544
333.7496861472084,-0.2205263506158417
333.7496861472084,0.20898226397264352
365.6629267480158,0.715770284288169
376.9703424933391,-0.09122753521535287
354.9094532436036,-0.06970315307285091
338.2933607612489,-0.2110258179570792
321.8566483420413,-0.655574810927078
331.11379615989426,0.1034094612239187
351.3234678435812,0.26872932375113123
341.25530585646624,-0.30143750630759314
343.95468445940065,0.1937374002143315
332.8638532417316,-0.3855773941843381
340.4098975237493,-0.22704010427150934
346.2703452456796,-0.13104564432615007
341.1878953030102,0.24568515550151915
367.0812064031092,0.353878436140576
328.53768978667847,-0.507657617596351
350.6846383293991,0.17774487464134836
372.4338712718668,0.11885056369578706
341.7191775660732,-0.5830186422408588
341.3027045697409,0.05293415176208782
346.3078883896291,-0.03995788485940466
383.6596529511931,0.14374771880420667
350.54340332496344,-0.6391426031231049
350.54340332496344,0.2750748436139929
350.4516307329233,-0.054742816495718216
372.9327959235811,0.2962382348451911
363.46495772894133,-0.31603873094820756
363.46495772894133,0.1883187865698801
363.46495772894133,0.3667788688086375
361.32624628901766,0.07756176122529723
369.00100365880525,-0.25780029838279006
344.599794375766,-0.4333501346943649
321.95032722824453,-0.32940319663941864
332.3438893845462,0.4698457022711864
361.4133528664379,0.5603735700866537
351.6258241773868,-0.6337376042797587
357.60282991915136,0.36394110404830826
340.29321744241383,-0.7487038237404704
346.56707638208866,0.1590433890900158
331.04864671805416,-0.2679308402243805
322.2981831730526,0.16923959840357838
320.23525945051085,0.11016853633714163
320.23525945051085,0.4173075098624395
325.5699573986879,0.07223419186675528
324.7309281192191,0.3364563970967538
308.16551973117276,-0.29181180007697094
316.1235615673476,0.38649047283388427
299.47505063576,-0.31613375883932804
303.5447356944841,-0.10814109095485946
313.013346683034,0.430278272594137
311.5251988106172,-0.06652854269964337
337.3292497161403,0.35502019495834247
337.3292497161403,0.42039336522793747
347.95779434666196,0.517382949141961
335.7886752752958,-0.3713051237723448
350.07486300308085,-0.05203146671851755
367.0279609522289,0.3048885036023421
370.9037306316776,-0.08904587987217383
342.4463878643797,-0.40927111208452516
366.9423145302862,0.40213674964343227
366.6486532121774,-0.15456090990790017
357.74728315140464,0.09363299975450445
320.430274216056,-0.6625938597093182
320.430274216056,0.4961234614897876
353.7546919937297,0.3233174285525138
356.2759389799389,0.218866384714147
354.263406173126,-0.1623163447115985
354.263406173126,0.227182117716211
340.6345940910244,0.2398941063224811
339.94328494193326,-0.3276942967065679
340.8174542437767,0.1335501318964134
350.04034538897554,-0.13024722733609906
349.9860542915787,0.16974651810369323
342.9796171609646,-0.1546642526582218
349.469583917594,0.23933319428067534
340.18699257269486,-0.31881202120325725
340.18699257269486,0.24782441237925923
340.18699257269486,0.44797737603789756
375.9772603138468,0.38193571647741464
351.83663541059093,-0.28238670557777823
342.1045187328781,0.07625637553201159
367.60753785399316,0.22411997668791628
361.44390081430214,-0.2677321378398574
363.3149991065567,-0.0490177318285987
363.3149991065567,0.14489238692590334
361.87608010424196,-0.03599359962493054
383.3905443640744,-0.07961812487269526
383.3905443640744,0.5150422881074519
389.4043091655577,0.013479270587026804
387.16894247048515,-0.06145893369205169
402.6134356308032,0.254088316024081
360.37147718119644,-0.6286513414869432
339.0557861137832,-0.05462441181384747
338.83738170085115,0.04077090443547604
369.4464655378385,0.43560206823235603
364.6379496824209,-0.1717490624240554
341.61556854281235,-0.36931752894872716
341.61556854281235,0.21182491009835758
344.4804774353396,0.3173933459078171
368.8246422034995,0.06578295172550952
381.14147498520373,0.29512832751856877
398.1108123311819,0.2108236706135358
374.25765257785076,-0.25542331871133683
328.69494519451456,-0.6022259890347641
331.1287633492703,-0.30396579298167126
331.1287633492703,0.29949119905688804
331.1287633492703,0.3245987528110845
330.32973887289023,0.31652002306213944
330.32973887289023,0.2546467162502495
337.62474394212984,0.05395120021762523
338.9150213807323,-0.24985913908165003
351.8750969815545,0.540933069703442
384.2622416760114,0.7804276654969726
366.318767336071,-0.47847608538427266
368.15904102338544,0.30348145564857987
394.0922252163749,0.3502211410923337
351.3622780448266,-0.5380083640645807
338.58222812360424,-0.0019050264843372133
336.6367114953282,-0.09471472442237427
331.59839841036245,0.19166972899427037
369.198303652428,0.03715211078338143
328.70633338041233,-0.44676508477743937
328.70633338041233,0.8267661482561834
336.4225351452533,0.22420052210759422
324.915017527132,-0.3878932235801358
330.1310719460185,0.08546994430548693
346.55041431728415,0.29055164393469113
335.2067364428382,-0.09271285761928993
313.09532791752576,-0.5550949147550455
293.08242955462,-0.317552696150301
312.0523723825858,0.30142063314167444
305.4841309362301,-0.24411027742974056
305.4841309362301,0.5133225213294281
315.08246785452695,-0.13181881381422045
315.08246785452695,0.11658386706335477
321.0111809406495,0.4449558203525612
321.0111809406495,0.25165477367966105
323.4747332186184,-0.3312644999314216
314.3048464768111,0.01640123082552236
323.0200182780334,0.3050953804419123
340.91865672540496,0.30800944847612755
316.5523442260522,-0.8632211393249918
337.53254415940233,0.34015185049474894
328.40699382427533,-0.13328966274764298
344.0119904910627,0.20679552320848416
363.10063343471984,0.22339659657336597
338.99420372719834,0.21495080363399666
355.5863261016233,0.08442461173626725
345.40109592034884,0.014806633960688487
382.68632213304494,0.22301144997754818
411.09044783773606,0.4788192407139604
424.5429847046911,0.182472895669207
411.3499179787362,-0.3554713236047746
395.1815445199285,-0.45495075873191126
381.2926055109884,-0.29757178682041285
360.0588134679931,0.14187273878224005
356.74816758794776,-0.21005241825048415
359.88028313445204,-0.13620049216331154
359.88028313445204,0.1870432173603831
394.7836804193184,0.4171790535465334
398.2897124138097,0.08380520243122191
388.1067709824746,-0.05183804894761579
392.95523430922543,0.05973086373080605
366.9368646692859,-0.29502220700362614
365.07140320044874,-0.11544766283600438
363.87416766471625,-0.3313535523069504
353.71876616578686,0.4330848400988998
350.3725506166849,-0.22487701596492116
338.75211660627355,-0.029061031032597384
356.4779731329657,0.07881878502143991
319.39701913586265,-0.609539727221545
344.6947743368754,0.2799023831485101
365.2215874710956,0.143435768323684
374.4089045326336,-0.1059564038806684
375.2492545124545,-0.22026944747722155
375.2492545124545,0.2110901074991034
382.9911727354065,0.498607373835398
350.295121858666,-0.44587338171254487
343.63727183101474,0.04398537312511053
354.6438660666647,0.17508662946227105
355.64828009358047,0.18466954162977345
378.35196759111824,0.6252044837610811
379.43323170005004,-0.35873761077482413
356.4778612537231,-0.2839145951102182
358.07616386010113,-0.007429648776223985
346.320368920115,-0.04499952925834805
363.4668012626879,0.021218372556063514
366.5330562865025,-0.11721664208312177
357.87424008644774,-0.17671538121896901
330.82293757869377,-0.2991765274897489
360.66587197474917,0.26330922539239054
367.6329189095381,0.19182635321999442
372.43469236080995,-0.3208435599740369
372.43469236080995,0.8374421434831447
346.34297219522955,-0.12031083365457107
346.34297219522955,0.11926449454927024
335.4384102310438,-0.07126443917229608
335.4384102310438,0.09149299555394919
363.91977352071063,0.4772437892779635
342.2206587472298,-0.1545490429516576
340.2169910729277,-0.1461738590933237
350.7122754227489,-0.07357040461135966
366.6922799117883,-0.26509201514124925
369.15785982482794,-0.12365498202325398
369.15785982482794,0.44366423133965327
369.15785982482794,0.0338719880262488
369.15785982482794,0.1812992808791023
352.95608962987893,-0.4494220134745319
370.26922156694667,0.2123025824803335
366.4635084768034,-0.15184747566115675
351.96637614487025,0.4029707454349136
344.57392022204687,0.270272992050991
343.7133460601604,-0.2505034654800511
339.9567382911258,-0.10624794915952407
336.0799354810259,0.07809102785620325
334.64296883692833,-0.09988438795141974
355.9756015739842,0.09660506027955762
356.5821619408989,0.029559351164266445
356.5821619408989,0.409408218346357
342.7175087499663,-0.32848876399498295
351.0944853444091,0.12824334188110242
344.7225172024062,-0.12107015639332985
349.17088744138726,0.0156499837788715
344.45548089523385,-0.04987470013395523
344.45548089523385,0.2991744722301064
351.5038427302198,0.005890690858450398
347.4263066184628,-0.006569530130946077
347.4263066184628,0.22155925741003557
337.783929650101,-0.15129611040174495
340.26735362676806,0.3240515648683413
327.4694957402277,-0.1654994988305134
347.8661807880754,0.02455875889404524
338.5232465276557,-0.09768549202340182
330.31529353072784,-0.33622724815325
329.4299004633925,-0.042879777817233844
329.4299004633925,0.32705295876371565
338.46046752292295,0.24820965361243452
336.75294523216775,-0.37547794773286114
380.77866950424186,0.6930217768981493
348.52183461609405,-0.27325738360036667
337.3435834770119,0.20718987760847085
331.20641220320397,-0.28203516250778193
349.2476251733317,0.0015849532057927718
351.0961482737733,0.10169121466333308
325.17390413190776,-0.4742698729410222
354.8888211685899,0.40789288649341415
354.8888211685899,0.27807714804407624
325.9583783444983,-0.27133179559871223
320.81539375717284,-0.47617700086482273
310.4492282386765,0.02034948503205669
310.4492282386765,0.9249821000121301
337.59360500920144,0.05053505225589561
368.7906014639523,0.3754822222892926
328.7922145909673,-0.6951837258934574
365.2689644431385,0.2936278186613208
349.58857569608523,0.032570906920454945
336.52032350442676,-0.5984285122617621
332.57626192068733,0.15750447015625468
335.3808612837229,0.3785906030204842
296.13644216897666,-0.4388519154005053
319.82178142147393,-0.047986091049779134
319.82178142147393,0.5040362123144178
319.82178142147393,0.9175116874497462
319.82178142147393,1.0272578879078083
319.82178142147393,0.5761254585336246
319.82178142147393,0.5248479732609894
320.8450620008617,0.2113885232706707
352.08401344141976,0.5889294817949349
339.20654263789993,0.03985034231220652
373.56182321124754,0.3507579968502341
389.3905338000728,-0.061879518547584667
357.14981795225225,-0.05696150723815663
359.4645118094513,-0.14232481079341142
348.7561048776112,-0.07874205997268291
381.2456092247436,1.202930287633876
390.4006046447091,-0.2757701935778414
390.4006046447091,0.26851678906973575
370.0900421124897,0.22756190026836975
356.3990553370427,-0.5621652143345273
337.73150121262375,-0.2945206884913887
338.6990657215382,0.06361868705380402
346.7093587538595,0.22514974542741584
333.26913664776373,-0.273557936315342
339.5658079101014,0.10034933866609208
370.72527374466637,0.3883274030929442
373.6474588865125,-0.046833361734570644
376.44999145809106,-0.15801154115285954
352.573240600334,-0.09838166793633718
347.2805211317485,-0.3143966519617152
357.0193721257439,-0.25450929238809294
350.2063438100006,0.010058018659719892
343.64499106842834,-0.1625368305609527
371.6030229485382,0.49714189472695125
390.0649646424642,0.13010363024488925
343.21856123751,-0.9902517327283249
366.0130827354281,0.45450961793790157
355.5857618138998,-0.11159595651872678
341.74797361051355,-0.3190954040152292
334.9786077746582,0.12350002853781916
334.9786077746582,0.47826920299348785
333.3193014682817,0.08927748049040929
324.2580044097833,-0.3387412866809427
323.42831631197254,-0.5393357758122193
359.53840740801616,0.4328248688320855
356.4508687945332,0.0595899363800072
358.95962634194086,-0.12699872384098398
387.1654190200045,0.584946380311635
350.08045957801306,-0.3124536518712375
383.29141410802936,0.17753111715967407
323.1389611317737,-0.5499297941430541
320.685137717028,-0.23856833130560062
308.96799500309663,0.09640371624823274
308.5458178358819,-0.1859127767983182
340.11166089365145,0.09848152357994877
340.11166089365145,0.12870897535322
335.8973329920816,0.14602245391074575
335.8973329920816,0.45567847224901925
343.8458058236124,0.18139762267151127
343.8458058236124,0.2558795135545324
352.05860605147853,-0.05451807559734334
339.6188363754526,-0.11703193118262334
359.8743741954141,0.05156923755805565
366.36002064233304,-0.043705732677267406
374.11103567566727,0.13080430289255673
391.0455568997243,0.17383611165917046
379.3324295092497,-0.5478014536943192
340.9540518694165,-0.1280389245666811
349.47510531728955,-0.033870799014607655
317.45795022777395,-0.39413959989610703
338.31728213513895,0.2569851537540444
323.71452062687945,-0.6007743510920136
347.6391339418558,0.5557152677175736
352.7347358549784,-0.12536719842296407
353.7668664112219,0.010743595141548212
314.2077999796584,-0.4170005608618794
323.02447786398363,0.2849812803997338
340.7928474743553,0.19595563029724872
390.83075712779,0.7174830404983368
339.08496120276476,-0.48969983785548266
337.66105237014693,-0.20111070941698017
360.24277939496085,0.39191361545670134
360.93652926473607,-0.13166910858421943
332.652104386075,-0.37708973186738604
350.70485150222316,0.6442924973763411
343.7446045522223,-0.24206819211019592
345.6450050172556,-0.12865911155267895
302.3370120957888,-0.36773256608762495
308.21415609108345,0.03379371808978249
321.9044788777716,-0.0879363618954585
309.92961851514565,-0.17340802534067734
332.1039481488229,0.3604402017446091
332.1039481488229,0.23675889938840555
314.963987235321,-0.07172999531780988
334.88579778675364,-0.04170209111703116
342.83777503372465,0.07185417733069244
336.3668700286424,-0.11784268155008704
361.4862557332005,0.12294931261430975
355.62975978636985,-0.12701037453155095
347.3531935658345,-0.2479225678447392
353.74302650471685,0.19388165640134503
343.68702494480584,-0.18124700877865507
341.1702871888072,0.04264296751875918
358.90899340095046,0.12313970329762469
358.90899340095046,0.5382070432686987
358.90899340095046,0.3334654412471991
361.05502552789216,0.31273945982138684
335.42996840358705,-0.07979617288401641
327.5283665901728,-0.3596785320453364
327.83371022223935,0.11569944744871918
311.25355427780164,-0.30335924969472217
324.14094523154677,0.3594812050893097
328.07667959930984,-0.18781018811796457
307.85322913694444,-0.25451162692854723
289.6223134050579,-0.11376442849882551
289.6223134050579,0.7462536343280135
313.5069530639747,0.4055574654796601
324.9921772649826,0.2351780894150579
340.2890037834767,0.39325324446758714
334.2572247397275,-0.1986155400319376
369.4091197850874,-0.13119905488633776
350.5848409062411,0.012485485148545195
346.5719856852877,-0.10102551314014363
310.90244852839794,-0.35887102008052807
335.70433428738227,0.37726852452863113
366.8709751406083,0.04182882124518983
330.57944707694685,-0.324691149679893
366.04568033488914,0.14639640288942246
358.5744868971566,0.029268962714809277
347.9594590436726,-0.008523793184849637
347.9594590436726,0.7376888933749797
386.934393630459,0.5712029771923426
347.5882873078168,-0.258225522348539
333.4298760520348,-0.4615483668713978
316.5311769975786,-0.03441128718577602
333.3559433096236,-0.019992661997548566
354.1766247961664,-0.03278624664642393
384.5289382707908,0.1304951373331278
381.01850195629555,0.051526587012972414
344.89746712392184,-0.299964349226002
353.95449658426287,0.49003085675485636
342.3683422611492,-0.26261851134404424
336.4897170316738,0.011337044932020035
327.3193083006283,-0.10150362009323999
344.88197921963354,0.3374167869726534
358.5238840274455,0.3283164501427791
338.5055429150935,-0.10892680771075902
332.10768647183,-0.6270692021436162
337.2088878071563,-0.10422531218318909
354.27816638974406,0.2355083462738321
354.27816638974406,0.3268222660497031
354.27816638974406,0.5803207732612918
360.8368515697014,0.23076601410366493
360.8368515697014,0.0973669922004774
358.7910164527352,0.18667034819441142
312.59912467176156,-0.9314826850356894
376.2462433938147,0.7199926021654619
356.6532219479278,-0.4307691102787885
354.40168076694516,-0.12262605632304258
368.95215558753756,-0.03564570062428629
369.1522927718481,0.3365258333235488
382.9704022010849,0.25955368562142667
379.3717754784785,-0.23252210137331986
367.0962119149627,-0.13969990010434685
369.262825711719,0.26589702732007936
364.0537294537175,-0.11664959324775737
363.601454448771,0.0077590850892192975
363.601454448771,0.44564436646396643
355.7756437186672,-0.005150718735990267
382.919233222415,0.12626858952137354
377.8898767776624,-0.24351530935848587
377.8898767776624,0.2779576806815385
400.18353081200837,0.39574736011525147
387.2517418869427,-0.07351303060806913
351.7646397050249,-0.5705640801777463
354.5881553249893,0.07747208563273489
373.8645886778149,0.27315225358415773
379.0987659944046,-0.034061043418773806
356.4672789113896,-0.5931819515831194
337.56392058105325,-0.02776306786574878
325.3826167356993,-0.36100396088124853
360.78768730589275,0.6023276541915266
365.24980148207607,-0.3140012585762406
340.6261625959206,0.20094943242293084
360.428645145431,0.13761149905337788
360.428645145431,0.13976092761674863
352.58762520362063,0.2848094470922433
361.68084209764856,-0.260316578144284
324.887971832839,-0.35782204931706474
366.19535289224115,0.7387638238590171
319.4437408187891,-0.8192485773643057
334.5062268125333,0.38202734313267683
334.5062268125333,0.6469103646354597
346.171539279346,0.28452279116299906
387.09082517947286,0.2987915558901477
387.8870033817942,0.1335150677563206
401.6905514410129,0.5232241126725512
384.16599368069956,-0.35256613427918637
367.0528446401502,-0.2352928410405184
355.37019412248685,0.0356029964989375
342.93646006368107,-0.21216079078510575
345.51030349701307,-0.1617718244955313
359.9572722565222,0.06587889905074462
331.9342723929156,-0.3163975982542979
353.337070876453,0.27044507434493426
388.08433835119973,0.282602295139327
339.0309565071517,-1.1152417164856843
339.0309565071517,0.8008955383172633
351.20583077346834,0.14574648820291713
351.20583077346834,0.2477594781547623
349.4228607832812,-0.053185253902142904
350.23704341990486,0.04525262961874432
358.4643294660161,-0.14684101136549543
375.49122956455227,0.6241228188420109
362.04843786047275,-0.5506989756195253
340.3200849947085,-0.10483200266355652
326.879613182218,-0.18703602196217162
320.74984710259724,-0.3741580050243556
320.74984710259724,0.33736831279486523
320.74984710259724,0.4246613342029377
365.04969544615756,0.6548574567369769
348.58168508962274,0.12864801164550954
364.49599180280194,0.2853432718585509
364.011274262211,-0.13665250780354654
349.2731982139189,-0.07654116218782292
349.26991292148574,-0.09760508243823551
343.43113652908914,-0.2974227751532226
353.1322761902011,-0.01538694813029906
352.1250145948798,0.23134457763910632
334.19266264435896,0.03922240347424122
349.91923798932015,0.14435538475026988
352.26056177227326,0.03775899084007506
354.44696330915673,-0.10010803486579789
328.39381406291926,-0.5667567862900569
330.74975139436884,0.07124898065148955
333.11812256477333,0.33306342035893977
311.8178812963714,-0.5865570999260399
332.2026979817873,0.24871622249315806
360.520263491229,0.5629894482596001
363.6214103716934,-0.03326527958222414
376.2899794560292,0.261800013371726
347.1959907520503,-0.4342704244043034
347.1959907520503,0.8520274357390463
339.74891593830654,0.114152362886216
339.74891593830654,0.8366330809567444
364.6051655630644,0.4306081785146034
379.5866343493288,-0.039083479055534553
359.2183630177957,0.13828426094494262
361.03051453423905,-0.06282665453284153
358.4155632424898,-0.0068124087458727445
368.36986609206156,0.028216375892952783
359.8630567966253,-0.16374646859412678
355.60889759222204,0.09207953325642393
354.6770674680991,-0.008749534150979343
388.64442142195753,0.1868384502434992
409.090657333793,0.29048396338487237
359.81423546906035,-0.4601770486905252
371.8166819561321,0.6180406574502513
355.24630703895235,-0.5876903970088279
368.18011544370444,-0.3884332181830814
348.0126344042285,0.11462060227893289
334.0596775107425,-0.2607870801413128
325.5504630930962,0.04297999896573401
341.1155899590451,0.20331428154122477
341.1155899590451,0.3584045010176169
335.44729160881076,-0.25482980235597097
378.3537043947773,0.9735840987762003
371.8957582266633,-0.3935305762710186
363.28322092372633,0.004408293445067102
337.5754620258726,-0.16969245736777339
337.5754620258726,0.2130617531504413
360.5017513331311,0.3775770961242415
351.94850351494676,-0.26410199766894493
348.59379919257856,0.14839407838314855
362.77058145413446,-0.10434091860065564
374.8772426812773,0.39737462029086146
352.2630097145892,-0.3767994962371404
377.64493336895407,0.560531900218848
369.0927533584849,-0.17860767511626818
366.677049355038,-0.033133453022855974
367.4425071180795,-0.07279216768517927
382.6640323954227,0.11358032391262896
364.27675136705926,0.12160484376624936
377.8313501823564,-0.23880600953452813
389.0607566982194,0.745568457949048
393.02677816338036,-0.24043776557607544
385.6550171939047,-0.2322283911788645
359.892095211279,-0.09507063706678309
359.892095211279,0.24053344678554822
361.60018761864825,-0.050554276248135466
361.60018761864825,0.3233107220947886
365.15578077948896,0.27681907614532975
396.3996877854609,0.10881986556773882
385.20347411856653,-0.05331173707747894
361.4246951317358,-0.4194077133904557
375.93099601174134,0.026746929514047224
346.0523259135653,0.0019560422800850574
376.20289805161764,0.4086292793092525
325.2351947823099,-0.6707125085906682
325.89026793971135,-0.29539340340420495
339.16526332263714,0.23913409086526372
339.16526332263714,0.2179504569596702
373.97135412431606,0.575598717056323
359.18568264684495,-0.3560937706720324
379.9344075301197,0.43126842469598614
318.40241375752333,-0.7503842934750082
318.40241375752333,0.37403890708674226
318.40241375752333,0.5387267750413685
382.0489526519371,0.53174267075849
344.29586659356454,-0.19457213192322342
355.51362500129903,0.006077141664832197
343.30379146902493,-0.18759530506542887
337.73315815552354,-0.10684717212848227
337.73315815552354,0.06872094405127882
367.86520194601366,0.5086136516865736
355.68260035898754,-0.2850544250723033
342.86549641309847,0.20290827567544056
341.528649248511,-0.3071749072810235
344.68334210224896,0.4009545711564897
356.84771367237016,-0.3718419102324333
361.8360272843358,0.11801295837904036
361.8360272843358,0.704877012391762
354.8008643779422,-0.1384964263056645
341.61951708707755,-0.24167903584327632
349.23708201443037,-0.00504400948170769
358.27413174344724,0.3038003551100701
379.5654586873976,0.058739782999737145
367.0128027994653,0.009486784282898952
337.32087786902406,-0.425533627915911
346.22761537757486,0.02911900308231452
370.1824899208839,-0.03748098625169405
359.53162344430336,0.23053990020810033
360.1387040572,-0.1703106548437745
388.58838851940345,0.5073703711867665
363.1134386513823,-0.5785097104057968
346.09935750374905,0.18189724171031685
279.83602040165835,-0.9127540429362853
312.7208467384859,0.42217055265973613
321.0124320061189,-0.08848477034428015
321.0124320061189,0.7154577997641809
321.0124320061189,0.7057957020462027
345.6496101857236,0.13770860786667072
345.6496101857236,0.46915145951834347
332.8188041690992,0.08068519433459187
309.6565925030054,-0.159568332763115
309.6565925030054,0.24028784284996618
309.6565925030054,0.5631673784322402
333.6114665616847,0.32430472573764746
354.1382273652882,-0.17611807271987345
338.07552976478286,-0.04343776567407076
372.7717044953014,0.5536308838850346
346.33225612223623,-0.20975831793089128
355.2370864353228,-0.22092841276435138
355.2370864353228,0.33121220422208353
355.2370864353228,0.5188575171889624
370.7948102101537,0.1886168623721005
368.52577952080145,-0.07866588358319859
355.576031567903,-0.16681656305877368
340.5623331627594,-0.23916234930459268
341.92286934185825,0.019236254623933746
344.2285570480052,0.1382154475011248
327.14981317493823,-0.3079682451767667
360.89913434768556,0.7275582948770989
341.3977845821693,-0.23841481449494495
376.6558350987161,0.23719247800590892
353.7463336754612,0.053643520922150856
328.15218675014444,-0.5163494599904652
324.8220737652396,-0.1042562453520759
327.24478813171197,-0.10298800555278831
327.24478813171197,0.0872840444119447
338.990294574783,0.3317875592318842
328.84880186419605,0.028767394057808815
332.27877721282994,0.04865651854083808
341.6223322639434,-0.0950448809592217
334.09839970237095,-0.009181865821801694
349.0794021630638,0.24090074369473768
352.2819646004075,0.20833936307633394
352.2819646004075,0.26569978165775865
352.2819646004075,0.31279933970381535
344.79087773885595,-0.01862378297039413
332.2140714024524,0.08532363263850584
332.2140714024524,0.9864005649931187
353.0353918506199,0.00897961841860706
340.78507730266455,-0.11842075990375633
319.0015831704477,-0.21650209843926405
319.52173882504394,-0.3423147388809866
362.6330886057921,0.6291254664083681
370.0732267706194,0.061914120240544435
377.52240370609866,0.006969371948457592
396.5147983352591,0.1849298010719167
352.43943091010885,-0.5800630447218964
320.82157924033334,-0.5987406006115634
308.6532727980545,-0.12915117929344433
326.71798579732615,0.12421211670334742
314.35182959798254,-0.16977897905871941
333.61266613687417,0.2014656702585853
347.2361512975948,0.09431092677721153
374.5938682949074,0.22700561103567907
384.08387271065874,-0.07161334304191769
387.74578239540637,0.2520968723822534
393.27252047178285,0.12738883070107931
395.1254511515991,-0.04015382348177354
411.1318995182996,0.1806946178734279
381.95526578658746,-0.1663397354080871
374.87227179542265,-0.2664736464796533
403.3857555857821,0.514667825036554
428.20717383822904,0.10923795399116898
413.9596555025285,-0.05330833376831379
410.0235165265755,-0.12159199259485831
406.7339608264561,0.07069291097513997
368.9740023087734,-0.43158831618836757
349.00950274658277,-0.3273063846581863
341.42312303873035,0.027413632854631942
346.15011706705405,0.2851010853032676
329.9194994776787,-0.17435976419085364
311.5767163090988,-0.18988231633306896
324.3780906978302,0.21702713328841128
321.75839183881504,0.3765610785739
319.73700006266756,-0.25753108271374003
326.7011299656436,0.14583671079935812
337.87175400885036,-0.38918378175947055
337.87175400885036,0.5264110923744738
356.1014590019768,0.47496036668621855
310.71685457558226,-0.09708238754524245
319.8282741080143,-0.09920532639125668
364.7385803594004,0.2133254581752908
380.29040896096564,0.4185334780670473
330.6254987433239,-0.47793788952958494
325.4803813541749,-0.12672387374823302
339.9133993041517,0.09749217463991044
330.35679567107144,0.0480203026709205
286.9149314146224,-0.7696976787092353
322.9657591823153,0.5410940232605981
332.7272703447819,0.03361533008796869
336.83172137228803,0.18249736181383014
342.6295606905636,0.1557220209821253
342.6295606905636,0.30892509053228423
339.1253745857288,-0.025633040251477723
370.97745622277506,0.32579983132154666
394.0701315488144,0.5304801496465643
366.21026858233216,-0.7267022808850925
319.0323559785142,-0.45505977108041407
319.0323559785142,0.7797240732261344
319.0323559785142,0.9863194079611048
355.36295862618607,0.3814160087363234
361.90943052853635,0.17112216831651494
340.0832668315356,-0.30548427913072373
350.0532562712285,0.07484799750000093
344.89794237760236,-0.010343740662506207
322.8645682109502,-0.20676028437355853
320.36830519363866,-0.2760773398377978
320.36830519363866,0.7008213441029056
340.12580136581903,-0.09803098460656656
355.5414403056884,0.5459949346193298
355.5414403056884,0.2605436797427956
347.0732659631273,-0.10540115307321685
348.2855404072002,-0.04307366155046566
365.823885045398,0.5033559518494712
353.6082850241941,-0.5083861890481103
335.58970490896735,0.0777302256880148
338.3790716271147,0.09107562325903018
343.5964199785241,0.30426182530504775
343.5964199785241,0.11984104576731625
344.72920030934307,0.08777721746400857
342.58495242678725,0.046207707445546475
337.85816690396314,-0.12941200275645315
346.94901865368803,0.18191318293247605
322.55844563035305,-0.39389219350539406
325.2920322628042,0.24341890028381385
327.966467161678,0.04985556553162951
349.37443112813366,0.0548759205917122
353.6917738253168,0.11624257569860674
363.16627823409465,-0.14130816913666422
351.21223670255694,0.024321611608229432
372.34754663596937,0.5147378807033647
362.70902135974984,-0.4427263220975419
380.8828385259949,0.227088912763179
380.8828385259949,0.16692813014014973
349.3578047801874,-0.4521563886552258
354.53356822978105,0.19021083557254315
350.32630257371375,0.042493314763987655
338.9364821378917,-0.1730240552393525
314.97907673207754,-0.22588551378112243
363.6628172109279,0.7055414423311959
386.9772402387763,0.12698077191100765
376.9669099015873,-0.1091299384274862
317.0349302317945,-0.6222603758528749
317.9587837177426,-0.19605856813529954
327.0662952874081,0.08369710359238525
327.0662952874081,0.42845598825579145
315.5449508398853,-0.07147550431454874
330.5294968011316,0.3364146487282369
316.28037692979603,-0.2351982118301521
316.1343947597311,-0.05918993159286856
330.90756334703616,0.1963177896881234
328.12407647493956,0.3486120598055322
358.41573939070065,0.3037001412050131
358.41573939070065,0.17929182252521514
335.4456958819472,-0.08830671926602918
351.51574252819387,0.013703535925856158
356.6346652664472,-0.16922935192530986
354.1351947000864,-0.027886246729622144
354.1351947000864,0.09752810813654378
334.5435926241443,0.1882740509861378
352.50587765428116,-0.12739560256704863
318.6641640951289,-0.26274626120198263
346.4940428119856,0.27640357493351075
371.16400075537837,0.5915935824816643
421.06081546531624,0.5292065963689083
395.41933374676296,-0.5311540788100046
371.0777618913763,-0.17688452584525294
325.41354050549387,-0.5207530306705621
326.99085306864396,0.18512041946087265
337.7963129571989,0.09656854713534813
332.4649302612184,-0.1776173227383424
345.8044636883528,-0.23024166260029233
343.800769164785,0.068158725150397
317.98227080007445,-0.45781720911054435
325.79266395171476,0.2569061190448565
330.8054671307387,-0.12654480758908448
330.8054671307387,0.22104703008074011
330.8054671307387,0.31594290165446637
312.829430570932,0.01611068606086974
329.00575792251914,0.3161795620957264
336.22785070549685,0.20277247983779034
309.1107499958072,-0.22549516779054102
316.2839668762993,-0.061376349527904495
338.4490121956738,0.4770520067140751
302.9068918758749,-0.5608146013682926
302.9068918758749,0.7326272476841496
302.9068918758749,0.5674667245646106
324.72239511297937,0.6136588562256975
330.200569355987,0.22802729803856892
330.200569355987,0.33474695254119524
327.9107459200003,-0.11959294867665449
363.10741510191696,0.4324740875666748
372.29498016293155,0.06566652700905706
355.99355664811975,-0.07180763669248336
355.99355664811975,0.5060229628404613
349.4507221495322,0.039102295997963665
328.29113078680973,-0.2197949480951138
328.29113078680973,0.3942505189249914
337.42366004009256,0.15630938283686646
337.42366004009256,0.6826055914830249
337.5267161358589,-0.07299109221287381
370.374891594779,0.19685837893166536
342.55983949964076,-0.2192076234994147
342.55983949964076,0.2704710302946296
334.0531936257922,-0.06557146990257934
323.87085616505914,0.16850748598176324
324.3002613439701,-0.09586146699018627
324.3002613439701,0.3025691105438
324.3002613439701,0.27896728270934545
312.50823190440235,0.08128124314885099
321.1343611118838,0.34641309742937665
354.26732356616606,0.5590071335636821
341.9230646868904,-0.4864167335664433
357.9368537440915,-0.00770602620423233
331.5241239660353,0.08531419109976923
360.8728065052842,0.19721275277242967
379.17844165844025,0.16684477250464624
368.10198478809656,0.14474760655821228
359.9672613814772,-0.22436823967268538
359.9672613814772,0.3680630964736338
351.1213367052841,-0.25656794161000107
342.1922966305948,-0.2651068508143908
365.0185397400892,-0.0213806511801522
354.3804752942005,0.2359818999181016
366.10576197034453,0.28759004173775793
373.5028740805863,0.026213567476133903
373.5028740805863,0.15752762891952443
355.8693071925786,-0.4288506580245439
355.8693071925786,0.2363784974969576
361.6602168856945,0.36455347658557
357.23023005549663,0.24751598209172698
344.28139199340586,-0.23739528072405847
356.4037811696979,0.010299030057240088
330.9176785157023,-0.3197176220403435
325.89544605748813,0.06350653202662215
344.9979515622984,0.3176671949363481
360.35991015090093,0.17613170923959842
370.76908368024027,0.08874100720788647
372.4071705200695,0.12770964083915715
363.5302815309164,0.11006081133984935
359.7822173405379,-0.0005086230592041829
365.8340984899206,0.19888646243066432
383.2194733519747,0.4939925027223353
362.4882098493749,-0.1948897142513033
368.7586754601373,0.35112822680071076
360.9778768552211,-0.33158713335717493
360.9778768552211,0.05421506017523825
375.54169382465227,0.7424345342664083
333.55091678495006,-0.28288521568129
324.9492837238097,-0.2580368502934789
329.9167670911073,-0.21994200234917116
329.9167670911073,0.24781414741642038
337.59299630850944,0.3858457400410771
317.40951911076206,-0.5431705467389065
294.48731223594353,0.221110421014032
294.48731223594353,0.3989365934401121
294.48731223594353,0.5429941018555837
294.48731223594353,0.5589681363337604
299.7782887451977,0.2906120480768095
299.7782887451977,0.42525449344009303
327.41487993878496,-0.0738402727056382
308.64469597086105,0.07367384991653125
320.32290933604344,-0.021711138017280973
320.32290933604344,0.23740747456622557
334.9325185337414,-0.11200064935655973
365.90899237271805,0.46902709222331396
337.408669919716,-0.711328774476101
318.5807501042671,-0.04990517673013528
330.6767426826575,0.6480992980893916
358.1712225563438,0.03652871092913301
370.34291426985857,-0.05850541124141273
377.40420996246587,-0.23385748719624644
334.16109491885805,-0.5970689733503605
373.55642762462674,0.2628704343339905
385.9143382269328,0.13919503971169433
353.71770561070144,-0.6545975410758729
362.8342822252682,0.002134578992013303
368.00956612411267,0.04862095789371779
361.9524917968086,-0.21107005103408483
376.22686270217326,0.5669391702595021
366.50348698972414,0.27739757538006415
366.50348698972414,0.472468684013279
394.5519214515706,-0.03321494246824841
347.83741092310305,-0.4772689734403457
333.6071781775916,0.01962348735537489
334.14757404259615,-0.3093410949401232
341.73187686354225,-0.18424430881646003
339.4511285149327,0.04325972955052748
339.4511285149327,0.31192114984764885
342.03006459639477,0.33345738556909055
334.01257963155405,-0.01155691089161337
370.71527165436896,0.6000881224218801
319.1792125535389,-0.8361661387694994
335.54628502531364,-0.43289910493297157
338.72155989826916,0.5834174142320308
335.91344320873975,-0.01869898583890972
319.1402292656135,-0.2492523440247396
333.84225807474047,0.13298078834498028
312.4839710979014,-0.22442175831338318
312.4839710979014,0.6032337397737138
338.54313121811765,0.3386878157306228
338.54313121811765,0.37909495107555813
302.45134519633905,-0.6120649535181428
317.2814648133447,0.5677359065526844
327.38897316444445,0.15908409698909054
327.38897316444445,0.4106755441897576
340.7081679465881,-0.1885780455246504
376.34332182834504,0.6722251518792746
392.31083321754954,0.08975628637608679
388.3806882025604,-0.24480758600259378
368.2095632744594,0.031541169392880875
377.27926946095243,0.24375360878275387
364.71730901688494,-0.4141148102713714
374.3327314189179,0.20394380344066576
360.52524779254617,-0.1782926760619148
367.10801393334623,-0.07468195840863245
362.6157361756704,-0.24076465222060506
358.14466124283945,-0.0032405416312712987
360.97401822108,0.00807638566652713
348.3397067751883,-0.19734797268426973
346.8134437462891,0.10309110801347288
362.5732328128227,0.048125933019719014
343.3001747734087,0.0039357968886406525
344.8001790974427,-0.10186265914444448
345.757788806524,-0.0963071342606554
339.96872284528604,-0.08464188617199397
374.13853028425774,0.41756018482738
355.88342639665785,-0.2854482712501749
369.59434942957284,0.12583205313285362
350.42153405161713,-0.4384790142548809
342.86905569579847,0.16031673414124725
341.7065002810558,-0.16530601742249473
330.5384450250584,0.06333887412176864
319.9470208897197,-0.1157456550237157
271.7131894685543,-0.627253330025269
271.7131894685543,0.7756684637143962
271.7131894685543,0.5893991291493421
310.97164743088166,0.5269973501820004
335.65638639743446,0.3772379265105883
357.6796130023049,0.47846411752470885
401.7331343036465,0.5411477650193319
391.89907306964807,-0.14121155897350945
367.9530527872166,-0.4747577549858306
370.08107457516746,0.12024991573377974
326.7487427473097,-0.49034927993841393
327.9594723780973,-0.03969297988589915
305.6085045367849,-0.20737149235765173
336.04052551888225,0.03237534008417242
353.1498093028687,0.26210767950215086
329.42892478323006,-0.04642254109808164
342.87520623920256,0.21863087194594755
322.4902851639178,-0.5974935491180986
362.9499241098595,0.37071105416112005
338.3336897442781,0.10257951595815484
352.2653412801492,0.25171613192969744
352.2653412801492,0.5618579868237248
359.9752517421462,-0.03491887206780575
346.7210899777285,-0.045734368002399606
371.3740673652391,0.28342729898986363
393.3949581184189,0.23717058282318249
398.9436535997659,0.42604047304553205
368.6797319765586,-0.4823515566898777
341.96561811240633,-0.30274132755926075
377.29002353539016,0.46213270429370823
336.52295949828874,-0.6753926736657831
336.43724094372175,-0.1879754551861197
304.86251956242285,-0.18956167456963158
324.17715001995737,0.06701509082802204
324.7251703934011,0.12215966122607824
354.9021994130566,0.13741097480806275
304.70835418964805,-0.4027283295616826
319.89724529319983,0.03178690763900249
324.2452435115834,-0.06144690653673024
335.006331555514,0.18847398089201306
352.8992037103205,0.1014636078307376
335.44960264749744,-0.2187010345435283
345.30037201503563,-0.09553726405204088
368.86127397988685,0.4649211269679654
348.320637907331,-0.2253599172391887
352.03117973020267,-0.0328480367722932
355.2574974386491,0.14449150626819574
335.7612633348782,-0.0997753489069737
319.97368162900693,0.10083790514613611
319.97368162900693,0.3398007312835034
351.36561316274975,0.19111816459701458
354.42856879158654,0.2736475468584558
338.5248894862167,-0.2659661563687905
324.0258265025601,-0.1439190558998007
324.0258265025601,0.856942352251167
320.0807689081746,0.07484465817105956
345.05248667056554,0.40622612833362837
334.13789256244706,-0.03168326585091563
334.13789256244706,0.23270121259292864
327.5505005032099,-0.21800555269533106
327.5505005032099,0.2550842514062879
349.277523047711,0.3005793524754381
354.0840568898438,0.03163806680186099
330.7989948529156,-0.29582926669854714
365.04833545772766,0.475888955989376
365.04833545772766,0.04836120872698757
356.63440627670815,-0.38804424626891887
319.2580566581543,-0.5983443898603582
319.2580566581543,0.18586417493031604
339.33180380906373,0.3103923994208344
339.13834747966365,-0.1815648180864855
330.402785152154,0.11801602255388843
318.4806847648697,-0.09857597433756382
319.7145285547751,0.09618925569100156
341.26801113901837,0.36852164658432685
345.2539771555194,0.07616087720975884
349.5524045626577,0.3328913840637142
349.5524045626577,0.48088021715193463
349.5524045626577,0.28497544641163586
328.0190395853136,-0.13693596928192164
336.2088136561179,-0.0363242729367812
328.54768954286146,-0.033001371917748656
336.0012779851022,0.20574389129626525
332.7195144882393,-0.18000301234815197
308.6052306780611,-0.5603463426164126
346.87630326182153,0.47125080874366176
337.7512968807468,-0.2197378572376465
337.7512968807468,0.5959325353042004
357.9773248924458,0.40687817948730753
361.31951717945293,0.05539224525489317
361.31951717945293,0.32950335080249715
369.796745989255,-0.17185339272441524
344.82919492205866,-0.4440412106172289
362.127037420135,0.2597772661868021
353.7408854792858,-0.04931668226902275
358.74128822093536,0.0848709418908129
368.5440108093725,0.13965427580831147
377.21942591191447,0.1189772233506119
352.8630620038054,-0.34828987034893544
347.8555926811241,-0.18986052351988292
347.8555926811241,0.42693926683273276
332.74494265412403,-0.12317045066799892
341.408626841324,0.35180079574615775
370.08163396704293,0.41061144581908593
370.20274509942834,-0.4220945780953116
337.8828521536733,-0.4532883183397871
356.3002087753047,0.48796098836044166
366.74091201502915,-0.25386242739034515
347.940418351841,-0.16554719263695006
347.940418351841,0.32833872201479153
360.72818521107325,-0.02181488789597097
324.7437073982496,-0.4600345895603368
361.6439588976689,0.28780487344386074
385.4706315556117,0.44120568652056136
324.017241623231,-0.5980536172804705
324.017241623231,0.15799410240742873
345.36214186315107,0.08020600640497833
345.36214186315107,0.6060907301083489
370.8238263719012,0.43664811433120576
350.5216007314415,-0.1500570445360836
338.92565689369735,-0.01368015170316994
351.98506862236815,0.2514445491975721
351.98506862236815,0.1635347818989885
351.98506862236815,0.13890536853239155
363.9537235079498,0.14290130499739462
362.89024871730044,0.1381137622076949
340.64499678601356,-0.188446910392031
345.5179779275868,-0.12736386528854382
353.31641730055725,-0.01970756791263284
356.535992442351,0.07787534344595315
354.3814027632403,0.034669916291363734
348.41031171959264,-0.2383515842966517
346.3703172165669,-0.4027710359401908
374.45527238750157,0.7076919488833937
365.49225909117297,-0.21235688976162237
398.1751448202506,0.11347107112021604
396.85278139722715,0.06839309278859673
351.7867058354107,-0.6162101990007613
351.5721905414859,0.1668739783684714
356.213026574892,0.08793978390258417
339.0704213987659,-0.15068557666620563
359.6225315692637,0.07703485239221664
317.5182245703558,-0.47613008021744463
322.44594603339306,0.16684312267352652
353.19817035950337,0.2646811576462369
331.46090945885044,0.10075075376903442
330.9570140146097,-0.23054008690291994
330.9570140146097,0.847799777818409
330.9570140146097,0.767950118552335
359.17143754705575,-0.018734626140712862
365.9664990392165,0.13866510913919683
365.9680618588411,-0.17464242049118184
392.92403453406723,0.47388677567744253
357.38647374341326,-0.45541256775061356
363.6607681537713,-0.11925463703425976
374.7331308569083,-0.10052459535120306
364.8430298773857,0.13974919743975533
363.4717853478701,0.39045389947636977
355.3444871656984,-0.16436472811335534
369.7387217833176,0.1836021600386175
343.6926506816242,-0.46276000093644143
339.6227242267888,-0.16776708712347954
336.3923862054901,0.15586004574356593
350.10458923106586,0.0064310586614055865
340.4743782645273,-0.06423333047894175
360.8052546703076,0.4701715347961226
380.4253804341655,-0.2692618261758071
362.7020666224375,0.03196990696415014
333.4976081634255,-0.21511858920291616
342.5456389822451,0.31739868219244727
350.7054273233555,0.3191971357040302
362.59069653548096,0.13622834476052503
361.94680299749433,-0.35945833007144756
353.1411001530213,0.0460541041571787
357.20413178232735,-0.20370805395771185
327.5949041153914,-0.04008891470971321
314.26216083182373,-0.2454910869626019
321.30166750400224,0.33484204462024536
299.60199679856765,-0.2698352598877136
344.897643434434,0.3649993926910611
355.6869592472645,0.03152034913023272
358.79658519267036,0.032694743096499224
336.87474977654114,0.036151210922071186
355.3966967231662,-0.006631198229911206
355.3966967231662,0.5081989246500598
392.9552450066935,0.7126248961633337
364.35127898534375,-0.01498212358001183
344.253651624744,-0.5358025273155818
344.253651624744,0.3316812020289035
341.64946184300305,0.16167058420910507
341.64946184300305,0.7612622766098411
335.6933472252197,-0.1822569499790916
335.6933472252197,0.5732814553507524
335.6933472252197,0.45873743981746884
365.39937145969105,0.5512422360047822
365.39937145969105,0.054522873396422256
360.7037780681776,0.07998825692504852
394.996217917025,0.04809136741948805
371.0318074487325,-0.10708841728842344
358.3864669616782,-0.16368478976517054
364.7980877399326,-0.028196557333217243
325.13154760969906,-0.08471723329967062
316.3021086039136,-0.49440643996331346
316.3021086039136,0.27693741967630103
347.2532828090647,0.2375324133375898
381.9835432510189,0.4424781192259388
338.29913262986315,-0.5401255465443455
340.39312678690686,-0.10437241103420547
340.39312678690686,0.497039948692759
327.0392564379821,-0.012748867316872747
329.16975538163916,0.12114030405405174
331.2848797645473,0.3548668490144564
335.9212987824874,0.1028367863366384
358.2816173615849,0.29176906305997363
330.2535138395168,-0.7865595468859965
323.6783572291975,0.07356405274674671
353.0901022108425,0.46037180246287335
327.5157812528473,-0.44722881455379593
344.1032988005637,0.04982964567034287
341.5233367631853,0.039921212863873734
328.4833431832805,0.20331627653320083
328.4833431832805,0.27788409653658164
354.45435653875523,0.15058316361705693
340.03115075799616,-0.16030392913751257
339.06760162467157,0.001932819591615953
307.8448016229149,-0.02474392943327075
324.2365135312952,0.36804665800696057
343.9096428639771,0.27023394367517994
323.4653420542024,-0.6784385477077421
323.4653420542024,0.3802745537101373
323.4653420542024,0.5614598761167144
323.4653420542024,0.3063580470247871
335.6054520948609,0.02002396143018359
335.6054520948609,0.1477078662051099
340.79627864072603,-0.18421155028215708
325.7540835541427,0.17796144213139087
347.579820561754,0.1388277726684919
347.579820561754,0.5644665025533868
319.63398320191067,-0.013893052408775475
329.76474234393305,0.12417720611381355
335.02766263541236,-0.06812223205338341
350.51167455237635,0.10935922019621103
350.32802062640354,0.05150110959630183
328.581022125296,-0.26730162538433433
331.822112597591,0.05716368691014395
352.7729033269073,0.05682032249387703
341.34721946380074,-0.2194576089846123
340.4717573060777,0.41553105210346075
345.7302227760968,0.028910820427768158
345.7302227760968,0.3959844187024828
353.2154113921794,0.1906756685284563
356.197103843476,-0.4624324831420381
335.63620211829334,-0.25511001560562363
309.3036636485025,-0.4115553394234439
345.2855419598605,0.3418221760199458
337.78085314740787,0.06094434981127961
361.31694175995784,0.4598994003946473
355.9076417544885,-0.387654251989602
356.0963783525305,-0.18826361852234186
339.4704352161455,-0.13361590784575128
314.5892935921548,-0.07880723667074108
341.1481445414435,0.49753833912063783
337.3870350217806,0.011008325286638865
337.3870350217806,0.5102912264305814
324.1984372392266,-0.37099060339551215
361.71671029263894,0.31178972863813215
355.057976118575,0.12808155302957402
363.2349814888691,0.46621057238894537
356.74417795121747,-0.4512984275037297
356.74417795121747,0.1747511876333192
370.64941080908693,0.32578493219864413
349.6720288677324,-0.3616900472356974
344.81700506415643,0.14201343259696841
334.59132005050907,-0.18415729840023687
348.598839733836,0.47508029891093884
344.2670305082663,0.10300820820032186
357.3092831100609,0.3686343719479055
378.5473984936405,0.23475772437632259
354.6318720699418,-0.6007218810973427
352.4960408072677,-0.2583619963172623
356.60803996991797,0.3462684763647985
385.0388057518786,0.20454155506251936
326.5548834169709,-0.9752851351927347
326.5548834169709,0.5483377861646659
326.5548834169709,0.2594611001351268
345.85607113655817,0.0881849554244809
345.85607113655817,0.6449606703351947
345.85607113655817,0.5857838110230205
342.8692565051862,-0.013418338730275536
342.28144819858335,0.29659384895057883
341.0192756145539,0.16556001636820383
344.6848416364789,0.10129343166522631
340.75447610536503,-0.15213363432371807
351.94555681346606,-0.012844895017110503
340.9824365672037,-0.11913871503111295
364.46063457637223,0.15782930757529812
373.2429033727902,0.14008278813685138
343.83962069262293,-0.17018317746521916
359.026801365401,0.3658733042482254
345.88850248097447,-0.1924824638242626
354.6979507283067,-0.006550056089508871
356.0749704730541,0.2143695846070841
330.5790598836227,0.0910762544475574
334.41073819117327,-0.07302344077390899
339.42122912293826,-0.01856186465056453
350.6255539522336,-0.02733555834197432
346.7273340658586,0.24096932053009823
350.92704651237256,-0.12709822159240503
337.44334817082404,-0.19001045785239512
355.148051052313,0.3213486345101728
362.82209629624856,-0.13604682222489828
359.8531143938481,-0.14097796870350976
369.4325899586308,0.1625987343165889
339.7694400164003,-0.0841863084083343
365.831527406209,0.019530376514239833
343.06861609210586,-0.20433675832589415
346.1688505457259,-0.024335398216521753
345.50085499377883,0.13408548944255472
336.3107352240497,-0.08163046801610108
334.10195388473403,0.02254673775428273
319.54559820371713,-0.016709648593973725
293.87582493915863,-0.38731748316502035
292.45983763747853,0.1411125653792169
306.7155513032267,0.34069830642727084
337.9107585375227,0.25714505772396024
361.38368159045945,0.22260345202357712
361.38368159045945,1.0067524011179785
357.5912331363415,0.11676076924504741
350.0494761110686,-0.32147297307130884
350.0494761110686,0.4846940540945752
350.0494761110686,0.1517269693244998
353.05932218969593,-0.029118272746927687
353.05932218969593,0.586099644949627
363.5449090106793,0.2436599208970165
383.25755041562087,0.4774287736220231
397.39509599394927,0.2745750599189023
368.6184511282051,-0.7031836444489272
354.18963304769585,-0.020703478619680027
373.3012901406237,0.2572904973851564
358.7140331385616,-0.01028476212059104
380.3461834371076,0.17953832677994797
378.7606143159906,-0.18595578111262512
357.59449485057036,-0.19644122912973216
376.90066545210146,0.49367070640346356
371.6427443703416,-0.2946043529469762
373.7777504097521,0.04274347158445835
337.20620750376713,-0.4308200675405942
335.58465220207347,0.16413265895096174
392.3932755879743,0.5931501745606056
354.6414767550415,-0.2424181776111709
354.6414767550415,0.5783829265428722
350.20822479331844,-0.3826121611640474
333.25126255991466,0.03174309972473566
333.25126255991466,0.48556010848960796
333.25126255991466,0.547898075761168
329.7949203779083,0.04934082878389745
328.9999127088241,0.02093503525838969
328.9999127088241,0.33291372507130745
351.5311056504861,0.20320101068386975
339.53159130409944,-0.2767255676917557
380.3416117639714,0.5971407842138206
354.60835242609545,-0.34005293193945363
356.3325115724396,0.3118836780312222
367.54413816235973,0.05961716733736466
357.228091103867,0.35400466670944297
337.85407629749255,-0.3837834417654449
327.1228740640698,0.03778507731715308
345.75409027280557,0.07777911696916817
315.8255580825187,-0.3756979268357554
327.71659313687417,0.09392184637340506
329.63315265599175,0.27489734527182463
352.81225615274565,-0.11891254741919965
360.30548700394394,0.29395685531835625
328.61930733840313,-0.23250298269965697
346.3440099801685,0.30201406825210597
358.7866362096634,-0.24281019895317968
364.7140431126998,-0.12169886602680435
370.4792631320473,0.10512036955253734
355.14836224408066,-0.15471554201269555
377.9781296175996,0.36106190220220924
408.97594681876024,0.45768747213048755
409.97714512167704,-0.5610520955393667
379.8375028085005,0.09127381218536357
397.39493749100734,-0.03940470999680201
372.2057126466673,-0.4411638226135892
377.6944138180726,0.07300380878780288
394.9862702608981,0.6403932709226865
403.32692380588975,-0.09244208547841026
395.0226744235152,-0.15896089603666042
370.10952373662303,-0.08015208621395686
387.31512471067697,0.3855588872552289
347.52988191712177,-0.2942871579422217
372.2708790591987,0.36133339531227193
365.18323796835784,-0.27685031246187464
379.1223958708993,0.10564819968817574
379.1223958708993,0.19225310033721144
365.4654950582803,-0.23534568945979117
359.21927334692197,-0.12778980208895518
356.17723574932387,0.24834982853417387
313.6244223689473,-0.5056500113282709
327.0247323981757,-0.22591042914370973
327.0247323981757,0.6250595063138462
327.0247323981757,0.2670198963689927
335.41312997825577,-0.14742930965235246
322.2008428991693,-0.12743084747148714
347.6781395892603,0.6170037359140679
347.6781395892603,0.14427622110156335
349.2639223399111,0.03670964622142492
356.1258323302857,0.018030248426157414
343.4068363947899,-0.034283935383882636
332.37017658732555,0.2979498240814564
332.37017658732555,0.06258605022151187
370.490420036675,0.08095554055012144
375.39469431469445,0.24106606644750173
359.58435169557396,-0.23294125641336905
350.0657797953515,-0.13692858663387142
334.1598185948941,0.020055079952499
359.65871680073275,0.026871409913042044
359.65871680073275,0.3436843080746712
349.6660188186456,-0.07384337781650174
353.76702587833324,0.13929749029682625
343.11368653372773,-0.31820217738811607
341.94247679051824,0.18056765620485749
317.32719989764354,-0.3125108353458472
317.32719989764354,0.6862247622732411
346.7813376369727,-0.07526221156422253
344.7313850590929,0.18489780965171576
338.14372302098053,-0.1319459334554267
309.6093764011883,-0.123315525601015
330.2536938432119,0.30090477103408375
323.70526942374573,-0.45894796430366114
323.70526942374573,0.4328321338676915
310.769876894457,0.007532738488180257
310.769876894457,0.6991859876502531
366.25959218709517,0.7644746195510379
324.2865422293614,-0.5162074476405678
340.9572256643568,0.07619523805146855
368.3231642971991,0.1563502705148494
349.0772744622795,-0.17091894505347227
338.7179815047946,-0.33172615298030905
337.4191627826433,0.26555759005304935
351.36079789044993,-0.22892715632815452
351.36079789044993,0.2645147932283862
354.9630343726877,-0.1117004840214122
381.6804062756409,0.5703122750660441
408.30220294811807,-0.17452133490473898
347.7526503898372,-0.9346246123668607
359.62266372604773,0.35848029469116227
341.8628412432959,-0.26490205544268974
359.878616501537,0.4126398840821821
337.0032646840438,-0.32139243726351197
342.09222963733407,0.21470929027975671
358.9473870025302,0.09350134510032149
358.9473870025302,0.3384466521729337
371.585474117418,0.2468531165720833
368.2448157632388,-0.16141790931351352
333.0493336317781,-0.387671898345161
326.6975182728805,0.27727856129058637
344.5483674502988,0.3187918405003529
305.5909860882,-0.5615707962335819
340.43666193536774,0.417538391178482
330.8376524971494,-0.2424793229666875
326.9731444069098,0.10909052245710882
341.26347047423246,0.21816199198417507
341.26347047423246,0.3072550232583353
380.1844619432508,0.1553609463368275
356.77560834701677,0.05963878266334177
374.0505169062427,0.02895950094523414
346.3097695721337,-0.7290489127021829
346.1891734420637,0.10756323011378299
384.97487534339007,0.39873144118564596
372.55433845302156,-0.13077109101152473
340.20723643694976,-0.4903832689160481
333.7028824956913,-0.28321895379235684
362.81002894712674,0.41674532531237674
378.42740677724447,-0.09164639917707973
392.1214446387094,0.1892691411007945
381.54159556839164,0.43120248901345803
352.72395061296055,-0.6585464271585124
341.0965970412903,0.026545299115241505
348.5285146930908,-0.024198466413508868
358.7163606638504,0.2714421514017431
380.16664315674893,0.5560357269125689
358.67978202841243,-0.4641301056996099
358.67978202841243,0.3575515267791616
352.39881114441494,0.3476988550104352
362.39754869107645,0.18267553877024056
373.6068539576448,0.0690772077289239
386.35098452974626,-0.2901178104950759
339.572267028535,-0.4606066107295419
339.572267028535,0.15212461287251244
339.572267028535,0.1619538690081299
341.3008336607292,0.37847150843936106
342.52568788768565,0.1747473807681672
334.50600397092904,-0.037303447324234185
334.50600397092904,0.4141347788272469
312.2713493333767,-0.4383401008733472
317.1759305851,-0.19392537344742777
293.93364516078026,0.1950164324597381
323.0747955205651,0.1467883836112378
334.268704876508,0.13995473614249931
342.6105269443013,0.06725244071003544
339.4079720900863,0.03145714787865472
377.1078343650396,0.013795893202313891
333.1389261285399,-0.3991915379074271
331.8437799196347,0.22244894903394652
331.8437799196347,0.6829054064323827
358.8864411042846,0.14470734481403724
360.9768340118227,-0.1956745631338208
384.88053273253706,0.6750257245145121
356.0526437506395,-0.3785364252457839
335.6884844263118,-0.23128791321221343
333.33240217023354,-0.03003421404469009
354.8865544942366,-0.015247844038981384
406.4977879442402,1.147978774656167
389.5205883829475,-0.5771749219022695
386.4063505132683,0.014925474495612434
393.8023066709916,0.25582509178582313
396.50744125454395,0.2315105856188211
392.4774705537101,0.21702873669858036
386.48303746180966,-0.4450514479027561
364.583520858224,-0.5008440433217629
346.52723374557223,-0.26356982600123047
344.43743643894453,0.03309043740796369
307.94639473904584,-0.39169238564295483
307.94639473904584,0.8990619165310818
325.10367080261767,0.37368279013833217
329.6707360073201,0.1841843370254992
319.1966740279053,-0.0527824875442775
319.1966740279053,0.5988485675775337
339.6419154992643,0.200785191396335
369.63293510247854,0.3856255138130109
365.7418536258886,-0.17661281101709392
387.5084007314045,0.03771766233376184
353.25386261673356,-0.38754604541145454
366.9935753380826,0.4038459939774839
364.11777709746065,-0.15038452998430785
309.69260573157453,-0.5456555269761338
334.5322559087852,0.38575107982296686
343.08529616860415,0.0741583356918909
332.80927366442455,-0.23658948022705317
319.9962120096439,0.11193822645441287
334.3652438916467,-0.10608912609268373
334.3652438916467,0.47024745043006533
346.3704963509853,0.2337863916659444
348.9974627861061,-0.4271565741478298
341.8849800103649,-0.06330470846296521
358.46920270504296,0.29649535965768337
338.48092782580204,-0.5643541929757703
338.48092782580204,0.43070078749224194
333.1149686320306,0.13975426307604266
330.48409367734934,0.053623603579353585
333.3444567666265,0.18928795006729615
333.3444567666265,0.1685900383738499
326.469188020097,-0.24615437509896765
329.6900286593417,-0.03501727178377223
344.4331547491196,0.4371739128317813
337.3375591738963,-0.057075443757184985
344.46919921824986,-0.07221618863616186
317.51617254032027,-0.28581473471854224
317.51617254032027,0.43295639107032
355.8612916470836,0.28086083942764617
350.99447362948024,0.11855068828526782
350.99447362948024,0.5979233567069286
350.38387102077934,-0.04956029071036028
336.2613183184321,-0.12897477364583665
324.5520318393796,-0.060382825949545804
350.0082592833332,-0.07904730762561485
336.97495061670014,-0.004581691184853298
363.50172670891385,0.45484757170356716
377.57652241805533,0.10576651320718611
377.57652241805533,0.25323261055325474
386.8864506276969,0.18274245258737665
336.56728202862774,-1.1083428422557517
336.56728202862774,0.8877911663391842
351.783752811797,0.3026013298538146
331.32670134615154,-0.09061128142116104
363.9295298142376,0.21205124223342864
363.9295298142376,0.26560986549361587
349.79420565207033,0.16295113684884655
325.6654761713853,-0.1226643491120285
358.5240955444185,0.03945330427779936
306.45649264868473,-0.8765426037127781
302.92864757309775,-0.1738213988816142
300.8121265440439,0.275433924394747
300.8121265440439,0.7687365403826334
300.8121265440439,0.06891468619778607
300.8121265440439,0.9924845883508624
324.6971309906599,0.44708396784062643
340.57103581153183,0.10999051925830372
357.60916282327133,0.14759336609904494
379.3902983454565,0.055738559090741546
363.1903215670579,-0.15875919982215692
334.7608819936361,-0.16615477231414388
334.7608819936361,0.45840454403412423
337.7702899768915,0.28516364923837045
376.03590053981776,-0.04883739297042666
366.1452694855373,-0.10879815197574771
362.07728553395384,0.20645291058110615
323.67591959567915,-0.24273427529203673
335.1209955839635,-0.18415315484003258
345.9547738073037,0.4172695291400714
340.9231998459743,-0.2572626323322993
340.9231998459743,0.31800895752303404
340.9231998459743,0.20653770070157407
336.30755817941997,-0.050776682231457926
336.30755817941997,0.5308931730046424
336.38876902279617,-0.18888347046356557
355.9062505295229,0.0968719699696976
366.8431298173079,0.40675439050824025
358.13267802000274,0.0924856236724736
353.3823204922414,0.40326436864143034
373.2216575689455,0.14969412341929456
358.20192229444797,-0.6161574493307853
358.20192229444797,0.41128491576637316
372.74152292189194,0.138325105460126
346.55730988212946,-0.09027213581907745
346.5173466349589,-0.1880369774578412
346.5173466349589,0.21290147654087832
339.6486131961719,0.11445296220108503
339.6486131961719,0.8017918251971423
346.5855118218839,-0.367876788175181
371.94391833412254,0.4284039083569269
352.0403884952896,-0.18497040718239077
359.78817253585254,-0.08644709350505764
365.30082657344957,0.03877096585961226
373.506294821779,0.21436096252796233
357.5813516196796,-0.16724267192739717
336.040163425632,-0.39708819257225514
356.7949585614102,0.45736271043278975
366.88630582664354,0.039504309506128266
377.1742657768251,0.45541471816056855
356.43682991828103,-0.3296180088711935
341.6768717527868,-0.44867502977126605
367.29390012060884,0.1106525457665839
385.94539412254227,-0.05065582965767135
360.6790211352354,-0.22028050195240212
406.2242446636691,0.3417222591618838
381.6883616457919,-0.1304261745947315
343.55552696821877,-0.6309335394100799
348.7784681508116,-0.02960167484638987
348.7784681508116,0.4420976926573985
339.06603248862893,0.2872075587715699
379.550320578479,0.4004803216438404
354.55912099585294,-0.6095534655007668
384.70366898327273,0.5976446765755554
394.76510590624986,0.032935021458797564
374.1429824438822,-0.038062511301632185
364.78259940250064,0.06652361338194623
376.6109173821218,-0.061728727066793
375.6053110170068,-0.019109680960013975
368.29988995734846,0.03148907825061542
350.54881205432423,-0.06694599077684416
339.6882088428614,0.2498620315907374
341.7543834432307,-0.11078861504529414
352.07261841368967,0.04617902146389952
353.7508870541906,-0.09249533884121774
339.6028104343742,-0.22155965110027864
338.9029423066477,0.18075882817868205
333.29819614739625,-0.23937605640037418
355.18084739363513,0.1396810783927549
363.6940556779094,0.1691760832354703
341.6228078642758,-0.33269357042263437
352.05839568258455,0.13556908898453912
340.52601135554767,-0.07795780034052768
340.16807039688985,-0.39884325898754014
340.280108003785,0.24371542573089755
358.1367743440429,0.23445682191800188
362.38587552059465,-0.20507717727730324
394.0106289468835,0.4755028434090036
393.1855281743951,0.2882363426907659
365.57808755577787,-0.4297306254329669
365.7996958985406,-0.18207076078635964
354.3624128304704,-0.4561748670282668
367.61572899601265,0.25808940508795786
373.7594404836504,-0.1531763697664701
356.79874518313727,-0.48478721774813494
357.4132072937074,-0.12142018615554662
366.76464536512356,0.21091342152590187
363.561908812892,-0.13837083282828644
378.98109062038253,0.3231493200423756
378.98109062038253,0.3295234059938821
346.7602343217013,-0.4258869723770431
331.8988532609181,-0.04917395240386213
346.852820187583,0.21766809487121463
368.4030026445848,-0.07105764745892884
350.5782389167009,0.12781025424715153
327.86594069570833,-0.21040505852579372
320.9397658373427,-0.42210222322705704
367.6596410699657,0.5676532253172581
367.6596410699657,0.23739075695948486
367.6596410699657,0.4787615118926851
371.01642992846814,0.17094242096197831
358.23886617070764,-0.11976267002012264
355.9276228270059,-0.31700525466976615
341.9283424651308,-0.2434673101390672
331.8337708969405,-0.06500886752269253
356.39505938809623,-0.08657416310472854
390.9225964500809,0.5909583801592362
385.25858141392763,0.04648544197470983
353.3986572433398,-0.5880163912751186
336.50868214530965,0.13514721295473464
362.00874633725846,-0.02588619840150841
346.84569270930905,-0.002859366353391124
364.3903996367246,0.32129204269972433
364.7388879106765,0.04020104085395815
369.76261377263654,-0.15308379918019455
367.6188412587181,-0.1709595308856251
350.99857357180184,0.04984837656320451
360.6201435995119,0.14931014773162588
359.45459212525566,-0.1842413168717485
381.63776311739656,0.458943488371915
348.07126623862297,-0.37085492408471055
367.40971452887516,-0.03832584428209884
382.0945248936597,0.0010123232702881069
370.29361368511024,0.16125766818174725
354.5693869923983,-0.3419135208073385
368.2733545236642,0.541408109788108
372.724833112821,0.13503558175807484
344.89265234520167,-0.6284949274233895
344.89265234520167,0.745749583515817
360.33885469842295,0.35300099419316666
354.8615612929212,0.03927556506232577
341.7403078176526,0.13062866160669273
365.1418274205075,-0.2080728655708981
359.4498197355325,0.01785066270747393
340.3646398260024,-0.3138379748265834
339.45206746327443,0.04426340706220344
366.45800829179774,0.2920500679415454
380.7423814534657,-0.028941342562802674
357.3354495243183,-0.23371624920298473
373.1184679618516,0.31396255323375044
365.77397920546827,-0.026973417666795285
337.38668931025865,-0.32542805190951185
337.38668931025865,0.37199223983668617
324.4887942882912,-0.17331093188931845
354.4813139150854,0.6292270951737464
348.1344789661078,-0.12726045952922505
326.87328512487386,0.17381105117544848
343.8813266526494,0.1057505788664912
358.5567307379345,0.4051834847568898
382.11048160953027,0.20081265845669805
356.3930507167004,-0.5441981354979362
362.5841670619173,0.3782470629079171
349.49719333550723,-0.238677409205593
372.8140476212998,0.17487539760850268
348.3315548293047,-0.11372024375395995
340.92450578147077,-0.0034173991866737197
340.92450578147077,0.14871530203856764
335.5751663254435,0.16605652834277862
364.4172558331387,0.056000596081958065
385.8939016213752,0.5865456617574409
376.16130006124905,-0.15035989851025988
362.912852964579,-0.02670209429550141
355.9150793366948,-0.3287412894603676
362.4708751116322,-0.1350274184879936
362.4708751116322,0.36413070767434874
346.30606982167,0.17795212327553145
367.50717270406506,0.29631761357222786
365.8684359753275,0.1530399278974528
382.72027244966887,-0.1295891335162196
380.84056467766743,-0.006776589323635562
358.8213638800528,-0.1913841905444542
361.31447008500834,-0.03316250802367904
332.0885596046954,-0.06706286226710745
341.1707717664539,-0.1589546919631175
334.53951606648815,0.14064519573958023
335.2000426080356,-0.2482385036373671
328.51988442291645,0.2935861529314252
330.8502104071058,-0.21466368194899133
342.86335630335026,0.12561497360479734
321.80179763399195,0.43655845826219775
283.06208808158533,-0.6475208264999992
283.06208808158533,0.7024502678549425
301.26440760434053,0.16298551575914644
299.43738197833653,0.33095251274266957
290.37360120368044,-0.28690279946954433
322.4160041676749,0.5938987114548127
326.0324989953141,0.2873100285266901
333.11677783084167,0.1924022546223796
321.08801853327043,-0.14899456030775582
318.2798853523014,0.23592821785359774
321.6123428601325,-0.08464191897337514
332.39169296941367,0.26074166833336676
327.7245573165293,-0.22227847094882236
322.24841436598996,-0.10011909505044514
322.24841436598996,0.3036746758961044
331.4296246705896,0.06843099110528783
331.4296246705896,0.6382214289196781
336.5681648150103,0.2963610020331089
378.1807742539058,0.19022751056445486
378.3007625299867,-0.13487896825654389
385.8122196578911,0.2781179553556967
359.7257884434296,-0.31559654981469976
359.7257884434296,0.6681306546123551
363.44313131185214,-0.19517640272465542
362.56295951168664,-0.06814844004679799
362.56295951168664,0.3358759919156
370.62435294001943,0.5874157596689429
371.7536477331081,0.22085695672330985
356.28453384137646,-0.5526301666313884
356.28453384137646,0.25119352100728065
358.1125975373008,-0.1960479122470815
367.88966408225684,0.15923313828363916
367.88966408225684,0.11083930775566841
381.3003365110199,0.48974419224668964
368.7995604669397,-0.5166348665109126
369.47628388474254,0.1474059204799687
369.47628388474254,0.3947259586357177
404.3852358937883,0.6911750409868773
404.3852358937883,0.22940669321667428
416.6538419467702,0.13423912085295342
367.38736285675515,-0.4650760193367205
347.39371405089366,-0.08920747348008717
349.6070920884385,0.22517329118045382
355.22141510818767,-0.2537374974286877
353.4984755580973,-0.20761121540920158
335.5885173918215,0.01689535948116827
324.016802655604,-0.3002237739985958
339.07461513669006,0.2433565203446051
370.0035062855403,0.4829942202059101
355.951516256647,-0.4663866368586014
352.4811769037331,0.0409374531290041
353.6433205712917,0.13577275290322177
353.6433205712917,0.2874944803955941
362.10751382276493,0.29091332756433985
337.73915428172694,-0.09809471502296674
308.2001166578636,-0.05068029184383249
308.2001166578636,0.4705804911704945
338.74426882410904,0.05900869620393223
338.74426882410904,0.1956611046934995
323.65251430629894,-0.1592801067650953
314.7409515778407,-0.14203873601536543
318.089060161174,0.26091651489070955
341.77173552708916,0.29532667065052465
334.8288845531219,-0.10085481315809375
337.70219094779327,-0.33614270711018435
321.6924699893451,0.006656812819755942
334.84686025169117,0.3395066312544941
353.94731468193885,0.16479138731153853
339.4119938097675,-0.39138313174385075
346.42357748996056,0.17918504798922186
348.5008090311879,-0.2756230187376332
342.4322069714638,0.005303551590941424
359.2222363947563,0.553728507968799
359.1280964251136,0.17012470925624257
334.2593932287573,-0.2361882724209181
368.2745637896567,0.30712273346830443
380.3609964263325,0.4886131328676129
366.77771802576115,-0.07948383879966059
347.5198135844412,-0.20826448533580333
384.84611610177905,0.4008257680591214
370.410235950425,-0.04850651051924615
401.84272772953403,0.24517206553366577
383.14464803014897,-0.1416835296950012
345.2080132911505,-0.5842866935349775
374.60908921143397,0.592456491551161
354.2111472340921,-0.3313839032074384
363.7444085316157,0.2192996001698475
349.5447715608478,0.13655188617303793
342.25440603300643,-0.08601787288534979
367.1737959017233,0.19164495899303802
367.1737959017233,0.17365983355716708
352.535375033337,-0.10835353764434785
366.18539003188556,0.3511326652068192
339.9574504733605,-0.7525864039029102
339.9574504733605,0.6774100098643885
315.5941067045462,-0.1433152476321311
329.3812282831618,-0.06510522809514896
329.3812282831618,0.15395685504722678
329.3812282831618,1.1579725049504077
353.195296514164,0.3653087063746625
343.68163513743417,-0.1433355592312182
328.9284399510005,0.02683302436048507
324.7283199033607,-0.16029416657192996
332.37183235679424,-0.15551268290869302
333.5653467433882,-0.003559952259365673
344.96696154928077,0.3371968061227335
339.18211533349756,-0.16697345692091403
354.3162633232722,-0.07745989001352882
362.0114448377544,0.2956029641236455
345.03910234277043,-0.17693857583390127
345.03910234277043,0.05724173611986316
372.9170191241737,0.24493570400511544
370.9731124521283,0.08395833394570218
374.4450556653954,0.15462821599567178
376.6901327970825,0.026872262702454464
377.3194478024625,-0.24363179358294929
377.3194478024625,0.54722987653372
361.64798968245543,-0.5608676612472436
361.64798968245543,0.0800888983628738
351.0259447473714,-0.16089861930402094
351.0259447473714,0.06781683705037267
328.4120830057193,-0.09737744873245902
328.4120830057193,0.11448932447797233
349.48653953264153,0.46175754062562646
335.21202584686876,-0.3294623921567563
334.2780774023621,0.22736147672128482
321.74439442294675,-0.3232358279561822
321.74439442294675,0.5075770196482381
324.49016307965053,-0.061906133158345256
357.8553152583661,0.2064064400155985
348.1283125658638,-0.27425341313119134
344.59965939931215,0.07534902566123947
332.2157198253557,-0.15445951845708805
332.2157198253557,0.20228497099776632
341.5100075308398,0.2942437156145843
341.5100075308398,0.27847030025918684
333.08011460094514,-0.062251727139368995
352.9276611484105,0.17970297672741253
352.9276611484105,0.48236097551239254
352.9276611484105,0.8760371106251341
355.3440056195572,-0.35849323734623795
395.9384463672906,0.5093137549949915
385.0941985800283,-0.25521450905648635
406.90210462727873,0.5766764399113526
406.90210462727873,0.275571469887268
385.4528989507237,-0.4840600861078883
387.3857024000611,-0.17648525193862952
363.43575444277354,0.09722426119083138
402.2975220357483,0.2970984331220734
379.9607591425702,-0.3773726397741939
345.4737580653333,-0.2457657507826525
340.1225159277223,-0.21624194351011283
339.9301109625816,-0.1734435329376538
321.4483005228975,-0.3530740810319912
344.3686156919735,0.4164953185779723
357.30897661452565,-0.1974620570301795
332.0327982052755,0.17790542855686908
326.69266660946505,-0.21294953704386899
345.88821259638473,0.19440742070798933
333.64950181741847,0.11065774540895745
347.92117726035883,-0.22332447018470702
347.92117726035883,0.4874729694672624
334.112161968062,0.09926415466736671
334.112161968062,0.8374652271495506
345.3475149555633,0.0846275224580495
318.99663654046816,-0.5137821602370423
335.0344349699181,0.06889799233317717
345.6751387004639,0.44163760987623846
339.7369976197374,0.03524600959667623
370.4154816121207,0.10847497883480628
353.8058536824716,0.12767605437647944
335.13529389237664,-0.18976063821696698
366.04778844803553,0.0953643836332958
346.4134028281047,-0.0466237832972638
309.03139332950707,-0.5200412529748064
344.22057871681164,0.4616556557095919
317.7984452407055,-0.39207960447367896
317.7984452407055,0.666980642503745
321.7992345349882,-0.2076075673920741
328.18279516037893,0.29978935173130594
347.5269589286212,0.462537175098646
345.36128577149464,0.24853870315200766
327.0083922550532,-0.11530007895521521
338.2146425537428,0.03890963773721978
343.6472450484376,-0.03851336567652197
325.51724747208385,-0.10786354458423375
325.51724747208385,0.5669039836770935
325.51724747208385,0.7518736852625807
361.31888959834254,0.10028362235084387
372.5695530695725,0.5000271599596999
363.3447938976137,-0.19150093439452576
339.97659705031333,-0.1247701409374713
387.69290315515315,0.6500240641696564
366.95328860892903,-0.22352977850664502
350.44253620121174,0.01021809839380694
345.2622951541318,-0.11540618574645123
338.726400909639,-0.5704662204683473
347.9791225923412,0.06589674699716852
352.2267637421327,-0.11849783548530013
339.27198968982316,0.10689269668307588
327.88238226837444,-0.49140163701758865
331.01262206972825,0.05727046969775529
345.15548643061516,-0.13487877457123432
370.12370616160746,0.4430017602310272
345.60949369298316,-0.6165419400284691
358.7061053236902,0.4697317978004776
358.7061053236902,0.4564010719122962
361.88326492129653,0.2032464780633063
353.34357942154145,0.34099168893840215
371.25003971695224,0.191572773896155
365.96443005771823,0.08718795319578021
383.848063460928,-0.047884629362442865
373.8949133991787,0.08157085003904285
380.8318723046603,0.01362000004780839
367.6361099572948,0.16807868201885867
316.8092241952573,-0.4620569982654388
321.72202942781877,0.3648051333633475
339.10743544030674,0.017302838208820503
359.0684700792543,0.04418121622643412
359.0684700792543,0.503603421416301
387.0640094113677,0.032100392356596785
343.1029922367475,-0.22225176917379486
358.64262685889116,0.15943952677866946
368.66754758262175,0.339389152571016
374.8483343372967,0.014470295194655591
353.11106370834705,-0.6672467930920902
320.4210482009495,-0.19832944893937565
323.66618497285856,0.03174819286141428
323.66618497285856,0.4306767464928498
350.82538049181534,0.40353749667383454
340.73396163809656,0.06704995323229923
352.82772708387154,-0.08016936943249675
341.0796911935657,-0.21442233727952953
340.17504806837417,-0.014155824729527922
328.20015141744256,-0.003878509031210342
320.9333487008289,-0.24694132608976815
351.26501464918704,0.6873631559835758
346.74103758600415,0.2625278481799569
369.50380885921356,-0.11984450689669757
357.2467422535027,0.4663847427600558
371.61636672435355,-0.3506322446253307
360.2841577676929,0.24807291921820251
377.46734422119414,-0.0024423511398481423
342.4926003613084,-0.30051584358898253
355.7615945456201,-0.23637134690216044
338.03508577647557,0.13874496267590075
337.95669433404606,-0.08452203624472077
348.3045595424065,-0.09257826623274923
348.3045595424065,0.4983449907198292
343.2978595655916,0.16867944349735353
347.0550630128515,0.20989684218943694
365.9341369981057,0.30530543045631475
379.98901609668263,0.006438718802996846
335.41573995170523,-0.3974722146945169
334.3990673908195,-0.047758855377196596
334.3990673908195,0.24114435283877356
340.5145187174778,0.21304905830345433
358.9105115308395,0.29650543772140736
340.56839329120805,-0.41572355136895567
340.56839329120805,0.6117357187080188
344.3582111737794,0.062329060285719606
346.66702971839845,-0.06031604280258307
350.54830277332843,-0.010151175857004091
343.06040097147337,0.03511719214156983
318.26289752721834,-0.15476951111543258
318.26289752721834,0.6271427096446587
369.122754998524,0.777054371470058
368.22299654362575,0.3714294670905929
345.7039298182926,-0.4609513420963367
345.7039298182926,0.3297947240173471
381.17610977441234,0.16879398932815093
381.17610977441234,0.45332274891450197
379.82444225069037,-0.04438667728231849
379.82444225069037,0.9489476701500053
381.9125552473924,0.4267681838804265
374.1143049082939,-0.12735677327611938
365.00881937477754,0.0067169589303830435
351.3588450603956,-0.00766241509450083
349.1058772843815,-0.0913335826179491
349.1058772843815,0.7729454222949244
325.57583688990303,-0.0631425975076354
325.57583688990303,0.9013578017294321
343.1209277950599,0.4285786556495168
341.38149207572025,0.013139102893092058
341.5240578076877,-0.2869419277126326
341.5240578076877,0.5191218088818914
381.26804572102515,0.28589927998552866
366.3886947703063,-0.18334555860553792
357.57119788794733,-0.31228518271495886
361.7981600299256,0.03799462863594272
377.9462433631368,0.49781659782672705
346.44167242535497,-0.33172258257559406
326.77267359574483,-0.45597411177300273
376.05657047305493,0.61699927482573
374.8886513927121,-0.07249533776121098
358.7433785899138,0.06587226312262828
365.63387970484473,-0.11348444292138993
365.63387970484473,0.3772904655012326
344.23265269727057,-0.21385751606453596
356.5607763988491,0.1517332325007601
367.3589363253625,0.27122722651927234
350.8107699213067,-0.6080550088931886
348.0849201283223,0.29251496158417467
344.87955781415417,-0.1395017430511416
353.5800033855805,0.0611680896291773
342.48410389018164,-0.011367102937583695
349.94697886114403,-0.10034830356676139
339.90458258851436,0.3016332445270109
360.4455355447686,0.022423077720077345
354.4633165509717,0.060929717502062886
303.96363480974196,-0.8422368287886002
303.96363480974196,0.4489048740289263
303.96363480974196,0.7560867907952797
339.20990177946334,0.30111402111970165
354.6376236774792,0.058421675086719915
346.5150578997557,-0.09688068274294892
340.4087842095438,-0.4132469098663023
333.0929441678595,-0.20887986617140086
356.0533246758805,0.3432941478454268
339.15505375732636,-0.3542143924968286
357.0662632821224,0.1453258035126055
339.62678328366405,-0.3427944960324112
350.7830886713463,-0.03091921586508306
340.55985682304436,-0.09896287535866577
341.40137360821063,0.3260692818789721
359.06819349060953,0.13043102724316213
310.2946999889685,-0.5034014180541817
316.0983496918674,0.16753434868337536
356.67139527401673,0.705601008455119
392.45711292993707,0.6812194154565532
390.2857984786676,-0.32552403241948014
398.4322659230676,0.3850293228742885
386.3082007556315,-0.48458848618554384
376.78158170907153,-0.2491672014186861
382.3406886506582,-0.16337092365949957
355.65484709718237,0.02116453242535954
360.5025307963855,0.17377034164394445
368.3040308632994,-0.2530095127090135
371.9591378140719,0.07287056022846627
349.19576315546794,-0.446838996174165
336.0696966002544,-0.24996803060446382
353.91886452881903,0.0326540320395452
366.6421013551432,0.228837167885672
373.2428936009806,-0.012997847243923388
347.9682486481937,-0.298524185883025
335.713621949064,-0.3190050152023787
335.713621949064,0.19582597450539652
338.03312355239035,-0.04248790522638046
346.6063841536682,-0.09613608754943925
384.2573164991067,0.791107225466817
384.2573164991067,0.13909560114768738
363.4581914704333,-0.33742002961753315
363.4581914704333,0.17244229018160695
370.94606291245634,0.15509992226202485
350.0482906878331,-0.14170570702856367
346.5438336802431,-0.16007161520883528
351.09205597352553,0.18807163469512034
346.59849516929347,-0.24875461900023765
355.7171403790344,0.12477501580292483
341.8603920172654,-0.1196315246377253
385.41678744679865,0.8738865204193189
393.9841835912534,-0.08303886044063802
378.2198224152119,-0.3499581833857519
352.51914065637004,0.12905924834331017
352.51914065637004,0.41991924000319614
356.9174940588033,-0.6360345431627366
378.940228580107,0.5438000728752286
372.73060555536983,-0.10793848105595316
365.1550430591834,0.1271385560263525
356.2954141674593,-0.2939523591151101
355.5012713418015,-0.43546018719712265
357.4287237299637,-0.049689134000232116
407.43085217996577,0.6752415142818791
378.29822362669796,0.04652046350031469
363.68804967328435,-0.18458603435624354
363.7433710842155,0.013613231545491544
338.70605120396914,-0.32292271593200894
375.9134447335443,0.6663699742989593
375.1210746038676,-0.12366018561283454
378.0622062663839,0.020515821620278984
376.4835175386635,-0.044632994714106644
384.2363647284871,-0.02342620551235086
369.4482486256966,0.03822025039642085
369.4482486256966,0.32947952791425905
384.5226055682514,0.14271237679349724
332.13543333298963,-0.7881940422153093
343.7852850423336,0.15205202596757772
334.30860644644724,-0.1438703170339295
334.30860644644724,0.6963970084749462
358.4433170372431,0.3792064513429523
346.0163894627766,-0.04773203421234484
365.40269906485275,0.4474161443106368
388.24023015957476,0.009460341317549137
389.2311245082468,0.12949561746700056
420.2383350671391,-0.005618781025077624
418.5182999382349,-0.06167587290394749
365.6271565258473,-0.47159635779541986
363.40159339886276,0.29185875187135935
371.5205711493223,0.02071455624150076
388.14858931406525,0.3189940246659262
364.9422325069256,-0.260985114897494
383.14964552041897,-0.2054368513740883
395.55146403231885,0.14375495046476772
366.43525273089193,-0.336472919200105
366.43525273089193,0.34334074847606644
343.71847749484584,-0.4029918110501285
343.71847749484584,0.492035479766173
383.80482140691817,0.5808289558621027
342.37617998304535,-0.26865523093056254
338.0715522154413,0.001243827811549636
359.3472709479404,0.10816992379932344
342.0779948283557,0.03734169507208662
356.2138068716822,0.20221727174487114
324.070893040507,-0.39713901164645904
324.070893040507,0.6948167137170458
324.070893040507,0.3313914753894096
327.3946070264918,-0.07673169870781749
327.3946070264918,0.464820896896299
329.10259048645315,0.15183177340782095
323.46861232290485,0.09446934037123356
318.0554285972716,-0.30089177075888074
312.6080549281483,-0.056084531668830095
326.0026802227515,0.5790457914338276
308.2842705689637,-0.3511354630987853
325.97204534606647,0.15585739690970968
329.2317123110278,-0.044978810643215184
338.49596578623476,0.14726722009368132
325.54716422634067,-0.2392613296452737
351.6257886593757,0.38434825701449427
321.77884116429533,-0.5142401579089437
321.77884116429533,0.18930369826614424
310.9619860191917,0.3787006977039482
355.2965565391622,0.42968213338792793
300.51116676821243,-0.7600366255338713
323.48205441896033,0.2962246780118676
332.4530964449463,0.17666927555967504
367.0820140845704,0.28331557701483234
388.1878788233809,0.23024920793000092
351.1399974189434,-0.4288046142986559
360.30917113229754,0.4184604314623357
346.6127566006195,-0.2567005901189532
340.20400034998386,0.11185993729372967
340.20400034998386,0.09121537956468728
340.20400034998386,0.1946288898562898
340.20400034998386,0.6396007559551435
359.21589191517916,0.4168885505613389
369.4916852105651,-0.3147932727888474
374.8252129404586,-0.061498845434698524
310.02880331850554,-0.7748175227927732
310.02880331850554,0.6013997816983192
310.02880331850554,0.8383363055215796
310.02880331850554,0.8575709098632842
303.83315811607025,0.10743842911972479
320.4908638289504,0.20315997563238852
328.80340143714534,0.09288189635924482
349.16058927880226,0.5226689617619513
356.6362910944844,-0.2688293457533746
363.748359683278,0.1286491867119821
363.748359683278,0.18339197087811954
387.2102262698664,0.209010873743523
376.54981649214614,-0.12763722599549965
399.05236500055304,-0.003495513579537146
395.29496753392004,0.30084280308949474
375.1469467507818,0.00837160365665568
339.01333157202646,-0.5313033212836444
371.0041044622385,0.5189334137029391
370.1594735208024,-0.33173044837769794
337.48148291067275,-0.47194890930143174
351.0689637197032,-0.026247945323689237
329.0784628690469,0.09684771448053198
353.50114072922463,0.605972999860569
374.8360315002327,-0.15547538705970965
363.71754502037317,-0.09901546154799235
356.5792355502545,-0.3063895015475282
336.1152618810209,0.25779322425444207
349.51216025104134,-0.2985106496851131
349.51216025104134,0.3922015393001175
302.06761485494997,-0.06965349947620325
302.06761485494997,0.45156152541119354
323.6743538485726,0.05388183645618483
323.6743538485726,0.7818910173784843
323.6743538485726,0.1678203218039016
356.9101214950826,0.4710275871864269
344.9067208702559,-0.12332055418460186
344.9067208702559,0.3396576669163096
360.0066411075897,-0.020320588602544376
361.7997685288428,0.1939667179369735
354.89181521010437,-0.191819975772205
334.92247002149696,-0.08836337808349981
338.30091670528935,-0.2750546764930277
338.30091670528935,0.2572847979747621
338.30091670528935,0.21506723044012688
338.30091670528935,0.9501559278320428
349.5356721973263,0.07800365867080927
364.5331198631686,0.45429522283791357
359.38422523737927,-0.07934573923319022
341.77377974665615,-0.254867832189575
359.3313117699695,0.37595684552752573
348.0948595242938,-0.26430027447975135
362.8490414249469,0.4556380617918876
356.03818947767354,-0.2144547504763068
376.78669713588033,0.38697742550425573
377.1369964695421,-0.09499279302451669
363.51647961729554,0.03138614883084756
379.8664296532385,0.06980932746932922
359.3515604174303,-0.2585955712620489
337.5585412515448,-0.27052068875923396
352.29030653547153,0.28432993034221
346.99475031587264,-0.31488788213550833
350.5275268754076,0.10662526987584897
337.7185515630323,-0.20950582041541566
333.0364626682064,-0.03293663383067269
315.595427111225,-0.2715254285606079
329.19042227496243,0.17717895539942674
339.5216301557881,0.1388927161905258
307.16100762138785,-0.49927887320234277
292.64844659277827,-0.27580830237752707
292.64844659277827,0.8048159155507619
294.7936202481497,0.22858177709485972
309.03679299017205,0.23176484010298282
309.03679299017205,0.8788399478864903
328.0338113352473,0.243738549999307
328.4286541342788,0.39487859121686597
308.83069789381625,-0.3965588461394418
309.3388450245311,-0.24713564643309383
287.0817219851241,-0.05652843364759974
287.0817219851241,0.2436579014685094
315.64443750403194,0.2525271092371213
333.88368082701413,0.058041938500082324
324.0362502518741,-0.2167146137300051
328.0057408985526,-0.04624726102576915
359.4361648407907,0.26698878098136447
327.14631048977634,-0.02819415265207681
327.14631048977634,0.5460148659251445
327.14631048977634,0.5025505161995625
307.94747347100974,-0.4711502578359159
318.089780206227,0.24720042036290124
299.3254913263994,-0.357941703642382
311.35320188508183,0.03484936436291264
311.35320188508183,0.8219163036338841
310.03047329402654,0.2372745857268228
340.2363761306995,0.42827243934016224
356.4752700057278,-0.1627596866736667
361.3093668903567,-0.10244068721203803
354.1086148301497,-0.1095937813100818
355.8706869768189,0.17552413322334814
355.8706869768189,0.45900759062624275
355.8706869768189,0.05860109361310606
369.4856515324516,0.3746031884406875
375.24615383500014,0.20804162500814982
331.22148262076587,-0.7277333832807926
338.8333942559727,-0.18945428530037134
331.4479148101064,-0.09943575923762182
340.8041267000966,0.3290672933719634
325.472736778088,-0.21938161370712805
326.13470107133975,0.30062853719152827
343.5601563663587,-0.08324223251452167
347.8908730332072,0.21448386658607888
329.2039063928334,0.06195929817067736
329.2039063928334,0.23742530282868302
324.9374526924702,-0.6560202028206277
324.9374526924702,0.5466572310788251
350.06697016336994,0.3593326376778805
343.5512688140207,-0.14652720860408408
343.5512688140207,0.42604466697059706
324.4081218254584,-0.05563572763935554
324.4081218254584,0.39919975849306866
339.84516748515136,0.2647678962404143
335.7141723159305,0.08800869670676548
333.77799248265296,0.2894645957520652
337.739873202071,-0.19319716019344924
325.4492507723845,-0.28731446648498604
338.3858839267752,-0.017498620688229494
338.3858839267752,0.2927666298555778
335.83318553874534,0.06208591985068779
354.56831233031545,0.36137864699981037
353.28488006935555,0.2705123190546601
342.448602834806,0.16043476455081418
345.2447544738109,0.01241276079281306
383.02941268521937,0.07080757530206938
394.2751007234618,0.5023131635575737
366.45590961156296,-0.3822107862597477
357.6994785656652,-0.22843675750971215
362.1889710073676,-0.04094157310339597
378.3608133747963,-0.1802009901218753
378.3608133747963,0.7353957793893642
375.59965993564595,-0.13384047893180195
404.3725197694838,0.5190135932876956
396.186614748288,-0.14084039743943322
396.186614748288,0.3501095032088415
353.6942129857379,-0.18629785382927366
386.24002388671386,0.15582133548798538
381.55091754725487,-0.2207480211533266
334.2208452197724,-0.10145399701957558
381.3874261563845,0.01297671389079369
370.26168294098323,-0.045546299481657115
343.78648662563836,-0.663664900152753
356.8209158702204,0.09063720134508912
337.67795331964487,-0.17296182458119347
351.0463706249784,0.35046301065563057
349.9222720507249,-0.19718831706893525
323.6442287229974,0.16175788742634722
345.80563745709753,0.01811349495790182
381.4511883992134,0.7702116731670685
353.5006011892903,-0.6325855499654836
358.8532303441058,0.08397742460897462
332.6241960123164,-0.2747516511980166
332.70637717177294,-0.013705093347084585
332.5265709667882,-0.003175418503133187
332.8572927891213,-0.2661189675297919
299.9604051977754,-0.3462014311637631
299.9604051977754,0.8263008413302941
300.08621364468206,-0.388501894090723
325.59382160052604,0.5853580406386527
325.59382160052604,0.2666932513423035
321.19300030518355,0.061233515805952266
321.16581375482104,0.09364288488177408
313.0786920885166,0.03728974551177089
344.46240773276105,0.5094193640557023
317.00756477797637,-0.6895910599278068
311.34292217232434,-0.08239072039532402
338.2099634800614,0.14417875154140347
331.64795107370225,0.09033340168684845
334.183961425015,-0.08322363552576917
334.183961425015,0.2657425959267812
343.19693650128295,0.15179467385166845
360.61365473007197,0.19987834513665348
372.2980751812261,0.07737694216166346
386.4958821758567,-0.14345429617287664
371.81597782211975,-0.10901315427076952
366.9860145838645,-0.08478385778164466
366.9860145838645,0.34770255169314623
366.6401270196785,-0.16132309996442018
373.07387067351556,0.6175050756568226
359.4863518796489,-0.6158902293739175
346.60539793948203,-0.09852121873211672
340.8664947203604,0.17685361463747995
369.77294615257625,0.2721414215104687
364.5546341773956,-0.3212612139845987
368.79983666803685,-0.08080610601928129
345.0688669271671,-0.28191050726400135
382.75750469683874,0.31840547572835476
382.75750469683874,0.5723104337344012
342.7862139354071,-0.09578675314696738
327.6727483620634,-0.12549083652947957
327.6727483620634,0.574663217430043
346.51850933090805,0.018103378271689508
364.5953917361083,0.3584038772820577
373.9132827359112,0.3360475216341001
362.4624880087921,-0.03434682151703328
361.7111817713541,0.29533061648862713
360.20349206870867,-0.1729569340134276
340.43707500599754,-0.3846831493865466
340.43707500599754,0.20541487826972116
329.98671661120704,-0.2922592206942909
329.98671661120704,0.3029733326357018
339.1476257396768,0.039779022295419963
353.12468713567654,-0.122818743855305
378.7141024630781,0.2729903581364397
361.0103949964936,-0.022936651173154132
345.9172599686608,-0.37634609318672574
345.9172599686608,0.5670624072595274
336.4731581884577,-0.11416379211573258
337.5926566113127,-0.08385621934996834
335.74642503962355,-0.0265538463198709
351.2874862061997,-0.24455623949302208
364.9638348308651,0.48449198147238803
351.51421986586587,-0.4212784260803346
365.05342586365276,0.024719065494764436
354.2176429394877,-0.04599310654111832
357.3705995818367,0.031552026188364835
351.3619606033974,-0.02855499347674595
320.4535329098089,-0.36105102081398854
332.10138062727316,0.010214482335413777
335.4086537145601,0.15478279891976854
348.62417579471474,0.2381543541443989
324.87004969282765,-0.5159481818108134
337.13761550601714,0.733391264040165
356.098086795446,0.20323668660989824
335.37597785448395,-0.5151400140599662
347.1311114457318,0.09657915749448875
318.5624819316429,-0.1612444039795946
302.9759151491072,-0.776954200766454
300.0146568588793,0.0795609032147695
343.1892487161776,0.4665492756137155
329.3631315898982,-0.5428060121371345
346.9565246797253,0.12830706456315966
316.5728102465875,-0.2502250296586226
326.51025021531433,0.2723586128762463
321.80406974185485,0.040509511104119156
337.963983753838,0.31342587560573065
326.9121251583068,-0.15977758393728436
339.08779024361746,0.5534586671307125
345.1716074285472,-0.24007351420914347
345.1716074285472,0.3843811977092173
345.1716074285472,0.4285919447523838
350.9189886484852,0.2045263268294093
356.0146595740457,0.29715224184269573
357.463540838285,-0.32184350611782975
349.3532289972477,0.0646563866885117
351.0787807363081,-0.14187461195024298
337.99155903769423,0.11632991438568752
309.9788864488202,-0.5669525505065849
342.0643521504712,0.2492903652861287
329.2787024091684,0.6305447013262437
337.22799723256503,-0.41605694847817176
332.23923824665474,0.11997794013029761
338.27737364154876,0.108108843861487
320.30402295831686,-0.21784628772286396
362.2276086566793,0.38776840313767025
327.93134882097837,-0.2710620955546119
325.5616741929483,-0.05629552513255476
358.1775883117376,0.4854123683862781
351.98338450696554,-0.23314746682672194
374.66249051648697,0.49375839778235786
346.5860227871814,-0.10458093048316641
346.5860227871814,0.2366975499982118
359.6235145526047,0.016324236872719666
361.30308877059286,-0.09832812923650636
361.30308877059286,0.5372147201071584
352.5864199080518,0.3201725826844495
357.61424791805416,-0.34310080029138135
379.51370950001564,0.39897657009555587
379.51370950001564,0.21978374449565763
363.58516234241296,0.005231643237038952
353.519249731582,-0.28922039892324847
363.20613787028265,0.1083997979775404
353.8527688831254,-0.040550990615543014
329.30465337435385,-0.3593436059876467
328.3956666691499,-0.20046776251012943
328.3956666691499,0.7909557810191927
328.3956666691499,0.31145824621341944
334.51318226755814,-0.03354068739531613
326.4749503911875,-0.226363717919412
340.4309702800321,0.16491756195568996
341.0874590988898,0.11399915598417465
359.1313398070658,0.1379633470500039
359.1313398070658,0.16192106411381246
348.28033553277663,-0.33060031795071154
383.0679616265308,0.7022912624045148
387.6075473165415,-0.03730489947008664
348.1285247606054,-0.7086583575056693
341.2538866974477,-0.4062987289137254
335.38232436396515,0.5722161741433638
354.73192810485807,0.2813058140781095
359.9920566901788,0.025162165059100516
332.34440316720685,-0.31456210665191975
333.78787350051664,-0.3182798461070888
326.06388653014824,0.14232835871371208
338.0562545057747,-0.021161121106047176
328.96527577494305,0.33413631290409285
342.5293448389423,0.5857423372808626
339.3855866860973,-0.24361085720090614
351.7965858105957,0.4196858220748254
345.84575101967977,-0.503398520568453
327.2715671579303,-0.41749762523772915
339.8998885891183,0.23937683264114185
339.8998885891183,0.6041846710356822
339.8998885891183,0.4434225986422007
339.8998885891183,0.6703144784859205
329.33486958174274,0.11787600018931244
341.2255237029442,0.12092126827838001
369.2227561667991,0.0719623582767781
362.4360521388794,0.13134073465437268
375.2275529235982,0.1943966586774195
365.8390421359519,0.11575986013622241
307.89606633005434,-0.5964914671756105
307.89606633005434,0.4254368204203729
307.89606633005434,0.4848693798592194
337.5223039320995,0.10938703911051562
313.3211959779353,0.07367667831942981
345.7751920669459,0.2075284968653932
345.7751920669459,0.29326500139404743
359.111490240262,0.3347395538303317
339.68893971760286,-0.46006025352028246
367.2822604833528,0.2873126506119661
337.31388606789875,-0.267877491672607
326.574276905967,-0.002858316725678378
327.28738999157963,0.018113700888989115
361.06856516379986,0.2935382573652987
355.731265630731,0.016797221147953678
357.21831441404834,0.07784953362215674
355.9161297311607,-0.2990598734395462
321.5713762746036,-0.40479036508600075
308.19700035432714,0.01929987173321024
308.19700035432714,0.9823290285477242
318.436683765659,0.16159182441629127
361.3264250900853,0.24723004259783465
331.75451018079855,-0.6131348584304988
335.7078897588603,0.1534582178206847
357.1656123357651,0.25745083284527936
357.1251164551808,0.22533108601851382
361.0179503707103,-0.05458294103505068
377.85864114697097,0.22783976632786107
358.48625308041784,-0.2777208446661916
358.48625308041784,0.6061600230505064
359.0239567954054,0.019413307795616674
340.8980634174259,0.08410478701239299
336.59005709950065,-0.25375335919795816
355.0007872111423,0.3045259473825581
360.1873696149034,-0.1340341082136547
348.3247407818789,-0.376406627438314
348.3247407818789,0.3243473006428985
345.8380032318341,0.28533715473224674
357.13915277345893,-0.058432449783595075
371.6838408384603,0.42085133872114966
357.5926031795168,-0.08720526209845048
348.96487908917766,-0.19660519579326774
329.52595089571304,-0.17838662038752773
330.22809386928805,0.21292594991280112
367.4189095506195,0.44696603172008054
374.0098536047545,-0.01684895873302139
368.75966403499143,-0.04698771219534592
347.52710821235337,-0.30779756759011434
358.2570477205708,-0.0619660200807175
358.40384198757346,0.10778439880743917
343.08520402936125,-0.35261354532804035
412.2919632859426,0.9692035854930054
377.8493928295424,-0.42198512605637006
396.02660600874583,0.4814559119409978
364.29903178468334,-0.39370778979093757
332.87915487032143,-0.2411448983060609
368.8835246136542,0.6427839630166545
352.9860867910999,-0.23740977539341657
338.6965031446115,-0.4687039080655495
350.39532091511256,-0.007369389094719736
336.5728260186981,0.17673960973183966
357.38374000024857,-0.3121493661966497
357.38374000024857,0.6333091511949078
346.0836546673329,-0.14742707800871813
346.0836546673329,0.284577495103008
359.1772011900998,0.14335303376878983
348.0391578731404,0.013449225870999726
364.1436016277106,-0.017135793584543535
363.4860625624372,-0.27250561803498385
370.02485448853275,0.19399664012416906
373.9761288147374,0.020638550685362134
360.36640250757625,-0.2144184398852076
363.02016572313715,0.6231318201331533
361.73005126820834,-0.4299960499820372
388.9947313599031,0.47675944075933785
377.62994440173264,-0.7042341404503532
383.71254940337354,0.20401390378856377
376.06088977282656,-0.003467771040845946
342.5881446860678,-0.3662361831693488
350.3796347032261,0.1476400751400888
345.9588224601277,-0.35992862287287153
329.112930216039,0.23496372157865153
342.0203099086951,0.16388890475684548
356.5848068428537,0.28197206735433156
333.51032200833214,-0.501838582972141
332.46238553417936,-0.2051361753490255
332.46238553417936,0.7909673449756838
339.01218477450516,0.20967666503247528
327.00584230213565,-0.3808085611524348
360.6896696914296,0.36602848592531245
357.2706336000818,-0.29922579696813045
349.46115030294993,-0.3901676906182274
376.08867067951314,0.3019563614591334
340.43358113122275,-0.47057048796068557
334.40072841509783,-0.2294832601080543
351.9365348419688,0.290850667301811
363.13079405246515,0.0863777495993645
330.2585388224002,-0.34308585056135144
346.2720756843987,0.06659092893539764
352.1751695439131,0.3500839209394826
359.1168638339563,-0.28385506046106457
347.34238273227896,-0.21238869829824125
347.34238273227896,0.5822358002644705
343.5467111400047,0.35850515011372863
355.1384939727749,0.2812331133156931
351.5669209687179,-0.20752769762771095
347.1931352707732,0.006182263820619482
347.1931352707732,0.3302971077168877
347.1931352707732,0.8983909159717314
352.6974249316044,-0.007662087457447342
352.6974249316044,0.7835468692873064
350.9226515258644,0.31518262347867676
365.8431451960772,0.10103946898800586
365.8431451960772,0.08880334112063792
349.1000583077606,-0.2596115448936871
352.92108062643604,0.25544990728224093
353.8109542532212,0.07673220063441022
348.94810828323597,-0.1810605787585473
393.98708033381354,0.16642915312058904
405.2012030961621,0.2879570206787321
409.2628493208241,0.18133418885656738
387.1314722466532,0.1679925410630858
360.10996969921086,-0.5954936017228647
342.2286158372421,-0.6101383355336338
348.05813201806444,0.09143517596010042
330.4131422164772,-0.6141910580900003
338.9926916904428,0.4514130109165535
360.47713533616115,0.5311419003649007
327.2206344347848,-0.29600238160048775
321.88444395585736,0.10642216770827417
322.51727588387644,-0.03671051060632635
326.56182663097945,-0.05302610314402045
317.4169019185096,0.25431622390829034
323.6590002979393,0.01229310658209215
350.8545623983166,0.397982498334045
341.2038636450936,-0.3152136419500948
364.9577050165214,0.49044828144201347
332.087338513172,-0.06231400940328058
376.92819983965353,0.165103400164071
357.7460421898729,-0.3482860852916474
366.86143008032934,-0.3500118155121754
317.78288261709395,-0.45240443700720334
317.78288261709395,0.25205623966814983
317.78288261709395,0.36181784692212204
317.78288261709395,0.2448557526620334
336.7194991573773,0.17470026356193102
343.70536273686645,-0.2673061619763075
410.683697357921,0.95997773164504
398.59876414003844,-0.19464278042278238
393.951214009856,-0.07839651457038599
393.951214009856,0.38002700847084725
390.04327155321045,-0.13722582216098544
348.3589750869264,-0.4746134426700337
339.80219135274103,-0.08665548782971655
356.83958413090966,0.23270775463390692
375.6704123709497,0.14795791300787187
375.6704123709497,0.23370357681756104
395.8339718956462,0.12675163871608675
361.8623712449567,-0.22696966871001223
370.724101782521,-0.040363352514305006
399.3516797383748,0.31013079720764836
391.1691402980611,0.25408169802199154
362.1659808514767,-0.5468161367804214
370.8774569736854,-0.09306694480073929
388.5211723754907,0.013492062616023759
381.0359924086384,0.37713503045142716
374.30889645675944,-0.09033264895310822
334.03318898138707,-0.6832802048027133
342.6398279660808,0.011352989939155123
342.6398279660808,0.2989833028650537
362.11954968615913,0.35175052796614636
358.94668585880896,-0.25312969375477223
358.94668585880896,0.5110621514792228
326.0116095024412,-0.44237300231634435
345.484160920863,0.1586049788481887
345.484160920863,0.7121425859419332
373.33698941134617,0.26062581286180375
356.08872055323786,-0.12117765983919071
344.98856816462865,-0.013709706987015124
341.27772078547434,0.23834806122818009
341.27772078547434,0.41080426884923327
328.7522853828712,-0.18411968550663005
317.0235305828281,0.0380394397609507
338.8519483384667,0.27424876021427735
323.665277985049,-0.013171535498713638
336.7504192211584,0.08611355406549137
371.1036411467425,0.38006427326172343
361.9856904873837,-0.07012669672576521
370.95481177786166,0.1804161979143828
368.3906875301973,0.04938735428174823
385.44291945810056,0.04550753454827827
361.6351565429584,-0.255437087692826
361.3563155858172,-0.09560851803155401
345.50276832096506,0.3586482905640196
358.8645712967676,0.029336346680679526
338.772823785495,-0.17007352410848853
360.2762607680283,0.008477912639932583
359.87843661607513,-0.1291436433788249
355.68905013329373,0.3148090865472568
335.9672195304153,-0.19131108858584867
370.63678780889046,0.24765912449106509
342.7243652938203,-0.17399941253347606
323.29585656503724,-0.15458918124522825
323.29585656503724,0.7315005308214495
355.36387726800905,0.24651098009167072
363.37760635454543,-0.05454691966065184
363.37760635454543,0.517406239012189
351.1373427207039,-0.43161919624753864
344.3807261506651,0.15867945163427066
382.5338206581075,0.5584816201401281
345.7790663839302,-0.20033254901932196
345.7790663839302,0.24620833430628863
345.7790663839302,0.5284426454845743
340.55382167125134,-0.1905347091292242
340.55382167125134,0.36340391029386865
347.8825011433395,0.5520539707812304
339.3710611476608,-0.28472853087589556
339.3710611476608,0.6192385453473435
322.8551304407538,-0.3510617797617215
322.8551304407538,0.8374720558753097
311.3361291606228,-0.005175268033099201
291.0027418147784,-0.3927834066569176
331.99592443765556,0.2709470765544211
331.99592443765556,0.7407049241321602
343.37085869836113,0.2141053156262842
326.17944353478714,-0.2330658092687372
342.0515530197384,0.20094570463584205
369.5539265411356,0.8091643588034003
348.6247080925512,-0.37593416910272026
337.11059620518296,-0.1486838914075861
350.46724047109564,0.26143324160204884
371.2081250753325,0.09245382719643658
367.00722864603756,0.0806912144406624
345.44391504879644,-0.22906512096392362
339.0204163709012,0.0887827657844582
339.0204163709012,0.23134741781143475
341.39790444869254,0.2694531374718281
362.7878681182557,0.10364541679018657
372.13694162546614,0.23623099980932238
367.62274623936554,-0.22244635480888064
360.7484641258656,0.03898499642582465
389.06718665151425,0.4440824464841171
341.0814772536975,-0.44198960684173016
332.81648335414076,-0.23913344089532984
349.0014737000221,-0.038680307749132226
334.4922868023218,-0.1373482949600202
334.4922868023218,0.6863319598428461
346.7486342351039,0.25448519154463156
332.53850385220335,-0.21376198041900807
354.198158835494,0.32507178278297033
358.99092070187555,-0.2986897286656358
365.25565250441787,-0.04948472904140999
361.0614371864857,0.23556475084888007
365.8907997123409,-0.32799171577755715
350.3752772955592,-0.20253558167701158
359.09610799202045,0.25061618062284197
358.2415226792985,-0.276761491555817
358.2415226792985,0.4287710011606123
326.9554146903797,-0.4979440006383129
352.1868367602998,0.4036470056616963
352.1868367602998,0.27147396775285415
370.1214281252839,0.26099466218852285
372.86658685378296,0.16388324587569514
340.25062979075614,-0.04297803391227717
341.87118782114084,-0.020290102990315972
344.75631893887277,-0.25754436246597834
361.7769439772803,0.6210911960276917
333.5497920278555,-0.3641789964688087
326.4643553259141,-0.1529611594802418
354.83634478947414,0.17910716411847716
346.4687714782339,0.15568449195848189
339.7162956819089,-0.2716867079577696
314.8968867293905,-0.4065980621298877
303.6521575587051,0.1463639383299551
320.8701086171272,0.05597753031247521
320.8701086171272,0.08980411205379824
324.53479667623577,0.1546513066841726
333.06629435609204,0.003997460869868519
340.5190704391144,0.3997654626635949
368.4961057076308,0.2927913334672212
346.4062524376219,-0.26401242254871704
331.961413044372,-0.19580669237370785
336.79548052733736,0.10967393453211116
336.79548052733736,0.07828995694080731
350.7339911417428,0.2822127871038447
358.5007657566886,-0.3018289969577381
377.5095003352918,0.4102928731863358
345.00060802480203,-0.06947272562319995
342.15605079788907,-0.0839015353111563
365.88307013857406,0.5386724714488764
365.88307013857406,0.04346679208401838
331.517512816333,-0.3948000000208367
331.517512816333,0.4269422537745413
362.6692141585113,0.6130603435905186
344.38336975654164,-0.4233711955964736
361.84018406361616,0.2987033538531705
353.9081602589899,-0.11283232963398859
336.9430615163818,-0.17161553127448315
356.5533926227207,-0.10847339758606722
384.2587638150866,0.5508120476334852
343.6326055240969,-0.6897188014478388
343.6326055240969,0.537491847009278
365.7159157818213,0.38346611538850084
343.34467724504873,-0.39796861160357366
354.61711929718086,0.1685854420176156
328.89871687436516,-0.1927756534674927
328.89871687436516,0.4195626633654683
340.86945855821654,-0.32959256661797554
329.647782493932,0.1635026767223735
333.96287307088323,-0.01659322927230278
334.6756921697804,0.10389734506281911
317.6519849346261,-0.19617171020911428
324.83463750388745,-0.022465670426754514
348.9639608731746,0.18742466233823052
350.78701477812035,0.1154036411354582
350.78701477812035,0.26015407248451083
372.9962147670422,0.4340473187094176
391.4586973043666,0.14793893838327676
381.12178186938706,-0.35933992354182465
364.6220149516775,-0.33709307487890783
356.75735517337796,0.03346687140458471
342.2240330188279,-0.11435282383467893
342.2240330188279,0.14204140937863485
365.60453971190924,0.1956339808264147
368.28790507865693,0.16926944442161584
364.1933409596508,-0.2602467143467493
341.67501191042794,-0.23575933909103242
354.140083530668,0.345673544050328
335.7750977744139,-0.3327604313097936
361.0352790969726,0.1711372730628682
346.5773681621833,-0.16939877477614118
334.48210605077367,-0.21919316711364445
347.6536550854052,0.050557646489323815
355.82930293177213,0.3868600167152181
343.2493821087995,0.23166552606130608
344.88770395224986,-0.23220561751350033
319.3210159483034,-0.6618154313445075
346.4560043920859,0.40516153016164935
352.1739726602895,-0.31469409302314943
348.3509953837348,0.16296173198770703
334.6242151175708,0.04926145431886653
334.86433866831015,0.10410130040190779
355.42168580562117,0.03341118744810956
355.42168580562117,0.9970546314125386
358.6105078289504,0.19213646949845042
358.6105078289504,0.2118820891064388
330.35986159672615,-0.3640487568795834
349.57513052775965,0.4393883113771153
342.3713572353959,0.11094186198147327
363.1484362932587,0.27353827464366987
350.67307451802446,-0.13848335422096625
341.89469820802054,-0.08371447604986315
362.68535054602904,-0.004445442858013848
350.71085448067504,-0.2649118364389551
327.54881536186184,0.09074521996717522
351.7350532573732,0.019869023565661337
356.6380270741068,-0.06502630210343341
332.79814620823987,-0.2846020736853916
335.77187815966886,-0.04920441427350397
340.9623608642951,0.32506911775965364
397.1468892922696,0.6205531975576832
392.74053590737884,0.07732801428915081
380.25026724654094,-0.1262565220719125
351.2433295908975,-0.5166128982882583
351.2433295908975,0.36779577355264337
383.0289117654602,0.32963163576084753
383.1168906812106,0.039270195392532514
357.8716708444387,-0.46556399761834655
352.7840566891489,0.0674771849088529
337.9686248973533,-0.15025538934128235
391.5363101852231,0.662816386610416
376.6655960282702,-0.11672054584369107
368.2605824582684,0.08041019751851763
377.4925311175867,-0.11335364463627684
390.93653324426936,0.5567294640857199
387.65551127952057,0.13077256296151063
380.45025048664456,-0.08671450555141291
358.78254708051617,-0.21810382232604297
365.6354962390804,0.10601011519452186
356.7617971826783,0.1334868977565975
338.84844804118757,-0.24694405222908244
329.24541737998413,0.06615472926318944
352.8887212120475,0.4530916226183308
333.8688124092398,-0.08931654605908079
336.664741024153,-0.2807100671155922
371.52379269631996,0.5871266290691892
363.45298905818476,0.09740821464106375
350.209059973236,-0.1979349762406173
357.18851762579925,0.03817784389195822
361.74853445189547,0.2378752776598958
344.76336400155583,0.04388568784168001
363.18727343838486,0.09342141685158367
351.6914923100445,-0.12292838288135499
320.0007631687848,-0.3775444775719734
320.0007631687848,0.5620252654839533
339.05497927573435,0.17831944173690317
348.9762342928435,-0.3186252351109715
346.5468406683871,-0.07629231157977756
336.73265462765266,-0.16026819849776075
323.4780149572388,0.1225118095948119
349.6076669250162,0.3230678224862231
349.6076669250162,0.3578878316375267
333.146326368908,0.1897808439586015
363.2201344344854,0.5318497134574045
346.81071091896496,-0.5415107154632324
347.70071975528,-0.13912818956919182
341.0178395158336,0.1232015502307604
334.0574743025456,-0.31969394338875645
334.0574743025456,0.19019797902899427
345.8590189324079,-0.07933527724276246
333.91539952974483,0.10598732176981684
364.3415089234561,0.5254052996466498
339.8731989008471,-0.5115553829905366
339.8731989008471,0.3307160563006164
339.8731989008471,0.3641990124866652
334.10035946147326,0.2552657192521792
350.4192284557459,-0.04305533962121899
360.7638131001938,0.1134670714271806
360.7638131001938,0.09354480982483437
339.817319898799,-0.2355305783418089
349.601798499161,0.07947232240348967
354.8625947186336,0.27222389212965936
354.8625947186336,0.44358202786565926
347.4832178701874,-0.04923586284451176
364.2945741744628,-0.06367425287032802
364.48204357673967,-0.1216189691508589
378.1441746027987,0.3865757449592593
338.4861092730024,-0.13218360413793562
353.89875884069806,0.08806252446834151
344.98851982705276,-0.0602354129835021
360.00775838901797,-0.05658371946879015
359.08199282518467,0.1447325038074041
338.8451177645654,-0.14625748447599562
333.40612802242714,-0.26802127287578514
333.40612802242714,0.37724875989465545
333.40612802242714,0.1926803052942887
348.8026027460535,0.04176005200997679
354.0248954269389,0.2732377022463197
357.8598773912189,-0.4211292997320015
357.8598773912189,0.45056019270293746
371.55942326624614,0.19508693578575276
353.3041238384776,-0.08168807162223857
353.3041238384776,0.37184240380895517
371.66381492034157,0.319305709880382
380.56841474158523,-0.3070727759335341
364.0711258804736,0.1412361960645967
381.26970532796275,0.000847769965957923
370.5049961109867,-0.45264884574078224
371.7800018786868,0.5431269042182976
347.82155733698227,-0.1994009144739266
314.76614174847737,-0.5514193951865991
316.65133983828264,-0.02997404027109951
316.65133983828264,0.4216994079865799
354.58502487741737,0.1909904209294382
354.58502487741737,0.8162900539393831
334.4042716679986,0.21672529637919524
339.5623393056805,-0.2514319277888717
320.9330282410336,0.10867940749938043
332.79810084352636,0.34316090572633584
339.13962731822977,0.08192995113995494
339.13962731822977,0.5037104844662963
324.86250890238387,-0.016892031301040333
324.86250890238387,0.8307043745278406
357.9575122029977,0.024575048514975606
374.27943054973036,0.6616329685907658
374.0663731569858,-0.015917280660460165
384.98053988715645,0.3825544419324842
321.32279036299514,-0.8152802431061446
338.38504253364925,0.016015986598858944
338.38504253364925,0.0940220470828308
325.68929611943435,-0.35691938812146873
333.39430586540334,0.345994401326152
355.0839650861521,0.09608250128974305
360.151629463758,-0.17169346213802328
359.3322505966372,0.18726494120073767
377.44728759982496,0.1529253491369218
340.10297656161316,-0.5022322636160652
340.10297656161316,0.7090473720745649
374.26893872426604,0.2895212749199345
346.7555576894637,-0.6100500311059704
343.46985623715057,0.15432632904355614
363.2351281648235,0.7232310920571763
372.5147244120512,-0.01944861029301137
380.59776961144286,-0.19544679336911486
380.59776961144286,0.2784565308438687
393.8049993237877,-0.08191403267755959
368.9332219961023,-0.2817177040490151
339.79454430575527,-0.33980168991547544
348.0458088711385,0.35041445446222497
347.3451810626904,-0.02969223090099149
327.4965708663332,-0.13641266599211122
357.12413394883663,0.04531660260988701
357.8793962726719,-0.14662204506566923
338.7332770014377,0.2005541458066773
323.9710372067196,0.07080865679097315
372.08651428178376,0.22619973651683267
408.35336235905845,0.4741502489011964
396.07075933713776,-0.13900849033711893
372.0895581475672,-0.01635943052701805
354.2368459232471,-0.3838814606899632
351.1995413544432,-0.2631016649885396
351.1995413544432,0.5493272694753841
346.8382700459872,0.19405907002601452
317.44785825089906,-0.41425713973706024
339.76861939585854,0.4331345508429649
309.8863198317469,-0.8016811673619486
309.8863198317469,1.0309391705261532
309.8863198317469,0.5913696581033037
321.3744408820855,0.4721807274677303
322.9845349856166,-0.4162167110577002
313.86395113017835,-0.028872242581542196
336.2768728766311,0.5759897275049752
368.8721008841247,0.16973148113402203
368.8721008841247,0.6467002365070584
329.36765079774636,-0.3890204487548772
317.2892004912484,-0.38892563646913914
322.1481329405573,0.29000641894219825
320.3069171364398,0.017043314332568116
324.43118611278334,0.301314000426828
317.9570199441053,-0.6854948064070641
316.308401361283,0.07537392221729533
327.23067351069255,-0.054688409307345864
344.4735193936993,0.5015355565561777
321.05716123767775,-0.42853010637509215
354.20912024410177,0.5263869213301859
371.95028231949,-0.07815430688754077
323.49946266564643,-0.39336438375039506
372.41468992205347,0.6745513091321982
338.59064171102784,-0.9417210782335133
338.1064838450114,0.20832941094272428
337.3089914148908,0.1270432825513126
320.6632790115347,-0.0020303772580518853
308.95540034370055,-0.006280453892486548
311.7045151602149,-0.20945376418478645
314.9579438939697,0.20223147679200792
304.2513491360879,-0.2420312204635593
341.28549561467054,0.3753878962925228
335.5058224431605,-0.10548759392963802
326.97702257345105,-0.42791952291338475
351.761766852484,0.3563005894950493
351.761766852484,0.6318219576759248
375.8611590085141,0.3753412116061554
355.10793773009783,-0.3935457581878836
335.6002577006778,-0.4078396873470638
338.167090021822,0.09752700366345834
338.04928618529226,0.04078020114820902
318.69772966088544,-0.22826172935788236
320.62468797174625,-0.046478888731030565
334.67182954474447,0.01842307576703206
334.67182954474447,0.5243791589493867
334.67182954474447,0.46972158397647945
363.068327245523,0.34399188579732254
336.0321051112085,-0.21205175268892162
322.46140104033617,-0.06753774705009619
361.062729327085,0.3690972187664556
373.6454327349979,0.11957763943667032
368.6254622873793,-0.07777278375056085
370.0652476508272,-0.1921327338463925
384.59304662066415,-0.05773779454784744
363.9541865319435,-0.5294573755419378
359.9695172932508,-0.06222188640458626
348.5859517326425,-0.0976013450284654
341.8455933159214,0.31833813805644695
317.5382717491327,-0.2511736947147938
334.0513725581212,0.4754684642595066
338.379154683295,0.31223806036996393
320.8816764833192,-0.5132435362148726
337.14273779969534,0.31986249144495105
328.17557050181034,-0.2872157624894953
331.6405998870362,0.2337492624119477
331.6405998870362,0.3196145797904819
365.52872782221056,0.17894900023190985
357.6910039643947,-0.08003043219059691
333.9484697179623,-0.001472052190138129
352.705723861534,-0.1921137467496692
371.8739265431915,0.3305756028958058
362.34837053365595,0.06186265597330021
356.8753581152677,0.09199854353403225
343.46761756244604,0.0038894005563179235
336.63345800328636,-0.577255069239186
335.7340374255368,0.2146369324789248
335.7340374255368,0.33558908248278385
365.58707215759847,0.41071688237923354
382.1175869352876,0.08521331014003408
370.7765093481907,-0.17197524797029473
356.3169116908359,0.013465221580759135
356.3169116908359,0.52853804476797
359.45104373804674,0.20706718766246013
359.45104373804674,0.34213660369948684
366.653776755106,0.0030630107369233883
371.962462935096,0.16375811092018466
373.9232428889841,-0.023595997159645776
380.23053787231896,0.03198877409170109
391.2039956560769,0.035357717434862934
353.55561019591397,-0.3622576009254317
372.45935970545634,0.3476480262430641
375.90305474496904,0.048298239859718706
375.90305474496904,0.2157541192930239
367.82419148772686,-0.24080428272395693
363.17661256706543,-0.06591003535709206
363.28860348054525,0.07188126829248631
357.932594980765,-0.3247543881009278
357.932594980765,0.5872196246443764
340.8380112344941,-0.06937070718652194
356.79203344556004,0.22001670282247687
350.4136108170443,-0.2694253574278491
362.24487263160074,-0.02241114593277871
354.08271602813056,0.01207836810203844
351.9002662683204,-0.273939253658682
364.41273823712174,0.09636926580560612
377.4966834034297,0.09877758720347174
340.0086075123733,-0.7059423745583899
334.84111095378444,0.051212031112982004
323.2127428301394,-0.2678992571478602
346.81547909019116,0.19470004236779914
322.36383399265026,-0.22002905067938627
335.35868994938073,0.013775900943869601
298.0653767933272,-0.5602840051969906
339.59638299011147,0.7322975315660187
317.00516059395227,-0.006036320646558124
326.8890904737953,-0.030438822563951362
326.08377273499315,0.12723866609894685
333.99247133640375,-0.19082464364942098
333.99247133640375,0.34905189687424354
335.43687962899565,0.2002760397693919
349.4326721145939,-0.0027174558706519747
328.14810044634845,-0.21076052091166275
357.2193038567473,0.17853286554350234
353.75198946646196,-0.07257205504856756
362.78592535767916,0.36930821273745096
388.02450499082823,0.19437299956280185
373.92850937796516,-0.2847153565919598
373.92850937796516,0.39898920744280986
351.6779063628395,-0.07459038874333146
352.12297984977323,0.014856559567874683
353.374387027046,0.06123509116355308
353.374387027046,0.24082243046393614
310.43881325941896,-0.6657261130752659
343.19421929815576,0.21421318172463089
345.83034327093236,0.4535255633788893
336.8001504439857,0.21505130036462106
343.52836530048944,-0.160299277874401
341.8954921994852,0.0854185349655836
325.9713406312506,-0.49109395320977
335.25493879486334,0.03736040255068929
335.31649057311677,-0.18838191596978504
342.0977650563594,0.3903342369295615
356.33274591028515,0.26456443360780213
365.3329854763839,0.0873038211838093
357.9382378691882,-0.2565087612363186
369.97438225145834,-0.08655890890656792
339.56837300994596,-0.30776901741080565
339.8095085773825,0.11889285647544057
358.3393227845053,-0.031416529423268
325.22664616389056,-0.48628475027771856
325.22664616389056,0.42692462200716363
325.22664616389056,0.4391184507962862
340.6446760948669,0.21416202903128578
333.4047487738534,-0.22194582299857757
333.4047487738534,0.20904532966892475
347.02995710308437,0.12970686930589181
321.14842957991135,-0.0965941067906897
335.5751186639905,0.28914453674133256
346.4839673602065,-0.18164467158840125
346.40423294625884,0.07948206242190281
337.4703325943352,-0.136504596975783
337.4703325943352,0.6359043188914484
359.7535954197907,-0.04294260217898227
359.7535954197907,0.347510815132523
359.7535954197907,0.5416966511488681
362.54288910689445,0.010651662442114684
355.64332985334653,-0.09208787473016855
365.55230571280686,0.3723654163619585
377.0911799221511,0.2847708419947139
354.5990070250494,-0.42027015716087135
334.53704198338596,-0.47253577826950277
355.61379268385326,0.25996763253590416
351.44964192875767,-0.15242718906267783
357.0779850625411,-0.028838200854920615
322.82194821980244,-0.2963143139663771
338.4865238161507,0.41409063141054503
326.44879322676866,-0.04986833538407609
339.50345029837,0.3284747121806504
339.50345029837,0.12840978980557338
351.48985227717867,0.00978148030947068
378.11265701074325,0.49365624617212234
383.65255456117507,-0.11231242844110056
369.0341746915122,-0.24979356729795654
385.1072675240065,0.2301197779636368
392.8241822105199,0.5565353923235534
375.14658083371114,0.04949031250976077
374.2242189128944,-0.04920713838373558
347.5325790018916,-0.21649873335150005
293.0752850074463,-0.9455768265044071
327.8444192744076,0.49696044116171834
341.63688427378594,0.17361493931491623
347.14501283728424,0.12108210400435837
364.50722675557927,-0.03954947424222155
321.91546666538113,-0.3312568098169777
346.48944356192555,0.3266670080751055
395.4321004489606,0.4836258731986618
381.7370424806776,-0.2713536940322001
377.20942996848976,-0.3775406963544583
392.93417855099744,0.4620974756369378
378.74547894843874,-0.30020396293082285
376.9583134669714,0.05104118001042934
397.37398573693895,0.2409586421244967
391.30806914982406,-0.03927034710443422
371.1641109280703,-0.12053962380821304
382.10010549642516,0.02826180631745956
381.44572453291033,0.23309736615476595
353.0102118442492,-0.8292392409871354
378.08612793942746,0.020666190213887603
355.1151792280812,0.011925061849865415
327.15339128778277,-0.4085477535782047
350.2439233121654,0.22099379184771806
337.10240185835227,-0.27402403009568843
356.1570128070885,0.03393217711982288
346.02973759868075,-0.32906894192967684
346.02973759868075,0.4633724628085929
346.02973759868075,0.4272706702871574
352.6595505426353,0.17713377437689815
339.7824407234227,-0.184004684877209
365.4606417813566,0.23012498978459917
375.74923773289095,0.15987030897429122
375.74923773289095,0.30262161790028586
343.79399011796033,0.05026001490455201
371.10088124691543,0.5769390663137983
363.28370758974086,-0.3541741093129076
327.6870318728788,-0.3210196869090396
372.1793127305629,0.3999425568110837
392.69292890832423,-0.03229137160724349
359.802527711207,-0.28631640092521593
351.0841561792186,0.021215100097151662
349.3444666001261,-0.4931997907838195
349.3444666001261,0.6626533657762366
369.77267496351953,0.22992304803960906
345.02446005872997,-0.23067704689515267
388.4194491709196,0.4201021166385317
335.0585418544441,-0.489946082897859
339.6532751444557,0.22135076216693506
333.26744108846145,-0.38991855005895104
354.14717657340435,-0.07857405150616614
361.80201620750336,0.2955846168388234
335.1403819101474,-0.3372920374130217
357.01397414567555,0.3627716487616226
358.0289812539005,0.1234901270112232
335.20832517772413,-0.4464165034777352
338.35722376294365,0.14972237732104077
328.2294881356748,-0.1285865737355607
330.8549456873229,0.11097123587387614
303.9759631942065,0.056802002332574375
329.6174708726792,0.37948376224244385
337.861908533877,0.03556036382701677
358.73846316660996,-0.11161689002756248
358.73846316660996,0.3483853371930081
338.15904676240643,-0.2192597138525798
337.0224979519535,0.5364446467567632
325.8659109094661,-0.11292879813390755
319.9754574954184,0.005886667366894471
349.9020313749905,0.6689713410528384
340.5874568424589,-0.3758067323155956
333.53971296069847,-0.04781399191335822
351.449923447765,0.14758287772792755
329.8845040817865,-0.2655704943924775
349.9491829788756,0.5088449740153465
368.50011086755666,0.3251239490455191
387.76958408101297,0.3895801049784495
340.94516275463263,-0.7485073753837241
340.94516275463263,0.7666412523969939
340.94516275463263,0.5427138061660344
361.9608211081415,0.027975890016023186
361.9608211081415,0.19747301690108543
346.67030372354645,-0.25357577927991315
346.67030372354645,0.4541693909731066
346.67030372354645,0.45890755164180064
323.61266917747247,-0.05863911294477475
323.61266917747247,0.6926457482802562
289.9492780258439,-0.23743670183478116
340.25146701655336,0.7852930100732465
343.81499367138184,-0.034198779480902886
351.02747846140284,0.40281789547225344
358.27486210195957,-0.15950881755122737
365.17076258212103,0.199139360461686
343.94718672910375,-0.08005417756214683
343.94718672910375,0.2467937882042861
358.0073749720242,0.22087048988328206
358.6105968829091,0.00345159719199728
380.6195941867177,0.4485917375942563
346.08747659559657,-0.5472329899197348
375.26575518212445,0.46518853715497244
348.1945858671806,-0.6296848647332354
356.67673120045043,0.1383843689833384
335.3368873065796,-0.14152228990406002
342.8919819064151,0.19503741695143617
318.42521103813954,-0.27901721669991275
341.1717459772961,0.05386549287231901
368.1437138145281,0.21072320596431382
355.4976102237898,-0.04893044664277113
366.89493820230086,0.30438008906412506
364.4110230822893,-0.25856795343986505
364.4110230822893,0.12407155475261789
366.80667170326234,0.32361779888651654
347.38242823981676,-0.24428049023731546
343.2551439124312,0.17751857238135926
363.3086219225634,-0.11400868183773127
347.8478763343713,-0.29097580563097836
331.83869534662455,-0.04835997053214669
327.70278960865755,-0.21926388438657796
327.70278960865755,0.6183697108808701
327.7632755834745,0.18944536169499315
331.8859375431568,-0.12237748101358648
331.8859375431568,0.21892273619801017
328.09028058679223,-0.13715775194964408
342.35005872429963,0.2968215047578724
351.99413301692243,-0.027763559321670073
351.99413301692243,0.5056762061956306
358.78329338110194,0.01576876184572029
339.2037790199137,-0.12769168781767348
333.27254591830825,0.055383314074902046
325.5342215026719,-0.23759388029293405
330.7933148331923,0.06963697119192602
330.7933148331923,0.612775887757266
330.7933148331923,0.7181029836743846
311.5728219344603,-0.4773839663620265
332.3889074597596,0.15368856315785706
319.45617169980784,0.10102253942943662
302.55802719069806,-0.09313617853445066
291.93220764128,-0.18319819138741877
339.00366219742705,0.733833511562807
339.00366219742705,0.02931813307623088
345.2289519822348,-0.19110544597845092
352.14983055827804,-0.1968552703176556
345.0089432173194,-0.11631440600979204
340.0468937095405,-0.3604426878072218
301.13600844350594,-0.29846739434606206
338.5410335138008,0.5633177511651866
324.771935361586,-0.405189474455824
338.1243723056457,0.48580913049545416
319.82740552793854,-0.1941316780305442
357.55522124825535,-0.02826091740780612
372.73842954273755,0.30478867363274276
344.0876271555623,-0.51859655586793
353.95993624583537,0.18872190281672374
353.95993624583537,0.2574549118506866
353.95993624583537,0.25691307844113
360.74566729094164,0.06689678954023748
343.299980238905,-0.3471553617796417
359.0515601177161,0.30361075021914985
374.2103352622768,0.08977903329116543
343.2975260405164,-0.35633651301952796
369.35945269984967,0.31706670368294
370.6747393406061,-0.2679078037799627
350.7117937024358,0.32979819909417074
355.64447517894956,-0.17871645865091068
371.6981573077669,0.3212703792710272
347.4775283562325,-0.6517035502608906
376.4996646105247,0.6673691441708343
358.0651102046637,-0.40117905363922546
309.8437951445262,-0.5565012499315571
326.3691280016598,0.025578880145758376
319.8058502592188,0.09468486964328804
320.06367407393674,0.03365024985953369
326.7781600351674,-0.21539753028264386
356.9422757570272,0.6535250512238235
356.9422757570272,0.011647665729242362
333.8402755548065,-0.32090259302879076
339.8593655882553,0.09360015149229639
328.4050728500838,-0.35295174009195307
332.2504094045284,-0.08290501430087716
332.2504094045284,0.22121419977520418
320.364417224453,0.11489292318822208
320.364417224453,0.44869610941134397
320.364417224453,0.5355540721672014
323.32890868694176,0.23278863709856523
323.32890868694176,0.1989953636083328
345.9381681631293,0.522802680148061
345.263760019536,-0.570241621889636
314.6155678429221,-0.29489359812839666
314.6155678429221,0.9131427563471561
336.59988286101776,0.22516977872010102
331.0990802608576,-0.0019044014838982548
331.0990802608576,0.14613188796352006
354.36419129981067,0.5991321539498813
352.16630065732124,-0.17508847644114667
360.6634751187794,-0.35102597458615037
333.26438607343704,-0.17413417175544055
321.99089052487074,-0.11711050658232125
329.2718901033511,0.06973882463796599
333.11430088668817,0.18701682715118295
337.1480195644131,0.2922564823564926
307.8802794551754,-0.2571250237710956
314.37679393638683,0.02210388136279562
306.89487572136994,0.04711475029034773
323.4530436755628,-0.13225102009982947
294.8213290266802,-0.2033818759505266
294.8213290266802,0.742891858688381
294.8213290266802,0.8292775405163866
294.8213290266802,0.48771510190226763
311.4538023924979,0.2477816012939229
336.38846374260646,0.3123314904066774
356.5576032907544,0.2192472049978278
361.4647474374289,0.06326254076248006
348.19240182818453,-0.2890929867612613
350.635521267871,0.19703750549285814
350.6704964807569,-0.37189115747230517
344.3438865885239,0.25801195411554545
339.3427880533377,-0.374240703141254
343.541721106661,-0.1846261984043167
343.541721106661,0.39873723577863984
367.42132986991504,0.47479676719467534
379.9517389845196,0.02360340832262864
378.9291546107397,-0.10581446257879179
363.16305093177016,-0.13695308652233962
355.78163169410385,-0.1751295873016261
379.3660833866371,0.4323528789844886
338.2562627954517,-0.6473447601035787
331.00702774227346,-0.14547155074797047
324.4258076846557,-0.19729562554266522
314.9908545026428,-0.01190531217116586
317.7402062027931,0.12124462484985088
334.20230647314577,-0.17350870221901005
349.47224430954833,0.4389374928291545
329.7248782138837,-0.16258178943019175
388.3975825104656,0.28864904000033675
388.3975825104656,0.1216012551183212
402.2715743233094,0.36149204373862176
402.2715743233094,0.3645956724002417
378.9129422115453,-0.26532338976517167
379.86091383474826,0.10393184081635809
360.54174994225247,-0.11952447682881484
387.9598636786357,0.344371059468358
364.6081183115702,-0.5106098416774785
392.1308284122628,0.32882406376972995
391.9541737872,0.07438164718382723
382.4518621814555,-0.37977408117683353
368.7712650755333,0.047652563454676056
359.78074785873673,0.018447480793838622
344.4823116451588,-0.5348013902936373
344.50018591031505,0.1350864823464235
368.8095470551681,0.2815185908083322
355.4416663867303,-0.2195509952168777
346.78721637203563,-0.07286940239498563
374.5908631530108,0.2719066611762173
362.082967376848,0.024899103811321766
342.52005603755714,-0.3608046950978405
342.52005603755714,0.4493209447653044
342.52005603755714,0.8389169154853562
371.905186817691,0.01268583990542993
349.57905656644704,-0.20728421496369265
369.8272303784187,0.10739881663721462
361.3969540562239,-0.5006866022386021
373.54147481428237,0.15741431276080675
372.93247105989894,0.13359536822156315
372.93247105989894,0.29705042179898555
355.81482995051874,-0.09400774832579373
376.4733425632807,0.45164713807503176
378.35655200195424,-0.23985517220819474
391.89519493023437,0.5576994704671279
375.97736913288503,-0.4388314486551508
370.25707943753906,-0.012686672218706008
364.09326275152534,-0.23669858458458748
351.09260404663456,-0.051779640678660144
342.5389321063099,-0.012377991835819557
351.3480811471638,0.2887630079187602
320.1277398253907,-0.48285618488955606
290.00263432909463,-0.11182549970112632
291.79919083586293,0.35069106617470425
337.5961308954127,0.3493892145359041
351.11142297303417,0.0004674739361689717
340.31345706775005,-0.26859137581891446
373.4995958292999,0.2814750443832281
373.4995958292999,0.20548133685906578
356.1783314767724,-0.3522596649377192
332.74510786216086,-0.40118579806619437
352.9336581038706,0.3293015272362254
329.6593179632805,-0.33837906353164726
368.9844981871425,0.23299220258843434
367.3794985672009,-0.23899601739276477
353.3636578101696,-0.008085283465334214
353.3636578101696,0.10475042144548752
345.46603940619434,-0.2365789910896865
365.063000129949,0.14331562444169776
353.4367209054636,-0.1230012292749052
373.908490595208,0.16245688772937683
354.45955636834003,-0.3121230467146461
354.4578128887411,0.20948064231322405
346.53309737435626,-0.3238464319179002
383.6512065522025,0.29163509501654516
391.6216458652032,0.3325457503276539
370.15100582563684,-0.04498413915746369
346.33041671966504,-0.4669805260130033
346.33041671966504,0.3193508414869939
346.33041671966504,0.4083279516588618
348.4299379973644,0.10826724248715891
370.86163512966993,0.03447457879894955
370.86163512966993,0.48431131006577743
358.45165068388263,-0.31578081135444336
353.9673533036489,0.30847810744489834
353.9673533036489,0.5533839015681679
345.9209620537928,-0.2506808440025452
361.2588127223558,0.030636245891400904
387.3895460417211,0.5078743146225406
355.32167211093594,-0.5816417465591712
351.88066499913646,0.03431044134185868
351.88066499913646,0.447674134641602
339.91988145004683,-0.2658922326144193
326.0712160276457,-0.16669556171018485
316.39228668750616,0.05578653907514308
316.39228668750616,0.3511181218074171
324.3806002508237,0.38686323142485435
312.667986267678,-0.5948896135895438
312.667986267678,0.41963692720025847
333.8475717513008,0.19807478105269638
313.844501851603,-0.21243338220506303
313.844501851603,0.4067236387935509
329.7686184873888,0.5797674799938477
329.7686184873888,0.7067952835615188
326.2627616931433,0.07680061259236481
309.2014563255262,-0.37769440781278263
342.6332987409911,0.5537448260746487
331.4955848691892,-0.2765624223724217
331.4955848691892,0.23035799298452275
334.74419035837167,0.2321753415646981
312.3488224920285,-0.5257889377296578
336.815546426415,0.4402436572249826
336.815546426415,0.20495666149679437
312.69790694674606,-0.12315923156916142
353.34897488752824,0.7266278502116847
353.9189101716206,-0.11890609072054303
372.50243931486875,0.34407553437483784
360.36751458333833,-0.2260906687492934
376.43778865811896,0.10757436180006152
317.3793529870238,-0.8499089348508733
317.3793529870238,0.43752059966561774
317.3793529870238,0.3434461661131536
329.5647911419292,0.33230236338511077
327.75616511467166,0.08254707004243755
328.92825966049145,-0.11287505152824906
345.4131269093697,0.2742111529790918
368.6135376216954,0.3690167907820978
356.04487202907075,-0.39114048772569276
373.3008761982081,0.32732357814120405
361.79391859615953,-0.004764109074585576
365.9624131886329,0.22835099965936934
378.8730720337315,0.3803547064837858
333.12254896152086,-0.9791762973608229
357.5404938798009,0.43951456676916223
338.6872493615293,-0.25372167799832823
338.6872493615293,0.47215394490160634
355.8271212855709,0.3306105902578338
379.64132195546136,-0.06743686715162767
393.7214082154353,-0.01929451904356938
376.0188664402688,0.059120847919530206
349.4923588378686,0.010546232408501055
388.24577330312604,0.4042908580921676
375.9695310674044,-0.13284003824514912
346.159416223422,-0.45407246239312826
343.2641506062866,-0.2992211356754524
349.4490425226258,0.09578601789689856
350.52694761458866,-0.06423758748883301
345.66959617950243,0.1382910870802334
349.4453905674143,0.21660505908619143
347.8686068510556,-0.14597136617010165
335.86333798316446,-0.08265641977004634
347.9295921982148,0.30521987821452967
358.6989825219565,0.30608735450505264
358.6989825219565,0.2115427673893464
345.2192741027685,0.08510503237801004
325.5453185976621,-0.4804962826606243
318.4306155845004,-0.12280633812940778
348.6561891546937,0.561018235624374
352.25370885073073,-0.2400275907436935
325.6740696987951,-0.4259065273813576
316.07207561949997,0.048491263934579365
352.4355827601233,0.5540051585307992
356.31188694387515,-0.042397394715408154
362.01720208593025,0.09290224532401226
354.4166686639569,-0.2865685499727988
347.23377496253863,-0.05052137153370495
368.8858494269746,0.4423772702579072
381.4312696872086,0.023485372851496322
368.0252669740077,0.05314410970186145
333.87595395182365,-0.5537792830230046
333.87595395182365,0.4429715839514756
356.0607399498524,0.35970014895247004
337.3746089319016,-0.3325431913740431
349.7302436044761,-0.066840816466879
317.5360429225601,-0.36666261595416927
341.38442939588725,0.5287092957421464
357.03496276220807,0.02170705416619967
357.03496276220807,0.4478007572746492
347.31169739633515,-0.25625505229595547
338.01112830260575,-0.2630469467928833
338.959947159106,-0.18320588032747764
327.7635305955946,0.06307408679560922
357.14319230380727,0.352832446478601
319.91385494191746,-0.1755424237300076
319.91385494191746,0.5520858306833816
332.40064969033034,0.1614233515053911
361.0766820237831,0.4660920078390518
340.8095230479079,-0.37122227041299993
370.17008680025725,0.18707504570511446
337.1217576532432,-0.3597821386465512
355.54408279447557,0.040209324470993124
351.04396273020257,-0.11258593587217547
351.65976236931704,-0.008129002711598332
379.35315133413735,0.5981460972168406
363.5649528398785,-0.2885469050421534
359.156294071651,0.34227639574703517
364.30987477225887,-0.33080354859680483
378.438480647222,0.037157636524398185
380.35139663944693,-0.01038735896918297
377.7764060855871,0.1695879780611449
398.275031054728,0.33036726897807966
396.53256098774693,-0.21798483684949588
382.8119235444885,0.217825244373671
367.93001067021873,-0.25373415806564026
379.9475971317652,0.08839816072793383
375.01799751414956,0.11990886758178476
358.7846107727806,-0.4739611145528215
335.5891131088983,-0.11451987392479168
346.7142047374008,0.8457862884099541
342.90607420566533,-0.38284868228925006
319.6420171634453,-0.12366767443097615
295.64349464538367,-0.8525696472174786
323.45845882205765,0.587338711583925
321.6960626581766,-0.009824086463822823
331.5456890915395,-0.15329282992252047
338.5659268866136,0.2717946795886519
326.6203090114066,-0.07346702625568469
322.76624159085094,0.36510681439995096
322.76624159085094,0.185580019183476
342.36515877134065,0.33670330108395774
360.2797872419159,0.324258540228584
355.71844300413954,0.10896566896622062
337.8528757825441,-0.5572853704148883
356.90302405239146,0.29229700057544505
359.06458527479384,-0.047778134316786236
338.0483969545935,0.15654896825935793
360.41588704592726,0.2983365398629303
346.8152436474871,-0.3601593308495694
346.8152436474871,0.21659744877115372
319.49593309231227,-0.25507278779207354
298.2739016366953,-0.11961264875606048
319.3038409684398,-0.0071131512535203
340.79802659220087,0.4192448135012228
334.4841243496698,0.04166621143167504
363.3157734749769,0.5279872076225729
337.76801657513965,-0.550489749937924
365.33267630413764,0.5281509169008132
362.3724188149682,-0.13299558904202513
341.29159273372017,-0.30363336909476857
348.86844072455693,-0.09502233145940409
339.93976038370675,0.09417261516614417
337.7808625394064,-0.10519495612197716
349.89028753075445,-0.1272565313506675
358.87109688934584,-0.06147090264914823
329.85067227677706,0.12547490538179318
349.10481923939915,-0.24980348998940372
356.7346977515198,0.223217801690339
367.4880163424991,0.4570369486262962
338.63401698915794,-0.0015004427617668625
361.54222413463987,0.3090881046513232
356.24994907872167,-0.0494726764961797
384.2727643549289,-0.12281068585753019
387.105159157422,-0.17211389571173186
369.98259411438187,0.2210862352769709
369.98259411438187,0.8219419304678013
369.98259411438187,0.13608969673293814
359.36635571520367,0.030888214263768532
353.6132913752832,-0.13851431019145366
340.3081401835696,0.01667579608078995
342.754498584573,-0.2417001781612953
372.2229241603195,0.5397896779477378
357.41469779048236,-0.3874043783205252
367.7974242601582,0.09020541725067233
367.7974242601582,0.2535385527150993
350.54742137618996,-0.23401809034908183
350.54742137618996,0.5478160031565267
363.66458628137946,0.23339314343070328
363.66458628137946,0.6280234622089438
346.43179099363476,-0.24068524003428138
367.0866786738235,0.4209103561138363
366.45443343855254,0.08497847385172008
364.4339029690906,0.25318739019019176
324.106093035663,-0.7283724229191648
313.1730164379949,-0.07912375793739557
329.3671024122897,0.1465840053597276
350.8861088680525,0.13979567521198533
340.96798016444717,-0.16950549946261617
340.96798016444717,0.13322963298969626
316.0691737957366,-0.19254839951736358
308.6447064931338,-0.5244291269593759
325.0793691683338,0.7724274352651719
340.3181931129886,0.002312568216893851
341.36963941973676,0.12281889034534288
339.65334135941436,0.2180402151684575
364.50985761543063,0.13814758879948386
364.50985761543063,0.35451059178637934
337.4886746266707,-0.5092918681405081
337.4886746266707,0.20984722767946096
320.05826875768946,-0.06569161748439001
316.59945496720167,0.007436714540745015
338.6942491251095,-0.14347990144938194
338.13212481178476,0.0416837614037604
327.38061407350915,0.02174840825080082
357.2617631392727,-0.03215979892593168
367.45130422002626,0.5272533767298455
350.80965493635455,-0.5953460423861543
353.715659902472,0.2893994229132204
350.6099301372356,-0.052822746237552565
352.3762689103007,-0.052415419766589366
376.4841755909577,0.17649936670431998
384.32010950121554,0.124561259056577
358.4473691753601,-0.29940569280609
357.34200471333463,0.032273065820277225
331.29534450456055,-0.3802844507542886
347.69166942336113,-0.05490907042667459
339.9726987269442,0.023209133444652252
364.73540514556726,0.2347349130262728
357.3553240397235,-0.024728824686576445
355.51289814743365,-0.3197281206187199
355.51289814743365,0.5628583005163819
370.12218094888743,0.2585593016867733
388.86350102341976,0.17509551690102398
345.76243640131224,-0.32111103924421514
370.8868157777167,0.045308798407518225
378.14165406597743,0.18082313053855614
350.5530736440413,-0.7275438855551783
352.76854535893733,0.12652836767415465
359.07786458009093,0.09772040706172902
372.7787720952108,-0.02281631781966098
338.53813112307023,-0.1387766345920909
381.6007474467795,0.6593132621871973
389.46298468013583,0.14193679636457546
365.3439936876072,-0.7267916339792464
367.1366059282132,0.2515587745049288
370.2211549801819,-0.3561049778054439
371.2652834154212,0.006907594857239019
392.6046438340642,0.17678632849208498
374.1353731485218,-0.08995658187438949
367.12259650958083,-0.34857500414591414
338.7822984040613,-0.2628257926285187
357.91603633731575,0.2621312595596237
363.0914751886937,0.04831282088957778
376.65367100671426,0.02070146601090528
375.7517381593412,0.0823626299273883
378.332415602704,-0.37087976385157617
366.30706517529546,-0.146392866469796
392.486018819766,0.17023756303933624
373.1786066026174,-0.22415413484918645
338.08270305024274,-0.48890426582829605
338.08270305024274,0.5227012529517197
328.6417295750598,-0.36297516579224975
358.02728507225856,0.3644686623841835
342.16623195760565,0.05899756563974279
329.7049139928728,-0.2510943852132641
343.008041002777,0.5759740907570858
367.07703600088394,0.23063442178829519
342.3154510713556,-0.24016208851435294
325.6398424446704,-0.20540964659699057
334.7103108270426,-0.06859226048550227
331.53836986451165,0.2975754299234268
310.3937697515939,-0.21296245533426372
324.321550484674,-0.0731150520580286
324.321550484674,0.6222020231925853
348.7100866942047,0.6125922380690554
379.5776048759848,-0.008854981162357944
379.5776048759848,0.4129701348178969
357.0810506116866,-0.21427191791292444
360.9581125544371,0.4302663890102849
328.88181314125774,-0.4064132246792269
374.3844099175536,0.32091383660770134
361.2615327767799,0.19311406205952153
355.6383019210522,-0.04399460667355015
355.6383019210522,0.30976422528385683
346.63485469830175,-0.2861997992195029
346.63485469830175,0.14425463223051338
357.9143884769068,0.24628021068247108
357.7931907586842,0.052582070230300815
341.6469493119921,-0.05008529201620604
352.45460367289513,0.3230288115831854
356.7033590691034,-0.0015067911764390374
332.8300596050817,-0.4431244570623676
321.97088517450135,0.13754353018964594
322.8688373721972,-0.16924734677195374
321.5499644263423,0.05007135856521927
344.90596936228286,-0.010850485913238117
351.02449126394407,0.2917412636068093
325.2323819610389,-0.7426504821582967
328.4241286630397,-0.05702334450847957
352.18602546504246,0.05037016880714873
349.9706672605652,0.07281055434827977
373.87817637198975,0.5432281815848228
339.72886294537653,-0.3965947194716364
334.4989447909045,0.00500442147188096
382.80121075461886,0.6019552887901227
343.65716366292645,-0.45486566193540057
353.8899905588163,-0.17979771119598809
343.16476365044434,-0.22623553573964728
335.600637648455,-0.28642186289732763
321.77984431081194,-0.02527772727626143
321.77984431081194,0.43460816914534917
341.5818248797473,0.1448517673477454
357.10429366796257,0.1497774529544813
313.1358738057283,-0.49155000347229816
318.0481491546714,-0.007697629240055903
318.0481491546714,0.4217644868779189
341.6903557687561,0.580373166048048
341.6903557687561,0.39258627042443095
334.45660634061875,-0.09056408315518638
343.92239335034935,0.19310702495818077
361.1125109273547,0.3204234374002226
340.65563463167615,-0.32290354886185924
367.00886374404445,0.24568528901818354
406.9140928057899,0.24600508629475826
387.2007459425202,-0.1454761850682189
376.9711917507512,-0.8562451593595597
340.2403140503634,-0.06584010263725304
340.2403140503634,0.33912612768278905
340.2403140503634,0.44016589389275396
334.7974676251098,-0.14730899489541116
365.0524382591208,0.29723483086411306
357.91233922846817,-0.18558675772646893
384.2749152796516,0.2557766563197674
385.11023268341523,0.4427793237766764
372.5628283058363,-0.17451169576929715
344.6153053587932,-0.7951239333699505
339.8000691264269,0.27479137046884716
335.14216273678886,-0.4641110855611714
323.68820664483275,0.021873568755722772
339.0695571810356,0.2500664259119958
346.764497098361,0.2191443796227759
340.5197588628804,-0.31594579912894005
352.6839475571389,0.4824083882888317
347.24139525701526,-0.505718331752746
321.4703528678751,-0.1585129584848346
349.43387756992524,0.24158039535745957
345.82840098139786,0.06772242848296628
356.5574835446931,0.23482782751898412
350.632711114052,-0.11007977513577316
353.8910426264321,0.13598281857048278
335.72096888042887,-0.06282518875912046
376.4211694931799,0.38961902025664585
378.7924070531695,-0.0011515639700974134
368.9131808390469,-0.31863630721625213
378.24961612634206,0.2227737278146833
393.5997786923686,-0.08359578138276902
376.32477715598367,-0.057712546879315596
382.7346304594812,0.1972475096067683
347.6908681938337,-0.3523427575904634
333.44749138809567,-0.09017106026158217
325.5079878567364,-0.08309792438012664
315.1597041849106,0.06697509479681685
315.1597041849106,0.2988420803663985
343.5174858013085,0.20556230643569506
372.67744124980703,0.41977821050613784
359.4228758004976,0.030863679423418944
367.2763795108131,0.045206463184968015
346.16217909700777,-0.43067885269249473
343.91627384434423,-0.01688023888789303
330.5283881714461,-0.021408195480603354
345.1596017601408,0.05646588670174424
333.5974319856765,0.013867619223447036
338.3376161856048,0.39170842087514757
328.61831821841537,-0.223103630418791
363.85419293524274,0.3816987738383659
356.4986522268973,-0.17932166212005995
328.6814451299033,-0.5472036655506827
328.6814451299033,0.18711967970853038
386.83164551941405,0.6534568311276416
381.7957471718843,-0.0298894949461328
360.4276437528659,0.08086534615199525
381.97668547701477,0.03831690370452634
369.16893926296535,-0.052323149642688804
357.87784921478334,-0.13578329427048175
357.61691603065566,0.05503267241965659
373.62996101219625,-0.07542913037650578
371.3307436726616,0.31902630289266654
344.5337002894714,-0.44991788226013796
358.2704949503189,0.22481973042999925
351.5601082890499,-0.0475158997132894
351.5601082890499,0.304110810676093
362.8677278841423,0.46741429413395963
345.6993498425783,-0.612992473672989
342.3746371744171,0.19960019191944411
376.3832360425374,0.5644606512961445
371.05504261443906,-0.27946751180377305
339.2961059380849,0.030194892920121674
354.8736320052392,0.4905873639240781
353.4231451495925,-0.15495345818544592
339.81344255726196,-0.20742841134324408
348.2880582388245,0.602799539388343
377.66365464747963,0.05768420739764224
391.48793249944987,-0.10077777818264622
361.46901785250384,-0.030058872776976386
370.84680523057546,-0.07612233963095605
353.8224903888486,-0.39613777389706684
350.6500242561276,0.1261921849452392
360.4883018165105,0.5179057065787447
400.02407392462254,0.44265270537198376
388.9767821111814,-0.5329821180580439
364.93709924092235,-0.07957951067101021
364.93709924092235,0.740454616056013
353.1863663289046,0.11434319193767806
366.2328760706501,0.15057706572542884
361.4669217969658,-0.25550551949140754
353.9591549417197,0.3949605911800518
338.1026999012903,-0.5632198461722737
357.9943679846656,0.26013479741823176
328.4731850364792,-0.020343484038448878
306.8232591445092,-0.5119217695437328
306.8232591445092,0.6582277099973908
322.9384615855813,0.2284257892771393
322.9384615855813,0.3767667766658178
322.9384615855813,0.36682425343497016
317.3621642205838,0.07755241890492925
343.3826586563604,0.3444805689455279
365.884483488553,0.1817826275752168
378.6639732234702,0.25339241159917947
370.6282892193322,-0.1574279241312979
370.6282892193322,0.44311695341934865
357.5561451649627,-0.3310179690337236
334.7991084529544,-0.34450317451864976
354.80016232375374,0.07868892594444787
385.9698897974925,0.44166008996410255
375.7279400099957,-0.48867902187100754
380.3384417235779,0.15513004466947677
345.6895368778631,-0.2327546429846734
342.1656606597701,0.12120987349214829
352.3066149418144,0.25964263988248604
369.57952568609204,0.3123810455685998
379.6773525969734,-0.17415721590282374
384.8326425336109,0.09418010544709432
407.5209789804447,0.12634075597702576
384.64961461072625,-0.359603910169767
369.1464561849108,-0.12401909344680462
377.03667234940133,0.005809919974467448
376.52070452886437,0.011951759732028222
372.4170467323782,0.020300906115380712
345.5059801127245,-0.5359962733175507
338.7213474305805,-0.05642494005144272
323.1740950001089,0.00032902148416269483
323.1740950001089,0.5975113910652681
345.43784980467746,0.6980800864978391
364.6362368854792,-0.04273333443984484
349.7186409771594,-0.3702815493917342
323.39405055586553,-0.5476597942554235
329.9464742401536,0.21661242327866148
327.5964972696575,-0.34651391119996333
333.8119119154112,0.31179986664733406
341.0781912343932,0.08773686649010415
326.82411406703903,-0.08024317116974089
320.54180766169804,-0.08491478484324944
319.9985032127794,-0.28306148979891077
319.9985032127794,0.29818628292923677
335.1907725284364,0.2307839792941877
346.81072447783833,0.13708894757701273
353.73440110154803,0.32915557645776516
366.61238549840016,0.04362651939050011
367.09964315043374,-0.08873182373224608
349.8863085422462,-0.08667747106278512
333.1898342493599,0.004477015046518318
333.1898342493599,0.058897408621419345
330.857714872701,-0.5175249522920922
338.4381680496294,0.2333670653997615
338.4381680496294,0.5967618747267807
341.1390618918876,0.11674939808960971
358.3307448779949,0.03407150567397821
366.88451189918334,0.06480110114489435
370.52697021429736,0.20327743634652506
368.9568509581869,0.002288266613959422
368.9568509581869,0.2761618787676525
356.81853121111834,-0.11930584300114333
356.81853121111834,0.5377301726612131
361.27043417932913,0.051279651227787326
369.634503868791,0.015244046638599684
336.8894033314591,-0.6252845509085319
357.57803890471706,0.5003837050473976
363.03507701351595,-0.08510711126587012
358.35985939110856,0.054561526955808404
343.67788358556015,-0.07314095372203155
365.32130385146655,0.2043000131784538
369.3016152373054,-0.09646341752090848
349.31358847011245,0.1927904096127122
357.26386316973606,0.0798908948756889
351.67248699369,0.24992471100426883
356.76156969900956,-0.11015539246909611
361.60048855470023,0.2735530311712182
350.3522571382225,-0.003101289131109297
296.72148629744834,-0.7271459816253127
332.5571163185826,0.662073173347494
336.68511592573105,-0.16179061844673015
324.108152734506,-0.10521074330927149
335.3555309088598,0.24509514689827938
326.301297524525,0.45140167150293564
372.7415185900057,0.3849061182288551
349.84696845183004,-0.07814065290938288
336.7199009422295,0.11617482579049465
368.2723243954266,0.24384955632137917
350.1250672748842,0.06992893288156665
349.1531699748554,0.06432343816618413
349.1531699748554,0.42093379182074386
348.6525731117886,0.22162743289209175
342.7771665784814,-0.23460880477887258
352.0651486797444,0.10127447499326081
347.8322885847495,-0.03510960859432544
338.6377880508801,-0.2808155465254458
338.6377880508801,0.1612944210862679
348.3660553289246,0.02324828431324022
342.6189461781634,0.15383582218908032
337.5108768193565,-0.22385103159012942
333.02635196946096,0.18802106455041212
323.3656999828594,-0.06440254124811418
354.83338371470086,0.1636987486401722
351.66571740350935,-0.10319361454730824
351.3197441988356,-0.010574255329856896
366.3213242462454,0.6183303439656811
355.03639865265586,-0.003178443656111085
328.9306997706186,-0.39300865911707206
362.19565597062666,0.397990896321744
349.9164813432469,0.06799168515999554
361.960572772796,0.32902870552447894
325.26043578399566,-0.6199943439457911
303.5904613473126,-0.3649294837089201
309.43635763659273,-0.1967661845001203
311.6091187076442,0.2767079523829352
311.6091187076442,0.6551377703216303
311.6091187076442,0.21152946708070886
315.39873499084405,-0.15800401381056872
310.41749304152404,-0.13188834830270935
321.1678315410599,0.31213599386126134
319.8251977313499,0.1611764041369952
311.88484938385784,0.04451490395899782
323.47089939276253,0.07277448025661215
335.6273743989935,-0.23202648925951053
344.374701151958,0.4305552918151534
315.42416756135606,-0.4159358831616373
317.39673929570597,0.19045911155319573
317.39673929570597,0.14468839464882421
317.39673929570597,0.13085029809974458
301.67191126493975,-0.513509392543142
314.56131685138695,0.13462230360141803
308.09938129853145,0.21704832788532258
328.96184703452826,0.01746587735783578
315.58394519213806,-0.11653855997042228
311.2734244346408,0.162253983115761
335.74088031180975,-0.15714768390614609
358.5883401010224,0.27768137553289307
333.31275925488524,-0.04755228909039033
348.99847854088307,-0.03693688772079895
331.2946658186356,-0.30572863270094786
321.99445517417627,0.38180996998323735
308.99566096230757,-0.20239418226083217
348.64193039515055,0.26661322440111235
326.6491025335508,-0.40820695925208383
352.38111836215563,0.10345085825770184
352.38111836215563,0.1231972022667378
328.42783851731895,0.008187977397938084
352.6304271989369,0.7952647442866692
352.6304271989369,0.5762158862831939
344.03072403410573,-0.07090319435985748
344.03072403410573,0.08530865142961375
347.9140405922009,0.2109193394188651
353.55824984457206,0.1636775864220681
361.5408298288249,0.15341806361459476
374.83234634526235,1.0213350606136373e-5
393.2953940045729,0.02223302020911433
393.9285890091456,0.2410571404957409
360.6805730801126,-0.6326735381433082
360.6805730801126,0.4600295839758246
365.7978761576285,0.34839874658621284
359.3662481701475,-0.5206866913569002
367.6803576593314,-0.12440358944400032
367.6803576593314,0.8377345627516206
347.77273798666005,0.1061829533451828
340.0012847298838,0.16846836689205702
377.2016482379513,0.6304581458167604
388.3711473834076,0.18010296996044417
395.1106350445976,0.028214671288992577
357.697333301837,-0.9404397920507108
353.97970552310267,-0.22983943148915387
369.5655846488651,0.32214739988467045
353.18443635472994,-0.11326316852841956
375.09224274492715,0.08549661290271615
369.4846588733488,0.04111190479409288
382.50420114017,0.021782366226489103
320.59493800915794,-0.5553221555931032
320.59493800915794,0.47690953107507994
346.69712971949565,0.4047989240592642
346.69712971949565,0.2508127359926675
349.0900328505785,-0.15918902265048018
379.015486507464,0.4777808583633032
359.21673614244474,-0.41307868935166425
358.6814012154189,-0.00128060593635837
363.22875021985277,0.06327294071093092
368.5465870272361,-0.3074485891298764
380.59103467937683,-0.06617751160933949
366.7669656940583,0.2149958481655858
320.2927775261437,-0.7091732177623271
354.1351892017893,0.2036633269643744
354.1351892017893,0.1517640233792008
354.1351892017893,0.2727396546770251
338.13005075434654,-0.4060653598370436
338.13005075434654,0.6323170128550828
364.20496452308646,0.18844007360496562
338.7426504503085,-0.2544978753186342
337.7937684066311,0.04732824032623739
344.18797903842534,-0.01300088594916815
344.18797903842534,0.3003491897547974
380.2270333785975,0.19056694058065204
365.2678117589697,0.09007734544218238
369.28585692781536,-0.1966854220758023
358.41401688429363,-0.1543806143920392
379.30446000320916,0.3621091667973815
351.7540364541066,-0.6543825955357079
355.53210289016636,0.17063509688239265
378.6013252927227,0.0381041419302619
346.20896237807386,-0.15680134875719887
339.4479852202296,-0.02260137746861801
383.38712354215136,0.8037690085444638
361.4009506291158,-0.07893154279929604
360.5677715941183,-0.20751835755584125
347.0201559449658,-0.2272947030062369
337.77376098050183,-0.08315121834323236
354.7251352394068,0.5011396009551845
337.6455416475989,-0.28460225387129867
337.6455416475989,0.2502838443111841
324.90860221134903,-0.03963339096321761
324.90860221134903,0.5664637155545051
347.71612738835626,0.4275446522108268
333.4252179171277,-0.226061633591371
362.5473047911705,0.39972758369526673
379.53402297436855,-0.17576878894374204
358.49312108170636,-0.11275601524960166
334.2836638592157,-0.20868720376495276
363.857079341536,0.4700554941783821
363.857079341536,0.0806675323269701
322.74687660033806,-0.3592377590888418
342.4472671108727,0.1118822538077211
346.76175214410165,0.11829956699705235
367.06641575398146,0.3989958271741898
349.90488378777366,-0.09017673997971087
343.51008642125385,-0.06946916202991815
366.7784602834652,0.3698873592510381
380.12727188958195,0.18529358910052451
359.33922876808964,-0.17244572630727362
391.02808465546184,0.18260656036409273
398.5494333009364,0.030866757582771243
374.73194811849714,-0.6209788662533811
374.2478741037164,0.12089246731488856
358.4613184601253,-0.3170989879542958
346.8767418411333,0.1811458412802267
345.1984358960143,0.030823704227714188
348.16551026503845,0.28001123658737015
368.66490217552655,0.12981691545019203
335.79217180089165,-0.623716622848292
332.45898867778163,-0.33457432762418193
337.5916626944817,0.509909955987041
330.63793581606865,-0.43972567115201855
330.58506068468085,0.06835627018892865
297.8995756605146,-0.2901825611335198
297.8995756605146,0.526031523636675
297.8995756605146,0.5399505450294555
306.34310750502607,0.1792085775181249
307.03542679711956,0.31837889678547526
307.03542679711956,0.5901283676190587
307.03542679711956,0.33262948316246366
307.03542679711956,0.3292217251295142
314.71132961443965,-0.17931690546367918
351.1781379543994,0.2227221102848489
370.04033087820494,0.0061964340494569115
371.77331800904057,0.2991243821578564
310.0758666310732,-1.0382140142717162
346.5830878790695,0.1721592422412641
366.3138702673721,0.35223574820713566
378.18560795483256,0.026419643544045357
360.58773027300174,-0.5905452952509904
371.6936426303419,0.5456200811114513
350.7799030523981,-0.06720365526905425
348.7952051740605,0.14379405350678098
348.7952051740605,0.6438849011618686
326.87695994717603,-0.1872031330358368
326.87695994717603,0.15163689624523613
327.73685181130816,0.03758415428899298
337.85328318239607,-0.4582143118913109
318.69833435280924,0.18735777606309512
337.6154048856849,0.10977183911984412
322.5039180149802,-0.5509018198227977
322.5039180149802,0.6829671324396713
322.5039180149802,0.5654230476177418
324.8672245477206,-0.05644490459349072
344.53718671750505,0.05069382980775572
344.53718671750505,0.411215909938619
357.4641581396216,0.09876419247075319
342.6021608317891,-0.24471505291023732
328.63823826221306,-0.2925677482537594
328.63823826221306,0.3502705336487679
336.9574880748472,0.07713597532301719
322.1149942071742,-0.03757381263744719
306.38483325743425,0.04955738109026697
307.94417314753656,0.351168070188578
336.41132512606123,0.12460340160123451
344.90049852140004,-0.2266641276410155
351.6104369011747,0.5568770019967815
329.8266850409747,-0.6794264768584526
352.731735049879,-0.0753780866134548
339.8246640856232,-0.19945988729102737
339.8246640856232,0.9537509878068704
371.8019853186575,0.6896721795844769
369.0630355136333,0.2042667718814073
376.0454841314836,0.227387402627528
349.8387083324023,-0.43567695125807404
344.9123049410312,-0.2401943832642246
359.87229496139304,0.28996305098507946
368.11717985657214,0.3659880137802247
346.4731580240421,-0.149666447276104
322.7874301080742,-0.39820037977085576
313.14058738109225,0.057538724467235625
315.1281065815406,-0.11192300858328963
306.00003769426087,-0.16680515905773063
296.82071930159793,0.12429170717825855
321.50701494342064,0.12148468074883567
327.48060534487513,0.3674616468408658
327.48060534487513,0.5408772541852613
327.48060534487513,0.3705069962786638
327.42132880701536,-0.1385965534063871
327.42132880701536,0.6491168299589845
355.02057663994714,0.24345291226586596
347.0380591649633,-0.09286135354147973
358.0582335751206,0.015987621920658057
363.06791486086036,0.4404567775582109
374.5947508535579,0.009297874279127427
361.6608059485587,0.14700160957329444
360.21524069951084,-0.47239972677220976
377.63146666940844,0.4168627657396655
372.5285491142921,-0.16390431638546943
359.9418200995517,-0.16559523031833123
365.1769267960521,0.30093836175069555
336.1793095996777,-0.5473941387442665
316.8271326448395,-0.12451027095880818
322.76885773143067,0.17722843272849786
359.6314752678454,-0.00011643632899449585
334.4534365813438,-0.4436891621853647
339.20834351343717,0.2050124723261888
336.26438940488754,0.08275605737844671
294.0068213199603,-0.5885145958249041
294.0068213199603,0.6690223079871203
294.0068213199603,0.46309406793977814
306.7450108522582,0.4645791903976715
338.706412380497,0.1035715026920343
331.54595555671466,0.3662722707456396
357.22686841646316,0.1527062974491855
367.37668511859016,0.1819972628608184
370.8870541437249,-0.08104586404374459
365.1182737282069,-0.04045564180967176
365.1182737282069,0.20670609884780333
388.79967374537887,0.6330511132122183
396.0062121898755,-0.3538341819651123
384.8119225307468,0.1359893508551977
350.0024902945556,-0.7809671959621483
357.0724136932379,0.16582753198713363
352.9267628770093,-0.10205563042188714
352.9267628770093,0.538927047815605
352.9267628770093,0.3324891030508752
357.2048604366118,0.4619466134581671
355.1713980215762,-0.020352639140696738
368.79247179427216,-0.28293217896043643
327.7973142650889,-0.46672682552014066
327.7973142650889,0.790295527914509
327.7973142650889,0.17661850674744528
337.0833709042862,0.17315466797617773
351.9665813353191,0.1541644525071888
352.3332065742276,-0.026582445244002884
354.03044316358677,0.06075997150242074
364.7818079987383,-0.21559592321750642
331.5516355879135,-0.11244353681968278
342.4522083000652,0.3056781644872899
335.12848124479,-0.046564679399011766
350.9792876700402,0.04029523513929689
354.5205790225105,-0.22409061422717969
354.5205790225105,0.2654335741523255
339.33439640760275,-0.00047682578838248446
372.66037535464926,0.19495672259586172
387.3449034044374,0.3357018465491137
372.9143617849575,-0.44231995232985355
374.11095666666614,0.036573539560095014
394.54595200699606,0.22265190579605587
397.1388363646712,-0.28960312786773557
394.638346670253,-0.17699665379291218
407.1168930924869,0.31325573561514375
386.17477318432014,0.1053713388378128
387.5429223168321,0.11070348409486996
362.3954027292013,-0.39772829884805105
362.3954027292013,0.7356443569575504
378.72874906036515,0.41777230265643084
380.0571282477913,0.058723712458458976
386.1944624982395,-0.0641315320464173
399.62800036526363,0.5244313872656221
379.8332786290587,-0.118447044870436
365.516628951897,-0.3370195844237287
365.69118294543426,-0.12918436886525342
341.9850992042099,-0.018715611907623497
354.7125302378963,0.4333142003233661
360.5092446774859,-0.023057729255469894
378.6591251572913,0.07330683353313816
361.4653126780586,0.14563803193436797
345.9104036678245,-0.2874355384493583
359.28735572689715,0.04733566082040852
363.2014462399484,0.22527052239047407
377.48735298553277,0.3251408815324339
408.30375860378325,0.7027326594310352
395.3180986134116,-0.5671143652101591
390.7377773466829,0.21806119550387848
390.7377773466829,0.39564739980153263
374.21144561875855,-0.4220787239260062
384.4983639606287,0.27131255040137603
344.45568878741636,-0.6629257240816742
339.544459644976,-0.3579007591495156
360.2491184345923,0.18828717649216742
360.2491184345923,0.35386144365600103
331.74206697907607,-0.30213266574446607
349.89612024588985,0.2878754229034257
349.89612024588985,0.4328516973451997
335.8460500946317,-0.2802145956724189
371.4764959204237,0.4210908707909766
371.4764959204237,0.44173234488255275
358.2945953463033,0.1832818696113918
335.5754488470277,-0.3394051171009096
353.70973305064723,-0.15020806284542232
353.70973305064723,0.648298033026208
338.4599271506333,-0.16129901267618152
356.9145979931297,0.42916639486043096
331.60806756847603,-0.26754021365968583
343.99791592595807,0.4780286987014506
362.7875767179753,-0.10766434051731721
348.6751980491045,0.07802483187344933
350.8860015305763,0.30566632869965815
359.1105441447755,0.08182415240139562
359.1105441447755,0.5716969349598457
372.2365135446729,0.09995311860507172
380.5099440928229,0.03233418480988348
354.31123694845445,-0.4539907793862312
354.4531825956827,0.4947044795585498
350.612309518654,-0.24413652805628772
354.27960517503254,-0.3297174100356415
361.6341244540895,0.1783545028614526
364.8993421318216,0.057743689508924945
373.54971063638266,0.11764582793421141
365.4447521987957,-0.46018987547029155
377.76295331699004,0.2296678470218012
349.3649749125373,-0.11775226760869373
349.3649749125373,0.34992252259212364
323.21591044462735,-0.11006550769229761
314.40443277683283,-0.2270895181676451
333.7474119829749,0.41832244714260014
334.5246961685307,-0.17118961933920218
360.07806527258083,0.12676881205379686
368.91215812271514,-0.04341906236231807
351.729834946324,-0.09972489452195532
326.30081876217577,-0.31902447705522263
366.4895084895568,0.6394616805021087
360.7257629312138,-0.06677189466017808
360.7257629312138,0.5405392883366176
351.524060407239,-0.017697986951816347
317.92834020410214,-0.29175980588740913
356.09963569292455,0.6994315859790277
370.1658471953016,0.31606109387064407
378.5592855577826,-0.08879704515982212
380.8424711198025,0.027313855564216283
337.5338098942794,-0.27573505214263605
342.05774766892955,0.0360606620516819
347.56501844791535,-0.09550042625471633
368.10740148081425,0.20712322641429637
370.73442499443166,-0.0013796225799751483
370.73442499443166,0.10512383256002522
317.351433185241,-0.479609831872267
324.5292878265885,-0.07841617584949745
324.5292878265885,0.3667517877058799
374.8397608097401,0.8798998636032138
356.27174000719566,-0.14436695391168541
358.8809571137385,-0.10652012637115149
358.05882576853855,0.23476066060754874
369.0474254233161,0.1876211174958371
356.8030740181431,-0.4762209602231451
359.6778177035044,0.30665066584253964
372.7208350933423,-0.09546720832736355
338.6580777002356,-0.7769855729675328
338.6580777002356,0.4039243118043032
345.08128218871934,0.44567448144607624
345.08128218871934,0.17627006387897382
335.6343396841088,0.22609954039023705
335.6343396841088,0.20154925702865967
336.8366561329453,0.014645787915696928
334.35749830737694,-0.014202399373857588
331.9201902530713,-0.3385188352408477
359.8998240861218,0.1704971455624218
362.54976985881655,-0.20046526596865988
343.8190237327263,-0.01810001677154105
356.9257721540991,0.2520796351940362
339.7248363404251,-0.23677581713741347
339.7248363404251,0.3714362145017276
356.19247202978414,0.06238185561630871
362.7353641510644,0.5685096198259316
354.1686039274637,-0.31572733857001367
333.63575187222364,-0.2321079260825627
344.90816893988466,0.012423042356545011
378.155948394848,0.2884977915593936
339.62054381095425,-0.5317325671094295
323.96132573438587,0.2861098689066921
335.1415514961986,-0.18829601786228523
359.55353271371223,0.16482988954089706
341.3338828552633,-0.014854799306931454
333.99822707514215,0.1863469537850051
346.94343240103063,-0.25359130457104584
334.15247129838696,0.006485478103513742
299.3379183495645,-0.4864925585062565
277.8694541656262,-0.42854621208562094
297.2576793301162,0.3041623065935255
320.4508512241804,0.25387560526871766
354.4719153858584,0.258040976392067
345.8542815453167,-0.2977379898086383
345.8542815453167,0.2802003476815571
348.1558498525305,0.12478344368514627
335.81677705567745,-0.17210703112482406
342.08666624498636,0.25279061573974104
321.54294376383865,-0.44697889492977083
321.54294376383865,0.5958039811500839
361.0678924709241,0.7811298666131279
382.6251862026246,0.1596503903467692
363.519471933343,-0.34123568919289937
363.519471933343,0.08103119648001211
348.74125627434455,-0.5049810827295005
327.13503016283244,-0.14307003316923783
351.17720675923266,0.2024195094810466
340.76423658609826,-0.6018576094812715
340.76423658609826,0.0022514433640026255
340.76423658609826,0.2731366382760143
340.76423658609826,0.8563848604494524
349.59430609720675,0.06617009144679287
349.6411477230402,0.09323600184632141
359.9007892537137,0.11305242878984245
349.7132373789161,-0.19420997926317796
360.00811250143244,0.10063717247612658
352.88576960369045,0.007594901470383775
367.2822393349981,-0.0709022186592847
362.2595242148026,0.1174159741784706
335.61087299399645,-0.40342654375035636
335.61087299399645,0.19356021799057999
362.33810704234025,0.43456711337466913
351.8803242462759,-0.23449828017737673
366.6152944003528,0.10866448985086663
356.7951230804029,-0.09575303292672288
333.53373178011094,-0.3152833459866997
357.5749893348804,0.42128500705689476
326.03691572658124,-0.3133526887667131
321.3158136987005,-0.30144092493037533
335.33907515953774,0.1936657678577376
335.33907515953774,0.1041988284822537
329.98913102847513,0.05682795069446911
329.98913102847513,0.5227615740031979
366.35702512808984,0.09281838841798162
323.94519002232914,-0.5707646938571997
343.19730818310643,0.24641188664463698
326.2678435561927,-0.46252996234511556
338.9529248927873,0.22650981126730585
356.4351136073384,0.2821445652375587
356.9461216659111,0.1451823320641097
392.23307228093347,0.4447280222241261
366.21367068143223,-0.5029658271605513
337.0893248008957,-0.37321769871618926
334.1475204738939,0.05346538919627619
358.1244580412911,0.3449425400256132
314.15335384160755,-0.4272250443216308
308.46400101357074,-0.11759428851303255
308.46400101357074,0.20489557348219023
315.38180174970006,0.08448834874377553
346.6366724309822,0.3676154886181848
356.956281665233,-0.00630417122840754
356.956281665233,0.5369644856955347
356.956281665233,0.7869696233431114
365.0631459842481,0.4687809552165163
361.5938580369937,0.01521147607616058
355.8290171038822,-0.3702168761149096
335.28881274648313,-0.4870009350760256
354.6934046806372,0.49666537940629496
349.2834636510955,0.19750222008099172
379.16023468907173,0.3462004598925432
365.82196002334996,0.20131260954781283
374.14963495743274,-0.20317180667575485
374.14963495743274,0.5762841373725678
384.3116852265492,0.29841070404972925
407.69850105208627,0.1939209333039571
368.0197038476499,-0.7378187731299022
342.075203730406,-0.3774215711995339
354.85129513515665,0.10706978028599679
341.45891239681475,-0.3515202468964844
334.34476039624644,-0.20707569679029803
326.209737271521,0.04818357742499302
334.5547290236346,0.4826233892798655
361.36980198258067,0.1091583181543001
344.94624477598256,-0.3636311689234617
342.20170416967613,-0.38116823716563886
357.4136456216702,0.39456861867984117
369.1962911368183,0.05227235756751725
382.22851095008735,-0.044809339094854295
382.22851095008735,0.3358330922812911
363.7940694424999,-0.2976715336460529
360.81083831955436,0.24139401812226424
379.7196848017917,0.5336429707090247
356.78612791983335,-0.34803860817385157
355.18495079569203,0.11937387906903041
350.2540938157602,-0.13762338952176378
386.7142656688756,0.54671334682007
371.32826836800183,-0.102723833631444
426.22486852637644,0.5002229882497886
387.0909373587515,-0.488790576200131
369.8762714760475,-0.05872664921548676
369.8762714760475,0.4473046147279547
375.5371489655626,-0.34390134400871375
375.5371489655626,0.7025327422404644
372.97551408715583,0.2567856044175869
393.28717190656107,0.04737794243897042
374.1854902142536,-0.42837296415586934
354.05672123002944,-0.07179029090798394
340.85689203463727,-0.2543319624109017
369.7461328088043,0.42509967819455596
363.87398959312134,-0.2732139977281349
349.6425424420286,-0.21756650096449448
359.69575547444674,0.2664225805119713
346.5852523041651,-0.02051689797281142
346.5852523041651,0.13029525951128562
327.68575687608785,-0.44594468246089036
327.68575687608785,0.6914211736821017
347.8112418955561,0.10735204557909128
348.5640486393135,0.14720131780438805
367.76405145732457,0.37780479056914373
357.93884220589564,0.05790802235287629
356.8866558879753,0.13361803790996873
340.50683338218624,-0.0617390233696824
373.7992553163471,0.41933352078081043
359.849332439738,-0.20939329435168474
353.20109386713085,-0.13675638604377127
360.3809250107496,0.22501753586175255
351.5804976038855,0.1836427939490477
362.54311700374916,0.19175595912952303
345.4375539631269,-0.2742324491267709
303.7772679423435,-0.46549047591065573
303.7772679423435,0.7082836237066203
294.3316998503467,-0.22495262559539242
344.8169979080409,0.7023294452184246
356.6335065699946,0.17080670942482357
356.6335065699946,0.24167516683849044
331.6284546549396,-0.2919390149213541
340.8901107798948,-0.13776839350032333
353.57914150693347,0.1280384771533818
376.1065040968604,0.1450021799203114
376.1065040968604,0.30661759181123216
351.5614021109295,-0.025880394521550443
364.29628662203555,0.6175313330390964
330.9535275210971,-0.6446880746129864
348.3918619724366,0.20201472018777622
328.08778222518185,-0.6376476016779407
328.08778222518185,0.377615817642436
328.08778222518185,0.519445923606213
300.9423646730528,-0.17484198522515726
300.9423646730528,0.7663030599766216
300.9423646730528,0.34270101000652176
296.1135486531954,-0.1266974182113927
312.22389789594433,0.09461195311428128
343.89066060400825,0.38532254587425996
343.89066060400825,0.10599201512036416
358.74965030566244,0.10575448384736319
358.74965030566244,0.2526174321117196
358.74965030566244,0.38065298342985443
362.1802372039027,0.16171597226309586
359.7179667388968,0.22106127936615394
372.5559089400326,0.12950861783838263
345.670033457641,-0.1782907142617205
330.74595677762784,0.11508216666811677
354.406022273548,0.5518006753281952
347.73877556788835,-0.05632505010225941
358.14877254908583,0.0767921863890706
358.14877254908583,0.17813272520766077
346.4207952466698,-0.1539570319748691
343.41928017229765,0.29316987288336804
357.1108656025438,0.002453961658375192
361.35087089768723,-0.24116908534938375
335.6900606399836,-0.08918407411795215
320.95887330412995,-0.1367462917884268
347.37241444535385,0.35661770903391243
326.7348987575797,-0.520617281739078
335.95343835523613,0.24109591966998778
358.1600474111185,0.2876485230074195
360.18141094807714,-0.020835012406678288
368.45145164300527,0.02364194761003091
369.10022714517544,0.07386830270172595
363.73965539523505,-0.4059306876779374
363.73965539523505,0.2937123643732775
357.53257370905123,0.020526982462115484
378.9587544778499,-0.06994598756625692
387.3047036121331,-0.019169915537986526
393.5861596921888,-0.1043416140392992
393.5861596921888,0.13726835667091564
383.12644693202714,-0.16503923217396732
355.8475905499883,0.021492857637213092
355.0946521741543,-0.1715145026199707
366.0137138259311,0.3161352634474497
366.0137138259311,0.9370555139967109
378.465144166547,0.376286042330662
377.2076026208073,-0.4942343011207413
381.355191537066,0.01030850320830723
371.8630226396455,-0.3717721571912307
376.64855666226225,-0.0903099591357659
389.27031495695695,0.3526665924250665
369.38773903972884,-0.16196228018748116
334.39175084962704,-0.3003155483442015
344.46653031648276,0.22932684061174768
334.98755751467354,0.00937718263764964
361.09077197031536,-0.10279542149930876
361.09077197031536,0.4338083265537307
370.4061303722088,0.25815683383962096
386.99189340673564,0.2210019163577499
396.7506934840844,-0.05069766650251495
405.17274952037417,-0.12431964348343172
397.28537114340156,0.3189756420104004
365.85845853703165,-0.8324671862690138
360.9830705266129,-0.005196322879328363
376.4296528457167,0.04727136129235987
375.842094213985,0.43286341204600376
372.0793194233365,-0.1489037591751412
370.6334651265962,0.12258455286792014
378.56048620428504,0.5603598874284899
360.13864944825787,-0.6279138374854938
360.00224088090266,0.1825271044440342
325.7209870276341,-0.617785240646981
325.7209870276341,0.32685428089951074
337.40420195045857,-0.025351542724706633
359.0811793187416,0.3807497976824834
353.67287590155894,-0.07234458413631728
353.67287590155894,0.0877170267690417
371.14394433259986,0.17926837302138665
358.653899168185,-0.011196153633591166
344.55890985031147,-0.04401845432209939
369.5594119713787,0.16208606653117386
369.5594119713787,0.13575364749601704
374.71759655348706,0.5626422119598828
360.2548153212606,-0.6237033547461124
352.42793255554716,-0.2860566165209093
310.1013964966841,-0.20673815891404956
350.6496855440212,0.5509979139603729
382.3800539123889,0.519980616572866
388.0037731775171,-0.09042632383318505
413.955659871309,0.42173945722049666
389.7776211519555,-0.4475875419013846
393.74623876373465,0.07902940021665472
406.0126527317048,0.031887009823549306
376.72532566308234,-0.30766203787948143
372.6966810458021,-0.3174585863379207
403.0159564685338,0.6552372569783529
398.5154191098003,-0.26460308570324287
382.00478547718177,-0.49217308073059485
388.9275968833132,-0.007196474577881418
379.80971773991354,0.17914430176790574
416.45278603220737,0.3161207315081356
363.4186593419177,-0.7917386797477093
372.76456642420993,0.19379103642563678
367.1368323062711,-0.10336360263295319
361.02887625829516,-0.21781690830994194
364.14864421743164,-0.05685240678678838
327.8833395104479,-0.3663397936345518
332.63452220677385,-0.03749200486163318
337.1000975735212,0.2798700824688467
334.489948093411,0.20485755229356073
360.462493604439,-0.1331885911978361
351.8369894589512,-0.44168665926099493
346.2442889127001,-0.14797048083232767
346.2442889127001,0.23014217415948224
382.18732850109126,0.26987961230304336
375.2900580460181,0.13757211038023343
364.6175758953403,0.08723908763477084
338.34202168231286,-0.33328813945763613
342.03280866613454,0.2930905371033532
312.59321088615087,-0.5180552885607312
314.67872743635405,-0.03745874378080316
290.00735460700884,-0.10656051569947067
328.5214364717153,0.4863521875737433
315.3052910571139,0.1799650615845394
318.9406718950749,-0.25624047843268727
317.8694785600953,-0.08191394824984854
331.1405159905725,-0.22043207515980612
331.1405159905725,0.1693099319832072
311.75253258908896,-0.013274284113549584
349.1297769510005,0.5258104393811891
342.3625678320355,0.13525609295948016
350.0593368525779,0.22091489573142553
330.47609733336463,-0.2645432030677739
324.9402372612524,0.6050687702065716
353.67026915365204,-0.10701454813352029
343.15085133495404,-0.26286466746307724
339.7309380804122,-0.06012143659768299
329.9157599743649,-0.1575674100673723
329.9157599743649,0.1377326405589656
329.9157599743649,0.3836453388305472
329.9157599743649,0.39272366971908923
350.84567502402155,0.17148773362976044
342.5418417749169,-0.14747403068054155
366.3509440084668,0.4086383650103471
372.9988850151048,0.052970053762805946
364.64277232640256,-0.0015496985442950972
353.2461916074017,-0.5574062772458319
325.6599538402392,-0.32030979681235294
325.6599538402392,0.42366107719863066
325.6599538402392,0.4568402842962769
338.520679114917,0.19055444460298077
361.35496535913126,0.39257809938135324
346.2486970741282,-0.03735455019170786
330.2847035999958,-0.16298975604081534
330.2847035999958,0.19552482132166915
345.0901582358364,0.196227409046287
335.853361343469,-0.09966004652608262
332.07596726790916,-0.015704058039546
335.87933066807943,0.29919051634044536
350.4655572775871,0.1122655890559372
378.94987200150956,0.3723709029653719
356.4856292494831,0.1528427654538973
338.0863834944411,-0.167787162373088
352.3555859826253,-0.08919739856332853
384.9439404152378,0.6129897424427782
344.14491866128606,-0.8298358677758415
356.96514767016237,0.31356566134752484
366.70413817587075,0.3574822137539968
349.0550211687451,-0.4507550103005542
326.123976494327,0.05526236514856464
358.4977090651563,0.5763013305144113
345.4103543699282,-0.23110335211515576
345.4103543699282,0.07265668301920414
377.8209591292472,0.3436714128067706
396.23779319646775,0.03792405417561895
354.90860960354524,-0.5783833251537089
362.0654798722569,-0.0688746680289114
372.5592231098894,-0.07731267449776169
343.04293384345834,-0.15560149310022098
358.5042223511329,-0.0006364991841110168
346.81525556560564,-0.15442161639771257
360.01093545184915,0.046140294529891435
343.76998644165656,0.09907485413486938
338.65326312614525,-0.12018070542922032
337.6249384558587,0.05627621068811095
344.49000591380667,0.14371699763273682
350.2045787196144,0.13132504906161557
348.58813743382814,-0.11706876245978037
361.3215017875897,-0.006374249570058055
357.1420008540044,-0.338445860703132
359.39172515889055,0.19014654884290394
335.3681530842248,-0.29639943920324185
372.7454330282648,0.25170475278878257
342.85141905786435,-0.15616523640869673
335.7107304904135,0.03194841478989474
335.7107304904135,0.5625399699715672
320.484287585789,-0.4500386508900647
299.9685100593623,0.11666106150607902
348.66498444225056,0.7003017511684675
309.42307667011283,-0.755731354059435
329.90044216630014,0.2935022044644029
350.86758318706603,0.40850441445331853
367.15038879700893,0.25993047424003635
354.5914268619915,0.06674842406232528
358.7908025718496,0.13892456356074945
326.2063999978004,-0.46150254087342546
298.12829996977615,-0.15676668903233804
354.1280982603102,0.852479227765798
367.9228303530512,-0.047870888548459334
358.8678779156877,-0.03282433376602967
389.211053784662,-0.06206127618747814
371.36249542343404,-0.13403024120395912
365.9964578683144,-0.22241406149294107
392.8732835111622,0.4397434031662897
393.7970341057131,0.011743652150016715
373.8699122690134,-0.10446983629424267
380.16471640674666,-0.0039116480722896085
360.6055413705371,-0.3971397755516364
360.6055413705371,0.30617391236171443
354.9989703584911,-0.028823348448668185
366.8413324628258,0.0249121997662769
382.0729833985746,0.2769528487201569
374.2442227655462,-0.14166087665637406
375.3338396795418,0.12929723436172935
340.7941256340841,-0.37188939671818844
350.87236718425646,-0.11548309691443137
332.41215201036107,0.0026998320594202596
328.85757092463507,-0.22346726107502946
358.48496678228406,0.4371066585384824
346.89467954689985,-0.3301873360534273
346.89467954689985,0.30852795931605215
349.03078406470325,0.21117368708326012
349.03078406470325,0.5009746944269864
350.2634564749433,0.20603375535688428
370.24527774849514,0.07549868657088155
384.04741622348985,0.26736723856629396
349.35598134551253,-0.10479121701018812
364.58261405812203,-0.04319329878410372
386.327658689246,-0.06351029138807007
350.4046358451515,-0.4061851742962972
350.4046358451515,0.5475226865235072
373.2738392877955,0.5616921391235792
375.38163620445636,0.06292090963688679
375.5966342260753,0.05107662995646933
349.82575698844363,-0.9952294140280173
339.73054249450894,0.21286274210342526
337.81105373262045,-0.20157675018640475
360.82965844306045,0.3502319605881894
360.82965844306045,0.5667574564171218
368.1746472134016,0.23108815838600094
376.1908895618269,-0.06957066028166992
374.89831048123466,-0.00967227071146226
378.5210828041913,-0.028590169079507177
377.7978189414039,0.028293582954233898
332.5336028749631,-0.7317577916008986
375.04674520597047,0.48130683558440523
353.6611944722295,-0.19455212360082896
344.25033256235474,0.047622555837278924
336.1579045768148,-0.21058942136971837
352.63197770373733,0.5174447311244421
353.3319915377577,0.11314780365864863
377.91358958875935,0.4372166626081935
385.0688501297011,0.16467989177169784
377.1038184743304,-0.63920918970814
334.8291315997101,-0.326738999778172
321.38382360871447,-0.28252438828405957
367.48570579738106,0.5121023696849534
355.96956011020995,-0.14014602347549499
355.96956011020995,0.27071481321831925
365.9936561495867,0.2118967136119636
338.55293969012666,-0.3811138006821011
338.55293969012666,0.17029528764396673
349.591556995143,0.10832641892227457
352.7484943968768,0.22605863742137444
376.94023932214174,0.21915082931298002
378.72170957788376,0.06330435958182079
368.2628980571862,-0.23827442163178603
345.98506996138457,-0.5274436762908863
345.66983005692447,0.15577477477802404
357.2907745269959,-0.06191933122750015
380.0543758743177,0.4549746397447052
359.81553751177506,-0.30522802580662756
348.7712737229139,-0.3843288643024607
340.2463140087428,0.019248021197881826
322.6006703999903,-0.06188503708290227
328.63015073871196,-0.1699105505767875
328.63015073871196,0.8685445824842191
316.6131439224136,-0.02601821277073668
357.3723251939942,0.613812798897925
342.53852007948177,-0.15441527510688502
343.46972103253364,-0.0709174161440842
355.8635827264102,0.01619433414703053
357.9206211137426,0.26708749729846204
347.33010460095835,0.0927534668478529
306.37689046183397,-0.34332180139233515
347.7170728808252,0.2059496196065993
325.75337180484485,-0.26467023212273943
323.9671515716801,0.09032718021614983
323.9671515716801,0.5746856259373772
353.4049178309974,0.49543337870306914
361.5436668556033,0.29936879194235644
329.5766427742416,-0.2761861779982837
309.6047032577051,-0.20863364253477812
309.6047032577051,0.11771613585142404
309.6047032577051,0.39118385171661885
334.6837531406408,0.4878528604015173
350.77761251878303,0.04699115099856499
369.4917291627665,0.12165932174127647
360.3620375130025,-0.41300383400493956
360.3620375130025,0.130123726612851
368.63517441651555,0.09166263173244715
380.0844867499457,0.30379353753801297
363.69194711647094,-0.4640077415416499
366.1503237049945,0.21374661251923044
348.9988568112337,-0.02733213257704392
374.537257733391,0.46814897127410404
369.053206890924,-0.1765011692086773
347.1297479098862,-0.1195374119937469
350.98489228074357,0.08131497959698208
350.98489228074357,0.42216299051119677
384.4036241318671,0.015696303764116237
372.4047208754101,-0.1278919907456384
366.5215771295563,0.054139762016120585
349.99973044674863,-0.2576080644562353
393.02667528453867,0.5597764441835125
366.5184010872647,0.07991395535054835
373.26884799986,0.13082434747059324
355.59643698553293,-0.4733875125406257
355.59643698553293,0.31393867116776164
355.59643698553293,0.6655008548716523
374.7214210235606,0.4559419238382816
375.79001132854097,0.04887007733441351
359.3543146573923,-0.1679182960920116
369.25031446866785,-0.13503945881359414
357.07902179215495,-0.1057420239599196
345.2708990882521,0.24472181063083553
382.0839116187185,0.8306976061794558
350.7195828898846,-0.8413458744256559
346.15385500045244,0.21255274669942992
334.0337911987565,-0.5309649082696524
331.0906227881046,0.21240778294418305
366.20662009622504,0.579151769563282
355.08796904017197,-0.17195003020606237
379.163892068586,0.5111035002232711
346.44327513418483,-0.5361952727632797
357.1138837325294,0.2943492875162974
376.0213349900367,0.1922910579710333
348.9396674411721,-0.4943001806736902
362.251050195445,0.41538828726027077
350.7605542880957,-0.462229560370929
350.7605542880957,0.09458420109581311
316.23748178036425,-0.36413557508171834
316.23748178036425,0.21290432406601667
316.23748178036425,0.08712266565646587
337.1121936699954,0.09050235608856383
326.5921404316881,-0.23838055235694355
339.6400211387432,0.2545831814363737
347.0305902577409,0.010251003891198707
364.9739884070061,-0.04075877445268361
378.4153033773169,0.31626824841589496
380.0260154626112,0.3448824162304618
397.87190918257795,-0.2559204049748587
376.03814013087026,0.13846209728853864
379.52448480432963,0.0713683292949554
385.9589403420249,0.08162483440185042
380.804305141582,-0.007996846245191591
376.54667374244275,-0.17977236064916724
336.3858746890812,-0.6486614641440838
345.9004197318309,0.0306886831256179
367.1497149516037,0.3698114257688303
366.5320121596693,0.12727879650810792
355.78081187965216,-0.05549331150541548
355.78081187965216,0.11952061487363608
335.11035410000534,-0.38140268547772394
369.38398096426823,0.5483090315752861
385.1162363005912,0.22930377707371008
353.09724727807424,-0.5880824291480167
343.5123404870799,0.1848421603094721
327.0455717940582,-0.2535045503486799
327.0455717940582,0.5510006615684233
327.0455717940582,0.4194489051637902
344.9537941923964,0.4607904969294623
364.24415445639687,0.23304464561033456
356.5860308570181,-0.395263983867153
338.3834849646497,-0.14582089624241235
375.03575622740146,0.1782983108996632
350.0464817110283,-0.4456895046128011
350.0464817110283,0.7713143565504197
366.8414634405097,0.47053212934929434
344.56612873447403,-0.2267855830489225
333.8799585874691,-0.01959680780078088
305.604540579611,-0.3922308666457184
337.1262135457087,0.34701898540777165
349.0294320926243,-0.034822153392156
349.0294320926243,0.35915444250645123
336.6392080614111,-0.2746078943384873
336.9681653768062,0.33049246557538936
371.6546645045947,-0.0010653019558048982
331.4879554477777,-0.34176500734247384
350.96054390508107,0.7529082704811572
323.8288121854011,-0.30854538670689635
308.31674828918364,-0.553985517225783
335.5851931828376,0.6814135696751009
342.2166340343722,-0.04453629393844949
342.2166340343722,0.5257823462743545
315.1696643561026,-0.5097262256966815
315.1696643561026,0.4670904440428103
315.1696643561026,0.43420330918263517
306.96232380765224,0.23291928283867946
332.96241903362795,0.11017580763098067
332.96241903362795,0.6679847533038128
368.29517676793307,0.5459681692119602
364.05637758742023,-0.24627627286895404
344.66071063234875,-0.4534282415369262
344.66071063234875,0.18248648237067755
356.9274463448304,0.6174549354263945
329.1944408875514,-0.7203934879823919
329.1944408875514,0.11762271257759949
307.94118067883994,-0.10865645078172292
307.94118067883994,0.36691123891773714
329.68382311576715,0.329606120227254
329.68382311576715,0.10606932431267069
354.20464800389567,0.6484201729390406
353.32155098508605,-0.19968392281987235
332.2893394110614,-0.32395480209549987
340.401644157012,0.17872426671192443
344.9074224365496,0.19489560137901663
354.2716031855838,-0.10905759241791202
338.55403263549897,-0.6552667455583787
327.44897130197216,0.4455186708075871
345.08205897721706,-0.09615780584022104
336.7187328263937,-0.04840596209328396
341.8735626787479,-0.3332165174728061
345.1090276060677,0.33625235940667153
346.54594227100876,0.05380911988390835
312.08102678401747,-0.5698397828020916
333.5525137201711,0.08922141585526333
325.4351263747265,-0.12937382209463522
325.4211948834544,0.025482345794785033
359.91674759771274,0.5492490209254584
340.36251116574414,-0.5789453915664353
335.44889536940383,0.3592105801786829
335.44889536940383,0.4919342226808112
335.44889536940383,0.3013771967298453
331.60997756081235,-0.12863646245386917
338.77644000890325,-0.12062466661723192
354.654351626684,-0.04455274790279873
368.8891921428305,0.14133006412885152
360.4168491030903,0.3181550822587269
375.14159910759753,-0.0036500732345530196
363.90474801362524,0.10573819777698645
335.3762080877223,-0.2733396042337972
345.0445408537893,-0.0285599629042963
387.0442053393289,0.29322923304323467
364.3407929694192,0.04844768496741381
353.7944598438916,-0.15056824258135748
351.05367952421983,-0.6515488706747874
344.7516743060746,0.33977955046009356
353.88136024507753,-0.08023872326134551
334.06201132794104,-0.14298170172253322
329.1469315865232,0.2082220987524579
331.53255944090176,-0.12013367934662256
338.5828974687298,-0.3334149833495985
338.5828974687298,0.26950331273496886
338.5828974687298,0.3112064543215638
368.79332048050117,0.5613465219914815
368.79332048050117,0.26936999948281937
342.4088567555192,-0.28060602561481574
342.4088567555192,0.060656803621327526
349.706590609096,-0.13597153468515444
369.02276204426875,0.11477341624060955
347.96114067557085,-0.02381906261587119
370.59957938796,0.580928178507861
385.9269497586138,0.0061622043250508796
364.83003625936647,-0.39926846173023023
352.25163791910893,-0.16573819048551286
356.8076025319546,0.1118874819554776
343.36372515992247,-0.14685427535698636
343.36372515992247,0.3574553332925916
343.36372515992247,0.5774594554467285
332.6219650586209,-0.024305847605432973
341.8926752943492,0.42194090657790184
341.8926752943492,0.2848207822916038
300.43591161150937,-0.7518135045547751
313.874862677837,0.27240573324831985
335.6024958875227,0.2327125415313276
357.65472094806836,0.24124395823992018
365.40372210690947,0.25918425075951745
371.77104717221243,0.05370040357649941
341.733162806945,-0.46380354009943403
356.605844803782,-0.06539941346250089
360.02768234168695,0.11808596008722816
328.89876558163144,-0.3591330294996169
346.88243769917403,0.3965732151160637
344.302338563663,0.400724628325861
378.10154569939016,-0.18928573523055547
374.2535055275075,-0.13112128054069672
368.72703281208345,0.14706559659475715
370.6289865513151,-0.17599074747704435
349.90888983218645,-0.17919462921076956
353.3917040215802,0.17599803060431896
373.1864733373602,-0.13954086246531006
369.89618526266236,-0.022922085529671676
371.80346651781866,-0.07117614614730883
371.80346651781866,0.4397154509426855
369.6985153977034,0.023823933751145887
385.83419484138545,0.0692499281851724
407.8575714935528,0.19372607422792498
358.76409337425605,-0.6122640276671518
325.18867006517365,-0.20039057164672158
332.46276535569086,0.19804251324444522
351.32503935317783,-0.06853059935224337
336.26207518243007,-0.11574677233488728
358.90967355428387,0.31085598366109934
339.6157645217854,-0.3068366406748737
327.14684903660503,-0.007240598250746189
334.04557223870637,0.07476004691989147
331.8383835410599,0.10033685132384562
342.960967439032,0.01054774596855168
335.6585571709437,-0.28039158196270364
341.40926514071566,-0.21884347164109386
344.70527114169187,0.294658541841045
353.5664494622925,-0.07272391217202312
369.19033338081096,0.351058395307291
334.5609147816018,-0.23785891101226753
336.652060901293,0.14196620425559558
345.0271127613739,0.02139911797098648
357.01682313724723,-0.32467712066022614
357.01682313724723,0.6652593189032814
357.01682313724723,0.4486471319667089
352.17222625863025,-0.028071072906413974
385.0451429197803,0.5373956120570256
348.93180898137734,-0.6212843723479864
369.14299922206305,0.2700639039105681
366.85313781108295,0.2827939448527559
366.85313781108295,0.15377944359829598
355.6475296012503,0.0015116828647023794
340.3910029210628,-0.14727150430439906
328.96321665030496,-0.19471857530822945
328.96321665030496,0.07013167304455692
358.14957891058685,0.13909897752989764
336.8097238980094,0.023985924733324282
334.55292992034776,-0.2699120271799984
354.0170165342307,0.16254761582626998
359.9264461980146,0.13764176967117692
319.6017047720291,-0.3577423834306046
340.94059739194165,0.08446847530581181
335.8495062344689,-0.25075611953013777
343.6506253740923,-0.11535539548935958
354.07626092095757,0.1428717079099897
359.2246775991067,-0.12454425318844642
353.5379999224996,0.1870571636185332
353.5379999224996,0.169670513926917
380.519831358304,0.17432116253030472
347.7455698611477,0.06481058709255194
341.5449444369492,-0.2533776339529368
343.60803186385414,0.12425900296034342
366.49747119814566,0.014087722896647392
354.82059127751177,-0.341265937757953
372.2903587514524,0.191974367884427
346.0424924200375,-0.5291761755004245
337.9041806088434,-0.14281136946237893
345.8435072976551,0.0849676220936999
377.2205399461552,0.4728321736911312
352.3687507289415,-0.24634060991979823
357.2559913902584,0.07044281837113431
360.19254193332915,-0.1255781563961591
360.19254193332915,0.5193229687267831
379.15312310659306,0.2284898010964298
393.7864541828463,-0.5596359312054346
393.7864541828463,0.5643928474619315
393.7864541828463,0.8540949774410365
379.54257008499195,0.5654900361965929
356.5746997133806,-0.31526113676420664
312.15080239147403,-0.44820173593939217
312.15080239147403,0.313247451349298
351.2028495093387,0.3537407902877021
335.2985886026901,-0.17190694335761236
344.4165607545478,-0.07629238381025516
334.45645109325847,0.5260204524960272
328.52778389451225,-0.3127337011214877
334.4006263971932,-0.04075696819370478
328.340755630181,0.2168560598224758
340.01665314658936,0.16725374934503634
340.01665314658936,0.40718574068091584
359.29421637592645,0.25240994261855576
372.7547006733543,0.24205814117033242
366.0094115292957,-0.22361714577857583
382.9096768293183,0.2914668551311479
387.2314497105814,-0.006021698393396946
397.7509131853877,0.15872080071494565
374.43008269825157,0.12504302100751374
377.4090378470398,0.22341709562829237
357.25006184778374,-0.07467813863240735
371.60914444472775,-0.16759643784246236
370.06370983378036,0.14425224007868565
370.06370983378036,0.31853740146209475
364.0035663615486,-0.09524815642839712
364.0035663615486,0.10487850457730019
363.02231122114597,-0.18963857832147824
363.02231122114597,0.6179443240617957
357.495685992528,0.2739386149787606
330.8477014681343,-0.2422578533738715
345.566578309914,0.09902715861426259
321.5501301742734,-0.29411902835784076
328.6469547219502,0.15451474773340124
336.4875439671329,-0.08890931793530399
339.70851521875204,0.22479859437430605
339.70851521875204,0.28088851738016274
337.72975921723275,-0.032483948875551505
332.59350963114355,-0.4070646902387125
348.0411205060614,0.34624978048691446
359.30762839403445,-0.0035344286841336725
359.30762839403445,0.5534795834155375
340.0605504383527,-0.10698693520851066
360.4977251414657,0.1286348687424379
351.9055444848007,0.17444264047253455
339.59118073658715,-0.005154836954602615
339.59118073658715,0.33697541627441296
366.7918005539362,0.4717966912619431
352.82447125038743,-0.534096532289368
352.82447125038743,0.3679912497455007
369.2526066085701,0.2301198831213469
343.4547664135202,-0.4106567762992199
326.8085370367059,0.019475609104574687
310.3645943655145,-0.39655312381569274
338.6190975745273,0.48211234283303384
361.89859484714077,0.2625428553496931
370.0936400084728,-0.2051906712804339
376.2324550287623,0.2623281592126432
367.2759517151957,-0.39256419013838695
364.7637222811223,0.054437626703020214
372.53576340703955,0.26974637315845484
331.55468119689834,-0.6864028734601106
320.0158018870306,-0.18547545796116083
325.2488328408494,0.34259531599207094
325.2488328408494,0.3196636822270875
323.69761297231634,0.3885535427471041
354.39572154826055,0.11431216590744953
300.6544088813018,-0.6359281857406813
339.5138401449684,0.4835946729748457
362.11328837439714,0.1064157042756051
355.36956452507036,0.06264170999952512
359.8321183074212,-0.020017951830027414
366.95157817005145,-0.3505692068379176
362.54751062334196,0.2625024793705961
348.8064133848507,-0.40520263422308744
376.46000095964484,0.26115904001869694
375.6782622069049,0.13679855163536558
388.93021291606857,-0.2001577670308734
372.0968205340498,-0.4679141144580399
351.8069381257915,-0.4504313834090681
346.56854199594625,0.2166713983367572
382.9915259390609,0.5111522233166852
407.58268741326987,0.38168651078262883
400.5647094456277,0.1798649186862349
389.3052987092519,-0.018616251182606902
382.6960701317253,-0.1400569835307124
382.72325583055704,-0.21820371820069795
360.9428010503555,-0.27096437665341
360.9428010503555,0.24511496379000164
387.31136100782555,0.1682687373418048
367.83507836864607,-0.4561614969366019
391.17061047306316,0.40790432911853713
335.3004939163203,-0.45982526326486095
335.3004939163203,0.4738337222023574
335.3004939163203,0.5364885632171763
335.3004939163203,0.4750113329295118
363.59682028549304,0.5331069935807591
363.4484091973367,0.07345450209152204
332.0340125902224,-0.6047271651128767
354.80752607895926,0.3544605264481788
332.9361813395808,-0.5839100086783446
340.51591918077054,0.1255930510444614
333.6744882928913,0.03602637027029232
333.6744882928913,0.8430671557324558
330.1957334482178,0.0895694002840628
330.1957334482178,0.7013125423457041
338.85529535981254,0.208793603903473
317.32300755862053,-0.05277302775198223
316.32555494427595,-0.24129514919104622
317.8465399556485,0.1912457868314732
348.708385575075,0.12117961610454131
368.5730769332999,0.28706441550184536
341.7692765447897,-0.6670690638120504
317.90445567742603,-0.46905220509495393
317.90445567742603,0.356219882789901
317.90445567742603,0.7111967875655409
333.53119018973723,-0.019645503119932073
350.8408677022705,0.05307050269607316
349.1500240032761,0.045991164021188524
349.1500240032761,0.37266010234236546
341.6650887162218,-0.03151085862441505
338.7780002715706,-0.15954123835672362
347.1917457483421,0.48665295382750173
350.2937591785666,-0.10208611446182658
349.54372378415866,-0.3188261674943078
347.05284769771055,0.03126617492375772
334.9853252398284,-0.5408696978211083
351.1544450484387,0.2649969789113129
318.16876600807655,-0.09173879888510328
333.7130305400708,0.05343412539571091
315.7533376828614,0.0572397223210146
324.8398909709032,0.1872669979255761
353.31399459092097,0.35295574231952287
381.0833104302492,0.307859459397946
339.98241627953354,-0.17577207731392264
376.5590750497354,-0.34584482371712966
382.7904738163813,0.3969484483961878
382.7904738163813,0.3460860954423879
380.11490481528375,-0.2208831181928872
348.77000083941914,-0.42558506484817826
361.57969097091694,0.3642910667005026
335.6450178316977,-0.5804678789188529
360.00780690517405,0.3374312785640541
371.52672043892625,0.44029068386043946
359.5608590509515,0.02020522289649307
353.4838375388114,-0.48613737821449376
363.4470511798048,0.09055126765485966
331.26551390123694,-0.27004723860159174
352.4479750106746,0.11726546642603353
346.7221138618098,0.010660961474286523
349.60400914158186,0.06393758325668841
362.17237085622486,0.15801780559138479
354.885665328291,-0.32318065706635934
377.28842681893474,0.2396582953045936
341.07642704930106,-0.45524569314375185
341.07642704930106,0.838072303066042
354.4944584301488,0.2931672571737636
356.55200861087576,-0.4097424244840795
316.0370713717212,-0.42788031485758893
330.37638853905884,-0.09940561481312216
331.01172761261324,0.011752079751204292
307.94517369838803,-0.17226553583964233
307.94517369838803,0.7026023743283076
328.21494048906777,0.33795494809396587
347.8496408492558,0.4084508512036109
342.5884424935373,-0.611701372829998
345.2114124900846,0.5336388767000244
367.1840620577886,0.1464301423170582
365.7518887434492,0.0556972392400894
365.7518887434492,0.6150057403945084
357.45693951344134,0.19792267880177405
359.15571304056664,-0.10931297800937045
353.3115141556041,-0.3542866918476193
379.83860935885565,0.4967598099916586
379.83860935885565,0.26641758054643105
346.54544927546783,-0.4811527109246754
346.54544927546783,0.3510167886937552
346.54544927546783,0.5941705818304399
352.33192137252775,0.1651513350248024
336.97094431033736,-0.4752788076298202
331.8836921098027,0.3706749096289741
365.8515485511626,0.09943726948063158
364.48348356013844,-0.11669154005448945
362.22979444873977,0.09210395444597452
378.52507850083595,0.136402953935999
365.17577068756214,-0.16758235681788847
375.7649574077264,0.20731415637646933
388.6380039036401,0.3115273335232587
378.17906282945995,0.10002210697939518
388.19347051817743,0.19889209050882073
366.2773952996381,-0.5664469596223398
325.24900728980106,-0.5033011426216945
333.70924451489736,-0.05628329193450554
354.4492047404154,0.25338311909240474
369.9918270317206,0.015532234701026937
350.50897179142885,-0.3522558422905604
328.5230532783046,-0.28102558150339974
328.5230532783046,0.7718200266683652
315.95623987623804,0.1334109656356759
320.2797196828948,0.2881899017311298
343.9830333427454,0.1084344336338745
356.7816128169374,-0.19880890020726838
353.4465198469343,-0.10780223856841076
367.57351753342454,0.10419867575228636
349.6521615783251,-0.3210819279440784
349.6521615783251,0.6660762469583688
389.5735769553938,0.9950206243770481
387.9189223810914,-0.4754354879959237
376.7930073123021,-0.23074221134459094
351.70824441724426,-0.5206392990651239
349.0561474938576,0.3966186776598306
331.16289265661857,-0.4221172476321726
310.97573739441617,-0.06419940738510377
320.06961481856973,0.1759397296473253
320.06961481856973,0.2525272961106566
338.3340942539982,-0.019108206954115303
346.4480767991471,0.40043260940001346
362.9411766713851,-0.06289324659417161
383.977615572257,0.11792754678640449
360.15719467534194,0.14987732884060279
365.58402372725647,-0.29236869652879705
365.58402372725647,0.07817360252045091
317.24157658471444,-0.684292814758237
338.2814914446011,-0.029182694463543157
344.05139988798953,0.10741879274712574
338.1016106540588,-0.007515053762631396
310.8452166726889,-0.2513313084054971
333.04085103441145,0.34903637978072766
346.5431968703822,0.14450317902162624
338.19146898604527,-0.195697577101555
347.3512378894803,0.017724337680760982
322.9027311614768,-0.2751474937628018
357.7922282599318,0.9524968362724167
365.7597371091783,0.21009661042592143
330.1747847557365,-0.9426673812529316
339.5731716668816,0.35227508513128214
339.5731716668816,0.21236018079162022
334.75664535026704,-0.25796865663835433
335.34251044755086,-0.028060682989462293
346.04150485122386,0.289988356074673
353.14967441665584,0.0923930405815554
324.3388608666447,-0.44976359744327965
330.6959619322655,-0.12667386087343857
316.6940657942131,0.20335059115041076
331.283153154945,-0.20087770920576986
349.0742286511945,0.43116367431639446
350.3551290125931,0.41650745038361947
366.0663036877627,-0.35591896072094187
355.7165170204539,-0.036568962225601354
355.7165170204539,0.151333246654076
323.83291660369326,-0.6209353050686559
351.4039067047323,0.4691437653225421
348.6992646719258,0.11748991608021697
327.17557037627137,-0.4043614845977572
334.3763930748103,0.24632365379841303
352.722870261532,-0.16392844786798833
331.0665277981331,-0.12450173757270022
341.54369159760364,-0.012743673718091486
347.38165222458895,0.4662310035195105
341.2457269729213,-0.06506022803841915
339.0806551455025,0.09682949423086029
338.4792517874452,-0.1287620415383799
353.7285575120022,0.3604522807320336
395.3489229042762,0.38562232338813374
384.26660955176357,-0.128583123669614
389.49393569042013,0.048634871977583316
378.1670684660009,-0.2117545826370133
365.39489407854063,-0.11517620137919948
404.1413179754507,0.43105902805916685
347.784785842629,-0.4411720319610595
336.0928146480268,-0.30185760274889617
343.54513181720597,-0.35429341394672065
343.54513181720597,0.37266450630477266
343.54513181720597,0.5754143368559426
327.5172052198671,-0.2470855021532543
325.92065424055454,0.14207622779758822
358.18311321631796,0.7818623883973714
366.2722039936102,-0.13139661407353742
346.9136301934748,-0.30240855058139005
352.42102626194344,-0.01616942015004952
388.7296704471199,0.3345936074771316
372.8657940107663,-0.38861906763963816
351.2769690370234,-0.4732058911386048
368.8552461673783,0.4542652843083488
349.6493347007772,-0.06537598571333092
330.0091588533959,-0.25807446726116723
327.2987812210565,-0.0063795526489229815
358.0210494731504,0.5924487496563415
367.1274264863457,-0.021963718362030704
367.1274264863457,0.18101323996688734
355.3520303026112,0.06890013194652056
363.64754963810424,-0.021053574903930894
373.13191980112765,0.24396306412916147
374.5158282515666,0.12535806804214644
380.2608971884757,-0.1505151883831104
377.53827440180606,5.416868475549563e-5
375.5379356530526,0.07416652891720332
373.3158790037884,0.031335230770991984
348.1567651076715,-0.20280238459361044
382.67862013448394,0.6453591851108058
358.3804458775381,-0.5225768502931487
377.4275037663805,0.05207471058201918
371.29265055173454,-0.13618826215383706
366.60945878915504,0.06931118840884665
366.60945878915504,0.20469159614049204
368.8381634908124,0.11263254210382456
368.8381634908124,0.07927548903467141
354.68735724836773,-0.0181544615987832
346.54223321873957,-0.23857602937914635
346.54223321873957,0.3617881456343639
324.13376085135815,-0.22990094313547615
332.1297135683259,-0.12579754936621157
344.04951818488877,0.5182779464865916
376.25080288196983,0.16486026123277497
372.77662575470146,0.19795224370477627
335.9016246247449,-0.5057630960276356
337.1818458445395,-0.09017238905653358
348.2769184285844,0.49571471387901056
347.60105632532617,-0.36535817292065076
346.27831533242096,-0.10634446295057387
358.2266387212884,0.5228923758902511
356.2621930281395,-0.11655054627260597
347.5992554316734,-0.2963329338206222
366.5826631371437,0.042852530030813796
371.91663077913967,-0.030736429562693957
367.4376542805422,0.22033165046707381
353.2441039655532,-0.17651726173323823
340.7804954408837,0.10300437931891793
371.2539137583668,-0.05532785918182981
336.96946813374535,-0.8037384337527556
343.5768403653048,0.5380474562031168
343.5768403653048,0.3538496817355963
338.5718786746982,0.14265122944971154
366.83934757650184,0.1908853025819326
358.6864380437189,-0.34327294471768255
347.27978770080523,0.42718320695621514
320.4352772757843,-0.2580891056577457
328.40267090496747,-0.20249767163568322
375.10341654044373,0.7381644695965406
375.10341654044373,0.13255443250977805
361.04198406878965,0.1529116679728304
372.3145892670081,-0.12870409342963285
357.3291915958225,-0.06380673234048118
366.1218477052607,-0.12796817616151657
372.4363311642967,0.3803850568637017
366.62236350029406,-0.06203923238922471
336.4986349447833,-0.1717858303425146
350.1315600246473,0.19582404539892195
350.1315600246473,0.12815149821585692
350.1315600246473,0.6071091220835569
336.36712991750693,-0.3686934517666032
317.8893508153217,-0.12504528310080332
322.73531208283765,-0.08327243481141977
325.17253812267865,0.052902329196513165
330.65114060318393,-0.04351992560600593
330.65114060318393,0.27770686701978775
322.0411551040584,-0.09198514873003205
337.1543275975149,0.5752296508378549
368.053854523413,0.10372284043023683
368.053854523413,0.38699484117842076
363.75039119314425,0.2156538077397272
361.5272252870137,0.11438851400316707
353.4441772318602,0.1200361661211673
370.74374061473685,0.5279564064970828
370.74374061473685,0.3554685137346496
365.89070465386567,-0.4266899825740893
374.28691460734547,0.16245854346504984
337.1017282173248,-0.6030664316622278
337.1017282173248,0.4971237142224254
351.95214527314715,0.3335465254176597
345.01283133295084,-0.1210712701375769
321.27089865509237,-0.7301202740502504
317.42795403161614,0.05485309386244808
317.42795403161614,0.3922926333408441
322.53469488833707,0.17805599769076252
294.5563414996695,-0.40669362949472543
308.97381946053616,0.02660579857229095
351.549501178631,0.33590387924425613
346.1861444038228,-0.2292480803307626
346.01110633862527,0.1364782833948084
339.2615071571742,-0.24044120851795014
334.74904721059875,-0.03647077314076341
351.49809948836304,-0.08700744245504666
356.8137103723592,0.23908482327055935
372.61600835276806,0.06225273987320179
401.9576702429007,0.2238552396548812
396.43522554329303,-0.3240118860264829
405.0578542488027,0.4176931954805241
405.0578542488027,0.13441653048755597
380.60839988794817,-0.23745035874776477
383.4301543442253,-0.3022258766295636
374.9913106058089,-0.033929769781366304
358.5442981124515,-0.30055046888548986
367.2413720694027,0.3235658445504441
371.2633106802383,-0.04849415838600635
367.21523074616056,0.14770194876075493
339.4237038425029,-0.32226106898406215
339.4237038425029,0.10058521402334009
365.3188647520131,0.29737377750484484
365.91783828856506,-0.015414399131259415
371.85961426577285,-0.22535809614043956
367.7091613738059,0.21914911947817473
342.4904096101454,-0.5525163074491957
352.8307554610933,0.038697341279430475
362.69009272623794,0.1963961141547088
354.14827183024835,-0.35742734030213796
361.06335864170376,-0.1760043322084357
377.5497020684022,0.2798837940200656
360.83643020596173,-0.2448426627390745
366.3603910863643,-0.003987498055494143
322.4708608883648,-0.6840027279698688
299.98806236697266,0.09590707645998009
361.1693667922272,0.5285819946813035
361.1693667922272,0.47654166219240324
365.97116308187805,-0.23807479657023123
368.94748061150887,-0.04863723936955466
363.40307477178135,-0.028840031302365787
342.2557840906422,-0.18306879670740273
342.2557840906422,0.4760334122598806
342.2557840906422,0.21813061211878448
365.91520310018814,0.21060794609479672
354.4699722222548,0.01569408066438882
339.60224273291385,-0.23855704456593685
341.7784430899476,0.08514557693069946
341.7784430899476,0.697790538171148
351.9985922007287,0.4034081739296198
363.6566282506923,-0.026381084683066547
347.7328355263565,-0.06996265258965195
330.3130336618354,-0.0017750104314018245
328.391025095276,-0.014686940239243995
343.31564742664364,0.4921675695777594
356.3191540517217,0.15944029335139476
356.3191540517217,0.2213865097062353
356.3191540517217,0.481703048925624
373.7403444603272,0.20093749223917712
371.3806952605288,-0.13549896726851784
377.1037976787501,0.16823209913673054
389.25739622254395,0.02118158559528638
395.19331765624764,0.12896524601956116
392.32057255685055,0.10434521736328861
358.8611657524511,-0.7196019255968622
342.0654494312694,0.004075616476484356
337.9488003100179,-0.17893994438338723
346.8825478592896,0.00906034999241001
336.87583426995707,-0.022750498826894727
370.3875164427965,0.06836410983351016
339.8973805690603,-0.2805274650065712
309.0732296554644,-0.2383225955305761
327.4071840330934,0.006795169501629061
359.36306312576096,0.44243889134463643
335.2715433342357,-0.44607891838302294
335.2715433342357,0.8146429590609614
329.8692217236022,-0.12104427422491426
329.8692217236022,0.12109261962518758
329.8692217236022,0.24859906676510946
332.1957174987761,0.38923635183482475
329.77828433729866,-0.0403188688615046
311.6272429242611,-0.21125639977049104
348.5852750031471,0.8456888793253938
347.51393022582727,-0.03245294909720542
338.53960621084195,0.0825637635826979
341.89890523059836,-0.10702550916232667
341.52910645393075,-0.43920943959005854
343.35309216842546,-0.1116727821972745
358.80386982405224,0.2061627064856566
358.80386982405224,0.3562155602156736
364.4737329404711,0.021353543380428164
359.9207911850675,0.10459080106409147
327.3686805754915,-0.36083028648965865
343.08404979986614,0.10497625823450107
328.1957326516625,0.05698054956724263
328.1957326516625,0.45879316671653214
343.5707653676749,0.5491020503168329
356.8309386292222,-0.23136158548504682
360.4710681065198,0.2558367503874024
359.79126409585433,0.11231576074533223
359.79126409585433,0.2833815396488717
357.934979221775,-0.04656984086193461
355.43103604595564,-0.39106555542321075
357.03657536105726,0.1634700755129188
372.37824018299284,-0.2612018058244985
375.4137987212379,0.16279601014002765
375.0835407384459,-0.04890725204757018
349.99152873414386,-0.10734625648228757
338.12678200259927,-0.2370088876328964
343.4769520476599,0.05652743015252781
343.4769520476599,0.36720356557134437
343.6221288587323,0.30227623307621343
357.578091872065,0.247305012502693
334.497965060043,-0.26007685725801366
345.7495680151063,0.216431328388353
356.0538798402381,0.14845932021501085
334.7885390708195,-0.4140686491825818
327.0773556220283,-0.13896018642049057
327.60661176380665,-0.2710635514175692
349.15112380302327,0.18578179245946558
347.76252031638734,0.19186177761025647
332.7344105528524,-0.13300334458824636
339.05199154401095,0.1507970016531317
353.38330830515434,0.21019932592480473
367.70590919102636,0.02683706639322736
353.0423563391558,-0.30465970083650973
329.7197233424546,-0.35613714785836237
351.32672183752277,0.331795098436487
349.6641924004513,0.04467936774926784
333.1727255138107,-0.18947846940409363
319.3368101993,-0.21531754962370542
319.3368101993,0.2702973588349096
319.3368101993,0.6162379452683808
343.5819673791245,0.4641242548656237
372.91979196554985,0.4985836096723233
361.48023674720906,-0.1601712845442762
364.2303542267044,0.14263612422791994
331.9783546834867,-0.1983207805163829
331.9783546834867,0.7363144535929678
364.36698969110654,0.06776807320864009
368.2109904415842,0.0033988788411534188
347.88366069347137,-0.3388682451027307
354.2784793330704,-0.049317526392997024
359.90270077390124,0.057943702653119544
341.3934671300624,-0.29468530748545163
371.1062649480131,0.27878685438895445
356.83145845423627,-0.04666906560487405
342.1696519627383,-0.010896776810568554
347.880544522417,-0.0010634441116508242
323.6757767315176,-0.36504420731864684
330.9401104494257,-0.2870577253563624
397.0324436017592,0.6790508239782866
345.57001946812085,-0.4650271421172647
343.7569026476833,-0.42954124216043965
376.879511215134,0.8737265886200021
379.5974034129231,-0.39381109849273344
371.63011542554136,-0.007871789163687026
350.51517397373806,-0.23463996464317916
373.1426869790413,0.009168025691792536
338.7249822911754,-0.027393939838020742
331.7430797811614,-0.027261300292366286
331.7430797811614,0.0790752648963462
331.7430797811614,0.2901706069366128
335.28648933196376,0.05450725364414666
353.90241262447563,0.03641356742275548
360.9864725235659,0.11670109699025488
336.6346568099748,-0.28309597742384085
336.6346568099748,0.1722021571121104
351.6146446044546,0.1394197982483547
351.6146446044546,0.415750240734269
320.48390140904905,-0.32445169040261135
319.7897231118057,0.12329172761747031
356.794342152819,0.40237084842988224
356.794342152819,0.38321240089317143
357.813196762605,-0.242131024157743
357.3021206984409,-0.07222375083256338
358.83195721266145,0.1225272417392489
338.329305691764,-0.26468471558757756
334.60184948476063,0.1155724233278761
336.62288348967934,0.25874826875974577
340.30557347506635,0.012011372282699995
356.16512636197666,-0.03187413691841812
338.7814925900117,-0.4807471788657267
338.7814925900117,0.43478790865742667
344.4581606418294,0.2994639400325241
351.9990601422774,0.023639282276235463
351.9990601422774,0.31064781752320414
377.8951417582231,0.2628744851349438
372.06621647449214,0.018231564232792152
380.1486659768475,0.20474800062015674
361.7825441470601,-0.6804597942787041
359.6920821623338,-0.04389181819226451
375.1659347120269,0.36888861836791875
398.87882215577935,0.07890104183263702
350.552713553079,-0.14306093364587014
326.47495233086295,-0.35817683452773963
347.9418964388143,0.2656207366384251
347.9418964388143,0.3221103630997959
364.43098874628873,0.1332792214844858
364.43098874628873,0.2206237427119504
340.13969991070337,-0.3160336674717428
357.72673839117334,0.6668199771033869
378.27719432525964,0.09644777277367211
374.63082992164095,-0.24622701440694073
377.09727510976865,0.09534938784418046
371.6657364826032,-0.31622184292882594
370.9597452318139,0.09159534079901732
378.81712571915926,0.15672854479043963
384.9157903706651,0.19125963923352174
399.3654360205877,0.15510311571915736
352.55717407652287,-0.3733223443722409
374.2778288019153,0.7066496170355094
360.4548090166482,-0.5380552594981509
362.61415104703747,0.07872261903855815
362.61415104703747,0.6778535518183162
362.61415104703747,0.177034557824868
352.93657951913957,-0.15439021195504665
316.9426398825616,-0.451277035538169
321.78338978253583,-0.011794696015385853
338.9181908394517,0.24289226994687851
352.08840894894047,0.05300125996427596
352.08840894894047,0.9334707008097212
377.1244920684229,0.1160179315811547
378.28511683505485,0.046905507623137055
371.0679997058096,-0.04958643534052953
320.17486566448724,-0.7038227417328926
320.17486566448724,0.14826730004540423
311.61578275349564,-0.22950935833011954
328.9558162059717,0.43347788740300075
315.4093056171028,-0.11776779229182921
327.199654954134,0.07039881365926703
335.18358567842125,0.04185215019219868
350.8896524407615,0.31734989278129433
350.8896524407615,0.5420173725419772
370.5363188092454,0.2734766106704001
382.6889350210207,0.18647433225635268
381.16693992692433,0.15580925605320317
379.9573117600517,0.16218565148028574
379.38224870303173,0.0818398741537294
373.8164143563906,-0.16446270501842264
368.2034217698386,-0.19230525060345371
385.88222916700835,0.22821499526480693
410.8102907181181,0.33132179306323906
388.48848463980744,-0.18459758734945808
355.28585746599356,-0.2833709781531297
376.43185680426353,0.4266314314027113
371.6473829561414,0.14242564749224584
353.6983039214447,-0.26257257778513576
381.67422168581044,0.3531703041115861
381.67422168581044,0.34680252728674077
367.9736202307538,-0.2560963536212739
367.9736202307538,0.09530932318557461
327.68729849351695,-0.5766423700171117
320.5598970203885,-0.07298986168484589
320.5598970203885,0.4181702598332322
338.0846006307049,0.3657494721644525
337.16630302555706,-0.05499765798458611
321.04479890654926,-0.09999391043425021
333.742424113678,0.20355006235354267
316.5033582994936,0.03207238858749406
316.5033582994936,0.2528179477329786
331.72455185399633,0.40035070384624305
319.6483450692606,-0.05362838391818059
334.75424350886675,0.4825543687384197
334.75424350886675,0.1804257053611309
321.698186708386,-0.489396158579666
348.5062656068448,0.28064269715014234
356.81505641270735,0.25776403171687434
363.50115690246133,0.22970421316472311
387.75749215783554,-0.2164433658631424
375.56002022175693,0.2426319911974133
356.12375311252936,-0.26749706334226175
364.72868310113364,-0.22010946425280054
350.4743285904056,0.09719835686564693
379.5709406560435,0.7402177803904806
388.4417167838532,-0.4401169231038011
351.38770252068105,-0.19188295927494892
360.928365104066,0.33880207889239955
341.6811305016156,-0.29713644260334604
358.0890135598884,0.0777340414823584
337.8330633336907,-0.17194408871307587
328.8303947655306,-0.07077380170835568
328.8303947655306,0.06886222703644762
336.45060440796965,0.27090927119877506
324.44195484918174,0.12694996763832478
337.44908968602994,0.20105790769389387
302.2202891030053,-0.7687251345648747
338.5866035788231,0.7878078983636669
339.3419294503255,-0.5071585539500347
329.9942895147009,0.02551510809848878
329.9942895147009,0.2634328626631941
331.5656420680805,0.03052069792192924
335.3852788475209,0.18508536042804735
322.79632707509927,0.04793630953315642
364.1816799075122,0.2022273591804833
378.02324442478596,0.7795372276292483
384.0982417605603,0.245060484350347
369.72392494513144,-0.13881840543410817
393.8742368085966,0.3874867180071533
373.15281519865715,-0.43086033528265943
366.0747949528406,0.17788228862991673
287.21824910356526,-1.279350379833204
322.91938035482167,0.7700455117949332
321.1330869617116,0.002441672051190835
324.15156723562126,0.17513086171402392
316.2096011358593,0.04429500704725342
347.59645174437827,0.29394173000957835
364.1431802428892,0.46408475914927294
363.41094136340314,-0.4926942522661193
358.6119995286449,0.037420886326231084
370.3839867356602,0.09906260675040812
370.3839867356602,0.05804078289406789
351.60719642324773,-0.09423895926124715
343.8398405748303,0.35787217796428195
346.2133829289676,-0.23680575932144166
344.76858006316274,-0.11132506832109357
344.76858006316274,0.4916460563072178
346.45043657004464,0.013517800680460823
385.30205201556726,0.2579178801880744
357.61057317360394,-0.35965175032811203
341.19337372519453,0.14903823038707742
380.9091371365487,0.38553715376156106
385.5944377477781,-0.11371526979462487
350.45703469514496,-0.2965855740965253
350.45703469514496,0.36693621196195636
322.1757684252115,-0.4476063620606965
322.1757684252115,0.5581153828688912
332.82885504396523,0.3269282743090116
338.27371952825024,-0.1628922200480929
336.92109985808156,0.06385501186787224
341.29953975300936,0.20077292971848237
334.84643853453224,0.023616848148094505
345.749783014211,0.1898212765978542
333.2161640565982,-0.3221476184301082
365.7210750950216,0.35236090507123663
372.0602987910825,0.11633259233155968
370.03851348142643,-0.00023713444704753783
359.8646064824225,-0.446306567910824
355.9733917620125,0.07479599040721041
363.30252662002465,0.08845792795523266
363.30252662002465,0.4392393642904153
366.06455484898095,-0.012259848523626715
379.8585918711443,0.2520209037056702
380.45228283149044,-0.138983392842988
371.02892015781083,-0.09592593069635313
358.2584262553496,0.017645588027107806
337.65057682888215,-0.21790807180082084
326.0668882447063,-0.13593400011450285
335.7448814053359,0.1266303182176216
335.7448814053359,0.8259637141676421
371.75393726698644,0.17938623002464738
358.682635622412,-0.1491990754299195
349.60565110296375,-0.16851602587132675
325.4586323621735,-0.08045253190141466
325.76553506888246,0.018456668685075783
330.69607982023444,-0.22673929732718534
330.69607982023444,0.6999148327188323
318.5047942516684,0.19714695868651688
328.0767990166003,0.28327699095723347
350.688779473839,-0.09443491512820401
350.688779473839,0.6846691827086033
352.9613908368575,0.2916953520846164
362.81075588490125,0.3150588034889097
357.972865925103,-0.2741509922311707
354.53763369520817,-0.22210636515842452
333.2638775679283,-0.25592046052861406
351.96280647853166,0.4141066301272076
369.0466562864498,0.22120210054742984
376.5633946865098,-0.01547722964892273
352.8772349843959,0.04323322459777046
350.24392712212546,-0.034297091841835936
350.44493484871055,-0.17160042273326326
338.0790912007575,0.14055929574772108
352.2563877906772,-0.23597599830770832
352.2563877906772,0.3656615712677649
370.4106742346457,0.5384927257175605
347.51954357761696,-0.10547615792006582
331.6587281797887,0.06270600138930149
353.69510564539866,-0.06916260111324846
384.30300869818757,0.39676727089999986
335.9039902533898,-0.3811860987191267
382.641361303405,0.41155501258322147
357.6912950014242,-0.11204970563198913
349.1648735077063,-0.016191043784374415
367.46363055172554,0.3189873850542426
391.6932319393,0.2637763939940214
391.6932319393,0.11766683531959643
376.3676927490899,-0.05856361462667792
354.8858083842981,-0.42677185391949024
315.51135022908784,-0.07588956255654011
315.51135022908784,0.9392901542325944
363.127502287786,0.12132793483351634
388.091684869227,0.15397754709931633
368.779620385979,-0.12095083636404524
390.2632327067044,0.22913500005699916
373.8699572265192,-0.4844027039221146
371.85121553039767,-0.004199838122190158
356.0977188889348,0.23069972539565242
351.8411589602819,-0.2956680694217084
348.64879153352297,-0.10402505840329468
334.6800313093912,0.06330123760494644
351.7871774757491,-0.16485243203783284
326.25912652034714,-0.23175903689741517
320.73637213045345,-0.07032846935692305
339.81445470780176,0.09526596363855333
363.00974286698295,0.0625296589221307
356.4558924562738,0.36275223133304735
346.8363626479995,0.08299920225215374
326.77098385503376,-0.22003002422752616
332.8805968426989,-0.060756113349498264
344.985710825811,0.2686249223864934
357.7960986208313,-0.31469578456551517
391.68610386922575,0.4476769681004953
368.7752083957329,-0.15183435885523977
378.62931303144927,0.03814025744156879
382.38859526696854,-0.03061721332835532
386.55878815139994,-0.36293031800960307
400.98540600442544,0.14286953453984097
358.88733803416966,-0.0843303510230271
358.88733803416966,0.4301176101241708
337.29221048019076,-0.4644604587313097
321.77649383035936,-0.2612421045580504
335.8360668517267,0.32803473565570584
342.3869921046254,-0.12529625888521423
337.6569650095469,-0.14203037062350177
337.6569650095469,0.12392599266672732
367.59411159636255,0.2285201793856686
355.4838005799104,-0.16131486824076546
355.4838005799104,0.6782766073899893
334.0695464715365,-0.06446105206975972
353.41879928027515,0.03612408750325358
353.41879928027515,0.7091250127359672
383.37709005350484,0.510988107476237
362.12127241793627,0.08289754134273153
375.6624198569356,0.20034469076040295
370.7938958250669,-0.00830480415720558
348.8364721228124,-0.2515261705892726
393.4329535025663,0.2706694455680463
393.4329535025663,0.09036859109801298
369.29018648844925,0.14806460830868673
367.2511601020482,0.33792012285027795
337.20735065840233,-0.48326331565510827
329.79149381156844,-0.36224628255718017
317.00771006507244,-0.1729913357261239
317.00771006507244,0.6159030604009104
347.8573581397624,0.1254567926521304
342.9061836519146,0.01069154122137661
363.43426630197774,0.30031942664015787
341.51923965391336,-0.14428998918310754
328.6009182246567,-0.24560126882170152
327.7463791942106,-0.09379314375098602
320.04684476439564,-0.03744817018878166
294.5419944019681,-0.15860634083242076
331.2043344382816,0.21538953359367952
331.2043344382816,0.9962872673204402
341.5056081829134,0.31056946045600853
349.9199929091735,0.055027870311960214
346.0705368198496,0.03694659884433804
400.66728443630456,0.47702450681742903
358.22806310367633,-0.0806875390114783
337.39681978259046,-0.15205528784144917
309.7139585573611,-0.5021652429169308
329.38474436771105,-0.027570863856226424
354.3548456320387,0.2818911360096763
359.14387285633546,0.36929832065084156
353.090587359248,-0.07144419246696998
347.14669492935366,0.1412640597615109
357.09574397278226,-0.363071085796264
336.5419428773772,-0.23141392096351865
347.29966626708244,-0.13659828366348847
347.29966626708244,0.4508242171813208
356.7947603660569,0.4280251725299422
377.90356910089514,0.6254967560994373
380.2885553277393,0.0558363468785501
332.2540779663049,-1.0497371372523503
334.8293160417587,0.03322839874749661
345.24893484409307,0.42219686002943035
337.052351168896,-0.14919706126136134
347.09157058075857,0.3904431174688625
338.1986991060426,0.09409623613623808
338.8505104166737,-0.10337078475004091
331.98683681595486,-0.20952756647704973
355.8042526584592,0.4862614023512606
331.0862506615349,-0.4810208719111415
325.41465621902876,-0.06554720959934457
341.45820520043503,0.43373689034251584
354.7415138871067,0.1927596387184849
358.0543342280865,-0.017981070029918556
389.5037212371674,0.16282204977187575
355.5967400203022,-0.2530898936408903
333.42240326689387,-0.3648400229997151
340.44978170843194,0.26456357165216104
336.7046395659049,0.01201371075615043
336.7046395659049,0.1181684316867404
318.2578593988756,-0.4632570659475732
335.21554326285263,0.4037017895941517
338.08778640108267,-0.13089506055462152
337.5295708621388,-0.1671679404405495
337.5295708621388,1.1759149238596365
332.00723564097194,0.5644546298477735
376.80000110572814,0.08157615222694403
355.07894500643687,0.09912837909939753
355.07894500643687,0.6665685954628771
355.07894500643687,0.6735988233389207
372.27944511532155,0.3354602052794462
363.85255540422423,-0.4858298423513361
368.32695127635935,0.336470142442181
389.1673492087156,0.061517750706457264
353.1479847574472,-0.3524830046533225
375.8511302201074,0.4160401316913749
336.1572725653044,-0.4774883377115202
350.2806532201472,0.36381782036050936
347.2147361283993,0.09316769345889497
334.99009828311733,-0.23020621202033453
323.6347046383093,-0.4105471058535386
341.37847844658125,0.45879014471779556
324.8924972499595,-0.20851266968679738
324.8924972499595,0.49896314496652394
324.8924972499595,0.8941358506966708
324.8924972499595,0.35907449634862587
356.165660649352,1.0011593780071735
330.46191703250827,-0.7866989461632556
330.46191703250827,0.6496849282286803
309.5924511169047,0.30924804074231815
309.5924511169047,0.7495180015037022
309.5924511169047,0.774781752386275
309.5924511169047,0.5219655676168031
344.248680746581,0.11416911623962278
367.9029449745183,0.38779571029749604
372.52690425786756,-0.14699231714246253
390.641268489048,0.3135779524732243
369.22488116364076,-0.34745694376817937
364.34512610522233,0.008870125222756542
346.03020653600197,0.044129897624543446
327.2245727766949,-0.1459278121602665
344.8269966982822,0.14410739225502311
383.60422905016105,0.44853163526966
359.2946460179412,-0.5536078702788245
368.419498238055,0.45724101530652206
354.0745736803371,-0.2755933551304679
352.3531069452431,0.17444224866881086
372.2754979366023,0.1604706482941083
369.2700213513773,0.09738402892060094
346.068459580097,-0.4635915137704387
354.3765450512279,-0.23731812643063677
354.3765450512279,0.5522780675586318
380.88462345072827,0.32705524662037533
380.88462345072827,0.3722757639258134
397.69357629477855,0.6929849865196047
391.8763009713926,0.052412822381938895
400.9130862055624,0.17402144717152623
338.3053913510817,-0.9681890981041761
326.549822030899,-0.09223199054713405
323.5840945134681,-0.019718409092206457
326.8069635139662,0.2782289069557464
346.7173552786463,0.17758281695182632
342.889216766315,0.024541885628195814
318.81315460855626,-0.1098384099523173
318.81315460855626,0.49848439674599376
339.259367657797,0.05732039161796365
368.72217238900555,0.1854753716986579
341.9600182829018,0.022274432972608338
351.9419939482519,0.055793940807461695
338.2298451606423,-0.14690087822646092
344.95370700364356,0.11106951300723722
369.93123451870713,-0.1283951788768718
347.55351622016167,0.12154258684086017
320.6270418149872,-0.24464649928700055
329.3153896791136,0.29242829263012027
329.3153896791136,0.21788618591494924
351.8593434698681,0.25387986731834644
364.7233045432976,0.14246349815925896
347.45875727848755,-0.14642826369708928
322.8770766379737,-0.6215108456383405
358.4131198311686,0.5747375095824054
358.4131198311686,0.3910810264541169
379.24625519689226,0.29802246691406253
379.24625519689226,0.5420657355606409
382.59721917491646,0.0327744438376385
366.77335097348896,0.0679104520280589
355.7931995390693,-0.09857092358186037
360.2334168864141,0.015730052702451758
347.82793609108626,-0.19931010724997122
350.5297621971973,0.10107636426027966
349.5361762541979,-0.024314977994890796
314.3426888405327,-0.15328642086888067
315.8693424250078,-0.020242272987843535
337.212849837091,0.3660686611431174
337.212849837091,0.09669492020850612
349.4719970844511,0.2218057459198235
327.51251136282997,0.0015545956730420585
324.64627053255174,-0.2590806757776818
324.64627053255174,0.3093671960073152
324.64627053255174,0.6087232578414614
324.64627053255174,0.41617587189114147
324.64627053255174,0.16354229745059
336.9833872518272,0.05886257014105922
326.1889618123804,0.06084713169286715
292.9619855157647,-0.2920700789449029
339.96238399039515,0.511320086353976
319.933062524377,-0.3883989484502308
319.933062524377,0.20910475579023569
324.4038073899629,0.28625101384454865
346.56383361773305,0.11085808882012316
317.1251351104842,-0.4897713553809808
341.0894334691004,0.2264990208685731
332.62470125167215,-0.13423846391765437
345.4905051161962,0.4560215110993795
327.5225955940464,-0.10950379623693607
340.81077639673174,-0.15614634884366296
357.74423887021766,0.02369616669852803
357.74423887021766,0.253817529028197
352.78868162432804,-0.1352254169689786
324.9883178501673,-0.2630424126178923
342.43874742167833,0.13954220332595924
340.65889265711394,-0.011876531121515654
370.41803506507745,0.6611577264030757
365.6035635499215,0.04017557457177645
365.7257189249461,-0.23216179506357548
363.4906479452299,-0.014372425310511971
341.99342184427906,-0.35861037861536715
366.5733862128514,0.2958315875733888
366.5733862128514,0.07457472594887804
340.24218458311344,-0.17606553738028197
355.2023247718326,0.03711944820452118
353.2053816501201,0.04391286418035634
364.5708532788501,-0.01785843599589043
363.3197732867359,0.04968396335516445
364.6592818646,0.15282500200532922
362.3123930404641,-0.11410758643091867
366.6843632464062,0.25263328409687347
371.0812173199211,-0.29643751640389837
362.9877493392207,-0.2087715734721769
371.34278313000925,-0.06652767201387633
371.34278313000925,0.12215862977836878
359.04968548913564,-0.05510441007152167
342.1920024532979,-0.5456553684722394
362.00789999747474,0.12859045558809612
370.7258438109019,0.4064104867054539
346.38536944507,-0.4446888161252218
386.34167508928556,0.7622036435966493
376.86474010002667,-0.3873853585580491
349.38015185404413,-0.4157459695219359
351.37696459042553,0.060030900535821274
337.4586252865169,-0.24988375059751888
347.2763182194651,0.49640128694068153
341.946790642043,-0.3285605967101901
341.946790642043,0.3930188143676787
341.946790642043,0.2605652440331596
317.99325235265616,-0.12745028095275757
320.5991818561117,0.025823058471360127
300.1710799192081,-0.5776042946540656
338.38804301745455,0.4260275931094384
361.767695014319,0.4534737952329806
349.619395685574,-0.3693932698691924
326.8887574114548,-0.24196512509911372
365.6212199032599,0.5600854930862624
370.1449378128818,0.28539688068565283
349.09897839656463,-0.3989020526942113
340.97069224976383,-0.3317181954546413
365.9124435545125,0.4505316332080156
389.32125855662935,0.34524297940492943
413.9673525578888,-0.044290664047935024
392.86967025280694,-0.06956789862579171
369.01098326597383,-0.27339529320340716
369.3054339528913,-0.09182285422753012
385.5866263456359,0.2339768571514469
349.8084457489648,-0.44365341270258796
347.7748759628928,-0.03917032611207105
342.444658328633,0.0524908399963806
354.40186644934175,0.4158771355940871
324.34057220617825,-0.8657140092950613
348.01075595231475,0.6252110682416969
340.6234486309487,-0.6872017830798995
372.4141614762475,0.36021661958193363
349.4553959046186,-0.06313626011922224
324.57258168448817,-0.16080905092576359
348.2821294500886,0.2119846443321194
334.6883968413793,-0.14393241382776978
351.78899826397736,0.20085413144727227
340.62079669686614,-0.12440077516373549
324.5353029016772,-0.18522382658306924
346.6410555647404,0.15266434212730928
364.3985936936954,0.07825123964903469
357.0557285541352,0.08183450159231143
348.84313902461645,-0.344432471056507
340.6185146551097,-0.0019224403375801558
340.6185146551097,0.2753923552049855
340.6185146551097,0.6370855865642397
378.2796400747722,0.0975231775487373
393.95215153904763,0.2704751228943678
400.22003644877503,0.09393134763240596
380.72122821267595,-0.43005459950688874
354.6699705610222,-0.38696271241485647
374.8872716421304,0.2764005792550961
384.13211949719954,-0.060429426657037766
373.5333058482031,-0.12917673583797296
366.13309960726144,-0.1795881281500442
392.24873492746667,0.07307928679324505
370.24475273794036,-0.39379847589202654
387.4779098773799,0.7206376233426681
382.50452108906956,0.12212878100444868
364.505809874541,-0.3824133589522489
374.51496393145106,0.1631137484159808
356.6747554179984,-0.23659340712117682
339.37319952843694,-0.6025840819484074
339.37319952843694,0.37843085451572733
324.0535133390139,-0.3236065819713758
327.1220675144765,0.2951246213100376
311.1212772106456,-0.17181798006254212
311.1212772106456,0.3321913496316711
311.1212772106456,0.30478510723423824
333.86153887096776,0.164182880329804
351.31007080126227,-0.05291277408377937
318.3835324061851,-0.1910362524474749
318.3835324061851,0.05178155670955675
318.3835324061851,0.3486826695727814
332.69783247033087,0.2489496126463564
358.8981421162345,0.27587724113527656
338.4940499774678,-0.27447151882279286
324.56886350385764,-0.16563016982672707
320.01974253923663,0.05270085265203761
348.64232914629383,0.3687486350816016
319.5581686208738,-0.3528374000242138
313.0068678060791,0.23508348204541107
313.0068678060791,0.3148890070647212
319.77972040892405,-0.03635551514287272
327.1251534970767,0.2929036484626977
343.489718943446,0.24419295299992427
354.01603348355906,0.13293785248436052
377.0722937971081,0.25305879366419504
338.47852500163503,-0.32430884029542995
342.92699394040284,0.12503997923784027
342.63808859766243,-0.23438670391669802
351.0410772522326,-0.03368592143715432
368.0361371366363,0.39101790894812893
343.38739571796265,-0.2486982417864283
325.8384299960653,-0.4868163457161927
330.10449221675134,0.18449491374121862
339.35191230919713,0.20214752337005848
349.90889081012585,-0.10878548606365257
369.7348780704824,0.02738465706408988
392.39716005497553,0.48575280919487795
374.85602423845415,-0.07690163305369424
369.1834760960055,0.19908182682047482
347.53800626527055,-0.34252730015305133
339.48102832993766,0.22062389318080022
339.48102832993766,0.16724820883860048
337.69832991419236,2.3630915165995248e-5
318.20378359715147,0.02596779125553894
339.15282083472374,0.20735886858460617
365.91472943693384,0.12075286149877229
364.13581195364407,-0.15077117348641877
365.9281651140466,0.050984063194505325
366.92655219687066,0.1308525163315153
360.6461565734361,-0.1549246999627485
349.707074447164,-0.25111837740280407
371.2104271062043,0.02015446340294602
365.2671715681555,-0.14604528185566323
365.2671715681555,0.06457799155759858
356.8319395290473,-0.19544671956862203
329.94319200961075,-0.18806795487876116
361.3521972774012,0.43847308872420854
327.9674225348533,-0.33133852789114826
327.9674225348533,0.7550040526978137
370.36677827490337,0.7851248990035629
341.2976414407306,-0.652014865505862
341.2976414407306,0.4176207866398727
372.5671786473085,0.4316230876257805
367.3192546574941,-0.04625079926836406
386.70141396192014,0.332953640015603
346.15399638490845,-0.8156443738375856
346.15399638490845,0.3887156766920725
349.2590852596274,-0.19213030774074014
346.9913116769913,0.2585817007023934
341.3738055603405,-0.12192747436915852
349.05392832896007,-0.0022483879081391933
376.9167287594834,0.24488314272275602
366.7658911632791,-0.09738873515698288
363.36932994429816,-0.2915065656566185
363.36932994429816,0.3723402131246303
361.2963963507278,0.12585337193013402
380.3475152396783,0.015483450785950481
388.81146396543426,-0.046065815064480375
388.73413710579615,-0.17883345266432116
376.3311829892544,0.14000595537754634
392.02648005288387,0.1778336618983758
389.10901684708875,0.27519291819157843
355.359593118489,-0.17297524061825698
351.09774803718534,-0.317200416461219
352.9507612134281,0.07435605219984609
337.8268643246991,-0.3458299343951694
357.2809360390882,0.18998042857288056
349.4231846980563,0.11194806170044558
366.58974747307417,0.2976839200214272
353.6415532823267,0.17028008249826598
330.1959727070258,-0.5687412189025736
342.56115089575223,-0.08868050549710915
347.31540204832123,-0.05664939809025782
324.94762674933025,-0.2716273904417221
318.85859811671685,-0.05107830774466038
318.85859811671685,0.5446678724654248
339.7458523082675,0.16915928377795808
352.5270035841414,0.10929124809103996
332.19962706121026,-0.03892113694053023
332.19962706121026,0.21711377591009295
314.5839467096356,-0.21789394530946993
331.5592002345897,-0.03827471713805153
311.5255623665665,-0.4590750778356778
332.81960707941704,0.4742287639537608
332.81960707941704,0.7562180887728118
343.7250711342396,-0.267047015183266
343.7250711342396,0.4981002001932211
342.73238153822905,-0.00815953943651948
332.52854351911947,-0.27115607216308035
332.52854351911947,0.24526859709874316
371.3259208022368,0.6123663243489545
368.14475180848586,0.016940322223717885
344.3756109408788,-0.14601184311413817
329.469662192872,-0.1870673482599159
359.766639301595,0.4233844009127097
329.4635736117879,-0.8967010235451198
329.4635736117879,0.38208228729513394
329.4635736117879,1.1148463338020065
329.4635736117879,0.4829485132663649
358.57619023158435,0.5137598661133325
360.7236887184886,0.2278894256755848
367.54023843925677,-0.06180687643552574
396.47045160339184,0.14102987469050277
372.47871786036654,-0.27938797001706916
372.47871786036654,0.41375885531681433
354.93225442558327,-0.4252528784157903
351.6826065468035,0.22467634927670588
334.66821925516103,-0.2516795044215314
354.92263091044583,0.15015419097915128
366.033824834481,0.15789583283537922
343.9339314817206,-0.47947965631306033
343.2535762071461,0.19183150452715836
370.92739916056456,0.2946350752154103
353.69785872539416,-0.4978959980066975
340.0527982245408,-0.18543327318172942
361.3330269188691,0.35671210914858875
379.6648327219574,-0.15146523442899706
324.5841738831378,-0.4477934350626356
364.43687671394935,0.7911929189792772
375.4899579590367,-0.1429346835831211
418.0604672110844,0.5955954621110777
396.772570480495,-0.2286110108759658
399.2003992998034,-0.08782339909430448
377.53208954699755,-0.19796472952396016
346.52953133169933,-0.2706448480338395
350.4289464472455,0.23239245200875303
395.67132978357256,0.6592031417533235
380.97799171414874,0.026097874255810893
375.5455293119884,0.23536373952083522
334.44505223663674,-0.4897375696832569
347.17523512423014,0.09533737460185421
344.8293523983739,-0.1354888922757027
352.65778623742426,-0.11671218888864132
326.5641100820678,-0.3287389818575548
316.27732519990644,-0.44140580397174745
316.27732519990644,0.6239710503950846
372.6369485875248,0.6148408330773236
331.9424557198996,0.021742533642054696
371.0747172288517,0.26357243028701305
383.9425039389188,-0.10934279041396167
383.9425039389188,0.22260443212269365
333.3988204076501,-0.5158824111833837
342.6617717864591,0.1000490592244887
335.3053512750971,0.24993107097554912
324.53886720263733,-0.5446526919535017
324.53886720263733,0.4333359613412995
360.34002955757904,0.6066453371536227
337.5334681480047,0.23455300491946218
344.5880603974336,-0.16145077339888303
344.278395522767,-0.05585746249505519
348.49731971050596,-0.06710321302409739
357.35372413227697,0.18747903659846088
363.58481258422864,0.011911950586750208
348.1728550030689,-0.254073820669646
348.1728550030689,0.5196400772996412
344.0795175291426,-0.13731575227427584
337.13120673764223,0.14278168361408916
337.13120673764223,0.30692315869487174
369.148753289022,0.7194035897725826
406.60870208266414,0.18825874662763908
357.107375795305,-0.5875615790189386
360.5268329349652,-0.15463115728630328
355.477161042586,-0.15072421126808422
346.77179421183064,-0.12188177536302192
371.6172317195303,-0.2714504459266891
387.63257989522634,0.19462918219619496
393.13131522367513,-0.1212443228102984
350.80305529863455,-0.1368505509182114
350.80305529863455,0.43792138280525705
388.5906471670891,0.4072249218577326
362.56694004395473,-0.27632589218546855
362.56694004395473,0.4159193679412283
373.66533774449147,0.21742745074573122
337.819096080234,-0.6223740879627258
345.1762189099417,-0.33867204216790014
345.1762189099417,0.2795866390906667
345.1762189099417,0.14909834000275168
349.95872676324905,0.13580585287695612
332.9873851410208,-0.17906703853361705
376.63519455608275,0.3403852008649437
354.3789850458761,-0.36141186715394724
345.51395611699786,0.18612736741829394
371.63098177847405,0.45368292997000026
380.2085239028669,0.10214191486477375
383.9335293003396,-0.08278581699960341
391.65503086292273,-0.02889932679318008
389.13846555245345,0.056641061050413555
334.39658425292384,-0.42666874933786403
346.39374458201485,0.08585832367202784
346.39374458201485,0.2168233770905772
359.15877851314735,0.006570171794919588
359.15877851314735,0.5443060675797824
351.90904368630146,0.2246351016085555
338.63441435697735,-0.37715670752743335
341.31553444237517,-0.10223139105232804
341.31553444237517,0.6352569149298688
360.15146581888655,0.5778002226896888
326.00091204316567,-0.5833904065102615
326.00091204316567,0.19738278952320343
323.43057588929116,-0.06405154452124862
305.930870001333,-0.07039750442788772
360.9068931329683,0.7056209592932419
334.18936232326735,-0.00926501746971553
323.9872159404188,-0.0008609103165326815
365.59321623613255,0.6866479959229537
357.793148914169,-0.24467858602747583
370.1765159588133,0.2556672064627037
359.81780076148783,-0.13208989671818472
352.8088763272028,-0.2368265258298834
378.7178748544937,0.7985673481094864
380.1877365191653,0.06387848793110606
385.48470209704647,0.11065600335882664
369.3718470780709,-0.04855339257051128
375.299105464386,-0.10647362093209267
356.7624657077769,-0.2895981690203371
368.44441273862435,0.06690910726865695
346.79168872447093,-0.5933066521690762
369.3732598257488,0.06969487234050575
383.10331854035275,0.17655785576766903
393.07748590621577,0.3257666948543374
375.3255387809665,-0.050007300253355425
340.2626309330479,-0.35037656284998775
340.2626309330479,0.5861878279737311
350.33768773010735,-0.04209881454551123
323.2867206336354,-0.5280340376057211
334.970495495494,0.16295942365468363
334.970495495494,0.35268510148705445
338.9295420378344,0.09295260905105351
338.9295420378344,0.4295418107681144
337.41586412261864,-0.13883169283599273
323.79560400810624,-0.36699674450233033
323.79560400810624,0.7156861917644619
323.79560400810624,0.3473954941860029
347.77921245679306,0.4810073738119627
343.9800743985893,-0.3357699832489516
343.9800743985893,0.531804310428015
321.2184768399769,-0.0852749530508845
340.47728639248993,0.41510815358333275
343.61451450751684,-0.07722837376809366
327.9265766204675,-0.10066132052077137
334.78202907289983,-0.24441306930430073
343.3659743071524,0.3208380508161781
349.3010753332203,-0.019762038797239256
342.09839191109853,-0.1810530650121791
326.2619349662436,0.20951134813412864
338.8637542029006,0.06213196716919356
345.87230060780826,0.2661988836928231
345.87230060780826,0.37958938303791
356.4414662201467,0.15729983475125664
346.6330811144258,-0.29680619239366024
349.31810419038896,0.23687145961571332
357.0996504218394,0.12518828354484413
356.5023302594339,-0.19040657284517692
332.96758907097194,-0.3860228235452041
356.6003543120366,0.43448041515569
354.4473003175767,0.1273821815715337
353.6823268981158,-0.17139559950521743
372.5074573059712,0.1850319710201802
383.6706433546423,0.37383613622978373
401.0316279206768,0.7387026777624897
360.0714635973621,-1.0804572388253746
359.28905272490766,0.09562737940700572
338.38362270918657,-0.2097846598733213
356.09311703623405,0.4643715115039413
334.57326065160674,-0.021259320463968834
327.7693579440239,-0.3253306002723093
327.7693579440239,0.37507863745349823
327.7693579440239,0.7752412858800426
366.01793219781746,0.3884797954970054
340.4155214679095,-0.22040375631479492
353.03669339634143,0.2463461206402826
360.74391900773196,0.08381072722033878
360.6054055081522,-0.08033334351955546
360.6054055081522,0.2370048856342919
363.761852252094,-0.10372813647700241
386.4497517673094,0.3828757619251064
364.09023324299443,-0.23635703019795073
372.3233429652915,-0.13694038817800447
367.58937430548855,0.5200931008390626
330.75634423882605,-0.76417678671271
331.25777430373233,-0.14266349680156054
336.16484131070325,0.21825456451074388
338.2281047000032,-0.008536928725902726
372.5150454516256,0.3525837193935786
356.9682233327975,0.020061613366237907
339.12517616830064,-0.5574744329828718
361.3077584077598,0.7235818190716827
386.01440553500214,0.003511652167162538
385.0526224627236,0.22148408711166212
419.5814293168527,0.18949767336869172
393.2460733134699,-0.5166872145919115
371.74516062164565,-0.18673860583953683
371.74516062164565,0.013363170494130827
360.12318210518373,0.19469119119071365
391.93522571225463,0.17844108005397175
345.33084841684985,-0.8598065667971468
381.08858297832575,0.28376610808663827
347.1846991915584,-0.20089545396740505
358.5178029864896,-0.08658005839561156
358.5178029864896,0.551789494564332
358.5178029864896,0.3227042142874552
368.1594347856598,0.393929246167545
363.0987819587769,-0.23486747990386903
363.0987819587769,0.18738806977091826
377.8202773203263,0.2065856044641805
366.96365075659094,0.05815834143641041
372.37653785105505,0.02536063959450985
329.1645504220848,-0.46730737187294835
338.89071230524274,0.501223075970529
300.8989265307625,-0.6582826001217654
307.8702490795838,0.11805126387707787
307.8702490795838,0.5533846346357905
307.8702490795838,0.9302727619361804
349.4550925691298,0.8139996693452076
338.11859028604977,0.016998061266804143
378.14521598947476,0.5245183347035436
378.14521598947476,0.10064089321383562
336.4648957715342,-0.3854341500788223
336.4648957715342,0.2581061260387969
346.78834580931937,0.10086929180795323
340.25265551596834,0.14809309970405593
343.9713721835269,-0.16513850422552423
343.9713721835269,0.48684452942802636
378.61095140491284,0.31551777857828256
369.65476842796835,-0.3351002635148461
354.7540343092492,-0.39322841489251914
370.49565220139993,0.14775242709265513
335.34671983019274,-0.4789639237200163
339.8784553756416,-0.2509757340226315
339.8784553756416,0.4582436990434644
348.441929648797,-0.036211981863516485
355.32484551327667,0.45474180513281226
374.3354597551968,0.31749013852754615
336.6298077581727,-0.5479600097160073
370.2893213586613,0.5450684986981287
366.56132501423014,0.06426554528275119
364.0543010312436,-0.18788397805474233
368.32629746805,-0.1386664342990116
359.61358630045294,-0.0952353038308047
334.0079692242407,-0.4216159838515523
352.1015996921521,0.09334568948941069
331.8938977076981,-0.3026257066941298
317.3170723755506,0.14387380762855173
317.3170723755506,0.38013957662451503
353.27325026511204,0.32345644732015444
332.6612004194979,-0.44456332768288576
332.6612004194979,0.2824583485179346
332.6612004194979,0.6149201313953654
319.97825534399055,0.25563575163016594
319.97825534399055,0.2776444711757904
363.06535288888625,0.30872351741061266
357.20364309971035,0.042904944510837595
326.26748210424927,-0.2268024544960099
351.87844678210774,0.5032164555763075
351.0943971637404,-0.10184286219021033
335.28050799559855,-0.44560115675710676
297.4437660251436,-0.7754672425954823
297.4437660251436,0.7046042237493566
325.8025956407074,0.37764184149614266
303.870004029455,-0.28234337064372994
321.4603624773617,0.1005281062278982
313.84540286521343,-0.21369613104229757
322.90387140057857,0.056402165990562025
352.7483553940801,0.10352697678820277
364.81617191187894,0.06607986774520214
350.93827958715775,0.34972879677059154
337.1787099980981,0.0373127141074292
367.0154466570859,0.19181607953942148
401.8242602310938,0.29013236059051906
383.9094615644925,-0.11742210944009912
388.3627779424918,0.0943450088229838
388.3627779424918,0.6351178916571598
353.51006313763304,-0.5011055224704251
363.81917723283067,0.10263490043757884
360.34951737436273,-0.04167119696194277
346.51244181779134,-0.20529133354796159
344.40318134321586,0.19835309117627276
344.40318134321586,0.37659622205740106
362.58342979080794,0.1671189714254524
384.1942784339215,0.5163120332713333
360.06550952974493,-0.6610371907945591
367.1382934484528,0.06362077933056298
341.80167699282214,-0.3658306306393797
353.30191056328334,0.31342504909423496
375.2789731017168,0.14498239842578187
358.3755170138492,0.37832137238569885
356.9998271123661,-0.024094402301670925
344.79375793991426,-0.5567046952668306
347.2423445631173,0.179118668381534
349.3714821542091,0.06922693074864128
341.15489452561354,-0.34449274523990425
341.15489452561354,0.5508587608765083
382.90263846633786,0.4070537599211548
367.624857056756,-0.007237376624402714
367.624857056756,0.03207099080555054
367.624857056756,0.1254667465256034
374.69367795362234,-0.08077395355621775
386.56488430823026,0.13219450184101333
351.31918581400924,-0.3930947168047396
380.2809646958956,0.46923205445978056
344.5536247226327,-0.6543524261959419
352.6598194595695,0.26472302188892627
352.6598194595695,0.10981484698686472
340.38044821882016,0.360871278844229
355.33688146223074,0.42600351259000035
366.11770868829865,-0.12200054130073568
373.74313902198367,0.08961518573346439
326.5535785193869,-0.7611526677828806
337.49328352133153,0.12903926669150678
343.6078362996811,0.41681180923865213
341.22577576166776,-0.03986818641828904
376.250615170988,0.26142592030805645
349.7821619193339,-0.3305901192801457
349.7821619193339,0.5518167473287576
336.26860821336896,-0.09774485234879648
352.3244621387786,0.47460353256190047
338.48075831298013,-0.3158441885565253
338.48075831298013,0.584231739504844
363.5670418340844,0.12898056097105837
332.70401620952845,-0.4505191640305384
342.9793298064151,0.1313135258070588
389.7542635127912,0.6151736900136484
377.12005175351743,0.029240819756864767
338.2200435570703,-0.35457173547035836
349.7000960626693,0.11352226189990233
341.3089718946497,0.2696460381803263
324.99658820628457,-0.473975989697351
319.4589058102726,-0.241727634561812
319.4589058102726,0.5299220027243337
340.3550973644056,-0.003498911736642185
340.3550973644056,0.39764746078935786
340.79135956030154,0.21567193911414506
362.2638069285213,0.6560553580442274
327.7556234624609,-0.6215209708726661
320.84391195029,-0.09232903273584725
325.01607475501163,0.15094164221648043
325.01607475501163,0.2574151774551865
325.01607475501163,1.08144004082817
325.01607475501163,0.09013481727265571
321.9411153853068,-0.2697085830516244
360.141059618217,0.6277146119799681
336.41504592337265,-0.11041069514556057
333.6367711540308,0.02754212064382955
342.26269179437526,-0.05775253547585635
332.6340241043251,-0.2467165418509012
332.6340241043251,0.11035379337215545
316.82043817002193,-0.426993333960354
329.8862284918013,0.12400964997573283
329.8862284918013,0.4256843054982937
329.8862284918013,0.509160208240246
329.8862284918013,0.5833939375140744
329.8862284918013,0.46486630620995584
372.3092458391599,0.34611792258056084
364.7579246685902,-0.0170386654702952
352.6232376884314,-0.36336343447078434
352.6232376884314,0.2849016464747365
354.355754203596,0.08682290232729883
369.29736653358174,0.38615757122636296
352.7117714106101,-0.007437648211407577
370.6821366504909,0.213230583919767
371.36370196471853,0.03387829201835757
389.3262987848045,0.19471726485255658
371.2259504691236,-0.23675426944532774
363.65077586635954,0.029139201223188138
355.6602415660128,-0.04094059437750275
365.20952668065195,0.11662692296295063
383.61997216441887,0.07585104939641951
326.2294691269201,-0.7284625929643198
326.2294691269201,0.6083005340807404
340.0639019266254,-0.0371385446868544
321.64880749074575,0.0016348947197002417
321.63920002428273,0.19033400279204216
321.63920002428273,0.37622792344984646
349.5993205252247,0.0007965142995089991
350.0399106199357,0.25696972423406805
364.6075373867153,0.8305463239969413
326.9261252605957,-0.5849048767107661
351.6671423714449,-0.0024821888238193424
365.4038366341538,0.3112842645788305
368.78833358381894,-0.0756558956607023
333.7001857406741,-0.3402591489424367
339.84742443698786,0.1983953111800929
348.77324637233045,-0.06367775289277233
334.16690056017273,-0.20706682973923307
352.3446668039163,0.28286822881409535
368.0353624743045,0.034029118743774234
353.4092785813841,0.018014271111496782
327.6133215265248,-0.4546191667086532
321.0522102097395,0.22133405071076595
309.4347511116752,-0.47592680156060396
303.9375389251339,0.25611442718968647
322.3662834926684,-0.0804164775593108
340.3059664027358,0.2864353747589803
315.09162863843744,-0.4465130983144263
315.09162863843744,0.838085472590592
316.8392327956076,-0.027853560623611884
315.8337804061639,0.05437262902933071
348.3932123806118,0.48986190721177536
325.0070472170839,-0.3869537966400003
325.0070472170839,0.5141818709898871
331.8663164586041,0.2121694995537382
331.8663164586041,0.5963007919060601
331.8663164586041,0.06640768548857068
330.041560627857,-0.3527345071615855
336.36591011399463,0.13187760575260654
335.5211487126252,0.05285164007614185
342.0881526979129,-0.06509532565610243
345.6715461929414,0.47223659534222406
368.1275806099898,0.1323594944009301
361.8191395960133,-0.1318398028906813
379.43745335258393,-0.011762536158812509
382.1245314165362,-0.018681291451457582
359.54954826005604,-0.2877480101224137
351.31661234486444,-0.06575917015936739
379.9297588982174,0.6117709857093132
351.5517983708609,-0.715625855845019
335.7021781949908,-0.1988910848294836
360.550746488152,0.1971219950194154
371.7078071668516,-0.02548498731152904
357.703765963987,0.06565805680463654
330.1097392128526,-0.5216604490397003
378.3523586215411,0.5223074865244826
359.9648966929541,-0.4512417588329072
363.3078346546677,0.5801214298714967
376.8457830222478,0.04810028366819097
394.8851996604332,0.3053293518819373
339.1373060505843,-0.6851167919910495
329.9991907142357,0.10982323405346506
357.69088784444114,0.5127119999949628
357.69088784444114,0.14864385285613935
385.9271530800984,0.06060714581224147
358.06775682943515,-0.3576361255389884
370.4519100726908,-0.10658175536445924
368.0292743773131,0.035507151031083595
366.914663755969,0.020700975576119163
347.4205436898026,-0.2399326238444246
401.9514017340774,0.5024256306019197
376.4568842160234,-0.30197232355044434
330.8435688226579,-0.6444129399358189
364.89766980082294,0.13761290562752038
364.89766980082294,0.30417563145965687
339.38794925990203,-0.17998290918239945
308.54897957212245,-0.32010490470986497
333.21600920027754,0.25050343470047665
333.21600920027754,0.7122494066721856
333.21600920027754,0.16716829028598568
330.57402755863507,-0.04267689039579636
316.9398589538262,-0.08697056480662013
310.87219953078403,-0.2561615134040949
356.2433212227735,1.0210565361437602
374.58495163905144,-0.06362607731739445
371.98581993360955,-0.26311117390241634
355.4465565251374,-0.3596324150714736
355.4465565251374,0.06616723229535637
366.07779087339907,0.5183797318136385
352.1453387002744,-0.6327773193512485
338.81359149889596,-0.3373974109614437
338.81359149889596,0.484757965469953
332.26442141234713,0.3806769592808905
321.9242236226004,-0.03556049207952583
359.28785257243703,0.8219337196723018
339.4300757533994,-0.3731210582889162
304.2924385830881,-0.4431607017127135
322.22372856051544,-0.1777685294246112
346.67578454375223,0.5572879667149664
350.6304138098416,-0.05780267706529685
353.61548168952953,0.21138274848976835
353.87654364878915,-0.6077624352383282
351.3809387180411,0.37200480328317553
382.77442641908334,0.6533880476114291
337.91675522676746,-0.4689012128499144
337.79005377076345,-0.22010056241015263
357.58385407820924,0.24346258531238618
346.37181717513016,-0.3639471044294851
360.59899228268154,0.07427536650766342
375.69946346914145,0.08005087234073471
368.7908144005509,0.22330596365281963
343.46148325363396,-0.5136951643414704
388.5628984227968,0.5052761153924621
342.8844384739782,-0.49991248518199427
340.173521499728,0.027129686955277066
363.59017630566814,0.10020150786817794
367.33539671917924,0.3533696943885616
369.51267665602467,-0.12084934494021127
352.40154562736154,0.03288386559836454
340.5281212481507,-0.33202869664114587
354.29368479122195,0.14242279090774446
342.59666365406235,-0.252324599349663
360.9371144221153,0.6191448612489694
367.0711472892552,-0.1418774681138757
367.0711472892552,0.2029358813745148
370.5361962468787,0.1713609549311741
344.6363642395723,-0.5648312036644256
363.70365758306804,0.1268960561667427
338.62838958041056,0.05650768988584787
345.7783814279998,0.43072071898279773
339.94076815811957,0.007921352979224139
360.55664823113403,0.3060511893695548
347.0007223413489,0.18264306723995105
347.8757508092176,-0.4528937560688746
366.5338170684668,-0.06165952484798254
331.20354760896583,-0.13999795409733906
345.1282112162487,-0.22851539825353484
308.7313800003508,-0.15027054895460878
344.457282547354,0.45389683705195694
355.2251722841832,-0.23047544748692417
376.27111161824325,-0.21156281888545436
351.5470466731101,-0.12783322563404909
358.33168791990045,0.014532879910348129
353.88551149443566,0.16141498303079516
314.82879264672493,-0.46144332384164954
324.3958622513168,-0.2259543053357902
320.66838918287175,-0.07100293739483732
320.66838918287175,0.8714728015377204
320.66838918287175,0.20968791146094645
346.91328376169855,0.1182495210491652
334.45190693625375,-0.13805806404457144
352.14944210422414,-0.04743547770431178
370.03627401762765,0.11088358408630938
346.26814670593757,0.06651125617554499
355.1039049463713,-0.05271600603850857
321.6663567266985,-0.26938121563318873
331.6205974233627,0.11091778387685736
357.46289282525106,-0.008146907201194153
323.8318948615997,-0.2586889356516622
348.14797651978904,0.35817912033439825
359.9183761051275,-0.2602249797866989
357.7897194479136,0.26343387898293713
355.7048664084814,0.1684053205615328
351.82948441325783,0.02104689026714368
341.4436960820786,-0.3387683377592339
315.3408622136437,-0.24470003556484698
343.0419044631104,0.17452161436301594
343.1145465546238,-0.098356785639794
315.34895420753077,-0.6563685243017972
315.34895420753077,0.24874264467121066
315.34895420753077,0.21019878762444932
310.4091215461476,0.14139602265493068
341.69404365666895,0.40255349954452413
344.39275692337105,-0.14376984396506032
320.5709015483723,-0.23539498077332155
341.433310551821,0.08017691041561648
341.433310551821,0.45277443393752037
350.1650433756056,0.15505389603538333
378.47972409738344,0.3950410690224544
385.1959519528446,-0.19762919073491503
367.34818626470377,-0.029621341657502853
386.0663377778819,-0.13347062596972137
387.5544670401139,0.5414632024817365
338.7851017668702,-0.6637729443426679
369.10111775687943,0.40313485373621916
380.16645550764184,0.23483162943671232
326.3458103042601,-0.7556709544738851
350.96555881676477,0.2639243126598103
359.3406554724322,0.33804273024941267
359.3406554724322,0.6802223352106012
357.39892725183955,0.25837221623669393
345.13699210187445,-0.40631859160953354
345.13699210187445,0.24674040917307138
388.21974408729835,0.7623732343059828
321.6480670085716,-0.8784524457104226
307.2062031182469,-0.16611810480412714
321.1547275361741,0.14660645460639898
337.6601696491888,0.20753760744673855
322.12001069601655,-0.18985729737448764
325.338330582594,0.22228660930522892
331.4424328705329,-0.13252304815921434
306.50673480312304,-0.0753397522571504
340.7997038195622,-0.1098859486208994
342.7431765099963,0.02232307812266754
343.8868429323651,-0.2382244209234159
357.7574758260967,0.01730756372273845
319.3243681715117,-0.4656351608971363
331.5133901945394,0.10590464723850346
341.9898877178048,0.3373905059536355
328.0194322919174,-0.26058589425292666
315.55034846857103,-0.035499813966794136
315.55034846857103,0.4635340451538923
325.5146449603722,-0.05452619628817956
313.5450005797197,-0.16946517761027735
326.0861883871242,-0.2943448246777507
342.6278539877449,0.2831749231092999
342.6278539877449,0.44495865314161165
362.5622268391719,0.21812950025378086
360.6108577615732,-0.09900891669974499
371.2443346873321,0.439589489840273
334.6470582400983,-0.7137267290250975
309.8632301039854,-0.4421004714971559
317.3210364385676,0.4618017201960356
340.9047665334001,0.2609178059893793
341.605997421106,0.26608942175892025
369.45085119319293,0.10662099267597114
362.0895015345195,0.24969904340082394
353.63652323097136,-0.3949016714462914
361.72688591812647,-0.39861141640608366
354.1537384527851,-0.1128739696523553
366.06536649155163,0.028036908811145622
356.4280982115407,-0.5690555106091324
342.06439366025324,0.2834549767170529
327.58487923409734,0.12705125212517032
354.09262510580356,0.46651990296663826
340.87201004557727,-0.42310843579650737
343.3390426511607,-0.04543725394205467
331.8272811051212,-0.13030242970648942
338.9448807483648,0.1369991542800335
350.7700060073215,0.4722773595671015
370.6895037851942,-0.07061739988375848
370.6895037851942,0.26011214103391467
363.6002936661528,-0.5039400088453476
363.6002936661528,0.3726542574427185
368.76062613877934,0.25718630575738644
376.3281811146341,0.44450129200947686
360.9956456497239,-0.10290028540714502
342.1277281715864,-0.0876502724056536
368.02350962963243,0.35765171940363416
372.26513706946525,0.15885089644962136
348.4381187345945,-0.40292508435345553
339.7461223173242,-0.006445596234925688
337.41050634252247,-0.05179284137261675
331.5603598065584,-0.10665827136585904
361.77610255262954,0.08877208196793163
331.4163777586779,-0.4995425960853481
331.4163777586779,1.105355244249381
350.90922668718855,0.40857401071070854
347.1809870715261,-0.07601014599072187
311.5935709976374,-0.5854731166948568
328.4439610473042,0.19532881899226595
372.0560052155116,0.17925990899232147
378.2115231447625,0.22761479309451715
344.26027659830436,-0.41550787284529633
348.51228839179134,0.21460325343252862
330.9637489494932,-0.5290537089271083
332.4099342355667,0.1015691733289259
345.6946850987567,-0.04604199661844177
345.1886430036051,-0.0627493681732858
316.3173040392821,-0.21076004691167327
329.41879927203126,0.26342495663766385
339.6270328405365,-0.23470412432322973
304.790436676155,-0.46681818307274625
328.3941557248968,0.1080691473916886
340.67043019275167,0.347944512035383
351.1415086797198,-0.07601220371338968
353.4414569587204,0.3621276549400818
352.1809320782976,-0.25350346016205094
362.1156864767813,0.2969649782127135
354.4613115642355,-0.06240856395436367
354.4613115642355,0.7205016050994573
349.75060998677515,-0.23573086176611469
352.4359891975035,0.4425282006557154
351.7517566134291,-0.018640734185851215
369.6672782954034,0.24988377083093383
361.2209671841362,0.013391802900287075
349.67190128042137,-0.04417369113582481
349.67190128042137,0.34594145245557684
337.7434732240491,-0.18705459729255836
348.71116277014636,0.00252535691470257
340.0762524039601,-0.03498133450500518
360.4203072397286,-0.0036213124706137023
345.19340529295545,-0.13336854335761927
394.46145770468627,0.5374849802044537
386.3965001703245,-0.3255476966508013
398.3760208984995,0.33131310554961146
398.3760208984995,0.37350840555689047
389.0515511781344,-0.29729949146212675
365.0616303436812,-0.19777001618808754
374.50558669498747,0.1792005908621377
375.9286671531539,0.31058296604305724
372.10467415675834,-0.1940650564650923
369.16232937942607,-0.17713891176276775
393.259584078767,0.5165366725386775
374.2030712734657,-0.3550413290668075
361.6165631264008,-0.1091825264891213
369.42395138547744,0.37708506731689795
369.42395138547744,0.16085755117671852
374.3309474576902,-0.01280845232554384
359.24502970688354,-0.5060298214136765
350.11046592799886,0.027975503058200957
350.11046592799886,0.43933709492546313
341.46879034961836,0.3022221610452789
341.46879034961836,0.24710187024561492
372.347272802076,0.036208824521963834
374.25223424326913,0.05689200169990727
404.18504274921156,0.24466460419307623
373.3658563958984,-0.29876496018903254
358.6097107171929,-0.5107721043972333
358.49355066770784,0.49590617639501033
342.0181731006248,-0.18888787721346034
373.35106233946203,0.3639702017067066
342.6119001965377,-0.29432666891045756
391.7733693830645,0.7775882867852033
378.05275084255874,-0.11475345445103358
352.18880045517136,-0.31700901122781033
345.30494572666385,-0.13805582188138033
362.4157602466105,0.07596297162649535
374.7070538361359,0.21694021250311835
375.5886652653835,-0.07726387109926236
373.6893710528764,0.37862026498578416
352.28124589344174,-0.49687122355305746
379.10229493908065,0.35556985466450897
363.86826811776626,-0.19600237342751825
363.86826811776626,0.5627759416890967
336.6034378731445,-0.02573766710452219
336.6034378731445,0.29602390930187994
341.30655162436415,0.3999136513798476
332.0528569436374,-0.4445549872045831
320.83979657387243,0.2129290593237556
348.34254820414753,0.10395188855761717
377.99733437612844,0.22009877813854928
343.95402224994723,-0.3680982304774716
353.1006801854262,0.4115557518323385
357.5259499685069,0.20421270390681912
317.9618030745532,-0.25747570259591157
360.2010830247812,0.441736587649757
360.95106841348536,0.16879798562888482
356.0045868910791,-0.24019400522547585
349.45203312952776,-0.36755315053301274
349.45203312952776,0.25995378726372564
330.2816976424634,0.2715350985264422
366.65341299183,0.11264518641758059
331.30695870771973,0.08985686216942668
360.3513336626444,0.33473689597758494
363.9511007234712,0.21750312949507133
353.777438289188,0.10749038203596228
360.47603695558365,0.02558864552565865
361.65330954597636,0.010981770465832597
361.21575572812384,0.42159928331943775
346.5630533465904,-0.4602864735238654
330.08101318019976,0.06257656388800115
340.0118737,0.010098194598299415
311.64695799347,-0.37416013573295004
330.3351252100707,0.313462505682196
343.2897858082561,0.05748195822116031
343.2897858082561,0.6900302635447133
374.33076260775283,0.35680302397111063
366.1583242985873,-0.48872653866544624
365.24821644704275,0.14712241054985498
315.6203153257459,-0.285635711042346
340.7016014827278,0.19944305377828186
321.682999584618,-0.34694541607223073
308.34588999310154,-0.07648934606402236
331.46789306087106,0.5828381359252717
357.9557974908842,0.4007915508153701
375.61547817300743,0.21804749497516696
360.2094312672631,-0.10449600084734811
335.88415876647946,-0.09025857252925107
339.0948195600052,-0.18482529150242044
333.91587793994836,0.21714355778283334
316.07814409724995,-0.2884429124022745
355.90212608585955,0.43281866597476437
334.45125938444073,-0.20986033998508447
334.45125938444073,0.8748096754699191
334.45125938444073,0.44048248524336486
347.15311766971496,-0.026301130286810803
368.12427987903584,0.5827148865868139
369.5424071510854,-0.06526747373482067
358.03434663045783,-0.3218413511581275
383.09119807649034,0.17423859425957744
380.9041183063005,-0.15713397671697749
372.3181551201731,-0.014519210547518924
348.1834275599956,-0.3589920474125847
368.13282739799394,0.11809514983065128
366.1399083342668,-0.1887777754579929
370.6263583284125,0.4272356616866091
388.14819824938525,0.10492438642290836
372.7229768130369,-0.06853534565482278
345.9779320240115,-0.3647176239662713
345.9779320240115,0.22257762552055738
345.9779320240115,0.18343239390810595
339.47984253076606,0.0124169723550267
358.80035600406717,0.07170710902596511
344.2135468583725,0.0417566362340267
361.4806571722068,0.06986175234760594
331.84304386092197,-0.5321492951148912
349.9835452460297,0.5506329125990987
321.7921716402129,-0.022512944127015544
304.7782166093718,-0.38273206543522065
349.0768504839976,0.7983367153860854
354.70896949732304,-0.13261811309462246
326.9724210132718,-0.37353562119562866
326.9724210132718,0.24796330670733369
341.9399422282441,-0.008449234897170754
338.7335545852124,0.11960242542295418
369.1791458629864,0.4293921343266902
377.0897398277677,0.21587583875077598
367.1912066623346,0.07006830456543867
339.56278173981605,-0.13669613854563067
303.1415927533228,-0.6334082082709074
324.65482028712654,0.20760942246920422
324.65482028712654,0.8144607097802918
342.53465597442585,0.17327079129859158
332.33832042027217,-0.03543105019628001
329.80710375077507,0.00879720701232145
337.84034739945974,0.03955658497307013
312.55687716970573,-0.16003513849796036
312.55687716970573,0.5508934987348084
318.4886415486819,-0.007946750488713406
318.4886415486819,0.3578254714943796
327.23538153158603,0.2358493185295174
347.28582468090855,0.12284452121480172
347.28582468090855,0.349478603402531
347.28582468090855,0.33693341261630394
330.8559522970665,-0.1898068265988968
350.37937890974297,-0.11272981201796028
344.1779623559894,-0.1305838814098479
322.9699838462568,-0.017906042339518535
335.19126902259643,-0.018487587157324015
349.07167297230154,-0.07711461301755662
349.07167297230154,0.1169726287055255
335.76623268686814,-0.06290637982272074
335.76623268686814,0.3413005620855074
368.2299988693968,0.1328205077363691
362.17400294802314,-0.08192130821055343
332.87690062899355,-0.19379604624657532
356.25004332331974,0.35330711794756553
346.61357689115255,-0.12299730243694285
346.61357689115255,0.46299751827768887
369.60747752718964,0.06421754106224853
369.60747752718964,0.05607557183111567
371.9650057158561,0.12837029199079097
341.5308528253501,-0.2616793371098538
364.35780883152034,0.2359211445912024
326.8355643043857,-0.4240359252987673
326.8355643043857,0.7273737351511045
342.0162579369781,0.37938881102400046
331.19054440967744,-0.3144516209686117
343.39552810580875,-0.06589565842386946
358.2899035030292,0.21704248731612097
350.9254073083431,0.13022332935759096
360.4380927720326,-0.07848388724710276
355.31452820593074,-0.40064072930317707
339.57674110924387,-0.2541708778535394
339.57674110924387,0.33363276216505255
365.6749172813122,0.7598958301359744
401.27571158734867,0.5130928389845621
377.3600166355416,0.25664752808631874
319.5577444018714,-0.4992082556891546
316.1164776303681,-0.1939778575595028
308.0520687343269,-0.0606007991949582
344.3072253761526,0.4005825890590131
355.40048295728667,0.16973020008970252
333.31241414315497,-0.38225819999399846
334.63059894276864,-0.3247932621070504
334.63059894276864,0.41028376665326505
354.4904497768824,0.4109866374443527
355.1018104347898,0.11809770460581603
346.27137619346126,0.1275994569341492
337.74432860518937,-0.04841557941438168
337.74432860518937,0.49241263888222875
332.7118125443596,0.061601740856758624
332.7118125443596,0.41909136915455747
345.8416280261331,0.24332905868254784
327.2727536615432,-0.31045675400923756
345.79349008751825,-0.04865302560347118
345.79349008751825,0.3304519152204648
330.1905007803329,-0.13344945407880004
330.1905007803329,0.403801591431602
346.98954293977675,0.41643643958536813
371.57915146783637,-0.08257437353734076
355.37610424359724,-0.06495808768841016
346.7721906360928,-0.20873472462176323
364.325227272848,0.6828550427785558
366.6810230739148,0.2025802793996263
368.00760939382195,0.3913988146205156
383.71353466962216,0.050804764575786976
388.217848113673,-0.06380178697713745
377.71632317636795,-0.3915639277562377
387.44434806154123,0.034720407108807194
366.00615151307403,-0.1174632364743502
405.30533551926453,0.4000625996183089
371.88745992123836,-0.3343263744000069
371.5508356697171,-0.155888059218114
399.3768372907178,0.10824308960422968
389.0973244206074,-0.3844363723594597
374.4083183227427,-0.1432429485380453
386.3338716527155,0.602040029128375
348.65435212895966,-0.6507297643738639
370.4120129122175,0.16366972276102842
373.6809413696667,-0.08270765001554992
389.12350370718696,0.22745574734608454
391.57759383492737,0.31335684249393125
374.6932725231284,0.07866004109860114
337.3872121205807,-0.7051689127840746
346.5101133899958,0.2492197548377817
346.2384358887091,-0.3400332694791359
341.006405037613,0.2790739258349504
353.01345660845726,0.10005497546808328
321.31348000830826,-0.40580223436472806
336.96594258444725,0.016464261246142087
336.96594258444725,0.3651086851970149
334.2994461636355,0.15855444479666403
319.11671518003254,-0.38091370884797016
303.7656573254644,0.04415525399008402
303.7656573254644,0.6120323489662951
303.7656573254644,0.3735304032716158
303.7656573254644,0.5145630834134636
303.7656573254644,0.635374910607652
306.41524955100516,0.1472287357581763
299.94151095055537,-0.20891787680864127
299.94151095055537,0.3849719199198489
299.94151095055537,0.21396277278279285
323.57975933895045,0.24342455522651107
340.7552129520592,0.13665782785415104
340.7552129520592,0.6491778727827295
330.31951284606833,-0.004163516681956025
332.8736071047633,0.30410110976788474
318.2797096122562,-0.0045696567959794265
318.2797096122562,0.3644527959745574
325.66750824629446,-0.011712680354321492
357.00694481038045,0.2212668650482783
357.00694481038045,0.14598911958864846
319.988168657334,-0.46818990583994946
330.4548217009447,0.28024975937364616
352.731576199441,0.34675106462952954
354.94737775672655,0.07039544073290926
366.151558867295,-0.10379419611376761
343.19050478202337,-0.07194853505848187
360.3399281467552,0.3939521124447083
360.3399281467552,0.159147417721897
361.09848816846,-0.057439771584085975
338.8744284139682,-0.09675994756582895
338.8744284139682,0.3465281976333472
335.95961374680996,-0.17448450759127354
356.4567124913308,0.23148553948510653
349.76106913824145,0.003792808977095774
359.1806879234809,0.49934856672825845
390.2958538987314,0.021409266476894118
370.7055718417228,-0.26760928644273463
357.97026387002074,-0.3048526820882671
357.97026387002074,0.37657740126462613
349.73105658705896,-0.255892249071735
361.7841015184441,0.15590447692375164
347.068331574781,-0.27971266153247143
347.068331574781,0.38813760595212443
342.5949877195795,-0.10765577358290557
342.5949877195795,0.3263935643969944
372.5742357783915,0.508400471298387
366.10991934318236,-0.1652938070228629
380.53908132077,0.2782617843135995
353.3725960451025,-0.29648534150101113
328.9815940634275,-0.5073923508961116
357.77117061097823,0.633384239048155
342.1132701686318,-0.2235076169140484
343.63139079418573,0.22062332372343008
360.0570653498628,0.27567262232594203
363.12031368896214,-0.2701744560552015
329.2443666774904,-0.25442684558504425
329.2443666774904,0.3469398456551289
311.7558413213439,-0.06990421758541743
312.51576150521237,0.12751693031327704
347.00807137159325,0.37946181394488576
352.13652009869634,0.21082896838731813
310.3150851532513,-0.5878713957198443
310.3150851532513,0.470245717546959
331.6094380634024,0.33401920720837097
344.08112736659626,0.1745577399240119
336.2943284173687,0.1695594851541955
336.2943284173687,0.17748275335316066
336.2943284173687,0.3818074699877343
333.60021860327436,-0.01426915389208716
308.81550818913445,-0.5795035588269002
308.81550818913445,0.5262309157683376
297.3265224265582,-0.20076910791033242
297.3265224265582,0.7319085484812149
297.3265224265582,0.641619147662368
297.3265224265582,1.670975849841966
328.2630350335075,0.14301850526339877
328.2630350335075,0.5926320313205906
328.2630350335075,0.5638162648226626
294.2213013861206,0.07700883524375968
312.8511474557585,0.08269246553732046
324.535435091216,0.10088340295055787
322.8907710507609,-0.16786708213851398
322.8907710507609,0.5059190278401502
322.8907710507609,0.8192482012275377
319.7162458372045,-0.006564496486930693
348.4580878553173,0.4677013254739677
326.3733316291229,-0.1261189418869435
326.3733316291229,0.21948990676708036
330.58652003711586,0.24016216232189436
344.2661826546526,0.21297425554769234
331.7025735936796,-0.4360928418218464
380.3632676684069,0.7861747497183842
370.09967186135304,-0.15367678157440423
346.07822183595,-0.7767538196442274
327.9225541119289,-0.0342338931473023
338.54509548493604,-0.010773338718081504
338.54509548493604,0.3303155648205802
346.48669824801664,0.14479431783820473
339.8247352163805,-0.1448767321944615
340.169902189439,0.0834946125719398
358.19549636210127,0.5785974344918259
355.4403847501763,-0.670796384784353
371.6916029642374,0.5384950190101563
377.90459779193577,-0.2851159452383172
356.6974246430319,-0.08263013188411605
390.01520964545875,0.667512533423178
357.2247478304426,-0.5546245933793443
361.13851085625424,0.040746094824271495
368.0203267340424,0.09967466172656714
375.8266675163989,-0.07259043630983797
356.34819894360953,0.03988294207169929
378.0193015415189,0.025320496588847163
358.58723069568975,-0.1969980135647802
335.976899260739,-0.05610182718908163
332.10409936324237,-0.05075594072900458
338.85574491360853,0.02893420729049012
342.5893225296779,0.036635787683280796
329.16500044459343,-0.28051793952067783
366.2834597541663,0.34914387738217556
389.3655293852082,0.08048884882259699
358.881611644734,-0.24652576741073062
354.3542224205335,-0.015435577138873668
362.64239404619366,0.06397570036585876
383.2032796833564,0.32237379572404734
369.86367526283317,0.17050580184718456
344.7563522399354,-0.8627449926225381
344.7563522399354,0.5946272438977758
328.17384070526236,0.3632640023153044
341.49999972946284,0.12799881068735885
349.7448642645735,0.36635345498189054
368.33634527163457,0.31001172764092644
370.63446725091893,-0.14484989929053427
338.87461993611043,-0.10693248501081598
360.650655950493,0.3683632957853433
344.922118369977,-0.2769073419618735
366.3235450340481,-0.07722299738668426
361.928917051458,0.061144577101913455
357.8399354618258,0.1401460375627721
346.9896308934411,-0.37495913805628334
311.27571593804095,-0.3560904812906074
311.27571593804095,0.8143746068999462
327.37329357402234,-0.18439979401023265
327.45845134873264,0.19129016815554678
339.1164639004478,0.5637543359671326
344.1515619701376,-0.2378376756544185
344.1515619701376,0.30046300050514674
344.1515619701376,0.035339316475869964
359.9722029018967,0.027755090823347928
362.3668209256141,-0.020347687338244214
388.88029636267754,0.2464875998965681
354.30709253192725,-0.46148834398695726
342.56001722099967,-0.09098869873969306
343.9853767616028,-0.1384554515580021
330.65716964017713,0.0019736344731882127
330.65716964017713,0.08692459974042777
343.31967199793377,0.07407203054219735
351.63869649807305,-0.022554142620720086
328.2661986029543,-0.09436553506361633
357.7353861319427,0.16564720863095772
385.4011183926878,0.4240984085845412
379.0666381062761,-0.03426058828074474
393.53355111164603,-0.2571460162763515
369.63380355781476,-0.15622929167466282
359.08692921174,-0.02361181319804473
371.6559405553351,-0.20915331908804546
349.3806244214624,-0.0009347061183007099
347.4011334022787,-0.053052373702485056
348.2134728921259,-0.17916205439951227
343.86450145665475,-0.08961087266106915
342.1543976343909,-0.020593342039433082
336.807236538926,-0.04414967579725726
351.80551549428026,0.044063565435862984
344.22542612179365,-0.3729469187671839
373.04381356928775,0.40558535042407584
380.7067080335171,-0.010263983386153086
340.7384026582429,-0.5705554132570114
340.7384026582429,0.2385370188799243
335.3509312326908,0.07442289632638222
362.81270210358537,0.20506191242134264
340.8293082405585,-0.17453830417582594
352.0498876213143,0.08694309163524849
327.5277882534355,-0.23123873088525215
315.0418855482358,-0.19969108644374955
312.09258337632576,-0.17927727197388776
312.09258337632576,0.6360001458648412
325.2171246987431,0.17859463201489234
335.51418372301964,0.3284028075934202
349.60201086445323,0.13041127463350222
337.1024082891999,0.015455428006362126
337.1024082891999,0.5723392138877443
354.62460095561124,-0.06500033487077417
382.28159160844797,0.8203732393376413
375.4302843218347,0.14180418743865175
366.5220378071913,-0.02496416551002767
370.1968261840642,0.16480358381329552
352.4056197479142,-0.3928686701658535
350.1492258704155,-0.061640433532829775
338.25007606750256,-0.11012301522441703
335.6735778031501,-0.11934260389807605
326.0590197898737,-0.09658549197467892
350.24444957001083,0.47681683049745516
350.24444957001083,0.4107967744396319
350.24444957001083,0.411830065709637
342.2960462239529,-0.41245148464554404
330.1909217484535,0.1403155552889075
332.88511243131967,-0.04404777222384837
374.4422666181332,0.21697082762500486
366.94424305695037,-0.10408497795197036
348.0527745618031,-0.12754694227862728
372.00716306191134,0.11371300425480513
333.6924225286882,-0.48308872926179447
333.6924225286882,0.7100292262550738
334.9712234188688,-0.02695637392594108
347.8667763345058,0.49063775612148675
376.27004468887185,0.014848633026986136
377.87769241364316,-0.04381937379480405
369.280139603421,-0.011687496207741788
332.56640702732955,-0.6351233677653454
359.4367222226004,0.19570381827304573
363.88102321715604,0.4497178390074623
385.4636608627236,0.21388518585183647
404.1933766046463,0.5092459100023916
354.75077283908297,-0.693887742401671
369.93732378531473,0.26615617124662094
396.4111370786186,0.3454405019448359
350.5520387704447,-0.5731036415812696
373.70657110922286,0.03433067782418675
381.38477923817203,-0.0034340335523666
355.0403141925882,-0.14942609983381772
352.8669820698252,-0.04346107696278523
337.4200400375273,-0.1849025125567323
363.1124034033756,0.12534560396125016
363.1124034033756,0.6025414252759447
341.98691416469444,-0.16954829944131689
342.575494774841,-0.36219677234475967
330.3930267281115,0.07897514940464134
352.31603150720053,-0.1801926630125763
331.89941087319676,0.2946009160467611
328.19634853467414,-0.13928268511085662
323.4568997556776,0.11903982997580442
323.4568997556776,0.63080816609056
322.2618654569532,-0.09488472306804852
317.39550321360184,-0.007391073859594144
308.392816885332,-0.008721460734363973
308.392816885332,0.5491289445901657
304.6406931119689,-0.06744487860726167
335.1459684090995,0.3948776981600304
320.38769514880414,-0.28767797937086925
354.5858409008838,0.690159038619754
323.77742168290564,-0.4098824474490357
330.77514711590067,-0.17153572252664162
325.5271440785457,0.21972403267545815
342.61807627926885,0.08656698224933734
338.3270552194172,-0.05130377973773648
363.75518677370553,0.2814652904014565
392.5108886906833,0.25624601480762976
361.2497631020981,-0.16279803219072164
353.7855218371468,-0.0783247376541567
370.35987425931927,-0.03986612765470454
401.36875498200084,0.5865124805429787
354.2360399356997,-0.45732184368887374
339.7831373734859,-0.23592931497842073
335.7491593721071,-0.31937754598061474
336.72121585506034,-0.10257628926308371
336.72121585506034,0.3101180435820652
335.30865411321184,-0.04558819111377943
367.6283951159068,0.5293807527657464
362.69644679165805,-0.44159630844421827
338.8740408975809,0.13089188799403928
356.8205474437101,-0.006060186092668118
340.39445678366235,0.17187014506714604
351.7362996063869,0.16639944558471598
338.40714650164415,-0.1998018346448589
347.0962724403046,-0.12144627343229786
347.0962724403046,0.4100359405913423
334.46373561740467,0.06879413239096266
334.46373561740467,0.21840477963326066
339.20103645548323,0.020471988344297642
349.52299776216887,0.19794192688834755
349.52299776216887,0.46957450563400016
346.771483838928,0.18349826409132675
335.6527104250741,-0.17202744846326823
329.4010915669646,-0.021350744817937084
346.5996124818063,0.1202075219712242
324.1074994433759,-0.227422495787323
331.57151414340456,0.04876299224906688
331.3872666260415,-0.14295081422335443
356.25029118985697,0.2440225788366206
356.53367743147663,-0.16453751365020253
367.1592799951589,0.26210610094972253
360.4841441096835,-0.31056022843085884
360.4841441096835,0.25959966071093277
342.81118142723096,-0.43119399936017544
313.2868327198972,0.10641605396938303
326.3971296026956,0.5010131712974726
326.7468427208445,0.045827142207258476
341.7039312902501,0.029824357359075293
356.4897152088101,0.21503248813019127
347.7025181209382,-0.16271108943021773
347.5913010046691,0.047516931213181124
358.97778579004574,-0.08190264035829387
312.2395535918256,-0.5211145980514402
342.84489316002487,0.16842362281443002
335.1874414580837,-0.09267321194727174
339.41693102368123,-0.016347957291600324
335.26031812412697,-0.08083396251481645
346.87452017183983,-0.05927848071360131
341.30870593208766,-0.0943615873940189
341.30870593208766,0.3464641927714638
335.93701058023476,0.3484392950675783
358.1198406920808,0.35451222326491916
343.68589952230315,0.18740490400841736
380.6999480941488,0.3833903022891718
380.6999480941488,0.3061042158547025
366.96012384856346,-0.1423605718221097
378.06466985423197,0.06581574751396602
379.56613716075503,0.18007670498980133
384.6084641129237,-0.10837571470221974
362.9834940890793,-0.26350843083878317
364.6651886264356,0.1542371777873086
353.74087163211783,-0.18393457053878137
350.6654228817204,-0.002440915586475967
350.8448620441748,0.3195313876590262
362.86033639829026,0.11370002059084072
384.7741195663427,-0.19329206853262804
361.61040168132564,-0.1439698984546567
368.9110080489359,0.1330208099416268
347.8150953440459,-0.22980457125322573
347.8150953440459,0.2761837175464734
359.28555580203084,0.19758254610587755
334.96936629667084,-0.6445950038654473
336.1181677597357,0.2724855254753038
334.38491394960806,-0.196552532643409
356.3770820592489,0.5947430673099916
368.3725951460267,-0.23621001132926267
321.9028788354315,-0.6493462447958791
321.51776914787274,-0.01834501633970831
350.30078454876167,0.3395521666749346
350.30078454876167,0.1919612148099077
332.6692533402664,0.04730031157487247
325.1219881670588,-0.014879868908451499
316.54412899791055,-0.2751008309626286
316.54412899791055,0.2913854680909935
323.6656701000937,0.023285908661250687
328.9084341185128,0.27738189927549683
328.9084341185128,1.1870598262223666
353.1273464457342,0.5272791600521032
342.15819971350146,-0.03635941416359856
342.15819971350146,0.394255631019405
321.7522544979523,-0.15224598448435245
321.7522544979523,0.4713847733945613
321.7522544979523,0.2052847432019007
350.13973946401046,0.7709911860092689
329.80946588507976,-0.5685431709405293
348.67236148177494,0.10097050754620795
338.7415988844201,-0.05751960331417649
353.68351267982115,-0.016732399636339323
350.7731392961366,-0.013960393682509675
380.4693092862702,0.3023813857147388
356.83653238593865,-0.614413462414177
356.83653238593865,0.4819726669387592
356.83653238593865,0.34915783634494346
362.75345035113065,0.1172252053218017
401.2015403392799,0.7427423277644039
393.91718386542266,-0.2952280040160531
383.559452395158,0.13337023090286948
400.0872764910385,0.02753329655604375
402.4399349913476,0.09760752410875284
375.37413530106716,-0.6390950366676407
364.25767118466666,-0.016432327388997692
364.25767118466666,0.13975506840984053
364.25767118466666,0.28887693036153905
374.05866124769574,0.2258228040298036
336.5545578468675,-0.4845458799594553
291.7235969482989,-0.4645753924158953
317.4795746370746,0.14694930879863932
338.1609940011775,-0.004485555281348752
365.40792425761254,0.017891033565092584
349.6069757478137,0.26450808448282714
338.43409870620644,-0.010687088810641399
336.47784099451206,0.1794946581971999
327.6292234802734,-0.31332571506641216
343.8737887543103,-0.11217055639917817
344.76766344263785,0.2465171697435835
334.93593980452954,-0.08284887616696324
334.93593980452954,0.6281953417793602
310.94711434271574,-0.4987367866267505
310.94711434271574,0.4249646359305643
346.8268279936698,0.3646313610170182
344.48581529284456,0.35865878937602247
326.26848419208125,-0.2638647948062953
341.87830143086194,0.12363771726109007
303.50014268811276,-0.32985587721941556
292.28392831975174,-0.23445635485063576
278.8753111475942,-0.15832987504700213
307.0712958035638,0.060100780956986455
307.0712958035638,0.5108041637828364
313.3804115026744,0.9568266524750015
350.58630775811514,0.11590901970305367
338.7393633108083,-0.19408421764615014
351.37335544556834,0.046998804574514
394.16836120842936,0.46791323731793
363.2763896419145,-0.03716501018652707
372.85177857945047,0.1946048799206892
375.2763185781344,-0.06726214772345429
368.6246086270162,0.15849195149212392
383.0987873490396,-0.07195493903111583
362.79617500035334,-0.1313827657352249
362.79617500035334,0.29014611894558584
365.11233109109156,0.12301745646209383
343.339246752827,0.014911296654986472
332.500114236582,-0.5699146625355525
332.500114236582,0.6146081637708676
367.94582035983257,0.4279299743691354
407.7852369421434,0.14644478454761156
352.38924029575645,-0.8488052228462948
362.2780050457849,0.1569080790627595
350.79945282698776,0.009566389831547895
351.87105610323744,0.14721185262601466
343.95906533055944,-0.07652390158341404
343.95906533055944,0.3899692402731034
348.1097644093318,0.08328463951579579
357.32624512420114,0.22907952792797914
371.2441465714423,0.020551969337361697
375.04915217740313,0.27087257212940585
357.5221764668867,-0.20876950621311607
395.64016788420184,0.22378674618084915
362.1426253649707,-0.1530449259262241
361.7678866916615,0.011573322395975083
379.4526479885819,-0.010369510314262698
372.12604669685857,-0.5467942831766095
349.09061640373875,-0.022706503055928806
342.4954425494322,-0.3802474614029734
353.02378537578437,0.13509020565470564
359.38127661789656,0.1543204701885088
359.38127661789656,0.5871625635620603
374.36197505601143,-0.023802226693533157
394.35399521296944,0.6906591652054885
334.97450807188085,-1.0248007578152283
312.2665527437139,-0.3855100923065038
360.721988193322,0.5670439914439385
332.20208564573306,-0.761167170609383
335.15366704965544,0.5753357649334703
304.2610188712817,-0.4676295776552024
315.91847208394853,-0.01591467362027288
306.95331783538273,-0.06291683225015277
338.3810045569432,0.5041824447505405
340.9571223598386,0.05160842530176524
327.07011250736485,-0.25049678777679674
316.75291835882996,-0.23679326562808
346.3318777185826,0.4339485952950781
363.4038382050746,0.7528109419690736
370.2323117115813,-0.27418870242127014
336.6866969249401,-0.3536572011228145
354.3127673096737,0.45403828394319135
348.71481980967604,-0.05933547666722916
349.59457361037425,0.04830061601956004
361.07747534593614,0.15583714922581748
357.6375313332392,-0.03634118397258135
388.52962273803655,0.525168623212835
366.47433754435457,-0.35871546912812846
366.47433754435457,0.2705080646985607
401.08531149028823,0.44561506151558206
401.08531149028823,0.19792233672910697
368.34063122291724,-0.22111418707231678
375.8265066006025,-0.28795617799778483
362.72859430662055,-0.11451263947560619
344.4011827509895,-0.07754203807689919
350.0259068413651,0.0013731445518487817
363.617776138229,0.20699747423554982
351.919854915598,0.042590954271759074
356.5695673994743,-0.09511993489536508
365.5690157631041,0.47624518855036513
361.1041911707042,-0.4089308738687123
360.67036033722417,0.4705534803536011
328.89279029880925,-0.4507397087791105
311.8118444406539,-0.033055268435873586
324.06238957069473,-0.06957131939793726
324.43541790068195,0.03812061772623565
324.43541790068195,0.8818464206719909
329.2439837974608,-0.05305070825670555
304.0688896989841,-0.20398372665852094
304.0688896989841,0.6047525090421004
304.0688896989841,0.7936087882661695
371.57558170452535,0.7997669140199832
367.55490943530197,-0.017954424754066167
353.0423623640563,-0.10730593706125546
350.4596610166091,-0.20150419489846172
347.4686924487075,0.1738738139756606
339.1712841516435,-0.13381123559634034
349.458052728539,0.12293095533686937
356.7349729320955,-0.12652149687028214
331.516218745465,-0.05266373680376546
335.8509306000581,0.11584084937669559
335.8509306000581,0.4757190237235136
329.1523832480107,0.05877806572607369
349.70368613573544,-0.34720567281101467
349.70368613573544,0.6692517755617473
377.770065951472,0.543633588883722
343.09434738048043,-0.31960012133708915
336.87811200985607,0.25569885683046323
367.5547240764147,0.36519008108280104
349.09755104480666,-0.07943886792270405
326.51623093324145,-0.5387383585330099
333.3623637224941,0.32884291222717366
339.021023649917,-0.047585797305146116
332.7926563386953,-0.2633428358083165
332.7926563386953,0.41551064909128854
332.7926563386953,0.368777213793237
332.7926563386953,0.6887860682525115
332.7926563386953,0.17489496645794134
364.0690697373617,0.6585326737184687
339.72345594055827,-0.650443792828014
365.53917747860874,0.6466694788607583
343.2879025375562,-0.3718028372218214
343.2879025375562,0.24263037338755566
333.77570241665495,0.08279549711551226
364.85301729080714,0.12476407085421215
364.2493399134772,0.06021969656944748
364.2493399134772,0.5757417419185913
352.12303862849,0.19063986366063546
310.09665188273624,-0.6407966808900483
334.46350807036964,0.44315837562783145
338.61598316231067,0.036023065048993885
334.76964687849517,0.07947415638386701
321.3667711564624,-0.25784256865381394
325.0165133618452,0.16239276561543647
335.00865687019035,-0.03784075195085279
343.6862298978998,0.17325220638826977
334.15185578378754,-0.2803727915915033
335.3625574098055,0.038719614071965225
345.5075089083859,0.4719464636364137
346.6786840573769,-0.08007785257484556
346.6786840573769,0.6428520311910688
331.4553171215689,-0.3530119837453185
331.4553171215689,0.12460121571029958
353.1759382655588,0.6363577430599889
350.8691741721526,0.018460753593558366
342.049683839909,-0.401364056452735
353.34207199974014,0.1755640280418902
345.9997327322981,-0.026905188213845577
345.9997327322981,0.6026457277980626
340.85307683006977,-0.29278207548759383
357.84231946811485,0.07201528350572062
351.06754803311236,0.03899349940331831
350.03377508622066,-0.21668230488751306
338.9679824059634,-0.3155357709604232
337.10637916620556,-0.14435439109456638
357.9660151751053,0.7278213451814963
355.45967753445296,-0.3041849446155993
352.01399099936594,0.13098954871452406
352.01399099936594,0.12726455613346843
355.79585556509136,0.31553409703110447
351.2140661092867,-0.06764446998795393
332.6411864899673,-0.01445541902739933
333.07839438924924,-0.3325354366342026
332.1474878400435,-0.1804344247626659
332.1474878400435,0.7763980437958935
332.1474878400435,0.3362949159533173
349.87447756662584,0.2788726585348513
369.6100225795504,0.5390201239097223
349.994872578393,-0.6217290585221917
352.96075911853586,-0.18444837100219047
345.35569659644517,0.1096194871302032
332.9332887115445,0.22222404576609733
329.5733051299669,0.05254330081606895
352.9927000696144,0.20533884499866417
324.40410279398264,-0.741307362192174
330.6664354410235,-0.20464315089770935
331.8211087913418,-0.06931005048829775
308.8702110767535,-0.37329034513447823
346.6229878278106,0.27219035536950287
355.0218899952525,0.10374928765486402
381.3836875469942,0.34497162478555765
341.7179602265317,-0.4728114932574954
341.7179602265317,0.3781180031924123
341.7179602265317,0.5677699521389741
341.7179602265317,0.06669964877494294
339.58167539018876,0.03218163663245832
304.4216896169211,-0.10829194434882083
304.4216896169211,0.25087854398236686
318.1705678896882,-0.05160376865001126
318.584493645077,0.0148007700869357
344.6092731168736,0.6069253572351272
332.19046341330295,-0.0960366484360975
324.7063541617597,-0.27772866503914884
344.4842123472469,0.06495386801793757
321.9012637623068,-0.2683375224124802
354.7934763269011,0.29352787438403993
320.5102919350662,-0.16082722682199346
337.6453241848986,-0.15767660856101884
337.6453241848986,0.7704746109561711
331.2082347815764,-0.14679813804616515
322.819861903355,0.0062549723479605746
357.88523344988204,0.4454943713941475
346.2656014261286,-0.3115972487739782
343.4883595237335,0.19336252214861815
340.2782545386805,-0.09360698953275914
340.2782545386805,0.4636957079901549
343.9134605453495,-0.06529687552153973
330.8720473700422,-0.17360031040504964
350.7268070892927,0.12956905918554185
396.7261435191835,0.8878214549945369
416.77056711725726,-0.06322694880464041
420.9310537910311,-0.03940195618747566
386.9302978555441,-0.11363308704153496
381.39530431898,0.14348401363838548
379.82059847647594,0.12126489915499405
397.0089607064543,0.12409279566304576
391.9146921069959,0.06750089941419901
393.1464390244379,0.027099414521103427
404.8544997309684,-0.009971086218115488
398.9319287789604,-0.0034118254394570613
382.421519154532,-0.33567323608372135
344.74999441696076,-0.5638909917618093
327.34681383461907,0.05784713193543212
330.85740294588607,-0.26895305328537233
354.70252070595274,0.5737629075881614
358.84073738498637,0.08626351210955363
359.3461645461956,-0.19139728281390944
342.78606600654274,-0.3948676724994584
345.4551487647256,-0.10579372072356819
339.3452143976898,-0.0734325059549974
361.31440526039785,0.3063840800316484
337.6717023399135,-0.2253433725081777
320.47649873383017,-0.18005604785071228
317.8898920663421,0.06191515109208012
334.1054027807359,0.37696074206405683
322.39055086550695,-0.5230099060460134
305.4039077515164,-0.07421631620422886
350.6690526669215,0.6175987138948358
350.2595551336093,0.5133887086158211
302.2628859035833,-0.9314156934090079
302.2628859035833,0.5133775277627137
302.2628859035833,0.8492176622844454
327.64277574076687,0.32551636226764913
314.3751781931046,-0.38044403289165984
314.3751781931046,0.667735556025491
307.00280488985635,0.2225495195982603
307.00280488985635,0.25015485073640775
324.012774411554,0.05456390698316227
358.9269090590675,0.6651295720412236
358.9269090590675,0.4889425003400447
333.56353360397884,-0.05465944687807678
353.9339644453709,0.35591030406271784
356.9579213999846,-0.20682739362609937
359.1536431981279,0.12415863399883165
384.1586869202818,0.4842753428085871
375.89463733626167,-0.2878425689531241
354.9453191077055,-0.18897332094229569
354.16967932540416,-0.40805652687140537
354.16967932540416,0.18297852120826974
364.8102581998612,0.6832271226287503
339.04239977443757,-0.09163790768877789
342.25481124385806,0.09751984596221064
329.1870827528887,-0.04400008291997892
335.97335997703345,-0.007476592336274734
326.16634091944326,-0.13851386400051524
335.91048109409166,0.05420355616661254
321.5903271121028,-0.19664798851420073
345.92757181168287,0.023056302431768927
345.4522344988574,0.25615965422866793
313.72932541662493,-0.36288114927288007
298.9798233127243,-0.07564529148839938
298.9798233127243,0.1968620390275646
323.6933301220461,0.3728946516390579
323.6933301220461,0.13290530256335842
323.6933301220461,0.4621339209376174
318.04512485656267,0.027524438708269372
318.04512485656267,0.4719673622337268
367.67648830549945,0.6919495053248284
367.5368770094523,-0.08900686249080536
350.03856952066786,-0.012696854734940644
366.3090152557392,0.142883238231434
345.1813656644509,-0.43023767216300257
352.6929974387719,0.05504234547129272
363.02561023492206,0.043773979088655324
375.8965131928507,0.1524556842050515
349.13989332176516,-0.15503970742202
338.3505455838854,-0.3107576535039698
367.17416346759785,0.021638590389670753
370.49179853633933,0.08700526934035224
367.9756975164487,-0.05058486852590249
352.08796114527195,-0.2817260557008012
382.9420354009123,0.8103391838558309
389.21155783931954,-0.029941692340571535
383.6418737762441,-0.11716098719728052
380.6820066427877,-0.11207440707369187
394.73912251039684,0.21697187441407095
382.18530335164604,-0.15206596530174465
374.5534638028429,-0.26479915259005793
374.5534638028429,0.538125567864995
376.4011698467181,-0.17946801621064878
369.93485413375095,-0.08983662770469891
375.79222323974574,0.606965396202213
377.42177220375214,-0.06846424561717868
368.25878515735116,-0.05072384129016427
365.66335872451384,-0.18999756398079626
364.27453068622816,0.11307283169810489
362.94085005652624,-0.006150303739559604
352.1538850471181,-0.332962211618792
370.5542511251301,0.07863448077432622
370.5542511251301,0.2693193269947187
336.99811402774634,-0.05354042959106664
358.98269120921987,0.20845921331306272
344.01887401793454,0.03652448196396563
344.01887401793454,0.2915090298015457
344.01887401793454,0.5453211773728981
347.3093344902341,0.13684802562397635
354.98355196324354,-0.07255752231662882
328.5136815472768,-0.33534550297781607
346.1101391698992,0.30685756932575714
366.98465419925986,-0.0912865252521442
352.9874350384799,-0.07918387437587171
363.17032718647016,0.37917452648457584
334.74801285539115,-0.13589274084324643
352.90347809183714,0.3693122638777595
364.48159350296817,0.46309631537428686
378.8870503205649,-0.22459483071827435
371.2593247395771,0.24082196540348377
380.95160440492714,0.09000653382031487
363.21493750673153,-0.05091512279500421
357.32468280857057,-0.1797337967477688
357.32468280857057,0.2154514069115976
359.0027014499345,-0.15360432504508026
359.0027014499345,0.3510753833381841
360.9630889683192,0.060762161272805315
334.6784827783055,-0.3829929109369914
334.6784827783055,0.36196779435067583
366.25641143491555,0.45964042314801645
373.60031215546593,0.13338993250874864
402.3842376270224,0.26303368152434814
406.83680287287444,-0.17397992619578417
383.9809935417628,0.277656360580977
407.1077412525476,0.3146346435024725
399.4649535976025,-0.0685812850426828
399.4649535976025,0.029115307662095802
399.3682162442548,0.12809527117769903
391.78040177080584,-0.3061781368984384
370.91720689195313,-0.19167342164735146
339.6028140628909,-0.6323877173879282
356.4085861588686,0.48546869580525254
324.73149071548295,-0.5996312819512468
324.73149071548295,0.38398991595499865
374.74108391132427,0.5226492397872562
374.74108391132427,0.29393802941376634
343.01756123640547,-0.40399956671160453
331.051556729488,0.05681652783982827
340.77361300182196,-0.05556967492077547
320.49726444522906,-0.015734174609178808
343.63700566452053,0.25632427112941514
313.69204763011965,-0.2561632758079213
331.7729524416915,0.2167277781732082
338.4734280023702,0.16774359079147416
337.3209607780814,-0.2558610074183889
342.6886395500298,0.17324990107249505
362.05218864100584,0.15360816815166345
362.05218864100584,0.11333691432923843
358.32352815808224,-0.26457048886265966
372.8215709234187,0.44320887115156893
361.4374864780284,-0.4164177634852422
372.6798649558524,0.5470160697647088
340.7498239651696,-0.29117780804449467
352.98957896572654,0.6779537035529302
337.9386246217737,-0.48353462494401356
335.60362041955017,0.24622634655315778
339.9053497042236,-0.22573859222404735
354.3791334941266,0.2844766542295929
357.82869296944517,0.32960269472198434
335.4476316846046,-0.4673849215869268
296.6062437253509,-0.31326556406111195
309.3322203080938,-0.11459225384260208
327.3091341403947,0.4351137338794615
331.55116616185467,-0.17027529914503248
325.6287123899201,-0.14752610901086882
349.80899762991436,0.5159733997538751
375.8163365360029,0.4186585558045408
369.32052106307816,-0.011279911298515799
410.42916348551483,0.16101512198247292
373.3997953296287,-0.2820462766843548
341.1416663649117,-0.5598798706669186
315.0330814489854,-0.3107212524580518
345.72758094027853,0.09868413447384228
345.72758094027853,0.5041707039442826
340.95362876661494,-0.007335495563097538
340.8810999598405,-0.16464475212569596
340.8810999598405,0.5842606675520301
379.8029666215018,0.3171118377252924
352.931644614503,-0.06466714634348136
357.9339963889573,-0.052134170534600344
357.9339963889573,0.0631212341892251
363.45514054718353,0.06653194610271385
353.62171812585444,-0.2582576127573475
391.9570233495113,0.6825201093374744
391.9570233495113,0.11121972936757629
380.39820313383086,0.1876613790304873
367.0784154023261,-0.2672277532899443
398.7645053182628,0.38160570502736846
358.6065602882366,-0.6426039141695128
351.90935918184977,-0.14695498896389836
340.6017483387064,-0.18366692183349187
355.8708066850506,0.6027110225023762
301.50173118939216,-0.7967651631621493
330.86022740993036,0.40594770396626245
287.4329646015661,-0.46846072612356693
298.8902504005183,0.3504125080459062
305.3712580921942,-0.10063861630442261
314.9572854841991,0.010348048355126593
314.9572854841991,0.7711018420432083
316.57945732701387,-0.051879277469879526
323.68565502907603,0.2815926538792155
306.31112985444366,-0.12014506414811876
329.8134677331005,0.324828637079122
336.2769816266076,0.0262519113758799
322.5110746633677,-0.24426665169892203
322.5110746633677,0.3508821636613675
361.8843715217522,0.09746723280147762
359.0336670040372,0.2894861250399572
354.01429512058957,-0.17243473350322347
337.30672954897335,0.18318261912008893
327.1086587897907,-0.24075543393735188
327.1086587897907,0.657412856733572
327.52751621368736,0.041483243399852654
327.52751621368736,0.46288859026844875
336.5206430469946,0.05544569307869551
336.5206430469946,0.07860998124829166
336.5206430469946,0.5186315327024431
334.3652437321132,0.021107681003627476
296.92796342327733,-0.12129170918524323
328.2995458049756,0.3292449515182625
319.45289683979195,-0.045086033572488304
335.87141066357646,-0.07486973694744847
351.49609099191923,0.14911478152191648
348.3210113729473,-0.04162310266349323
360.26676952443546,0.19031457668165785
371.52154709479834,0.04242955865811382
375.59234612909665,-0.14183155384080237
364.2722357435667,0.07877944066967757
379.59202410617684,0.2378112799765404
388.01855963703827,0.24937321799438905
389.8602450807898,-0.0014608327192036086
371.75289401065913,-0.006796496000561092
370.8978938964947,-0.08998609658794976
361.6622074044947,-0.06831673649389813
330.8506287647484,-0.3531302505361964
322.4243648519317,-0.5142867560863351
319.9450153803728,0.14521438845247303
353.948326012655,0.35286870496986467
349.14277319674335,-0.3148059291847858
320.5853195728042,-0.2917002930810213
320.5853195728042,0.691669342394448
358.1285683078537,0.7403565767347118
366.31863668883403,0.015390608251209414
370.1440844070401,0.03686977634470168
391.11966236171935,-0.015265922497064821
378.078271201848,-0.09600158918078705
354.4746967365582,-0.6345463844297683
367.17367184684855,0.2556982544474522
392.768868130768,0.39894200402784463
394.735554932066,-0.06047691078265416
384.76604631853115,-0.2137479958688573
384.76604631853115,0.16820002320775984
392.1959595313282,0.2790574737083489
381.8118079384268,0.10135020690449892
377.6980247998433,-0.14476693180563416
383.9475414560866,0.2968768206534378
382.9804891454966,-0.027067649562695806
367.53480983965113,-0.3021009125573073
402.4370547938189,0.39162389340458503
393.86271131219877,0.42886843673647945
373.1275221989854,-0.09941025785076363
373.1275221989854,0.04348892266443727
363.27383968796977,-0.03697442517955096
361.9633442908345,-0.024322272851350135
375.2314797886541,-0.20459548433052532
372.51030695910833,0.27239657909728976
348.0532829497195,0.04006680480540581
347.9494740542257,-0.2490202976796354
362.4321659359969,0.21480718287125455
360.9243997671183,-0.11154647465286871
358.763460762854,-0.2203420527812341
343.34108810419093,0.047337586096205087
360.8067331560917,0.14104148388037174
360.8067331560917,0.10973652770928766
371.29819974775245,0.2023331958118888
360.5409326452651,0.1491758183138927
326.4540854258704,-0.6315941093148467
361.16383197984874,0.37159815545078345
343.14549725216585,-0.23644666727886943
335.98846361968816,-0.10516359892767468
356.946809246914,0.018845022820869417
348.07539595099047,-0.0906616983558024
348.07539595099047,0.1885737822444753
360.91253064151323,0.15945253605389098
356.4457833543164,0.22667025724399537
364.5326901328098,-0.007930053852874153
346.6149027887302,-0.009183698421452391
355.26881037315906,-0.17896305021133685
354.9305765698334,0.18365930748552728
354.9305765698334,0.6205114317485823
365.23401690222903,-0.17933146211566964
374.02583270472223,-0.07728139914604526
363.51661207287395,-0.3248187293546607
363.51661207287395,0.8738196306829877
358.118521962717,0.0154412311806027
346.4875893289827,-0.09279013253103585
361.42340672491105,0.14526638687095783
357.78059813566216,0.13892194288928295
324.28869043542034,-0.8461406719271736
314.30813655259834,-0.284401716956836
314.30813655259834,0.6912943163507634
314.30813655259834,0.8977579104156348
293.27112348165025,0.143707939468527
342.22504824283624,0.6138539825726639
320.9212779064525,-0.34637502138673426
320.9212779064525,0.48815350275344827
328.64724709678063,0.18442842484137145
322.695756104247,-0.34114823308095765
341.5165986675402,0.34197027462141705
350.3565479762249,0.07761032654320843
356.9828811099728,-0.10850360843210183
375.4678652477809,0.12844940384241
362.07534730604976,0.21471981762738324
350.38166116624024,0.18856056618221828
359.16169948407804,0.1772676389573462
357.6696393215504,-0.1623292702126946
313.33386006512325,-0.42199648967766734
340.2915906108142,0.06037983332089425
339.508105706234,0.05757482854733098
367.4230098149577,0.2756416749153914
358.8027045733426,0.018471818778721172
359.21171996768544,-0.10982834455546708
388.32951047438763,-0.23494157255834125
373.62497456596594,0.057359568203423805
376.7537678395444,-0.33219874433791574
347.4182551710953,-0.6191272896400051
369.3206520001929,0.19707451450369717
369.3206520001929,0.4242322102759317
355.2036072781838,-0.25381057325387246
355.2036072781838,0.932801749003147
386.34347523760516,0.5531500321418434
352.793835251841,-0.3268995945227289
333.3214786310431,0.023190046745980908
313.7932319507509,-0.493217106624229
374.1551691054572,0.786957429766062
382.35493821989866,-0.1926201152439262
373.5510702267338,-0.20714796930542434
373.5510702267338,0.22130542146737753
373.5510702267338,0.8635084303504073
355.16862756396097,-0.3022771026434157
364.89129755662407,-0.0005906052394948347
364.89129755662407,0.13274041449619745
365.68630978220597,0.1416228222033169
349.7285610707236,-0.06658610975944157
352.9962486177808,-0.014961233285248454
359.1313863040379,-0.13968529570399824
365.3481154384131,0.042113489448979635
338.4300533262739,-0.3131113096261515
371.1537969582407,0.04717202432220802
361.45128799088036,0.09141199803491418
359.5532691138483,0.0018076266251227935
378.456759335393,0.07593656711355834
355.7885756021788,-0.03018399319864784
362.6573888002706,-0.07746276129660146
362.6573888002706,0.5461183122060902
372.7868073157208,0.0145798432462243
347.5177545356226,-0.26280387301687824
347.5177545356226,0.9762300186766879
347.5177545356226,0.4936973682581538
361.48157377960155,-0.08590058224331187
357.8840325934275,0.2842006026259014
385.2700060647446,0.1455940034276182
359.5519218651854,-0.46224766495606673
383.1629268992912,0.22711354971158926
384.7256410924449,0.15382732373086583
372.8746801265074,-0.24881658693982445
349.4059028147793,-0.2253800764292464
377.82977248391404,0.16750220686537887
331.9172545278521,-0.3167796795431741
338.27824044489233,0.020912324605774302
311.6890628915957,-0.38628608409408116
342.94206457513275,0.4729135429034841
342.94206457513275,0.5538899523512555
346.0244289433215,0.08599070010257037
350.57161298742153,0.05450904936128609
371.7274028854891,0.010618299133057008
332.6503438626876,-0.0887917965037559
332.6503438626876,0.5725495366540372
345.04841158047117,0.21818215626547044
318.57070578499213,-0.4253393882866021
342.3429497256479,0.4817508067394556
360.0531462805595,-0.16549623231344412
353.150618612847,-0.08269465035266421
372.58085002089575,-0.4286644778954951
360.99075353568156,-0.10080567672400775
363.37594735935335,0.16024997152840115
363.37594735935335,0.3900703815698989
351.1167061823266,-0.1544784307491227
353.4008944700605,0.1685636860232762
363.2822816777367,0.16991462734381457
366.4538556854411,-0.3428316811064178
310.22155936413094,-0.7645385600926602
350.1538103871311,0.564365394735205
350.1538103871311,0.48469934652609936
342.0635577215146,0.16843810461489284
324.65353842041657,-0.2865815727765266
341.10201266414197,0.21200003473211382
340.274153841588,-0.19702139672654084
314.793869869599,-0.03365972810877338
305.3969702241988,-0.26165497365786905
305.3969702241988,0.5438189512451572
323.7617301534739,0.4916250088188008
312.653175046442,-0.2553044775964963
312.653175046442,0.9938252923926711
324.850394581284,0.08608619003143758
324.850394581284,0.6802628846866128
324.850394581284,0.10218646639827966
324.850394581284,0.188412354472689
327.58149344801416,0.4182640761930543
327.58149344801416,0.2185113729957493
331.5410470829249,0.15544453799725488
327.9036720474614,-0.018002722463961618
307.4900237842621,0.06650498051146769
331.0256022128523,-0.10244143097827418
331.0256022128523,0.45166587315986817
313.8811142235058,-0.14588813613909224
309.3568724722262,-0.18106534086007287
309.3568724722262,0.6155752953795854
309.3568724722262,0.4277232987557227
338.1286149069035,0.40540543498445913
331.34770732301047,-0.2609151639310312
357.68159329984326,0.23287521837994518
357.68159329984326,0.2388958021608687
357.61456992979475,-0.15182772973662395
361.15546377263166,0.4199882982090912
354.43313245452805,-0.43639466439640273
357.3517676038525,0.05674049077970267
376.4549517031488,0.06372663932188516
393.8725339105316,-0.003729913072788804
383.8890003981729,-0.09722670369660591
375.5960321217422,-0.15430004835411637
376.5139373454804,0.08231744391105167
364.8354703978957,0.11277254639549028
374.5705203477799,-0.0502983942484434
342.3030723319779,-0.289364982568145
338.7533078872767,-0.015046457014591397
345.1124806259559,-0.24064497132849283
335.1860798033346,-0.1774689099504485
321.0880560579372,-0.2302558190892796
321.0880560579372,0.34505272609953863
321.0880560579372,0.8473382806174641
354.68366545846396,0.328370416359121
338.3247012608721,-0.11529760310395432
341.61450175961994,0.11012058244284617
350.7575916441587,-0.29879618677875897
354.3429821681109,0.05441958917924694
333.20329984195877,-0.25974717821281956
333.20329984195877,0.3348576263375662
341.34612744092186,0.1573120020650549
326.31511386839367,0.007059877787469304
325.11091939148196,-0.22792556812464682
325.11091939148196,0.3605182150688506
335.29934025994277,0.3664998149483836
320.04836607974147,-0.04328468190556123
355.9238496777057,0.3252347825313109
355.6895680883774,0.09248807384904012
329.1393921420715,-0.5831066173732324
329.1393921420715,0.7446005535866789
315.27587910711475,0.08934357452733366
319.7861819632977,-0.11221954803477274
319.7861819632977,0.18660774835348093
290.4749504948987,-0.43740150438463843
312.72211651299057,0.30121695998650466
316.57766826146405,-0.3039993795683813
316.57766826146405,0.5390044386209638
316.57766826146405,0.706360521409124
316.57766826146405,0.5449387078857626
316.57766826146405,0.6159693833520805
316.57766826146405,0.640116151126449
316.57766826146405,0.5349877842718342
341.18290166198364,0.6193243125583194
321.3132684548884,-0.26200402124902666
332.7456106306824,0.3094684321540626
331.03544287738833,-0.1472844260557622
331.03544287738833,0.7074414009491647
295.85095522842624,-0.5236781342166523
294.55697116639533,-0.021225106333417898
309.6273138457284,0.347932036790894
313.7796737251313,-0.06329941842204789
326.0726157011332,0.3516756878926799
352.93310954737785,0.636871572002633
346.0290716131206,-0.22128785666347994
335.16105210187214,0.05583931080059301
357.48112364421894,0.15775534369413435
346.0980922275136,-0.45571195907587025
351.37646619858634,0.0074628654421076135
369.4150896994399,0.10670100330844434
360.26063532074403,-0.2893423308672709
307.81888775342117,-0.5908834013057458
329.84346551957,0.42452318828338775
331.89736946723144,-0.04096874385049887
339.0601414184736,0.03704786385242187
321.60335310853407,-0.15170142419799504
323.20068032165335,0.23854261514316022
332.5048244731576,-0.03910269517268716
332.5048244731576,0.3674221488167859
332.5048244731576,0.565363983624593
366.9334188137158,0.4754039074471166
367.42647721233726,-0.14927251910864925
338.2252380249426,-0.36950333988511375
342.7355871454981,0.3277025161542042
342.7355871454981,0.32146300800604877
336.50248932265004,-0.15882627015218986
360.394687999634,0.32765785465335284
354.53309162981395,-0.10253351383983045
381.9617116645122,0.46215984046966696
383.46697351264,0.14611876222488718
339.6477811957277,-0.554091924112754
341.12418389298364,0.18198241847028385
349.0967792722062,-0.11192072287849442
363.11730765167727,0.30432371953816073
351.44798944484165,-0.15252151676111225
353.3792326194651,0.16968502999066004
336.0775264075203,-0.2904416675214634
347.17991427952654,-0.06686887143462172
335.7055894225243,0.06378981370892234
330.0325389886846,-0.03842978201430469
330.0325389886846,0.3939090935036802
334.48776567352877,0.22363969247032855
312.66127657851905,-0.06098488311693018
312.66127657851905,0.592269255103588
343.44252074912504,0.5540567916331156
387.8621045665472,0.21810216365486212
370.1169124288747,-0.12351801610600432
370.1169124288747,0.4359758122873245
362.3997100031779,-0.11617992802734989
355.19807637628213,0.07563984854391492
378.3186549385473,0.25802811002699855
362.8894987852737,0.014303032101906865
347.1566471333373,-0.09270390518349814
352.1130317826355,0.01227792195550137
395.539606102477,0.5056791102183524
370.7005499546106,-0.5428145351585272
370.7005499546106,0.2575215974547973
350.77874817267843,-0.17222287237177625
341.28887490387564,-0.1806808663609445
340.75762352906827,-0.07290329586271582
381.1782182369711,0.26262302284703765
375.25259210561336,-0.19833652321824502
375.25259210561336,0.2990798706937312
364.8084408283004,-0.26104815426697314
364.8084408283004,0.4529601338564362
343.3919613644289,-0.4599281675215252
339.577941278039,0.05077479086776293
328.7676899336055,-0.025735579328966196
353.77946922952987,0.1763547247335282
353.77946922952987,0.6280499940606887
355.8736797249632,0.21555240264888198
354.59713674621344,-0.14449336627569664
363.9356470142966,0.01294414442827474
370.7415494030453,0.33451539935094843
333.1082854525147,-0.5246026272490099
333.1082854525147,0.37175657366083215
333.1082854525147,0.4294357839339682
337.82303939453584,0.24803978825661943
337.82303939453584,0.19108516220671845
330.4314645638894,-0.41006761890946564
330.4314645638894,0.4123358575441216
354.06307036323113,0.2320932697234639
353.258236223665,0.2552606695536497
346.583347151086,-0.2769997699396072
340.6298162054926,0.43365106806083986
359.6728000372998,0.4844581375635926
347.07363294343253,-0.2794808209965822
332.9111045452322,-0.12468946409671844
332.9111045452322,0.4369908677707599
347.5373997159667,0.1872978192361643
367.67589077196357,0.26839194826720814
358.0394717323718,-0.09446316161233881
386.2350688351792,0.12177789049565035
358.12115453655343,-0.301368010109627
340.25502297093044,-0.33840080878917433
340.25502297093044,0.07889628154134698
361.7049428092552,0.5941316856617505
365.76663531592965,0.04385387155105036
368.49535157811107,-0.13542362988141576
354.9976658742929,-0.36214873469646136
354.9976658742929,0.253546067445086
345.7421636103334,-0.0006185670297327306
380.08060667329323,0.29609966714645
376.6020919917717,-0.029194051574904734
357.58795997008605,-0.08919168899456054
346.2430527835163,0.14494754649263086
336.61088042692495,0.01169104025575507
332.8987999551296,-0.1855960481063903
336.0094250198019,0.21526307231238206
372.4459117384869,0.2944886092807337
372.4459117384869,0.10676970994938983
397.59819451763263,0.6783036369401998
355.8097064693789,-0.5804993637573261
343.6359003201172,-0.3099354047727729
346.3308301496668,0.021100668874623807
368.27796026043313,0.5710365262070809
352.8352312951505,-0.2958910308493614
363.9029160422492,-0.026362008632872858
363.96697693372204,0.011032374166120462
386.97139285407843,0.10939286573193385
370.8319477323782,-0.2835265267374325
370.098682100302,-0.11326183314974969
370.8513807656161,0.013334301204849908
338.8855512580402,-0.36335796930200104
347.3354701575296,0.0375630110744396
341.77106539306743,-0.05994770561392215
340.54334608147485,0.08973526491183748
320.9746314253549,-0.5174406072527518
331.6546194120558,0.5582211340023377
341.083566455981,0.0697469480055588
374.0180006600413,0.7169129185070915
365.1647854683922,0.07253447274365499
336.8609459351391,-0.6008997369237932
343.3014496749207,0.2541662325223797
369.31048004344694,0.32668716851458157
367.5237835318448,0.047869168633496884
360.0643362434418,-0.18506785803742787
387.30047611062594,0.5013095106116907
352.114580365588,-0.2607945550803379
352.114580365588,0.026704372401241017
363.7357351670992,0.09916927462109015
372.0871090746009,0.17899452756671508
330.2879773482628,-0.4476911600895619
339.1167840374607,0.05270182443359772
339.1167840374607,0.07281116273702537
305.50097495900684,-0.586657818786648
302.1701020351959,0.12248431060561416
335.774149865804,0.5982119079302493
335.774149865804,0.33486332396660146
331.70462106489674,-0.34919475235642494
302.556950918502,-0.05948635206630115
302.556950918502,0.16618189395376248
302.556950918502,0.6098511075005035
359.9771559448232,0.8039201783640237
338.346091052924,-0.6383045268685237
338.346091052924,0.2898650668880691
331.1780720085424,0.03406754758918851
362.8015456087561,0.38631788072655127
358.41855265953205,0.08041976651190907
380.09074310523044,-0.2763650355761911
365.8532418694389,0.07166783921979913
338.10206596484875,-0.5566697427509553
376.73898816719293,0.33690290480012663
341.87887147983076,-0.3310491003966263
348.6438217740505,0.306809724005916
348.6438217740505,0.12668326060361323
348.6438217740505,0.6925226454197855
373.8057380199747,0.20862306940432518
390.0818742696716,0.19020610883433164
408.8830076097425,0.5191980596139274
381.8264963188897,-0.39871352284512795
365.519981390047,-0.4193238682819356
348.9059493177359,-0.022883048023572883
327.6862293868592,-0.019448435076697024
315.7892690352288,-0.4467379578793498
353.3515752306244,0.5000522509171788
328.1842199847477,-0.22425739295772473
328.1842199847477,0.21614554040593248
328.46424000362674,-0.12340223708554277
331.7487152421455,0.26683019935785524
329.608417460182,0.13538942956449773
329.608417460182,0.7720269711355741
331.67684597641744,-0.3298246286643689
336.35227893189494,-0.08705774708323588
350.1966147942398,0.3091152405224875
358.4613345630337,0.06527182624381567
348.46165146935454,-0.025934662532108632
302.066105977468,-0.5365986786009671
327.6434949291147,0.12556869411798743
302.37523168315073,-0.3661795909878265
333.78779500479203,0.8587518801200531
335.6215108396147,-0.15363315264107769
343.1640300474825,-0.3052334773394705
354.2483170393486,0.1996426262199975
351.4601835992666,0.1974415486495218
361.523399189921,0.2303253648252621
338.85320034950195,-0.43805142250539575
347.276979969515,0.025325194292463493
356.65199272512154,0.17917612192297838
358.90080767989014,0.45846444651749607
352.83819380878947,-0.34820752037035163
387.34241730109443,-0.19146130165597697
362.04715575235315,0.20078637945880473
335.7354128906596,-0.27711255133601753
337.25313255447287,0.12715173917911216
364.7467345969478,0.6700705151758939
352.815199461129,-0.2398500711485667
352.815199461129,0.1785775709288373
327.47227730736256,-0.5676853703728284
327.47227730736256,0.9245701558395467
327.47227730736256,0.20074488290458703
324.13480935325566,0.1987772781909598
363.88283335315873,0.5839960712938819
340.1292492025271,-0.4146547593915102
320.8884480939366,-0.30695209039413385
349.1064247740949,0.300510780358195
331.5233318987841,-0.25422421136522644
333.1166261147178,0.36853129075541347
340.1383252939895,-0.21811918836647237
341.65825215561915,0.1517686769983584
313.43473204891717,-0.07500631650418654
311.31424195463427,-0.15742788741613367
311.31424195463427,1.2628727083310878
303.8278469025184,-0.10763336121419798
311.4290886150606,-0.11654530494888604
321.43106592054073,0.18632644800459275
312.5773913579275,-0.29656635394098885
338.75235452473095,0.4807434181465169
339.14018160190176,0.08754002325440524
334.6724354995551,-0.02327503948492904
353.4234603651905,0.24882467568386346
350.6522565673428,-0.09938283438725648
354.3428350087856,0.004697012738233752
350.58699835757596,0.18755214851921664
370.1814806206378,0.2563182625516447
353.72491657431306,-0.16935858767897116
341.9471814520499,0.09377158366305594
355.81576152130106,-0.20538788941109942
332.0639157327846,0.02196735942425221
305.97903538452283,-0.3135087977528883
317.16841564215105,0.29716267923777195
327.23453050296644,-0.11290634300974034
327.23453050296644,0.25199460658200223
308.3009753495017,-0.28476511151313844
333.2988831274696,0.38460789691248465
359.09920554310116,-0.06336510776498017
332.71316693208746,-0.27561746452352054
332.71316693208746,0.31186343642491465
336.7318392643238,0.042955700950983555
373.46524220723603,0.4576915838788409
358.41940215901803,-0.14780439061200923
358.7836616053543,0.07010722308132245
327.5460114788681,-0.8953803422252804
327.5460114788681,1.1623550587196405
327.5460114788681,0.7962313797467004
338.77525130806873,0.5969297877087456
337.19634860175586,-0.28137818403831716
316.34189633350366,-0.4295630939207058
316.34189633350366,0.45392142421019344
324.88670779083753,0.3132258971008923
327.12439195971837,-0.0797062816820926
322.9500560282258,-0.08241275072464305
318.2063357792564,-0.13884391475210123
320.79580124399763,0.027627610448462292
326.81450704276983,-0.030845952225718065
341.25157995292324,-0.2508152464814657
343.13120927935336,0.6137838908761069
315.110486363124,0.047259508757065305
339.13121872227475,-0.11589598321222638
309.9619755731313,-0.24113390296292891
309.9619755731313,0.3057518555197021
357.6855947305782,0.29729201687496243
335.13534420985286,-0.3185519868563915
335.13534420985286,0.10405143300056352
327.2132982618763,-0.03648051899381244
327.2132982618763,0.4802841927703412
332.666099371719,0.18491255312369503
321.6363104586623,0.08541597533553613
333.85045780237897,0.41761760893314204
350.4916329138245,-0.03807961130314652
338.577826337841,-0.25075489551284136
329.21179136202477,-0.44652123242997277
328.6375811247946,0.41441585476582077
358.39420699286944,0.45248946873175555
373.9075818454509,0.09635265424208228
378.1707207260663,-0.07785100135379253
378.1707207260663,0.44167967041676093
381.4801221614455,-0.04075716132990692
381.4801221614455,0.2948171510231532
354.94202805279696,0.046033884114194734
376.27268101313575,0.2629077424832076
385.1297653697924,-0.023969752466996397
358.0901686409058,-0.2289821839973456
334.0525978470526,-0.20259186084126668
357.0547488699873,0.4695502932340787
397.6388849985878,0.2313622955318806
383.79611247430273,-0.47948504174280515
383.79611247430273,0.1842241096194357
365.0522301666512,-0.4616116478865706
357.324940808968,0.23232263110799067
354.6663023037686,-0.34513855506975233
328.8249575503255,0.05129840117660933
348.61392421360546,0.12319662696938849
361.56204764638676,0.35152586112371864
361.56204764638676,0.04641773622245182
322.2639800291635,-0.34539665481361226
322.2639800291635,0.7195191806498542
368.3657309874675,0.20718240071505534
346.0203428398462,-0.14351678915784305
357.2691289832962,0.36704583048981476
346.88764284180144,-0.14786544399112245
357.141257534015,-0.04938158460481645
357.141257534015,0.32130340504738797
347.57244028671636,-0.10866382284211795
365.4534008471707,0.08827459318308684
395.19649930430865,0.35314054101525016
354.5862733712316,-0.47164929311804826
384.5766678068574,0.2538707363219146
384.5766678068574,0.16405986854101684
359.41390430556027,-0.16920458803440397
361.52722712906194,0.10679678535848325
361.52722712906194,0.5376214523259932
356.84774370340955,-0.01574330034191007
393.02729875273013,0.10399618630799523
348.5895811982834,-0.27876663453798756
348.5895811982834,0.45848721039180873
372.5338592560699,-0.010586130639353541
346.362839155163,-0.3783934428699922
366.723581948582,0.44446262139717874
387.0709362999462,0.022409825227782676
401.82964719629905,0.2300263460659835
387.13281496124995,0.0776054660934733
390.97922987445844,-0.06609703121489474
353.92572688318984,-0.5408992084778674
320.0084111365451,-0.05895004932938264
326.3128694809792,0.14427972636349295
337.20879524023604,-0.1163263271462256
356.27838973560165,0.06844787350291881
345.27899194079595,-0.259462015950362
343.41547723502765,0.3223883533685239
339.41312825994265,0.061106739154070056
328.29026751023747,-0.11883943012776399
330.49838721393826,-0.266499210962138
337.7382683335898,0.5313858921202836
325.4772018239619,-0.28053785631709616
316.809358692076,-0.659079759238125
316.809358692076,0.6161763480605487
316.809358692076,0.4301916337391276
332.01632265587926,0.6913969489736473
331.51054520135455,0.08634546249959385
325.87541515968155,0.07511322915593155
333.1621435901844,-0.17278477645879775
317.8965564778704,-0.12970521657325662
343.4630772314435,0.07080522478975126
362.69765199575056,0.48518999135933427
341.50562267051265,-0.358996045287995
349.5179804587317,0.03327611371719286
327.20124874185154,-0.25811746753845455
317.33500280513795,-0.019778720898216307
319.64365464451555,-0.27397755495780984
331.62747781307974,0.45437240756587016
342.61848546453666,-0.14988127514016014
343.5332117354221,0.1581174830615737
341.095686651777,-0.8069052374351031
314.5478496278839,-0.34427194090244484
314.5478496278839,1.0888771329557585
340.2560056931527,0.17543993904439503
320.2850718438463,-0.04686079843395419
320.2850718438463,0.420963443602659
335.7261083868003,0.09452375414343805
358.8131509285947,0.30571887435644385
339.1107834818729,-0.24337786239550496
319.1959940089105,-0.33603406376528255
339.9922510646574,0.4336622725197685
320.8741867508706,-0.5443532710015688
353.647411249066,0.6437349281536626
371.23324393785106,0.5996979626349912
356.65214515648177,0.10722277166883032
362.5165816792061,-0.022967812921024233
378.7668739661277,0.41052954923657126
373.52270352238725,-0.11955960430964296
373.722203874575,-0.25219162981511545
381.13663561504245,0.5239264946098956
368.68396203959264,-0.019201418511329393
327.2840466199066,-0.7527931265452708
327.2840466199066,0.12285717142856356
346.76361793559744,0.5036106636034674
339.26589525670784,-0.1877067895275104
339.26589525670784,0.5569485076597402
347.4646034815467,-0.42967273333647427
347.4646034815467,0.27064084626010754
347.4646034815467,0.5852605874495111
319.80320462511605,0.09829358542492628
338.8853444420259,0.2485810042974208
339.0289173821068,-0.2938864721572827
327.48071609490063,-0.3653118139864091
365.1658862295208,0.47160023035860377
327.2548090560215,-0.4133508430271604
327.6299712737991,0.0665848659338053
318.25863367013585,-0.25687126638831614
327.78470343814894,0.14216471044574064
353.2848181406665,0.004978974461437247
313.2715617004323,-0.43883034598025006
358.8135485092428,0.36156202776101054
376.40560294895835,0.6281995034432839
356.270199364858,-0.12339355269693897
356.270199364858,0.30982119546069953
353.6755794144849,-0.20725937221482127
340.68122786777496,-0.10573642882548029
340.68122786777496,0.23528114161285885
360.3847939044906,0.14621770163421388
354.87098033769297,-0.4171445134683154
340.07143776561037,-0.06497011022702281
327.22164852941034,-0.08124773161546273
327.22164852941034,0.8174698695822826
344.18835270152584,0.06969252820863403
335.4964504870154,-0.011711282013379787
340.1646599704246,0.08870051606288598
388.4782950176381,0.4816728857038015
379.0011439487197,0.27632178128465057
368.7674102125208,-0.26570767359805814
368.7674102125208,0.4691400480153334
375.7068940927332,0.4312921857446099
380.725350539454,0.12225989377714086
346.96958507326246,-0.556152253934556
346.7492025637659,0.14408016230333942
375.89799397805774,0.26856864494652655
356.6858935079346,-0.5165752842082156
343.3237637171389,0.04087180531792001
353.49598685992754,-0.05557320904961216
383.7308850350314,0.5309746748127964
400.4368710687086,0.3182506839744974
406.4373217406944,-0.005354445929924623
373.6608373206088,-0.6781891467177275
359.6412529007505,-0.2734396894626343
349.6781576662317,-0.3445033516801459
354.5596466258693,0.07154707997528931
350.91159641844064,-0.030669138411099084
350.91159641844064,0.5408667001420326
350.91159641844064,0.19702406300757502
348.66158191881846,-0.15928809018009815
356.341594651016,0.05000081988805505
362.32230835229313,0.5042845436104244
334.51851523200827,-0.5940346917947181
334.51851523200827,0.5607254766516689
369.52799975017354,0.5043683962577461
362.5837492126533,-0.2843846313257927
391.78902336745705,0.3902055440199774
403.63315936111564,0.24096365919831442
412.51356171717777,-0.20376188238390114
410.65420828999385,-0.0865479337950319
392.66219705610513,0.11996658383964132
356.7335244923551,-0.5837758349246087
347.5879057536973,-0.05771576356755759
345.22524396411995,0.05516136884000389
362.47129587016263,-0.018225168286107873
347.6973549369177,-0.18109650425969903
350.9782922157816,-0.12886717029994088
350.9782922157816,0.30697300109363823
365.60704358934623,0.08631524998941131
341.9893996718542,-0.10156943973549915
325.67907455669337,-0.11913834383096855
330.3050912176152,0.02167916248788515
322.5812909774703,0.1719631223639908
320.00036069671796,-0.060538389498674405
364.3927850295511,0.40012586087232194
339.5118647173173,-0.35609091399840054
349.5049137204954,-0.19596246851040178
334.9679386675162,0.0775505214326131
337.1290241836312,0.22554086821105557
337.1290241836312,0.3973396259892752
337.1290241836312,0.476271792401576
357.5009742564373,0.20855841477396098
318.2668760908594,-0.5660674499040397
321.16188686682165,0.12391024206294787
353.1965660099612,0.7265731446331074
353.1965660099612,0.178235809754824
314.55398333639624,-0.6609261029276468
336.25832368221455,0.21264579752505597
335.15389821006505,0.02453049232065041
336.2991668501951,0.37636943682878155
349.50049052695925,0.27560740609146706
380.10201974212447,0.11740578624107911
388.9010057539002,-0.01355749308254417
363.37658772639185,-0.02442709444619595
363.37658772639185,0.37416487288942335
381.5732529460592,0.5910512406508133
335.73563107523967,-0.49314912979082237
359.78370710577246,0.3186752754944564
383.73694579359955,0.0826258228273673
367.1382362296669,-0.15924136195872052
357.31914590963265,-0.3591114385029641
350.80674745550596,0.26401869206551964
338.57847362607987,-0.2971816001725074
332.01713672867663,-0.14316409950811249
334.54364664854637,-0.10673897652861797
339.0667873441502,0.18320521065402318
325.774960207768,-0.16855339445510253
332.14087354084467,-0.1996629539063406
359.95634943838024,0.27945514795987947
320.4879234305879,-0.47749633388480106
337.4948494347739,0.6209772395210393
315.09450669497573,-0.2072831207407262
366.07120256172243,0.5054257918079657
344.64653127541544,-0.02842816950408178
344.64653127541544,0.08466339174117365
359.9183378727872,0.10152674657274474
340.70333780392633,-0.5424368178905752
340.70333780392633,0.6639802325048549
346.69031547951994,0.2972361060981257
375.98342571091086,0.12808716045765323
362.903157489242,0.0435918008357703
369.99728884167934,0.07171485482308526
372.95498491661886,0.0934611452973968
343.94034910031945,-0.33752687061144115
316.38956479538376,-0.1333109470447198
308.4074901987585,0.02948395193959641
324.55150800378806,0.10266388355125855
319.70371654047153,-0.09331270732241137
320.42332997913616,0.1342009175335761
335.13397431461345,0.055378021757746865
323.29802944267743,-0.06468428484595279
349.1121951358698,0.44860296689068946
342.5473707345605,-0.015560192088059921
339.96393717056765,-0.11329510632481288
370.2720645373434,0.22251948539883415
344.5258857567322,-0.10335065366371055
360.522048179151,0.13809823343376593
341.4588072345068,-0.34511308986520817
360.21209670781855,0.11939727367075648
374.6132995837296,0.42108911759498824
371.16218361013676,-0.30862459600416514
359.13703373522253,-0.01655832738231311
346.4238658849246,-0.5191828129092073
372.07498855205455,0.5943493818001571
359.98264347846845,-0.39185076169064814
379.39555003090135,-0.2049223919019596
379.39555003090135,0.09201506943622917
350.8804736713929,-0.17993020753488054
362.0279717993292,-0.14845789838363999
362.0279717993292,0.2617984027710918
368.3667377551543,0.0294910069069374
371.5191324695832,0.006980184854342042
372.8122943101065,0.02808899735430259
375.1728623432532,-0.4348634084534524
389.4569486819443,0.12128576073848762
394.1112137834162,0.12017550719383507
375.36653615287213,-0.09012629323467536
363.9604075834343,-0.18795125812494007
338.74777602832415,-0.4714763783442777
335.66100559287537,-0.09791953091553296
297.68004960947826,-0.3269961928765497
315.5059465005733,-0.07817081065354614
324.97187248995334,0.5066351635873616
324.97187248995334,0.633668466370068
364.52018536254434,0.36921856143976584
364.52018536254434,0.07228141924269949
354.49379468086175,-0.26852999769721464
358.744880565586,-0.285957148789862
358.744880565586,0.23867666856961023
332.7690978466387,0.16685657005439225
335.0589980166659,0.01171577208265262
335.0589980166659,0.1549835717892165
329.7527301915285,-0.07700506383241645
353.87189546654264,-0.01320431133274269
363.438492286691,0.006697830981693187
375.8360403263131,0.7901024381867501
368.52766278085033,-0.22361969021847017
368.88003896690486,-0.11524629582720536
372.9617846028446,0.12318536884731657
352.663305812787,-0.15941900855659696
338.9777648584458,-0.44025206992978383
345.53305278851,0.33993808410696147
349.9439441749574,-0.12299293741159545
339.7706856405591,-0.15027284695656817
322.66502925260113,-0.03337274716682259
338.8493717935264,-0.18816335131111828
325.8414626666152,0.00866726668903084
326.55558475827155,-0.09367903399697752
331.36767477296166,0.20954401222252272
331.32124907690945,-0.22254278056504972
314.0570431489781,0.12155698837273121
354.6748916549655,0.3482760483923357
338.0582043145773,-0.2628464857564268
306.3314559669474,-0.17725795628143715
326.9255617655733,0.05497110295107177
304.5626395105997,0.16777182887403796
306.280303571117,0.08023155018327088
357.68087831919064,0.483194357143816
329.85390254754634,-0.49340496448621707
329.85390254754634,0.5446831260301224
348.066362860781,-0.008508046181873397
346.59599357737596,0.3041364988916939
349.3017693712595,-0.20127155662976293
383.24811028072884,0.4122156998541868
359.92692967670746,0.22319069650257006
342.98589323079415,-0.5240549846082558
342.98589323079415,0.21274058260814854
327.0235936743004,-0.17796986689666028
343.7673620947748,0.1868098405876708
352.0167214730063,0.12876020047428938
361.2685621022333,0.044099779909061
381.9854309744319,0.31315945025551173
363.7581832845807,-0.5070268833493401
363.7581832845807,0.6735861435288371
363.7581832845807,0.3492095731583049
362.84049175131486,-0.025867901308174623
372.0725695956643,0.23695864876447104
340.56930863027384,-0.4543674191500031
337.98441298291414,-0.025336736217013822
332.64738758516353,-0.22556837353977244
341.9637916014886,-0.10105214266411622
331.1220533661273,-0.03530089105629486
332.93814858369177,-0.02064315380005155
354.47584811763284,0.4118873666238869
354.47584811763284,0.13212277588581856
365.5347652940711,-0.013399888714047847
365.5347652940711,0.34587850445882395
363.40826440525706,0.24084792967755675
385.82940843999785,0.09478370409647141
344.60540501864665,-0.4373078642707924
344.60540501864665,0.13659469451522455
333.7056707545651,-0.1987359694036286
342.05251159753044,-0.07075213001121483
342.05251159753044,0.405817443060414
345.66467365832517,0.3985732681735499
356.1069414579231,0.10054502241337104
356.1069414579231,0.4074767141191842
330.954998045159,-0.28216287277882657
341.3681463523219,-0.09793529590672279
353.16863816188663,0.37057409497253957
353.3466774874374,0.024615061078293365
365.24828817540083,0.1131532761936569
365.2653913285111,-0.011470222223351811
338.7803519567019,-0.6503686925775582
358.70502746922807,0.4828790954221631
355.58681481455926,-0.14334739604862534
350.9734815201705,-0.30479442144326185
347.7201830125256,0.032524418309321845
360.76831186299876,-0.019673679268862543
340.76317839872775,-0.3219218995251367
351.63440820221496,0.1066185679795808
341.86247442631264,0.23768197829519977
341.86247442631264,0.3133097083687062
348.57783025344884,0.06023245800747645
363.0967742258374,0.0594617831989126
378.41373470148267,0.22312959108103314
354.83268179594126,-0.7239980205744132
364.4570321169856,0.2163783600452689
373.52580355985515,-0.027848651127328594
342.9144220948265,-0.45871033084188184
366.49373995572313,0.15499008821302596
345.38732924110315,-0.4142714511349368
331.56607461553625,-0.08475153478548236
344.5717612580156,0.03312277285442633
340.98924522897886,0.18394068995212365
322.64915937510295,-0.1384572859662967
337.12536606529204,0.24598387403796096
364.1114376998241,0.2779601693487166
364.1114376998241,0.25843907866817517
343.81718440095494,-0.05660141027397003
359.8770009748846,0.5042927396084451
357.88257684195156,0.20381104665705152
351.5676931177822,-0.14759111723424212
364.83667573312096,0.01912463164194378
351.22781981777223,-0.4730273179557116
362.23463964430863,-0.23436322181476044
369.3803052944754,0.41758147320706485
368.147015394013,0.25578731598943705
374.5822534371691,0.09712862988055804
371.9662189128314,-0.24750036253476537
363.92115484102993,-0.06707866607348478
366.6610729938415,0.31349186885699964
365.710854040163,-0.12399863245173037
340.9091302171186,-0.14361102587008645
327.68286748097063,-0.36224055045215664
328.5645996677982,0.31665113586836924
337.88971139357903,-0.03956487818754795
336.39029042261575,0.06739158337313711
337.96486316546907,0.09117430994126607
367.6257984980722,0.47164438450306534
340.17042184931046,-0.2984965676121192
348.34299449967597,-0.22822261419037204
360.4151527239991,-0.0783515425183623
351.328692573755,-0.18452736401752645
368.76008606511203,0.27866052226988813
359.060258040118,-0.24896099904356106
340.366991316885,-0.17881330057264222
364.4700578960147,0.3284656157338759
366.79796410827316,-0.20179539719742934
361.4215734391004,0.0696874264035614
361.4215734391004,0.4116635290627073
344.39675501742136,0.04851547875364304
363.7421876566679,0.43091811894646526
321.47077204759614,-0.7273591340617713
321.47077204759614,0.08218609797017962
321.47077204759614,0.42172635806605285
319.0118149073577,0.12574002958535857
341.18661674698194,0.3729475514671776
341.18661674698194,0.434719578462591
325.51787429825106,0.06674786741882599
348.00810793141585,-0.17162451642946053
341.41653305624476,-0.0552525488228639
341.53419661104124,-0.02755351427504138
341.53419661104124,0.08671528539434803
333.14386470401206,-0.3982568785783087
332.4778404915074,0.09839851461583748
315.4942668746632,-0.36245964331624236
327.20580946467607,0.324915476790693
344.65653382938433,0.15032972180074466
344.65653382938433,0.1531918170252311
354.65943625176374,-0.14541966575745846
346.4959066042524,0.11368357967342035
380.7382912728387,0.6376044885864758
393.1653034408228,-0.16042196231819617
397.93904569107707,-0.00858294852923791
364.8660616675607,-0.539147335495727
348.81921422674304,-0.481152838177195
355.11694437374905,-0.05058118325871419
355.11694437374905,0.334273555028858
339.273522981435,0.12729363465382448
325.81325442439396,-0.4368964968709861
308.04682449269757,-0.11313645691211605
320.9068944991715,0.23937521976222342
314.00281888038916,-0.24554790896672785
331.5540182350445,0.40027728375480365
331.5540182350445,0.6282345228713666
347.64711513462987,0.26599870773532075
371.4696816242687,-0.23578219014450497
367.23268034770075,0.1349839672577673
337.79160438785425,-0.1609547833097622
346.8208609689146,0.16704553892282092
346.8208609689146,0.19218010991460233
329.8394717809754,-0.3563556782537489
331.5928055206645,-0.068926849987065
353.2324166146473,0.13568417536953348
361.8968854461345,0.46953960437735986
375.1175075384534,-0.04212272452866728
380.6048674543409,0.022670304743542147
379.94167353625386,0.26253320652108414
376.9526378532792,-0.1349835574781082
350.1516924707694,-0.3946435371900634
352.3503758577293,0.12408173242727116
366.88473995568324,0.379494668392681
378.2571322510976,-0.17318532749993665
354.46130732582606,-0.25110823417242045
361.85766525562,0.049806616372052304
370.5017980144996,0.04247381350512569
346.41368227917945,-0.12075828599768101
359.2885755810871,0.32926215106544987
359.2885755810871,0.4670389825032544
359.2885755810871,0.12290184903952195
371.1816776449601,-0.026928730795930278
351.14216908064157,0.09786886081462853
341.3946738309881,-0.16408199587453964
357.7316801856916,0.49146666620276847
353.344379537861,-0.31674652275398785
342.70474830198526,0.074396516513616
372.2415730236019,0.39279551723734585
392.58671145861456,0.4924920968290962
350.5118314486835,-0.6029804577001414
331.4268649213944,-0.4945710349991259
342.07022838189846,-0.09912303479359252
368.8609382471136,0.5823365297048895
368.8609382471136,0.4988880473486006
353.60932542614256,-0.20962226883250423
353.60932542614256,0.22490649016594944
339.4405065915364,-0.09276094840799942
337.885138023632,0.09920601880685354
368.37367798844804,0.5659774455459683
366.1163349136879,-0.1749949689491359
365.2127872525251,-0.306310029140036
337.29810563429436,-0.21100957445389668
360.53330426759976,0.6449985113046068
394.1699916890026,0.32621842466528506
348.56526567480995,-0.5442703241262734
355.02963846930766,-0.455200308944427
379.80081197130767,0.20687516090038116
369.90625140424004,-0.206111140403209
348.0237311155625,-0.0609292973808806
358.3145366582448,0.27018763781256894
358.70916328844436,0.1008953781049513
369.6939888872242,-0.12213327296581156
359.54010018156254,-0.10223197446373433
374.3235920436538,-0.018992509306372085
357.3738200472911,0.04301588540704415
357.54613452311673,0.012212655380039905
330.4405893726892,-0.45677597278211124
330.4405893726892,0.2412560597532547
330.4405893726892,0.17194712737523332
305.94926846017256,-0.10605443198483044
332.3502699640734,0.41147212260523247
356.8521250312805,0.4137459608145946
369.4271026780525,0.048611530419407245
362.50460650453306,0.05637285797843106
352.7944670626257,-0.44584718430883186
338.67724179706016,0.2207590190536166
353.3778211228231,-0.20446323432224744
316.0799002666541,-0.08729559078130933
317.7949944370891,-0.040305284898181526
328.9085883438792,0.13225157759836748
310.6342885446423,-0.6100401357075498
324.79931228724615,0.1738845863546885
324.79931228724615,0.46971952142553164
343.46635844695055,0.24495287470176663
375.3642422871592,0.16852883809553987
372.9103156309377,-0.06495181202092226
349.3687914483994,-0.057098602666656006
339.04981865813284,-0.05044397649066923
352.87011892821687,-0.014948662899200826
367.3380842752344,-0.27094657684392587
320.8855509892638,-0.4895876005138007
320.8855509892638,0.529850172014676
330.51119711613313,0.08979693163053071
342.36896112606996,0.2286362958503787
330.77793137188,-0.18133133490414366
378.1303495677743,0.5529400622283447
379.86827857204617,-0.017797678760757663
346.85155579994887,-0.45587181433666046
349.65272451331276,0.17016983103178518
361.2912294074004,-0.03951709386205948
341.86270482865825,-0.31466447410366527
367.67264011781907,0.4317996083179878
388.22247329948914,0.33429991843399876
345.00179406333245,-0.6100958866664996
355.22542588439063,-0.13555383393156717
335.8182698482385,-0.32634514726737507
344.42411712775004,0.38802710287177433
373.0320625897803,0.15337362787886377
361.2079942177465,-0.27051989100255014
351.182470489617,-0.17613918827157704
372.97148314575185,0.04611217764193043
362.18788986122655,-0.0969983166592101
362.18788986122655,0.3358346692585883
341.4327544435455,0.01909211786130527
341.4327544435455,0.6957730025734463
372.76490255482094,0.3256638700918302
372.56854942935786,0.06434382219572399
365.1269034481573,-0.30808224202723977
348.3716658347186,-0.1995255736010222
346.25835445146913,-0.35655789630925483
370.30733656153944,-0.005217952009388682
372.63783132877916,0.11146937766568499
352.81297101801067,-0.5185501741368626
349.82763928901454,-0.30288959069775956
362.2249743445629,0.04497808093151434
364.59200550544426,0.17078319289294086
375.6638107291664,-0.24648359915852325
377.23622803791994,-0.3730355470019049
384.2915870469667,0.37129302935238684
365.9214466838775,-0.2236075595164948
358.0707364411713,-0.32210042386418536
358.0707364411713,0.289700104580902
358.0707364411713,0.3188861455165579
347.2234446418427,-0.148917785962567
364.0558093012149,0.8982910524678118
357.7145215193428,-0.4036474242236636
332.01298142227915,-0.14779210254937425
327.82698965043005,-0.11853958221729499
331.36535005729576,-0.21213371951648696
345.7175490182275,0.1362902100250949
349.25083064934813,-0.33398843540123835
342.09122571735406,-0.128879930138055
374.1605971120503,0.18307474620178255
339.0006859053581,-0.20586953155373067
372.9297856854385,0.1330343601034656
371.41327355363256,0.14370757195376882
394.44781714072394,0.22114287510521535
381.3448876342473,-0.1479709949004473
365.5511406646618,0.07661140279151368
371.61498272524375,0.45549860954008636
379.808490720223,0.011351962251296754
361.1067181292847,-0.33667162311007814
367.4733390723908,0.46127952718939014
367.4733390723908,0.31945233730732525
368.7524727258998,-0.10151994864577318
375.4243222175502,-0.058846413267929165
387.68319851888674,-0.2614471261962308
350.9121244099645,-0.24521420162579943
381.63934818103456,0.5827834542312758
409.99088623922864,0.43253931526157885
356.9343685772884,-0.4607048935866942
345.91103664901607,-0.1113924960653776
327.0228699318395,-0.18033108519102825
343.1547931324032,-0.1067496106066983
366.3634661370608,0.3757434822105097
373.2984975015218,0.10202010982402498
341.85531415711046,-0.18158981031751864
343.38712959439613,-0.04543227932663285
297.88928233616735,-0.2241144321282036
297.88928233616735,0.7005838372331255
338.4469194645754,0.43204386144634555
362.94729291533173,0.2756965430595528
387.1658264668729,0.35884074319028514
378.7602289544242,-0.27818901425541753
425.32114620658064,0.45458911473963326
372.873635549565,-0.7359071103871884
348.9695556704904,-0.20861261373499929
379.3971730328976,0.6000700195735362
364.78113915769154,-0.2728420535885334
343.99487925728545,-0.23467923934219925
340.4086465485927,-0.014525290655114986
333.36590769119243,-0.43787905404440153
333.36590769119243,0.27660609938448033
330.7120487008883,-0.22943253506446126
330.7120487008883,0.4721945252574642
325.1516592430214,-0.10987522527125293
325.1516592430214,0.3884520659844384
314.5495796334722,-0.015831576349000898
299.2744115042493,0.048467734200585255
319.1422329741612,0.12578848411772015
333.9262233023326,0.30557286561008823
334.40246909884246,-0.0681933249541089
334.40246909884246,0.3598759560685494
324.48112684415287,-0.23391596382566604
344.36956189579723,0.28448079509792024
347.61937801195467,0.3860404718618611
341.8630950547737,0.09992371761666163
354.8652137125468,0.032367860922363434
347.9843867055697,-0.20310993225712082
340.1611102611532,0.029916926251758014
358.2846002008156,-0.22624121775879757
348.93307162951413,0.0029586154463459025
337.7314567906087,-0.49611881284431547
373.5289313608737,0.6341447205987834
363.50968538216483,0.09051342801990359
374.16320145574866,0.049596580734032614
337.1489526574765,0.29492685437674027
335.2587422464039,-0.27488259378196744
330.6999080984928,-0.0645036831407424
346.36913708463453,0.23097918148130248
331.6704453425787,-0.0821176879428549
331.1081052261485,-0.3434643709089187
312.19648057431897,-0.13958920278821552
328.22634570191053,0.3639309413401861
347.3353530885779,0.10697729304934
349.1590430066892,0.010871469744415663
342.5866184918145,-0.08117050698035655
342.7058343756233,-0.17104066129218154
337.58707688997845,-0.02295594121846989
373.1607415611586,0.39344280764976247
330.8780892425574,-0.5060181103186778
363.32083548211796,0.6974154596102835
361.72942788908875,-0.017422835029265116
366.2994266141886,0.1329904937658739
354.0505860478372,-0.1761026957588001
331.5086153016672,-0.34999849523512694
331.5086153016672,0.7350087876016005
339.5552970662511,0.11599871888142843
361.32146115683406,0.37643395398833945
365.25411376285683,-0.03494257313968774
342.46988958072546,-0.11422381065108311
372.8447066706181,0.32887082981005733
333.2351186873834,-0.6214708839017931
379.70507957827385,1.0007026870276832
365.3047282466199,-0.7141967577497326
365.3047282466199,0.3564888830983364
339.8736015396323,-0.12576009896724827
342.2744220552541,0.06272387552132841
305.90394565849766,-0.17390569569295167
346.4872800794062,0.6569449522065725
338.02127641295584,-0.46387785860781605
345.2419324946381,-0.12913892437768482
338.1264362721322,0.2177123763462987
338.1264362721322,0.39589222453582806
319.3907355328897,-0.10640234797108405
319.3907355328897,0.4739571678849188
319.3907355328897,0.574703120598997
310.2184229339788,0.10565784736286332
310.2184229339788,0.31891172441351046
310.2184229339788,0.7167792548473244
334.2538568354551,0.34444569824268
312.72530678524265,-0.11649391348714744
312.00695609683646,-0.13064893938621935
342.52201959701586,0.19098075908675582
345.58568643275555,0.05818528660847733
358.49908531862417,0.17970775089463586
346.8274944293569,0.11040650489155723
336.5000335947835,0.14403579520228504
336.5000335947835,0.5312877016305038
369.9705005067387,0.46393798993904056
369.9705005067387,0.18319965951150152
359.45432573544383,-0.01580825262340113
337.6711427984203,-0.3117248667418835
341.1388800179379,-0.21251652793921494
341.1388800179379,0.4058826191268281
386.59750871157644,0.4414124592153712
351.5087135069234,-0.4485958169815376
359.054364985276,0.4454570379056122
329.2228801439258,-0.16046253939828148
329.2228801439258,0.7044906574515153
329.2228801439258,0.9602397472549455
327.48499001901075,-0.19978852486428877
337.1587640423624,0.25355969481722695
355.7471769839482,0.18282307240735918
360.682010597166,0.13937990030422043
348.92567443022216,0.0008619770195537058
331.01185407261175,-0.17508752630897106
331.99208423124674,0.24048913700619323
338.1969817860013,0.008617786109539338
354.03212685361046,0.1590874103395663
348.006473808381,-0.05919977819962696
360.53875966988954,-0.06947994105007638
343.20506166361633,-0.36252849851314295
362.05226637148684,0.5742987127086963
353.64321685963097,0.13929651774333252
380.05282046665576,0.33979098164320476
358.02259405238806,-0.28087394824387957
358.02259405238806,0.5751336674313734
358.02259405238806,0.3030452199957381
354.6632135489277,0.18698805691826692
311.87919195837867,-0.5551000889397528
338.7306783459574,0.5672616236108752
323.97624370006343,-0.12451783367714597
323.97624370006343,0.1393307168470983
309.53866622357333,-0.11076062479844495
309.53866622357333,0.16754610126361058
336.65042728188297,0.239827989890955
356.0845736286568,0.5016886118995671
329.7227810608123,-0.4257036411554509
341.76442111128375,0.16404177974209233
334.8667535054101,-0.26259958321065824
353.7496875997301,0.17865576158033036
321.8913537349758,-0.12411548860723087
320.4653048829514,-0.37314005647101567
306.5067802452017,-0.24666892983975686
324.4049848668515,0.24703579624315353
311.1073595652921,-0.13297517199146114
319.4167092476667,0.06385964427545332
336.46220241526805,0.38579904734763204
366.53489952429015,0.25070735746101036
332.37363125100086,-0.3273855277457187
312.78656911251073,-0.10963761175878517
325.5993198910368,0.2027459923006063
325.5993198910368,0.5307719934667148
356.59543237183664,0.2672577392988842
352.39866097914245,-0.3503465181036063
326.7593171903655,0.03856105880322502
300.90854174874397,-0.46045672862555875
300.90854174874397,0.8159122206575375
320.17605289932504,0.23613278409720806
343.5366120302153,-0.010441897366717967
354.4329631134995,0.08149605906430679
346.8895675839203,-0.3769890257216275
344.91136826223146,-0.09532730365845055
370.14155144394425,0.4134011599345513
369.0683519696424,0.06897425260251566
379.4045947192052,0.23893619005991695
342.4040745132589,-0.3672897701309239
331.5660221103489,-0.02957556871081124
351.27438474453743,-0.046996357837883806
333.70087592035355,-0.11506990209181822
333.70087592035355,0.5059917713108462
333.70087592035355,0.5168731152671171
310.95819193377747,-0.4193943460071523
310.95819193377747,0.47886131998484416
316.95709731117597,0.09759049636011241
341.82423731098976,0.41764877457615057
347.1770432347194,-0.2129255063975961
369.4576782273492,0.23607668514887337
350.32194743072097,-0.3093772811038207
350.32194743072097,0.2844652043293081
315.2779201795704,-0.2433345554341031
334.42667534460605,0.3164567743050384
344.9048116994003,0.3908255128977771
360.65046038171914,0.025439083863375345
360.65046038171914,0.6699862961397685
392.99239640449036,0.5333289165635051
338.4480910603936,-0.4926782832143317
345.7462153166559,0.05763424891881641
372.68518168716724,0.2507900961965106
357.3299112917022,-0.13603494231927016
382.5580867083902,0.3083206698604499
379.4815421885842,-0.008588027957557642
374.2354370800628,0.4527517022107759
356.2140479923735,-0.44456253516364086
336.6639432240615,-0.2053863524793087
336.6639432240615,0.3206862503074035
317.0954936146596,0.2085601873932319
315.0255132222711,-0.13144612751079876
328.8713927536131,0.10420835348634228
327.7156554967694,0.2028182969864929
301.48726038046505,-0.5036217711426616
320.9755303715464,0.18012203547073113
323.5388204409272,-0.22718536056618177
349.31584274955526,0.5795340330980707
349.31584274955526,0.313935360034975
321.05094767429273,-0.32319399564551077
341.0448084387834,0.29346455850293296
369.3218016977861,0.3926647180128384
345.39581963209196,-0.26662543991335497
339.39669177423514,-0.01382650576715605
327.01543899237316,0.0996295595000447
286.15183842500704,-0.5150753464298532
291.61804290094733,0.12076953471705565
321.23412137466914,0.005899596396375273
333.887053470513,-0.003015278292423318
331.2411187773024,-0.012541746351075744
331.2411187773024,0.41817790205243455
344.67703166578724,0.22439017735678135
351.79470731929877,-0.013988508309921599
351.79470731929877,0.4023481061815346
348.34986018589177,0.03273499200122387
348.34986018589177,0.26035469529233524
377.2621991932841,0.20381175256625284
388.68345250321516,0.09740725085941904
365.1080615964705,-0.40573342756465536
363.52695529371397,-0.2379697516980741
363.52695529371397,0.5886995442251646
384.41514236452883,0.16920975712287145
385.1475131204234,0.056084917007410695
371.92138104718964,0.06933095168835735
369.43076047698537,0.04962321638299727
391.1310743754255,0.2463563820588206
388.75182113616745,0.47183721696546854
360.5752400314533,-0.23863394169848107
358.0693953125138,-0.19817476290734248
363.31665374541205,0.032443357066654244
350.3207469465212,0.27394623040333954
358.70346195719225,0.21221875725177597
339.62494779952743,-0.35345430489132923
352.9628225369264,0.22093066696038477
349.0553659583506,0.03669104999926276
355.7644165173234,-0.1981832851395211
355.7644165173234,0.1428770537792161
371.0168865898623,0.22484526179857767
371.0168865898623,0.15452339749117527
339.0855872281805,-0.3959299447592457
351.98117070344307,0.055636658800722216
356.0846258077129,0.08825998029010407
360.30605994843756,0.04154939424370241
329.53129559310656,-0.05935275322781308
329.53129559310656,0.38155609383170486
321.8579339589226,-0.13512172042260318
330.0774205125797,-0.01560583228865653
319.78280489811436,-0.1524616501167202
313.3261975809032,-0.07868115814869725
329.7435799116506,0.13202169207022507
329.7435799116506,0.3396971906292947
329.7435799116506,0.41191066330043213
367.98949401980906,0.7366218091722203
332.57042267042056,-0.5663641667131287
345.78576609674104,0.17390453436473763
345.78576609674104,0.295500956815431
348.36856284966285,0.16182929779915867
370.1307683398771,0.19437258232505883
358.25666303561553,-0.2900667249998605
375.501675630985,0.8516623381821091
351.6334363274865,-0.2630920327529793
362.26376881801474,-0.15450329275358854
364.3285962762719,0.3931089588169243
356.6394600727105,-0.05176582079002401
387.45429426530416,0.1479165850805657
391.75775282642684,-0.02062320601464762
377.7409918144363,-0.17025163132689158
385.7866481421612,0.20918792509803552
381.22606921084383,0.022631701651107505
369.428854929353,-0.18026323586559556
347.94107549249696,-0.1410984344068993
369.057992332929,0.16570265602058498
347.544814878134,-0.09962776472707446
347.544814878134,0.06935701959525886
368.89733248070445,0.5061682283422897
382.17284575873873,0.006002769386441287
377.6973891747812,-0.13180624333836022
377.6973891747812,0.4374475594352134
372.45057833087935,-0.2854383332596626
353.08197576930684,-0.14997635301176615
343.25416348048844,-0.14732353738099846
346.96068966714876,0.02732605003802746
345.78876674813984,0.09168835475588821
328.07860562038104,-0.10356579511915243
329.2123439439164,-0.09428808056702564
329.33316416448366,0.113184624963651
337.9321621624037,-0.2529500111967309
339.37037709400084,0.2513296858045351
345.5764659930121,-0.04299186904529506
350.91193396945476,0.12656377290397813
347.1839840643349,-0.08380274722298964
329.46726783675564,-0.09690443875854271
356.77533288186396,0.10504033147117298
359.15121008852464,0.4485446205877679
345.2570544153483,-0.4905542384057071
360.0614884517412,0.13793928169968694
336.29577843404286,-0.27060858307220315
336.29577843404286,0.33033913842007223
391.03829533379155,0.7599817341214248
378.08883375296557,-0.3343202349240073
365.2362722074281,-0.1037691653237971
335.6093232809195,-0.18536672354923667
337.97035668543197,0.54593719845127
337.97035668543197,0.3124577737993377
352.49779287864567,-0.10016592250440226
349.32190476969237,0.012604957361986635
339.25048278767264,-0.33889809482138844
354.23904669110607,0.5160758166801998
351.55243955850204,-0.2836218557428083
316.93734904033397,-0.5557681582430405
316.93734904033397,0.3115627820284317
303.03077240122417,0.001975979461121824
325.01124069693554,0.20867740268704438
332.77130659932646,0.1520826208593462
326.52280307582043,-0.1834184451023475
335.7408807528024,-0.024109628078122114
335.7408807528024,0.08975249096920379
328.191065372596,-0.19117360757536517
320.69707598269036,-0.4888374359007912
319.72816945688083,0.5543543384765144
345.4802297345465,0.18201611002689333
345.4802297345465,0.15723073698109147
346.23962784162995,-0.04164496195983247
346.23962784162995,0.18216817543259367
309.72766357695576,-0.2541040849612273
347.93776662702174,0.29534789568776887
361.8248069951456,0.30964417983864223
361.4551882133514,-0.043309491756190255
345.38642835541015,-0.052790128356718924
364.2184045598977,0.5109886669335992
367.02545560416974,-0.11520479432897446
379.9533225785117,0.02105776422672534
391.1818843521753,0.0572962636417742
363.43245670713594,-0.28603472082249937
356.7835725659155,-0.008534220347087285
390.46059392845183,0.3805489327776286
346.0852065101302,-0.721565137337393
370.14941261436104,0.1620699781934718
343.3463001985222,-0.06235009693364191
344.66109500353224,-0.010635949514835374
359.6606632113745,-0.1892266792663122
359.6606632113745,0.7880957641220903
348.3355937056604,0.12280467645973658
353.10960824315436,0.16660561279672947
375.19350023669904,0.4316239486165614
345.0389103293711,-0.6304803638136036
323.01806181283143,-0.28273379242159535
301.0013518116165,-0.27064466327669834
335.2049755564176,0.4369817356460999
367.1499977226713,0.30147731619047136
362.746062979804,-0.11130934623304256
350.2748981127506,0.10991868894336676
329.8070696194646,-0.027214173417405618
353.3979259671888,0.28629018244521376
357.2939421072951,-0.016671235374246862
356.0027458008324,-0.24848414407392738
347.88942709604373,-0.26868169616454907
347.88942709604373,0.40313701258219226
351.10837805262275,0.19077497870648585
345.68384661136645,-0.20357620151457922
367.1292150478681,0.3797034725901085
351.6426944082731,0.07278171325697258
351.6426944082731,0.6693312577593815
345.36663177759397,0.18007861002979553
311.6528580676007,-0.16476692601293053
291.388685119315,-0.4261350911625641
300.5774042431773,0.21014765230734156
308.52604997455524,-0.11517274744630868
301.1864397128804,0.04976318180092676
347.12834541519857,0.5082145040263413
347.12834541519857,0.4702098795071379
355.3211992255923,0.17208264074145063
353.93479299959796,-0.08865151512645753
381.5499779251001,0.7675486815790009
378.0394040183308,-0.3674679579565918
389.7741621394201,-0.03146945190746919
382.44927274372395,-0.004815717650672013
371.21986518299633,-0.49533249062915274
352.16021845100863,-0.39835929472883436
347.29118744447544,0.14938206392037046
333.284800538711,0.23832251288217776
316.9888893310634,-0.4889513628321538
316.9888893310634,0.136135067178202
324.56882333989046,0.11186767309095558
299.9980120255147,-0.08054566393570894
359.34671707761146,0.7401651361719814
344.886926600569,-0.061478344964143616
341.78458642162747,-0.006576388290000068
341.78458642162747,0.23072506761604927
328.18335503330024,-0.23439777736075484
341.9328873776377,-0.03488529543119512
390.64482461867175,0.811698326703663
376.31767989451606,-0.3669719045686861
359.2362500431781,-0.01823302993989273
349.7031512390172,0.04805678847458239
376.4170261770948,0.16931030508408185
372.7500012455024,-0.09477663960524296
340.03769942434275,-0.27585729176496443
357.5366631571429,0.025651516865195845
351.15759698401484,-0.46775419614334623
403.1992262320413,0.6221329572530294
381.53185952404993,-0.2215373101107616
379.62286598206094,-0.042891913471294174
412.8819355959259,0.6484892692282074
385.7694606143261,-0.602894472326625
383.0229974021418,-0.22178449937268851
386.2707938412246,0.14777545398419534
395.59162162376566,-0.26203103398256644
402.1364678607422,0.46266498345494256
380.8792104765897,-0.24931656612250208
397.26768532916935,0.17211809023638125
381.1523661740084,0.018146001748732488
359.64536659741134,-0.3026320846449835
352.71868536278015,-0.07815085862364413
348.0331419208964,0.020176838461338775
337.9016641795832,-0.46371064461459355
326.5137760235233,0.43601844720319605
350.52945539253153,0.1512608423687425
371.857238013585,0.3551372216231812
388.4128884693611,0.2331929115910043
398.60223214876385,-0.08558499413538811
388.1839714755191,-0.1744527207356441
371.93464279875207,-0.1862146473597477
390.1726552580386,-0.05351266344598571
385.03856587206366,0.2095996845683885
377.09947355303683,-0.3947656843472487
377.09947355303683,0.06450375861913926
370.08745647460955,0.08538258502278495
375.6784573721947,-0.14844998403191312
359.46546740403534,-0.26420115541338873
397.3844114592463,0.49929549930038775
373.3142237394631,-0.09907665642003849
386.42962593972754,0.49492166968934725
378.48851252218964,-0.3402078236907755
387.09082259474843,-0.14586085218252265
391.5503983087964,0.20310853677824525
341.3971860359333,-0.735288696531029
343.4382561527524,0.5062599274534705
343.4382561527524,0.40083378165741124
341.9357873059944,-0.24276558848282548
344.33824586417234,-0.11383761630531808
344.33824586417234,0.6616084701073532
344.33824586417234,1.0285226885525844
343.96362980143715,0.15433074542875147
338.2994683934247,-0.042382217383647
338.2994683934247,0.7639586238591392
379.5969994997471,0.3773373688541142
386.7403471284261,0.38468988109707425
373.83262991235364,0.11095638663312002
355.1976209837032,-0.6693522064439321
349.4087738298184,0.33013664054624314
329.8998038716234,-0.44491334771998936
321.7867176239095,0.16301339948790883
331.1528077241013,0.09820404130846327
357.43625974457,0.13298095246659614
357.43625974457,0.15446696781054925
342.1661608738904,-0.19448849485718256
368.83608077922355,0.33005724298288897
391.5106784386311,0.028630386116674345
392.5264808571579,0.21200376096010132
383.1887871533998,-0.22028174837987535
390.7071195365398,0.33365185141565235
379.05861136037623,-0.011395159760695606
386.32563751623667,0.09254824627737435
378.27880756084375,0.11822401329641252
359.3255970702415,-0.3125347612560745
359.3255970702415,0.690934727135982
400.2281407216618,0.24505608066237983
384.66686535040606,-0.04998610241932511
364.5480788192596,-0.38722412587037525
359.5784765932326,0.24941171552382002
369.21329119408006,-0.09908217015367882
346.03747353794796,0.06532391136352089
341.8894507629866,0.03946550852265318
346.52507853014555,0.10344609124524595
328.3812427595449,-0.09008624379396224
330.784941153654,-0.540991996978164
335.63434972462017,-0.014628461965799033
335.63434972462017,0.4940338896238927
379.8046407753632,0.34339930303042365
375.29399472976127,0.05677765373297916
371.01226322112063,-0.04466811314682673
370.0804257755602,0.03870257563244195
346.18840358416736,-0.40461666509679617
354.64272153632606,0.06886866121408275
356.76343009946277,0.014268864037262574
335.8121082313846,-0.12650479234696377
332.2696323651042,-0.0975636546457963
338.06281396610086,0.03704990631149485
338.06281396610086,0.46887668857175413
338.06281396610086,0.6763807749682655
329.670484319385,0.020793753003772508
323.72983022772877,-0.12660751406929194
330.32871925934245,0.19217159094864655
324.2968696364311,-0.08264835517036317
323.528154867402,-0.10911237284426534
337.5131171002096,0.2021827055788208
319.93929064088053,-0.3114640275300644
341.7499430339715,0.3576100788097847
343.6651968281373,0.3189134668730276
334.575728854258,0.05218491483776688
334.575728854258,0.19740863106892448
370.11284674549466,0.3796791172267149
331.8485200262389,-0.3667208765198211
346.2902592249313,-0.42946617703660195
346.2902592249313,0.34359039746311737
332.2811460048395,0.1950172249858042
336.0049526017853,-0.23235629869850527
336.0049526017853,0.37869233200467534
357.84453032297273,0.1249726061785168
343.97755703022153,0.06410983901082545
324.1106023036117,0.025152300892500534
338.9265259239127,0.3731534580808784
328.33656085492436,-0.10190946373563747
346.5693362720964,0.022277779890373495
338.38974497789167,-0.11901302614205633
323.13346911532386,-0.29345896099130186
331.83447191385744,-0.1995095256396553
353.67388523267687,0.3351660280377473
369.1367939225456,0.51603843660439
334.72089642766775,-0.9575433911134041
293.26211587724,-0.14097608022905206
331.6665539700562,0.3582069265426071
352.02498648659105,-0.016275646944791333
322.9549273798529,-0.42897341657931065
340.77430499847725,0.11551214611449723
340.77430499847725,0.8020885653595542
340.77430499847725,0.6823289045557885
340.77430499847725,0.5711838663021354
368.0688773533798,0.5720262820761945
345.401345932971,-0.1676347871479038
348.54674980043586,-0.2402996134313753
359.59982275342213,0.016471399141892107
331.9269812726128,-0.033967617089388114
320.35089185186325,-0.3939442124934658
354.727110107741,0.4879886348683158
317.1960374075525,-0.25244063919990367
327.35912512570405,0.3327512509204098
311.0950179359208,-0.328631595202296
304.7026360879431,-0.01729934435991254
316.7602074510597,-0.07447411357657074
325.66314107441605,-0.019615676731064013
328.93482482256076,0.1366442977814586
333.78647806745386,0.017391295817560604
338.6850993459341,-0.05179368217159208
328.0875750384836,0.026694081090226973
328.0875750384836,0.3425905746581748
343.40632800268185,-0.06258052813086579
343.40632800268185,0.3276662591056265
329.82451832678396,-0.25961044406165
321.07292467016896,0.06530093743822363
318.4261230973038,-0.009906041126328091
345.51501036661716,0.2971665477799661
358.285831659716,0.16852290494659883
333.05783268695325,-0.11724826160468638
343.92049957071475,0.17707424196419197
375.7196328189227,0.09447105394542632
360.96932816833873,-0.1759674531476776
340.7163554499272,-0.21287538786668847
340.7163554499272,0.2991116499413238
340.7163554499272,0.5069982609380759
387.52999466608924,0.5628102243290414
386.59946317430814,-0.26112900226894453
330.4291576817152,-0.28284927520667225
316.78306070341097,-0.3124678503377254
316.72824905207017,-0.01166219253127565
316.72824905207017,0.5359240757870793
297.61699564026884,-0.2142288522693434
292.45465427678977,-0.13491568406846
313.4373527485093,0.31529517932926865
313.09421104890464,0.15506104073131155
323.6666019407668,0.16920415315598802
325.376201310501,-0.037425001931865154
326.0257864442358,0.2615026445356534
327.1579159610888,0.04969130583788228
344.5183331614736,0.22207373176149758
314.56425284904327,-0.6013694497287361
314.56425284904327,0.3581385354032136
343.8443779083319,0.3857273932468388
318.8542375053114,-0.28774739897346535
337.5338645001477,0.1013376607572809
337.5338645001477,0.3742128792848689
331.1984919427562,-0.15832209184463863
331.1984919427562,0.3314971127761055
337.2877958206863,0.23660137987167218
387.4022849671553,0.8178862129441313
411.7240410482335,0.1971483036581958
361.1394743485753,-0.35063700921352847
376.7350855221971,0.053655036069699236
370.5350467284723,0.033080614415780474
388.7739508970903,0.19901730635592685
352.56486866709565,-0.29070920004403433
338.0311248068572,0.020638149782143955
347.0640658450608,0.17433682129956196
370.19313655197726,0.20678537682772458
325.4100975557427,-0.5952514634080899
332.2981421663197,0.11055861751492557
342.2787499353617,0.21210901938377447
366.4367328701961,0.4996034324019547
363.4899083298746,-0.3591798668376214
377.5336734354314,0.39354929363946667
386.7962441938472,0.19919199199921422
366.2807403922783,-0.07518744663400412
360.40116990954897,-0.16618190747567496
346.20557610056,0.039923621140928844
346.20557610056,0.47264427009167775
348.1756921365865,-0.32267734433571604
348.1756921365865,0.21255657347683155
365.5013366744961,0.1562385291578039
329.34444672477025,-0.6178142646647302
297.45688108049495,-0.2897361770430962
297.45688108049495,0.47029546382543685
318.937607995764,0.4127600117506063
338.9972006956947,0.3804590052008052
348.18860033746415,0.007571836217380223
349.01376590184043,0.328833790792487
395.59968016834574,0.24217418185412498
344.95387545312514,-0.6400866356032111
360.8415142355058,0.1701099817476006
359.66311963460316,0.017947892104189123
366.629459607282,0.32766067717454916
399.1069151931807,0.07911192821404711
373.36572697600485,-0.37837782188159963
385.71158731869707,0.17364051900062805
380.2825605877384,0.3564753356553183
346.0365891958245,-0.5554880905594928
346.0365891958245,0.08428409888551869
346.0365891958245,0.17680808153170346
373.6353042542518,0.5100179411708723
357.9067823888124,-0.2330865843407537
381.4107643248677,0.20803830189959172
360.33059432029614,-0.07620361995600433
385.9313488962348,0.3133374427486615
392.7671655785153,0.036405293085181256
368.1805915348646,-0.22303957483654813
346.88146994134314,-0.42339559751144407
369.9753249195369,0.37326694936677995
369.9753249195369,0.21541316925549836
373.79640127657024,0.09904814000469742
377.4341035374193,0.3148622906710443
390.7067007769096,-0.0770073712183148
380.4609665745864,-0.3268345766963421
380.4609665745864,0.1766306630534018
380.4609665745864,0.6966826767672956
373.36093873411835,0.020825429064302625
372.21215721297364,-0.6181608690573057
355.79869069322353,0.02042966606200025
358.1718507738164,0.1217340173698176
358.1718507738164,0.07807432978029283
349.19722646039077,-0.12724977451637187
342.45576506220664,-0.1787051518934959
371.6826328286512,0.02270048948685144
371.6826328286512,0.4206302884382467
371.6826328286512,0.22777891778662251
362.4705011750866,-0.1818632003512448
368.95263787940024,0.4299230047020046
361.2235074906059,-0.22190130082935866
346.77707424666204,-0.21965277683352724
353.8995558653666,0.2837452316116469
334.89971015768367,-0.37122066558890765
334.98100509499517,0.0370607626259698
334.2876815184459,0.05673722020083005
334.2876815184459,0.16954901763608632
334.604939572574,-0.04002419946345981
328.58021175034037,-0.1405440187854765
369.4808517138846,0.8983216407771124
356.8767807323172,-0.8124220157392301
346.0925969070323,-0.03977886858729107
346.0925969070323,0.5033977829200467
296.6918636808603,-0.35406056235876804
296.6918636808603,0.38597822029032614
296.6918636808603,0.262339367379127
296.6918636808603,0.13499325952125218
296.6918636808603,0.18396642508105288
296.6918636808603,0.8694451739132774
296.6918636808603,0.7239539839537201
357.4688613621868,0.37521762464518815
340.1409722651357,-0.00761720612820227
339.1712759079492,-0.035778607438260224
338.6206741374377,-0.20409765960619097
371.32045553234906,0.601287149683003
363.4242550380901,-0.16936301452938096
363.4242550380901,0.7313975589499933
375.2523960182045,0.3121272058157274
360.4609865113313,-0.20017572466485944
354.31307351857555,0.15263582236980255
343.73371175120883,-0.009456732812054724
371.9765395010073,0.43362843581212474
404.81372740643184,0.5573629017783333
388.6303674090767,-0.08116212812933554
407.0742773612035,0.01783841423366539
369.3835129224795,0.07483039019268745
369.3835129224795,0.17880983951260987
357.95390808076706,0.07144677040218994
352.97902212727234,-0.2796508358826486
348.3380188281076,-0.029355619327134264
334.4378259193787,-0.31738160837062424
347.1677727405377,0.23424923205038795
356.0708477390778,0.21729976190420075
363.5292110223453,-0.03990552581433349
363.5292110223453,0.23410105137827486
371.3694854214298,0.6212613486499095
346.16098615703254,-0.4751213019661691
346.16098615703254,0.22766717751426313
342.42773843746755,-0.07278356232711758
373.2280272984332,0.3340710297286478
350.0460300074256,-0.1617918079427909
366.0435670621814,0.44913975927249794
362.67142415322843,0.04173848529433144
352.14497406962084,0.2781784013352535
339.54903520043143,-0.3909078559977388
312.64885768853384,-0.17339863931886157
312.64885768853384,0.5357379866695737
332.68608278794335,0.4255917367679558
336.42782823148593,0.011556427040545714
335.13994879398166,-0.26860222415484714
342.6674779772746,0.08861662226581757
345.2250634003476,0.2601211977304274
356.67636991740477,-0.04001213231606471
332.4210677511017,0.05393393100666799
369.2823476619961,0.05038586632372244
330.0823892987378,-0.5235301215628851
330.0823892987378,0.24385456073491696
359.50752286937177,0.6345763501684587
359.2634186287658,-0.30816301942081736
361.86916935779664,0.07392063758675249
352.43795415930254,-0.5012547410943853
406.6269633514618,0.916527805644705
363.7019844508226,-0.6587655739547245
368.12868851080617,0.11652681947066412
361.9039415602425,0.02306759901057376
369.9351529963035,0.33293002215987144
368.2902445203587,0.02866245497739328
372.13637211655936,-0.28547014851756103
362.6085496219853,-0.05672353035618016
339.6894793346556,-0.4995826263004801
348.02667818874954,0.288873238749602
351.5248544573541,0.08403965707066163
341.2875736515837,-0.3489488682702131
349.10915067707674,-0.1257779356295714
369.3785198509323,0.21582811993039286
343.3294367613009,-0.3862571746867616
364.99593330671934,0.3453833550267973
351.3738479924456,-0.32245843707198674
341.72788407679474,0.06575973617702857
338.0626225612643,-0.31736479457492806
355.22651231831514,0.17614351653310223
328.59391725634396,-0.39798281848516126
348.16564931118654,0.5190201356508624
361.56298148221856,0.24936186310321773
371.02489437645005,-0.030787765635409414
367.4617003704909,0.04512044084356148
385.82432661729234,0.5105509540375124
374.0925082534318,0.3387307100917951
349.9795209000082,-0.49131060352101485
357.3613980946819,0.08672806795368615
367.0402232081829,-0.16311410523007908
346.43980658793186,-0.021899454616345793
333.087114010543,-0.44268021168420546
308.9639794325196,-0.06496837659017274
322.0411929502009,-0.03700686880597459
349.80435453305535,0.43051869145529054
364.9151516720566,0.16243874946076176
348.1961159843128,-0.19201613900850134
348.246245773335,-0.2813894864283384
375.54695696327417,0.4712235721584648
380.4252659489968,0.22550846934200308
370.3574594681451,-0.23481506490202264
359.60171690661207,0.0367681763281098
399.016651434959,0.7416043587440981
429.8008581619154,0.40599153045695857
432.6677168890453,-0.1373547319417412
417.6419296711375,-0.12622209973028475
412.66528723493207,-0.23879305205025503
385.9038491932376,-0.08074882993491883
370.5263410281711,-0.40032398085281784
364.9513760066477,0.13446071507314628
341.24848256610784,-0.15120498357873657
360.40360516271886,0.13535028998080634
363.9522514531909,0.15992077481269007
365.51644872321117,-0.29004080674042143
356.1634163049589,0.029806958951553497
356.1634163049589,0.5591983097309594
362.31797790236686,0.25375182853599654
349.9857066866838,-0.0840957828579576
351.2034361738987,-0.11855282637634446
351.2034361738987,0.43849665048196584
357.71208108918717,0.010810715440925378
357.71208108918717,0.3550431080100225
359.3751195411136,0.03116682416793992
379.89791403129,0.1372061428270399
361.86182777951853,0.013670571405214105
354.2934295001743,0.27418084371117857
343.48553690500125,-0.7861055058284592
325.5776859404583,0.4944234165149055
341.41756102709576,0.09120244088808249
351.44155711721226,0.06595761771097841
351.44155711721226,0.26581384899111526
338.04343940699795,-0.038829745950351935
339.1791242486458,-0.012472066244072266
325.8668497205175,-0.03713027813591907
343.1434953724743,0.2389305051572137
343.1434953724743,0.16976490572710645
360.4231913486876,0.23578623741036608
357.62217938015857,-0.21377940977129128
359.34595336133907,-0.053988984531429196
340.7630892732448,-0.5912333789469812
342.6851755895124,-0.18092576289041062
354.0400914673865,0.17140718985092462
347.53962613253975,-0.3596709044639965
338.82872363857285,0.04292805253703591
330.07568176968346,-0.028075899638679402
330.07568176968346,0.3225642656900618
360.5320684704717,0.7018995271381527
343.63956630415674,-0.5256541230882021
361.0489926989063,0.33065069767349087
373.27264175273046,0.4023867472629945
377.3858425869585,-0.15179739949621762
355.98004475434607,-0.3978443360651909
355.5253590818027,0.11509014196656153
355.5253590818027,0.7083047778824039
339.18432431342603,0.1849096086142481
355.8261032197648,0.12711232721380838
369.56562429540134,0.186595531533726
358.64654356190476,-0.17288610698108187
337.74409489661616,-0.3026434285046662
337.73226066253585,0.2616282657161264
335.8506399031204,-0.09212517068931447
335.8506399031204,0.4374073591263823
352.1524917950115,-0.10466553803826173
354.00463756497834,-0.08983346182481
332.70043348948485,-0.2336649763292371
346.5737787733613,0.564882337231893
363.03570452334105,0.10566252781666208
363.03570452334105,0.3638640545796079
343.26425151818967,-0.18341788328211805
342.11310753605545,0.09836467195032128
327.02616867783945,-0.0721306938168027
347.49225542237485,0.49908181879095537
354.4339434357606,-0.44908842106940483
348.73918751727666,0.07288300795562463
341.2855163729896,0.3083968340131378
367.02574892312623,0.6287267181405696
372.24127489040916,-0.30352277242059245
317.234768771755,-0.7157861599074522
321.4643802650761,-0.014409034915843222
375.68789954266674,0.8431628784826444
381.50213721532236,-0.6000605217395787
354.98850116444095,-0.09537776316346935
354.98850116444095,0.33586572808803794
353.0251525137925,-0.22037973192277605
389.106827711339,0.6168863979230537
347.03061070059505,-0.3654488293993836
367.3274460013552,0.5822080984762579
345.2678559075501,-0.5551647755576141
323.0221404242972,-0.4208366432416142
355.87976693367267,0.25244082809501833
365.21920418182134,0.37831972516369206
336.30665609682785,0.019133471703071336
365.59243327883564,0.1864072554977838
365.59243327883564,0.10634900494858357
337.75351513584826,-0.08159562188575364
337.0872258023322,0.19240292165432038
345.37511255324887,0.0806660625423774
368.1122828058294,0.036543087667837426
338.50034332227887,-0.4409001433782578
358.1565967244444,0.672754257546444
361.2485315799171,-0.23503774215726025
349.97947772630954,-0.23208450492847987
306.9587866386435,-0.6271934671414101
346.837392051885,0.6620910288363575
355.2279877178945,-0.20807149449672124
355.2279877178945,0.028800824804534386
358.21627459999445,0.0073914560372259075
339.10566533348464,-0.13347731440489952
345.9304669160385,-0.09501959929434634
345.9718774458353,0.09937253988709926
338.7048606766538,-0.37287551901295046
314.9050630255072,-0.30347024442812653
332.6956065234204,0.17273982316214642
328.7044410548457,0.2157808548927278
331.8581415670968,-0.16416573570882065
345.57255824740014,0.10428974382602973
379.1250014510536,0.287994083934791
380.18874560971216,-0.040411112393712756
377.6586392778492,0.20478613807085821
347.340915136192,-0.41094009828566413
351.4975435514841,-0.16778101159411563
368.90457554877014,0.5081018885177855
340.8777523491054,0.14052231110690627
344.42272003844795,-0.06157919025929459
330.2449342735453,-0.43625675835596667
345.6119786110104,0.13720842465204441
338.94329023677295,-0.24378127544764538
323.4486182773887,-0.1969793130203925
323.4486182773887,0.7254677506490452
345.76610984831706,0.47537514058865327
369.49677726563084,0.4266334612667606
369.49677726563084,0.7223460332240847
344.2965534347313,-0.40097112513137745
329.5137438108106,-0.1390625579110747
320.95830821307004,-0.14708939787158215
319.0141858374383,0.1508003010842458
331.63472530913947,-0.27864772874352184
331.63472530913947,0.26202765430707586
340.4722525644122,0.0936877457470473
315.1098253577401,-0.1198966744302652
335.74659104071696,0.4694813963396882
360.7737472621856,0.28578272626771195
339.39042853077996,-0.10089548553901295
332.1830860193891,-0.04323555631617637
351.35017221267333,0.2098283893678854
351.35017221267333,0.3568862123091776
329.560567825905,0.15999296985410183
316.93943467424793,-0.6218709767433666
316.93943467424793,0.23822329947699927
314.374752562591,0.10693331219010815
323.0313950157316,0.1070553973014512
323.0313950157316,0.3629484259952278
323.0313950157316,0.5536170924491444
329.2776586306827,0.05011224992870211
329.2776586306827,0.07378889674146194
347.64753303563333,0.04088593239623606
339.2618956349264,0.07531061141003192
332.6144441610137,-0.30430922342895883
332.6144441610137,0.27053412531870435
332.6144441610137,0.8539776975787845
298.04551899829835,-0.11601454916728926
319.3879661930824,0.25108383436554504
346.7350611937589,0.27454998192979474
346.7350611937589,0.6825546482162963
341.212185660753,0.24776058104635013
344.91179036935523,0.4607641710383632
347.59845984981484,-0.16707276246597758
358.85991973155353,-0.0369349965441188
340.41112921150994,-0.39780340754714416
333.3477523717922,0.3616417752061807
320.5819176384224,-0.5839385849224072
347.4498065946702,0.4583191222059213
362.4240315461175,0.13297460522380788
343.7705569509442,-0.3116870927860873
353.3635063091007,0.1288958740876751
348.8986182634452,0.055539328017630396
348.0466215346337,-0.2344194677014002
348.0466215346337,0.2995986327071023
343.9719609921058,0.3025370644643317
345.9745622522313,0.19573794835798708
361.5137082268346,0.2623895888809784
349.6769879411464,-0.2546541585124942
349.9535508981206,-0.36391816669458876
350.67406693593773,0.547695650674541
376.3747577375151,-0.08334250722896286
344.8304066845811,-0.7081702821587896
322.6564257199471,-0.41923688747147025
352.23850707992074,0.4168300019413209
335.16704739808625,-0.19876689789725788
368.07551398007735,0.25426865828262635
358.0656682686818,-0.12704997311220723
341.9661141945131,-0.041363190654351456
346.15988954695234,-0.25878226225381695
346.15988954695234,0.18944720009119465
346.15988954695234,0.3025399191556062
346.15988954695234,0.29872369997008263
350.7259526683266,0.3916154087207815
354.6066758245394,-0.006440461104716633
355.78293382595,-0.07967194192201532
363.94710598743217,0.3126804698426895
366.90642089211434,-0.022038238367713348
363.00086884039086,0.13661916893215675
347.9602746346268,0.010753023235565706
373.66465701890564,0.23600149122898983
336.22557898159994,-0.40933802257177376
344.02963061149484,0.07050441037517885
334.66376885166176,-0.32476247778799916
332.9089921113704,0.399721886003249
332.9089921113704,0.20988556594932106
321.6859911962621,-0.10961442702205204
321.6859911962621,0.27161151543054984
329.50653782469254,0.008309838476861842
347.29779979044207,0.3429434589919538
370.1824356259154,0.13500463268883323
335.1878172320164,-0.32728779517992734
341.2178768746423,0.3595512780516401
329.55065297154545,-0.3782793438306271
310.2451724904156,-0.2053959805851946
338.33519074560155,0.03435216888510695
333.6420796732866,-0.08234872599086884
361.1880305412382,0.8925409458433933
324.9696181520705,-0.7107258824888731
324.9696181520705,0.48580641458102036
350.4629575865073,0.1209836459518101
341.5885753022673,0.16406388976008657
346.3574297731968,0.16887041153120208
369.8985466470594,0.18109519744746194
343.80837297697155,-0.18325705176198426
362.5598741296633,0.41411505900282464
349.5322938415535,0.11927209243162906
383.32859077325895,0.08827314505629147
361.73417954055543,-0.09589043077494352
339.99089108756806,-0.29779016597672125
365.6596205589102,-0.0006130014403424866
319.30196975557413,-0.486586100516206
319.30196975557413,0.24994314252626282
360.33132083637094,0.22131469670966908
396.9559362138721,0.3779707634951137
405.43043645862605,-0.254301996788854
378.8031118575172,-0.3813940664634856
348.44432290917365,-0.20131922401401425
354.4612388104221,0.182892743119055
346.2206889317156,-0.18749377695814928
340.8447225852699,-0.17227870618262386
345.4838573840772,0.2466577964390808
345.4838573840772,0.5636223947950612
326.6948224160574,-0.23540208940187313
326.6948224160574,0.47410603516073024
326.6948224160574,0.47395712728825856
349.5556041641965,0.5215461213355184
327.9080633865671,-0.004819011390964079
367.78019514386864,0.23883351655410934
366.648481078661,0.2726399934285837
360.72414329087223,-0.18679028013434618
367.325129958409,-0.07816214793569998
339.73259912587395,-0.6888772572910966
339.73259912587395,0.7253066081802899
383.78632151917117,0.54594822506931
382.70898602216306,-0.1417785955478621
382.70898602216306,0.23963781802103767
399.95882729949625,-0.11609223637333344
399.3000298349001,0.3180108521266902
377.89620960967665,0.017199360642621286
415.30095109357075,0.3172182099110614
399.7701223307944,0.017801422268121314
374.5513790161085,-0.6395419596004785
357.2587119335365,-0.1577037684954803
344.14055872940617,-0.1124100776639807
333.1670567907761,-0.054912887893237894
332.74152493677184,-0.2020523837336441
358.5358540506892,0.2293430244828869
355.7599672865823,-0.07217164263602172
355.7599672865823,0.31001256872525573
355.7599672865823,0.3546774961707797
369.9992171072364,-0.08803176362073373
361.2010376739297,-0.17808337476617453
351.9999919567029,-0.17730444100902787
348.7973659569026,0.07371820210448732
348.7973659569026,0.38052744470905964
348.7973659569026,0.6296312341878547
331.3628367051646,-0.04204652646626528
371.7648685187171,0.09211268241392645
367.78031160266914,-0.18328562335887
367.2811616247798,-0.2860020859529868
362.31625101430944,0.08858157392614885
365.0614030095615,0.04256804163162542
355.01530626058866,-0.04272421130235671
354.78410680641946,-0.28333004325179445
354.78410680641946,0.4539935945159641
354.78410680641946,0.7769901121623661
347.83076785754093,-0.03104960608629881
337.8525817794246,-0.12672795826574657
337.8525817794246,0.9767288218885142
337.58401280311966,-0.2912072178260132
337.58401280311966,0.45069071176078523
337.58401280311966,0.07566658919654401
341.111876360888,0.4738012626995669
346.0452228072934,0.10160754484832069
326.11546351919037,-0.20673136583639007
328.1371279742054,-0.15735224181548801
347.17727394221873,0.3818533399262378
347.17727394221873,0.36704579723891584
347.17727394221873,0.22301736771282776
377.7693599848274,0.13674279088536423
364.76382510079947,0.14227461029645383
362.9658192642437,-0.24859533001256295
333.33531259178096,-0.35234336534506383
333.33531259178096,0.3219755946129226
340.9362178584741,0.5033458495692003
362.5252097707859,-0.18832869916127493
350.1165268349544,-0.0630502494383336
366.24078446285716,0.02492920940244403
363.6488408021546,0.12164112774041769
377.29341749308367,0.13155714871163582
384.0339202784012,-0.17987667744353075
367.2895336131398,-0.013305180569773256
361.52375675085653,-0.1184214078595005
352.7397379320607,-0.09543881571630664
358.25376334194016,-0.04974472194487589
384.5998805684352,0.01271561449004821
365.59707153134013,-0.11381208235934537
368.79427110576637,-0.18095885849470505
359.53366678115344,0.03886041572320664
388.5553988319046,0.11919309041411452
377.01405346326214,0.3275291177164945
318.27801580470447,-0.6404947596148531
318.27801580470447,0.5529928441349057
318.27801580470447,0.7900823499803664
325.2643450268542,-0.2832184972806999
346.6589651138961,0.27720144233171595
341.3829071564237,0.3410274188404401
334.28573638411706,0.009615788948053705
418.0453841626095,0.8156462178575339
363.77063496477604,-0.8600458042856189
348.11483521066,-0.01601851650957542
350.8085170912158,-0.15560839505667445
335.7881751797725,-0.2684349029185569
335.7881751797725,0.23421487482903558
346.73687288479886,0.6448810336662518
346.73687288479886,0.1765811184247923
344.7353540425641,0.11386210361365556
364.22577370575476,0.17541236821216444
381.53657951927397,-0.04896687957375434
331.2826309415826,-0.46720945738798036
331.2826309415826,0.07574191543460529
339.04924435337153,0.3684842033842415
348.59433497974294,0.11725692871027604
330.81964317262896,-0.40592542846536617
330.81964317262896,0.46487662271454155
348.0198628880754,0.25630653983148477
374.0185081362496,0.36514564977198916
348.6670077125551,-0.46439051472702886
355.42691103804094,0.2751663972047709
319.9100088774497,-0.18708323732244025
319.9100088774497,0.20870654134205324
319.9100088774497,0.5955443143247976
335.08933156736816,0.0546835533372132
321.83217690937687,-0.3853225376146838
317.2663873896324,0.19726281000635026
317.2663873896324,0.38441795920289223
324.06696803597106,0.0008124865202034925
324.06696803597106,0.5073984048943885
306.83688006846916,-0.17291576012928545
318.09685085895126,0.1138731519401972
331.2467211976118,0.0936079413504558
329.8623620285213,0.35774048681082604
331.54373200239047,0.28725320675755484
324.8426447469487,-0.06592326901034085
328.5648355512901,0.13074278554904595
326.8981430887874,-0.21623259436103126
356.24373401170357,0.46415774176637115
336.56305873024354,-0.23337325106899698
336.56305873024354,0.3959682605625403
364.2364553160151,0.3678152950833464
365.40569391927784,0.19486156448203928
371.16147776433314,0.2042149312123911
361.64898851327007,-0.17090219463011636
361.64898851327007,0.44587748368405755
385.19292557797047,-0.12426466755402998
373.5959103175941,0.058369054713239166
328.1614534502618,-0.675183481185627
328.1614534502618,0.6522372163452701
328.1614534502618,0.49862329930419946
369.0197723257482,0.2905351518858197
369.0197723257482,0.14908068460124468
396.7684412613497,0.4460444681089939
370.9100961803365,-0.2143263327392333
360.72798580838526,-0.032904291243085027
371.90093011033434,-0.1376567754645066
366.97140231211546,0.2730345079990002
359.65984225788907,-0.15686611583726062
333.9419357682099,-0.350533164652461
339.0065117884865,0.3222343848121909
334.9000549536381,-0.19194377487349357
313.6728475784788,-0.3164640525332061
347.78604140022964,0.1530759440933025
358.9428615331991,0.026967567689894167
317.21247110915937,-0.4114293615390352
322.33320898498044,0.26077060668330887
346.6762602506981,0.25389763355371997
349.0901153106103,0.17581588547022875
354.5257076147512,0.10613737353241959
325.0527718909027,-0.39155954605018906
330.53695400275865,-0.2858643711552986
329.89392257877256,-0.2618100834359893
353.056490130214,0.5445385477161153
359.41244963095994,0.11392735164781698
358.9972100091902,0.007533618021057009
356.880637915229,-0.1346676135826783
350.7049868802601,-0.5927409006300195
382.50505687201564,0.776343438913841
354.08036843958354,-0.4575696466631598
333.48685237613483,-0.06539593664501808
333.48685237613483,0.1091709356390993
400.59543392813436,0.9304498693589949
419.632424044757,0.32137804079729904
397.01970396923093,-0.5693995149597413
381.73647437301753,-0.10256196460329647
370.6001273981318,0.11869585117653969
388.2943351871069,0.3419636434966833
381.97775438728695,-0.10364721398332222
406.7616969866547,0.30957922968627827
376.75022615259434,-0.30560467955069726
343.089117979908,-0.4511448727521383
343.089117979908,0.8480836345235048
345.42250015754996,0.03803608696455285
345.42250015754996,0.3969626928802654
337.824559437656,0.13555230476481483
346.07304261811953,-0.04577777634506219
369.95415158126735,0.2527439956463695
336.589508092552,-0.19976157909707126
354.0412697245915,0.45635821957512235
332.66234206624887,-0.13408681372402498
363.5967452176163,0.3755752614058565
362.9108804197424,-0.4153095000135636
362.9108804197424,0.26732543999344216
337.4405926461822,-0.30037074063557156
349.6425912982823,0.2046814800055472
349.6425912982823,0.3449696556571098
352.41250615501673,0.16336105614095686
369.246846136882,0.08672530722924421
364.0329670201301,-0.25388859897475413
359.49111961586505,-0.14665940470547412
349.28903282337325,0.1328451529116137
390.0029504880987,0.15487580225590136
323.7162055733692,-0.8326845781271004
352.9675747964408,0.2589434639719457
341.49869646482864,-0.0316771522838053
336.75402233189345,-0.25641958419782895
363.56304682331404,0.6269172776674168
336.87029760384075,-0.249670519065603
351.1866133163655,-0.24798716320538006
396.28520407651973,0.35347690632056583
371.12938322030766,-0.24488116601321508
366.3437922211531,-0.2696330764869117
371.85279137496497,0.18957089845400787
371.85279137496497,0.5448007263526051
350.4304748519316,-0.29325169347862357
350.4304748519316,0.4094412657789235
356.0613915982138,0.34831796149592265
360.1825865355712,0.04424193550153177
372.5350348548094,0.08887401108142967
343.59390169169023,-0.8304619747989364
337.2827858875174,0.20915467143390742
337.2827858875174,0.24044495680914224
337.2827858875174,0.17306867827221595
337.2827858875174,0.24575384449963167
346.43142795365657,0.3356894834433888
355.9548156322776,0.36347604437025893
407.4726672037071,0.4128357965412306
392.17512487976035,-0.17969353808189226
373.63057133865595,-0.29784126008212297
353.3646859817445,-0.04968007367915561
350.82082528048477,-0.3871476709110766
344.8898319566555,-0.13954136727534205
334.81239560458545,-0.26350460182425195
332.7134208138768,-0.11039775468134394
332.7134208138768,0.39401417456429044
332.7134208138768,0.7088431549182133
332.7134208138768,0.43321211034572116
339.0800283357161,0.267734835586225
346.202257416336,0.021128038644064873
355.30671035004474,0.47029056340556963
362.854681737721,-0.005357855000966083
363.1239097642499,-0.053470868875592714
352.265234699009,-0.5061943748577278
383.1486259632127,0.4059282593126454
365.6246929874652,-0.16892369936897467
326.87528908508546,-0.5133325050476287
347.25161632777355,0.7577959389282114
340.2732891735246,-0.4366105566916758
335.90985100380436,0.41669150706093205
335.90985100380436,0.6067946613782169
341.15925739842305,0.1395919727681303
341.55640126885027,0.06165308195522812
333.5602398007665,-0.6994493690247054
320.6014067936443,-0.02800249279982836
346.43755661913315,0.6161803690124543
379.07330507621066,0.7240772326501883
354.2327334624572,-0.4549859488399761
345.70042083458145,-0.12407059218469385
358.3637558959122,0.31857123828035583
349.38702312422157,-0.6900669644080608
354.5748696470669,0.25823729021226427
366.5108020753853,0.2176933396505092
361.9250998045428,-0.06909728106597868
353.0541645920797,-0.0008528034524033501
343.46520331266686,-0.08342799371837373
360.901395807588,0.5736242096277238
320.0495115286307,-0.5853499691072557
325.39824194711014,0.036427470207627266
360.2350139697221,0.5666217123385877
368.8237956441788,0.31018802706455517
382.397193863531,-0.41629171113527264
358.9275547253815,-0.12050727564474073
356.7056208850833,0.17476961346460484
360.40542929084654,-0.14127759374969173
363.2419147125072,0.13354311568173216
363.2419147125072,0.37803446475572855
376.649862411094,-0.1897692459181144
350.70468462895917,-0.32299198295959286
360.5659947568219,0.045857399549618094
345.37372531157007,0.07758155909527886
355.9833295930815,-0.03449551889855229
357.75777801273154,0.4881686973513979
375.1380086609918,0.21966941636685533
377.45718018259015,0.2520533000111982
351.8679150130398,-0.5919817042995419
333.81765471348496,0.014391677469120623
347.21502900656554,-0.04934464156008289
356.6551303881819,0.35113012839201474
349.07702226072126,-0.1044574800674809
336.13794429913816,-0.06131507658801638
340.9438056617412,-0.024451320948628563
340.9438056617412,0.2850515032916974
361.09800584246267,0.024873660532875874
354.1431598617174,-0.046559217207231995
334.62190203263117,-0.24683180125430226
334.62190203263117,0.4784734385509637
359.7972611183912,0.09295305219723105
366.4442731848656,0.15738272514431628
355.00413060115704,-0.18759545373791298
337.1518656049878,0.1491399912226825
332.16512583437196,-0.46384444694194826
347.818251922946,0.2546570756228448
321.52438825114103,-0.3387091910333311
321.52438825114103,0.37495951880850953
360.5176713787331,0.8214716172951739
355.1838153173062,-0.24921349781936897
355.64107232525106,0.07225475526979608
349.5211436704327,0.06605087580237523
362.70913361616437,0.16334871190065314
331.5315146631219,-0.399118359472709
339.4015277758051,0.13350095957457597
326.46930148938867,-0.0767786736320204
332.1520056969595,-0.10286657300889601
332.1520056969595,0.4955049107350078
324.07094134407356,-0.23054811845258882
317.16406264379,-0.0884528276343417
317.16406264379,0.35626283373414935
336.1950214775469,0.4531965885973932
337.6673656686377,0.13698603158832157
354.5397198123161,-0.004699946746541173
371.5476392839722,0.10586548233789017
328.05637825758674,-0.30975295432642724
328.05637825758674,0.38719895623341927
361.0351116224536,0.6138955399916313
361.0351116224536,0.1885203856326143
358.74390576348463,-0.09710071468089154
358.38695492662566,-0.07164756846884757
358.38695492662566,0.24362729052518262
383.9712732561673,0.286264893481075
387.03592150312153,-0.06525194480093433
366.96145527431196,-0.1594888493716553
359.93423546318314,-0.18571144418092445
359.93423546318314,0.39688326024952403
347.14576264327366,0.009366103488787303
341.57268813699335,0.0837830815179359
377.63579111852226,0.543708534511552
341.06469066724816,-0.07807940365455579
334.5647294756021,-0.06550423053079157
339.008295442253,-0.16296207903087634
299.73170168635295,-0.5309289952788276
299.73170168635295,0.6891398426926116
328.2859799409506,0.44861309332270594
350.5917296086481,0.26938552802243976
349.7578529291304,-0.04996276402061994
340.5941117161878,-0.3436210819641019
340.5941117161878,0.3929635539161609
340.2351519981731,0.016801610211814477
320.2965732313556,0.22826184013524653
335.18266887137406,-0.05381629141947997
303.5173917384023,-0.23627153900247322
303.5173917384023,0.06823049496688327
353.26693399406616,0.6156323043346674
350.2346325916627,-0.18378539087461832
346.0941586768318,0.31396746039865775
378.21610756282973,0.1296731006208347
360.14774565937466,0.016183177559128126
345.96910209272875,-0.4695905710329953
356.22616404012473,0.19502418446199954
363.009455271613,0.3375668472011739
332.06023224918755,-0.5482321040265106
345.6510547176737,0.07220813831702344
340.17768229578,0.20446444462754698
369.7118027885895,0.295566820896056
349.3280994144028,-0.11920439629182056
340.5196307184523,-0.19318668835421704
350.55916850642143,0.18252424733373118
350.55916850642143,0.27131502948714115
348.87229064006783,-0.22176700508111935
348.87229064006783,0.5216663283762273
348.87229064006783,0.28456381638363837
321.04731017283234,-0.029824935876035852
360.69768022243835,0.2589215550465269
354.3307119144079,-0.11670800838646755
356.9073791167901,-0.33338419201140823
356.9073791167901,0.49279893943173647
328.0233477072138,0.12799592251121794
328.0233477072138,0.214487469765686
358.35247338874126,0.16192110329188836
387.58967605489147,0.4088824119273795
371.80375965821725,0.19579067841118558
352.5107080509862,-0.011641595733408394
352.5107080509862,0.4491464868890489
352.5107080509862,0.16874609140700159
328.4366774472848,-0.21392120077666732
328.4366774472848,0.5888481500730904
325.6666441999697,-0.1554203289755378
330.58640759449827,0.16756040823111107
310.6130224939964,-0.25631401362170436
312.56223327934566,0.10513737558540015
324.79101250678343,0.4007048550121226
340.3371429649279,0.2682536492000054
340.3371429649279,0.792596751622682
351.619126294043,0.32690593350105246
403.08461426820503,0.6405735978678422
370.6565047348596,-0.36258248037768226
374.888187265184,0.31041095298496657
389.40117636636,0.29986269255209663
382.796705030154,-0.43574380420329817
368.2747153129437,-0.03974314782112742
368.2747153129437,0.5800846030399498
368.2747153129437,0.5459078294882147
374.67360099457335,0.4290767941336071
385.5060056338739,0.08318928331698316
357.83953877963916,-0.3500691697936418
380.81429802472405,0.4430231661428934
356.18727089043887,-0.054224220110882015
322.58267593964365,-0.6300795356660274
350.60607320041004,0.5833572948109804
327.99305167711145,-0.4318221135541762
315.7688640090184,-0.16800048541665547
318.7881391110035,-0.04527637873252388
333.0537720864269,0.3511722983812433
328.86239957858623,-0.04860251440618413
335.689243451915,-0.16157033076171956
335.34074827903544,0.23909770773946093
298.51108346668235,-0.6195718779713388
298.51108346668235,0.46466619593570613
298.51108346668235,0.8361376031365353
298.51108346668235,0.2065309833642459
353.9793815497367,0.6437376439844229
322.8592350051092,-0.46141799354109025
351.3052003181571,0.6624268887677545
363.99024760205856,0.17229795998059672
374.79827284971657,-0.08118884661121228
323.0925956577562,-0.7758109127283888
347.89673597852953,0.16700857570424432
371.9311595381761,0.6973230131951595
358.41667875963,-0.5940642670501575
371.3264086084373,0.6592520210464272
378.4896815062305,0.21306900655145
400.172898891568,0.34190538926895897
364.6180664512427,-0.6187437500013857
359.35120676070653,-0.020241828782559423
357.59070460156676,-0.22367692833540787
337.4737668057766,-0.2295715563597014
327.01111384205825,-0.049008317251036715
327.01111384205825,0.2056774030509132
346.1573582697794,0.28142379001883455
354.07687960855714,0.2212812971022231
332.7057068297571,-0.5055788653963873
329.47560467701055,-0.10424564048446427
329.47560467701055,0.249472001021104
329.47560467701055,0.4650514161157844
328.6841949739318,0.053463611615597983
343.88396657318026,0.6330145982285558
343.2801380853095,-0.2573038822855551
350.6919010655298,0.2147792295623958
352.09475789067915,0.016404745636691587
340.3396540948217,0.166703694847115
340.3335331159229,-0.4877372296574549
322.8654850005306,-0.23523378416723517
294.77299310012967,-0.05244235300619948
313.00693078396705,0.05911176647225602
313.00693078396705,0.5821350369451466
304.0660994853891,-0.005744812104467201
304.0660994853891,0.2566080033951721
326.0165671293057,0.153652844867338
331.3659183725471,0.10494322700287739
335.84324914314635,0.054470455092314296
335.84324914314635,0.3618665310873439
339.1681763042646,0.4885574538632227
313.84121497871195,-0.4204129515835575
330.6936493748074,0.42820877003543956
353.5208293223522,-0.18306292933039003
341.62097560957,0.037794068698076444
356.4442031798197,0.30074104316508965
369.248573621035,-0.1353095886038318
340.5310497641986,-0.017933354915612654
374.0391538000263,0.03908765570281503
362.55457504621404,0.03388886740037833
385.07099257048685,0.1044081575889777
357.2781206761953,-0.2566337321289893
356.74417934934604,-0.3343965174242385
356.5685194620898,0.29699842319723757
359.105132479814,0.18970344627734903
380.96099928662534,0.3759146139329914
358.30230563577965,-0.40001965027818187
327.19800501316814,-0.273246339079833
348.0503500688312,0.03202120785556417
342.54039264093615,-0.2945553837795387
356.3099232468838,0.07851459560106377
368.7073742429269,0.2422282535891327
370.3379217515643,0.024618255878294804
370.3379217515643,0.8793308423420285
371.4635429126205,-0.06105863084610519
338.43415911724475,0.032978310366274854
341.282894170801,-0.24287001388233875
358.3763636785327,0.06170977529598076
319.76739544952744,-0.5299614499626841
319.76739544952744,0.23889729983204688
314.7504317036244,-0.15266014013752738
353.3668501879814,0.5193211254563721
366.7731422556724,0.11431662201778181
373.27004712148795,-0.10157591587801562
387.6328288749389,0.1144206467524782
368.82718934956694,-0.1294010299003503
356.0011012753931,-0.3804032547365068
356.0011012753931,0.8437968097531439
356.0011012753931,1.130087299020488
348.54054863142716,0.287788130769286
320.2782138001177,-0.3451695008798197
320.2782138001177,0.34697135457986406
331.94266154262124,0.06407983000485729
321.10881997154604,0.023228769777233538
321.10881997154604,0.6628156725643066
346.785950683255,0.3228729000891235
346.785950683255,0.15755960330295693
337.93546458604317,-0.04664883741941139
351.967321740292,0.22628697584173096
361.96694984440154,-0.1673468915680587
343.1992131794022,-0.08088549274634715
355.11831089803735,0.11751404573738
318.9688556636366,-0.23403483960566973
345.76551701100954,0.185073840831933
371.8163101450112,0.6519322387912325
347.5770596358331,-0.4996178245912688
329.2494232189446,0.017399036449660343
333.10720361042286,0.21366419658397717
321.16013811048026,-0.18016699653048818
374.3929106266682,0.6212064898739982
370.62356994511646,0.04647380912342669
342.25521761558184,-0.1171087227355656
352.4369803712936,-0.001293783165010609
354.2893058158182,-0.08261660005973681
382.5685562888635,-0.07530669866400785
341.4527450459369,-0.5030927181892366
328.47407001941275,-0.007528272238232603
334.0203990494879,-0.0648864821398547
339.90386330012836,-0.008478583554847319
356.1549487761094,0.23247262454856354
378.04726032962265,0.208854014457188
382.81587611287125,0.3635639872277352
352.6211034674284,-0.3933350326761911
352.6211034674284,0.1452254698070874
334.7443773873295,-0.21643928679554847
332.2903702146501,-0.030071168629433487
349.08405329227423,-0.1495578869343035
356.2153516093385,0.12715635552649474
381.3743632844981,0.12842312264717748
370.1117511316673,-0.11609585312294257
369.214400520724,-0.02851964249066441
356.290078593402,0.16653059497173217
324.7526008848376,-0.372650431565944
341.7360338106048,0.054533265052782554
332.69016338350923,-0.029902125745252306
348.8292996775978,0.5396655857595078
337.5031749116478,-0.09794773121132039
329.93694504177915,-0.14078961291011183
329.93694504177915,0.8553297058956559
329.93694504177915,0.4447484644222186
354.47210321270427,0.3435423257236607
356.7869597812542,0.18088228778754
387.1964289577187,0.6850151538333193
362.0387504201609,-0.2999516651854037
369.2709058902621,-0.06980650830746526
383.8805848447427,0.12026225338991026
354.17764883658884,-0.29105655685168585
360.5634701398286,0.23306298134264125
362.77234252020594,0.1414666431049909
385.93509242708245,0.1405029529806825
353.55107779375885,-0.7490104243883025
369.7638423633621,0.2381552196178518
384.0688561914863,0.45273768051288243
384.0688561914863,0.2723248250706547
404.9636218113642,0.3113582054083963
422.2123832038309,-0.19542342894578724
396.56160930789895,-0.32595331181028087
404.7034711018532,-0.2623264910693024
356.3794674438821,-0.2033834916203432
386.1068026442408,0.17874003244003234
345.32655803205483,-0.5144041641351578
329.9398578338281,-0.22100442507348816
329.9398578338281,0.5033519607244443
353.0132442711906,0.43568019003441805
354.17450894483886,0.09773615535175395
366.17793071485306,0.0459701447837233
330.77250795052703,-0.16416428223840285
328.6597627992975,0.18098419405168897
342.58841953314385,0.12696506511167627
355.08855659336336,0.2505214933634079
336.533291056897,-0.4563499678301923
303.837775119344,-0.15921920035486892
311.24956246604154,0.20913296036803786
300.9768737528841,0.10737098777838128
320.66554578648504,0.3607124619213664
320.02778345190495,-0.12431099558762071
320.02778345190495,0.6791861616557071
348.7572209882468,-0.09320063611687601
348.7572209882468,0.6765642997708028
353.6552692085356,0.3053936145206535
346.27709111383183,0.2577296106481981
362.76875722699765,0.16672060747021078
332.4946675164675,-0.17407468233182044
325.5576489653957,0.0716421124984663
359.3554509828951,0.3343467266040534
361.26049425571665,0.1721453513440565
364.6809870175144,-0.09467163760257336
345.65698798076994,-0.10728549702639611
344.97288772669305,0.0072919872882266645
337.8747480809387,-0.4244295901537498
362.26553562096626,0.5250140610755807
358.15239265133124,-0.5318083512358953
360.649354872866,0.06278566973787747
351.78062427956934,-0.18240093034046367
371.5495397424278,0.33101486475891306
358.7395325955854,-0.15813249975894905
328.6386545590836,-0.5576452168736523
340.8400935405132,-0.00504709701772299
348.0426182729287,0.1574098113371747
333.36866670148083,-0.38144037813447085
350.1898905444064,0.2924134552529267
365.69850922165114,0.33165812408685724
365.69850922165114,0.39589172343562495
360.7080051650652,-0.10586963889102208
338.91887716853273,-0.3402941685033056
338.91887716853273,0.7775500574625767
338.91887716853273,0.5105808760265518
332.4582874231434,0.08512296484218496
338.8238593626509,-0.1354661860292481
338.8238593626509,0.3200175748561378
367.96149450178945,0.28023738983620206
394.93148315589013,0.9625451564147625
360.1000571315361,-0.14422309732037775
330.79963580461435,-0.616800366341181
312.558436604206,-0.40211986061024163
312.2791017169408,-0.036972843211401596
345.1350651446432,0.5395707288546419
352.801734507295,-0.1547313766153593
387.25786399502584,0.40932479564537516
376.95582856170705,0.05032612790614621
363.4191925319994,-0.11290086533938393
337.1780060366002,-0.5860066131693884
333.29272409131704,0.10677797848882165
333.29272409131704,0.17352144386097734
333.29272409131704,0.5343932770196034
333.29272409131704,0.09066138204423169
371.07219053768563,0.6181558780364185
353.0234777083629,-0.14712501207236528
354.60244764044745,0.12125754462181249
342.91371103002456,-0.3828212623197942
342.91371103002456,0.47275741099622337
349.904762360606,0.19046115317780732
338.13557366496536,-0.047792388992206725
356.21261125922524,0.40467386716170495
356.21261125922524,0.28176743245160196
345.46526358525654,0.14257937580225644
342.6997971108361,-0.03143053275994134
363.7730430687419,0.07152322391971211
339.99254499031264,-0.7421737581674961
366.21772027941836,0.3156784032581754
378.0213158777012,0.0026143376089748926
339.93627735169775,-0.4288251215884884
339.93627735169775,0.7809508451641705
339.93627735169775,0.3499066778266524
339.93627735169775,0.46088132976490215
343.4054812551925,0.07074243417253001
343.4054812551925,0.28855903250268966
357.1261712344878,0.035660067387311756
329.8714354667619,-0.4099623298199049
358.59626345023815,0.6437014874161378
356.4130801332754,0.14191145594008958
356.3045502413476,-0.08745958632994189
331.3370708554538,-0.25843395913500444
340.3280577445778,0.21682893088382116
341.89659654633533,0.06257028249979157
324.92662878406225,0.05940375622094507
332.4196987748851,-0.037650478999694315
348.49326070245075,0.5454431883214284
325.6097301520387,-0.432969295608018
348.9853829408686,0.14471127533533945
324.11904821556664,-0.2937477622172082
307.64762656440763,-0.03226693166925543
312.41155990883516,0.39703135334661965
311.5279823906597,-0.009304058958150563
322.9570486464935,0.08845992411943371
319.4996063690269,-0.20229815245875216
318.62434953384246,-0.04921917248270802
333.89157662637155,0.20975600382564608
347.52235826886766,-0.1349022015413084
347.52235826886766,0.16836354784209107
320.0678893716042,-0.31740919791195665
293.92424111778917,-0.25162286472993856
293.6287515957975,0.12328365122425566
331.66184072634,0.2804742233245179
364.7915572137017,0.4510183058480379
352.57619104670005,-0.16904824492564785
352.57619104670005,0.3744578392301037
357.339672388312,0.19806241066453367
357.339672388312,0.21900199739707205
357.339672388312,0.2060628680147829
368.8914868851898,0.13685812226299277
384.6884722337253,-0.03780302902293897
366.9157714753,0.03995199051837517
340.12718758832006,0.0004525242909494409
339.10731258630415,-0.3320550577022914
348.4280659581973,0.2513286804529571
361.76103474524206,0.06053326937683323
370.98687795288316,0.23185819168884336
350.73977286389436,-0.17680304051918938
360.3641229585754,0.15145583048399658
357.05228434766514,-0.2666757882703905
342.277211219051,-0.2649849664858266
358.1446420578858,0.2159458617452401
373.3712987029618,-0.016976138174527478
358.6265837064422,0.02687538655834487
358.6265837064422,0.44613910793600553
358.94889503804103,-0.18586754265425043
361.2298077910961,-0.011717232178398262
383.34480316665775,0.3041395803220439
359.5093362344223,-0.004410836776287397
359.83692359993773,-0.1296896988590106
349.1579898370716,-0.17757532966652434
351.5225964952694,0.02168832716461111
367.9521296852634,0.08981116519157695
321.8244374319442,-0.6364156497727436
320.27516195242305,-0.09133013702216886
319.80459768340023,0.35739249170137555
306.97740339900554,-0.3495054341804007
324.41917343864185,0.1319571598182847
331.47106055981124,0.056978229905894295
356.1878515311114,0.4493149187845802
334.3610483116237,-0.15067883594019804
335.0623042263789,0.0426860950004766
351.94532521873447,0.05688004339526742
343.3270875829181,-0.2149127752691129
334.81679609938294,-0.04148744674307636
349.8408078389886,-0.05945045508428848
334.2699397468771,-0.12970993540125164
332.1558058863665,0.12014344415547384
320.68680347064105,-0.17936277657963728
332.9466860503409,0.3496876948411227
332.9466860503409,0.47487106119376676
354.9146470210334,-0.21029446974853272
336.7916243068167,-0.32504006177600786
350.06577573148587,0.09488774263240884
348.98183419574724,0.3049389618774967
361.9930657886282,0.4177735364212367
337.073253527441,-0.5006611854878429
337.5467617833565,-0.0006834405384097408
371.1097838965737,0.4312511422476746
359.47423360311586,-0.1221542419089019
369.60743938013286,0.3559194463774702
340.7496783523993,-0.47651384311313905
353.89437734977986,0.3545314909300714
353.89437734977986,0.5156793799280877
344.7748873988828,-0.07042955128019912
344.7748873988828,0.5058069403437457
341.4029644283689,-0.24112860790773993
366.65016438637525,0.035307883014411345
353.4591262933113,0.002481640222185888
353.4591262933113,0.16174179318659299
353.4591262933113,0.45671540393061605
335.5439507307458,0.16302359859992066
345.0933380818076,0.036540286895501595
326.7866819239117,-0.30448416141030066
304.48445603868413,-0.3906973522358612
310.66923982160023,-0.0011682595886668423
310.66923982160023,0.5721896884781472
296.5039779310076,-0.34040583365310795
366.53992143824365,0.8063477832009767
388.467606911504,0.4390792090873674
387.6151864928036,0.14423837870208445
357.80173734785774,-0.12043881895294817
338.74870405970245,-0.42058958265192814
338.23077675645794,-0.10023804339414255
339.2564003431735,0.21782152196476545
353.02172573873605,-0.01050276223054425
336.2315163175637,-0.2945909639412321
329.02315568414275,0.23701684339539497
323.3739256679091,0.017193969451454905
339.32178182847116,0.22054743822604905
339.32178182847116,0.22849415637301718
314.4401817435887,-0.12324305362176347
314.4401817435887,0.7691120298527494
314.8467544432473,-0.16604401345193764
339.0784315913232,0.3325549201518925
347.81377560167687,0.35875504843102135
337.29653175414995,-0.17625566255014746
337.4175906782865,-0.337002331359713
337.4175906782865,0.5244321569148269
340.0046025159434,0.15569226834770689
348.3351269724927,-0.048565885316293134
354.10790669208836,0.11136308293669117
349.42972784604876,-0.32243072805567863
349.42972784604876,0.49220529698300197
347.3335239557243,0.4167368052951588
344.6603128398482,-0.37369969400219816
327.20727205770754,0.3007398122605309
327.20727205770754,0.11516962988798696
341.08183729545226,-0.23579578157659853
322.2345382639377,-0.23093166174021462
355.1719682366694,0.10330759645194121
335.41520723154895,-0.05021946310739622
327.33566774313215,0.10899466572357142
318.6623182708218,-0.11113830537999547
318.2048776114643,-0.021890023862397356
345.32442432267504,0.243980487431827
345.32442432267504,0.4392048788702141
373.038566636557,0.616003940548012
372.3019306046139,0.01922685033423477
374.4578445623283,0.05324108592401444
374.4578445623283,0.1534877807933981
364.14514691437614,0.06304786510781923
345.9119880753507,-0.09195535326648496
374.1955307070206,0.7242590130684903
354.1997264803756,-0.40063345474504786
329.96122122335714,-0.4319340660438229
323.06259123645975,0.018014888336438162
323.06259123645975,0.32236840557300184
344.47401553822806,0.0005964047758197921
344.47401553822806,0.2163013545624608
346.8737908943454,0.12708918191151497
353.0771854477219,0.1182709222576932
353.0771854477219,0.3148211726728505
333.96672969961963,0.11809892965629842
317.361234710667,-0.3909124443948713
354.6844563627514,0.45193428799098
367.6378275611368,0.3337716770922725
362.311042232037,0.06489245829857282
353.18818756541714,-0.29906279021952287
359.64883593504925,0.09172051708242179
359.64883593504925,0.12243767951918016
342.70455175873457,-0.23994697504303986
358.5910790394643,0.06273535623574844
358.5910790394643,0.4721548867757974
303.3471630306132,-0.5037183604144957
334.8215670977546,0.17634878598505566
334.8215670977546,0.31272983329517956
334.8215670977546,0.451531241241355
336.059715533396,0.3684758480119399
314.75249236491595,-0.6413520144849372
336.1705965766565,0.02735543925496131
341.34020025378845,0.08387718482049422
342.2154304977458,-0.2892780524646241
331.96645537471085,0.48595086106831786
341.71788619823275,0.022735385813120956
357.86658923094086,0.12404975444940192
346.6121456968948,-0.376969427390236
328.5740305850078,-0.0783754604576643
350.47928083088397,0.36017179154237056
350.47928083088397,0.6251262028754354
326.45793306988173,-0.036130044433775765
314.8306678695515,-0.3521549122892793
314.8306678695515,0.24704910833770555
328.235377195208,0.24418365028361677
337.7960362588287,0.5923317292085812
339.8372061128559,0.05366625951205606
333.0059127308634,-0.15552173300466166
317.6478375408915,0.2552689411584197
312.80170222662366,-0.227392752214314
317.1976014707136,-0.29023347483803263
299.8043490252296,-0.034026290767997125
315.5874613060137,0.09257305887228995
315.5874613060137,0.6768614325831095
336.7045095722032,-0.04505389038286012
336.7045095722032,0.8325091033675562
336.7045095722032,0.39597959667071336
329.1995326552271,-0.02393791402619172
316.26523371386867,0.043022448098668065
337.93995875912253,0.3124098005457654
346.3859551230314,0.026193779442337473
333.23258928131975,-0.25991381836752225
333.23258928131975,0.28540357715280606
340.443351570798,0.04771663732196885
320.74898059927665,-0.14570376831375143
342.0098522653699,0.04641146600067714
342.0098522653699,0.31355155388996536
333.2581383836823,0.07463900519837807
326.14619662111056,0.08622851619031735
326.17925949145126,0.2715474811191143
338.2660826268729,-0.16447319737983435
344.1591637264562,-0.08889705469880482
351.2275803435941,0.1827859784955308
352.57421857000793,0.022739872185411514
309.9294491999718,-0.6145052248571119
317.3767827029869,0.09469572563523343
302.15468288831636,-0.20465758701743653
300.9261395733944,0.2336204297647555
304.20032710191737,0.15943201726906864
320.0951275515477,0.06180304553231508
345.4557953730465,0.32470046692640153
340.85918590777715,0.024593170164735056
343.8401096842681,-0.13513658667579875
349.67900880900737,0.08525339854566027
340.0576730304234,-0.08092928921405473
365.9955036724899,0.13000450320578238
356.73790746811505,-0.1553077991702594
371.9636397456797,0.0063575986521300365
365.2796054791951,-0.17936557514917695
364.4872542834915,-0.1944240642225168
373.75214902921044,0.3118932489408053
361.11893856502707,0.06472149720934794
348.70609865241994,-0.13181497920595575
344.0490237236211,-0.33605104589173607
318.809278207168,-0.339731010902824
347.41409454955533,0.3961825220103492
347.79932118764657,0.0037998835811094978
347.79932118764657,0.6576289323983247
353.66666282340475,0.19464787109552617
340.3649870813424,0.013209440248260762
330.9147695887809,-0.2500439602060851
356.80524883761404,0.3282058910340311
327.79580463195117,-0.2774415659959004
334.2398368799047,-0.27094527932388246
364.20979359250094,0.6928196513654257
353.90527268379975,-0.2922467185901496
375.6322968078214,0.057461758396016194
356.36498192876377,-0.38746432806749453
361.5688895513497,-0.26977099119596915
334.5184468675397,0.16561776192224897
357.4017533856038,0.21642437819764382
383.30167631190113,0.6127999128813144
383.1060565481102,-0.22405599084027017
339.09851508928864,-0.6200838208289952
344.11743647756333,-0.06038893454058325
344.11743647756333,0.4689543148321036
352.10340991505063,0.1369850943945039
333.2806487760332,-0.29000172939299773
342.10038830997735,-0.127695826819604
325.89824605003264,-0.15989758741284277
312.8726242759745,0.20008860999359968
332.2370480156985,0.27306471125780263
339.81110508270154,-0.15229514721193027
339.81110508270154,0.8414692879555332
327.95245486826815,0.15133780500468674
304.26061523587424,-0.2772620234329679
325.83291078321054,0.0419525570962378
294.8812444763739,-0.0679093912422104
294.8812444763739,0.3613167605825538
284.04880175686384,-0.1711732636972556
298.8517967912942,0.1581441279020055
311.5477921751222,0.43618882191731245
311.5477921751222,0.2671698461906544
326.09280474107504,-0.1307340329105955
341.2724496052714,-0.06832109223205407
324.6902947201439,-0.23186741410904688
338.8516462916745,0.059873860615766716
361.75025771184585,0.2156897156667128
348.23725922642944,-0.012238786605507812
321.96453953368416,-0.5038169864869815
305.31147789549163,-0.5040082667086381
313.46711020545126,0.42271734360178925
324.8241781529196,0.23472634506390477
324.8241781529196,0.40724728397503895
335.62115075062815,0.5052402028575216
345.91185095664446,-0.07314723849651728
351.12856445178215,-0.24930896377645695
352.08441840979646,-0.06293332062602985
368.94019819303657,0.5705543175163257
359.2636687785177,-0.5075796250976055
381.5319086195865,0.49946013949272583
363.25373687228324,-0.29576872111783814
348.70866219930576,-0.3221745748894591
340.40785131519266,-0.10794320879290353
313.5561588575127,-0.313601440332377
333.9709940728379,0.3670673583369535
387.0649480480689,0.6976944408451118
392.8490857359581,0.15554111283961447
365.1892889635872,-0.2205873026862264
355.468917067702,-0.1081978187162349
332.64295846354673,-0.24306121345705378
308.92185663371856,0.026123995412262957
323.97116548652536,-0.1383310942328535
338.2696337368175,0.3457483094395002
327.0210997376225,-0.34666902377193765
327.4255909481114,0.3957471445635292
327.4255909481114,0.0434887631656693
338.2256146831207,-0.13063527973076816
338.2256146831207,0.22032003071217332
338.2256146831207,0.3190120303748927
351.6513797048671,0.1558974793113066
316.424430747267,0.04301225683093435
345.5739672135141,0.2823816235979848
331.30256276414354,-0.07957416984220345
304.9459365851741,-0.43127329166782147
338.661028713249,0.55682774689285
314.5498264464325,-0.20810226963908462
302.6800981559366,-0.3304939983809163
311.09965581567354,0.2448615563855583
324.3683073232084,0.09779182578267864
329.36410295942,-0.022780151404276694
329.19610632612785,-0.026462375048367903
329.19610632612785,0.09547111115921325
333.24710940305266,0.15328853306914425
311.8341963848692,0.07852662854918435
344.6131945302331,0.5714752470864823
353.99336307739264,0.0637731775273096
368.26985027377907,0.3373359535894451
360.9577376387121,-0.13039772312913556
359.56882283309227,0.2235076619836036
359.6385046497513,-0.16599284344749776
341.9915152651917,-0.14920406466524128
371.62641884169994,0.47233664173165835
369.7605205057687,0.12649692348668395
342.9653032505911,-0.290994529519935
379.6384370619768,0.5754434247493236
353.70948607847095,-0.007546114272145132
356.4655036858663,-0.28407039078615526
334.29873360056274,-0.3365093798805674
334.29873360056274,0.6452431867369341
334.29873360056274,0.7682056809078404
314.88901068691786,-0.3050253682724815
369.5738602247809,0.39614213213690164
349.7050510100707,0.10282539133618229
361.7058725016798,-0.00491951005892588
343.0163131186078,-0.12046090181945601
343.0163131186078,0.29401513467723817
343.0163131186078,0.6078817496255624
343.0163131186078,0.48113245796957926
346.6732384466936,0.05956988395860208
339.8835761455954,-0.13025629088167534
336.32850377212765,-0.20762616999957118
331.1626195738761,0.158061645767134
331.1626195738761,0.39373247798266675
331.1626195738761,0.05199988807885347
364.25508978675094,0.6534215876729377
353.49439474508114,-0.2730377590705757
350.56223824741744,0.31969472110176866
331.44350280708085,-0.18898477048446694
327.0857514548987,-0.2134684475921631
338.5998699508973,-0.057787381279922556
351.8671581617667,0.4335385865816761
344.7693636822571,-0.42769756716302254
338.15321958532434,0.1446890963070473
338.15321958532434,0.42224154881876075
336.61610391923165,0.1465851049928233
332.9289378425633,-0.23807650743538034
315.47016700957977,-0.10027282130056392
343.8790652194786,0.1568597086537693
365.659345103799,0.32282822513479914
381.8293587954553,0.30395652595325373
369.54633997153263,-0.3829293982373656
350.1200686901511,-0.09321528524401401
317.57119943785983,-0.6281450210652793
336.8757582186004,0.3455585119272655
341.60667492623156,0.12770168542613192
315.9850534591313,-0.3127438445660573
350.64843663888837,0.38128214697871954
355.3279713189661,-0.21495496837019346
342.95765821053635,0.03828261577973535
342.95765821053635,0.26557755082569656
342.95765821053635,0.6223830629517124
321.7120705615552,0.32339363441042224
308.15691215588646,-0.40555367841147927
308.15691215588646,0.5214207683627592
319.29509477509214,0.33075119805607756
360.69593049665417,0.3926284987518329
334.0065952622229,-0.1299213473648706
334.0065952622229,0.39251259992136056
334.0065952622229,0.4290183822010931
333.4657811920633,-0.015034374060746813
333.4657811920633,0.07958279440185834
333.2793134002406,0.09273846857024637
339.36631900125377,-0.005571266644210482
353.5909743323459,0.47393756184078484
358.4379191607596,0.2690008460726858
356.3928185763484,0.017145854577051978
344.51985265349083,-0.7734643778401278
304.7269138019399,-0.37895178571784527
345.99697529883167,0.394705252736685
345.99697529883167,0.3367111862347656
326.623153440988,-0.5016703700462131
340.10993017327075,0.12288174010041075
322.768701578772,-0.04136122731870273
322.768701578772,0.7339084875940216
322.768701578772,0.23373212795297604
299.12944957418955,-0.1434853416446913
306.0081287655819,0.12429313352117788
303.640104440899,0.08478465345353925
343.05209003209853,0.17306100698090177
372.01588696881174,0.24342005919072562
340.3724380378552,-0.505709249868346
372.46181502867194,0.34465488693217594
375.93281223493193,-0.07264750635829387
356.9433046504734,0.010006433009948523
354.36533829459626,-0.49665507041436285
335.9179141197605,-0.24078225328275948
348.90340904158074,0.44963357381459446
361.0317013774037,-0.2111014805374225
357.42158051504373,0.25251408814267506
365.4514337687688,0.14352626977631644
338.0329043177382,-0.4481678128411204
328.6241278352788,-0.24223592285579798
329.007609839516,0.050593676234598206
329.007609839516,0.4495030303388603
326.83268641007066,0.08475634935996368
358.47464153216987,0.20073764102710356
331.7923559388751,-0.3883403915981489
330.9548804465726,0.2196726184055251
330.9548804465726,0.22151539010997112
345.26956976429386,-0.05206716386783228
333.86432169170274,0.07442252940609251
323.46086161588164,0.07243984815875137
323.46086161588164,0.43910693286215974
342.91686672041016,0.05182909654934065
342.6480958107531,-0.0724139131193624
365.51582957531747,0.04755252294546608
340.4149322928784,-0.38078542344669586
362.4560378366378,-0.05898807986000065
362.4560378366378,0.047834036238327826
370.9768187294756,0.22360542839692243
338.73440121695154,-0.3823471455525578
338.73440121695154,0.15980366924782174
338.73440121695154,0.5507670334127397
332.77305411398623,0.23445145596451766
367.6338317738051,0.13369825747940922
352.8350875333938,-0.04167039573269449
352.8350875333938,0.6571955406172947
341.31085958946966,-0.3283661702782865
337.16257209974674,-0.04197736733090096
337.5708018780215,-0.0026274630778289065
322.7620873703587,-0.11627982759284805
337.13664215072413,0.39326900934918285
367.5373136087446,0.5104147209042367
345.4883208809341,-0.6557549937649583
345.4883208809341,0.2062371249979833
361.39788002493844,0.0071540710094950555
348.46196041278574,0.013124040187221908
375.9546759125675,0.4403891149672745
366.0247593984778,-0.4878118034387171
372.34906315270797,-0.11466131049019168
330.93451044434784,-0.14441740678216775
330.93451044434784,0.2220857556313831
317.44267823995483,-0.21002148353613848
341.3872362709315,0.0006292629593644961
319.028516072484,-0.26006611543505187
345.4512121604775,0.16962039568556975
352.02166170278224,-0.12679634493451886
357.9814421157082,0.4016014847245515
347.41022713402646,-0.30766922142277053
349.83947677576487,-0.10011924957098017
344.34500842110674,0.4006487993767678
357.16782630120434,0.1830962216209855
369.47692447059524,-0.11696487768506358
381.70939468892055,0.4319954590641828
378.68734336754216,0.23047980406261104
404.9092112067419,-0.24501780175205568
355.60023976408183,-0.6373274394144346
374.9977483391659,0.7428660276103756
386.3990752681882,-0.2911489517938435
359.42488761937835,-0.15717510938372925
345.005081475069,-0.20773379350043797
334.0315099155828,-0.008694797653447495
334.0315099155828,0.3808506003711045
370.8164710254387,0.12894913009358788
334.9828208911702,-0.15051339325236768
355.26122229653276,0.290106040021783
361.114898571898,-0.1773829954267967
363.86122296670396,-0.1560066744489177
346.19777198647654,-0.22674392357100714
346.19777198647654,0.5103274092101628
346.19777198647654,0.3405720376579211
351.11542796744794,0.3521271958206853
384.93404763910877,0.24988615684833348
351.72640353696175,-0.35469436369453433
350.92013646549873,0.14105842153435333
368.02872948375506,0.061294236420735615
368.02872948375506,0.6581724471116104
353.35297294709125,-0.23009140709154963
386.06402985969004,0.3811519646044417
394.7142633956917,-0.13354852349607427
378.72577184168847,-0.3063845098100728
378.72577184168847,0.34615399004474057
357.691267235754,0.17456009806539896
369.95408312417237,-0.20398931075635574
352.8146945100593,-0.2967017816660018
351.8319129467482,-0.27405105770412774
352.07665833550743,0.02626125143842728
352.07665833550743,0.3226221211120901
372.88764487719675,0.32259014265844144
342.0501927534366,-0.1706556244660078
362.9366750109634,-0.09125411854154208
346.9858903689678,0.1429963211375025
362.35296143375103,-0.1588480041806406
341.8697968560313,0.07269679935870954
337.7773015171941,-0.05661757488405783
336.1705569659936,0.352296657356419
317.54930414936837,-0.48286452432341775
317.54930414936837,0.2455336767867493
326.7389297115393,0.1010986392528821
364.7994206341291,0.5588367935624774
373.7561392676548,0.3228440771106307
364.47824927822717,-0.14155522516603014
343.7253989021684,-0.08514309482279714
332.118714410313,-0.009158777339962398
342.96718844375977,0.5025352501047564
348.2624455713706,-0.4198474187925285
361.3628085667505,0.029659870394425525
356.3252848800259,0.12962918262644507
374.76995984564167,-0.12690752956541473
374.76995984564167,0.2502258220663407
365.90457353026824,0.3401485454591011
365.90457353026824,0.2690888209028799
377.5978112705988,-0.11799433424732797
346.73826598046156,-0.4207780648739572
348.90637749056947,0.04592100255888454
355.8992481133078,-0.05704167114993197
335.6353957093575,-0.0738122279927893
325.1938286154491,0.09223573310396205
352.96902795996607,0.17726410634304557
368.94335172343335,-0.1766502200027844
350.4074513845995,0.03302705142345985
352.34434930021007,-0.4286995887867988
351.1805137901614,0.27272366300996964
348.23557154323134,-0.4542081787440111
380.51272084663543,0.28631389687905084
380.51272084663543,0.3387019787489862
383.74134056566476,0.19300689010219685
364.56166052941336,-0.11343530204089802
364.56166052941336,0.7650443910467857
367.5487260882979,2.2781560119256028e-5
350.82390307689144,-0.4342037246876771
349.21539299872717,0.2413513682138273
314.99958541113716,-0.35406139115877977
341.3925544374744,0.5228036300318308
362.4682573176683,0.3069228084024189
362.4682573176683,0.5750703902139094
338.8526657668795,0.17496630159837423
346.3973638492406,0.0581866605130017
334.39440834542495,-0.020925204746617965
358.97764787718745,0.45014994995847246
358.9516196394895,0.020425484755605794
392.3237438521063,0.5089072125209668
375.60518140923784,0.12352452611537501
352.74851896059687,-0.37074058765529116
352.74851896059687,0.1856051128550007
350.09949523717404,-0.11276433640171035
354.96934449062985,0.17388444692119265
357.8977473167852,0.19465575568199256
357.8977473167852,0.40597108601946275
340.83574466875467,-0.17527364994225536
347.9888425048399,0.48277944346989443
343.90367932161365,-0.1522496815100567
367.4010512741791,-0.24526305921767744
322.7206268105013,-0.45644320447240716
336.3647678246486,0.2813429909730303
315.96742639991044,-0.2183736626410564
334.1459295906114,-0.16675941569792485
328.4930099138554,0.23316234974129202
372.5750608722893,0.9350312662888882
349.54836807171944,-0.6354861378656551
356.92582393490846,-0.06406680063332715
380.749107796622,0.10454983093654846
364.5090507764841,-0.16559381873537404
365.639160340447,-0.25597408038754565
341.66446023994246,-0.09939105955891137
367.79925990923556,0.2571225947330049
366.39279592397446,0.32001261949721993
363.8976291934376,-0.22536954806889753
363.8976291934376,0.7036347267059
357.2586682450857,-0.07834177259314856
347.07928716948965,0.04699133452936621
331.7521027140371,-0.2595180854211776
352.0994523688853,0.12472105774963893
348.1800319981036,0.101161514182877
332.91635097403173,-0.3973895946777475
341.2279078607493,0.23794134268837297
339.8953445813888,-0.3999270692729624
369.0514181581103,0.5578790846577704
322.4884917613018,-0.6121183599447022
345.9267485746089,0.5046633335164188
359.6916766417373,0.11390250140198077
374.2516090748289,0.13483882432365135
369.01715980882864,-0.39229744750878126
386.8829715081443,0.27718365014197843
387.0170124235314,-0.04157671890811798
387.0170124235314,0.30883242493416674
410.5379858640542,0.2964264413167257
396.68859751558335,0.037682514718198945
402.06489065225975,-0.17903652667439474
405.34132867342447,0.18854716792600357
386.8075498534002,-0.25082758023495444
367.13005461236656,-0.20588480085689298
367.13005461236656,0.42770770609217834
350.33817432793063,0.03609112295509931
356.85931513997343,-0.10216807598635569
325.68152244061054,-0.31273215068517857
321.7520698188826,-0.22888220449169694
326.5934075252453,0.31250177040510607
340.4786826633533,0.13682809283909592
331.74879845655875,0.14766983370986964
335.17990457247305,0.008407692334458261
323.46609648602305,-0.2921639398866773
352.6484791957406,0.02560382352282886
352.6484791957406,0.6868412372662078
367.114447539174,0.48310298741102997
356.9537925160739,0.3479859736303297
348.9801390258173,-0.3075527508289042
336.28252986077086,-0.2709338456174919
346.8903154893591,-0.18747211049276302
353.2452327814177,0.3309067089153359
356.15487141641324,-0.12285951287094576
355.82285464777124,0.12540653635653598
334.9530691696809,-0.7621850735681619
334.9530691696809,0.4543871852151824
334.9530691696809,0.5343342542298615
334.9530691696809,0.13274158658919077
334.9530691696809,0.7213983121382626
334.9530691696809,0.6057864279797514
322.45195892263797,0.5899728572942422
338.7132461937789,-0.0796834790749017
308.1534742727225,-0.2675017046648236
355.75058892460714,0.5447693267703926
363.2546812767482,0.11529848493864847
374.05698938720104,0.11765186068259936
370.21938852371596,0.12795367802368673
326.3326116290207,-0.8938307998072332
326.3326116290207,0.5834200254014377
375.73697767097417,0.8983404655862159
375.73697767097417,0.23401727901921276
397.42417797621096,0.36437216381455073
368.57521484454713,-0.1013416462423038
335.9173129720268,-0.45634743959612933
325.8490435069278,-0.08096009705195684
354.78065631752315,0.541024624663919
327.23393943172675,-0.5596302019561108
343.54827170171603,0.31302598024467443
369.971671124785,0.15017072670411835
367.196507229857,-0.0319771306506027
358.85104006624596,0.060888314024737156
374.0551081113633,-0.33901080113309945
359.0497718645181,0.06658420095254769
330.8191017340964,-0.21867754711274756
350.10697919843886,0.6709674512155743
345.46334364495254,-0.48790499039546376
373.0722459002924,0.5865998464922768
357.286595569338,-0.42078145113885057
357.286595569338,0.6538050838198615
331.3524530275101,-0.5897488146592877
333.8297414502961,0.004805305594345555
334.008738682275,0.13982084435701836
343.198212862027,-0.06438645290268141
353.7902422069389,-0.022664604027568203
344.1339160353746,-0.20664608355775727
355.191152011808,-0.2699146735251361
357.1817855535894,-0.06039994044465402
351.54280415910966,0.3113011796835963
337.00728910579556,0.002897996200090347
331.8940024335755,-0.07967500783774994
331.8940024335755,0.24381681866998406
333.82456228654684,-0.02370563712315743
338.6541950501216,0.05666183031962646
333.21527721147487,-0.18199388775087755
333.21527721147487,0.22356762258755225
331.6870557859768,-0.18591131720938847
326.96531978365266,-0.03287614290900365
326.96531978365266,0.425508081397993
328.89704973082877,0.14024391887619458
336.58408900165705,0.22889143519057598
316.77198993777716,-0.5651743719491833
364.2602923844388,0.7682013991061467
336.48376852908376,-0.7742867827593045
336.48376852908376,0.675380168668994
327.4887778699307,-0.04792261087118277
346.5583533906534,0.2790884018631914
352.18665870272474,-0.04910680545651758
352.18665870272474,0.23516443351809357
324.0418889842441,-0.48991380113773175
352.0052365200906,0.26420590612008255
334.9864820569262,-0.2397124106460069
363.9893639008807,0.3616747560085969
363.9893639008807,0.339775070672772
363.9893639008807,0.5467672322238286
368.3553522813336,0.23255360398979974
361.6434349326794,-0.2225044690798086
365.2838140467564,0.04297541942560201
376.4258299761949,0.407827208055096
366.5950125294135,-0.07332252947423967
362.4706204722728,-0.4203937164152194
334.11376392769375,-0.23305134131578598
320.4670544100194,0.16592515613683645
356.65444891212394,0.5562939066483068
321.9784003168643,-0.8222379075887147
372.51523269619963,0.8838104074212652
358.99854612130076,-0.14290749117310497
338.63945131271936,-0.18876603465480457
339.373155789598,-0.08255076388468296
297.4409916765361,-0.6606169234885328
297.4409916765361,0.18407949114237
337.6924296537282,0.5594467872368796
328.6289125666688,0.0345439994850949
307.94337511963136,-0.5971443134199035
338.0211416295188,0.5706521354750294
329.82972414115557,0.17879978394182672
338.9123828197462,-0.069064066490796
372.02720090016254,0.31496109329759747
371.0854176178906,0.002396826560925547
389.56084192431126,0.1533019970792111
343.0424226882843,-0.15942988239669376
359.8983538101077,0.355222741908392
350.37790476387033,-0.1189179895578718
346.2561789361555,-0.3682910870516025
353.39435349492123,0.00627427433369121
334.7208872104844,0.21732658611222178
334.7208872104844,0.02591873959761415
298.1373983085203,-0.7039778629253988
299.86160309989117,0.11468178660197736
299.86160309989117,0.9655200405238702
352.47357107506866,0.8691303837199484
333.1612929886608,-0.6467563981029798
335.88156252553057,-0.06473690910820551
343.9633160327745,0.0030480615749866047
349.79702484674783,0.06513760900020316
334.75537027847525,0.028498936206460712
336.52644582652954,-0.061392211552629306
325.8233994402373,-0.10572897810061477
346.5051433017191,0.34560301709711894
334.1718990101594,-0.011430304131181401
334.1718990101594,0.16957817918978435
316.4359582646598,-0.2972334779043422
354.06524364405357,0.505930405907975
340.04016635805203,-0.16543298430258346
353.36660176429194,0.3746297506729661
368.530666832172,0.11288871344390827
373.1702397362209,0.02088615991874576
377.8535698085314,0.22288730787931854
332.7383123702888,-0.7352665009894963
332.7383123702888,0.3629001685951607
329.34044256419435,0.14052419350082346
334.7824403010412,0.38436960435649326
379.92117666794525,0.22940893714041977
353.530421689747,-0.22193430150616678
378.01785636285325,0.3546170836143574
352.9402094926176,-0.39958442157171703
334.04374987650556,-0.37831558324978687
333.67065402941387,0.07649044333379607
370.6770841187373,0.4532788568083106
377.2545082100376,-0.020119291381433868
346.1256465425997,-0.7005707917758173
364.18191369356845,0.030028423552721506
367.0829426352707,0.48940561863582843
367.0829426352707,0.3723132918983083
404.6388313885537,0.5111711295594432
403.7562563762953,-0.020067383796572358
380.8966688050356,-0.49672557503186
386.1491469695783,0.24568829280246973
385.17065519942673,-0.4071650172381851
385.17065519942673,0.337677775751672
370.7727274159383,-0.10408883129389324
370.7727274159383,0.20325747901574687
370.7727274159383,0.48226551670870776
365.9578924582535,0.014581164137780434
373.1118883094354,0.06425802670605663
380.3893418168304,0.3052415850373791
361.6149704545347,-0.5098855280903081
362.4480917259353,0.1461207143596539
379.53445044670485,0.2448408329786389
358.2706212345384,-0.3762327348611052
367.62159166333515,0.4123969231625324
362.55431318795223,-0.02899078652217213
361.86950919689986,-0.15186168796890342
399.46234553912416,0.5688545937214258
413.75983559961753,0.29549040310951113
355.0554806742146,-1.0493768042662168
369.56427101565845,-0.012845896911471755
392.2355338727591,0.47885954693947497
368.1419795992064,0.11291021055399142
368.1419795992064,0.6267232491089771
351.3422385830227,-0.4841553683438633
360.7055875951772,0.18048896302934736
357.4699175434862,0.20437941417378624
357.27668483973014,-0.31739868834222307
357.27668483973014,0.4314047204079543
368.71749279584225,0.26409461624280084
364.9441937951018,-0.3322019648094283
361.80979206592224,0.27841151016048116
352.7183422421824,0.10906162959156518
321.1527797669115,-0.3824786143379697
337.8765364648518,0.44856408527630265
367.2031408118894,0.19870881797248785
366.59585557039617,0.20581567339718276
358.1984114293714,-0.33072547690028387
358.1984114293714,0.7967894976550269
350.5752847810206,-0.16378913727930922
342.8286714150517,0.09778204128190282
356.1848253055926,0.16134287694399063
358.31884285340516,-0.2586431737888688
374.72803838695086,0.31706253263405415
377.17396751271275,0.023171845655269863
360.9929555485744,-0.22724641975344184
398.1651907749586,0.28608422942090783
357.3366069422866,-0.4893360668825153
346.4562738836275,0.1260005630069827
373.20617462919523,0.32478330274739164
376.53442784242395,0.07372312310587859
351.5158673116992,-0.599876523972398
349.99642191408367,0.20797492991982836
354.52855994740173,0.04743250939202426
349.29116517704915,-0.43868302343480536
353.24384256764694,0.07163101558808194
357.46112073624494,0.010504431458798535
304.66712078645617,-0.6178504879470665
357.9242390372773,0.46220931144443966
380.4395161377764,0.4330202978178477
353.31526288225956,-0.037688312126192614
330.0451760454063,-0.6858836318509702
335.1772215769155,0.5478544774031207
335.1772215769155,0.06284035528767618
335.250669893692,-0.33047932809563463
370.1293397229183,0.5869337568011588
343.170149525259,-0.34384790938656806
358.0444321280497,0.30376550455298457
375.07631258925903,0.32121044786060793
354.23411279657336,-0.23172557678140038
359.1204593135453,0.3396352852040536
344.83536194727475,-0.46812532632679904
354.1884369444951,0.16913922494859435
380.8321590365867,0.33246647975306587
330.2340933541218,-0.4906023627761442
374.0737965141485,0.6277939875460561
367.19398752023363,-0.06784903017933175
339.7854386402122,-0.5946571742932747
330.1445982786475,0.09773263766419404
357.10114940716477,0.2199554868756195
357.10114940716477,0.26241071428648866
352.97376134229376,-0.13812808417355882
341.68775451723127,-0.13489675165737935
348.93865043494037,0.3703532726276535
382.1687480219611,0.18862778001266634
342.1242188936929,-0.789186993813928
349.3481568831563,0.22982656606575347
359.16249184229656,0.03165791655976591
339.0168297061664,-0.11662361393905485
351.21872127135987,0.38601231736390673
351.21872127135987,0.4523057181598915
351.21872127135987,0.31540603636983633
335.76119494179875,-0.20052652267270332
320.01828855459144,-0.14913750092694045
320.01828855459144,0.7411631556879001
346.00065862948156,0.44322541620090306
346.00065862948156,0.1961653011838962
357.69324943353695,0.07213635091363813
354.0189658838225,-0.14900248295430174
358.14488867599465,0.18996113575030904
339.6896964564132,-0.05679332677345883
324.2192538730849,-0.29024104933148465
324.25303159515005,-0.03925627330158932
344.00904217984197,0.11178245110340868
346.0954397338231,0.09858354332652652
345.27217124124303,0.11290205053126101
372.82639678535503,-0.075270962376635
372.82639678535503,0.15648308864388127
379.75637305439915,0.29541690634857787
347.75203828648023,-0.13015300515871786
368.48549526860256,0.057384738494647536
350.0404430855585,0.09756703858511173
333.6972784259002,-0.2238039285081186
366.0638511761086,-0.023929471166184157
372.62502572254056,0.20081895876228373
347.2348982448964,-0.4549819278169025
343.7797295850173,-0.1116691312158764
323.55356602065086,-0.2751012735478753
332.9584839018134,-0.10052243558607188
345.4840918330056,0.13422750573795383
367.545944771807,0.29676112017443756
378.33735127126755,0.16134626318103074
326.63800002948915,-0.7636125925129136
303.77515403283695,-0.1345053495523416
319.25388408293117,-0.09766500498983532
352.64033210703246,0.5639702575200545
381.5312339974486,-0.020380910575454436
371.36498241187024,-0.07468292129237852
351.0887475565247,-0.12732614081483007
345.95101284554426,-0.36884491529497154
350.30541669716683,0.09436005407485482
350.30541669716683,0.2946958581810577
376.14505080527886,0.20593695427919556
362.8809521212538,0.10859784448882692
335.1677834060357,-0.6841248100600978
379.15979772327296,0.9224694054919382
356.64104066989984,-0.5139675881774792
346.44704813865866,0.4508271706238247
343.36138828174705,-0.14001433962164356
369.83722498086854,0.45934918709178874
313.00559008274445,-0.848055250818561
347.1658970697232,0.6292432734639988
359.0356487137124,0.14002874974517
371.6151483086546,0.04881770197755486
371.6151483086546,0.3147078362801494
373.7636384580289,-0.028543614200430056
333.0345710712368,-0.33206752184707966
338.855512014548,0.10818130934546843
361.4118657528096,0.13809004377242218
327.6584645804179,-0.374930818513576
337.2901737950904,-0.17047830886610882
340.0474576797265,-0.09208513383077843
344.0826080051853,-0.05119124792315688
341.52310132603515,0.131816023981969
325.6928372469747,-0.24087278405272627
339.23069722619283,0.2124776543232656
343.9126188308842,-0.027300042072738506
339.8078646793473,0.4763679802757679
339.8078646793473,0.4407331064543314
349.56882880501325,0.23326780496677202
372.29630118904754,0.4575137723588796
348.14346142814895,-0.6051733076499204
348.14346142814895,0.6837152759939045
348.14346142814895,0.46847038271596375
363.4538847919338,0.3082315080494027
369.91313202263683,0.30479359223795655
368.724529846993,-0.06434941822510609
377.7488077643582,-0.024111979014833196
368.3255006684736,0.19804102836224047
348.4372885374855,-0.319033546943956
339.56694462966965,-0.12573729081930196
322.80356419952204,0.07510616351009958
321.83271161298325,0.16487187662244196
329.5959029341386,0.10749351290564846
331.0974699408919,-0.29879979702059245
348.33206328093826,0.40090301264854133
350.92450434301156,0.16603266958622953
356.55544833075567,-0.0911241044915414
362.93339430378364,0.08325872940770296
339.93981329993227,-0.3104154466311684
342.8291757744658,-0.1829601661650031
340.87210099764565,0.0895522770849766
329.0335367117249,-0.16739436845966793
310.3209264607567,-0.19787284334040578
334.5260907649094,0.1790703560136535
334.5260907649094,0.37184015539912707
352.22321847157895,0.21398353959421001
370.72734816807457,-0.0734252651470797
349.0680283919166,-0.3775313490887129
340.9323309125076,-0.20951232871607317
320.5997811625131,-0.2099969587909527
328.37851691098956,0.21204943079510485
350.22961549798094,0.37537332193187467
383.793727609858,0.11428232578816733
338.7396061066576,-0.41504605419765994
356.5259477682192,0.3330368984361485
356.5259477682192,0.6783442051981865
350.8183085869813,-0.19972975115115332
358.77060327494087,0.19377602599445254
354.5119514724918,-0.05775806885617385
354.5119514724918,0.54951014828805
348.42798353329573,-0.4041262807146495
359.802022409837,0.18834506137159224
362.34858342803517,0.23646852458193734
349.6819785987311,-0.24563860739328902
367.6241231137231,0.16630473699592585
356.9679930169766,0.0469502165326503
356.9679930169766,0.35349418640703334
375.3295307044543,0.14703168817868573
358.4041743500415,-0.33911159389663226
356.7289792638629,-0.044089915602285146
376.0779957775112,0.4219783018605767
369.22238081727477,-0.1528969344452662
372.26751720866383,0.16191252662429179
387.9085342730909,0.4937290304800399
393.27087601508094,0.21789823315600643
376.8634280759985,-0.3243293985620994
362.9153643078307,-0.07281048607808316
340.7843253410796,0.11926386861728133
361.81629644487265,0.14338960032307568
358.5120449045705,0.2261413475283689
344.6361035078257,0.25493973438233297
339.6920272511079,-0.48666047296705983
339.6920272511079,0.526413806047799
339.6920272511079,0.785913217730581
353.1771415857801,0.6145787931687892
333.6620995018625,-0.7342640536733143
317.61279667458746,0.2439988738003649
329.2527332579656,0.038469498547101466
386.7350094218728,0.6708127258482364
356.2155937215183,-0.3998179719347945
377.9009351196894,0.46454344201958975
353.75108562350624,-0.6898270880958535
332.9905217856991,-0.11074758521647254
310.5053961384985,-0.41274191664240334
316.8994367332118,-0.03906345797099675
316.8994367332118,0.5184740252990423
343.4917211411627,0.5078217819678912
343.4917211411627,0.12159730194525764
346.3664796805061,0.3568465853925318
330.04660560596614,-0.5572272732549663
352.4137816874754,0.20145420618189291
390.4498471400795,0.4307918450521129
374.0651836665723,-0.3466515018036489
334.95161696440516,-0.640849643604497
364.60886082789244,0.3444015703800005
372.6502692039767,-0.2030119176545213
356.6606837600132,-0.03528729226536598
380.2898709343688,0.7237435627598643
372.81661822092644,-0.052545431891530825
384.88395766967307,0.053821148261022245
395.4709297169414,-0.08880828802739416
395.78676203480046,-0.1135391665577572
372.06327958702263,-0.29122151501132976
375.32198315449637,0.044495855198647405
355.30065964255454,-0.10584688860649294
349.43602560993367,0.10573978010643259
372.881959148994,-0.058012183391156213
363.63030595187837,-0.11930738916339578
328.7849098232972,-0.20555200478816005
335.36980345697725,-0.08052747506133073
344.3416037886927,0.10551284444511566
333.1764947541086,0.09054157456364464
333.1764947541086,0.255548577254217
345.12025225646926,0.37861206031334405
349.4041645447661,-0.7169553437554441
353.25390540736504,0.05183044868419984
340.22715722147785,0.026012318826133196
340.22715722147785,0.4026718977933115
340.22715722147785,0.771990057792209
373.75243185093444,0.40831878295455226
358.699357387226,-0.4296679462568136
358.699357387226,0.3442187770237979
370.26262307909104,0.3001482023291828
357.59778103046625,0.010743769548071214
356.791663537814,-0.3140798611619857
365.6276487253243,-0.17623405251811164
371.11550326310925,0.6034852201961485
372.0167143378882,-0.03429342973436178
383.75258994396125,-0.03301859690350284
366.48817735555014,-0.547138397287199
366.48817735555014,0.4696427102442158
340.0480293803544,-0.22165324408479137
340.6102771244515,0.2546938751683001
358.66132139422905,0.09055641257782554
358.66132139422905,0.319060261134382
335.4255701426884,-0.37467215416222643
333.24316513497786,0.06751901378402181
359.24002600326037,0.06957929626821624
359.24002600326037,0.3637232996543389
357.996948529309,0.4427770204359831
380.3018198671494,0.13478936511864958
346.25301209683255,-0.3139741683979764
366.81722563693165,0.16533820835809365
356.91274014499686,-0.1710339178457616
323.93257736183585,-0.3167506095257977
318.83233663408146,-0.27291840105476695
352.83927915288785,0.5764394591003565
373.4617606118191,0.4460396289101709
371.91010917616575,-0.17024546046502564
368.4646467932757,0.29404507656397527
358.89672908812435,-0.41976405144146156
355.95561705031855,-0.16639950611101995
363.80884962589573,0.047998809364457884
364.9708357922374,-0.04820799495087158
364.9708357922374,0.43783238364414956
410.4464732433474,0.5576452806842553
394.8130671423122,-0.03155509505882037
382.6704153143838,0.05732090018443614
369.72495889296783,-0.10296961277572336
387.0902855207029,0.23540713131853863
357.905908054097,-0.3372470063380888
358.6776092261634,-0.2615653777465923
371.3733596399412,0.7864376388832852
353.77608039970863,-0.10893123821540485
327.40835690087346,-0.17243361525436285
327.40835690087346,0.4275985858016611
334.38274936747655,0.015195108828152115
353.16888021574516,0.3706225419650764
365.88473465658177,-0.009664249522074897
366.99400697047787,0.5486768500854851
366.99400697047787,0.394942731717947
363.5731602761406,-0.11231051884055887
359.09206141975227,0.11824509888288048
353.15443234251154,-0.1600538719768565
344.11651611172226,-0.21437662762502896
344.11651611172226,0.39237409837255655
363.56885927281047,0.2907039497255255
349.43135743503825,-0.221179755867297
366.63966916050424,0.3204961209054318
353.91814013398925,-0.20641244128376002
348.871550873984,0.3027002795897715
349.283810477432,0.12330027392079046
328.7191953765229,-0.22520770502421783
328.7695995196995,0.16081871679534743
328.7695995196995,0.438955767026755
348.4175285839441,0.5947789981770484
342.1107063625458,-0.31646684301301775
350.035192028852,-0.08727999958614419
346.27208283686684,0.3013400397899204
321.18636585802653,-0.15950142811504975
342.8494322362626,-0.05830582777184645
339.0342401672079,0.48680412277531104
335.20120094919,-0.03650948917652386
358.4295154687723,0.09293062562960586
328.52338101198393,-0.36649994140054787
343.51051789136443,0.37272887016513323
343.51051789136443,0.3359454719828818
343.51051789136443,0.7613734484408496
325.2803729307539,0.1232474328483022
339.6153099950015,0.43798916904188445
331.4226760930381,-0.5713679461227912
334.6589852463973,0.3005668461289588
321.90711226226927,0.07691916792873599
321.90711226226927,0.3096188578944066
337.30484654386,0.3022099514253114
337.30484654386,0.3307818457316216
387.55247942373035,0.5555186041651723
351.7810091199181,-0.586576075591438
353.9304112328269,0.18132153870328693
348.82092650067693,-0.022394804751797892
384.3841244472124,0.13346769495774424
401.845185983895,0.12287616640105625
371.8886323785238,-0.5056005946453297
354.95448417149726,-0.060973748200467526
341.9258444294194,-0.2198610767475202
348.0845711630916,0.17731931473235818
322.5417621707192,-0.30273501734598085
322.5417621707192,0.37094001465175097
348.22259194092663,0.8122995956639443
350.1771116172848,-0.17076022765627386
312.7167253395548,-0.6481534927575012
305.8592311923813,-0.08834036528423894
316.62305674477756,0.30827394048617407
316.62305674477756,0.47881908017188834
345.70461831193774,0.383075345340103
345.9881295023065,-0.08003952811804993
332.2502428458366,-0.16646115585695043
360.8066652311336,0.2500788226061559
355.6198209891082,0.042348012457637196
372.1809755659144,0.1792166035882019
381.32416597128605,0.1378889895698876
381.32416597128605,0.6315574146531162
350.0990516253695,-0.3182331284316433
350.0990516253695,0.4139993827454873
392.003780705037,0.39004841927021516
363.897237354586,-0.12641894766329642
357.06227972732705,-0.091760910322364
357.03996223290443,-0.1427495171916462
346.93763451542145,-0.2647219648350756
351.5543118553183,0.5194965457483249
334.59775903418534,-0.24537949274736093
365.0314262622285,0.6130307306552822
362.43388593087224,-0.13919876209843096
366.0040161400811,0.46845562179169065
343.37261704864187,-0.3387813257976404
336.71392008757283,-0.17182424104271377
337.4253326798499,-0.014682836534689159
346.7964999874093,-0.08390478361457099
378.3074776867551,0.6306247001451766
383.4033565613565,-0.21195469372878506
389.6086047715703,0.24119857762275387
389.6086047715703,0.4302911706744226
356.94649266314866,-0.013696917692300303
347.99833661869087,-0.27449028227101735
377.09575495499456,0.359023807852509
398.8932813563091,0.20046542320096705
366.45584375204385,-0.6761591449760544
373.6122657919942,0.0810015322417712
373.6122657919942,0.4735860792842459
368.845585133062,0.07756087585391924
358.04241892355554,-0.26345009078795556
344.0646744140483,-0.0036676819240710756
373.82680364288785,0.24645667100446644
370.4792053205226,-0.08119317982675511
377.41306106466186,0.40767850885106327
405.23954591603393,-0.012416041045298698
389.86004905726156,0.43801438569937545
376.06255139475877,-0.1602833892501394
371.03658499761576,-0.3603854982567327
371.03658499761576,0.1812441387353374
367.3844180664175,0.13193782521398134
367.3844180664175,0.39775221501759006
359.9751659862359,-0.02293942437597707
342.5484761268957,-0.2951276144666508
342.5484761268957,0.5873596684967879
342.4770187306494,0.14787832573051674
377.48085414603725,0.06715060526948946
350.2888328262664,-0.2830173148566928
353.66313733844544,0.11914091358903534
338.5702081408095,-0.150950775956062
340.13860003638405,0.38873489585535026
328.4688788601969,-0.1920225213991671
328.4688788601969,0.4589074115402809
328.4688788601969,0.22975011557412017
324.5979490167373,-0.10309811267518398
324.5979490167373,0.5909278341837307
352.4976514396407,0.2760490792127257
339.64655501900006,-0.5496105513518614
339.64655501900006,0.6270687073401859
348.1525188755769,0.25477992150308637
348.6935899819511,-0.031935136137803966
379.1273252781873,0.49653875457602226
374.9717703320216,-0.3209094719145469
356.1505236816422,-0.42160149491076027
358.2726046264118,-0.12725610715483526
358.2726046264118,0.32645576250615704
358.2726046264118,0.4773341272034486
358.2726046264118,0.54040989887676
355.9471633024325,-0.170313358071553
355.9471633024325,0.46575891720658547
355.9471633024325,0.6299518349861728
356.7614493403519,0.2004691889494552
356.7614493403519,0.510214193238653
342.98312749433984,-0.2820099749877727
342.98312749433984,0.7072957870166192
335.5336093022458,-0.25635736688673205
356.9336039409102,0.5044277749483399
373.51613702109273,-0.06608012634774241
363.9709231677162,-0.16159591495966197
355.49211531115196,0.3870978528619844
377.74288724924287,0.3414452815632103
377.74288724924287,0.15692787365310323
377.74288724924287,0.1874996369110704
353.2399671991313,-0.27111215545278355
305.63721338870175,-0.38101319200029593
305.63721338870175,0.45411747587411355
305.63721338870175,0.1666877127306634
339.23418062268644,0.5720345326168399
334.32400118582694,0.028544702521912768
330.5178830544209,0.28818469557506887
320.23240418195746,-0.3087016782201317
321.1785592570591,-0.05774165758464278
321.1785592570591,0.7650919050070115
320.9901092620906,-0.06572807215354715
326.20291738369355,-0.032023059834727974
326.20291738369355,0.6127306956473149
326.20291738369355,0.03916264614395004
326.20291738369355,0.7864836104789674
326.20291738369355,0.7486007128097754
326.31243147359703,0.1320749200734781
333.4188859477954,0.146736564673688
332.10824061988563,-0.001188838422194749
335.4729308130026,-0.1361631183000327
321.04174511341694,-0.14013282407040606
315.4587279542947,-0.028624231773164865
337.21728177338525,0.048943769287689065
322.7892048919848,-0.28593718235765664
369.7916040621846,0.8366511415218838
370.3967368661394,-0.032854707432306895
383.636488816136,0.10981565043834962
372.50519097662794,-0.3901322957183311
384.47638511701587,0.24778020952044244
380.49421642693534,-0.22913767056104462
385.3165176539842,0.17488923523444555
371.65031593626725,-0.3109932005618248
361.6600796894736,-0.16097516198840367
361.6600796894736,0.34189466067073226
347.1733395259141,-0.3457680543938295
361.67469760382824,0.07171370482649309
329.9143202454689,-0.623923557833109
329.9143202454689,0.5544644924505064
309.5279367890666,-0.09875072575277954
321.50717403295897,0.26370181341928856
324.6019131847783,0.1465499409835047
318.08164271732664,-0.036075705844041295
297.8868351730653,-0.15163481765989673
330.0297061539363,-0.13539221375151556
321.4506001736276,0.32015440412055796
321.4506001736276,0.5538693418036473
321.4506001736276,0.7977809945789431
319.508575204878,-0.43489039366249926
332.43287917809795,0.4718479778280198
322.9089575054122,0.04844654315616026
304.24374270283226,-0.7029189389586463
318.5951127711777,-0.010277140091034198
316.83285371420556,-0.37402939709625116
326.8697343334285,0.5170905435245459
348.2728641652946,0.1459735379983158
335.2409179901383,0.21254177186222023
360.7452593245001,-0.019283485974028736
360.7452593245001,0.1476298352313279
339.1471165125225,-0.26813894185522713
339.1471165125225,0.38240464638170124
341.0048175609183,0.18750475092247143
327.33555647109654,-0.40153199394808325
355.6108587258715,0.24919203337719864
350.78567818388353,-0.2721052105326862
365.46146544986465,0.2908656684859352
362.45390735921063,-0.08471745299596023
353.9404355755413,0.06378076166345181
354.2801661959898,-0.139389892258464
366.8353209512718,0.11878162043626617
366.9181420993841,0.12783370011425177
366.8600968630863,-0.062216560160209156
362.8809254302245,0.22973367616600626
382.99468841145256,0.4290449874440583
352.8654567023767,-0.3895300030087583
350.0895444250245,-0.21189153968566643
374.5730683517207,0.4180157731947247
370.02775443282053,0.28028433951374154
355.64303238732936,-0.4426079555025808
332.12573670774447,0.1901835809098884
313.8815817011608,-0.422297341292051
323.8260567494462,0.12292248648668647
351.67153652028117,0.1743100380638225
351.67153652028117,0.3903146128309345
348.41595337904863,-0.08142918892428952
374.74501910534,0.4345926002520173
342.279650953174,-0.3533935965147066
326.3592626726984,0.009748704831849864
326.3592626726984,0.3432947817424292
337.7435073249646,-0.12372326664683442
323.8547576872414,0.06647474478472759
329.7495002639423,0.23117995047289241
343.15616778043824,0.10606432460178894
365.8042196087785,0.1959888648273136
374.019316657873,-0.08636983674296062
352.7033337587752,-0.1398703034783466
365.8857694798619,0.3028715892262426
313.57018591707333,-0.7219679072408098
299.35818761004924,-0.07000131223094286
303.7105174937745,-0.0736096544717384
311.28273438294303,0.03343411962543996
350.02378233978993,0.7708386334969646
373.5335356059188,0.06912958434566008
369.16926195923423,-0.4780805271492454
336.36462902927235,-0.40964227635618045
358.11256514582107,0.24649880867707452
369.2488233171963,0.10244986949442136
349.6347548207033,-0.037040291575067386
387.6442685965531,0.5209247536402017
393.23874966516695,0.23270253412761122
364.58921351051873,-0.38923384815564077
364.58921351051873,0.5751009742941733
339.78181505634996,-0.2645525167170035
309.6475326646832,-0.4886034861073085
306.4540424966625,0.21060094653751094
306.4540424966625,0.22340140245057682
309.3412445769143,-0.21255540059780742
348.5476159527681,0.870099889822427
345.7989130406925,-0.25558282235533625
314.8647003167081,-0.23177268904203174
327.50711691189485,0.11830685449376688
335.80752983000826,0.1489213979809847
349.79294675616785,0.24012184860464458
366.78241660397237,0.3988977072265243
373.32782936971046,-0.008392448754079851
366.42862038352376,-0.1416473265313698
394.04751491123704,0.6573504507927055
353.7821077701875,-0.468230428613424
362.2926951399474,-0.16066101300827995
359.0578915912181,0.17865907777547818
371.50082629055635,0.03622036225328884
345.12541752055876,-0.08619198079315993
369.3365545124963,0.32149806779807477
351.3528270899809,-0.04473237500099003
351.3528270899809,0.1902773156435842
351.3528270899809,0.3235096406272078
344.27366897315176,-0.019112772544872314
344.27366897315176,0.2762982927841904
336.19103948033853,-0.07518727897559074
336.19103948033853,0.25328644856654137
344.2389295559496,0.2876228291490861
377.81440355805404,0.09226764605341486
352.4713287405905,-0.17439113911564164
344.5888126958118,-0.12886155295791468
371.08491232486165,0.4450782155668094
348.06492919373943,-0.11240621579997878
344.57565137430765,-0.05316704136646422
324.88810793060463,0.024201574132575843
357.2675962040881,0.39747472376268433
365.2036238671512,-0.15301587850990472
366.375562553668,0.074113239639928
359.0401012236484,-0.5517533679044391
370.17378697929234,0.04158257089977724
370.17378697929234,0.31016004466675895
346.4084599323907,-0.07745658113663012
346.4084599323907,0.3726528625990113
324.25065765146525,-0.22964156774992261
324.25065765146525,0.6305318068513088
324.25065765146525,0.674582222615868
340.7971065715345,0.31378793573219355
342.3332322011001,-0.13042381065747577
376.20674008542926,0.33159657036901535
327.21674965353156,-0.7223397465141943
346.2360406643701,0.45248239781381017
319.2612437339684,-0.4784508736265707
333.37574147781913,0.49725703449450975
376.8855352854171,0.3674204222766093
376.9258830273005,0.16430062872518647
374.02260386055474,-0.13800455837099435
381.58126047491595,0.36254768800858983
390.11824776482047,-0.3596526549097234
401.7808599881972,0.09160707150510916
386.54844944581487,-0.4156360410598836
360.80257627056864,-0.004479922087170962
347.61336348690963,-0.33037046665117487
338.94461338316916,-0.16436486788575166
367.84028472132144,0.5679604414707455
367.04025059062104,-0.026637535311579086
354.06511862370144,0.19444542977998935
335.69141501178996,-0.22803029390195206
364.90494926029913,0.7716032215273572
360.3070554548558,-0.2934858678065666
383.19529996817937,0.10058315693720488
376.3552568243343,0.058655989562453215
410.91143373427917,-0.03855908645289219
442.42704597610117,0.495049647656856
399.41188937666396,-0.5153517945057047
356.99608867345717,-0.1809166839793761
329.0149173837285,-0.37832359456047016
323.3795937990157,-0.1654191889899721
342.5520256282969,0.3262667934811816
333.0734100502697,0.10373073953155654
333.99414021293614,-0.21036953911072942
338.52359054660604,0.2684962386819052
309.2883236634499,-0.5653005619647047
347.6118611554324,0.45219215689894554
336.54030073522205,-0.029224462212937397
334.111866092264,0.258339511918507
324.9446962249024,-0.4031707723868294
324.9446962249024,0.34711723294174135
324.9446962249024,0.5723885759491623
337.8217043754137,0.5106235040029787
319.1514815062156,0.04577449409748624
357.6034747782491,0.07184356965410643
329.98540891589073,0.058241592184913316
334.67568434220544,0.03519505104338805
343.36268922140505,-0.055389681344649944
332.16953212996447,0.021066798202127757
319.20418432941756,-0.2552356961521127
348.0139354310552,0.7135830628341182
356.08931258520937,-0.09253811252960986
323.24260669356505,-0.3400735706532032
361.3325511325617,0.4564174739873579
361.3325511325617,0.33683683236608886
347.74615353107004,-0.04703537217108078
347.74615353107004,0.4171306439999398
352.2475060081969,-0.006188825516005636
352.2475060081969,0.3304119052208989
352.2475060081969,0.3683976886172786
369.18949132767136,0.30871996644782485
381.8529239140364,0.21827802679354136
359.387291857005,0.05142669804627076
365.7689669650412,-0.011980063496139337
344.9760298067627,-0.4405573103761071
348.5054839638857,0.04029529522847497
343.6878427343961,-0.30163470175182283
336.75506857333056,0.1311827295716057
300.9259094831151,-0.2846074795561435
307.6718073611748,0.021325385386262496
310.28228613810955,0.39662458076475104
346.6443917943441,0.3612041530439001
326.9427399404627,-0.20223215587907362
326.9427399404627,0.2011836996960028
326.9427399404627,0.4006403133795402
326.9427399404627,0.4977309144752553
317.929522260011,-0.11423128581157016
307.2295003884927,-0.18917300180305574
307.2295003884927,0.17591441312060851
300.7606269475646,0.41004312602308346
346.58283383925163,0.11737690780216781
339.282703100648,-0.16551983028330142
339.282703100648,0.25411210348067925
371.41731553810956,0.31101931186458387
363.2525678161511,-0.0009068576180197851
349.20078559085397,-0.24772269666391367
322.9350922944012,0.11436770962438914
381.87500582925105,0.5525787751254256
366.42529386268393,-0.36153930707450854
339.92342257556913,-0.24375745879046917
358.109943553654,0.26937226010932136
358.109943553654,0.7296937088008235
370.09012554085245,0.3405154376333712
368.5319600487839,-0.2917562715758777
352.218793673663,-0.3167273752960682
338.7867464039608,0.11215424368151616
338.7867464039608,0.0590232016693335
349.48486044154515,0.5695969355238049
326.7895596062514,-0.6751826102156429
344.9516683845923,0.243738014355813
334.01603509913735,0.08627201948991114
344.5691229480815,-0.004269077486696915
332.0364323675922,-0.16888033116856604
310.2662369167219,-0.46324163169958865
310.2662369167219,0.6838182702936138
316.44062182587123,0.241309134998005
356.05179369802613,0.38168850710781044
338.3482808027965,-0.06350498682900252
344.9921288141266,-0.05604121866940659
326.48961670178574,-0.005740067077681488
302.97860306708367,-0.03136999116293282
331.13906237394497,0.32973470194781385
296.34821023528275,-0.18668068138765648
296.34821023528275,0.331449750978436
307.7200853897303,-0.21912254693279465
316.14633437249444,0.05702767276193299
326.210541936276,0.20164266166534617
303.797258255979,-0.389395521324559
303.797258255979,0.9787311965985737
326.84021103124854,0.5621111295183709
327.459880676606,0.18000719702445167
327.459880676606,0.6909918764638405
327.459880676606,0.29127517396796065
327.459880676606,0.4516004306007062
342.9324126883826,0.16069763383461577
319.7453022878614,-0.34275396449800155
350.7991673564715,0.3769741903197428
363.41991791493297,0.03198786322593605
326.97853197449075,-0.5857412940052882
312.5987368028369,-0.1900074840166326
312.5987368028369,0.10817082313121773
338.2555640763019,0.27577955756407846
330.78715588811104,-0.05843539474358295
331.2390128206548,-0.20322217154489408
369.5501470680083,0.5414564707231193
349.9810471889033,-0.20344508987136578
365.792271284374,0.34812481913843385
361.7517095122838,-0.15312176612394524
374.31191022515384,0.25095757287965625
331.0425378342764,-0.5497652751396345
356.74078426485914,0.3795102817299494
367.29019405769895,0.3224211681475708
371.38518930713025,0.14568169511721862
348.5103215212041,-0.35781158135228
348.5103215212041,0.5984247433394785
349.7206268684158,0.03881275413766616
366.53296027787945,-0.21256432432392103
381.05130470819614,0.5309657008685917
378.08374262047494,-0.03024847523272456
377.82090229718574,0.26307984600077816
375.40225533766323,-0.43760947937516903
314.7761328049434,-0.6992182705341747
330.9197594247371,0.47923946454716315
316.4503070827076,-0.6416773574197805
316.4503070827076,0.7599228077260705
299.14205603661617,0.09138735105909745
329.52391885609137,0.2733642888133545
326.1017245879931,-0.23439435036152645
314.61100595951916,0.051308457235222704
339.75261914861915,0.5902396518768
350.459727638904,-0.003942448834322931
360.9927064725633,0.1343247782368735
335.14057972232354,-0.6665029576868164
336.2659591840753,0.01269370795660052
334.7616903049839,0.20462450794263987
329.24646383451875,-0.04081963703777092
322.2107666867778,-0.34642795782338
322.2107666867778,0.5540841287941021
391.0443702886574,0.8398280661956505
362.94643985424364,-0.6218090437314459
374.2888985989015,0.047888920388800216
347.808344088942,-0.16801841240476278
325.80968208717644,-0.1951703309231334
345.6307498958311,0.006320578540908173
380.33303779006997,0.45913003139412467
380.33303779006997,0.3330914572821939
380.33303779006997,0.6274038195389267
342.3826433142633,-0.5263848148046009
345.7286070317611,-0.09217959320017144
341.7569820894515,-0.11139407717018912
340.46485692933027,0.07210317772921826
382.59981866712076,0.7674830070634471
366.8067792468476,-0.4633084536469596
366.8067792468476,0.0028516903917079617
391.7111932428934,0.38921370817422485
398.320119298617,0.057528501273736765
372.45982823896924,0.13412311469858196
389.47811309753206,-0.00978133157582306
344.23584554681975,-0.5897482212038767
344.23584554681975,0.3312372443919003
338.85161877007187,0.025054016928379497
332.7040236185385,0.051218197602793225
338.5255575865022,0.04276453422562554
353.6674892515959,0.13589516319916584
341.3879364921824,-0.0453913528473322
346.5843249002069,-0.037905570519228604
336.14281236121093,0.13035024220494051
336.14281236121093,0.5855505224219542
319.1315570901655,-0.4401893517466533
330.05212618083397,0.047713802033513275
330.05212618083397,0.20895597758453732
350.852904498902,0.16450341889890296
332.79001055746835,-0.36162225088617106
332.79001055746835,0.38087170749236066
332.79001055746835,0.5716823678134233
332.79001055746835,0.8389985028272804
375.0988098149434,0.7892458888180727
353.7179928823783,-0.3418927997629453
372.3214173493549,0.15876588864432506
370.5926117673217,-0.26002420784459446
338.3070923217955,-0.38301885926148316
332.50722758372956,0.038725305296679835
337.1256855541584,-0.1039724153761199
332.5641044514369,0.17921581302562117
350.3530717674892,0.1891441132215732
329.58993852500265,-0.6540382941361713
353.3375944033454,0.18174323946516324
371.8139066546706,0.2770655499962231
360.94324207191386,0.003601727010391187
369.36714057442236,0.04372645821251808
337.3003096915242,-0.5279907010483385
319.574293108555,-0.2158796457185872
337.0163916383383,0.34867420383727676
337.0163916383383,0.28263059071332464
327.8050847945633,-0.02148223152812534
366.9211145211742,-0.008009309268004472
386.66587876839475,0.4501047012881827
391.70432447519,-0.2830679467089112
391.5276045866757,0.22643813540707924
371.7346627973409,0.1258987582689315
390.8390544964832,0.2298054501001161
384.17259671986574,-0.02497233054600656
349.54537902707585,-0.14662166876598803
351.8947468838783,-0.17407993816323142
360.3502476950153,0.4759369669695843
335.772179033288,-0.7931769064368837
366.039758730293,0.3957168689869377
353.7967296502971,-0.4876856698386973
388.69662746049494,0.5426831502904861
401.8421102133762,0.2544496114129515
372.42258100970975,-0.5514966747454082
358.43427761327547,0.20510170944271522
332.48292553492865,-0.4125683478572455
332.48292553492865,0.37509819933893596
332.65253564043354,-0.0033294873798013214
346.68123537000946,0.3650531637357517
339.17159554818943,-0.04443891943788003
336.9276372294041,-0.27938389000439656
339.3214330558292,0.2787856941275777
351.2534461791727,-0.008850356331208786
323.1466060264292,-0.3579096161817006
334.0294960915242,0.2639684449932247
338.3375683667798,0.16471323108532943
349.73693472785004,-0.2833152451406704
349.73693472785004,0.126996526405037
355.6880414041169,0.33600133116669895
327.25162295808457,-0.2323368374597976
350.0047767698375,0.11330825077402551
331.40311016157546,-0.12819366599842397
364.1591243490392,0.25865986305973365
355.1151151143886,-0.0763665418335222
333.3793414908195,-0.3333380141896214
330.82869857178423,-0.10861496821041783
326.5011344684928,0.2746804531257112
325.50091808803126,0.2029777690811443
325.50091808803126,0.19454965872000685
343.19646799052526,0.2773536082103192
343.19646799052526,0.4966997986505248
343.19646799052526,0.22402356438317383
333.7354631730159,0.2392116641872235
330.0693334564488,0.04587528106776517
332.2849176173992,-0.2158352161828816
358.7558628667772,0.23100407424203695
326.2937352752354,-0.17450360969291978
326.2937352752354,0.5810997410776508
326.2937352752354,0.09815315455057316
330.09317539492383,0.16176328423830455
337.8991373189023,0.055923975205018905
342.9911053610545,0.20632788247542067
359.1641224895843,0.09285516579871
351.8484293975423,-0.23013302947606462
362.1488413215886,0.10583501369910664
355.00818007968877,0.029960666030660832
381.59726086155246,0.39128683262481445
369.23401243227187,-0.56370897325246
362.3109305609719,-0.14272742899004243
369.2921531590696,0.03385500393426355
365.16409630573276,0.037511832462769235
345.20114863779565,-0.3218276808064502
340.96023995139916,0.025446710485653057
345.02708506518564,0.05212054404705668
346.71142702001254,-0.033149625141277284
346.71142702001254,0.39422189392280416
345.5182663474177,0.15927201655449608
334.3404786485656,-0.1759381193014633
341.41173994072517,-0.07174297494771054
325.0273813956731,-0.2417586397781406
321.85238978760054,-0.05464431314953799
321.85238978760054,0.03636548127633432
339.9188673209604,0.31241774053728477
335.0056651191033,-0.09172112015119183
320.87137782492243,-0.1763654185984933
334.4819458331616,0.09690401968259721
340.0532243387421,0.13591176090938006
351.86938797040943,0.056541345169193846
403.3524875157384,0.32944581366223247
387.4309202470468,0.00048119355324161006
399.4724147538261,-0.016377856450162653
384.90831437371037,0.05366126238868674
406.00180748259885,-0.1807160525479503
376.44664328954985,-0.10444717530617709
352.70496571489605,-0.14779744549025509
339.49807129930446,-0.015664909411725603
327.8126823495176,-0.024126906018636873
344.69701746201525,0.06861688081312423
362.4272061260023,0.40623950642452655
349.21185309614594,0.0471476399883386
346.95666767284484,-0.0362294439132711
342.85569556499627,-0.011780349565242432
342.85569556499627,0.6471262840486816
357.27595734247865,0.14220590780996645
360.37366910504153,0.033242417644714806
401.4040614369012,0.42815574238488807
371.6678149935416,-0.23453856195237677
385.7810451664153,0.20036002194581215
367.7483089698215,-0.07480938527851322
366.89492409332746,-0.22646233863895304
366.74736982923184,0.05889783036263907
335.8101543359864,-0.31954299066148906
335.8101543359864,0.16650154576791465
315.5562826751385,-0.11050092330901862
332.3089295541161,0.6178185223423043
335.62341046876315,-0.16549330699479015
352.41144127558925,0.2883912147328829
371.22554382087077,0.07186472367197894
371.22554382087077,0.27578929056426205
341.9056000599504,-0.4814513354612018
341.9056000599504,0.17898139834005633
385.36318338835065,0.7717069460528592
337.5716824818751,-0.6186213519804369
349.2581863990734,0.2272251312399476
353.07531332543704,0.2107675441061474
342.86644878122024,0.017940871378073098
332.28774967960175,-0.017259885722751278
324.2950343302088,-0.10081641586100432
345.96689122142317,0.349825217589796
325.339286230996,-0.11712694545076374
317.3401123036913,-0.08046467486576603
352.90808257113696,0.5723042439821029
343.9438384036599,-0.021221756357590493
325.19207333403074,-0.3161569259842736
338.66590366573166,0.14066222667008788
338.66590366573166,0.12609430896088725
334.06236131011275,0.05085790534599255
347.46835011640485,-0.019816901942022014
342.5499175286143,-0.1533906018773905
359.53207360903224,0.8469985793510659
316.619383392147,-0.7166867877774621
331.6437304788619,0.279388665461056
355.1900040536894,0.022989341886727743
315.0581681704264,-0.7223125053594686
351.05260736168213,0.20901886120464042
369.54399821209853,0.14139799493466398
393.7060297789551,0.1443455153874993
346.41871808060114,-0.45885588957969503
348.85575718209736,0.20883890410573258
338.9223227415044,-0.20096479213987095
329.51477290674615,-0.16334071462745214
329.51477290674615,0.3386276998497806
350.19266569755695,0.25663056955932007
352.59755461713814,-0.07346765128090738
320.73736896306286,-0.6501554341716655
320.73736896306286,0.5050857388511076
320.73736896306286,0.3348211717641334
315.2856797409166,-0.038802611465143855
315.2856797409166,0.755160948511616
319.2144886800065,0.3373530538101477
312.4668342473037,-0.04187633983656269
325.5088809575998,0.1552396026702354
328.97432716351307,-0.13248577052900146
346.7669565904583,0.03307378057991173
317.7512169643016,-0.04634314233612713
323.43614762476477,0.04910905221572648
328.34307252867916,0.24785295908361604
345.49720476784904,0.20594222751140023
328.1637775744462,-0.0934184559168898
341.8755766090751,-0.096376041394592
343.9029766204948,-0.12136703075782407
340.4452073761517,-0.13197566507756164
310.5018704882232,-0.0537848377401815
326.2244067504116,0.2100948988448863
331.569510748755,-0.15131128172652097
343.64287693725475,0.31525822893024724
358.778843202259,0.3695633735129604
347.0049268460606,-0.35524572701638135
346.52075129061484,0.12010335252205095
348.2519498599776,-0.3781844945009425
345.65581972344256,0.0838219983977524
336.10661688241055,-0.14220630669706225
336.10661688241055,0.3082880180633083
346.9771599133762,-0.02242386629552584
361.2579955140178,0.03708223281023493
360.62208044933817,0.06162652433783933
343.98140593415246,-0.034387857516662734
341.62995890356956,-0.041683283451448006
318.687555450833,-0.177520617251389
316.66759235835895,0.055331684870679965
353.8682301008594,0.7316843205794612
341.59897281317495,-0.07770517189078419
337.9985350168436,-0.133375800596923
319.9341070638995,-0.41680616484268285
359.74615191773813,0.5611075179058389
351.11314399370053,-0.072307616497028
370.25131272196137,0.18089809334867368
380.1385414976215,-0.1496704321996276
348.02656198738146,-0.016405570399797398
345.17483464797886,-0.05126956572200925
354.0531002262806,0.22493142106418418
365.6957891960672,0.2117068371771893
349.3720588146335,-0.06434238302904305
334.17514340049456,-0.39837643559485514
348.295298089605,0.22184376596703714
367.24936039800554,0.1201681776726673
370.5343401295935,0.06725473358483214
365.33693185253026,-0.09908658090012068
381.697882555167,-0.07811353559122836
398.8505199333432,0.8468903290519165
390.34797354192347,-0.3233832384548805
376.97381623235174,0.1910930662093051
354.69968202336247,-0.43743375483586533
329.79718860567664,-0.20516855559446867
349.69115549687405,0.06008819887597383
363.22097030894065,0.11572712543556918
368.82006786056735,-0.061971027707727444
368.82006786056735,0.08021572006134647
401.1229349355036,0.8203727934748031
362.05512810331754,-0.28357312977448146
351.95927218334947,-0.15836735245318323
322.3795684008214,-0.6324300230983226
376.87104038016435,1.1333751353940897
362.4263312159612,-0.31595451146802134
336.8586179980942,-0.31256634927956384
343.0915219189902,-0.027242729973636415
353.0795175989304,0.13538373939502435
353.0795175989304,0.34832887175161886
341.4718641359431,-0.17854161988839223
339.9071874929426,0.19326261248988885
347.6972772974306,-0.17169922545190275
371.04670033163063,0.45543687139650046
365.34671068883307,-0.08366908974130638
369.43173259534166,-0.11860776776461535
351.58273389105875,-0.24343417906652576
359.3028624576562,0.2644536628397418
348.35466930991515,-0.24386011255523954
344.32389100753045,-0.2694592548134551
369.72502496866576,0.5884407006667516
362.83860824219136,-0.42883889654990526
363.91160291629296,0.2254401682223488
377.71685567863574,0.5991553427103327
397.7915497717887,0.1408182111467795
371.1920653077043,-0.6394712130313565
366.9039055129834,0.15162939628737604
366.9039055129834,0.44927803630355356
382.66080207552045,-0.12201819908648304
388.1245545383721,0.11025361640759002
356.7503625314334,-0.24232871922060895
356.7503625314334,0.44315011245794267
356.7503625314334,0.6857931780559738
352.5755107554308,-0.05320517275049497
372.3209500624637,0.8367829296734044
347.09985964490176,-0.09154383534928456
342.9277857529107,-0.3284022764458996
364.69859389247415,0.5540540235028857
356.6405974743641,-0.4605054083158393
364.9050099510233,0.10960621208801058
364.9050099510233,0.17631246994642424
364.9050099510233,0.426320316772717
336.5431744113396,-0.1510910943527506
365.14880806446166,0.5421872315857854
375.8457129029544,-0.00901899417954155
375.8457129029544,0.15852352880654053
360.88286171738434,0.1025817323713909
361.97715323206523,0.09931617208235366
336.3795005681377,0.023217276644004414
336.3795005681377,0.27759036891598043
362.7530651092504,0.2578708213734444
362.7530651092504,0.12949333900189686
336.1084234992302,-0.5552425949301778
317.0862198782104,-0.3091523309594777
317.0862198782104,0.29707657169933555
317.0862198782104,0.17687841442841545
347.107076617278,0.4693719538811365
339.4343689899447,0.05006050005249563
331.10483868026773,0.3707124656389169
328.9135145921697,-0.12434282890262693
345.95039213569737,-0.1757840943633937
323.81252216715205,-0.0775332387254366
356.1015327239683,0.47742468501292024
349.35046681136265,0.12427331601338665
353.8406552729244,0.12430676980818589
355.28343711985974,0.0771713751516927
346.82725769577803,-0.28548627350119204
354.82511160776113,0.2288544951396716
371.3686373864718,0.3205611129399131
362.08178599805314,0.0383567516836365
342.2784319812159,-0.5624792372118463
347.0937350076381,0.3245591299403259
358.50134463651216,-0.1031051189606842
388.360362709249,0.01709402286974182
367.7081476953858,-0.21681881662834712
354.594070533766,-0.07181176707877057
354.594070533766,0.601317624306148
348.24709669663105,0.1591926405238837
357.6835915567106,-0.14114518448661784
347.7578495839712,-0.21894467609740786
347.7578495839712,1.236857381577238
354.8172759497783,0.1802883429133999
345.8215697637001,-0.05030606349760092
358.90005030432746,0.3533500849778193
330.2918766873617,-0.352156874905063
370.59308683774003,0.49739104303284876
370.59308683774003,0.266971704303387
354.7250929965327,-0.19210389058332566
354.62488900460573,-0.10396804895708556
340.17308254135617,0.008522235371515308
372.4926652999753,0.5395356720181326
377.0686230386512,0.11547727876006775
345.57783005578216,-0.17724726126755286
376.3988905980181,0.006810852935473122
361.0886563467958,-0.5022755954712466
370.4351902171994,0.041487845052643024
343.07687252923034,-0.23032491485992068
364.9521703281114,0.49827966510986244
315.0897744446098,-0.43847236186820737
315.0897744446098,0.6591199489404289
323.2963273157105,0.11188318444771994
305.07982103042144,0.0639199687227574
306.0053142349392,-0.03141864824988261
280.70092164332385,-0.21437914054013163
320.001921039215,0.4289615169004719
326.9346591278379,0.30153534446617414
332.5160547861519,-0.015361331575832082
332.5160547861519,0.6611465412066764
332.5160547861519,0.2558137719365732
346.1541591386099,0.5214887668829533
361.4143938720108,-0.007641612097017969
349.97649639123614,-0.09455119934352751
352.2384215939837,-0.04727884333010479
396.21252618392685,0.7599946497957717
377.27894967440426,-0.2776793801538133
354.37849047141367,0.010993033171416755
331.6870640835681,-0.5049848119274429
345.7819143970674,0.3474814196431453
319.6359728226944,-0.6125637746080201
331.58092158494304,0.06413847649162108
331.58092158494304,0.5686480342099003
341.439032185873,0.3308645012688203
334.14210160967764,0.01875822946738026
345.9988124686154,-0.02216919484965274
346.5031213588873,0.11916533001544849
346.86701093710934,-0.3893154916252115
377.34109057803335,0.425943407341947
359.74103061266635,-0.4092221571073651
378.9691375891758,0.2852928024731227
365.8497903464098,0.03713600821538421
352.35713312794564,-0.018197879116542026
352.35713312794564,0.3843079019864035
358.86764045174533,0.3063153654796906
374.5006495854601,0.06454790382781539
349.0975983799993,0.15276091889109011
341.9360295794388,-0.09702063194117727
357.5886750108692,0.1731500060216149
388.54419686445243,0.29503401450961064
322.50249753301193,-0.8105288769565959
348.45788026449696,0.3480295571996521
330.5602335254592,-0.0934147098791982
341.9416687633251,-0.041593287959130976
360.9742515935861,0.12112854475469703
376.6280026231449,0.10146830928090367
353.70981956682544,0.06313633615729941
356.2873903733808,0.045223717998965185
345.925376142628,-0.5115047421543295
333.8746698069526,-0.022103785554463684
382.68220080286017,0.5498024987973622
344.1380796816313,-0.39656153283863205
359.79007614231557,-0.060632416276575896
359.79007614231557,0.18772494524273498
391.8868971438284,0.572158723100415
390.8156039319469,0.009639623166549427
388.6887542042457,0.05602186117391739
390.33963541709295,-0.3158723974629538
371.784162710962,0.03366161540759549
390.8494992588269,0.34112237574493065
385.58886867602695,-0.3203970493182169
387.8164419991448,0.42730803340782586
381.33621368378493,-0.04828104823002377
369.7110242906022,-0.1593401200268545
371.2032214138432,-0.16694905014924188
351.8168477829963,-0.06315467886395254
347.0083502074532,-0.18929525170437955
370.86786944562306,0.004688328955921861
370.68208993259987,0.08796258387178568
380.3970741522138,-0.2382603201870097
369.6211800868219,-0.2240574104675943
353.96299960122735,-0.21893873689577958
329.972263356143,0.2133438836382311
348.39641839486757,0.02512381791518692
346.33279817931674,-0.1493813714771477
327.2658998830995,-0.2683049059357927
338.6060696442381,-0.017900200495205354
328.45700786586093,-0.24399821648330544
345.9043859638948,-0.054499468435551535
358.51861734427877,0.17958005237812813
333.18342060383725,-0.19458963656256856
330.38582984763497,-0.3813996591942441
360.3420646366973,0.4804277831831314
374.2167194993205,-0.02795122140651074
406.8135045330459,0.38270936495746355
367.70965473740137,-0.27698431603005247
365.02881968416636,-0.22354717828397952
363.69980726286195,0.04807478624923078
317.13351203853455,-0.6032825145223342
317.13351203853455,0.1159010513698604
332.4685892139485,0.008233255058939903
330.59294976215267,-0.08771935461516023
344.03951822501244,-0.0998339004635227
345.58044054176577,0.38109127331210857
329.30836045898894,-0.6428987609474461
360.2765263507931,0.6918683229348517
381.4184501247342,-0.18196850341371373
381.4184501247342,0.5818951928978322
354.7025674250921,-0.23838408157644153
352.60026816354997,0.08269398961510888
361.00366742388144,0.23283227192803224
361.4050451882812,-0.20476804185489073
361.4050451882812,0.2163512489042887
361.92221649187246,-0.2335219999877154
361.92221649187246,0.09909682751026594
344.34223247188226,-0.40679603250703167
340.5935093322378,-0.11303578911838486
340.5935093322378,0.2933016913070787
340.5935093322378,0.43131227593266885
318.67109635650144,-0.13599244534293575
332.03545827099117,-0.02259953684449556
306.4362817828813,-0.011886916321714125
329.365024116224,0.17730903548829247
329.90880948205483,-0.08237216279508175
340.0890188897922,0.18977565953423436
372.7343819985046,0.0013539933355559697
364.0473658716416,0.06736966830408164
361.5388882484326,0.1466138915469628
327.2695517177755,-0.5239512076037727
370.4576468013302,1.1086471766570867
332.4253602652656,-0.769476698023027
362.7708110543544,0.39228643790465867
319.1930095644594,-0.5809358480994433
358.42902763744917,0.2186062274224696
335.0560801273264,-0.11121918771027595
353.6296575022098,0.14998972677335587
353.6296575022098,0.45593051572211607
353.6296575022098,0.2425978056691065
374.9346421092311,0.2727908221238522
374.9346421092311,0.14752740845074186
374.9346421092311,0.08557853155355133
369.8329621937134,-0.3200508693334996
373.5257629018105,0.026064473064593585
401.8925720784251,0.3747175746971152
401.8925720784251,0.2681756991757993
371.51593672496364,-0.3472246602625546
370.6045648259831,0.15327455946021473
357.8838498972525,-0.6567617022848253
367.99775513694345,-0.197351528590616
353.9242429271802,0.10762300581029649
339.92488412863815,-0.10588076595945495
344.1459865009398,-0.10749010827521488
354.7663482654112,0.21155859774239616
354.7663482654112,0.5575299719043869
370.62641751631753,-0.11854690752591068
365.27054731936795,0.12600265672131172
369.4043522752658,-0.21014845391755443
366.76061910071695,-0.023595832041110043
346.35465421543694,-0.23952395404739946
332.1662589222395,-0.06175679700868386
332.1662589222395,0.8759100480737061
379.23612233159406,0.7922980082410049
379.23612233159406,0.18763881882750866
350.29836553839715,-0.2589260597814018
332.086697073774,-0.2752072888353041
347.6527480915324,0.07760570304810699
368.3515743998288,0.040245628176307946
369.13547864853734,-0.06608508908857402
351.06710240919574,0.012276734114266219
374.5157712420667,0.559642602059057
350.2960227368769,-0.6425516438040404
338.1272733793549,0.1173905437672147
373.16365124276604,0.6356570150849166
347.09794046652274,-0.39622756821677285
347.09794046652274,0.362214505171778
314.4368638648806,-0.6759978781705058
320.95664514297243,-0.001467984757823615
316.83493072452393,-0.29011118129733404
341.719705786153,0.27932080196660536
331.37280745275143,-0.1606540697712262
338.15494035318153,0.35279892913672484
363.92467179201975,0.1353601165501459
356.46049190514583,-0.3134959879382677
358.06273927446574,-0.03855629863141985
373.52848036511284,0.3321203422341341
380.17172140877005,0.18608305224688593
364.858875555011,-0.30847822671944414
378.1593467599811,-0.23353730292933506
358.5630951331738,-0.24262985428481443
372.8857902823782,0.2759107238996421
364.3046598556057,0.065305001022125
346.992052559471,-0.2527498519314122
335.1588244474902,0.10153334246683698
335.1588244474902,0.5054767048521853
331.76569933147795,-0.24162173072409132
338.2097379285498,0.32774649127304656
327.26642263967733,-0.3584420205505694
322.41737983775056,0.06622367847114674
337.42622225130987,0.234400782266448
320.24414112774843,-0.4794408988645955
329.3215957708834,0.6094452293106087
333.03578513791666,-0.072057258605696
348.81898073750136,0.16735694491762843
367.38051376136974,0.14474269615163848
337.73245151795993,-0.9102222578263763
346.8423133551819,0.4527070438603005
378.5196838680108,0.08656667504760662
357.40326240310645,-0.22384837783579314
357.40326240310645,1.0039419825235427
351.9548888691723,-0.19410893196891266
351.9548888691723,0.41057131589298024
338.72034918829337,-0.3056204222634733
338.72034918829337,0.45820678370216683
340.0585933957699,0.3451964841387962
310.54633984722693,-0.2855742359690794
336.17056732285766,0.3151313732686276
358.6274634049051,0.17382790363876666
353.30857023928246,-0.25489094280919744
352.61749097853306,0.13420996667753116
352.61749097853306,0.3349910224907262
352.61749097853306,0.25865488160116
373.9367683616594,0.4321052688172813
331.52047945794925,-0.44633581448067616
331.52047945794925,0.257810522311388
331.52047945794925,0.13153420664957594
368.1389265462645,0.3086935965724251
363.7375940044836,-0.100910381022004
354.9521563275678,-0.29599454758476895
350.10359159038205,0.39346061859225756
364.3106391782751,0.16913410077165736
359.13306425783003,0.06700822280117791
363.16125022018457,-0.030923777813882225
355.56020556399153,0.11738964039170696
346.15424562102663,0.08105279527387665
330.06352894592135,-0.19247756059769472
330.06352894592135,0.11224350268275884
331.12643384264743,0.048977410144971145
316.5146201867362,-0.04248008701347317
316.41114070897885,-0.3565405160491082
334.1264868265871,0.40930303634809206
347.5733285675905,0.18490534959028082
347.2802655113968,0.127758648154213
347.07378568923866,-0.468828936807995
351.8973003260082,0.32338362923087516
349.6438197169774,-0.18366973711670198
349.6438197169774,0.049870672657903015
372.6459673310382,0.22385652827824742
335.63353880404827,-0.19930639941730988
331.2027885657897,-0.005149070622564977
298.0284791364434,-0.6083555271800378
320.2836639985354,0.38418918902129917
348.3366456347808,0.022071767158877265
346.82988591054624,-0.025353571925393226
366.2239649109676,0.3109460842667886
364.0359072150009,0.015721106937917284
355.2865722906458,-0.4224292227340811
360.0505000337645,0.09251984087256915
368.0366326212177,0.37568852928734486
377.44337777903087,-0.06589328663847027
357.95208156213164,0.11573021843889819
361.3478776030619,-0.3759599166701264
315.1580075981728,-0.4928232913521242
321.794246676243,0.31603810436058666
338.95005286049735,-0.3216896128951703
315.5671410452897,0.013389597097102524
334.0175047303884,0.12070338727357921
334.0175047303884,0.03656626181077627
356.264208194152,0.04933104897645535
349.1873103649478,-0.2908346983069805
353.42484601099113,-0.3017620225440396
324.11244396595157,0.13673935767201328
324.11244396595157,0.5692361916829896
358.4489798373092,0.45316835716164405
363.86868829224386,-0.33008217057113143
334.0397032000109,-0.46111969909122763
334.0397032000109,0.47525522332239234
363.70162583205564,0.4757256161576606
370.7398852137546,-0.23459500805438438
367.0583919296802,-0.33174505883380334
362.43131788925575,0.05679713505901418
368.77134166115144,0.029233887455689
381.6358382481416,0.03945212271753462
381.6358382481416,0.28754825987084587
401.9254789152417,0.17123553712212924
371.4369848000014,-0.23739134029847264
378.2093212545604,0.02157276923514928
400.18180861933644,0.24992650071612843
369.62583751583065,-0.1487966730004473
354.7262792064743,-0.35840439055255047
365.3922923991318,-0.0496026749176508
353.7571299667654,0.16646251014822155
338.28076592289153,-0.7275528010476364
338.28076592289153,0.5726868412998556
389.2125905593165,0.7807791771411985
378.408170188411,-0.1544310055896858
400.130309095195,-0.15949548265598423
374.4925279014175,-0.18472105221235324
381.1324178545873,0.03499673902729228
371.7836284151624,-0.14957534980055698
345.1641101752324,-0.2858979186628403
359.15553632613927,0.49704637759816706
357.41098423159286,0.025207977837908402
337.66839986406785,-0.2336598991188339
350.1858043762873,0.21102870626100412
350.1858043762873,0.45721068789305264
350.4216416456517,0.2079925221536314
352.93236118353593,0.2719919322972828
327.1976078575356,-0.6812744404217028
319.44536773464165,0.2076156241615763
346.2943620963552,0.27781050193220835
344.69640974784585,0.2354173237501982
330.5687933211269,-0.37134577950723724
308.9802923141057,0.04483977028962727
326.7769164318912,0.3498671364562824
318.5899004313099,-0.25254453521267806
336.7900145103798,0.42723099316879143
325.929215146913,-0.17628081018881403
324.56677198816834,0.005412298550140804
332.22076836085046,0.20958177549812262
333.47335061923906,-0.16782066333769308
373.1935336301856,0.46951114932983273
375.177879317036,-0.11682934170084991
375.177879317036,0.14097627786748035
359.51162666343856,-0.38076854509643
355.7871374660901,-0.4877281437138663
355.7871374660901,0.6175322306578437
361.6834057842358,0.13716439008624093
346.4850965041223,-0.12459694499068519
334.9431004724081,0.2135531033350162
337.645821266934,-0.006392655314584772
345.25897667748956,0.30851616081508837
374.98071105487645,0.4748487535930508
374.98071105487645,0.4915167021049456
365.8749156103138,-0.1318523230388564
375.4394048678083,0.2676241610188299
339.39197021746827,-0.3251607787340163
359.1208345232418,0.12335508741364265
380.2418968167231,0.31771681010036446
349.8920374159442,-0.2883804604057332
337.36393127187654,-0.11437178278833926
350.95497417117025,0.07608307933560354
350.95497417117025,0.6501754713017363
355.5538286700794,0.1890812680427416
358.6934501317187,0.09539432617407329
341.0845825063238,-0.026782095761632263
351.4262609173169,0.048956860980752026
373.62876326623257,0.04492777676409787
373.6651550544445,-0.025064572686005704
379.6546500691941,-0.06622489497249262
380.9596330740924,-0.29613090960617683
383.16271388350543,0.2467030945007309
366.24058820627744,-0.03153801003577428
370.7063592376115,0.12064337611457177
339.8867612708538,-0.23618694335277723
345.99442692671914,0.1745894821881393
345.6666720681727,-0.17527247744033048
341.10382980402846,-0.5410072458759032
350.93448440963874,0.23758530823545243
337.9562666037909,-0.11564098014878255
360.52570221572745,0.18401601188020322
374.61770671772666,0.13531768720281434
378.91141772467313,0.1228130698516452
344.4521296975569,-0.48860158775926266
358.1332239772008,0.3150546572089752
369.1627056674947,0.06731050190910537
357.42468836689824,0.05699572725688995
349.00336325701255,-0.43959838808507357
349.00336325701255,0.3147131420951155
338.52918835545506,-0.12309950444614515
338.52918835545506,0.16372328969259797
338.52918835545506,0.542136961015558
323.28871487641595,-0.35120266481362705
315.8882030372858,-0.026109759455835047
326.7492438791443,0.07461771073019463
326.7492438791443,0.01922459342745242
334.0848161950792,0.3783564463217317
354.7483794673741,-0.05647384435440017
329.9256619249853,-0.145506162717993
318.93447501609023,0.01001337556863291
318.93447501609023,0.3769862893351501
328.6946660652915,-0.03643613186432049
347.2233259002282,0.7018788304555983
347.26330190279515,-0.2745476328677796
364.3282916798588,0.31295717751322627
373.5165379107739,-0.1272953717920018
373.5165379107739,0.6788606884351793
360.5077015240948,0.3227881290321193
397.2963121102052,0.6476870211597543
393.39716772928324,-0.1924811493074685
372.4633595688443,0.05773734764534311
350.9322398833634,-0.042047290413506744
376.1914295219045,0.011875961641067079
407.30092669586435,0.5653424381489458
383.8406171417793,-0.4388605301314783
350.3018001301892,-0.5672613055955935
338.24170318815084,0.0883043914720929
374.64785318929256,0.24810131784136047
360.8286996377179,-0.053837798808217485
347.77240093568895,0.12504163201913343
339.8535868735423,-0.11554802216846838
314.11327616931055,-0.6267836340258555
335.24086620132226,0.10881777884628718
357.98880071557494,0.13873720515653076
357.98880071557494,0.41233858088378383
357.3396012483424,0.1635582847744672
357.3396012483424,0.7887095486864837
369.78784713657734,0.2470694693288351
359.6346531532948,-0.1068056607437029
364.6760958890846,0.3744559573343622
354.9986038071433,0.07650020504070199
364.68125032187135,0.0848023683061001
354.86637270872933,0.07058902043081616
326.66201544944533,-0.16500520020724707
322.06215239737594,-0.29406344529172657
315.67731422750325,-0.054167818380847166
315.67731422750325,0.6081316599137381
315.67731422750325,0.2999592919563838
315.67731422750325,0.12369634693345688
312.2267785492639,0.20653541514741391
312.2267785492639,0.2931744221360759
317.3408518026324,0.3150222558913356
326.34025663217307,-0.01583057567142987
331.8224537397222,0.18449881905030452
325.27649565804546,-0.211424601858198
333.9106881644153,-0.04335363162954309
339.7950781181395,0.30892128302093624
369.8683559951764,0.22833792308153988
363.5100511383131,-0.09221713425313283
335.18256561011015,-0.5029991473319342
333.1528557598424,0.1282243312693936
357.9338859903895,0.46522873589276514
331.88505688686763,-0.5234409970179286
336.5847880460545,0.07457224804261386
381.00746117818136,0.387513355114379
375.72883691939614,-0.3777547440554372
403.4599321499878,0.40244818539554217
374.0810368630033,-0.11094668803059449
358.6300299686473,-0.11339234036256585
353.4292088449551,-0.26483284805135554
333.3976157412809,-0.5039544386245325
333.3976157412809,0.6352350902910757
319.138094201288,-0.317780052517719
319.138094201288,0.9087111467241584
336.14490832666957,0.2944239553007719
336.3056252754179,0.056524379089410104
336.3056252754179,0.35608490991830877
343.432624315173,0.46265804120309895
322.767220071702,-0.11345073002382833
324.5332965011001,-0.11556492064471513
350.4428188705683,0.48817835708564417
336.3502883835146,-0.24963239501471435
374.2826599088032,0.3637768520836744
366.1883385092163,-0.35167715280977063
353.34943142833947,-0.13936297852126245
360.9212630757059,-0.03700324152578105
359.9457260793648,0.20383426891521594
332.0530613311045,-0.2713150631318513
325.0838243824955,-0.33585413399714525
325.0838243824955,0.865664040888646
325.0838243824955,0.6388077608398817
347.5641065727407,0.2715974115088784
351.5385484344441,0.2979705408324662
351.5385484344441,0.40153776728516277
351.5385484344441,0.25248502110866866
359.96615220853005,0.17527572214498832
359.08565007153106,0.11514159921716782
382.39509324798263,-0.011577394714890943
361.4422656531271,-0.1686984214891254
362.28198303443116,-0.04687657559134095
359.4462955525025,-0.12097698285140268
356.32768630148,-0.2401305454602607
367.48391913393345,-0.19247183522554678
393.6824440289954,0.39725778934416667
380.62918518067255,-0.20067932373967778
364.18278088510635,-0.16830342978244062
371.57835488873985,0.26790740980732153
332.31592321468395,-0.5144952531998115
332.31592321468395,0.2122402799983547
318.76134951523403,-0.6254085822134812
318.76134951523403,0.6485799175172815
351.9377967262437,0.7560994044233667
346.0769551759923,-0.315673279554062
339.94464352380106,0.0991322242696242
339.7680066292646,0.06070355207384637
357.50305932791787,0.0001083089636040313
350.1633694825331,0.18860412018841544
328.1320573164668,-0.19651725157746114
354.8472529744204,0.4425665906217091
354.8472529744204,0.7469876565955929
342.23759280272657,-0.09966806825809726
342.23759280272657,0.3792461230996196
361.69982583883655,0.09715656148011931
336.6625730671747,-0.3160516591819942
356.8305343340561,0.11383782123118635
346.70607506194784,0.09511278993636552
351.82867681437807,-0.12277135837268816
351.82867681437807,0.3205697962346221
377.0177589351895,1.0019764153139477
383.81909334957356,0.08440195700870845
354.33741179517745,-0.17775069492324747
354.33741179517745,0.29511587647414217
352.975002802423,-0.04986999773586831
358.20480504549937,0.2832132218690049
364.1029955563593,-0.03826792123038558
346.021156543886,0.03797230620079972
351.1360900963343,-0.2492613700729862
396.15317109500074,0.8997653989025594
344.8051996111525,-0.9722230432381593
334.01965694390026,0.21090369088926764
325.2509391057682,-0.39517768005896414
299.81444653564125,-0.24215435032101595
299.81444653564125,0.6101567115288162
320.37398192380454,-0.05327916949147493
329.8329126545879,0.18703952950181701
329.8329126545879,0.365669212529383
368.67978819413577,0.9811369459063144
361.35476526633494,-0.2648006162477259
368.763615589522,0.09322563740101941
385.88578490422975,0.38782064557506146
339.30661697610765,-0.7285427626898127
337.7418771711062,-0.046885968121614496
333.91447950523343,0.09539393006593855
324.6402305242243,-0.6307580902447398
323.5149011901149,0.00882064807194638
322.45647147530775,-0.11316556538076838
329.38351599103544,0.11240432366241748
338.51568652127116,0.12444056334902598
331.1580566249575,-0.06553287202928004
314.72076517835677,-0.1582544157065513
317.41245954489153,0.06258294697704514
319.349167080285,0.15690570204628784
315.60739998472695,-0.002239005129695215
365.0093302504721,0.8374548363324266
341.43530716788644,-0.4825528617443524
315.3140123500322,-0.20488387826617327
325.6837454276786,0.09534251884701916
329.78590117833926,-0.1547323763714985
340.8240303928601,0.038298856183587304
340.2821403799164,0.3320565832490274
365.96863778238037,0.2933233686597987
349.6129674441821,0.19866946366130378
361.2293687080117,-0.03109334323198709
365.92448889755553,0.04183200664385822
362.02500392403357,0.1331636454258387
354.11064957876357,-0.4819468334355861
352.45038899263926,0.05944493381707616
325.30607603084917,-0.23426893999658205
322.02976677694664,0.005377789476597172
357.99936871841027,0.4424011131086445
336.91198509692225,-0.28221916593327023
366.04947886894223,0.23756199940248734
363.7371584063959,0.06520184017915653
367.39852232032905,0.28391060186345385
347.11991871769965,-0.22702291389350648
332.1556161536919,-0.10091383584358482
332.1556161536919,0.06646353434189223
312.5633851439482,0.21007898631728494
315.7435506577988,-0.1906251871872655
313.50694754781983,-0.388236287005725
313.50694754781983,0.34265779169561483
322.5862491410322,-0.0633607817273969
323.15532480580094,0.26441353183440697
323.15532480580094,0.41553486529642214
325.5377060303235,-0.14161188387936363
325.5377060303235,0.35478664883044075
312.6711621795335,0.003928464024511413
327.260934232523,0.47465652176617823
331.10275481754496,-0.11966132707971155
368.21972644273615,0.7399632366725655
358.4133053422938,-0.43284487630808144
347.5898555627703,-0.33512841187700815
354.213269205345,0.3769605532362448
344.88863418852617,0.05454902366636816
329.96876638356764,-0.000442581917127427
311.58185149404665,-0.8965416474526364
355.5069901001633,0.5588898580022033
337.272425793591,-0.2381231619593791
349.5427924804699,0.35732385861433613
367.0639610152907,0.07399909311448027
371.3452738623274,0.20962805996327916
413.08040583339067,0.4031177167854594
405.2693538494407,-0.08023595421104801
402.2482833810474,0.06540535446595186
366.58969275128896,-0.252239293798425
379.6539667370874,-0.060472266643500916
332.1340725757351,-0.2420714818408669
327.3711846133163,0.27174960354113864
347.8225399687262,-0.10872989202641747
347.8225399687262,0.32617249850522967
347.8225399687262,0.3772568344206775
338.6294799299342,-0.05291561214039575
331.8127217605261,-0.3209843383040152
356.5557503752434,0.37004042377202495
376.4597893516032,0.5226122369015229
355.1243595733567,-0.7141994118596813
349.4462024151009,-0.12934241637674404
338.6497295298061,0.28480043912179553
339.8392637607447,-0.1359532810329256
351.7450186368662,0.5627417754152475
373.72161100407016,0.3078040535740456
345.1949022117002,-0.4994409282878678
345.1949022117002,0.32031087906716493
332.03922120889683,-0.015976031579612027
360.903950024673,0.5159970435582864
373.27836456012795,-0.15819392224875628
364.2981375189168,-0.10990186355229525
357.81965782077793,-0.09614620545710295
357.47681098940586,-0.1754104120076363
362.30372733516776,0.4580655280317387
342.0752864287957,-0.3387946711401355
342.0752864287957,0.46138561536042744
361.0132516097911,-0.01587520349312399
328.4651020845735,-0.43899129893247846
323.33257196996533,0.25961231924054573
319.81837513799593,-0.17555330660377422
336.2030560108274,0.2676693673106456
336.2030560108274,0.1152272006502244
336.2030560108274,0.45775091698828874
344.2550818023921,-0.07301592532962786
365.18706183043946,0.18064380804821667
365.18706183043946,0.3632524115338356
400.0305679019874,0.3653108529391602
418.80376553432757,-0.10383922397636525
377.0374772038634,-0.07077303140556523
376.5897959152039,-0.3319068090637529
345.95165007169095,-0.35146036772471234
359.39201735577285,0.1884060593687309
337.91299229488607,-0.309254386940097
345.04847386075966,0.03737531305364428
318.13335161710154,-0.4236593531670678
310.3555937491606,-0.3600108603015997
312.7368369729861,-0.07004353376305517
355.66110557228626,0.44201737033290556
347.8876092016409,-0.09622399011959715
351.14026555368895,0.28675659423493016
342.08162422484634,-0.16644979888781108
355.80910314032127,0.07590199906292128
359.9006623076546,0.1621635138851616
349.65863597331787,-0.07814650257569156
351.5781872312226,-0.4951801292249911
348.21559310163997,-0.14340421486429022
348.21559310163997,0.05449332080581826
391.5794599112798,0.7590747574810166
397.62664152989487,0.01471529046739306
360.9407040334351,-0.2920891954830722
366.92843275606134,0.15895658989938966
346.22061164947456,-0.14611149057395778
346.22061164947456,0.17391697205471246
367.6425265912567,0.3192330699023387
359.20810239257156,0.09800325649314345
352.95038151597777,-0.6300748812845995
350.8931056069558,0.034937601797196294
332.81730663244855,-0.1565484515430171
340.5419272576523,0.12266490672925556
339.39998954812233,-0.3249056017939438
339.39998954812233,0.3132400714382584
335.26647414902106,0.1897848875623822
373.93099214261497,0.7872287372781557
333.7418298330598,-0.6566646002507923
367.88545503931044,0.44843974269610953
361.6847209735653,-0.15283933028672436
328.34370902762515,-0.2794279907368491
328.34370902762515,0.3515947099308505
340.5305717707744,-0.04991753881529348
328.556068432438,0.10900686956915706
353.465181666678,0.09404355310709889
337.8515274960771,-0.007340414020745811
350.5872996908681,0.06180821645011747
355.1865131175145,-0.28862517458719594
355.1865131175145,0.42891580323805556
361.5120625010943,0.2890037902511722
358.32721823143777,0.1533454112002346
336.26229141336137,-0.08286735533317824
345.3750575787217,0.18124849154128242
365.0823871726264,0.00553978131142685
364.9172916784133,-0.09686761291254697
321.0722668451974,-0.34748811793247114
321.0722668451974,0.617660218858191
336.3652586385567,0.29863575294768907
351.2403864731328,0.12792518263074726
351.2403864731328,0.7805708773694278
351.2403864731328,0.34607351674117126
342.95540316790414,0.14832593406924843
345.9159194751968,0.14318382289320652
324.1452477226233,-0.3071308706275886
342.72839044064835,0.15317635778433214
367.44803582796885,0.4063294019467776
320.3108625933844,-1.0263296930730803
349.22222101138755,0.4725878515923796
335.1510792671456,0.15310507176752708
335.9426116317633,-0.40770133500473094
369.0307575013371,0.5950251043341268
395.7669596793813,0.26600210724984663
393.9881678911118,0.18336298155850272
385.50018008558214,-0.25659148576528423
382.59888088306633,-0.19624089560852553
386.0740075409734,0.025656377577206513
371.1127519576126,0.22797687939316802
379.43495479096043,-0.011528580436333868
374.7691741264382,-0.1169210009948074
381.95337492010214,0.3603249369485866
353.35350187334814,-0.5221840829965458
353.20604044929854,-0.22761133680546664
353.20604044929854,0.17245958626108404
378.3382413979551,0.7704179076847595
371.3825595846459,-0.17545803862003595
387.6073446811832,0.2555447871485512
378.5631686957879,-0.6215907078353666
383.2386202641813,0.31496806340771855
379.38787251259606,-0.042057931941599236
356.25578737404885,-0.30697346521742475
361.8442944380764,0.11953624570526244
355.82570116887723,0.15833603582245814
334.5684320078029,-0.07178650392279451
334.5684320078029,0.1735910420404707
354.66364806214807,0.29402469443516566
353.5721099004909,0.15060087705069236
370.97553316224963,0.05130579886997566
382.89734973897,0.32979927945723375
351.95671599588906,-0.18550285859726046
331.7869477507208,-0.3525521374526761
355.5064420382858,0.13147723187421434
386.61921480262737,0.5613640413610028
389.44105209699023,-0.23259467142713675
358.8762926547008,-0.17549857488256748
326.94157241712344,-0.1460851800935643
312.41089634293775,-0.49588808382657135
312.41089634293775,0.7788426573386005
312.41089634293775,0.607515012050726
312.41089634293775,0.1872511765956233
335.2169725519249,0.47094725525130343
335.2169725519249,0.3845879644060233
335.2169725519249,0.34230499763361877
333.1650233481531,-0.19212025328374693
334.9745090563379,0.41023543415610675
353.31903920158373,0.32928708029021436
305.67482763198296,-0.8306110622993401
318.79798244532725,0.3002113166564868
314.76314638944336,-0.3391349846443745
317.0595446461701,-0.13717560743157264
317.0595446461701,0.7776871336042177
317.0595446461701,0.0404451487370352
330.9045709196801,0.13577491433807154
321.71816054718533,0.0316074788968308
334.28992785775006,0.40460199458652824
359.4360818428059,-0.051073171718144295
377.85986238627453,0.2965264464935444
377.85986238627453,0.17447992877464458
346.07275747728085,-0.47931885085517933
346.07275747728085,0.7846484310935011
336.34967122648663,-0.08369910043040818
336.34967122648663,0.11121966473581324
349.39990894713424,0.16966110899340947
336.0074276368973,0.09239488468983836
331.5270681150479,0.013767707058036649
312.46477703849206,-0.2858043059470674
358.6848152104946,0.29218457470983594
358.48281988795355,0.1267688168971972
365.80573141599035,-0.05110941310522321
354.75207239364033,0.2638085124903
339.83707935394096,-0.5379061666313874
370.52400557296295,0.2023997369310564
385.1963520110096,-0.0398731394486731
369.853152552414,-0.014542229090466208
390.2009936742427,0.004730924333784969
381.1461221046453,-0.078749650471309
374.68307264671796,0.10466050054662901
360.04966679924735,-0.6132435482587653
327.3317402110872,-0.039923976613295054
327.62205835349556,-0.03405294304616291
363.00376592103675,0.605389984102203
376.4995524129563,0.07883212157321395
376.2068432499451,0.14283691982609525
378.65600885691765,-0.12644473458783523
384.83513909169216,-0.3214118085904829
397.12502025216395,-0.09091867974768775
396.7809350000931,0.1852337437942424
367.0800568052674,-0.17518832512666904
367.0800568052674,0.05562071531039692
366.16815975182516,-0.2909924800705994
369.7315302290312,0.24923541850580477
380.4554160780757,-0.1702030992678374
357.41516508348064,0.014369102395676236
318.3847557801195,-0.3320378840282956
329.614612695853,0.02577694690194221
315.77641629234864,-0.3025824023966379
315.77641629234864,0.3679510527645107
320.90266431964005,0.22259803172300963
301.97361134446663,-0.36497270243512503
347.39397266564197,0.736703355401346
363.561726026382,-0.09265643322180495
363.561726026382,0.33728484253379065
342.8687119178022,0.14814029799003947
345.0379877113639,-0.028780146643839544
356.47938088578536,-0.08565475203977257
342.112178197866,-0.457137376173705
330.3595616217372,-0.05326762407696606
330.3595616217372,0.509617889217111
342.6687504573933,0.2982651315850262
351.04886890312207,0.17789593540237547
366.92952626190123,-0.1515368863887261
370.34385136713036,0.20327050958144355
317.7192930467205,-0.3164145377712657
348.42556814915065,0.4710127935602486
373.431028517256,0.32508575332815326
363.9845938788027,-0.013638643988429067
377.3687549326135,0.49512147885616287
369.14928398146344,-0.28731576191296426
347.614031516407,0.06530965101569564
335.1430435631165,-0.4046462977423744
337.8828396510984,0.19398389496757318
344.207719935612,0.3106608007859677
344.00611289510726,-0.38235464820127163
340.3250996680038,-0.006636977263269728
357.4540758402131,0.04437843583150425
350.6945935011297,0.08991619683854424
342.9805826396765,-0.11203790643287448
342.9805826396765,0.31827692272122476
342.9805826396765,0.4669298861003881
342.9805826396765,0.6211872904307256
323.81077836386055,-0.5252899584551187
323.81077836386055,0.48494114589811943
320.12703279161803,0.36094380121573977
307.9284486832005,-0.039252843619237865
307.9284486832005,0.20602721225566256
335.49956986245894,0.3835518595420808
335.83810451270307,-0.021129110659671824
344.411222712482,0.24600303925899425
350.87386342643794,0.31911375640220285
352.7917184002713,-0.41547012524722504
341.87853698174695,0.2526988281882723
350.12421184468644,0.09744820674302446
350.12421184468644,0.2294823423892467
326.6148224815952,-0.2691931413025941
354.14419175582134,0.4415452315145103
353.1195059232729,-0.16493592628739862
353.1195059232729,0.24873304064976764
344.5109212614482,0.08154175039283018
346.2328278776673,0.17627606483415548
346.2328278776673,0.5117539893130925
337.6213389874756,-0.04549881826142155
352.6724499907951,0.3203432860943849
357.27323712764667,0.1053220116995135
337.07531608844,-0.3813782513810793
350.59880758619806,-0.14172031424152465
366.4861066845691,0.253611486157979
398.71673535181105,0.30241042163436305
388.4584393155341,-0.08919343903789922
352.908637155033,-0.4362225227604313
341.9315224594437,-0.3309090599736919
346.2649151677435,-0.09371876275690738
351.6227160791239,0.05999668077822662
355.72363252992335,0.3078130652984328
342.5505817267545,-0.07691385916541549
342.5505817267545,0.17646114922240486
342.5505817267545,0.2159248125221893
370.6917407033559,0.12640351697757524
390.6060655084883,0.25649337127970284
346.7966937261788,-0.6342201801591045
316.3830272668893,0.046836063015234686
318.68098987332945,0.13398339070545262
313.60471344688557,-0.24582215246687156
346.836944039379,0.35203022343398516
374.1876656593029,0.2917437806114549
336.32059863535164,-0.19778096179004478
339.44126361303597,0.06817557804993157
354.4937600292392,0.10267337439051971
307.64271187283026,-0.5888168623682759
286.11256484676414,-0.48608381803876455
337.6467309492952,0.9222948513977371
352.5556440722805,-0.16635889122551362
337.8954871211506,-0.14367864392590945
337.8954871211506,0.04547736050062667
347.88295210418886,0.217749397081775
356.1597514913133,0.4119442662133679
365.97204713249033,-0.01769903402782802
334.91480793147525,-0.3347814544586072
334.00908174674737,0.16835332807443137
349.30221715737247,-0.04979762359528195
357.08371483218724,0.45617092496627265
369.8293328523511,0.06290337036080018
351.3249932906301,-0.46284502509649883
360.7561100112912,0.07128590676859403
352.64725154631293,-0.04425542368267088
375.4524798695623,0.19307759123194046
391.7392148431089,0.36545923899961963
370.8848992222611,-0.4571251708274531
362.103870739267,0.10301575734308699
326.34980485105524,-0.4406429835455583
324.6066569431043,0.19147751076980057
355.79138904134635,0.2694340966963864
365.5756880248382,-0.18044469560345533
357.59222819694975,0.019147800472637755
346.93075913673965,0.11162577598133794
355.8735485933546,-0.1915057336393602
317.09933826001077,-0.2217593403780711
322.62862274951465,0.051760581891358015
359.1574040947922,0.27320748405213635
354.372840580469,-0.28163748121085064
329.28115152569615,-0.21185588182527226
317.11206194129676,0.002516113909678097
346.2324441927914,0.18120188239799973
339.56103482023525,0.0018313790714046263
353.5136657813318,0.4102276767927151
348.0376710716434,-0.10286529997779326
350.07899923512844,-0.23979383284483902
356.3081633817405,0.24805827213094744
372.2720244934472,-0.04541110397440207
378.7288439121453,-0.04821617887080265
348.3117070495742,-0.16687892207255572
352.77292045963355,-0.1768790769737052
328.9606755115648,-0.1017074725848488
335.73687117639736,0.1919825638022985
342.4060887544804,0.29884205796304286
324.4242490721214,-0.3726176220095567
320.14307172285135,0.28612221744970157
324.3932303403369,0.09125355014987235
324.3932303403369,0.46413155964262387
334.86243379831024,0.0008709720569868296
331.54234276493895,0.41235296420404666
367.8872342055815,0.07640664938776354
362.4320405398067,-0.12396021577296779
333.74469458602664,-0.22125450939495295
323.6118326183695,-0.13788848896228956
334.5799216983324,0.17691603018181468
367.7117516858233,0.40451539564980976
346.3594857464397,-0.29180516244161936
322.3688628550887,-0.20803779639459208
323.94781147983144,0.19703616208448693
324.9366371603856,0.10828641676130246
324.9366371603856,0.40380208264150497
347.10247209439933,0.25346595845223874
335.4173543183511,-0.2381000535365274
330.80439776701843,-0.1774502863958105
326.4140178563403,-0.1059413975156076
335.01976522834855,0.19985100509234144
387.00089216369514,0.6996546773000318
361.40901299544987,-0.24021653115096342
367.39983429496607,0.013355354092368543
354.6509815447836,0.02381959940089473
336.3550944751787,-0.3510296742126684
346.8210313843382,0.025663007941375326
333.52652891979636,0.07024891013475099
333.52652891979636,0.37364033899962124
332.4094415732254,-0.05961604284857458
339.67632072422595,-0.1657509011329239
339.67632072422595,0.8268253754716852
338.34200082736174,0.3964919038071457
365.06013147414023,0.5474533355165931
342.1421494840491,-0.5905037001339224
345.96094214887034,-0.06351878459815907
375.59579012484005,0.8523431234046939
371.68135069974875,-0.11476621455278746
364.58539779458107,-0.3142054962821703
335.6975006148908,-0.44293191973508783
362.31660553830926,0.1632987151905354
365.2005272695121,0.13059622798084547
355.17650481973436,-0.3631883902729669
336.2468347309284,-0.15330034815906401
341.95105341897107,0.08508075076315436
339.4780806016949,0.19095986114984953
339.4780806016949,0.4952259537237751
338.1569385520409,0.056795458064584636
338.1569385520409,0.7427297393278423
338.1569385520409,0.5180827468057032
366.1181486606024,0.3368389170902901
340.5294728408592,-0.45431189684541096
340.5294728408592,0.08503073335180034
333.2426049856352,0.03503760430226066
327.98339975673287,0.1544835627669272
328.94068203985535,-0.014367891960091583
328.94068203985535,0.16085850681679403
328.94068203985535,0.28219974146281857
333.1469634127002,-0.0992865650849808
326.8155417949346,0.04162325136542222
336.94155653281535,0.013772439967510763
311.8936088937019,-0.12290100341681409
296.66089354233344,-0.08641841176017806
298.2513604059046,-0.126524075841985
308.60975940359236,0.055145473684774515
327.8598683554625,-0.07196275897229043
327.8598683554625,0.5672542865804644
341.74789003342823,0.4769093239972335
335.579406809055,-0.2176454791614333
357.0031523765771,-0.019035111760445034
355.9623593099872,-0.08768838455773675
357.3741424229321,0.04558940701940628
366.3064892899717,0.1982089203419264
366.3064892899717,0.22237142702533674
379.52112675471903,-0.042677031777770935
353.8771314042993,-0.10681344505519519
355.2779971828232,0.00022440827490299853
364.6686228681435,0.07421643692327962
371.5466769104573,0.4089876879631902
380.60165438478083,-0.17397902193431491
353.09953183400427,-0.548626530240881
372.21975604780556,0.5991609155778406
352.3440445603979,-0.4329010735502834
361.91708387324627,-0.17668650872144553
366.7321493564315,0.11915957591713777
360.8274435348944,-0.02451969412697963
382.3482183482761,0.23134922907536293
379.02458003805685,0.07810477839939267
356.3925930306228,-0.4060902175569936
356.20709399141276,-0.278503148033451
395.51137965598525,0.6739232966430109
416.1215597989572,0.08856444143850695
382.16704833001444,-0.3570123287720435
360.3225534061122,-0.48129654058664073
387.13065617892295,0.4337809203202596
360.18617923300354,-0.20151112391613424
358.74741419251956,0.30039504790738647
360.51362952374734,-0.15859759395311812
351.44352557313584,-0.024051766102729744
331.02876140140984,0.033662711353144914
357.5317597710124,0.3632982716786728
335.4760896791444,-0.37411169011272705
351.82582367702423,0.06276187419871349
351.82582367702423,0.4631161457164126
322.12142287059254,-0.1442031705557838
321.05955004599195,-0.014422410452766599
296.35515645672444,-0.30536829196842064
351.40236716505296,0.7236630454996202
345.4237181960926,0.1826505805851184
337.8726552602651,-0.11085983834720992
350.3184699760687,0.24592953340345503
332.4941766188309,-0.2966852915241134
332.4941766188309,0.7730672279501505
376.98423316969075,0.7185660774765665
357.3505735132707,-0.09035157173798325
337.4385645431735,-0.39193244730631704
323.9969914383872,-0.032000142117453834
341.24530526338043,0.057178094379310096
356.1729901946944,0.7015454393164191
323.5108095301314,-0.6148286270649805
317.6932430577368,-0.07950519883422658
350.1793342535568,0.3330164176957169
350.1793342535568,0.27682159800235695
358.54045567989596,0.40969053626008645
353.63400665000285,0.062048428690218316
355.584509268422,0.12924859992472193
368.07243955722083,0.17054471148424
335.7343608411797,-0.8754217851961812
335.7343608411797,0.35144093122607956
369.1872419458854,0.2836380471959501
345.12594622387564,-0.33032246645871055
369.7849128499657,0.5473947316640988
380.3353888078386,-0.006547974211798646
360.7226555366248,-0.10067893692439611
360.7226555366248,0.39246694529833803
365.12077504141706,0.09392645299385549
359.7926966593602,0.14827349007543944
352.8375399535699,0.005223906352966878
328.2473304189248,-0.34339771548548015
339.01599824756744,0.034826383971449104
361.16114761078927,0.002440021653342228
349.07498113502163,-0.13724809161305984
356.7616453383869,0.25399792915595754
340.6775303050214,-0.2394595055712898
374.3318834322852,0.4843915352408885
365.0874009814808,-0.1056950723357204
367.15237023338693,0.17740012604588173
364.65306033310577,-0.17905092010471435
368.3695399680373,0.22105045089347186
353.862203424429,-0.19103410403567977
318.9663262721253,-0.6757749975970455
339.1918777772116,0.08851832366201506
329.5062179459777,0.011559232827039523
324.32577962595394,-0.03517255890005799
324.32577962595394,0.9300088506346356
324.0014310284605,-0.07179869412220796
324.0014310284605,0.36619299068252076
350.2665241580239,0.7429594182980281
357.790723831378,-0.4480347026012623
357.790723831378,0.1711036270128261
340.45057931149495,0.15870198039976913
344.02328915068426,-0.2344336082250038
344.02328915068426,0.44004527112974756
344.02328915068426,0.33214727211088757
330.28004332622965,0.04965291592952781
330.28004332622965,0.3374971707939949
345.2719444995201,-0.13561736815881886
327.2910707406107,-0.38311113138718156
327.2910707406107,0.4145909790981932
315.1334869792823,-0.09164938974913639
337.9395905557209,0.39995214553209735
369.65282027996307,0.5885001809901951
361.06690804937966,-0.17944981306254704
361.06690804937966,0.16823635211358123
361.24057830022906,0.5177110332276698
329.8580793084545,-0.49851183854696046
348.4353811987356,0.04293134305851254
337.58317850522405,-0.3455935222345943
319.3872174207225,-0.0751464915873612
354.16962454756606,0.5769328731520318
344.0818996270618,-0.2892488575325842
345.79147363051567,0.011125202506264031
351.2396442560086,-0.1075418434970743
365.0269393286979,0.07643101367170857
365.0269393286979,0.6578273742093188
365.0269393286979,0.5394482482281546
335.81436664402617,-0.30511846325816805
335.81436664402617,1.041366724295358
335.81436664402617,0.6380301659801262
335.81436664402617,0.7572660912389892
360.31722655908123,0.6915117787488043
360.31799846681025,0.2654511674486457
358.43743290113446,-0.1115439570972967
356.7059564436046,-0.08851963619110848
327.2078865291642,-0.23893536198590937
331.8756077688381,-0.2828612921568947
331.8756077688381,0.439157392022139
332.31554590561996,-0.18974748360619742
332.31554590561996,0.2210897412965096
332.31554590561996,0.01418954700602626
334.693771246561,-0.009656020780084873
314.90208345467414,-0.07011783507539349
367.7300313019076,0.009733614583637973
368.99245551681656,-0.3034005572927754
385.4493304788344,0.22063147961785035
374.88685032267364,-0.22023662293327106
322.560220364933,-0.4774746828845764
312.37398758497386,-0.3256652817822214
324.5211450859635,0.537336051731927
346.358516591317,0.11481142950879075
334.3879981954151,-0.6633414965015163
323.39801837253486,-0.03299657398576983
323.39801837253486,0.4273735324301242
321.805081593082,0.2937348915157827
341.65095673273436,0.2831917330382794
343.88631764362475,0.12909475967171602
383.01970876383143,0.2558568494737301
378.43143312745366,0.34884737057620896
356.8561227922925,-0.4792910220292015
347.7206160499247,-0.15830180982879938
361.85855588257016,0.3133049166086721
361.85855588257016,0.048112760141066246
354.99947447637885,-0.40399538241513255
352.4286801437364,0.06690466376517179
335.63541317956884,-0.35063260745653224
335.63541317956884,0.6160342412813407
350.19607465888384,-0.20446214258822692
338.7759943521207,-0.1867088541737303
352.8324583905217,0.15032132650367203
363.7564996151277,0.08904511627201828
363.7564996151277,0.325884250795184
371.1059616400241,-0.27272151702402425
395.47126711319504,0.13509554232018672
390.37849178452433,-0.11687389549115323
395.4298919328067,-0.40756629121165133
408.36531315149864,0.38164436824467884
334.3892883469602,-0.5367870607452687
374.35418952772676,0.2446609585091437
374.35418952772676,0.47088308643367327
374.35418952772676,0.5169201104001786
377.0524273430414,0.10173232964052659
344.536275011795,-0.3728148335779906
344.536275011795,0.6576850205217397
316.847751710863,-0.14632849780082324
316.847751710863,0.4098051892771082
335.2393326898763,0.03921755732699239
363.3919756497358,0.5095376031288197
382.1756518722639,0.29315248062403043
356.4873037803763,-0.45619460506475207
373.1358634917171,0.21918253816647848
346.4105093824214,0.1294276534428036
346.4105093824214,0.6287454109734654
350.3287873696463,-0.0021616303889686606
349.01073814034214,0.022334519557034582
357.0503385537007,0.40204753636658097
394.517790758628,0.090029225346143
379.44993136010055,0.10771312118117748
367.24977534985754,-0.5464920837850968
335.5942848414246,-0.2698613818239437
334.5728834466948,0.17822631764840935
380.76414068234044,0.281669198827899
396.0592592632491,-0.12968642895248195
375.9910139850136,-0.059990056875903974
361.6291291430883,-0.2170367614216957
356.76639900469246,-0.03835593777625945
356.76639900469246,0.1269071564705655
345.4790389141965,-0.007257574539607958
346.01640952525094,-0.22545193900373306
349.0331361446455,-0.027942728187554167
333.828488197455,-0.45419050690952645
334.8004036105659,0.1430115142483146
355.98984499838963,0.3416629643560327
380.7888947842242,0.005747322551087564
371.952520725317,-0.2801682873773643
396.9738297529499,0.15897911344757176
419.6974629096617,0.32552139553456527
367.70309367384345,-0.18331131374532106
390.16913796728744,0.15829936431305214
387.6355736690852,0.18293679889279701
373.25384643502287,-0.3289523451134073
373.25384643502287,0.5837502904986422
383.4463185784141,0.18720536271894161
361.21111925275113,-0.25057923187273445
341.0882820005976,0.02053251016639024
341.0882820005976,0.17101958055741306
329.1517497434512,-0.17265257544761425
359.1720615130454,0.43126470171557685
385.66143723648315,-0.051521156390663236
351.79809494546146,-0.1962264130049789
351.79809494546146,0.4424538037559387
336.14393289345657,-0.47110731342775125
341.1009072962736,0.05324546868166635
355.0152234771914,0.08633922293518026
362.6765384375306,0.30653322650107384
355.4291383659089,-0.2323267938626259
355.4291383659089,0.03212092885303264
355.4291383659089,0.3140131904236796
334.8233149928979,-0.12618676854231126
342.29864320374793,0.027319338160396
328.0086927824576,0.15112096939719777
328.0086927824576,0.6269295220866979
337.1651764149118,0.14151727522084911
333.0452419953737,-0.22889198951099843
356.03996076366053,0.6195447416448587
345.66710621595087,0.16017784899304388
341.07340296173504,-0.5141590670482401
340.86951139086204,0.430884269778403
346.28724283196595,0.04113018353564257
373.70138200662774,0.19085867110106847
373.71252823243265,-0.1658902913862903
370.3377963439072,0.08441916068318278
366.9791709380391,-0.11207478038181762
338.01361221123244,-0.6518201049686922
351.6463582847656,0.0009183782101445104
341.035937748443,-0.1524103496241196
373.2901264307998,0.4592957553334145
364.2223528879293,0.21451443711384854
357.2362556945865,-0.5562429835229068
362.69851732197134,0.33998710492789996
385.36140151686755,0.15386076829440753
370.1801268228528,-0.21181831564570075
367.92854969571493,-0.00867534469966813
378.34306431777355,0.01776070013215758
356.6122803954097,-0.26763016908012105
356.6122803954097,0.07407930716635747
357.97236383822724,-0.13132054778418478
385.60844956969606,0.6293356002613564
362.1951631401625,0.007167997512851798
359.4002327738823,-0.12441081186261727
364.9346737537549,-0.21539757318407737
361.78249420951255,0.09669268732886849
339.31712536221073,-0.08553962920746017
354.4129102972262,-0.21548313687821974
363.9840796794552,-0.09340823483591976
347.8368204774948,0.028181585156062283
339.15589339301016,-0.003120323117400403
339.15589339301016,0.7432850051418427
329.3426226133101,-0.1717648680308912
329.3426226133101,0.23924587705937483
348.03642705852434,0.369108952359511
357.3984550718718,0.2529676680655939
326.53911508052124,-0.5489659529471282
346.7424749916025,0.15582553179274328
357.4419058238381,0.4898827790957512
336.83975181088334,-0.17306535231659836
331.67113180256604,-0.10763661376017808
359.499268732993,0.5172126777397352
330.4064504773635,-0.4971590952443421
323.42057502619497,0.14217075906492482
330.3030674502058,0.19391685970936123
325.1544064966194,0.12808001267103464
330.26242767123625,0.0029708112342632376
314.6162073933972,-0.3181184904423162
335.72041713993457,0.576293158092426
362.7231375588808,0.26552167173383623
360.19329524925666,0.18942489950165964
343.9263464332627,-0.24900934421452803
363.9757906725024,0.12624906672135694
321.995188897904,-0.16712743837683774
320.190090396592,0.03575581635743674
325.18274782411754,0.1557300573977045
366.1069327390073,0.38539976227957595
364.1692105928082,-0.23984240603363105
367.9946609612032,0.12221442658460546
385.9103718900753,0.12003685943091114
385.82706072571096,0.03571959601276831
360.5257302017608,-0.5041132516032576
340.3358820941079,-0.32546115156071664
363.49566879083994,0.29693256827988534
346.66428722801,-0.3815559566298816
358.80597500644035,0.11702597593966857
334.79610903445285,-0.35337276088534963
336.52159921355866,0.1032558655927005
336.77449815051375,0.09885532266662267
311.70648962854784,-0.3977758142135599
358.2401056236695,0.20393103362675902
343.5881579063037,0.2508800757211702
345.9573536353093,-0.6068376186630076
351.42286174352915,0.16730255541278893
346.03440261837056,0.131140586020706
376.4089198156433,0.5967489932493208
338.1962171820224,-0.1843682276561367
348.8687800731129,-0.00638169738022043
348.8687800731129,0.0872567511971738
323.19984091555875,-0.3759995061330983
330.627686896424,-0.13223891333848314
347.4494135824287,0.3568293855147431
318.9785103974814,-0.31548837968455246
342.15881871817254,0.2166845059816751
372.9576651326301,0.43089034245201674
363.6629103386243,0.038962278223380054
363.7277888368115,-0.03813376801713275
321.36935676062484,-0.8840238020170545
333.3744625595094,0.25364479931295136
352.5365372641202,0.05406490041480083
367.40591362016056,0.11813949023610348
367.40591362016056,0.48543730689311815
359.4937684142978,0.17382952549405672
360.0618085184277,-0.16533970817374666
356.26539813199423,-0.278584703182446
360.76790451072884,0.05736868821600183
360.39232176167036,0.1904281118606832
360.39232176167036,0.3607429279720691
360.39232176167036,0.2775206516101889
341.45909694198025,0.1323105928051973
325.9260432061688,-0.0797799890801798
341.49309875408676,0.16511585718171773
325.743835319151,-0.2984945060903783
335.0735226315863,0.23404631430105383
312.4775836044551,-0.36825056935708744
307.99139425544234,-0.06813307836455351
348.2604066236459,0.7355305069256701
340.0733378406633,-0.23509322957374934
350.98876814353065,0.36990119512915953
331.802848229861,-0.0027266013021289837
331.802848229861,0.4808893584144016
323.33461132194145,-0.2063757455259747
378.0480303151529,0.8327160525362842
366.85550037307877,-0.2844560227783859
365.47195005828803,-0.3811944195434762
372.6951313505729,0.014186887338951237
350.8384124214408,-0.04870664107477296
363.1241734457442,0.28349755224587625
351.93221446905983,-0.24921892257930267
355.94126743094154,0.06387904949156109
349.6268953113225,0.04431628647228081
353.9524127382625,-0.0818069974568516
371.0305968723679,-0.021289408107350027
352.56983713789924,-0.15874482430194803
352.56983713789924,0.4574703524688175
352.56983713789924,0.2673902916621955
367.13957536426096,0.03367875388698849
399.56354296290664,0.759398728700944
349.6826926693787,-0.6723378900040871
355.0415419605034,-0.08063960046297325
378.2698986103327,0.4734686340883627
355.6268166123324,-0.22768287059966497
366.9318527436556,0.006842854810315657
342.252916240355,-0.31008332020883245
342.252916240355,0.3678250565342296
351.87947348663664,-0.014283976546948907
344.38570403038756,-0.031380841231111845
366.9172067281309,-0.10541371384579179
366.3765143582478,0.30939779118546085
349.3511350551082,-0.16940980295316876
362.69616663664704,-0.0022652752156773204
348.4334918953915,0.5541760990031435
372.9822930496181,0.1749931997007934
367.01687807953704,-0.22930276630029311
356.44439013465603,-0.13567068589372866
356.44439013465603,0.12342128804004915
345.62004983870094,-0.31292693488376244
340.52457208988955,-0.3448392342838815
343.59623870463025,0.4238281891564384
346.99699663562825,-0.2582796730865766
327.9307325436712,-0.23564901792360615
327.9307325436712,0.29640578895146064
323.6949467165221,0.20413177257796633
323.6949467165221,0.3325964457384316
323.6949467165221,0.8069566859803672
323.6949467165221,0.38703409833260594
327.20404230325727,0.2435566388537609
325.1852327681613,-0.24145981464300803
316.93083038352535,-0.18342131098791015
334.99248198691686,0.1556098695291439
334.99248198691686,0.026609237749653403
299.98007883242656,-0.34723278484852926
299.98007883242656,0.21106645702957394
318.73209013837067,-0.08532822524625772
330.05954501250187,-0.026427071678426728
340.66749321714,0.23054711114002657
320.85540509728617,-0.36458823018256226
341.77267969859884,0.3078397369574759
342.46477370539486,0.35319217686515003
333.1710754000854,-0.25125944153728597
350.826485076344,0.1642136438167654
336.25418575631045,-0.3070946126075569
361.9153990521212,0.2582425096024963
377.6883676436892,0.042871900829368315
344.12059359153636,-0.2391692267868848
366.0345007472292,-0.005462856746135003
357.20549065363264,-0.02429791317354102
364.0583510934379,-0.2874734115667934
334.27129949782886,-0.2676594762458535
334.27129949782886,0.3172903476540796
336.4400337907958,-0.17794602827427752
317.78237856813735,-0.22650562893591086
321.43931859041777,0.08456264609139907
321.43931859041777,0.619410998368835
321.43931859041777,0.4235077176656432
350.9330837682364,0.5938444090882058
337.0781628119791,-0.48079800059281297
335.5743119147887,-0.07803081050099081
374.66027449460324,0.5991546664895395
344.96595988890886,-0.24873528476450701
346.07009786382724,-0.34701427556831277
335.8286929309209,-0.24877395135763436
322.6666628288397,0.2135955577562072
361.3916751967047,0.6050463053932162
395.57922877512704,0.32399028527879636
395.57922877512704,0.2555355987466328
368.66041469825217,-0.05603565820081258
378.0979442511266,0.027943795217311163
372.03492252050665,-0.06087420790208853
356.85562256018164,-0.24561871976220573
370.2367885646031,0.15116009580913214
370.2367885646031,0.21920391708931675
343.338900744913,-0.44036261958308387
379.0596609208113,0.5499494721935889
378.2424605172915,-0.2996337956553816
350.90432718315,-0.1354409425164249
369.7802048156122,0.15806618634462666
350.6051611715963,-0.14177742100991964
347.3297075762885,-0.28770490077044997
347.3297075762885,0.7203568162694864
351.07582310899187,0.3578436058821808
366.5176170850499,0.31700890282240834
333.54519847717063,-0.5104456951319207
332.27087614217345,-0.6842069583133252
316.2714414472724,0.1639911067113644
324.1559234015329,0.21911468873804552
350.20193855052037,0.20865009764042952
367.0612122173481,0.14136478626892313
354.97225966952266,0.1304907115252263
334.8130537024405,-0.6144955424342697
333.2909048907234,0.009748276248274124
356.1125511441641,0.5302853777824339
372.7807904988596,-0.21262692769448677
356.7226419721699,-0.16083941326974127
350.5626679639402,0.006998372419957377
360.0722084136021,0.32100292683549014
358.5594768144445,0.10765345447862273
335.7732652837447,-0.4293674308219124
334.0730233717778,0.04668984759598516
354.8534762240186,-0.02409736849483579
339.6591698006172,-0.19723652156210392
342.3079327592604,0.14052804548464337
351.0708104896409,-0.08164995260631258
351.83838083096015,0.1745335908257175
353.5894351603413,-0.14987104998283485
354.9811253953374,-0.1953240315124276
345.93960820496716,0.3859892325617693
351.4084823410288,0.4649468182067267
352.5983241283399,-0.07199663848768978
363.7634938411505,0.1533807743720672
311.47418029087584,-0.3249145452763287
307.8477745010957,-0.05991944906418212
338.7914450444853,0.17908517450075578
320.4939950659091,-0.24078811693470925
329.54375300398897,0.42935051660344925
335.8867776391387,0.2682659408379777
325.4320396702209,0.10216716168758921
330.53225673079805,0.12571445113724167
340.6861170489864,-0.26604735378009536
340.6591184260339,0.25856316872000207
342.2565795542027,-0.09542461863543394
317.98668109156466,-0.37897135267394333
301.37268396341693,-0.36911821461762884
301.37268396341693,0.5080139882928734
308.65474782251886,0.11658358786098688
350.9977661466512,0.5257802365103998
355.9175385417827,-0.04484317884691791
323.75540276573037,-0.38607091263975235
330.1460137661805,-0.07836550214051385
330.1460137661805,0.6180902795607608
338.7633328368228,0.08089451017451665
315.50292958923984,-0.28308475576841374
337.33482151124275,0.5051772428100776
348.6610398155703,-0.05760171827841987
311.57269733465876,-0.5361733140352953
355.33946343232685,0.7529014390560178
343.1854190765352,-0.1661607995599752
344.06182049996374,0.1619163344437311
366.9760147411898,0.33424250968323577
353.8118410629237,-0.8596918182558966
361.80177798006235,-0.194887179045395
345.07997052066673,-0.1605427683147127
344.3709858894296,0.2236725807952098
354.8035350543968,-0.00026242685726174386
332.96840392402953,-0.08674114353664208
334.6216260815561,0.12995050953270493
358.5005695210438,0.2786363257781659
337.5976762344359,-0.4133094519276028
374.4486688030504,0.4625963534130051
386.8639613872165,-0.16215798323298714
388.0407487449745,0.24810828875888546
373.56560315791455,-0.18334783650914233
371.80768662948003,-0.0011282398986622866
334.07206505511726,-0.23329304424237307
319.0828347598411,-0.08474623999904907
319.0828347598411,0.126736763209351
349.9001097562453,0.5376227982440014
328.8452688543565,-0.6217840782865096
321.4805312141717,-0.04757958547338603
321.4805312141717,0.7265916766301643
337.5320119240687,-0.015562428479597656
323.5858958284729,-0.24418074739378426
329.1032795441391,0.19903360177920604
324.2927374228964,-0.42604859009929896
342.516549209429,0.09742278324438303
315.07090551879435,-0.22125447559790246
329.0378803520043,0.042750225104555284
329.0378803520043,0.5899574870057904
333.86646532240513,0.12172028036104621
350.63774922639925,0.1543900469376922
321.94417277345775,-0.30441507031787296
361.39376652734205,0.37285743880647715
361.39376652734205,0.6859554394973202
338.091518509634,-0.2578110194929195
338.091518509634,0.569834563043969
313.52902666259024,-0.14694324946140114
313.52902666259024,0.4760711536898725
350.05800654886457,0.48354602236202027
329.5674499251728,-0.19688499202163712
333.1858955570676,0.14047741720730755
339.7482055267781,-0.4953743437895355
339.7482055267781,0.8506160119568449
357.938344755518,0.16663978784890787
389.07922724711705,0.44818994462252704
341.8367866286241,-0.6775374926994573
340.4054247048948,-0.19032982800274567
352.1265692625402,0.2674299333699537
337.9506983520247,-0.14328404410855455
315.0490792147761,-0.4887426628081357
315.0490792147761,0.3863773399243655
333.8442694675064,0.21421716317627215
337.4126954834961,0.028064346974360888
346.43210919973075,0.3398659796979473
362.217930844918,0.29544262367221563
327.8262183634162,-0.6918478214257675
337.30002355524897,0.3967116706053275
328.48905380358656,-0.14397491276747587
314.40115867232936,-0.13490309780434018
314.40115867232936,0.7133549662560199
351.6433222067634,0.6382059810160854
354.26341454056916,-0.16310159006991398
377.17289471209045,0.2861721480819597
345.4934555437451,-0.3668122828810283
348.95602751577036,-0.020287339945525673
364.37132040494686,0.29528190353539685
381.9563034539718,0.23250332231827997
362.1425080282009,-0.36745982224420004
345.3319309908369,-0.2509384333743583
342.7678048344283,0.22443702644591212
324.70073909980636,-0.14718779323493436
331.7682392975087,-0.10675932087747242
315.05748511870706,-0.26463244296087396
322.0504094255176,0.32287781384729897
327.38039196663834,-0.10467216835854742
339.6493516576815,0.05008845601003031
321.8251368381035,-0.15861135972716056
321.8251368381035,0.4868303083680985
344.71241641668814,0.13058389771720158
358.22133070437565,0.1020185331731227
341.39873570183084,-0.22376022450873734
342.27726060955257,-0.1596778565465229
342.27726060955257,0.6523260964892188
353.8194551591518,0.3257968165848979
350.2873139529698,-0.03847565380647211
364.3169877124897,0.2593954765690114
358.35345592501255,0.11673913942013314
401.211429216512,0.3300322351547038
360.3155589814894,-0.5904674229557259
343.81874372086276,-0.20756235957674107
379.8553112773731,0.5967363578415643
419.8921813170296,0.568481903284237
393.0020819655051,-0.615552582066698
390.5944298467227,0.20224055434960064
401.26613216869816,0.2940220181440054
382.02394355645396,-0.1684967446723249
375.80506751200176,-0.14848686982691106
346.0374579908127,-0.4838524625356513
345.2242239105267,-0.04757812979926257
313.792738840716,-0.3419145693790142
313.792738840716,0.63496723367291
330.8276874665514,0.5350869631906789
344.1146994508357,0.10884982274410504
357.1107994390869,0.3886171748954439
345.47744041552284,-0.22227620751436916
347.80987939528416,-0.06176016812173657
356.6097223473018,0.042293960823144516
339.2976707542764,-0.038831378712416154
343.6752004360805,0.20195034528478573
330.2817105399619,-0.624007519896395
347.13419340074813,0.3719616953005698
348.40625055037145,0.051306801444411576
336.0795947760939,-0.2819927249330476
374.0882032036505,0.11287767828457618
358.62325472263154,0.00012340197508819983
358.62325472263154,0.08603460569179333
357.7893522396444,-0.20992138168571728
357.21715763963766,-0.4833476766006015
361.9228640979307,0.39746058368973536
351.4518319453736,-0.5482266143560537
356.21909557867247,0.09399020282569381
365.5219940266959,0.38152163655331606
361.31680187707235,0.06615051363735347
321.35786305402047,-0.5135170960190862
316.263736726354,-0.21357979557944873
331.0771931152477,0.2167172688732535
326.05783042327084,0.15143666176845727
322.8387323250823,-0.2846582282086274
339.16124672357523,0.05142462873902787
326.5503025668552,-0.11544532508855809
316.4526582079791,-0.12351041127760709
327.0750257215214,0.09167963044592398
327.0750257215214,0.15398074672998519
336.70308694559,-0.13676661659451383
361.34312502540064,0.22296500036532052
363.21372451845673,0.211877083094123
386.02396619493675,-0.10212866833342105
360.38519783043137,-0.07127509320480385
358.1157604288976,0.0315706592278957
357.9854041267981,0.020506843076191217
311.64271321189267,-1.2800521580199984
330.87283100671425,0.250650742176731
353.64013131432426,0.33038796810978965
324.401697761288,-1.385414896049042e-5
324.401697761288,0.4389174031100538
305.12948104538754,-0.20197673932852922
328.7806886123474,0.18211856433094908
328.17517621108306,-0.06801969840523725
337.7131450753347,0.28753671077299714
364.7285191003867,0.2809953752303045
380.1977997162776,0.24400165543306684
371.32779050860046,-0.582849780467086
381.46883857088756,0.4338771768867673
396.9004759761071,0.3014963649100082
366.9053671817743,-0.3434823205915336
358.4213262358152,-0.1295468914262301
345.96509874266565,0.06149073468770894
349.482546077996,-0.14068858341272517
361.1678408757928,-0.21818924430954212
326.44176092010593,-0.10524479240280016
322.0239101043285,0.23564863795468227
347.5711468617521,-0.009659765870082992
374.67322212446146,0.20424020379255126
378.8087964501779,0.22048803397615302
378.1373372197563,0.05522818741383162
347.1108023739041,-0.3233642309626248
339.8087158810527,0.13002920809776697
359.11337102283346,0.32536789591244997
353.71739410572724,-0.19910120943620768
332.2412765908008,-0.4965255953892438
332.2412765908008,0.2989891700027556
356.19132509682265,0.7432359788033409
363.3697795576052,-0.3242185246073177
360.147377509939,0.07284285115883904
372.10619165468734,0.15748230768963367
358.23677316043955,0.06704577002574297
350.7961141411289,0.2317595701845221
376.3932287830426,0.2795634206175919
372.5517999509427,-0.16064256708818903
365.9883734904433,-0.012970297301535538
363.2553037914069,0.054731954092972046
350.81290011634155,-0.5591169373185494
346.3644257792041,0.35410470833187446
357.39868633641464,0.2821980125468144
357.39868633641464,0.5659078157729027
352.8593966145626,-0.0042136236170335906
352.8593966145626,0.2141769453874076
357.62959663678845,-0.3643915875456969
346.85393882294824,0.05884514833644516
345.96503468917723,0.00655939152738938
357.86186693779996,0.20029381766210008
352.4623037995341,-0.48228614891149846
374.1994988108425,0.20417481798756398
386.18539695081546,0.17385614119598358
390.16103848110413,0.5024914285841078
366.95646039911617,-0.48642878406258205
348.7795746082868,-0.24656301529466873
348.7795746082868,0.47107334820884716
368.65408026408824,0.0463275170873203
368.65408026408824,0.1355372855909991
379.5556630571376,0.2633090037999182
399.3998100794311,0.21683208215131344
347.4317022622561,-0.7806273532416981
336.9005449209415,-0.27464328157384443
342.47461473762417,0.009767608752895285
326.20487952234055,-0.05333613602601872
326.20487952234055,0.3660935759073709
358.25687486679334,0.3904075126197313
331.8423048889996,-0.06226161750589654
347.7547856723139,0.3239966965987833
357.855899042467,0.1799248703006242
354.820962386374,-0.5460034970667493
379.58774598400316,0.7446068146605285
334.51109176422557,-0.5544958825348658
347.178988860519,0.09528260074887385
339.87432480989355,0.1178419161462898
345.03745065781777,-0.06142974403167045
337.2095238287172,-0.23681038715233171
337.2095238287172,0.41418755930817497
328.88546666763904,0.060578026298571785
347.6870969681696,0.26987982254149756
381.638622129028,0.27447741777882584
355.5052452249343,-0.3659013233722135
359.30283793916624,-0.11576109433076454
363.4512621628932,0.11050986622183245
376.1259030768449,0.13588496422858043
344.18902088788604,-0.4996338332218784
373.6677187076521,0.6541632034975464
371.4800844991072,0.17840007614756814
336.5493689246499,-0.2399927644703439
336.5493689246499,0.20267760260696832
365.79983096896535,0.2798429169500878
352.55148861706203,-0.019845695638650795
336.83042540226666,-0.26951871285473317
342.0173207904416,0.14250253302247984
342.0173207904416,0.45936896664375126
325.97251723118967,-0.37262354213169147
324.91919611897674,0.21663178303072073
335.914399292897,-0.007270804043741919
335.914399292897,0.20039786593110875
335.914399292897,0.5908955084703393
326.76047353714887,-0.06440107913874726
330.72596695627055,-0.13530002642607997
357.66694368979034,0.30413032704473153
357.66694368979034,0.5008502986470376
372.2562835987378,0.16756893846365983
344.25911519806334,-0.24009003293167552
342.0610952592815,0.17021208127619047
328.84304475713236,-0.019755652113076394
337.6080456909576,-0.06228301265855407
334.1629247170853,0.013690739696926357
334.1629247170853,0.2226073569405571
333.32553554461356,-0.14643580810479762
353.94120414178997,0.24678136746240398
366.53099471449855,0.013388423454898657
360.915354087568,-0.04957624487906287
337.9132094131834,-0.33058263540885946
337.9132094131834,0.7630994275841658
362.7622860118859,0.23686279907303742
340.53175338568457,-0.13942821298178387
302.16104755044864,-0.6438996487622717
314.47422003546194,0.1421405774045752
324.265724963825,-0.001442218770762338
344.304257971847,0.23704521492845743
343.5550361649984,0.21472206473185906
343.5550361649984,0.18305700123369206
348.2782967049807,0.2371690071717012
341.21606085057334,-0.04789812900878587
351.37806196051287,-0.052028111323124904
351.37806196051287,0.4696944473254234
357.8703429956699,0.131345703144234
335.2000390386681,-0.3916859736538072
332.2160729733911,0.21303282862163542
342.15380556095806,-0.22547220866817952
342.04194933780536,0.015345903545266992
320.24494717886427,-0.43951148845508214
337.5571527258014,0.7052959900565838
322.0095083001291,-0.47013506444875475
326.57973373139987,0.2703432676188413
335.1642817573791,0.15049242762586346
335.63183541567685,-0.05804796362895104
335.71589391292474,0.08286806969772442
344.92130913791186,-0.13884187371900225
337.05885541472026,0.06882942354786792
326.68451702083746,-0.054725554769902374
331.62262906536705,-0.18332676846716822
320.4896671443628,-0.09568618762193637
342.20473483866647,0.10011022060166397
310.97183409296156,-0.5911856201428236
332.4440329224119,0.6408121577683232
315.1940247112286,-0.06543490854028278
315.1940247112286,0.19295103639501576
328.71603980474936,0.26289416096733476
347.8814634944604,0.31931348463047016
340.1447803768427,-0.24707066146277157
351.00054044023625,0.11019639827293304
366.4937168083689,0.22461756026655166
390.03718789398164,0.2262864044273556
351.8852971739474,-0.1192274894710863
353.3581013905471,-0.24409332776042447
365.8086322654654,0.06466721098854578
358.00613991981817,0.18606399973089083
363.4337619204397,0.17685411092224967
353.3252462837018,-0.2624965672852113
362.46239969747774,0.2828210181010036
381.3688519542245,0.5830480294400786
355.811576246524,-0.36673973764175116
351.70713474068486,-0.21047686191423054
348.7164334961226,0.16102070929809997
367.98844792999733,0.156457098500141
359.49310943622714,-0.2595925273934654
367.04628677327895,0.2141544276548757
350.66192913593386,0.1505050262938994
323.69738620638765,-0.310530397494972
330.4205937178943,-0.30489737156449337
332.27805556683325,0.14200344713833601
337.7549248047249,0.16749392896849713
351.0336688244598,0.10385378777914411
331.03701363023845,-0.30696014858631315
344.25977691723256,0.46681640580197836
330.80143751122824,-0.4018718589115906
322.2313972908656,-0.1424674931656682
345.39233988804614,0.11942903044928244
342.5477920705852,-0.15433084377025352
347.88876536690896,0.3535831689501947
363.95653586592084,0.14636497203650833
349.3018124789194,-0.23277971185837032
341.32646489638796,-0.29287773105863835
324.940618858722,-0.46861443188629437
332.03183913030534,0.30458162318132054
322.23194011421333,-0.4132149451324949
322.23194011421333,0.6010988423788604
337.5398750692541,0.44328541455536197
326.2882475875648,-0.24915462558874424
326.2882475875648,0.6094157663711712
378.95254012983906,0.59772346061186
378.95254012983906,0.22702176261930163
343.65302184089603,-0.8427126821159163
382.25041052621316,0.7417856958286393
344.8708637565043,-0.8152377549540688
353.34729394420464,0.22472892185442106
326.1192300913333,-0.3101880507134638
345.6046697586828,0.276095900832388
339.20636174667993,-0.02785235329497482
368.07404516784703,0.46638741704759923
358.5806451399193,-0.19891741258288675
349.4356786788221,0.306435979703906
356.14832982266495,-0.1839346958402075
360.3284485577109,0.24100535244633647
384.7109234462878,0.34055150058725303
365.8209458147808,-0.521708896980499
350.2379558251371,-0.275824190201547
359.0787082622614,-0.044339907455196226
353.3064902585995,-0.11178760874508953
290.42632160798394,-0.6959849816132646
295.8442406426298,0.03904358407885411
295.8442406426298,0.2810847814387216
337.7616876252181,0.6015212511915706
359.04497576539495,0.11713596342713117
351.5576202390309,-0.11741478531223493
365.5747405771295,0.3639016963359154
372.99237513247465,0.22279454183615144
363.3901063825048,-0.6134361494245013
363.3901063825048,0.6288750911805892
363.3901063825048,0.36202164787835045
363.3901063825048,0.17312812833290536
363.3901063825048,0.23334711308348233
361.50701316897573,0.22297884869158224
343.73252031928115,-0.40738577366835216
310.6163809596832,-0.3694578501895194
310.6163809596832,0.8833953864868818
322.8510178620432,0.263142997816999
357.8375305196169,0.5188941561485763
363.59511608659363,0.15637683578120232
366.4976253206067,-0.1422884011444694
342.4807572944563,-0.39021865315658033
356.3062740405338,-0.016603318663783284
356.3062740405338,0.18694462599296457
370.2136380461111,0.6332202908547515
357.02203295946725,-0.12297881526137644
378.29204459814747,0.28824845590929726
376.919702816467,-0.4798297021986855
375.89674782357184,-0.3064560719842575
371.4170315696285,0.2924211942204238
356.01060952540814,-0.5439206988668275
366.3232697589632,0.28654369372611654
365.02454187380823,-0.11512032267410177
320.98224330867623,-0.1225712812462234
352.4315028146919,0.21433476975255417
331.6491479114031,-0.2254073122594491
326.73614532404105,-0.17967573158534833
327.0612220060924,0.15102452493738383
332.1464629199492,0.04438844193452951
337.244203124909,-0.17901138323713894
343.43290169033116,0.30913732030285246
335.3191857774711,-0.18946941080582747
335.3191857774711,0.4452547676132781
335.3191857774711,0.4712946121295545
350.0823835008257,0.22894363407613127
379.8017281797611,0.16049425662720296
374.9986461123342,-0.2695427789161613
374.9986461123342,0.754570288131049
358.53647724536484,0.3552265501132297
372.3155843801731,0.07546998487941892
358.74372272071304,-0.7254430910281826
337.4101503911369,-0.09587332823514316
368.0054933087456,0.00981664857386022
351.1783232166877,-0.1910055243546367
333.2096712168647,-0.09525648017756794
330.30203941966386,0.06794150073142191
383.36161054081697,0.7037387515159708
417.7548862396812,0.0862390665276962
373.79642408844956,-0.4149855968234988
384.5320409715666,0.05582570163426226
369.9970151499344,-0.24103920771983667
374.163191786244,0.1268688195239065
339.108757808373,-0.5175895595368729
369.371472787523,0.20146066246866212
360.2111661297117,-0.19763356564203605
349.0877424286645,-0.19828730669883043
349.0877424286645,0.7655667630606331
390.8623990355284,0.5726750988441154
374.8865122359163,-0.0774356908611935
387.7350956670503,-0.0374929529966721
365.8576864368074,-0.3685557913045159
365.8576864368074,0.7744500200984703
358.2920289562997,0.01556098143021245
358.13214189317006,0.30841833566455534
371.84720472358686,0.2888994000662706
331.61476391952203,-0.35476635479176366
348.3175756986143,-0.11448733780628118
354.058540586887,0.09167269998818028
359.57708768352177,0.28145210639172547
349.36854939831653,-0.2744348294845622
357.20821768973,0.2532925683203757
341.1003854295718,-0.6063924761077715
356.31723004116355,0.19210741076176419
340.83365355740443,0.07615420700039977
333.14017925535904,-0.26605871994502195
335.58476086036075,-0.16586113561015736
359.2782701856225,0.27851216041108273
380.86913081756586,0.2669682765280186
340.00936757385216,-0.29606194318307644
340.00936757385216,0.23731537489709353
354.8374690806307,-0.07663155669013122
354.8374690806307,0.6505269660156046
388.90738440251323,0.6971962186170231
385.1967935541592,-0.3314349300850381
354.1333153892008,-0.24450653557050828
371.5183011478861,-0.013107097865940887
368.1188849847485,0.1703825562253769
359.60572956387904,-0.07032520548318644
374.5548516242624,0.17224210691324515
390.23011461977757,0.3591155707827056
346.70682614646387,-0.35541116282763596
385.7103678505564,0.3664997497778586
376.52299290899913,0.029937097598917717
380.7454645740189,-0.24177439986465288
345.30774067657467,-0.612324813619125
348.96570273734153,-0.03098078020070716
348.96570273734153,0.40974211697164264
359.46867026748146,-0.3047437965633435
370.5075418639301,0.512645861826968
332.33352386865283,-0.3998442482578639
382.7014920215274,0.40129339886721027
372.7991761588835,0.02598033064145966
367.970564333493,0.013363898656621132
337.43082456998616,-0.35955079604286766
339.96242582788227,-0.014276837370630346
349.8201992078545,-0.07791985225469489
351.67407677361126,0.10589549233714024
351.67407677361126,0.11745250482510983
363.04170756513855,0.03441657543351084
363.04170756513855,0.4932012103696479
385.1871830195887,0.30508683497214406
372.94334809619164,-0.31290139664929484
371.25123184165415,-0.22663812007886008
371.25123184165415,0.36822408220291436
333.1754814074614,-0.004849681330370004
362.480963903416,0.38864854264488713
362.480963903416,0.35882053466696107
364.8091618594559,-0.08564398491421343
348.19470611932616,-0.11404616627658015
334.0766160018507,-0.37886125052739317
358.7336878691023,0.4430614787763716
354.0345401796213,-0.08794793208880947
350.7939546833322,-0.07565932161014643
350.7939546833322,0.6867250520658672
363.9445887110729,0.05831261713217373
381.510737622746,0.474337597124304
376.6686829551113,0.07406296415888391
372.52956979979797,-0.43646944780084596
381.91656172400485,0.4101929315735333
355.36403583552544,-0.8178583042407581
324.79107625277857,-0.2285745334238527
306.83442397146985,-0.15256476154718257
324.8451136857299,0.5333270971210595
337.7607369370273,0.0033905540095702236
311.92754349150607,-0.3211051849184514
318.5233824837009,-0.08669620289538216
347.85092795494285,0.12045595921449603
347.01271106286174,0.22059897443568843
374.82581463241263,0.38949817145339694
391.68375022470815,0.14827501349486738
396.751346752004,-0.13122211859922572
350.46707507383854,-0.21081817313404372
375.88173214787275,-0.014090514382814945
365.1367442010403,-0.38128017409746917
376.12809731061094,0.6353411762205496
373.71407955498256,-0.1382376865177548
342.79098579163974,-0.10261432607262577
342.79098579163974,0.10623673794145816
343.3510801610426,0.07712679561882396
319.2262102070403,-0.4221134555847357
319.2262102070403,0.26920671417656195
331.81693347051106,0.6388733632212507
352.22212005693456,-0.05846117371800119
347.0104724045621,0.22466486294001697
356.35395552786343,0.004260419627030387
357.95437453170575,0.19924982974976047
326.0072283867448,-0.6981100045766198
326.0072283867448,0.5444588210348229
326.0072283867448,0.3999613790801959
337.35361396495176,0.3219557091936167
323.60708324089705,-0.3096017038642458
325.44333724576825,0.15603674992189553
304.13564593212794,0.16554177815010007
317.64854375423425,0.32585563235306836
317.64854375423425,0.5014364551509516
303.71060905550394,-0.11378690243157052
305.275937039036,0.26681566814227153
319.1059357332351,-0.12981858080490838
356.6978688231668,0.36771892848582866
342.88434367130156,-0.24329979515005107
313.90058853350604,-0.2824131114762167
313.90058853350604,0.40476213686974916
291.5750514110114,-0.09030468154594473
333.18713453684774,0.4231429170025649
309.0370717063384,-0.08992254018107815
329.75769016640095,0.34929284715394715
313.7750867051163,-0.0586949594996895
321.10505338044004,0.10179284989533244
320.84579601368944,-0.1670241162835282
331.6211736305099,0.04541835762779556
342.2278822186348,0.369916662986725
320.35186243419366,-0.4857071196602192
322.37135148064823,-0.12630617954573609
343.39015797907746,0.07591824448081752
342.3819432492617,0.1577618082679919
337.25965779109566,0.18052825574488907
306.67650205072994,-0.4576304790558652
367.08107930480367,0.7391663317243911
361.03710941740286,0.11944338776788754
342.1798452369518,-0.4769200823053552
349.03991738072585,-0.09367807084208835
354.3918720954417,0.06979938143956588
373.5059758592731,0.4049623657706434
366.8611945520871,-0.28590498002654385
329.6835452418898,-0.5392122853641013
344.31163755592723,0.5113418028661272
358.22986563574267,0.13953630974424414
371.48954726653335,0.42801749147668033
368.919711804981,-0.07544320230647372
393.7146790304919,-0.060645030960245094
362.1456779856253,-0.08153809917416766
345.8296689360327,-0.4177253893612942
344.19653523731495,-0.20842148977123998
321.2784346769798,-0.20362623166965932
347.6865367934936,0.14159974961296484
348.29681018087723,0.3816755287484739
319.97540956884046,-0.3832199023289604
367.16978342692624,0.6779038356097544
326.85686370440584,-0.5097822625031085
311.49267732751605,-0.05738499204016989
311.49267732751605,0.6899420145849717
324.1701847179628,0.4179298811694707
347.9873404113951,0.14984205533278327
357.8352760200284,0.10444833299231959
357.12075202042536,0.1117964617438929
355.61930405202855,0.22692895465138463
348.05992413040707,0.015430423174279895
359.4743283662015,0.036814431714674356
361.5211856023345,0.1297429293449568
327.06316261963207,-0.3575662518220497
323.5186787149167,-0.35383069133263234
322.9240287703235,0.3237291581217505
322.9240287703235,0.14514397601283235
327.58310753602876,0.23205112942036976
335.24532280688726,-0.140814889349258
317.7637484769983,-0.1314021792911717
329.6123072654172,0.18248945457492027
337.7633881003122,-0.1456258929778187
349.90871727239664,-0.16867849393747747
349.90871727239664,0.3706119992756385
322.70716066160395,-0.1772410154710542
340.074662438373,-0.041393062991801344
334.90051279198286,0.11825936540265047
346.14609592883096,0.2152570734250503
360.29734668799995,0.3186927940566875
354.73699671110234,-0.277486648186823
359.8962525950782,-0.04695120935105024
350.203517480381,0.10608030686466918
391.24918303989244,0.07548631422594099
360.1584326788261,-0.373798277612309
344.20595201732175,0.2693498803953389
322.03662543288516,-0.36613978273248904
334.70536284917375,0.2986373387293497
343.7534704892694,0.17744543149240144
338.3728785234218,-0.03960470833976615
336.1904603228072,-0.03898993970892661
342.8058986566023,0.2768768224638052
320.87725306647883,-0.4327373608656444
329.0412046397828,0.005264535110313773
345.8722966238611,0.546386887702738
336.58967457417896,-0.4597762202172362
336.58967457417896,0.656084159989291
362.66684382791686,0.750925803561131
342.240984888745,-0.322979783150231
376.2601000469578,0.5673165700120535
375.31753638716145,-0.132378851346175
334.23909060501126,-0.5458096396229166
360.13521378858036,0.1935103254038495
360.13521378858036,0.5808786101283658
358.6384934096488,0.13951824690229842
353.71117290073727,0.026552479154361208
376.7871373336244,0.34468555026160175
378.54677436941637,-0.2984822562292493
342.07616724434496,0.11900556195632817
333.30609895385726,-0.12081082058898573
341.85101204288225,-0.04225103309909173
341.85101204288225,0.08055430033755329
350.84594177123137,0.38719867739757774
338.62691775785487,-0.5949345078756778
338.62691775785487,0.36290397241373284
338.62691775785487,0.48217382343227655
345.3897015749971,0.21536631816798035
382.7971212231149,0.6582576193901559
380.6174849980534,-0.19832805621297211
350.240437353123,-0.5166820397140555
351.3119884399645,0.5003225176475325
340.97955449690664,0.06202208325430547
323.867237164903,-0.19645736415691317
334.16446828493815,-0.16317703303309372
317.0632711364943,-0.38430776422103463
329.6742586618929,0.10972942247053652
333.81900414615944,0.4580490708109437
334.1687454237587,-0.2735918651062548
356.13878781910006,0.3036344770425785
330.71494054126293,-0.33736178503852443
341.65276492602067,0.4450944796390104
373.10262085250366,0.5267299278218616
378.94800100599906,-0.36398927841878503
382.65451984549696,0.19812514258842384
379.0424297512349,0.012789994797913096
361.01917855044695,-0.35895311435501753
335.96272195913497,-0.3960762333463208
335.96272195913497,0.721403899195252
331.13049843918526,-0.001445732646743636
331.13049843918526,0.4075811190582499
331.13049843918526,0.36662916417867564
344.0362408810402,0.25223529816253176
367.380640249466,0.04140786795437634
354.33139568447285,0.09664001122473564
321.48470325804146,-0.6099625397448563
321.48470325804146,0.3286616320305029
341.8556642380657,0.4226257158197768
337.12253191708766,-0.4190964601630185
322.29947251261945,-0.07615234628451617
373.5890014851314,0.6860010023896166
373.5890014851314,0.2709073489199909
366.6473547039213,0.5284224911866886
364.4767488921868,-0.4404431351413223
347.32713388880967,-0.040585332767477666
357.1014675510398,0.1348745385937491
376.2962620772905,0.46766633972390537
364.16088670082536,-0.1821746331416989
365.245688623365,0.1851557739363443
382.10295712927154,0.13799141513254654
377.8893273871609,0.01518402440274258
345.1724151063074,-0.47252329042953534
373.6681413644891,0.24573003734894883
388.97325704885526,0.02157043159877503
369.072452012709,-0.1466109293712634
358.7014376711346,0.07648791035774138
386.74112066596945,0.34609980171728694
352.26641897542595,-0.33066626493950935
349.0746554773392,-0.25569036017373037
363.43032825776015,0.3290703214511268
351.2806251525954,0.05799213424381833
323.1553553394789,-0.48674025723323666
323.1553553394789,0.4784287636125555
297.0780770754486,-0.07113846615357033
340.8804704909875,0.36743286610783343
308.66961133178654,-0.18626319993472862
338.97410252480364,0.6102460778942032
336.66004985272144,-0.3422773091256204
324.1306785277009,-0.24935761267602174
324.1306785277009,0.03242712183725871
335.43108484601646,0.11859687842070343
331.3949993966818,-0.010542196519168101
311.9413398242902,-0.4898911726102142
307.117464831788,-0.23371989347970157
342.28483523708655,0.30492122976306746
342.28483523708655,0.6231024491702328
336.534353288434,-0.20868381822151605
357.58457209278384,0.2225721114574526
334.25857426051147,0.11543547676069466
333.07782606670696,-0.04699640925298354
341.23194824471216,0.13360634236084934
331.9083866607879,0.3435412523837158
354.82122598364265,0.474858012242521
331.25111259859045,-0.5944651986760618
341.2391155853069,0.03885450060170115
388.49195078866103,0.5603300521923984
392.272575171092,-0.11123323025287846
410.1941424734661,0.31776383247733975
383.6752602909716,-0.3101798504751514
388.27897535652795,-0.03996852414820751
351.80902161426803,-0.5594931055421739
391.60935410567976,0.5314967966478434
392.59024608067347,-0.2235463212813329
345.60798756901767,-0.611651387461734
354.2548702954501,0.03696805439290074
355.7777655517569,-0.0708463447417671
355.7777655517569,0.17728569961752783
380.5381754602405,0.3802990984718235
380.5381754602405,0.2012331749481291
367.14234564796675,0.2638609871862627
369.5472697526403,-0.21747662880693497
357.98853973079133,-0.08761580293946736
393.32528160707466,0.3401165833932964
352.93969293308135,-0.2633630953503143
395.11860437091013,0.3542669621492678
389.9481624672235,0.18860443158973794
362.73765188990745,-0.11820201019293108
384.6439730700515,0.5357690203757102
353.72418944131175,-0.7816488654217437
351.6315698895488,0.0992392812173648
357.6369359420069,-0.22178639427113467
345.711105968574,0.08985766437012899
402.11249696198456,0.3200445751861025
364.76106077604896,-0.29632633016251475
364.76106077604896,0.262946664636047
370.1421033589952,0.06719271424128692
380.38643833358816,0.019179003329441002
343.9904418904516,-0.4268018243393499
349.55350303468856,0.32270592916961505
354.8822660089548,-0.30004679953185587
354.8822660089548,0.6013537724027174
349.92993286448467,0.032963963063366464
327.50477126371214,-0.5104170310903555
327.50477126371214,0.7416083552278678
352.45267933240206,0.4740905076207582
350.58039752392017,0.009017621957355004
351.3016610245098,-0.09166957619299865
371.33819771443353,0.2981734555330604
345.01328932930767,-0.41942241011975057
379.4543990576376,0.37706169332841455
353.67655216637183,-0.20823200639631523
344.959495401891,-0.3188717618119199
340.1934756998761,-0.10016982948332043
367.5181878345097,0.39141738875980536
367.5181878345097,0.3773558149589462
340.23061058668543,-0.15251177349011869
361.27147956187486,0.44462830892416605
336.2479766169366,-0.7577923842567316
336.2479766169366,0.5938561994214524
362.2492725733414,0.5075047073453334
362.2492725733414,0.2038603780148378
359.8612073343731,-0.09183733958525409
336.83697763119113,-0.5565780915489995
343.375347910036,-0.14091540740423625
340.16409760156165,0.20146072486090816
350.67496770860964,0.06681956200998229
362.1727295550404,-0.21412168149265653
342.39962207574644,-0.159699280846894
355.48673317533235,0.1635051851399112
355.48673317533235,0.3835284115683635
360.72177886483416,-0.19560413119074838
358.8901651496038,0.12219891719689713
361.9305083486228,0.25081404186403233
358.8223446550211,0.46809568454455075
355.451634304069,-0.21746418701991388
377.03655234382313,-0.01957616200115808
367.7962626373724,-0.14319187313719794
390.2999116156784,0.2997831732694749
339.7164120228998,-0.5934921746131749
352.1887337688527,0.12891087367449927
341.2184387051029,-0.1252864208865958
344.0952808575696,0.28721049859848335
344.80134576125886,-0.22399266057402656
357.0099160361679,0.10103707106702586
373.44393586470744,-0.07513222438046796
396.4476417027722,0.3003996745395625
365.3828079261901,-0.44284148060808093
365.53973678716125,-0.01362367637909756
344.12582448485125,-0.07369383602099333
368.0551781232133,0.2505464857545121
388.82256606766316,0.43856755494641675
382.540687556784,-0.21832815889865742
383.26183052705954,-0.03763736707207954
357.82490005056286,-0.11804112022105073
345.76809801354295,0.053388576299994384
374.624243243872,0.053920598189392877
373.58102606225475,0.05874783514400406
384.63460891613227,0.0984934891703233
358.37482642077555,-0.323352774471914
377.3164941996603,0.21486772124308118
358.2843807397553,-0.16845762112779994
361.276924547108,0.16045696929495534
345.20870789196374,-0.11540148852600396
351.34782088634444,0.013857445734970497
333.83754393926597,-0.2238359425031149
345.39100204342265,0.16974048791894347
348.0423914570054,-0.2860703153476152
344.715215703046,0.04924953512772845
330.7143775956497,-0.21802239844896576
349.2682339972825,0.26839867308149223
317.3747178967216,-0.06331421148092886
363.22569983424006,0.4159736803214855
355.0497170578875,-0.5170426090381852
378.107748562449,0.008601506806371617
353.8536582241809,-0.4703200265967098
358.63688634055956,0.19934423959705327
339.6689499947454,0.2865797455477832
352.0174208540675,0.2535485425137267
325.4514425876624,-0.2571434722445929
325.4514425876624,0.09569564703099331
350.1080309361705,0.035177683251959024
350.1080309361705,0.06771164635790683
360.11213839497515,-0.09890637716841866
360.11213839497515,0.3416270141885889
357.69490826649,0.11595612114308551
338.06116900989707,-0.30012940989570325
368.3995993901361,0.42598813449444606
350.270931430258,-0.21114264435811947
374.08484623914575,0.15450259734484462
374.08484623914575,0.01737030125173078
363.6835809033826,-0.006107427972892765
406.8629211952832,0.460516651900889
389.49376805255525,-0.20814610861691563
365.63625797053453,-0.4393155985684416
365.63625797053453,0.27070122401426033
365.63625797053453,0.5470490916528661
336.9089849376821,-0.1822232900178733
320.49386262522813,-0.08744486856244293
308.60195690800634,-0.052009617323051316
344.10581882164047,0.196137041796419
353.89698281203164,0.14855677709795145
367.57331296629815,-0.07738267455829373
337.4301869024176,-0.4198210150466366
336.64000161948036,-0.20716553257000214
336.64000161948036,0.3051285104013459
338.22964989441715,0.00426043784364083
338.22964989441715,0.4102697272057867
337.29151134905857,0.276634414921773
302.0418779802931,0.050777443644392406
327.272610930288,0.05176881662407595
327.272610930288,0.04179681445032202
330.89977840593,0.6284095592578751
355.2487542960826,0.050981449896880804
358.48118941499797,0.15770075337013623
374.0058684969756,-0.13775545459532168
364.9850658592248,-0.16014923257000646
358.1732408100346,-0.21644056800539602
364.8028656019544,0.2693286637760366
376.15885761424454,0.06904493973797798
347.6972685820791,-0.10166267458453149
349.4448747732925,-0.4197667732609034
376.1267289340464,0.35519322730942804
356.0981074372888,0.024929704359806237
343.82848740646926,0.04543320431503162
316.63331020371777,-0.5221446211101011
334.861002240316,0.3840390790728634
362.0946347980164,-0.14794619436020184
362.0946347980164,0.4427928426783865
349.1209276008257,-0.21467089486577606
349.1209276008257,0.23841726824082343
343.41095874728006,-0.4243430779058599
331.1673954880598,-0.02078370123149398
336.2325405553876,0.14556076440874222
336.2325405553876,0.22300884543938082
317.22728107093354,-0.1630306144485303
323.14685552765906,0.3768788787867834
319.9521297406806,-0.35148906582753625
331.3376830651811,0.23281192856677535
328.76728335561063,0.3199248669525332
336.8717674126366,0.2855351404666635
345.51416129150726,-0.15174703683328516
335.39318111844136,-0.09138512995855308
357.394374141208,0.6070774905624603
364.0382065566688,-0.012645010857454508
365.026607494488,-0.31406221412453306
365.026607494488,0.2967462076640004
350.2466561655138,-0.04086518592384891
339.7088469513202,0.05799747687058243
347.03322678098607,-0.29399946239459496
374.29709347648594,0.25616844398632566
367.0661574706317,-0.47405730103946553
378.3171636830546,0.4906789297923524
377.8419701633229,0.09908927068568119
352.8015548837816,-0.6867222533599033
387.0667959720998,0.6508797686599337
379.0295846693273,-0.12915029216401308
363.9457909892345,-0.22442165793063396
357.3054969424455,0.12210204642167355
341.64907671026083,-0.24108516091473575
341.64907671026083,0.5196174233893771
358.0756772679691,0.11515011212441095
367.9604892473257,0.15783031124931313
353.98704012751733,0.06117234551106776
325.47722695274103,-0.4153402214499238
343.3668445428737,-0.1171428087844788
343.3668445428737,0.6804640358076313
361.75250160998297,0.70783777155998
338.82886708694207,-0.2377735338632192
355.8342816069488,0.04794938829900275
377.2065478281888,-0.11013978027517624
377.2065478281888,0.13737084390186283
354.7614078234702,0.004858118943275258
350.8894306183745,-0.2311460541758379
364.4571200135282,0.025136788493796303
376.6954875111463,0.12908961667881158
376.6954875111463,0.1689178543227854
341.2190295324047,-0.4336693694145879
349.8638403214083,0.11191732166139445
365.15953963920765,0.19905008380840172
351.58529282531646,-0.22955759430237777
351.58529282531646,0.5824766652257267
348.34181433122137,0.20770972306411295
358.30848569202607,0.135885288181953
336.7274197970952,-0.5187070234026123
336.7274197970952,0.46090927318368813
339.28574058898664,0.13223449341705873
358.80953431721656,0.44476480475555036
339.5086194727604,-0.07484388102739103
305.0123667386504,-0.5437130635591529
293.3623460798718,0.06931484389247089
291.76246200538714,0.05811590142343448
318.2453452130347,0.44741021318145613
350.05255758331407,0.22412493532101507
342.3307530330038,0.2566738109755988
342.3307530330038,0.24356605092521022
360.323753349186,0.030682835839570544
368.9805826769383,-0.26959533693866433
359.16621200606187,0.21429788720297438
376.03963635927965,0.15286478437292317
363.1230320896168,-0.2953949880061373
335.0998487811974,-0.30591584494186463
335.0998487811974,0.23896235824895484
353.06098305083333,0.5739316698293351
359.37787866857684,0.1100868420801362
368.5406595301485,0.5292920161791699
363.19702964542665,-0.2650169772849722
353.61508095329066,-0.17390524302390986
339.50696681502836,-0.28737171789191507
339.50696681502836,0.54348393688133
370.15180654825986,0.22470797721985036
342.75769871894175,-0.23734212142039723
342.75769871894175,0.5928725789651708
338.1143631334716,-0.08588147247132838
326.9960893388602,-0.06265049746991735
315.88066362519345,-0.23279224499492557
341.6311688229457,0.44392650091958785
324.88597701003295,-0.41381416142633043
300.08994436411166,-0.15242650063873953
337.0246561129901,0.4653892123155856
335.6247869098705,0.16905331110228872
338.39691226955364,0.17014986862193382
338.39691226955364,0.11719679941211325
341.83385563830996,-0.1813495452705638
344.7529761109551,0.45105173893659867
327.6275592954452,-0.39566841510577433
312.7550488947636,-0.23559771235716198
326.22681988998363,0.3833408688020654
340.8029261695611,0.20554952061684162
330.88315904811117,-0.16724855100483182
330.88315904811117,0.42848485786294077
339.0546016418361,-0.007642902876796143
347.9625297418631,0.5068390974614658
337.8890475539956,-0.3474727040967309
346.1341488474188,0.5197584703286111
329.16802934663684,-0.3097917080856405
316.0757094196557,0.10916844446455798
321.6101184777179,0.1456542190098844
310.4479832740764,0.10699110394034506
297.8133749587066,-0.3632018066709861
278.7714346675002,-0.04822618150615199
302.1478621837839,0.2556566864549268
330.94019229210215,0.3321288303950496
325.4969421180196,-0.026645180200603136
350.1128519493429,0.21044070888228816
350.1128519493429,0.18674734350179278
325.3196920475258,-0.2402775500002008
343.5157389063599,-0.029322361423055554
343.5157389063599,0.16884435208623927
320.11036031649854,-0.06628995886376288
355.8865825783992,0.6131177336324072
339.55119268181284,0.017832280196444117
331.5290813450808,-0.6128029209615988
331.5290813450808,0.8007825933256072
333.973720854225,0.29789264168107366
322.1119715274601,-0.16987511105287467
322.31085034416634,-0.07176159446487418
310.52727224670076,-0.15055892386828873
323.0502325664667,0.11962462914721073
352.0212233619308,0.08845821013846944
350.64010874467925,0.23367174328814144
333.7167435056291,-0.2199199414690156
339.3170597076441,0.47361805142918456
339.3170597076441,0.09817584113648081
371.58549997254664,0.33017418292479306
382.15403924494325,0.08113030343929495
382.15403924494325,0.19235878259087258
359.4147327154548,-0.30021178695915296
378.30451267921785,0.032707472379797764
388.48879962538524,0.3988561625372995
414.07989034238665,0.2888355488405523
426.11730051981914,-0.07772297073506707
393.50487931970093,-0.3456873452769287
393.50487931970093,0.6564413075852826
341.6061254453055,-0.5657111099512804
341.6061254453055,0.6120843411912347
372.79923440311455,0.4163633694872715
376.29663239624676,-0.16771884561535444
364.3956561664881,0.14445175250330067
335.73677973186346,-0.3384584813395577
344.14994307023653,-0.14405986251199465
360.68967841024926,0.2993993579821108
329.06248084419116,-0.5326675492597133
373.2805492676688,0.5251500752031006
348.61322265445807,-0.2930614458147147
348.61322265445807,0.4210195239353425
338.69446116723736,0.11798269282348883
353.3692191092735,-0.1362143001356344
380.02975939505956,-0.09915424323185107
366.1325735176469,-0.007937042330240729
355.54293497780696,-0.09229718068002057
366.13970693856703,-0.055513716508244215
366.13970693856703,0.752732030018251
341.04049523394684,0.04788514534038768
346.4806873648372,0.17854608024720164
346.4806873648372,0.41209051655641815
332.38045437915036,-0.09462531252722783
339.55325988889246,0.4848683727252592
336.0568917409225,-0.30814949282682846
359.525556646049,0.46984174484578034
348.65436406036866,-0.5166951394026
338.69950320889416,-0.027257763801571855
325.19291909900653,0.15735085470623744
325.19291909900653,0.44720524216427293
328.12211114153826,-0.07550123350574722
332.9895706699176,-0.2794205072856357
334.8968075910353,0.15796095608709493
332.8096539935867,0.26025731424590504
359.6534379716851,-0.036857186934298625
338.57562487654326,-0.18094319020428884
337.3899739102251,-0.07045869610374211
337.3899739102251,0.7409174940648882
329.0531680154451,-0.2113401970979112
329.0531680154451,0.5665355281803386
348.85311261988363,0.3189824663437548
307.6755402038238,-0.5143409087675082
342.2235151838724,0.19288855395370774
352.75041936273095,0.02658713890582476
359.5909196554103,0.38830812121352665
343.9367535608206,-0.13006147849296212
368.0545075500082,0.23718302958457116
339.47967837210734,-0.3743105976224115
338.7015222356424,0.13807944853829213
354.1432105151781,0.21965835484047602
346.8587399501658,-0.05256417879616038
364.8374372628568,0.22831612146273983
364.8374372628568,0.1417499628518044
378.70184874953736,0.21973651908376723
354.4307681484662,-0.07459186116534511
333.13026645347753,-0.2845174481816457
329.604870007773,0.08292151487933097
329.604870007773,0.30160144999024396
341.0229775439516,-0.040996579123657284
339.6988113696665,0.1405706539470657
359.3746385041538,0.1298015733319744
347.921879581339,-0.19424562712765692
345.74405100711573,0.31695190663697304
330.1744875483878,-0.22931334891040933
350.70548356040854,0.1661414156998262
373.4242309892875,-0.10480757278446617
344.66482598193556,-0.15875249079078912
338.58932725074806,-0.25444630563413284
339.82322465143505,-0.23347938155893644
358.7774833430545,0.42160736175151214
355.99056316718867,0.1106182006610652
330.86510629899317,-0.23295572465849546
327.2133334058312,-0.1462046581705181
353.8179763174154,0.19952756882639733
369.5455109673718,-0.06184785617278976
318.2417462904292,-0.21910807983908853
329.45044881777415,0.0480923281630794
358.4377894928239,0.0992222896778685
343.2368485482177,-0.35148205550672174
332.2894413283543,-0.04216354727248017
348.06806273791125,-0.0760086379157201
348.06806273791125,0.30262265787189335
339.8473789080974,0.13949825882173172
334.5414369956028,-0.057408170856319884
347.236805013725,-0.08370483455382782
331.30026974791184,-0.14409259936689978
319.32104101685053,-0.09902986067766051
337.3510476217613,0.3022095148680819
349.5127714916531,-0.06496238438410273
351.04053382912065,0.0737281864257966
358.4406428610814,0.23867515958329477
330.92970907703034,-0.2595761301569155
348.0381822612126,0.20784988188870557
342.2773548787193,-0.24243273900515305
339.83527948051426,0.024301465774442477
339.83527948051426,0.4433668470775274
348.3584820072074,0.4425810262672485
349.41068801209127,-0.27058145931971467
349.41068801209127,0.8411395557657215
323.7448898359498,-0.0239483483709364
335.7646482326361,0.10743320720757765
343.63581430970635,0.03409299985855796
343.63581430970635,0.2128881207526092
321.068771778005,-0.022244715114766223
354.8061150424907,0.6105154622513282
326.0332627871556,0.014650348204895636
333.0696809631438,-0.08062010565413402
351.3293212638499,-0.13212320498735153
351.3293212638499,0.309999101647918
331.10396776235655,-0.2885366066843744
331.10396776235655,0.4505467943833992
322.96742535784944,0.12307858849317199
321.83938605576185,-0.10813707583258747
321.83938605576185,0.3339507000714548
335.53171386913573,-0.013509831837495767
354.5591857834893,0.6096860888923175
339.24770966195973,-0.20459198917239974
327.99960684771867,-0.04486120641126945
327.99960684771867,0.4096640342493174
315.81859353457753,-0.23683815044080347
322.85950455678125,0.20869704692984214
331.92686024722246,-0.18455154937169027
343.06862416717547,0.12569831320649882
343.06862416717547,0.6657999048084093
343.71321820590373,0.1917505303991902
359.62158512767775,0.24093976713265874
384.0390687728393,0.022161561025427545
401.92334374744473,0.435647384511185
366.9723746190063,-0.19799423555832618
370.9711914843024,0.029957371212617545
357.48628956891156,-0.05342765359148416
351.7709560180017,0.012328335172696825
354.99332178492443,-0.03656822013272176
347.2629148585308,-0.026175109540190533
364.40885015941257,-0.048354226969195224
359.06989794994985,0.27664137601038874
379.5273529554139,0.3370162159103529
373.7862715133183,-0.45342174670815893
355.0368215569218,-0.17080133354022564
334.3255398449545,0.09927755136709493
349.31318597362593,0.15969719426698248
355.02862474495424,0.4842251310396932
341.8372169016135,-0.5151368366133511
341.8372169016135,0.7335437366821225
345.31440288199013,0.3940118453490413
345.31440288199013,0.321193724934119
359.9885507954458,0.01163410112189922
343.732688413302,-0.5409838105299514
371.0025299024333,-0.15247111383632728
376.3636490350268,0.32132594709014484
358.0125517321507,-0.11539396469549956
358.0125517321507,0.3847145136865038
332.470963997057,0.07490551970749948
332.470963997057,0.7886327213857385
332.470963997057,0.3048984756833306
346.40873459099595,0.08820341228943107
354.21912086737694,-0.16791109578332453
342.4676381093159,0.331672041502884
342.4676381093159,0.21168292529569044
347.863553143959,0.2155704006427186
337.09095131048264,-0.44144903799599433
317.82393032689447,0.23980988522441749
317.82393032689447,0.3684829220193251
337.4433952769814,-0.05147807112962255
327.84922501860996,-0.4732887890307893
341.3937884556668,0.518493813182431
341.3937884556668,0.28552781289397444
359.80471742144596,-0.0031804921271714193
337.9858546174685,-0.24578934290650523
351.19863677918875,-0.13344306444525955
382.68859861416684,0.5167296464112496
400.6972581546907,0.5273374069100782
371.91140314882006,-0.46335170317627217
381.0019805217273,0.12389216002816283
376.36019738097843,-0.4094546176700078
350.6124034218011,-0.07393042387445803
377.76960194677025,0.23469587822182802
328.4351108380482,-0.3147613163763481
334.2726693272178,-0.010525028052711605
331.05261120741596,-0.3161596621537228
318.1199030946712,-0.14046728771609196
330.6326739581076,0.4875171607507127
354.0598415010909,-0.2189521852346843
367.95040579860114,0.010134847981362327
351.7583263542998,-0.18173402723505205
367.23033865105106,-0.02811469663720345
377.72821000169824,-0.2657480108088066
365.13149367118166,0.03409578407547542
372.07989400862954,0.182981748268503
349.81676900421206,-0.06998065088578187
325.396542623657,-0.467781799944305
336.5062305138845,-0.05971328700570666
382.72199370418895,0.645532603982474
382.78160200432876,-0.10357318509272773
313.23150893901897,-0.4390692435136998
325.8445753674562,-0.11566196296485032
327.1517636863306,-0.07997898947576232
352.9327623447026,0.3660462538214233
319.42102936576345,-0.13563828378789822
308.16142709144395,-0.04040595220499199
309.2979061649785,-0.026856089038574282
305.64726812171506,0.289748722588115
336.1421341871937,-0.08928234212226016
353.4379970601725,0.24066116156291173
329.66499604254943,-0.5260852629027113
350.6468414544265,0.34937972363081826
374.1770222451926,0.28564105098132586
361.7975301629486,-0.26977831455860724
348.4085642686281,-0.15146752176985956
334.99171724032385,-0.30457879240498187
334.99171724032385,0.4546523676417564
347.80059762363567,0.18153676801364327
333.02866587589034,-0.1678503530031321
313.1067169918447,-0.5406707432898656
341.9983116628673,0.5709899307254318
341.9983116628673,0.17026807879381067
341.9983116628673,0.33258377571507935
348.5729242606171,-0.019224111927769627
348.5729242606171,0.40613343657832957
363.75658570328494,0.0643580228825158
388.3417277635868,0.6634112341055243
380.80170061825027,0.04106510437520683
394.2176713309108,-0.22386897306648734
388.4922720164333,-0.374567186625427
360.1677773673153,-0.20520112644658184
328.52352010118454,-0.08223534035937519
328.52352010118454,0.19041603035998378
290.62254715546277,-0.3466268752048336
351.61371033786105,0.718528973353159
317.3343425836373,-0.41670160366277287
336.8161964522323,0.02029464528141034
314.21424920554773,0.0017995300364646027
355.75722082846914,0.4314094080630184
350.3949115315342,0.024193121880557555
362.4263699905466,0.4062895698646116
351.2494746856744,-0.39441202516229623
372.92200626951154,0.30129967378661604
341.68915292584575,0.03523904436747216
354.78135363388117,0.3088595317055933
337.80009712153884,-0.8674870345851105
345.69737388138003,-0.044257224481270896
372.41639242349584,-0.050003317800246805
375.14991917010383,0.2347978350512676
356.84920132684215,0.1491284806496651
388.14780048955805,0.245827428591042
389.36987258155614,0.041458042992076116
374.487932596457,-0.31812512956639694
375.2322364404341,0.40484999171690106
348.1130375815743,-0.4906255617192983
354.439554075384,0.10605231793465464
354.439554075384,0.2478380007157739
357.0409660239837,0.41396525477398427
350.5598425420257,-0.20755423290779618
344.80212812890267,-0.23735097394205695
359.223018059905,0.42476524903781865
364.3460375104629,0.006803634480661458
372.9168116896606,0.14032831929523581
371.56360862421,0.5805392364732143
356.6256549902844,-0.19584489707585817
361.0803109747477,0.20683350493254693
337.4321861678875,-0.262154349161392
338.2817358550023,-0.27810534894103967
349.4052280415522,-0.2961236282238815
348.54313198790334,-0.09036512602085622
312.4407665630931,-0.40504426770212376
312.4407665630931,0.4230383204806003
350.60455545662376,0.39799860348398397
359.86184377904533,0.23521863022688194
369.63717639174325,-0.1242218514180422
331.65459017403214,-0.49282469676313667
331.65459017403214,0.21627303427453626
355.7699596051453,0.3374283477087374
360.0659014915199,-0.04223248759274156
330.96786390113056,-0.29926738393078267
330.96786390113056,0.5110107574209906
330.96786390113056,0.36348948705006023
343.20697366975645,0.22114324243568717
337.1203419595595,-0.1002851481905509
320.9110100794199,-0.23176553271287048
334.9144601411859,0.06417349938988082
330.33484686048126,-0.1516224835572757
332.24127592797794,-0.1169525045689852
333.7636086682826,0.20813511371613913
347.5913923247742,0.0748546235726053
341.9156497494703,-0.18980160565615734
334.46865402531796,0.05113946832102556
342.96122737343643,0.026749252903869092
344.0897640925419,-0.35382184761033386
347.43675255664107,-0.018523100274137505
344.59904467718917,0.24808151813999757
335.70276512138867,-0.5342362482419958
322.57674599964867,0.13235044468945034
351.51751628278197,0.36632369981225565
356.1754733329106,0.15211209136123216
326.747374865448,-0.2727386622964332
317.1721698846952,-0.29082538162720084
305.0248344147322,-0.3538978342680821
330.8875217238167,0.7264673437277906
330.8875217238167,0.09911636449271555
354.90752161060306,-0.23357520687864053
351.0872785177776,0.3515696725585258
352.7821368881871,-0.0454631772522589
357.985814852153,0.048015281837706425
373.4774499213057,0.18644145160737935
349.517233196124,-0.2716240044742335
351.3872946213709,0.4411761720091363
334.4482697948297,-0.33197855577577684
361.5469071503531,0.4653170149284733
317.54450723475816,-0.7938673158437268
333.5929608808043,-0.14958339761585648
310.3118773653532,0.1649655675099666
321.34694059626503,-0.0530909621986666
321.34694059626503,0.26736118375447404
332.3655969228592,0.2170101285535111
326.54706504745985,0.23338379777067075
293.9461834777447,-0.4418356311812204
293.9461834777447,0.9769201395268965
348.4977528282661,0.47316552905294884
326.82277708974203,-0.31798816833361343
342.3522847127206,0.3410513160309847
327.2980736319747,-0.6515269988620958
354.28430262398587,0.395813576690216
326.30282489141297,-0.2670739470102035
345.1070818449646,-0.02350123244139013
311.8826336801761,-0.11081738383859374
323.72883380366585,-0.1667326496192345
355.27951908057673,0.3034361165791779
346.2347856947425,-0.2966826881728366
346.2347856947425,0.752511495791623
383.6294465636805,0.33414495764031926
353.74632045689657,-0.1820486800531853
357.01268438090057,0.39265694565767717
357.01268438090057,0.0448982226150747
372.50946736507706,0.256626748627923
379.4932761308777,0.1711827452959369
384.17334440386,0.01706569733823926
373.03906311181845,-0.1310905013943966
345.6358574465448,-0.12179762455161836
354.08455406282457,-0.20930543024428516
354.08455406282457,0.12689565926518753
340.70896245255494,0.03431253513099364
362.13302808753724,0.20234949320740725
362.64225083684596,-0.0414837376848709
358.8629039408447,0.1440763038760906
366.40871923162126,-0.2809706231423661
351.5677090078805,-0.2683607655932292
351.5677090078805,0.250997524429863
342.51140375939025,-0.19993791738056643
342.51140375939025,0.4218035727910774
372.9843390279807,0.7238651344817981
372.9843390279807,0.44750898503264125
340.55822852186213,-0.40661135042830665
340.55822852186213,0.8629662948836767
328.979890219743,0.031676008008730605
347.81532771296196,0.15888618197391224
335.17014274702467,-0.04245698969737077
378.7920745444883,0.40744391850637385
380.1715294894252,0.16646773852744445
363.9146698125333,-0.7304656662836351
351.03711767852496,-0.22004098905165392
350.09716508554794,0.3396242437510182
364.5751036662208,-0.05108021160936005
385.5182133804467,-0.07586223046371288
376.73473509219406,0.1807263781661277
376.73473509219406,0.022309954523620945
377.0674150145112,-0.39876938253860317
391.44367807422174,0.4057411659991885
369.5311518092293,-0.4468842346321935
352.3214500393917,-0.07476158196277538
334.3353694139693,-0.45725055471996257
347.5758140871372,0.11045814516819519
347.5758140871372,0.42092362002131267
321.49922949641086,-0.18408312596420728
313.2884938369322,0.14567764828916552
329.69877892264304,0.19222581490453194
333.4652517743047,-0.17485842128280638
343.9751815255917,0.20863513145854995
325.2503511711941,-0.08278075987880129
326.35679280731,-0.6294979710223743
320.35553426443136,-0.16338654799028518
320.35553426443136,0.2876573459151359
304.7907568352397,-0.14973005657873273
313.04738574045246,-0.16713885848321297
313.04738574045246,0.4123875684073255
352.9767052488389,0.5251926643719571
352.987231323412,-0.07889982153233177
362.51854779569703,0.25258816394091355
370.4006109842044,-0.040727531501147496
366.86499532520793,0.035013598948921754
365.5737991890284,0.09799149146192576
331.2863423318439,-0.7617212031134386
317.71351575457044,-0.3579898206457983
333.86038947865393,0.37893102709961113
324.9709094813809,-0.03974395526688568
335.60292435253564,0.0924728055331343
347.67041598314137,0.1645018765614168
312.340628501503,-0.5556075053119685
328.8879949561407,0.16051388212429174
346.068301836937,0.28432222443120736
346.068301836937,0.9047404747007022
339.1943697768895,0.12147047747453144
355.57390872438486,0.034140588615628076
369.921691461036,0.29452517823483504
370.91530400641386,-0.3491867868367535
403.80198217332446,0.14181504825342017
362.2847921055453,-0.19551141496594937
361.52322929492215,-0.18264719699834586
368.077981614912,-0.05203973471577683
346.19082159324836,-0.4744964381934551
346.19082159324836,0.38949828181921475
340.2051707830128,-0.08823470293225455
346.84385317113913,0.08909765903194966
372.10611668902175,0.3720925360482852
358.7591697032631,-0.024152475271307594
334.5787804355374,-0.46122721428832847
334.5787804355374,0.5369653654581725
334.5787804355374,0.5590938130180803
320.2369633633349,-0.05975141977705789
344.0806521706468,0.13997347195322618
316.3545957117908,0.1123962607194926
331.7824609158444,0.07176689262519176
328.88783936967934,-0.014582446965391682
317.9217581389413,0.20322809595722902
342.25125854771966,0.28174086352487393
352.71122775790514,-0.03972354817528867
334.8677660838221,-0.11767693018759928
346.6528413062914,0.19534706490401277
334.9255888580204,-0.24046732836461615
352.25271718126845,-0.08937845503476183
353.7967205847806,0.18856519098244462
353.7967205847806,0.19276177365827607
346.59200759655323,0.1013398260466829
349.1268395862696,-0.37680919016486314
352.522298623561,0.08696421361696594
341.2831202610435,-0.2267137927294698
359.3427916910329,0.37063642317593803
353.20614296793957,-0.1781620473853991
342.26515227559526,0.182754824933113
342.26515227559526,0.11182144573399455
337.81579035218823,-0.30083494706059355
315.75449267884943,-0.4658467000390374
332.4479357038807,0.34013298159675287
330.8195684099009,-0.25800751239444253
330.8195684099009,0.49715760202457204
330.8195684099009,0.32719261294846547
344.0152193952416,0.0968254267870634
315.12591023702106,0.029491328504718695
313.2218046370583,-0.2860457857905203
336.43360681797077,0.4432726210977762
355.62843029105085,-0.06970345590070792
329.7018446469147,-0.2177632561330256
351.9237607617921,0.3485173027406745
335.95407927650837,-0.22288709718395694
335.95407927650837,0.5820841014524376
335.95407927650837,0.7894996967153247
343.83145039260967,0.1490177588491406
328.74067374236415,0.012557972547824647
347.4838955493268,0.12685672714462726
364.19474293981295,0.08451945584067744
347.2318036942089,-0.18579730865121746
347.2318036942089,0.3473945042488822
363.5910236265465,0.010801813613397826
367.95274020952576,0.016649808826628032
358.40017795008333,0.02836418843253341
361.6572447103535,-0.059687205115324105
353.37550025890135,-0.04834117379164127
323.20322151858335,-0.41282019038294493
343.4341352522171,0.29950471313168237
333.93778058273347,-0.10761455512022167
367.11109564283555,0.30779191553619967
392.09562841066804,0.5474451469330006
367.7031989852374,-0.4946792821612007
346.40377531627195,-0.21306493707606933
351.2677056265967,0.15334518204326741
342.11974819685554,0.024668327295444215
316.4151495610179,-0.3500227876270401
340.542382757485,0.4405783679026172
358.7537892962733,-0.16788742960068248
358.7537892962733,0.26719043216189675
368.24015803990414,-0.06754764743823216
372.0018962097202,0.05648387707606162
356.92876852940793,-0.15716106172180844
337.28832835385623,-0.1801170864788446
340.5648580385933,-0.06021733064994805
340.5648580385933,0.23728469676586883
340.4507078272846,-0.031737858662154395
343.93450177425234,0.10313508698766327
343.93450177425234,0.43491835378745236
354.76262519177925,0.2740427244661987
330.8366177885115,-0.11843357815996569
330.8366177885115,0.5655162196068204
346.5236496892684,0.21484963330533446
351.145779463778,0.36155628380890903
360.079595343907,-0.08360690559709383
382.62852242068453,0.23387890747949314
359.95532486025957,-0.3490602257066939
354.24415994740286,-0.192449801262228
354.34276943327336,0.21331513350151
356.2146240272693,0.21716136885106607
354.2271895877414,-0.3973540351991005
332.03756088881613,-0.15621773804832628
320.4655254452965,0.03946166978494148
339.45614006837565,0.3411218388682755
339.45614006837565,0.08197981366333806
371.50485250685546,-0.07697303235090658
369.7134017542305,0.09528824927906498
339.65711590806274,-0.5299490392337702
339.65711590806274,0.370106404070043
339.65711590806274,0.3409382449808618
344.0965350984534,0.18498923939421275
359.8355251423752,0.43262584603508003
350.91638701323274,-0.07476383571906808
365.56472236468386,0.3340199848961447
376.6848942351079,0.017489293315861687
376.6745664544757,0.4180413570795736
328.01368729617485,-0.8614481848835567
328.01368729617485,0.37886169875957876
328.01368729617485,0.6687275109367192
328.01368729617485,0.2865438970912919
344.9489729210318,0.2819809045529382
371.43339323817855,0.10749651938886018
348.29144738774374,-0.2423703111337545
338.87931036543114,0.030941606103283448
338.87931036543114,0.21445935974622898
352.74727202804945,-0.2037875184640825
354.3228512432782,0.023916372984331247
372.96967965496873,0.32077603805987565
356.47849453546945,-0.4541611777531216
342.34156416373577,0.14401819217835055
355.72779399357,0.06638376722582962
348.5666817151132,-0.20348254653026743
356.05369897644664,0.1490283104583341
318.7566172140748,-0.7605467013064526
315.6869549341577,0.4280255187155717
337.29497440261895,0.27496197508185105
355.2960513210817,-0.0024688968373993703
338.11071494434987,-0.30032056744482816
333.7789384726669,0.06076261687189799
379.8443970035083,0.4924992165024378
358.3431406240268,-0.30846576465614817
361.34875499193026,-0.04201217696913773
357.4305477243645,0.0917234422358888
357.4305477243645,0.6812225289979779
374.2757260150554,0.23148098789147298
379.9860504315319,0.04290326863804239
377.4406277849695,-0.10628430062956795
425.2170407187852,0.5635938910185132
403.42209125097867,-0.18274539231606468
387.0835127987901,-0.33562310709942267
355.1502319411524,-0.5082576041119182
380.3651515449089,0.24669518137204705
358.6840132634135,-0.10414880735095267
367.42738358670397,-0.024334257544182947
356.1813634770641,-0.0668539784786617
356.1813634770641,0.14904810863470175
377.89232099177576,-0.014924080904620496
359.448932828665,-0.30046436657971753
362.772339235777,0.39191115189544234
359.07211764299865,-0.1432446963692655
340.8329704535613,-0.06626268294883175
344.8547659985799,0.13360563422224914
344.66903247227145,0.3119783077128204
385.320813304169,0.022785895637866815
375.1314901139695,-0.15128038774128072
378.6342684025285,-0.02084747931542097
375.28482652934053,-0.41638500659678357
387.9333866087645,0.6233801419283509
341.4701534699162,-0.8432146145029265
344.6126842230479,0.13980290516519744
339.6604415151567,0.09997147968078934
333.2815105997816,-0.043355972697554535
361.4239531500799,-0.06311657623336941
352.4631793226921,0.2661936742239277
333.491926981336,-0.35648995484700663
350.13339124913836,0.2427321484396998
319.08211808536623,-0.16594718539795394
327.0808297101999,0.05259237411985396
312.3969073580506,-0.06482377199517941
334.346324296074,0.5417484573102911
330.6082110214034,-0.5343215448303908
329.00713624850306,0.07072160064615218
374.9696006010136,0.644288937576107
361.6187015484911,-0.3963741347879477
336.65499699848726,-0.2549882358924833
351.0531829247461,-0.026512256455475836
366.39992749588845,0.3156880160547644
392.54486722012575,0.17468488260294635
360.7367988473959,-0.3325257130400132
349.86841414489606,0.11056821707870768
359.6324971092298,0.42380520153028556
364.1527980091486,-0.5703407453032696
353.0865498102115,0.08717302530931192
368.43442242729816,0.5038926054495505
393.0316705398357,0.10124624289494477
377.82992972687657,-0.6001664950154009
353.0934031461121,-0.09350738875718889
329.32854298546135,-0.23594705325581344
319.9953985782809,-0.263440906377582
342.6344067467977,0.31130326043819423
339.40209718201606,-0.18788395515935008
311.11157616370843,-0.40547908318842474
348.1501226880339,0.34917382806008845
348.1501226880339,0.04766655241087392
326.82393429070777,0.29240464800261634
319.95600933397606,-0.21950633885751358
337.6324124053824,-0.2417819699746815
362.23874710573153,0.43584391299816616
368.64212578883195,0.22180054810155525
363.9160842420317,0.29904927279176263
354.1811664916849,-0.043244768652925814
370.9875506787724,0.04471042872251019
357.306885434227,-0.43308962105584214
353.2232427817938,0.10212303413823065
360.0989753342612,-0.2769727717720798
360.0989753342612,0.6419954069266396
368.86512569258406,-0.1379427130455042
394.1076591604223,0.1276575519709695
371.3979032382225,-0.4143168031091591
371.3979032382225,0.46169040110248716
378.4889633725005,0.29622907444172597
367.49469556207447,-0.49102474240271476
358.1177517763143,-0.11332057724234801
378.2715124765853,0.36348957925315517
363.563554861739,0.25201996244095426
353.69421585000407,-0.05755906682963996
339.8501928388959,-0.4108973689113782
319.6446032396331,-0.32888588439459454
331.69792830159747,0.537193413029172
333.1051588851698,-0.4880684395118351
322.13581630697587,0.13171943240513428
333.35647465652136,-0.03444885321755464
341.1095060525505,0.28797111767289607
374.3746304807316,0.6206085089863791
341.6822498149058,-0.19933323603390818
365.85797841216726,-0.0664574871905188
329.94444666275683,-0.29932272508733604
329.94444666275683,0.17577217861548888
329.94444666275683,0.5180837061161583
346.6228378570918,-0.020173666760229025
375.8850468504614,0.29748996955993334
373.621192031433,-0.015528155945503386
373.621192031433,0.3246227810977871
352.9271427365855,-0.7982535397010224
374.2925988453407,0.40846255587609903
377.77585638496015,0.2399286557688356
377.0352248419723,0.3705378479248793
359.84917599371954,-0.2575580270638511
337.4845445140561,-0.43414318833970356
363.8704942408016,-0.015348618592156527
369.36235393657427,-0.14418649780031956
381.405523943292,0.1337479606851275
350.7285826369615,0.08605787830208556
348.3486400772037,-0.42895902034786104
371.99327282946024,0.6090430807794291
356.18996586146733,-0.2497723389346902
329.6853833060245,-0.5667657337429546
360.8540891099148,-0.057395875749080005
360.8540891099148,0.1691878357854648
333.69271608449174,-0.19864443362462225
333.69271608449174,0.231200460449827
312.01409560839585,-0.15275112676670233
322.65450996341144,0.15941683060066225
345.91206461301397,0.35720249644703017
370.26853213445094,0.40039570606563757
347.2648058385398,-0.4270309222914648
334.61812366969355,-0.29402870441822415
334.61812366969355,0.2906002089555386
341.9881629885678,0.0992451576929625
347.0381025363047,0.3049664830615484
348.93707469649206,0.05437698384230316
365.7257977788377,0.24395789249217614
367.3807593794664,-0.11728986136847652
371.00034083226694,-0.029438378107101926
377.705798125808,0.02618017494967262
368.1654949079236,-0.030395007321544654
346.393975507015,-0.052549684822906784
346.393975507015,0.33359884557012265
346.393975507015,0.6788762572624591
346.393975507015,0.32260774001542813
346.393975507015,0.41903595793610293
334.2033780080777,-0.007054591449900727
358.84009513217785,0.3285167637120594
367.2324776763483,-0.19507107289973646
360.2029764191329,-0.02162455245684214
393.220507485443,0.27350373854210375
391.73806586232826,0.132825339323972
420.7033477745572,0.6877636939335616
409.5293042845868,-0.7055356831532436
385.7318638545786,-0.15136595343960835
362.01990017651644,-0.41249524636782553
330.6750012265646,-0.3049826657182848
355.6470329994939,0.3187804107018337
345.7406853761909,-0.012121189294248325
351.825186636608,-0.3053996030160988
370.9382107581137,0.39388650970875005
330.64019146708563,-0.36969940312758354
329.895264359928,-0.052663011800405
342.10211115743385,0.41411990959147715
324.76957996624327,-0.27568104589931863
357.5762880802548,0.3578840960195748
356.33169435804,0.23227995497552456
372.41917925684635,0.217215697319034
368.9996453087192,0.030899465592824527
350.2026703165175,0.15928242577081164
328.43822397597364,-0.5562066522838904
355.0307984719568,0.19921664877665535
356.35315514569345,0.05319945663836734
356.35315514569345,0.8300800180646775
347.4754706807404,0.014227248587417307
369.3373240305618,0.20118164140899353
360.52186243581315,-0.42046765551071985
368.2627476911095,-0.24155965084014497
368.66163741485485,0.6336616366052112
371.7862673222226,0.0775384119726823
371.7862673222226,0.4391552193393409
334.75024028752944,-0.48512895912199383
340.83522966843327,0.2778118179809326
356.8691151733414,0.3193845468200607
335.60885081187405,-0.4467786109705685
323.3956723627151,-0.30066861412933577
348.7100734406967,0.591765610849734
334.61873358932746,-0.06650492599112567
367.18830592161197,0.41270678870421307
343.43564779172823,-0.22120324666832403
367.147979780369,-0.22159515388523232
349.6830124942934,0.24643547818573097
338.685264313122,0.10224029780465571
352.3297253351326,-0.032957906401406944
329.8711534911869,-0.3137858783802585
331.19657478470833,-0.17634631263160827
331.19657478470833,0.6017694161529334
341.0355113339492,0.20908409496098557
341.0355113339492,0.5988388101277451
341.7382845623811,-0.19988540252404619
335.9738446000937,-0.2780697573917905
326.6409683557542,0.06325351902546572
334.36151970986464,-0.14546008571801394
334.36151970986464,0.6789194334247668
359.8913411513373,0.31792628639072973
393.107673740432,0.24369609320820018
356.1611038124681,-0.5452349382392185
356.1611038124681,0.6345317776747379
356.1611038124681,0.13398738011608202
356.1611038124681,0.5636700398179073
339.5963393376076,0.08401578654752484
343.0935279954773,0.01666333176478929
374.48279785120036,0.44725832697031365
371.173551141238,0.17056778824098728
377.3283874504741,-0.6070037576942013
337.7388519987372,-0.16172422769557215
359.81898438073625,0.19279582871149614
359.81898438073625,0.8432726914300019
358.49901112319657,-0.09353471528061164
358.5005009168013,0.18263840719896507
350.37939040659893,-0.20323256622100416
355.94089574159597,-0.001392702593307149
349.78899364378515,0.006456843697606018
350.8623060935266,-0.004419377552380865
376.0556240223546,0.502098343355442
376.29010484941494,-0.12694359361262286
397.02873081586387,0.37603419542085703
393.42002039282727,-0.10773410017327478
363.67811511372736,-0.14823970225415906
373.6872843503552,-0.2769945095857338
368.95504651460504,-0.1836779440961891
346.11419632054447,-0.05440549380114135
377.72153590863695,0.16820525426544464
364.5677366325919,-0.13754405039833273
362.8366338357231,0.0754729612229994
360.65378034710056,-0.2315052608029191
361.2160424908064,0.07024723675181122
364.1148144288637,-0.11244318076705895
356.6528571339638,-0.2107604791989388
353.09262552454453,0.009074013226381794
388.87642568430874,0.23292747713821882
362.0363189487537,-0.33164137639266755
349.81515607613676,-0.14295060565700624
352.50322661344075,-0.24036681402310478
326.4502176784242,-0.19999253816445162
367.2666841521095,0.2965829340799928
370.1655998541256,0.2934410689138076
356.18945781704355,0.11688560463380782
379.0194405547003,0.24738612132273374
373.3385386966112,-0.2907359425615823
382.9253499277331,0.34625316817846397
352.14396983199947,-0.30231195405769995
370.4153797925905,0.029912134485357456
343.6525561237918,-0.18295395526956781
330.448876365127,-0.11194574910359734
363.30550201790567,0.5324058868334305
357.1920576699227,-0.33643221900683784
372.5568605459338,0.0735126171673528
350.5779243376773,-0.06413211393009988
336.07356057439586,-0.12387375139871892
361.0498104708633,-0.10185356981423865
347.5356840101527,-0.10266127063800923
343.78689778859973,0.08198357807168577
342.8829720580838,-0.07323727584514472
335.2951543477765,-0.09109882789130097
364.97159182473786,0.15134141078715402
354.89527483327896,-0.266508313603822
354.89527483327896,0.5882887371645893
359.52722974398597,0.2853625537646849
349.10101646270755,-0.34600808986363063
341.0701109030015,-0.6860955185873081
340.89542664911306,0.3852258838284115
316.42392413753674,-0.4503417854102736
316.42392413753674,0.436080214061235
316.42392413753674,0.5253955090320233
302.7500859964724,-0.20115795439357953
302.7500859964724,0.6419353594941413
337.05432806775104,0.35050468444273974
337.05432806775104,0.5726825678374325
358.45090591769673,0.24949621002497224
343.87905863023326,-0.3078550146509542
343.87905863023326,0.19118092712301404
314.0797173166799,-0.4785837523618284
349.20369768162794,0.7015016649597783
338.8846876424935,-0.24212459058401237
338.8846876424935,0.7931993959258534
314.7553048068797,-0.3268501056884361
314.7553048068797,0.5660404034340445
323.5160052771446,-0.04306545804945472
321.40831420862753,-0.139831843418051
321.40831420862753,0.2568189578471447
337.3619520216613,0.2705187796385644
346.75006950371454,-0.16176857279265278
330.03083146034527,0.2550283664804738
362.49880570758006,-0.019751262991803742
352.81511858134616,-0.21012614029348242
363.13058271832676,-0.27889718688220455
360.4923179452382,0.233187303020145
336.44507971479504,-0.06220263929526482
369.7789330010672,0.5499174887032723
366.58511387472953,0.0743726127368518
389.87405893735354,0.07586810107977726
363.74791449949265,-0.5068381111987037
355.59918848266966,0.07540405682868823
347.93433281645144,-0.40575129478168037
394.4366386603425,0.5174724123518217
384.5403297267988,0.2135354633468296
378.4340989686044,-0.18741531205148476
378.4340989686044,0.31105803568641477
322.0921744833318,-0.6623641168134782
343.43047877261813,0.5530753364496377
353.13603793292503,0.11870220407558918
335.32648144134225,-0.2859620902837605
330.3512485620008,-0.1745717337280439
333.1490901913676,0.2911777301684424
358.0524046472458,0.011709658434142511
358.0524046472458,0.15836852631616694
361.29339181812634,0.07626609500948689
337.18395549775886,0.0014047306290194683
353.0923815385639,0.2724485545749076
347.1346057498378,0.04277776472201822
355.72114557583615,-0.07754750158505885
370.12381381964667,0.08886952378668411
375.2423619776775,-0.09146632171825786
360.9762252740564,0.03168902543529839
360.9762252740564,0.18904366189860866
349.0208591571252,-0.36645981015237794
354.9205680988558,0.16079394954601867
356.1341123296757,0.31875332518825417
351.54627137971244,-0.6314174946091953
348.47623601279895,0.30338944201741924
305.35525616328243,-0.1968367027180875
311.0803255166345,-0.24179118777942676
346.98110743650045,0.4509474156865281
330.27405511427025,0.0428343010610206
345.10286675300875,0.014185343948838636
345.10286675300875,0.31454642977826097
339.18924626399905,-0.10152820934308693
384.3402911240422,0.18380719709978166
384.3402911240422,0.18938463481595136
371.4398147838981,-0.14597647435766703
371.4398147838981,0.33667648034770536
371.4398147838981,0.21362518055832425
352.02879925272765,-0.024730638479013578
338.3280033856073,-0.3113817653915021
346.1111009338061,0.16572293984654607
343.26437314486446,-0.0843600154937576
382.36635908157984,0.3162367255030176
372.4122485679581,-0.056821815349394456
355.11131558064994,-0.35953454556761244
355.11131558064994,0.12390610882664532
325.0892285279269,-0.504917558391071
321.09085762231877,-0.02007167029626089
321.09085762231877,0.5626934576464464
321.0913949878039,0.2685301936153337
331.5374185315568,0.04182653410691728
342.6303800903926,0.18042019920517305
309.2435230433234,-0.36053595306975694
329.3771800563368,0.2801517360962862
348.1003350092627,0.4450191632224687
357.28110325839134,0.1816878575306191
360.7513984892395,-0.11449647037852628
346.5895623916445,-0.28745880484405006
337.3849084152032,-0.15852401650408865
353.3528887112109,-0.0790693755892562
325.0636937600238,0.10512113016864078
309.8383997370485,-0.11626468604936235
346.55781716080924,0.5660657897184365
351.8777942848264,0.013169656804393526
356.0546627378181,0.2170811821740699
381.2077989620985,-0.1195868023296498
360.3665673054806,-0.014230362216949288
372.57781476135165,-0.05407682610700704
366.5239432938561,-0.2570989697810546
366.24512029866355,0.2646569579083007
358.2201649550585,-0.17244839079398844
330.8413373961311,-0.4364443512654361
325.2544645567762,-0.15205486086074416
333.7218889225532,0.0027689177413776633
333.7218889225532,0.84368363614999
330.1433560866325,-0.031073346327161744
330.1433560866325,0.30759984078804337
323.50572317936894,0.017640767457351103
304.8189716345449,-0.09060600665247875
339.5061399139308,0.47475838680907145
350.23066234913915,-0.08074648190392963
301.0871650800586,-0.2748789729814689
316.30814052497016,-0.011584071515926553
316.30814052497016,0.6036744730652117
341.357302920757,0.40928029848555525
341.357302920757,0.38591717229098776
341.357302920757,0.32000364693385563
348.7145130850788,0.21773190482076643
333.1846224485662,0.12127593239995349
364.64873341832987,0.10000955517671173
354.0843119870924,-0.18592651708354424
359.64858517086515,0.5032938196804935
339.52748711459554,0.04011545653565918
327.96628459978734,0.11921329919573509
334.21586440843856,-0.09484273467728599
327.4427326180306,-0.11686543462963073
365.15242811485587,0.15152876437650775
365.15242811485587,0.34195809884590744
365.15242811485587,0.5909649392976917
350.64768085653924,-0.05274032905867898
305.66129922267123,-0.471193595650675
324.21548535476893,0.23563262087054682
333.0506786103339,-0.018713152398049715
346.74234979014267,0.2841120793192431
370.5179599957966,0.7019822920506158
373.0383795922084,-0.14288596227891048
371.15422328276077,0.1316402115121491
359.82303598609957,-0.21073009726865166
359.82303598609957,0.74040493387065
388.27253681587064,0.3534414599661204
348.9255198153831,-0.30381350600578116
362.9876916700257,0.22617469600118056
343.7437619669721,-0.1595833700565663
360.50820573530973,-0.1137779506274228
344.65262013162936,0.2062537267429434
344.65262013162936,0.7014432008245421
344.65262013162936,0.09330858407645337
379.9609815198695,0.3299887342988086
394.09426422502037,0.16350579101219864
380.19596218186297,0.19582456164846462
359.9481723825168,-0.497857393881759
368.78561462062794,-0.003207446034593886
326.4365779043429,-0.36141214654116993
352.7629011447,-0.04789274214533634
347.34867413689386,-0.017147890285514222
368.5973547583009,0.5095629235087245
373.43601221436415,0.20036080296426917
356.81108752860115,-0.4112373729765295
381.0529685490368,0.3347391624009788
372.37022181910936,-0.23748017996877024
381.5810352713686,0.03358751248435965
351.85550374164825,-0.21146957899111385
357.68348795425084,0.024638865301881197
342.9395867521395,-0.23508549845882953
347.02544079440503,0.1980799718394337
347.02544079440503,0.4376560207500688
347.02544079440503,0.41010464607347785
347.02544079440503,0.39404186169122113
305.5561852703561,-0.019166131265023978
333.6339162350642,0.10789268703297239
382.6376704912577,0.46222532141905504
374.6687357738279,-0.11559293147115568
379.3228472958793,0.35023283810664907
366.9833516029919,-0.16685009438617726
367.55653673419647,-0.09853957951179382
351.5228515334951,-0.021108242334889837
370.6124780729928,0.14434055940296275
343.7340040458054,-0.16778956665007172
338.53724633791046,-0.21207102708740422
338.53724633791046,0.341720361402281
349.65570755167283,0.32129798028324785
336.79260235300524,-0.36864557662534025
336.79260235300524,0.09170934957410282
361.7337348875945,0.059079419356066865
342.8579808962447,0.15686872799381035
342.8579808962447,0.5322112005378585
341.533723365916,-0.11053550251472188
372.05748310035443,0.007238594737259518
357.17344880289926,0.031896235303747744
332.5193873140759,-0.3395916988827139
332.5193873140759,0.26064003868748387
350.8130109639317,0.10251227560422649
324.4991052865922,-0.48571920889685316
324.4991052865922,0.24198299690783642
322.54754581467137,0.30237450491449636
341.74350415941564,0.09594859592243665
333.23211093490215,0.0690061267382589
331.0048680825671,-0.011210598642151126
366.84328053735527,0.48507502281131565
354.5888140341413,-0.11225685540102859
365.85871313161476,-1.9089241732217488e-5
390.36424689933784,0.11054445106242383
395.1143323370252,0.12540579914139016
349.08022515491626,-0.7214917446081017
349.08022515491626,0.5064852897478431
355.3296055207882,0.020707565597263056
369.3913747880465,0.06710856400263765
357.926249236901,0.03176391520582911
350.37247512855595,-0.03679664938135829
331.9892998348125,-0.16083955872352362
311.4652016555667,-0.0643160834599712
319.251469853478,0.18041577626377148
339.4283110966251,-0.10979541677966154
370.6976366535485,0.664666889319733
366.44669098583915,0.24328624612826388
330.20777347553656,-0.3920460255785656
342.612211000697,0.40331432137816137
349.77383561428894,-0.16918737527066696
367.536244438341,0.3340113523645414
345.81328548416263,-0.04520495242127254
333.9847189087536,-0.41349538950134956
333.9847189087536,0.7156311672138145
352.91980559668815,0.32516805144132377
371.1512879184664,0.11646831344990005
362.8573665644955,-0.12027586387171141
388.9458246288621,0.11032161063258172
377.8950120438494,-0.22522958084334732
377.8950120438494,0.27617042190729535
374.18235853389086,-0.0218776104642302
388.21944328013353,0.28042049717930695
369.8329911997596,-0.35108402964601737
356.44542036771213,0.1067301108630545
358.8963692868213,-0.0791594170634653
358.8963692868213,0.40421892778863366
356.1109346646284,-0.19662901193737525
351.3636980084142,-0.3213021137752321
350.09605085352507,-0.0009874025822682597
363.80907588898873,0.33404009062098794
357.1097939842571,-0.21545644933917174
357.1097939842571,0.09026830619529846
397.75179041627894,0.4760383966211066
349.47473090737185,-0.49026983617147835
349.47473090737185,0.5618769556497227
377.74751939819157,0.394919964942801
385.9139751351257,-0.22367092663262156
402.67630177400724,0.358602458708674
402.8650694279069,-0.4383798214826129
389.63085988591206,0.13423747129081676
383.3765825980092,0.2562199171921975
389.4994682275754,-0.09485815808511688
393.6148475554953,0.011655293265675937
372.2034470449207,-0.4911740977975114
381.4410853117285,0.11553263809435066
358.5429354001279,0.008188046022723938
358.5429354001279,0.34758355104861494
354.1579162957751,-0.020780033400569664
388.61673987042303,0.327764976474441
378.92893940143784,0.16096456425771066
382.34520579654406,-0.1110638411587388
383.2742515755124,-0.012034834688734009
344.6454114332547,-0.6578219872451427
344.6454114332547,0.23542105542355785
334.5099782267338,-0.27515919841493997
322.7192321009825,-0.2696625302312441
361.1835703293081,0.744494704658905
361.1835703293081,0.3664710958357773
361.1835703293081,0.24914667149937486
361.1835703293081,0.44956230859497737
393.21294524519004,0.488415627252607
379.03923956450194,0.002454548982200322
355.21774244333056,-0.1720526604240149
347.03575620505046,0.17158561263067895
347.03575620505046,0.2777695181771378
355.73326072762086,-0.04200504490665935
317.89461191259267,-0.15225278497302952
359.00646018454324,0.1175734053792894
351.7424950198558,-0.17443465301971628
323.4158342624964,-0.6654361473276822
323.4158342624964,0.7371811436998996
323.4158342624964,0.7747364298936645
322.8598422523429,0.015937495224420672
334.6914403527051,-0.09449888240828841
331.4082681523655,-0.00158433879732911
331.4082681523655,0.627980370933301
329.2170563217658,0.11215465509030764
360.11600041641117,0.07687885808104511
371.314976712139,0.07802642661135906
386.9794914081577,0.4190667397786001
405.97622577553796,0.16507495267353534
390.58224959048545,-0.03393600775518735
388.29366804007145,-0.14158204723662493
398.9742617465752,-0.11378075428342527
384.16583439317066,0.06060722403822183
348.4953181430597,-0.5310381311862784
331.4501232208533,-0.2979946263428701
315.23756651849783,-0.25656941345141604
322.3102377607214,0.31338235799921677
322.3102377607214,0.37469286765747256
353.10141226943335,0.012975303484722644
314.09522338030985,-0.13213220487921262
328.80605869931014,0.3237145518662601
350.1568080650803,0.3599912201583493
349.74829565798063,-0.14848962285179823
349.74829565798063,0.1586563336738891
318.5111792176041,-0.08919080029943416
351.4963094265383,0.23021944139588868
371.4775170687233,0.27417389779805035
372.9464688553433,0.5156670466500373
365.72019716417446,-0.14479481029695762
380.22795178096607,-0.05013853518062206
371.17226182880984,0.29442710895955315
372.14753914645974,0.2366593285273666
417.22139512435575,0.426565580302281
396.3737674303989,-0.5819247722347427
353.4300356975405,-0.3938314329276409
334.767106209749,-0.5176819469631937
330.96941972791836,-0.023878030943819795
337.1590144362746,-0.01619789870119348
347.89019854782947,0.33046233965251304
349.67935871325676,-0.51712780865887
367.24317342085965,0.39754959033848536
348.22171211936484,-0.2541399393833217
353.32113331033815,0.03485221844084663
347.59548753998536,-0.06041709564397024
344.24951375160566,0.008685531924470524
339.3958115080124,-0.31720449293652564
327.8780885702468,0.05312026234912537
353.409250871491,0.5749067216436288
353.409250871491,0.1564250810381509
353.409250871491,0.2138484201159372
363.7930780362588,-0.2068288223847503
357.73471803952276,0.28154180316437305
371.759295465448,-0.07491199125229286
354.4218011856913,-0.04860416640713083
367.83999198133193,0.1542487090268878
374.9426608921246,-0.02785794433771116
340.6108784823786,-0.3180071375029456
358.05147991064075,0.3190849929610522
376.69283195363084,0.22444596156481111
359.1935542415205,-0.4299718782401669
342.27283848216905,-0.22690098543307613
342.27283848216905,0.43774846458973116
343.59397095202587,-0.14982190495356917
322.0664755426633,-0.29835097777947794
371.2361801553947,0.3869424407293991
365.7462014801189,-0.20642382698645179
395.03617188484395,0.31073757251976986
395.03617188484395,0.10477579566850181
395.03617188484395,0.6288561441267575
335.90514184930356,-0.5089427367001917
356.4297268832074,-0.01261001577688603
353.5351011294054,0.3966509973186021
342.37586613211766,-0.20145057249987985
346.93929061989917,0.019870914977673237
323.5787821029928,-0.21252053561249795
315.72104654230424,0.15014767575507904
343.86740012810446,0.6619735721252482
343.86740012810446,0.051143471212412805
325.5922348320004,-0.5338922980942016
351.0929492988054,0.13186719186739992
339.1025887028322,-0.20599625004388145
379.9067513167121,0.5026503752360441
352.081335381863,-0.34864529376000064
387.40962529343534,0.5074223403470342
377.8320494538863,0.07167717016113784
364.15054929606396,-0.48480129408608263
359.8402954100266,0.14199212027813246
351.09308271324994,0.10499824030239324
359.95097465144306,0.06429198418163651
353.91941326251793,-0.08340627202778705
364.62349590025264,0.06555196651618189
319.65448680187114,-0.5115620162574714
342.28321881746604,0.5321373568870058
325.9841871892001,-0.32310603072949107
350.09110364182976,0.43084180358573576
328.7016767364078,-0.15559440051151796
350.4440205754263,0.15574412196156118
346.7926553881896,0.031200330722867875
340.9752388260619,0.06818057573400438
350.01768721579856,-0.12352912472920252
359.6820347486526,-0.0915085458395879
330.8732072180102,-0.1535711943796514
321.1390998137829,-0.42582563489838776
336.86584945234057,0.15294131893097074
376.4027803390377,0.39447873247820553
340.12266962622795,-0.4919921430480372
339.7095771432541,-0.06929727529541196
375.44969011769507,0.06857550391771383
346.80240419361763,-0.2728242998480255
371.1441164779424,0.6397443202031354
370.71755114895035,0.02229791826255223
348.8385987776105,-0.18830238768043728
360.31200040538073,0.2955248836547071
383.30002350015644,0.46325857530951
373.15061679651615,-0.04954341502457282
373.3185607708021,-0.21905844858633827
375.11592638950646,0.10234937451787118
371.2003263362753,-0.31327641735367706
365.21109691399187,-0.3346388018350126
365.21109691399187,0.7298064301676277
353.67682072746567,0.032812041736974606
352.24285779361867,-0.3488871518312635
352.24285779361867,0.07634729141466323
369.17094667458605,0.32665338055960547
364.3150615069989,-0.03481513830490712
357.1281364944113,-0.042514960815083214
357.4169896538703,0.2123043685370476
341.5685198961434,-0.2783175619611029
332.7125138036483,-0.03306519610782743
338.77410666629805,-0.09558232715141912
354.7692969655446,0.19598503853728744
360.63413401966227,0.12417182988974673
344.7903196447376,-0.26834653616504056
330.5513499032292,0.1769464000590233
342.1855914922237,-0.20349387919395667
341.9610663989502,-0.37655812920581866
317.77767350041006,-0.15949360828699355
347.3393714774915,0.3900075305549535
345.91242378348437,0.2707935474035139
350.856485695253,-0.36425635852720006
357.7563934026623,0.35251310239073064
353.6166132261256,-0.27328522332652483
353.6166132261256,0.01786283350747908
335.2031613715347,0.0279299990461368
349.6151076148046,0.5243820771386254
322.32871545582645,-0.8468094615365089
322.32871545582645,0.4743963301916665
322.32871545582645,0.6579009511507365
327.4092862863937,-0.031046785186845227
332.51347417525284,0.08891428645461019
372.4572401699339,0.46775178040434184
369.5648107859741,0.3028892659383473
367.5105448234455,-0.21146117763476013
363.934807029936,-0.08388002580397824
362.2168768289184,-0.013938542359824169
390.6183190323238,0.43708121213808226
346.29666340611703,-0.7340962339437738
360.38098560008734,0.3856098514191899
362.38261089357314,-0.19842098437379718
349.2385303717931,-0.47722037923540483
370.0354348973593,0.697900944803564
378.3086306047093,-0.1708326582843256
362.3539070249013,-0.316689186937424
362.3539070249013,0.23918475930327077
373.6026173345322,0.31429652626547977
347.0151916696977,-0.7403972356503346
351.52338896682704,-0.163604978338185
333.16653047789845,-0.26500585075541494
374.6322619066577,0.5745788693911891
398.80045490251297,0.3686708986966778
393.446567716159,0.36876292954866585
399.5253793393723,-0.00441531898991343
363.4634211952802,-0.3660345706935004
335.36494745408,-0.5807202624015417
335.36494745408,0.36965174486840624
329.8997198836898,0.30604880849887195
384.9559954628633,0.46896066722604246
384.9559954628633,0.5782153942125206
356.28392246657677,-0.19891839374963638
359.98373404709764,-0.10387283701686556
361.35254508519046,0.029707478814088972
361.35254508519046,0.24859641563523383
347.5845843903415,-0.08724327192339842
354.16136870813943,-0.13648836403547193
350.5690817258645,-0.14910941543280387
370.2128630213799,0.3690976236246115
381.7978923855999,0.5815301215593536
377.18139310427074,-0.18633855059806592
352.34369452687264,-0.2370540185572736
367.4151273112679,0.13296835089886372
391.5847596791943,-0.23811347727757948
364.95651330936414,-0.36365352523364436
363.3907230448071,0.34102585407913466
356.6334933078349,-0.37227851829220526
376.67285752178964,0.22275802179831317
356.31936523844536,-0.17826231258925418
353.7338066683557,-0.18349971401494258
359.60817495319543,0.026703493999661987
359.60817495319543,0.16237655346560587
343.4362300280357,0.16894181350369308
349.8896823344802,-0.22690714465011297
350.5530611826295,0.2302259553089243
373.80458599247845,0.011861461835223963
350.5023457854774,0.03411568454225744
333.2609214944226,-0.16743359464896912
346.0429256394116,0.35745342093139243
369.7917258590311,0.5573607029073173
365.15688246797407,-0.49576980944334537
414.7655562145651,0.9055567729525364
389.6249575731957,-0.41817725877763223
407.5888990542816,-0.17022015407155777
378.46435548889343,-0.1905137141773139
378.44996748057605,-0.1494598192837202
376.88110905258503,0.39485840516408643
349.8904921421264,-0.7571833819192761
349.8904921421264,0.9764972049340486
349.8904921421264,0.30305289504519806
357.13612431789915,0.23334947979788012
343.7344032750076,0.10560005634113168
333.5308699369636,-0.5510936238822524
365.3171221212907,0.5117684847353985
346.2516970860486,-0.042626000612472126
354.3566695200974,0.06407702862884435
379.0016438757337,0.28857624469571874
355.6450910066434,-0.15004158045269378
352.0784994682341,0.10284436264419128
350.36440946516745,-0.026269074196534348
335.34747573403007,0.03878229979318348
338.02295235825824,0.06691659186276411
314.2548196359349,-0.17804602577120932
314.2548196359349,0.16521833593230895
336.7348733269288,0.37104523759978747
328.49234955643976,-0.1293542287244236
357.5574787300318,0.29231543896230505
351.30104358315685,-0.007908337775802465
361.34410005253886,-0.051722799991011925
325.1960897454217,-0.3915360996719528
322.1779882886024,-0.06194992126825127
312.9285545969147,-0.46630797903912935
312.9285545969147,0.613166510502424
334.5754121431498,0.7538450805160437
334.5754121431498,0.14594028836233974
323.0638488776911,-0.09845822694501294
359.2186656554967,0.24453015757285357
335.64160753840287,-0.1389564837021453
324.36535116774974,-0.09775929355805602
309.84826042639435,-0.2945355998733703
351.4222078912714,0.2434877258212964
359.97676518853643,-0.02890469640851734
329.35687249166426,0.033933031194465
329.35687249166426,0.281641191854078
335.67258063571256,-0.08915699155977563
334.0341187359959,0.002390522265159234
328.54696104283084,0.024973876101398673
342.3533253201271,0.11590730545822225
336.3582004141168,-0.49272068346692777
336.025970345891,0.21177589153444387
336.025970345891,0.3461655471037375
329.0334395005902,-0.09639217171206838
329.0334395005902,0.3373859377602457
332.61329575380927,0.09858949971680886
355.84491180598025,-0.08808283604821554
365.1368225224899,0.37477835222239264
348.0638444454436,0.21744665669427832
365.3935230711394,-0.3862547556004756
343.2313962213424,-0.09412487588451768
376.38442192890676,0.574743118165884
358.02646692695646,-0.0753061827390411
336.3127548743991,-0.29383101107305265
334.54714265452515,0.0018234074944984968
353.441277479252,-0.013150901708627316
375.8150574741597,0.28322254214356235
366.0374496387536,-0.16377018357286488
350.89548904967796,-0.0034954979284975707
356.50677143510904,0.12467148122289018
356.50677143510904,0.3082716655362674
340.0836463376187,-0.23440964554367838
360.8307394317923,0.43375987415117834
333.73776275398825,-0.37656683214299846
323.35882708376926,-0.4407913122950049
323.35882708376926,0.7604307142208881
337.74025912581055,0.3090761708267564
337.74025912581055,0.7233769458780444
337.74025912581055,0.4169892181736259
332.57317845818835,-0.03128187038771557
332.57317845818835,0.37347624409790114
340.43880189972975,0.25270402349360666
360.11918101626856,-0.10471773850110822
339.2431457099538,-0.21647496739353755
325.3050801045632,-0.37781514549180883
325.3050801045632,0.2700455297637063
324.5409089001745,0.2672215527354638
297.4712822628175,-0.08403916169686454
314.61736854918126,0.3490939932287347
306.09559829029604,-0.32763893354467655
333.822796611103,0.38401617925546816
347.06491493718613,0.01160328435730662
339.960534319563,0.09817361687919401
333.8108106687461,-0.40440810675113426
357.3910365063625,0.2935218586267183
367.7883432634192,0.007163526840031409
334.67638176387356,-0.5159256572583217
334.11809543531325,-0.13961005683063377
348.5021468889908,0.6565789667262152
382.78030471669894,0.46508837541227876
356.63912453338173,-0.5526699549481009
347.4572432103021,-0.01977650411186005
338.7739480093418,-0.47041075824245127
338.7739480093418,0.41545566634499664
311.9416445007336,-0.4138750121543353
366.3315983284906,0.9229283837750017
371.5894651310478,0.15047371195669257
383.30698354427903,0.05798103113693287
386.97726528261177,-0.23757137186851196
377.4419946158831,-0.24821576331203232
379.4614612293141,0.0355677291736356
379.4614612293141,0.37728425786406206
365.94786090834805,-0.11935935444432744
347.93748962837435,-0.025331113362881297
352.32746919602107,0.24511204885334337
384.4197119021759,0.3615031210243842
367.5228919625365,0.02086449031128268
367.5228919625365,0.3743674905261969
390.75296446539807,0.10599584758608671
382.076756341533,-0.16707504200940093
382.076756341533,0.44375552365045223
382.076756341533,0.2582337777619159
379.8335387736928,0.22665604317353427
382.77784503918963,-0.4040344012933019
415.72832170706306,0.6845691250067603
374.6223919418755,-0.7370960971327349
382.83635006432223,0.46364647854579744
396.92480801034077,-0.13953268709303757
408.01763827069794,0.09380912470305702
358.4170124936871,-0.6944819859293148
358.4170124936871,0.2082761456154003
348.1609904774705,-0.09815530622756796
377.63642670185993,0.7116718067387637
360.89561712864634,-0.4193240727290686
352.8652005700882,-0.2838092584572678
351.16443060034436,-0.38033270377661665
345.1458914311314,-0.2559673252465018
345.1458914311314,0.35570242545156816
345.1458914311314,0.8353499494792231
380.5553923352574,0.42376330670037987
345.0487174065196,-0.16857975790981072
372.84619427560995,0.189045035928757
352.6370885576572,-0.2506741465167579
378.20336389724855,0.1422036214921718
373.03299185015544,-0.20892070156810405
356.3600725736354,-0.3032138143703378
361.25359891761053,0.433256024170646
370.36111921402875,0.11570257323171518
365.40513496289583,-0.13265143685680414
365.40513496289583,0.7664600747017403
367.16202755198816,0.37173972438074543
353.7156222333216,-0.18782676925638953
343.19640177939453,-0.10909271764103323
324.03782986457384,0.08018340930811974
313.1305805610831,-0.1104919730958045
313.1305805610831,0.08628906221008492
330.23087416669136,0.25390683575699313
348.73379999977897,0.2706101970389909
338.3634459213106,-0.12678500588071984
387.2271260173595,0.38745321324097404
407.465687505867,0.2272925799005634
409.2973951252994,0.026561255724118382
365.33394132714704,-0.5268401270868708
367.7474641013231,0.21580503744621637
386.2070541313689,-0.06363650999162473
374.26110860614796,-0.015275069418066778
378.4657431612094,-0.1501009609121411
366.97770906228857,-0.08481117937515137
344.6115997719016,-0.19560801228726632
363.35135069444283,0.5887799152540083
400.95471343384787,0.35012065524256286
372.33437070098256,-0.7019467176730814
351.0015209562383,-0.3065853719755296
344.46914518675726,0.15464624966023166
344.46914518675726,0.43979650549965754
338.74259439826216,-0.426188979327776
345.5605632701053,0.30291193890082013
345.5605632701053,0.6511827317708594
317.07706114844615,-0.24737380902797668
324.3099161897193,0.07466374437467493
342.9114392211494,0.40117181358561993
342.9114392211494,0.2051477743183341
351.3092304869594,0.1436210501245796
354.91277096557013,0.14458803888510374
355.58397621536176,0.08363251909281644
363.96872794457204,0.04744605720532036
375.80142111430166,0.09492833284275548
367.47963184321515,-0.3071869465981081
349.882729700628,-0.06490681726722869
348.3229595618825,0.1426643394944449
358.6546929807672,0.42251082367943127
342.79284399284126,-0.23406762843774231
349.6994189576525,-0.07894214064367588
368.4234502841858,0.42333518323198405
333.51710427363116,-0.4738359102228742
371.7637754623759,0.5780677713095201
329.168746050271,-0.5949054293413383
328.95563483646947,0.06927586957124277
350.14387272108036,0.3776937272292571
349.56450790851204,0.029068411970911257
372.80456691095026,0.18509579035026036
375.98951669776534,0.20960887158935293
367.3510104532058,-0.05061439738028639
390.281019272043,0.8167357892283462
381.5670542937212,-0.5318526077714978
374.392573598123,0.015196917552316336
337.96994912178786,-0.535367276640045
348.4094937654648,-0.048649360801732655
338.1384657971568,-0.08683937682326359
338.1384657971568,0.41570513402189135
338.1384657971568,0.6676146630927633
338.1384657971568,0.2886922116504138
343.14062547564697,-0.022075996117791874
343.14062547564697,0.07711306061241885
355.19768533233315,0.20024820363369145
360.40972001973637,-0.01778201756269482
358.0504266329548,-0.45922934134148363
383.7866513761801,0.7646583210574818
380.5148648811515,-0.4016340139079375
397.65952021427563,0.7662233276312236
365.94895542975655,-0.3838389203723409
365.8549108675414,-0.07307270720514225
365.8549108675414,0.4282075366384106
347.17195178766224,-0.07870461216396052
333.1668175033133,-0.12492014142469543
350.85297888580925,0.19260985568712385
335.90861827008973,0.12711237566441014
342.3577530077582,-0.24277264217198535
338.2183361745338,0.07062976908866858
340.66752385488564,0.04495016573287103
353.54715533025006,-0.17527117962220018
346.06628827774745,-0.06476865363742945
374.00583570547406,0.4558573349047492
368.11737141169016,-0.49787364170492765
365.0854707533314,0.19971792155558887
350.7204943012437,-0.11289000469423627
341.9830888117627,-0.3374141638535093
314.04500877772176,-0.16553877242699855
332.96746153214104,0.482711077095928
332.96746153214104,0.12085286993362843
323.3209454396943,-0.17845203745412164
333.69374352623265,0.20533224644486836
301.89841309508085,-0.5185493987041809
325.93403071834365,0.5057966291180946
326.14144672365467,0.44024438192013804
320.8765079038103,-0.4866470495408066
322.51902268625844,0.3515091487832933
304.25496862842374,-0.21119811047071835
351.41993268928127,0.5357127486083755
362.059273950206,0.13719325001261495
339.2509406072287,-0.015026737307493931
357.56331292046815,0.05101745405636393
354.60497518199736,0.06197934724900733
359.5082972046896,-0.20175599821789092
365.59266927561714,0.6184087566886092
331.0845981144926,-0.4617912111422129
329.2421252781223,-0.1642859672256236
372.1401401970573,0.40238907979119176
364.3604449845596,0.018161249267677704
390.3298201418363,0.3345955469139881
358.0349353458401,-0.591271906606039
359.94146232780145,-0.0015997393772977375
350.9344097080752,-0.36364830746197185
368.08409952167705,-0.06453945852672405
359.98600492315063,-0.031006882989004225
347.83209137958914,-0.15864908814955925
355.4811199661268,0.014977079195432452
357.1823661744568,0.03100941855666406
364.82380483442415,0.09352820418394003
351.73076521032385,0.11728852723956606
349.0418609652828,-0.05143709802155172
342.06638039331085,-0.16942748862663848
361.58406259922657,0.23329693802691054
344.4134245295406,-0.11100830130408212
318.3941602012829,-0.3329499679168748
341.56026441938866,0.007475141284089659
322.77382790094936,-0.2834651172441909
328.11494313178196,0.04189914691687591
328.11494313178196,0.30373615299811263
330.0524230186711,0.20579437144874646
353.277184485131,0.04781862989602814
369.8337931423535,0.05346984928837628
372.0132848898805,0.33627300802527316
383.4633719271132,0.018437475832115524
365.11005565585066,-0.559481701787945
353.7270020696526,-0.032279412671641694
343.6010441659969,0.2436225845953004
370.4773971943783,-0.007969196979161097
351.2944817300652,0.019762140356192504
353.82999989687596,0.3992169014020419
350.5723720858654,-0.23497236003368016
352.78425603780164,-0.05682697302972883
375.4682088920784,0.15759441145496567
395.7941855637376,0.35508195818749755
378.20971912982907,0.039413552813357455
367.8220576735065,-0.22021216068969807
359.97999156700376,0.0727732907025711
325.6998595976286,-0.4676919826362109
286.2448599464224,-0.6736844615611517
331.59576240833263,0.4610957290775559
333.04370436063635,0.001817085923448758
348.3507731773195,-0.21036414223340216
361.78574555911706,0.32472681371268663
369.0319760772403,-0.38828707267873597
339.1675923426574,-0.06430385860312526
347.1203542667078,0.1872255270734513
332.80943589113923,-0.4122569461267176
332.80943589113923,0.5597674985842787
344.85173801585205,0.347694392956555
327.6336313110343,-0.5327655347355176
345.6017795635299,0.08129682617641265
356.8679434926016,0.20332525114713462
360.63919155788767,0.18925981082611543
381.8944987415824,0.2801309134316625
367.5085829934599,-0.08687246578324448
345.41671740501397,-0.2531378061722762
335.6398076630818,-0.5616302169327128
341.0048927418512,0.26935722245218585
328.9211095987312,-0.24926473207938216
328.9211095987312,0.41970958478236753
328.9211095987312,0.3316432427734526
328.9211095987312,1.1481979692083542
350.24982558781926,-0.041539388397040966
350.24982558781926,0.9520120273863313
342.8506263642207,-0.11207282292332366
349.7500645930524,0.2961212487168723
331.0264949792496,-0.28231964498309026
317.76222602923457,-0.13198196182929678
338.1933339923147,0.4213644959895646
357.30342635332255,0.13438475317616394
372.8763628385722,-0.07849645816986595
358.39769918471893,0.07013567199601312
364.8727737628699,0.03039360854120332
338.2313333295459,-0.2761727430851124
357.49682194274925,0.4788747209175881
389.3465290455287,0.44775911126816936
380.00487398949423,0.019182030319370824
408.30069600246264,0.028049922973195862
397.6246880768942,-0.0922309912698438
365.7625765450491,-0.9274091163524645
380.29899206041847,0.44699029689627423
373.387995584324,-0.1841629708695791
396.7086931068154,0.766853568223155
377.79138247753394,-0.008827270268056964
375.49223466884735,-0.11557890798337667
363.4097031929039,-0.3763857847161489
355.1790140589197,0.2357382759371376
370.5933324036927,-0.5991359764100253
362.8996222178036,0.017060234025620957
342.70874429083267,-0.28625390511911064
342.70874429083267,0.18940979707156202
347.5572863860366,0.40203651828437614
346.36430314845467,-0.3438682649123166
312.34151057845276,-0.4248450982461236
301.9057137078188,0.10697810403166841
301.9057137078188,0.527253404919179
316.4041653750295,0.17195529165223888
283.6520961856209,-0.2635724155919661
283.6520961856209,0.4794241039089684
283.6520961856209,0.5528061318618711
344.2303148635758,0.7218266335385124
329.92976052763476,-0.15260030858451046
373.6154138043319,0.5135889382729601
359.6048374247158,-0.2330477981944341
330.0172599869154,-0.28175363608227144
330.0172599869154,0.4256672050863699
349.54604682463395,0.36942150021309317
356.7972922371521,0.15425188549420454
343.6582268811487,-0.28797261486715797
324.97178337921116,-0.18525739130222973
324.97178337921116,0.6170163181392354
335.60410545943165,0.1890442074815155
335.60410545943165,0.3771734878548614
335.60410545943165,0.8484260666964474
390.3589628901373,0.845037993191113
392.67520748894117,-0.26522485152679565
365.1778065825346,-0.34976819957148564
363.72067619640376,0.10821076081629144
333.9592386981859,-0.24686271386656244
349.2578291523452,0.2397727915949872
332.88884070579314,-0.24562358778462112
332.88884070579314,0.39600704511815366
332.88884070579314,0.16063596009985304
334.97821319748715,0.1091361130106634
350.4472402204879,0.23983878370313505
356.0573632043113,0.258932598532283
373.92755099917656,0.09308515015584362
373.92755099917656,0.6125573871304368
387.2142016351858,-0.24231160404656293
360.75145515871606,0.03764445319075094
363.96617375386796,-0.23551923878210346
330.8061875235868,-0.28098812790062766
347.58914618289367,0.5041376740404075
345.3237682274239,-0.45340912354686225
360.59330071306385,0.40093537228483456
363.8644691947815,-0.511006328187591
363.7270126152749,0.0789364547738387
335.7492739714742,-0.014285748127917941
339.63814805520127,-0.1265375546170162
319.55523204419103,-0.22814215734274512
330.0210543964668,-0.0002899069207842331
363.7950466509927,0.06758283032172585
353.368526527018,-0.19902134348285472
383.6879936838489,0.44726732979120243
385.79755265584043,0.20514523139581797
414.0994032434855,0.05427344576105497
390.7401827831728,-0.2028964261251076
389.1172538009989,0.04415499753031327
375.18510670065274,-0.06699991458287968
376.8341289071915,0.20675883868204892
373.500116602465,0.019830948285289196
380.2473265309585,-0.23311685319811204
361.0420657525174,0.14224871779254045
383.3270901872833,-0.028297891264173813
361.93611799765023,-0.08644958288107318
376.66908345508494,0.22566335882379462
342.79956103783366,-0.2956292634002011
336.3114501583381,0.08536751863084646
336.3114501583381,0.0913756119421123
336.3114501583381,0.43051312441161826
347.58768195073895,-0.07421985924156616
357.8309727974181,-0.3916501597552724
379.45253146692335,0.6997124053411881
370.17813535603193,-0.21495803516131673
358.10550275494,0.05229028908740929
341.36400416786,0.31689394814134175
388.41954786741474,0.6011230090716708
362.32149049826114,-0.5920093138568063
350.78428517077026,-0.32047326175006674
354.30133196572035,0.07615887082556583
372.0028260168027,0.24702698900750875
373.24835352456506,-0.08312457709268983
362.6568151703161,-0.2102743839093364
353.8462124491034,-0.05870821467840415
375.763004894558,-0.03896664882756795
348.00138583836554,-0.15084654668032726
348.00138583836554,0.3567347712211131
364.1803423123404,0.48006842745451195
377.12725741687916,-0.24896223307018772
384.0213719734516,0.12468496757355751
395.1500275526729,0.08585985729655476
389.6975164758025,-0.006805462307852395
390.4129946149687,-0.026701601498302807
370.72656746267523,-0.17614830474008158
360.423487780937,0.00794186773077854
363.0610034291961,0.10976894995087605
372.1211991246164,0.08953458631310696
366.77197558222525,-0.0956858648086154
366.77197558222525,0.3551923783076063
359.6854509580274,0.2589182621229611
373.68428379509106,-0.17011931136460134
373.68428379509106,0.4268346580827256
347.91435182184387,-0.12786479128874362
361.189217522747,0.07426365707090099
349.6473530608794,-0.19097151494224818
352.8993772365212,0.044261538362775354
352.8993772365212,0.14325425565857586
352.8993772365212,0.5510201892221858
380.51682250182466,0.3872454713953175
372.4026653806467,-0.008940701012420504
368.3817070481844,-0.014349411893817887
359.1989373146075,0.03922248591425159
335.3095060321707,-0.10316071176112018
341.6054904067253,-0.3137552472204561
341.6054904067253,0.814346855304052
341.6054904067253,0.4750818154748231
361.09646010986955,0.4786007145099802
355.2888052251224,-0.026724252785243152
351.7802309656819,-0.19861885132183943
398.3340121033052,1.1815174188030824
377.40563633729903,-0.33928691571725267
351.21511387672,-0.23644732360821763
335.77528015128,0.026052770537148717
339.4611402502679,-0.015038784774787928
353.2760476149338,0.2156943945369676
375.95503144247755,0.38397871209917867
387.1283569375926,0.004167280579395083
354.29107424563466,-0.49138258351354125
372.84149175409124,0.8072554778672156
383.8015451582515,0.09558556228330417
367.9171264039876,-0.530066067548546
335.07974839019573,-0.3600707386488011
338.02952726317653,0.017331691922322534
351.8295850332138,0.07068795088707702
342.42395593012634,-0.5068596938937162
347.78187041840863,-0.02715590026980408
332.6369785163414,0.04299746856440834
336.36277578649697,0.3482952782454731
353.70889871479653,0.22749241860447
340.54055723629256,-0.4194695222508926
357.910993027949,0.07723092328092207
351.22882575968407,0.016148298551570406
351.22882575968407,0.4074404983484783
363.1015137547676,0.2658769567717627
335.4428494842475,-0.17005191107875817
369.2961554050121,0.5156427423189598
361.25825057804934,0.3727707590460341
362.1457274063826,-0.11548215452114619
363.5544876094438,-0.3253384257312746
356.9444171265322,0.014988022576062576
353.3251994230679,0.1532151098722352
353.3251994230679,0.6843470721007634
350.1997048434191,0.15561042315971463
378.08570399767876,0.6057429102854712
380.7428166759109,-0.04826700173714471
373.8149650840179,-0.3511026927703824
348.40466025600944,-0.042622007956993
348.40466025600944,0.5343628687260207
378.7983400672632,0.46004061539645136
334.0617967262199,-0.6006401899536513
334.0617967262199,0.5134031717857397
373.1531868680821,0.19903276501077016
316.1897077833285,-0.5568785944221872
339.94443581883377,0.20028119781113674
354.5288140832354,0.499262395358528
362.89653705761015,0.12174221211523673
362.89653705761015,0.5513119870461196
340.6982465801363,-0.1958639222647207
373.6051475873064,0.024074393169257746
360.3811837338949,0.06157872918618068
338.6053770954602,-0.13810588470255425
339.8922398278726,0.10386457015840733
363.0246998812055,0.27070217553080056
355.5692724521383,-0.14579986293620095
350.66494249635184,-0.09662771887713006
322.3865679050192,-0.36865378140339544
329.1616439112136,0.975015374997156
324.7433315309045,-0.25962955827708356
314.93307148852045,-0.28365437179388664
305.90457478962986,-0.5660818977655708
320.66154036965463,0.424484438707168
350.14775225589943,-0.06579407769959289
359.92512015732115,0.39556185550418377
329.85240985340846,-0.9771432239735987
348.3997980467947,-0.088318218447057
371.5236031261401,0.2723202616000435
375.30163100861637,0.6962875697392974
363.60376478731473,-0.7962858081416471
365.86413748728904,-0.06791330325688705
359.49750162679095,0.09833582011708586
358.6026742486196,0.284160177354579
348.2585658958628,-0.026742370661963832
359.76157808876593,0.0048188932530592865
359.76157808876593,0.5618152619779266
344.2868390417569,-0.1645079471106783
348.25595816994934,0.3026376946681921
351.47101185618635,-0.30448363142249946
335.71467310340313,-0.07313257947714646
365.42013766824607,0.5936188897911734
351.3458811142917,-0.1708484277419302
351.4614292934088,-0.12650478118575847
320.89811091849606,-0.3345529104068419
324.93052878955837,-0.07258738623715999
343.8420308175884,0.31221325088245067
330.0480559594419,-0.16526722155037987
314.5578496712136,-0.3459286402091948
314.5578496712136,0.6514507613944716
314.5578496712136,0.6106861492748976
317.8408652754229,0.09327641636332373
301.92483742327056,-0.23345773600829034
301.92483742327056,0.6541179426070585
335.43138720755485,0.31323754817776717
329.21164001086504,-0.18099089826614545
363.3232622561241,0.45083699695339874
352.6891067575907,0.12662829512566987
355.7358732502996,-0.18177427056662054
355.7358732502996,0.29030868602137616
361.0260917170181,-0.11384937484240254
327.0158193107618,-0.506906454185355
327.0158193107618,0.31408195484095813
318.99591877099164,-0.010833954653662659
318.99591877099164,0.6368907046124832
351.2556101822845,-0.11825740763856629
366.77912519731507,0.4441818138191138
356.187446200764,-0.339987153468428
356.187446200764,0.3956346938016395
387.65396007013703,0.11509440510258173
383.58511381494327,-0.3108224315242296
349.2932109533681,0.04257286355891665
385.7545179635227,0.07406180466887236
349.35835654001244,-0.2145748656625983
334.10484484708155,-0.28751105632409235
339.17065157899657,0.1282894976325224
308.87244541455806,-0.4822271364042763
325.73552908130654,0.3076745754025296
325.73552908130654,0.3460494999516186
309.78778749548775,-0.5578896956201334
298.60456683229893,0.00860116608066619
327.55364225417014,0.24718660975474904
363.2322500520394,0.2743406535144004
359.38727803894074,0.09153281412500291
320.9411893386882,-0.21058609856868316
332.2701320182836,0.1334058169823038
321.87039598893585,0.136914564693825
308.3004911144499,-0.5295011217087904
316.02448588785956,0.4018770746440623
331.6873975781574,0.284860292050098
356.2867051586865,0.4476297726279199
335.3467227668575,0.007478967865267805
347.7327753902646,-0.3022935121914543
333.95267790401243,0.21563517009576572
318.6009968927546,-0.24606808584007922
346.2546478184319,0.3647137408547678
350.08398943764524,0.10579197603578905
352.88384176887183,0.40774750302682605
326.99319338748916,-0.5264900645554462
339.138288939429,0.1781097027018177
304.95126725233996,-0.03244211887920301
304.95126725233996,0.7601456684947152
308.9476540251823,-0.37968516593048207
351.19870810410686,0.6783384847130947
336.33796862778104,-0.2995087265259144
336.33796862778104,0.5834272932222575
329.9447482147308,-0.2890077759570886
309.8591117589091,0.03869031623139563
283.5079257246398,-0.22053278183034308
283.5079257246398,0.7069850376176419
318.6242518369391,0.26500603638010034
351.9000490466512,0.6190453995131975
324.8605766016514,-0.1572899620505268
315.0165678141857,-0.25344966746843056
352.83215214169286,0.1906241629426404
335.86883307677374,0.007432952317799391
339.3841128351767,0.25886688023706483
326.62855158063735,-0.23116115222308053
326.62855158063735,0.39041895140633187
377.428131406051,0.632787108368575
348.1284433875819,-0.4589620232472953
310.4890365796483,-0.05607931617566919
341.3878778677548,-0.06281904546926853
341.3878778677548,0.2837373432116692
347.9487136046912,0.18777807114133793
334.2046679765114,-0.33628659629664526
338.80198714541615,0.41912873790693084
337.2417861401137,-0.01803468599325697
347.41297180982446,0.021493831132374908
360.8020218510235,0.47419070931209717
345.3907897478295,-0.1918521036036509
329.2313526379287,0.3089086458087422
330.9162173736,-0.1323744745463955
337.46256642336505,0.5198786947995586
330.869331482908,-0.35700736031242286
353.098251844715,0.3868335998042767
320.8653935851497,-0.2856353470376689
343.7189927811667,0.14933507030411874
366.1834486459687,0.40981802726764727
364.1016336427529,-0.17276979359485267
345.8757463150356,0.05289289984784773
375.1931774785262,0.4300331228630512
366.1699063124245,-0.3705050046140741
338.4795903409015,-0.2461242700475168
328.3211521030277,-0.31710120921218277
332.86743882130963,0.016124302022490156
305.65175750299085,0.03924399957975311
312.62265651331626,-0.006887526233754215
337.19156461317345,0.2937815404511639
322.33319376759226,-0.15459163268724296
338.36492137962784,0.47411798100017677
338.9394091085022,0.29731301024378354
328.9695977800079,-0.911315953115718
369.6311711102615,0.9967067330416057
378.67604743866974,0.016559864417558856
370.2594677879899,-0.4262318943616492
340.5542638192,-0.07277086203839644
352.78447980537567,0.12486326360840394
372.2180813780349,0.5377295682458225
367.915686549377,-0.24978763263254677
337.41235153456313,-0.026668676634812982
334.68011755623763,0.0061527432455932285
361.7171967451527,0.14510180466879774
339.22148028108694,-0.33533615296971675
331.9786909189533,-0.28855407783839837
356.876804675049,0.25108698226438264
360.8031942027558,-0.056199017371568516
350.0848499279187,0.32715373859275587
347.2275395016456,-0.0405889985935346
372.870195322307,0.09426291738395776
379.90526989089767,0.233084501908138
393.4618066747339,0.12984862655548568
379.34932509715946,-0.02959583577126068
379.34932509715946,0.2848931366978604
360.89617347051774,0.07784655285308872
360.89617347051774,1.1214133127061814
355.74286452039524,-0.08217715830335237
354.00007935713126,-0.1996709216614363
353.7230120677226,0.17991894207511905
367.9218146234824,0.10717541407814224
367.9218146234824,0.5688244419753801
365.2026507968565,0.059500488552885145
339.03595957415536,-0.0793583589836544
385.6950926785193,0.47315544744367344
373.444543908582,-0.26409539228291123
385.0240356778805,0.24690546796045965
367.2414897429355,-0.2600766376555157
352.3273656582075,-0.29643165022503126
349.76242645422235,-0.08096297772192429
366.9165856118886,0.3698269268087415
372.50222578992543,-0.14917528541332103
364.8443411308041,0.08041998580995369
359.641100971513,-0.1424202054745365
352.44979237580935,-0.13807952256956924
344.25230613204997,-0.2246900087583299
367.76360747442976,0.07061670167593093
388.6245486605712,0.3545615238368782
374.2639601425914,0.09257034985546397
393.2520917262338,0.0025326805368877103
386.98696529369664,-0.22146890473914027
379.4918041116102,-0.2978301527622307
379.4918041116102,0.21549114626236587
337.42742155477134,-0.5090278412967564
337.42742155477134,0.20469572311321826
360.9344663282285,0.394725479396584
370.3169779150735,-0.256788267291995
371.8642611585898,0.22450795252939315
406.2466363577111,0.270296813898085
409.7662990359013,-0.04540981973002545
393.9000166219557,-0.27550010538050174
366.3693724362614,0.0917191871291152
392.9306765287625,0.005395935570618349
381.1207619841051,0.01568224660093165
384.07159210885163,-0.08300187213069421
363.85864829590275,-0.5657064048484699
363.85864829590275,0.3370047568321297
378.05471891254973,0.07046640044586638
368.7507520079005,-0.21159139962446716
372.2047860934968,0.3207060402555726
377.4464977356846,0.13277079246654466
347.2374776574457,-0.4059431458081235
321.94042700909625,-0.2128231392964608
309.1748963500646,0.1355413115487636
329.24947789966745,-0.08164710569781164
354.1476604148167,0.5315786897695034
387.73017520976464,0.6415604926216929
365.48704210280687,-0.2139796909815459
365.48704210280687,0.549332428661387
343.1628496597524,-0.250826371481935
337.9993210661328,-0.2504673572256024
326.8841720707244,0.08207865954261706
341.6511092953622,-0.06747599677089511
353.84516837807007,0.22096531874694847
354.3573205428816,-0.2028155743564639
333.822431245359,-0.2299173318482417
352.26356099563196,0.1259050196492808
363.538899599195,0.1940665913302837
349.41167641983395,-0.2183323899341758
387.63655063387415,0.44613566436260044
364.0430765328346,-0.13121375246657863
354.75534906121777,-0.11220400903994232
354.75534906121777,0.2512663910555375
344.24486767921275,-0.15793126817425218
348.2976546663982,0.3054901848448708
332.25759658455706,-0.2263787713795864
332.25759658455706,0.7532407368139502
330.42295279066815,0.15134414450335498
347.00883308577636,0.251101249597923
375.86958316790066,0.5471779022819874
352.2330395539528,-0.21039907001045322
346.0280258363734,0.007377511097843126
363.43606164913956,0.0796910728564626
332.2244676870066,-0.24392288864919465
322.6174793513855,-0.01896637808192736
321.962760890462,0.05088632732122278
312.1899080823038,-0.051458924522989946
321.2283659627697,-0.15929711896149001
321.2283659627697,0.5464182778425766
326.10930245004727,0.13578900461823196
326.10930245004727,0.5960565055221423
347.69417250167083,0.6157951598046338
370.55019183495654,0.3366000225312291
346.75791633070446,-0.284224125614287
333.93650805188065,-0.137040742792351
360.1018800334797,0.10047464160902564
347.9795688218952,-0.20229147347777143
384.83842731974846,0.5252719038282976
380.16275784353746,-0.3928450332863349
330.46865577005207,-0.22714116943552654
342.9831680096445,0.20768202414933512
364.43050636307817,0.40520864401639756
355.3498851439647,0.014530240391195548
361.6748640357839,0.06502002354829983
356.0478132770683,0.10584250412830443
360.76995655735163,0.09614813847952064
352.8962444522884,-0.2868494405461206
352.8962444522884,0.09068344286879437
347.70900228588704,0.15025730039951668
347.40146877463553,0.016047201148126078
346.3321060385756,0.18199811634679008
348.6385229404068,-0.2622470874679266
339.9520473461649,-0.3774375180653351
340.19599141194277,0.11211774732691993
340.19599141194277,0.1785810768170677
301.7735050377408,-0.37452180265722745
311.1781326477321,0.38148630529985894
359.92077395142496,0.2749016922340388
359.92077395142496,0.7381061890301908
412.20886646355484,0.25214725865112086
378.3822417544059,-0.30450048339514524
372.9482025555004,0.30143219394335574
375.90888828850257,-0.26452682901879143
375.90888828850257,0.22455122843473418
347.26023961915007,-0.20439699657094934
378.09318135178404,0.2854711826767016
378.09318135178404,0.5194808145699881
347.8852449148744,-0.311919150244762
357.37405764464904,0.4268030371245004
356.9321040941217,-0.18058247193653187
370.54984736897825,0.23029877777696584
364.69045985473866,-0.2489660675679488
348.0528645007154,-0.21788712341049177
340.137910746259,-0.4506676997930299
340.137910746259,0.5150332689671586
345.76429803575394,0.3265101276435871
340.99763781904335,0.1245988215126772
355.40433379099284,-0.31939371081534773
399.2910139789915,0.5747751246024109
366.9865433050325,-0.2857553256670826
399.70853608087856,0.14998177132292767
377.90724794545764,-0.0783904526160768
353.43778908649733,0.053650521570943965
355.4997058082439,-0.07826651489676806
334.99563907750064,-0.26238811412952145
349.33834421777306,0.3433153664358315
364.674434437489,0.025038564502551708
337.693259990874,-0.07055498049123798
346.4339597954908,0.34228974783366084
347.45473318190756,-0.04012850811636781
364.90065686892154,0.31824499883600765
359.67241336324514,0.25071388436833786
355.159628274669,-0.4744138551471906
357.95345147171656,0.016308661833363658
323.03007677199633,-0.3203383583640971
323.03007677199633,0.34824121303586253
341.05510317754846,0.5086565240986829
318.0645288336747,-0.23455358327328213
318.0645288336747,0.757032742297497
318.0645288336747,0.8675291867299393
322.4285451233054,0.15977406681543016
340.1840641756265,0.2296649975588707
358.463128504041,0.1762692227370053
369.86176044416857,-0.07684923586793957
346.32019701804745,-0.399016061318207
382.33179549778237,0.44028725123928325
365.7248163664919,-0.2799307943398617
365.7248163664919,0.4331460168621106
365.7248163664919,0.3951232230668893
355.57591864786684,0.04009520983345283
355.57591864786684,0.590656417640048
320.9671202995636,0.07714273857914122
346.96204596545925,0.3572100582398434
346.96204596545925,0.4047827707850047
365.43826178136976,0.21585979906160446
344.6658401635348,-0.31016778917478405
353.5423221105336,0.3333278697489277
337.02062554033677,0.1435585437370719
355.11847682998916,-0.14759258379444873
334.93300666893464,-0.10617935858999772
342.9464579150042,-0.003998429439434403
342.9464579150042,0.6178328633116053
347.9426244178586,0.08387963500456408
348.7797329071022,-0.0329411298279183
332.203618607866,-0.0844551453836857
333.7473998014346,0.13240099111794734
352.59262725815154,-0.03800814274814002
348.88351589787675,-0.03559858128335236
354.9547435643084,0.1264054895409572
366.75646851508674,0.20741363181275574
366.16053081778625,-0.13977247867023834
369.2842908555761,-0.08151237558422508
334.52860924378865,-0.08397846606010262
327.6530262067184,-0.183399062939543
329.1439046772674,-0.07203052304623725
342.28683210561275,0.2136288758719047
318.31632824578196,-0.22867269942878465
341.6103353222612,0.2667011958023977
358.0238297282877,0.30428353562888333
361.1057510070928,0.18178630849388355
363.40369958648154,0.05828785704238726
329.1020290106211,0.026891401573834628
329.1020290106211,0.23900966020960368
329.1020290106211,0.4392164946779076
334.67511110668545,-0.2797811007200153
352.98233492801796,0.4139715320980031
347.4882634946583,-0.15396220706725217
350.67883299271347,-0.11612181124951348
335.52578356075657,-0.04717596243006028
336.64719071940397,0.1032315277559519
335.8156595177317,-0.05733406075421499
309.27733851612845,-0.12884653612206876
337.1761327743472,0.23291928610774448
337.1761327743472,0.48296182194985704
359.64572727976855,0.3693825736309009
344.1222745128896,-0.4619775832494497
346.0933482851291,0.3405738144924726
331.68474604974125,-0.02948899548573536
357.1917780258014,0.16203118658518179
390.4784094144561,0.0038201296384841044
370.9679751290669,0.06633015222610084
363.38639862559614,-0.03994316522584995
352.6823475970762,-0.294395535264357
352.6823475970762,0.3459877671840559
339.1051493185289,-0.36729399256046236
349.4330637827913,0.31553048644911996
376.2277248436659,0.4375583417047437
345.4491725949468,-0.593244659195193
379.4163572546539,0.6362650027781456
389.45538069173585,-0.4012257537183359
355.32798239495395,-0.09141843823670115
349.3206564031424,0.21337090831889327
339.34916281974415,0.026936874876355432
334.599948635747,-0.12059012453551077
334.599948635747,0.9613630855831161
338.54087490836986,0.24038829972312215
329.22040025342477,-0.37069525022229755
341.2485034116692,0.650990978358891
358.5015346704786,0.0591070615037097
376.7564275279883,0.4025800608586678
368.0757832172127,-0.1348858767710226
368.83419436155873,0.0024197295610974834
368.83419436155873,0.4414407697840943
401.68679926324955,0.4990272091008592
402.84171497863605,-0.5753301886578583
424.0338589312252,0.16491799582217936
387.9296974551905,-0.3487557798129046
379.89244369852935,0.6227093167823341
381.1380726391801,-0.1734509809255087
374.4938363183398,-0.02287613062503624
374.86867686859296,-0.09526397507920592
374.86867686859296,0.25852148019203014
356.2531632909006,-0.19926183706820666
356.2531632909006,0.3128796260659783
340.50313563579437,0.008594069636274071
339.5015923576636,0.04577533502049391
334.9074800650173,0.22707922899189725
348.35782720577345,-0.3176155710045805
336.04440213341536,-0.4737571122921054
357.5435117064799,0.5798137956596747
357.5435117064799,0.4778299487318236
371.23865539099523,0.42219485230737064
348.32125328297025,-0.3820137252647555
342.74135062202737,0.13304530264690584
350.99553311116995,0.0241169415925242
345.034949950122,0.027084467725444483
345.034949950122,0.2629982751506077
348.9396145809283,0.07943609139817909
356.5310820046354,-0.12209893097860913
344.64971978209365,0.10817875679890676
390.0503335663297,0.4409928609236431
363.75077166889173,-0.41041161635587287
385.43690778623267,0.22716859394176936
391.0857769460788,0.17059342916934384
379.08293850501457,-0.07457146206661491
386.8200781932458,-0.19073816687068756
359.8730452501129,-0.367399325688325
359.8730452501129,0.655018978768112
368.908705244715,0.34087201189413463
385.4141138511201,-0.09868470497644921
368.981034945412,-0.24448882858951038
345.98288612299774,-0.027946494167963465
341.2299953654067,0.054367061716902754
354.53660608467914,0.00206586400327069
344.9873049692338,0.08142364630202792
354.1537398999009,0.020597472117742655
360.7303644566714,0.05808013994681005
319.94241242446145,-0.8444916688888497
319.94241242446145,0.8319509607420059
310.67381428100407,0.16876349587630557
328.20010155335893,0.1539414083056272
325.4988608740625,-0.10921184854760213
319.88264299435195,0.03389902626554431
322.8385278702791,-0.007183156837186289
358.9880819432183,0.33280599171143876
337.92793784271316,-0.269669700111308
351.85252690353053,0.17531856975222126
389.6733268163612,0.5015766444379324
342.2003272785251,-0.5323824470356158
353.894063990286,0.0855520958739362
328.3671198847447,-0.3711470605692284
328.3671198847447,0.3908818161851286
322.1396202066201,0.05315299245535243
326.11359259078665,0.10562780101224689
356.8499839084017,0.1963751519735979
330.26732793427533,-0.14773592662254487
320.12316366980616,-0.6498399316706127
301.3146259002521,-0.15984946195317207
328.5085277447303,0.3625967090586073
323.8188548731132,-0.02301584827841907
323.01213690365427,-0.1601331471663343
363.36509029297224,0.6507595434800351
319.93330116653516,-0.7421171926561101
321.94503377784423,0.21450787863705045
339.2452507224433,0.1336637984884419
325.3587639240876,0.11609378119817393
326.1921979941703,-0.055382162942805735
346.25188667922157,-0.10395663431779667
335.3031701642343,0.07139274486860359
339.1517140586995,0.5148267892988088
288.0607830418511,-0.6229407055459433
321.25272606841463,0.09733538857642543
326.02396925635725,-0.027667923778608383
326.02396925635725,0.24520908892588977
337.596338726706,0.4313054049487164
348.6696352064818,0.09424697402823767
331.75084080287917,-0.2079557546178421
315.2812110711813,-0.228088142306774
349.5253210287564,0.6357722498861449
322.60704861702334,-0.3011969540283417
322.60704861702334,0.24641403220311986
313.6749958041475,-0.12783549496975866
335.6066840467435,0.31788254563377905
335.6066840467435,0.16787532321257004
335.6066840467435,0.35973406703374167
334.8061786933929,-0.25334900924258363
334.8061786933929,0.27644978529178843
334.8061786933929,0.3667809638053541
356.65154229260105,0.5776251296683768
356.65154229260105,0.3889484331668882
343.33964757880227,-0.39529209131490006
349.07981249809654,-0.2488146826249249
334.5106360199752,-0.1501342316253158
334.5106360199752,0.19222911244651186
339.7992197794964,-0.1107037300976117
339.7992197794964,0.32262207987605507
333.9664183038977,-0.2723608049872155
333.9664183038977,0.05478032401447308
354.83393830335507,0.768310837269155
341.9481134263342,-0.17358839858161446
316.53935717768803,-0.2636041568857763
307.5323785358757,-0.08704637615414867
323.3696617187952,0.1798805064527187
318.12933584309104,-0.25788704074136604
320.0115909302198,-0.47945688424283617
320.0115909302198,0.46487684180124234
320.0115909302198,0.5374718045826512
352.5861776674304,0.3456781407874132
358.2261206082624,-0.24483609396747852
359.17006271704304,0.24670114810510313
362.5573386882393,0.11401869217183958
383.9412219350858,0.006652161926012923
384.6468269996662,0.2970107270175504
367.40287991995376,-0.20110014352189864
358.1020900387683,-0.25946896803998243
365.061868243065,-0.017171753369780163
365.061868243065,0.3953636140577146
345.47252264391864,0.10578022886124927
324.21885395454603,-0.3055800160941544
324.21885395454603,0.23923657837417522
324.21885395454603,0.3217374374346491
319.2060164625812,-0.13104490576904482
319.2060164625812,0.2764345797211263
319.2060164625812,0.7161503575871393
342.8110778494518,0.37926070243293
342.8110778494518,0.6095987327704506
323.96615050306593,-0.04905742072855901
346.50547892675377,0.5760790308763717
308.9978222410689,-0.4568896413989023
332.84234133087836,0.20948017263208385
317.36591875183336,-0.19246530469115442
317.36591875183336,0.39746055013551995
341.12611701945974,0.20594424683918078
349.27727284368723,0.09844709885908287
351.07502711701153,0.10506823728542258
313.58561514869143,-0.7149034473508209
313.58561514869143,0.4179294196776482
345.23669135034777,0.3853709020803535
322.87788553895206,-0.14387836095602324
334.25810441672,0.07139970759180869
321.7654626753402,-0.07464516297284263
341.78177654048505,0.36584185435435757
341.78177654048505,0.4251640678704689
363.1532945276092,0.21413885117999598
344.65171100233255,-0.2843043882526217
333.5190037360497,0.03114001512494724
383.7595170970547,0.40022282900895334
350.382769506257,-0.838375611037236
340.4223543277035,-0.07257734525637716
348.74906118106355,0.03696468085945526
336.812616045721,0.057413908664784685
359.2299636029586,0.2219686584160172
362.00264590590075,-0.49207862593732443
370.1454597230975,0.516764694622907
391.5601607159534,0.12647922221572117
380.15745804679165,-0.3875542841708466
374.13798498704705,-0.16583269751845364
387.2086564170994,-0.002115257069362997
357.00979809244535,-0.3195249880886877
358.1093404792228,0.2771703800058276
342.6540619963747,-0.0918748658353934
354.355879002437,0.11992738728281438
306.78318488939334,-0.5061568692028686
375.156677567798,0.664905373630063
361.79555256502516,-0.06973989738230557
361.79555256502516,0.5230111895855316
371.45051014032566,0.003582911824423718
341.72678871010334,-0.24460274233615564
347.7034528986589,0.09872994376121369
335.58122847334147,0.18765668714604544
337.8027472434299,0.1417132215078709
312.8008205255454,-0.5331030646469799
325.17229412338617,0.07120287220800492
348.4368017570493,0.35285676407534083
323.6751561626878,-0.2561858891012889
319.1618972868257,-0.3152479689830443
319.1618972868257,0.46494616515030884
321.75368337710296,0.24558931468902756
321.75368337710296,0.10194820622268708
356.40530692262007,0.2152507319990491
354.4449612604647,0.2229606043243848
338.6431878165847,-0.5902408543912543
341.67941845270997,0.344668599945976
322.96864759388586,-0.08289218672382503
334.7899964605816,0.17566596924746136
334.7899964605816,0.4371055527832368
334.7899964605816,0.4839454663616607
336.7225834838241,-0.14319128626129896
348.43092812270004,0.21124463013370587
335.3241362639303,-0.3267910900053721
334.5230516414892,-0.11211467701980382
348.86379870067316,0.5294110941388226
348.86379870067316,0.27334315184680236
364.6609783000791,-0.231017382169739
368.2607591501394,0.09447418884167291
374.29437909474575,0.08313348462866088
366.9807586269231,-0.35857953354548044
343.3354701833354,-0.00971545215770675
343.3354701833354,0.3715681763728753
379.5782793045106,0.3368842502593452
366.3610719502346,0.11664384005644024
353.565048602677,-0.2894809020174307
349.6231405049347,0.22339326533574422
359.6103454491188,-0.016651956521855027
359.6103454491188,0.5623021940880335
355.0477453888776,0.22766181987503842
362.29750392132263,-0.038679776316826064
367.9364449141639,-0.1156218723016309
371.8148902852288,0.19293039176830007
347.70502893556136,-0.18192192456490375
344.59296272136584,0.28447140160392337
319.2472349401477,-0.4628663888842084
319.2472349401477,0.600558380194343
340.6180710706568,0.025586163078401114
330.8278291239017,-0.2718996628588002
330.8278291239017,0.3228280475888141
300.33582841945406,-0.2822243915566105
300.33582841945406,0.5077430286145272
329.4004308004368,0.41590910795525815
335.87046006134983,0.14786991225685142
350.12876949844446,-0.07664918343448335
350.12876949844446,0.7142779906095029
389.17638514760665,0.5314330311706499
376.8576774497914,-0.4742980112787336
380.2933966333705,-0.09837651731595543
375.01938093922564,-0.11807533361889
375.01938093922564,0.5626073818555142
376.08991030627124,-0.2833525433647992
350.13364509713006,0.03489875074046722
352.24959875728166,-0.2734794111803467
382.40716522086404,0.6636425909293848
388.8853313797805,0.16118181807030396
357.429930813189,-0.5540906222844342
352.2646779098363,-0.1513497281648597
336.1174406818717,-0.026946256500991694
379.388178650632,0.1900811895059178
343.31474046184826,-0.5228116057718353
343.31474046184826,0.3545971331828923
340.93993423371023,-0.2012812449630701
340.93993423371023,0.3086514297217491
349.83182675924337,0.04635404921555164
381.76665514036324,0.4781322001471153
378.56882172208526,-0.14788928123562073
375.4475792897979,0.12886102943207334
365.54638629890053,-0.21392455116597375
303.0088492812315,-0.6523286166839171
316.8765522225986,0.014104308224204942
347.2265125548161,0.447656120218312
372.93305441832723,0.26750562824213375
360.0288372771388,-0.03258740860292164
365.92678457459755,0.061001296826361795
371.1999589992687,0.08046486908415318
377.1709794513128,0.10696701850542922
355.20968864190985,-0.38583217238203815
349.6417302777207,-0.3906099575265216
334.4602523231431,-0.05914142326264482
334.4602523231431,0.27970438669171926
358.76508252305354,0.22897837514335606
358.76508252305354,0.2416630546572378
347.3264450762091,-0.12775327783060675
339.645511375918,0.08871380187633804
320.30550269122745,-0.422375230214584
356.41758710555416,0.4707133666319123
375.0509795580367,0.21490473444930558
378.6708062841077,0.26386287687046206
354.20424176100556,-0.55233856953339
365.32918894177305,0.43990743744109295
357.2182924711376,-0.014216237883488247
372.7451115845204,0.16550292686952162
383.2822638056824,0.3642390545795706
381.83431185005384,-0.11142559680320119
385.0153989819087,0.30774017629812533
339.85145297179446,-0.82547992766888
344.08201058856264,-0.0028881974549221923
356.90341133362307,0.22828548204120125
356.90341133362307,0.15471662791935614
353.3500937680881,-0.2732396628355218
354.2158864200934,-0.5984114065267931
343.6689452300481,0.08472359745258018
357.6747842973338,0.2695083432604406
347.32142614516187,-0.29790897710540776
348.96269538269803,-0.01906906160706967
338.50910963566014,-0.2745370261752669
338.50910963566014,0.8173673592956447
350.78647035280704,0.10642756042886958
329.0093862115612,-0.05238537092338902
351.8868797666902,0.16697083322969775
351.8868797666902,0.3431723823522361
351.8868797666902,0.44705734103047234
330.3033175178966,-0.07976966177318445
373.17513008800285,0.6623486361701225
354.8469703202339,-0.14542370796891646
321.57938722833705,-0.5716777409728593
335.09575039779406,0.023876845818563197
342.84618313729203,0.20947682722851368
357.7068681174172,0.24014395058338778
372.6251325225478,0.17022819332157724
375.9235877265729,-0.0697988957990674
380.5187094685954,0.17361464966199947
373.61952240892765,-0.04307315180574278
355.02511370617,-0.25185462132594694
355.02511370617,0.15968841439553216
359.11166843663995,-0.08423100553386575
358.333593626691,0.5703989610567533
358.3768441768955,-0.2538092619051895
362.21527753362557,-0.11072607224366493
354.28128056988203,-0.027751426944178093
320.40172550440786,-0.4774715921909092
349.3768545148718,0.2168454154259507
349.3768545148718,0.4180186376462416
331.7017087810252,0.08664146031594555
331.7017087810252,0.13994946756122317
350.0405636032874,0.06753562019252968
337.8713795171194,-0.4429717275108942
322.4825387667938,0.28763136843554094
333.7192782418436,0.026980477949905435
333.7192782418436,0.4271123430098669
333.7192782418436,0.6881335594555367
338.325988002763,0.319359316213081
338.325988002763,0.36380644351743285
343.5531146191395,0.3006011342088186
364.4231552790475,0.3815614133678764
351.21286062659436,-0.5395792451402031
357.16384165746564,0.08821152367227114
345.120251224477,-0.14957539468969117
356.72797979711305,0.3704656833832587
356.72797979711305,0.051890482236217395
351.41303704079263,0.19896687658581413
353.7294297064474,-0.08375010625957202
319.76673615337995,-0.7589929551136265
319.76673615337995,0.17019228702804412
319.76673615337995,0.6930647462598927
330.1823763360309,0.10326849727846366
337.7276518608619,0.19191130625381447
337.7276518608619,0.4391912472021886
337.7276518608619,0.48035994031101836
334.8283227186972,-0.02361173414010409
309.4589612610107,-0.07045906030668903
335.36575197070255,0.29510574965286196
346.1010527606598,0.16611130358819537
376.2946178070723,0.7801818971760213
391.83274969359286,-0.08396010683236454
382.9595107765714,-0.37108417983552044
382.9595107765714,0.22342315313858307
354.77975408973305,-0.31288733385986234
331.3873913368033,0.011503490647669423
331.648601892372,-0.06291677988906486
373.785890419187,0.8751527364305502
340.093076998557,-0.7837791921465396
335.2117034835562,0.03042840384205192
335.2117034835562,0.4594322749492221
322.4652939042602,-0.14980115275648132
343.90394653360977,0.40902722763462407
351.03128177902016,0.016605656434990124
367.7442573997347,-0.16936349991578936
357.3829917624678,0.0344167495735519
357.27210693125164,0.0033917982427738025
357.27210693125164,0.5121545799889873
343.2203685693747,0.1664280111996277
346.8946307839417,-0.11479743765141848
345.9661610827308,-0.17506607802999952
360.7782461229503,0.2801001119398734
367.3977203725599,-0.1479309773244495
337.12702110824597,-0.3636005544243517
367.9304928319859,0.1307738365030673
325.78944484145586,-0.38916678775899527
352.82697261708506,0.40402291150735437
367.73226778267633,-0.12259810230227686
334.9169431405918,-0.34139236528540096
334.9169431405918,0.21484880656919358
334.9246426711059,-0.04636373553660178
338.64402850667614,0.22722757115604963
352.3969138396878,-0.1528545709846867
349.34099379859794,0.009901249803419887
353.0444531542869,0.03098668438065033
362.38416800698093,0.42930539313238114
362.38416800698093,0.12527133882713315
380.9194294217622,0.1737251179138184
372.4897146570427,-0.23974081189476237
352.12724328556317,0.31095379814632906
352.12724328556317,0.1485969673432237
367.3233662756845,0.10057941360810219
361.5335849898587,-0.15173876954554544
322.61550979737154,-0.40333222094579924
348.1493503773712,0.07709019454750887
348.1493503773712,0.28591051129592415
323.076779157104,-0.45242100844961897
323.076779157104,0.3686780425972529
334.74353748821693,0.06359330490943194
356.8528563723091,-0.27886270814951786
373.4061210434329,0.355404272771807
396.55512186931503,0.571205329316399
396.55512186931503,0.3769385291816434
363.38200985115935,-0.5655501278251904
363.0925291814997,0.1776269203026004
363.0925291814997,0.17302789570817367
369.74302033241224,0.2863569604078293
337.45517544506305,-0.482310257281938
337.63574637384346,-0.013173444257517986
337.2449830911586,-0.21738385317462416
337.2449830911586,0.443667692644226
331.2817222492225,0.4013229385712975
347.2762780810004,-0.19584634490968256
351.5066492954221,0.18203486680363312
374.08129170717297,0.4393655392208302
358.39860685986906,-0.3365043133213703
341.51572266491365,-0.32443948827994973
346.8377644042993,0.14535737090727707
364.34060408617347,0.012559837419189535
366.57029405257344,-0.014466447052654985
397.254317957141,0.219888153969805
378.31979704899396,-0.45314153927245115
387.12631380682393,0.2752922687500359
375.2876201238542,-0.0702650870061916
344.31904100418393,-0.6959155960873886
328.68251597365577,-0.31266120455165947
337.4958834959242,0.08329603553750076
376.2591360163208,0.3578974340664445
370.41623740288617,-0.09905524920134212
341.726380293406,-0.2986594540478791
341.726380293406,0.2817598644943473
354.579909122792,0.18689151516252878
336.19832786873695,-0.1665420541075946
326.8363234682131,-0.06699284095589064
326.8363234682131,0.38468002560864534
335.6732001451713,0.10199705533386805
350.61314223446027,0.3529858511766406
364.85948118301934,0.11923913549571807
364.85948118301934,0.4008432867215106
345.43867004496855,0.11238128852232876
336.92176086424786,-0.3542193514392693
336.1665036998034,0.1091641736186375
352.3337601633409,0.17169578956554687
352.3337601633409,0.24191469214292738
352.3337601633409,0.4111820421063612
350.8903910647887,-0.11793069286159152
359.0331826684453,-0.00471790570372832
353.0544353407237,0.18465049741882922
343.2994261609891,-0.40472832176772044
343.2994261609891,0.22981912630507395
382.8678354955348,0.5030555378958752
382.8678354955348,0.054619076498511276
395.59357596413395,0.3006283570462074
378.8512332941815,-0.1520674526975654
364.68493424400026,-0.055127392603480985
350.9114477592508,-0.2698698440684666
374.0875724901816,0.33549977520772245
401.1613542224543,0.24859390603512566
401.1613542224543,0.14019628072128398
381.36660628473106,-0.2101139489794832
379.00612839878556,0.3316296847876856
360.0660106452454,0.09534277919249234
374.1401044064766,0.16697897797052974
344.9707082188711,-0.47641770196446487
361.0309102359516,0.11479392424223533
395.8288490844556,0.4883115985811628
382.1449355127273,-0.010353285656606204
371.22880357699484,0.2329229426765096
346.7304394124396,-0.20404492102738914
351.7201121057948,0.07074227031421287
334.0337330852071,-0.05770419696398221
334.0337330852071,0.18358556436805884
334.0337330852071,0.19860210700721836
365.2277339305874,0.014093437425458433
337.31165996610594,-0.31515065813073306
360.4034910804721,0.3478934520317125
328.9082047638255,-0.7926363499146873
355.44856080750515,0.42432887626682714
340.88097632499176,-0.10319537801990464
373.801855888587,0.06517555992672897
375.1762103707365,0.40493801529930806
379.6827824062181,-0.07892810426653796
378.4050856106291,0.011751824750149353
382.4576310062818,0.42964570437629845
372.7503780574804,0.030086343295806728
350.8963588818696,-0.2828587458052425
373.103654046857,0.227236531882113
363.680973582978,-0.11735715449026429
327.8440620922471,-0.08129191750708742
334.2688163024741,-0.002854283589044826
326.93894862702376,-0.4385133298528672
320.05905650986386,0.05110586497607983
320.05905650986386,0.4746870267149461
315.6295531340446,0.008843687859780403
321.4894157974603,-0.053418953678487924
362.21816088622614,0.39013762923991635
379.89824959690526,0.3582118540130068
356.8774133367312,-0.33754536287869996
356.8774133367312,0.6525291399841535
359.6284076159907,0.12465216930934275
362.57940194285015,-0.05490556420818393
322.6956935522256,-0.4637388104349611
335.62421617964844,-0.11867133025555177
348.5211145179149,0.18678593443871705
349.99927837007573,0.07720780113481851
349.99927837007573,0.23648734610924294
352.4430151671397,0.09182861253145802
352.4430151671397,0.3842064192011776
361.13331258468617,0.031080301263614274
352.899676822976,-0.08957331279725622
360.2165215113272,0.03441495268475592
370.12298718144007,-0.09067137737793018
350.28556012079997,-0.49570061275824173
374.6454051679827,0.2509105288241926
368.27288861755324,0.13979469078344664
380.6693708256077,-0.0052067819874537236
369.1444701330214,-0.19319552939236928
357.3150379095277,-0.09754266993741112
357.3150379095277,0.31432569791820697
357.3150379095277,0.19208985958448466
367.97498585897813,0.27859679105472424
348.62636354877856,-0.29352205502198103
388.9283104455082,0.3487216170058218
367.6350268298277,-0.31562628073584165
367.6350268298277,0.26266327396251654
347.49011846113024,-0.34007465436195616
360.05998390439294,0.27634970202598197
348.6675275334456,-0.3761343678512503
382.88680488871023,1.0318140866626209
402.0604342900357,-0.042672022564033796
397.6305985712564,0.0922730969911072
374.01736821791434,-0.31450375127235475
406.7105901845966,0.5433988829672671
410.08920141607786,-0.04731686563900439
386.6200999696179,-0.06270594949069164
345.78394058847493,-0.6692146820250855
354.7927305574467,-0.004575484579731892
402.4486873461451,0.5224244686422708
379.0856173890607,-0.12893621570697178
368.23649842461845,-0.06476936233866581
359.2675799849802,-0.3094854142376562
354.33377248359113,0.20991225170632788
363.50753675074697,-0.21791161736814502
361.3338527941984,0.11810482229145691
335.58939560014227,-0.14537323450372241
335.72939063032896,-0.059704989855617896
374.87905255113463,0.5083442129484865
384.733643351838,-0.05910416114306827
390.8768355154082,0.3818401159478526
383.2046276503556,-0.26499428272677505
358.4773472343651,-0.5333909615583252
348.55393901852705,-0.14861294990475926
353.0631888372468,0.3732728749424723
334.2490914849684,-0.6467161501899454
352.7478953575366,0.4630742536769503
329.61327279219086,-0.26408146880544336
329.61327279219086,0.8088303748497765
341.41321665720045,0.12010183197969582
342.49793029767835,0.3408755032581894
321.86255813074865,-0.6270989384101995
321.86255813074865,0.48642511669436317
321.86255813074865,0.7885217753216693
339.6937596033963,0.49942294343168214
339.6937596033963,0.32708659522631933
339.23301121937527,-0.0922501714289865
351.625204317477,0.09437383749411765
358.0620751391722,0.33603203453708375
351.49228149720966,-0.4080035320224624
364.69605005874894,0.008406500761338975
360.1545601805839,0.05828005274770476
341.54109094290726,-0.301158932072326
334.11999387175564,-0.319159648937557
301.8438292238512,-0.07160401699809427
352.8627118671663,0.9475882043745969
343.1727997265955,-0.10445949785014363
345.0154700318369,-0.34984116738758075
345.0154700318369,0.24607791502603504
336.8520724551958,0.1998145796708286
342.4486599872605,-0.19503056807752728
361.02974704450935,-0.0061772856234938445
375.05992182897234,0.4437342488604372
391.87112173028623,0.18247103639987472
363.70370504603653,-0.20187626112669932
358.23357430574924,-0.005186174890695838
366.8277750398049,-0.1955432108657078
373.9516174043046,0.17711197795279077
380.23262485142527,-0.07205621465209333
375.2349833126349,0.051905780091374254
345.79677756948837,-0.4169910691497307
362.2288416839483,0.01731755791172418
375.22789692330247,0.09173734525768396
375.22789692330247,0.39284955804942
346.92232168276564,-0.24925768473485732
349.37125672062086,0.39763141588503004
349.8562947137937,-0.23914967091729977
340.7339986408287,0.11331773590677585
348.01983192622663,0.38396020139816756
357.9842281154187,0.18796770235553595
324.4131822804984,-0.6353151324329929
334.3459012070769,-0.3676208967299317
333.0925231694905,0.25787510372560973
320.8378919265776,-0.10496768323616834
320.8378919265776,0.4558941011812294
317.50210852565755,0.11214772962148345
335.2312275193715,0.20368650814486955
346.01091224423277,0.1744049573921984
356.0192604905731,0.09941280422913223
338.3570249848248,-0.21264260319833284
339.48030127109365,0.21845018951307793
321.253575320794,-0.2913196899016839
321.253575320794,0.5574934835290151
323.9882348355295,-0.0450011191012436
312.91246880276515,-0.22404922984640052
344.2808633884052,0.27075371260741576
330.197254345829,-0.05788211544586375
339.9933382498857,0.06404613735207931
340.73519176437156,-0.039407286207392644
382.6995208772198,0.5159195923256448
370.3351233273995,-0.2796615199860071
375.80166264811754,0.042168851668748175
375.33425226411157,-0.1853405359051976
383.44708236739564,0.41313270358637055
378.32043514051963,-0.503888449249871
378.32043514051963,0.7243055170774824
385.7934471418659,0.22980562183806796
357.6347987789408,-0.3385641653121638
371.34708041356765,0.16484967345559198
375.72950392020783,0.027190671236780872
361.4975727938832,-0.43875938802739256
339.6301474526888,-0.21641067098323674
339.6301474526888,0.9149192106964392
339.6301474526888,0.6634116842596995
339.62446296415993,0.3713382327294994
332.14999266777124,-0.013857907008059556
332.14999266777124,0.25844449658927715
329.07970886901603,-0.28688802297381244
335.93089486805206,0.2634632230681291
329.4331668022819,-0.3552976181881604
307.2187733884108,-0.2672448472276301
310.5211858132475,0.35696930677954697
317.9707609879618,-0.10771686797727398
342.5451779088998,0.20334504781840224
358.0999056460158,0.33371848596368636
351.85025340424676,0.17155076359676968
354.3565564457913,-0.003319340824646133
363.14532818159523,0.11895042675973855
356.73579125700036,0.1682845980295724
372.52072302358147,0.15134763898265646
382.14778632653,-0.15862210201157723
371.0915271866834,0.5286416439824961
350.979336651846,-0.43793420632380275
358.8811358473641,-0.0926258874621908
342.01681590056546,-0.10932570065131131
335.2172523884006,-0.3215365022272181
343.4778997456097,0.08095700100625436
340.5226051946126,0.38405653771633297
307.4638935721874,-0.2951582856942423
307.4638935721874,0.28868666098981066
327.09842698673,0.23810736974678548
348.06043953589494,0.5605477049327874
390.2054039753125,0.3071522283746617
383.3596474604404,0.03801186618272823
379.03351680995564,-0.23397381300185316
346.70546788681077,-0.15920957310822814
316.77879286213494,-0.9856558932458483
316.77879286213494,0.6397708263206141
331.7308638091888,0.5350723470985486
346.7119680598342,0.4512381717562448
316.2594598089866,-0.5264094632009346
338.3374451203666,0.11574236842966457
346.5289240474594,-0.03777042233298289
355.1307152205323,0.09322078908951426
355.1307152205323,0.39387486974601416
381.2501005012731,0.3815223006482711
379.87744397415526,-0.26299277492398687
381.3905842277916,0.04607113558529363
375.6908395590285,-0.03936935076433201
398.95407344162305,0.09141157938609012
368.8566479171548,-0.3416129370763201
368.8566479171548,0.4413588837495581
378.6685993352515,0.3676079852100429
380.32327051523447,0.2889882966668438
369.36235361276425,-0.3943881679942933
375.0849597788638,0.3280247324980792
366.8868218736041,-0.4226253872554935
383.93009799079755,0.04047944930266567
349.98138893351216,-0.28756655399308784
363.475712727499,0.5640023558771645
357.378732740448,-0.23433487812849307
349.74670088636105,-0.004534192219693978
324.87752297496087,-0.42585809418358167
364.4890085096853,0.31084018833371374
373.06199059119086,0.15194054258370215
352.25009686300655,-0.2875083881302771
325.79618244318976,-0.4239964060551529
326.83597718903906,-0.04963552313336095
337.9990913435405,0.32331264577135244
340.1881045845735,0.15884236387830697
343.4152141992484,-0.00010344651468585653
322.93612437508995,-0.30431680977085307
366.7845313894363,0.8222605130926013
358.3624655518958,-0.07440379113722884
331.49829752847114,0.10581975859349768
331.49829752847114,0.5763407830995675
370.34240152179717,0.14219013151296167
388.75064692876816,0.09966708902538812
346.9600582996672,-0.17639827940411124
343.6132482901114,0.23288837147742925
369.7956767926663,0.21963941881779192
370.70890329238756,-0.0027186484223875595
370.70890329238756,0.09157798337764689
353.53314538194115,-0.3001086794627099
373.1900552671178,0.17462236235326145
376.908880179258,-0.0341760326379017
379.4429546361767,0.199023028450938
383.32924749702147,-0.033127944513353214
358.01792149109474,-0.5707165966313141
393.23745404314747,0.6240511095139709
384.5505992855656,-0.20105617865237946
317.64779170561343,-0.9874686748797785
327.19012350433,-0.08055902010505633
327.19012350433,0.3905053372269549
333.4421441913318,0.470904318832595
351.63079693623905,0.42513647092732754
365.866471843983,-0.000205970689876267
389.9370100225686,0.24401837450454877
351.78262716071123,-0.18235697361183156
328.7308997477177,-0.6080935517645685
328.7308997477177,0.6951812878924102
328.7308997477177,0.1547309282163951
345.3727827571387,0.19581615089089155
359.908781474421,0.35576675604352204
375.2946147406023,0.25936322672623646
375.2946147406023,0.24448018263205995
375.436825313802,-0.21710240617915133
370.9459082011742,-0.1451100790992541
375.4190969260801,0.09123850473201855
350.60707227896796,-0.15906719054351015
352.25929079148415,-0.16654564287978246
344.6454322662855,0.22836715606058533
344.6454322662855,0.1548217617392993
373.79811791322,0.10778854025829787
348.47998687407454,-0.03661760929196589
387.01774667038137,0.3950541578053617
358.61778010036875,-0.3855727088365484
344.47600442625776,0.016190814981200674
352.43825441577354,0.22339890009970986
341.30074772752954,-0.15544416942657335
331.15304458009814,-0.12702631722027036
350.8095949131863,0.3193376594348365
341.0569225722371,-0.003418082920688903
332.0948557438678,0.11234225927137231
318.2169107404756,-0.3167111730689385
295.3203031640485,-0.10597693108115891
295.3203031640485,0.45497808110212645
328.8968788623775,0.35299546844566976
301.86657732796124,-0.1240394489893788
314.7220603375934,0.17805218199123374
314.7220603375934,0.1791943445123252
319.0388359702522,-0.004665427462896332
299.6997118727513,-0.028804912419218454
325.69121134450955,0.6164170733342189
328.30657904578476,-0.024269966600513726
340.10512054518784,0.30488745885918433
355.1403180909899,-0.04895723870549773
355.575434390583,0.17178340921964264
358.16210262987676,0.35837906000779185
347.1164679201842,-0.17240437075270165
371.22960425773783,0.25249013190398273
372.5068115254017,-0.168492894531596
347.697435958195,-0.3151285333967735
342.63621756677895,-0.10937352898929475
356.58038373594394,0.32346539847389977
356.58038373594394,0.9833157274215409
356.58038373594394,0.44832945776602173
349.84505293721037,-0.11377662106735897
346.2359932654942,-0.11879868912967595
348.92241002193293,0.06710905434169945
372.46614928029385,0.2978943366393878
374.30055344067006,-0.009982257296087482
378.6438234802639,0.2675701927691989
384.0760621936438,0.2204806258738472
365.6468609144699,-0.12232923362694237
333.67299091602,-0.3562664837393186
341.58535533651593,0.03259971964723718
360.1326832694228,0.3135475664820433
360.1326832694228,0.29258376226221117
355.92272954936135,0.13835114153152972
369.63645612876303,0.46637020704565657
351.91533199734516,-0.18572205318650958
335.29029114648864,-0.2767820370333993
360.7161201871185,0.07167859422213496
353.4462456063675,-0.03160343181639291
361.07394288611306,0.3219198091915132
380.8389575697011,0.06756177203715197
325.3441411760392,-0.37842315611180766
339.1449396116867,-0.06440889576629161
312.8827571037727,-0.20597700019516196
312.8827571037727,0.41204706685243764
312.8827571037727,0.8010136369583734
312.8827571037727,0.8670715222201579
338.14901587087775,0.49915324808534933
330.73085925533013,-0.06496767978035223
309.3362288577831,-0.2444046080879616
331.08134007388486,0.15475139923671577
355.1128228287191,0.1764341754517318
340.1114294018963,-0.19705828397013647
306.196824740467,-0.17274673752558556
359.4101478550136,0.7722956990058947
352.6595171928365,-0.36324246240997127
352.6595171928365,0.40530964438062256
334.6509590842841,-0.24588485047183894
330.62206090252675,-0.10359017508631041
353.56922819472265,0.28520947142499153
353.56922819472265,0.24445907697031544
356.0984456037496,-0.3423102412883736
351.2060334762023,0.5192821392172391
346.9608335412361,-0.3689085272410466
374.1773432455791,0.2694720291199246
335.92511301630526,-0.2866773298467251
325.7927353266977,0.006416204140350601
336.76400613092574,0.18127268397540774
332.6520265642952,0.05261712571791577
373.46845545794537,0.5368613962289146
340.4542065688776,-0.16830353369869044
318.9567529697271,-0.3191606608747861
345.3150192648342,-0.08728641422135297
340.7333917007887,-0.016703948289546133
368.1679495191766,0.41860033125772134
368.1679495191766,0.8050171000909359
368.1679495191766,0.34012442428513623
334.56558668051747,0.04561838981032906
326.31958030058615,-0.3282392137713259
335.7070855443162,0.10015380733852908
362.38654239357163,0.5089042212878212
362.3707904277806,-0.018915157119749892
360.58372134710214,-0.23797371397222378
332.32288299227145,-0.38731423009289756
326.56066064035804,0.1586885252150978
335.28839779473776,0.0463412610222349
335.80571124673935,-0.006833113122752366
331.4618201962616,-0.41174573389355373
306.74585015207373,-0.111317303262922
328.9642637072546,0.20960296114253651
331.807231373223,0.1447667132136985
338.5716780615737,0.14166711295831647
308.5698546814052,-0.2857230618919857
313.15446053320494,-0.1715638290145307
339.9969679729347,0.6962239759966451
333.56546288722853,-0.4118376577964682
321.5761803764598,-0.10239198463636967
352.3755430152674,0.18108205873068073
348.51652398609843,0.20069119719437367
345.1946972202842,-0.2125983197037158
338.8778880952468,-0.34032928095848547
348.1848074843131,0.1461644078746076
365.1900088417859,0.09771086267005558
359.6350674110191,0.06576557902235436
359.19877328474,0.11941621352332277
387.50733989304257,0.5076104722037371
374.00547011274574,-0.21364613601735982
392.9433154072922,-0.14078315954861864
356.08630123203613,-0.21775909248219705
351.7247453112594,-0.2227731908617443
368.98805247330654,0.24791031627125903
367.6099238395833,-0.5416212047957742
367.6099238395833,0.6583579111405697
378.75737388728396,0.2723724571441153
367.6785005429567,-0.2661879490071897
357.62637787866987,0.2030555498507738
361.82951661384135,0.1489809820316168
354.53381377457686,-0.1348567772001843
313.252217398238,-0.4012181884229449
313.252217398238,0.16167345958751866
345.72180022206464,0.15960515786514406
345.72180022206464,0.4399374550620223
328.3884265246649,-0.2718941032813973
327.4880383066715,-0.381506182900921
327.4880383066715,0.1047661532204529
317.89730152536106,-0.36808216967608587
317.89730152536106,0.48109945499936657
317.89730152536106,0.6401248676735349
317.89730152536106,0.6310454679547775
339.1766539938478,0.7182321759111119
340.8553199504557,0.41325365213117493
334.84181857450426,0.00028125723952143744
351.40289030834873,-0.02422007425479933
378.16121547465116,-0.03217693592591786
362.3796003340031,-0.007122480275256748
371.2442530668996,0.2077478692524437
342.72771124812965,-0.6289959067862583
365.9049842745997,0.49853977959560325
342.5276821022048,-0.5859824013211892
350.539341786947,0.1385069042264604
348.49866718626146,-0.10560434029866883
333.63759896166107,-0.15091014948689008
327.3325927540938,-0.2555207077164141
329.7866982304419,0.26394709074338607
339.50542243801044,-0.0869195849730886
296.765498608883,-0.30651080583891144
333.1015294379828,0.1854801664334218
368.22910061580376,0.2518206410475159
371.42732238495614,0.12280996028880509
362.0315263302449,-0.3557892036640169
362.0315263302449,0.3221338461614778
362.0315263302449,0.30695869424016564
340.70754757475663,-0.032289691434471024
338.70504603276163,-0.07576545434858417
337.4380431040655,0.045938821648633166
342.2672982643787,-0.049229119249957876
339.5822084953356,-0.022632520501701947
343.9187597389371,-0.11966686526920967
343.9187597389371,0.1145729337084731
373.85465589215374,0.2095039994386525
352.53663348860084,-0.17972507134356874
370.67478508731523,0.08767145137971966
386.13396573695655,0.13926532431332816
347.9699823298142,-0.1466623729040748
365.468550762069,-0.526935403077232
323.7834581027227,-0.5407368881769798
341.6775942758863,0.5457871836711092
359.55413605609766,0.2292758665536212
357.5431935048818,0.11993910293949739
355.4144726690673,-0.14637032080622703
373.9521446143785,-0.12170431453921537
347.6488957900889,-0.25945423091570774
357.9915175955532,0.025015713537641204
359.8022490583487,-0.08782704418285903
336.75240130179213,-0.41905355243068243
360.42145806110733,0.5473435290241468
354.913244058055,-0.018671934603389673
351.2761286633351,-0.3025246591632822
342.72355636320844,0.08719906188628102
352.5138355436056,0.0729613564895999
370.1427684218506,-0.102758926832621
375.6634086544508,-0.16491858816561944
358.124522123259,-0.06021635931347191
364.27468352749247,0.21507496422646
380.55386782357897,0.20939744386373604
332.3744623401367,-0.930055737677435
332.3744623401367,0.16828938639810076
351.32550268305835,0.4457055317333243
351.32550268305835,0.35888058050716154
341.50843497234195,0.3435977960028822
345.8805511164709,-0.07111502650036527
385.05962698247447,0.3402282868613611
385.05962698247447,0.24284777270099767
385.05962698247447,0.09662498755960769
380.8800121939248,-0.1919451629694322
366.7937069430965,-0.13607785094200153
399.5243009005917,0.27131619204465096
419.48203914782584,0.4045264190715443
402.2843093107687,-0.5303831863221831
411.0898969895314,0.21222668935729416
400.63029362458695,-0.2101270308792209
361.7560260318839,-0.22646883982315558
335.89755802105753,-0.2099671006551489
334.0280760832934,0.16667647009103348
336.2777389606467,-0.3979734946123017
377.21955408469347,0.4122664067002688
347.3492156075637,-0.18826707697201073
343.3827898676155,-0.2780804029060846
330.24211072190315,-0.2585060658112752
345.64960955205726,0.296624652471678
367.2485269726362,0.3107594459537495
345.75772190798364,-0.31960853191492333
366.5718531678679,0.3389535450201038
358.28833132839725,-0.2173238704153846
359.1681855110002,0.03589494263076176
343.7908430040466,-0.3865231031662688
348.6425781775247,0.16429082207412193
312.8620301373358,-0.4386033271877068
312.8620301373358,0.6543942183517402
349.62332942782183,0.3775085923241477
352.4304226168485,0.5672606490131784
378.1847801743418,-0.07064327381294788
378.3878535470839,0.12880349787155865
401.0555767785873,0.2006798820361837
376.2968859204719,-0.5235343779457935
364.2389378334335,-0.2870118508468522
364.2389378334335,0.1540945157103124
364.2389378334335,0.7237897262174329
348.8180832449711,-0.16348967942656145
341.87957381094844,0.23043001383928186
337.1744749022087,-0.2974657999093324
340.8702694504232,0.0034259932378972735
367.84941614881984,0.3322667405820994
375.2288552130124,0.13222226076084098
377.0089685930785,0.11530879030021879
392.23379913865483,-0.24866253474692712
363.81173578849655,-0.36243080741451195
362.296241995928,0.2074852056173313
354.76048835894096,-0.45083406713752083
345.1066345318764,-0.031242901282666935
335.4087058921863,0.0812404562153688
336.74668527482675,0.22311681755445534
336.74668527482675,0.32132112209876595
342.72558533756495,0.3313604869538267
327.61716869503255,-0.0484044962158805
350.56398003363665,-0.06303320584322591
338.61124438534034,-0.10940112083176246
338.61124438534034,0.5367007842789917
352.06126482371866,0.20021937122817235
374.63374837028937,0.10367931771406802
341.55212190068397,-0.27681129510847313
372.5460278623734,0.46776947612988806
386.15967228836314,0.00931025127272278
340.717235473085,-0.8823394611875983
344.31560873190597,0.06627474889637597
332.8908949450144,-0.26531019674644085
347.08563386989283,0.3350076614718773
359.9804399467814,-0.006346076006934709
359.9804399467814,0.7682324525712829
368.5914325803203,-0.17453849193827864
363.6370544284057,-0.03134495593417341
335.72983404142076,-0.10873318976518931
311.5700677947113,-0.29291385541364434
293.63323550694196,-0.3068183277812295
348.6522879180265,0.6228942120314969
362.89709627449156,0.4652839790156804
365.51591083090216,-0.13036299943371432
349.1412015171984,-0.4216731821579742
358.3292012508009,0.21402048428035414
357.52963564447623,-0.21653667312364178
382.8084674129666,0.43276475097025013
363.77815563677837,-0.10901580147731238
341.4546481663211,-0.3610622237190455
352.22645820725216,0.21068744213152968
343.35635925505545,-0.09889228728138733
343.35635925505545,0.601649211316726
332.62503991876343,-0.46447362772232736
332.62503991876343,0.29709193970302294
327.75507160876657,0.43700982736174865
374.17340686811707,0.4534195437161088
355.6254638251274,-0.35491499544968974
355.6254638251274,0.2852436258574471
330.9371571542918,-0.08653039638920745
319.50955849289267,-0.30973287533288385
304.6054513587953,-0.05048485702218386
305.4243336624651,0.16073011085575217
320.1169560798837,0.49221592066226094
333.97286673253865,-0.08259319398791831
333.97286673253865,0.4705345793468041
320.0032060241599,-0.18345533916476597
320.0032060241599,0.2591176827821755
314.54961075516195,-0.3881091161247241
328.729368152227,0.022252799743228024
368.8165154992494,0.375338351748951
349.10241380022427,-0.2676799698465402
380.5106372399841,0.36468251156702536
379.02599963076443,0.18826375116123018
359.06615046390067,0.13990893943605442
340.2428593110051,-0.13023171583824933
366.5307274118517,0.4947692285206813
327.04911771378016,-0.7488192709849955
329.17327492227906,-0.14003438545216795
296.9433382911687,-0.5050291670527258
328.44530408006705,0.2548527567053043
338.26483230793394,0.3424610357366191
352.1342392615219,0.18185040474963898
343.88219726997903,0.01776969306877163
348.22513186065186,0.055661489043700385
317.39888178657156,-0.6262727398722063
326.88689635356593,0.22535003477150894
364.9197810633857,0.43678744385647406
343.47974097204764,-0.2984085169176751
344.57922254041745,-0.07700552241954028
315.9409664819199,-0.6394792401447376
341.40078378722865,0.5996580592625378
360.61870019515015,0.40178882298835106
353.63910165707796,-0.22599141421903823
366.33434966517814,-0.29801139464188964
371.48398115249523,0.2515297758992574
375.46653240308575,-0.3330540827354298
380.36103813127806,0.7745267135906033
372.314729882301,-0.21473997400335065
389.78190071670303,0.0595503025834887
362.2350070866253,-0.5740526506300512
362.2350070866253,0.1841103579334913
383.6651373816856,0.18747833977170103
383.6651373816856,0.1325511596708111
361.27368102494796,-0.28791030752245206
364.01127383854316,-0.04452559054561789
364.92801139796745,-0.25926523047201044
348.56944024319665,-0.06346160838256765
325.1686799476929,-0.4656383696137709
342.05455743798785,0.10474415685666827
352.4811905241021,0.34067448573296133
331.8381344736119,-0.001195781873548185
338.89358760214606,-0.07388411985300536
338.89358760214606,0.1665632615653294
351.0047074731804,0.011836937052748908
324.1152368330598,-0.6399303587643317
347.8711379861842,0.5160270517080789
327.487089459593,-0.01376203327595249
333.47628097727954,-0.13440797694261164
333.47628097727954,0.36412262066198764
339.4730142062151,-0.05059905924031227
345.8626431666585,-0.029169728057695465
352.85082452136555,0.09803670871178838
337.0907470591985,-0.5966973539236733
342.30099781481016,0.21796695425189228
358.06956426158416,0.38364722012079255
353.0678828626121,-0.5299523049170602
322.2131367442002,-0.2005711508343211
339.1046980117528,0.0184939203011254
303.6167862163731,-0.22226039944530385
359.3726369422117,0.7654591517789413
334.9528013133237,-0.6661520910759009
346.0931302284788,0.30226619859979564
346.0931302284788,0.2841855674330418
379.3293362692919,0.45594202095298897
387.5295102356761,-0.05912420799688789
377.4629647638453,0.17694716779465125
370.1653163666911,0.1407607716542998
377.79746503341045,0.055095852936347
380.6978333011442,-0.03890281377107385
328.68974214896576,-0.7226372167535828
363.8434274060496,0.5064826891023131
344.1656592610283,-0.43577884678757073
353.05031398997056,0.1942147216319654
369.3922084625094,0.08413675552935729
392.842533205818,0.3262421498105823
354.3655548307875,-0.17197811457799617
354.3655548307875,0.6000807169903055
336.6719102291572,-0.27795021683232335
357.3026157269577,0.29104219700559497
383.90735707895794,0.3266839613452248
379.1038394531863,-0.1450391730904812
370.77549403541184,-0.2840915581377885
326.33726365923866,-0.5275108982124266
326.33726365923866,0.26206321298400326
315.4224395389596,-0.07369696950331672
339.6573283900081,0.3704763573099399
339.6573283900081,0.33792664539146244
336.61308391242613,-0.11104050920653208
336.61308391242613,0.8112895650635892
344.35216386674995,0.6909373105784198
364.00005620087364,-0.27364296667803956
350.0457356603175,0.002925324106854532
351.2777057015961,-0.054767775018035536
351.2777057015961,0.34670187538347363
360.84510414690436,0.03310818721047326
367.6325194332577,0.1849711434965684
372.48093461116355,0.175063959829572
362.18779175807697,-0.021059826911368873
350.35820767232667,-0.18117700635446
356.13572925400877,-0.08645616161572889
337.405327104367,-0.3216012965618802
354.185282931707,0.3389630819061722
351.55615359728324,-0.12227308903493395
327.215238337802,-0.09520344960321836
352.2718017731312,0.28119367584668
360.88387344364,-0.13863557845968444
358.750328988289,-0.036134984935188186
314.5709595413573,-0.082993866127822
325.8752920551001,0.006663860773073793
325.8752920551001,0.27865379218337694
325.8752920551001,0.5067209582225587
332.7077448876898,-0.12932333966227816
342.0426768138351,0.4124861770752659
335.12573407170464,-0.12970068624326814
367.2379529054249,0.2589200311319928
322.7889750832867,-0.17067984009281645
322.76953012141627,-0.2665884077529199
342.0061143628453,0.4614071620665072
346.5403730733151,-0.07805973074346184
322.1108130797312,-0.31822261113904915
322.7893296627414,-0.4940757005380192
322.7893296627414,0.3719319237433183
336.1723779922034,0.4930054895521607
340.20478223639105,0.013069443584527107
319.07939873808795,-0.2404446612177935
336.3117231644529,0.056759037187248396
351.3616742727798,0.10392124879467701
310.207179443447,-0.26470481491924147
310.207179443447,0.5007571870141874
347.15093866844364,0.5371987517581829
373.32156414928346,0.27952930789183483
371.25337655584354,-0.04848468237230463
370.9938871905357,-0.05168817801302339
374.2050736884228,0.08371730446117454
348.34634608692596,-0.530177675610048
356.1336827653432,0.08658010356396062
315.71995901965664,-0.4055941764997897
330.88539818168357,0.23908362129509442
316.7741777604114,-0.5283516652602884
319.1429276897687,0.055423074599275424
334.9442353349498,0.11475426912113562
367.6402628866835,0.5192762941014735
361.3869564311585,-0.47205506014984167
341.0322781987402,-0.05517620343755425
337.95748465824545,-0.539817957506898
316.11540982434843,-0.1320673748000445
307.57867651603493,-0.3870434077389291
307.57867651603493,0.5000719731806385
307.57867651603493,0.3524348366834147
319.74467645698155,0.35591238393772073
339.98559838045776,0.27035075520507235
349.0602165124162,-0.13105060137252167
360.1213890042476,0.10585098862213727
366.1902910905415,0.10940164595888291
366.1902910905415,0.3587801483054136
359.5074059421598,0.06764546827230333
359.5074059421598,0.3344277006925722
359.5074059421598,0.8361173592161322
355.42564802482457,-0.24315516771901002
352.5563365086845,0.1642961435198913
328.9805124510106,-0.17683508240793344
350.11046761037994,0.28323018813705403
350.11046761037994,0.32282522779382816
350.11046761037994,0.5190050276468128
364.5742734178592,0.3251210012941783
342.74725314143336,-0.45584797642550257
366.368996097335,-0.13435841352190891
397.5779052152996,0.682362214128716
400.3980135632485,-0.10659239509573126
396.02487564343147,0.3833673733266778
370.40174581268354,-0.2516962313568456
386.3457067849011,0.1914333997583526
360.1349977418192,-0.4152370190051897
347.34920461660647,-0.10402458178748475
344.6856461055012,0.3251125514453861
372.7273262155724,0.29827750835340794
352.94429179921354,-0.1654263894347423
339.99877703688855,-0.19156461638397104
338.9321361261501,-0.3326867255123034
359.98889009224035,0.3538970741941512
346.0365967892643,-0.27032090011107357
351.7491564174573,0.19877923247531726
330.50030850137176,-0.19717976519507374
320.9538720274503,-0.21200602288763548
310.6649760617529,0.17001769128182787
307.7170304223888,-0.02561890918445897
327.70028259653196,0.11396972307375108
356.98034216660074,0.14293219940361723
330.76906836382426,-0.3881956153638839
330.76906836382426,0.5112585179369944
330.98606962991744,0.08661325094180938
307.49510336786483,-0.520594232295025
342.34644962559247,0.6312919423444328
350.865459350273,0.1524083760459689
322.0345503051896,-0.24560405672013985
322.0345503051896,0.31410158964547463
337.5047513565458,-0.011058609023621102
297.7312955345901,-0.49451956962559507
297.7312955345901,0.4141249122849331
331.26328559207917,0.4069071821313628
321.0871884760965,-0.09444386823793138
348.5034229013098,0.3287425964567774
369.67707151188483,0.2830307460246786
336.38917310944584,-0.40512883949645584
338.2627047916867,0.06745536044229539
354.6006446428438,0.33215724256911017
354.6006446428438,0.3627479343683717
333.64707956562796,-0.31173264309177284
349.1030792012569,-0.23140958685849
363.697473103362,0.4544382447716089
329.9540561345528,-0.4423016937000739
330.5169348429944,0.30002223804058303
330.15413027846387,-0.18435975383022196
298.19367258137146,-0.3165352334876843
291.0283372528341,-0.3746546435406799
291.0283372528341,1.5088398724442413
291.0283372528341,0.7879431869995415
310.1558458782539,0.7372418134701775
331.1303061925655,0.1292172879326472
331.1303061925655,0.5536661526857642
345.3091825171197,0.18067240622383451
341.98743617949503,-0.11700679111129375
369.62882802436303,0.19245330479861877
367.6885853232066,-0.2174486301868228
383.1691555166938,0.2971152490363238
377.26844345880943,-0.17569672182116847
384.5761038604891,0.38220093007453215
368.36277758284757,-0.6607907573278453
357.55482650425665,-0.0814444251450368
349.1693087068994,-0.16411403461358987
359.31353179562507,-0.01641809838872632
377.3745849400218,0.23942460448074598
360.5391480700613,-0.07571640594255769
360.5391480700613,0.2539680632216914
388.50457560546016,0.4700546163667241
378.7870098904882,-0.34690082290990176
350.67333609230025,-0.39413877952574694
363.5493888651151,0.26946044816440917
349.6460784499442,-0.4247424816376224
336.8549170134691,-0.20011286558599295
345.80609564549195,-0.006820382501473432
368.76991262852505,0.04659475173184546
368.76991262852505,1.0437109143258567
344.2526593567458,-0.026872508247151927
355.5643456250513,0.35277248726708876
339.2389628057037,-0.36167842747386203
357.5907686494648,0.17163745054153878
380.58690533800075,0.4304457120101688
393.4584703465167,-0.05499788499093938
372.99569647984544,0.01096378880311022
403.0389022880527,0.18423895186037953
382.24860785325166,-0.20157167659886
380.01191007877867,-0.0617245931882735
400.57701935601983,0.41637947771141626
387.30132527457016,-0.12327419444432053
360.0824964130524,-0.28766904293479456
371.31181169100006,0.20084470738618165
369.43592305320976,0.18009495621538463
346.09069551062544,-0.6877478881922343
346.09069551062544,0.3962899909859061
332.97103275597175,0.2332456320491474
352.93222257605873,0.3068200031358401
322.9342987704726,-0.4020721229589981
293.4924991533777,-0.296865159238223
322.5703627030509,0.430574042469857
343.6811756578151,0.07274671523464349
360.21078559247616,0.5491384996695388
343.92836180695025,0.09252433506333091
340.5607769967072,-0.033470852964455844
359.9845263889293,0.2397648679525446
324.5159100514286,-0.5655480687956924
324.5159100514286,0.3278807839348019
357.25309100576175,0.15281998815100906
357.15533145484244,-0.04063078463116199
389.50067349050533,0.3806440230064254
368.482225543946,0.03253240171716243
348.3338768914646,-0.2926543120875067
330.9842305693413,-0.4453468922273487
345.1123035471953,0.06220368026777123
331.6510745484519,0.18316548464827065
338.93333840385117,-0.023738626451404343
345.0781523979474,0.1061724954734018
366.05999813663107,0.046388538277597036
377.31069463965184,-0.09313902270889685
370.2900954794514,-0.17462799192026068
365.681875157979,0.17676139970888016
350.98394672005077,-0.5195727238908603
350.98394672005077,0.7505132833553034
347.6449915425453,-0.14457858968262371
358.2936486959891,0.26010223579635294
364.3190434337595,0.23078757415873952
339.7142026526491,-0.4945635561874724
339.7142026526491,0.2967582787016454
339.7142026526491,0.21257677289986532
337.0546106966061,0.34982186506476864
368.47207432443497,0.38492500644451866
383.5014606424215,0.2725606410256205
371.12347593369446,-0.24248744094370522
365.36203450316515,-0.3705167738412456
365.3212606431789,-0.18592933681770774
371.4083002456289,-0.08326093560890513
359.6577460050591,0.08216968051692675
359.3903332281502,0.04776055819115754
345.0693653467317,0.27840493387952847
356.9923862069146,-0.011234479460767943
347.452079636489,-0.25472700801151404
351.0763604566585,-0.19748972785089336
339.92135152601503,0.31348343730269335
330.1988145384939,-0.15156437896462194
315.2877791261825,-0.26612359902298977
345.8075687588282,0.10896153919713925
340.45612726925174,0.19342937551800787
338.88877357971353,-0.05112993219006512
351.75453337593694,0.050224103890855076
358.4899744236145,0.21126858823504335
358.4899744236145,0.035452502744192316
346.8872720358016,0.11668973318717235
350.71082929885193,-0.030707276921475568
359.42898692845534,0.3074781254372283
352.7142132016036,-0.09578605816864183
342.8430234861077,0.06767586667092473
341.68525729034934,0.019706885532286833
341.68525729034934,0.19465161847745094
339.3755696193734,-0.09717468815892971
330.28572593315164,0.3172165561516067
332.48211024816703,-0.12095803317322407
323.40984614874407,0.09056447504895004
310.9510218381743,-0.16605369346427779
353.23872888460903,0.6758545507990448
348.3552357161801,-0.0725950010660199
345.5419110731896,-0.02176733601743308
345.5419110731896,0.3431237610517428
345.5419110731896,0.5257484760752504
327.037461198294,-0.26750038297768697
327.037461198294,0.4848742415049401
346.31785467043153,0.4064413082687679
378.26402714631496,0.017499430492193824
378.26402714631496,0.10825746938439806
375.7185261736049,0.08534799147832928
353.5218091401672,-0.185675638195562
351.51937101787667,-0.056706919417820245
324.87754682098677,-0.47823461979237436
360.16501019307196,0.49008903371350243
360.73583143175904,-0.3669609057396883
340.24884726748905,0.11230776817501464
379.89925811541116,0.1860136101693115
384.60213030753664,-0.17228132903369442
384.60213030753664,0.22220389450069433
382.57891032925505,0.03721365068417981
381.1041034891604,-0.29009401254052136
360.3097477962061,-0.25962325039245115
368.40425400371976,-0.13974667951686115
314.3934923471208,-0.3701481386068508
301.7008934027175,-0.1915286428343279
340.59612805502724,0.47520795253421966
327.77315744952404,-0.2825947629747816
364.419440594331,0.30596056403578586
345.36882794211596,-0.32600700168427466
324.9143798455141,0.040548208507061645
345.6108012946033,-0.00901502294493639
357.82219366392064,0.3343681274945993
359.12538960096106,-0.03470266013357559
322.4759035242218,-0.7392795979017137
358.06715854886295,0.9816564695757961
354.8883009252505,-0.41704504560721034
356.7847472566051,0.2449211049809037
364.4894176918094,0.08982408937538366
360.7553897734301,-0.27850496444455075
381.44394065998756,0.25458584550733576
365.5508828667456,-0.10718607101262023
347.3365190384655,-0.1575043301572805
352.71671127054344,-0.3471487830595379
352.71671127054344,0.21911921438038462
356.66850904100374,0.11741966884198973
346.8386643844015,-0.1646300447411022
346.8386643844015,0.41582099597167144
381.35869475964597,0.07808329946556114
341.46886288481153,-0.21302424813461585
341.7083556020518,-0.034441187208699375
347.9634459853438,0.13472426653981984
382.7841336050413,0.515655794966051
367.4912050173262,-0.12496933072156935
341.38549381370035,-0.5002381211293141
367.0012678142256,0.3252227310501894
359.71147195408236,-0.2911392283742771
349.5639920996384,-0.47321632858529483
373.55119753357684,0.2597291220358784
358.9544346221442,-0.15818095723363967
343.5758100809394,-0.4308298880556549
343.5758100809394,0.36022066581483614
362.8442972693225,0.626561367589261
348.8087425348024,-0.8103055262099588
369.2073473360712,0.5326703327828
372.29743387097557,-0.21511147757678373
373.01564227292215,-0.08190911936685552
373.01564227292215,0.34181713927330293
358.062949947765,0.03316913794208176
335.11200937313595,-0.3119627041780859
335.11200937313595,0.9404563687428436
357.56462371116174,0.17701015714851565
356.7010210251535,0.1334676578323979
364.0531071899675,-0.19970979633558272
352.39454095366267,-0.18131185236950387
382.6825028850438,-0.047843647158060776
358.78118321229186,-0.034865925242570484
356.6377398530978,-0.16882406798254124
366.6751028593988,0.2821997168506414
366.6751028593988,0.5796691499081135
366.6751028593988,0.3397881982641593
347.171635217598,0.15805565712628322
305.5485103997521,-0.7641304933175661
337.7063849969676,0.35477692304414177
342.093194670914,0.2307308499591727
294.2437956590277,-0.6099574990452084
309.2087778654912,0.21790923142066276
354.52252203661067,0.3399932710408393
320.56490059920753,-0.3224340166358388
354.6156576280429,0.42916844511012187
341.65559395140497,-0.2392196791462311
322.6885078648851,-0.16148475684929053
322.6885078648851,0.4910483594530888
348.7336611467413,0.30433197924060096
348.7336611467413,0.8081738604572593
366.28393257982856,0.3523842321867505
362.4978204267688,-0.08331267613289128
362.4978204267688,0.4007523760528784
348.83989915442265,-0.07683223641174663
379.36221912027327,0.4024412413295977
374.0387042569762,0.04360112900246804
379.8936644389379,0.10205150461695212
362.62523130740965,-0.05166795847969752
384.9806246827748,0.15075572873774945
356.38192397012506,-0.28791509787731684
385.4179096079236,-0.057966609712025274
398.61015613901105,0.2765972608149241
380.3518533339585,-0.3151071163194956
336.00263815280516,-0.28834183557023607
329.58520858926937,-0.3646983864611002
326.067639726767,-0.19196318606373097
307.6756431854608,-0.5183553336175919
342.81228602129437,0.3207119496996711
342.81228602129437,0.23680083557360376
353.401964124082,0.3274029274023178
377.7420479892754,0.18106488615762828
376.38730577587074,0.018476454952633503
368.8634645848056,0.01854654322346505
368.4481251673312,-0.05734301072436665
353.4956096172191,-0.008839130300657416
353.4956096172191,0.37644088534250386
347.9863320502227,-0.08283312491732886
321.60362638091107,-0.6585943382160622
349.0378670681897,0.05021972430324695
345.73498258357375,0.23168052872324552
345.73498258357375,0.1717592590662207
347.0118128022217,0.12474909462514461
339.25450855689866,-0.01968718587750118
335.3388216946864,0.006203680553653612
345.61542273458457,0.1434621858513765
330.3550814555403,-0.25726374385908457
345.62074497538794,-0.22738564772078007
345.62074497538794,0.37647346962182837
354.0989656296182,-0.011384978680212043
361.62407126519196,0.07887600455887878
349.1819549350458,-0.16364864213005603
360.7127476510164,0.2530589238599532
350.42202645258874,-0.06353916241437219
372.7342803858035,0.34796778458337485
377.1679717113743,-0.2086954748373273
361.98912324459445,-0.4829174415649504
332.37665021212376,0.13637089805547475
370.71401975266747,0.49765108640860944
382.32976835943526,0.012888385560700044
342.4447737314218,-0.38696899614978975
305.6363538477132,-0.44263510002110706
305.6363538477132,0.49565383919571104
308.4950870049806,0.12774464645713124
293.8645825325196,-0.23076186979221802
293.8645825325196,0.48171313670229665
307.63222906066386,0.08130521246994249
325.22870287095856,-0.06440844815142555
343.285857090768,0.2364233430683953
331.42915729545143,-0.08990545308483888
351.5898912647144,0.13437375227090342
346.11266576294116,0.04572361489294963
367.19287611535907,0.3027435085759862
363.13549107862957,-0.3317759982329562
347.2127093229353,-0.18143654692141808
338.6865575867553,-0.28612734289708897
321.86882455546834,-0.2353093006435074
338.7125631610713,0.2976601714840399
349.15694349119127,0.04908136007770736
345.98900657698215,0.07615369867653499
345.4479015938944,-0.09596699766188976
358.3801314663535,0.08600412902387689
324.66310144803475,-0.26555104845726873
324.66310144803475,0.5281241344123373
316.1145292923661,-0.2982873002933957
304.8648850137289,-0.4708346393863394
304.8648850137289,0.49221328425335287
334.4846325130819,0.2464551313762513
346.99979919614134,-0.08125927229195895
366.65167540046934,-0.13007778770452205
366.65167540046934,1.0198804436536193
361.42659619897165,0.374205974254437
342.5198310204261,-0.5187331411491414
357.0602514888881,0.25107135749635745
350.41289226018785,-0.25632794295779604
350.41289226018785,0.17859150926881284
353.6009193623196,0.29329352480692705
347.3970459667878,-0.23024034216609834
317.7329198637387,-0.49131710419942465
320.4312891699032,0.2914041651242769
314.315276164197,-0.4262312878455532
341.1249263651224,0.43812936894494214
341.1249263651224,0.5134390301977874
355.44042712272886,0.2998996182799374
355.42411539889497,-0.15657842504026576
349.32580624366716,-0.1346095648868868
360.10106145369906,0.3293045005582371
371.27579144803934,0.3902156353162809
371.27579144803934,0.09951813973543722
384.9681627396805,0.1374187830738265
357.69400072620977,-0.3182559940040619
357.69400072620977,0.4826341524581039
362.75178091644204,-0.2386455258508704
327.02235255434886,0.14720640329358048
314.4985938106334,-0.32826275516310943
375.18859319733457,0.863722991183522
350.05476525958784,-0.33219312736798656
350.5856660341524,0.09769576463804697
344.41212753847617,0.0598432675121785
361.3831196970091,0.12817941478920147
333.9784618614594,-0.5076704295449872
346.73324767408883,0.2696072696195415
345.304073012301,-0.4842165449008462
347.0149939922321,0.20016178735818357
344.71884507009,-0.05054303859014908
335.61920676608736,-0.20429819159471663
341.19154701356945,-0.28393208563022654
338.72544821293434,0.1320215529383404
338.72544821293434,0.2280876882789471
338.72544821293434,0.6708491069789488
338.72544821293434,0.23175466673308165
348.489246749192,0.19011886693238012
348.21839527489743,0.3250560999402978
393.2530430148807,0.36628637579281076
382.62826957101515,0.13024410971900124
372.5150595791545,-0.35868063711950526
366.9436753558698,0.16576908268848456
369.35226730810456,-0.051603120066374686
367.00142593662963,-0.38050967461686014
367.00142593662963,0.36081224812403434
362.14898920670174,0.19921273706847842
343.4710050074063,-0.47301964563826004
343.4710050074063,0.35025713074810483
354.7509910226472,0.02033608572492085
340.65627836097934,-0.12153486467514085
357.8417233435021,0.47186616763406164
338.30248960845614,-0.5560221772138902
348.1583782256564,0.36110126088715333
371.04377498171203,0.34683127484186116
384.69005405128974,-0.033445823203919645
370.73940064457435,-0.3838098711718203
336.6987811006693,-0.3020235569573515
344.9972799005164,0.4170793506333439
350.06004857195677,-0.016200212556896076
386.6983936718914,0.6250352439180915
361.65692998813324,-0.2643938391181564
381.2331106004056,0.33284937335110953
328.00642679994337,-0.5557376421299978
362.8898828450458,0.11570715165908041
353.7714204184141,-0.03324733097315402
372.71654845132485,-0.13732240707963683
407.2462202440602,0.530925690204981
377.6094210788521,-0.13195606315730402
364.88783895158537,-0.2031914423521357
339.8803875576202,-0.24341373462948468
367.8405086520654,0.1718611436243691
356.08778358157076,0.1281823523498815
376.42287157276326,0.37588178800501737
376.42287157276326,0.27616480219694495
376.42287157276326,0.7790511600428545
373.4131643517061,-0.22861465515097734
352.3303743802584,-0.15088326348939063
381.5078999036116,0.28899117127582485
380.2592903795402,-0.24389112917606326
376.07680920865783,-0.33761012576519533
355.00892951680004,-0.18151445910734765
355.00892951680004,0.6761292029322021
376.6841440303283,0.14329736244633295
369.4801497901162,-0.047498790566123716
337.29609330126556,-0.4424307176027469
341.32196129780544,-0.06672644132231653
341.32196129780544,0.3212180444513706
323.4546642064545,0.19298207029839887
371.92002612007394,0.5385274015069399
361.88107453303735,0.12514171251700645
346.6165973048398,-0.15571694230447974
369.2002709316625,0.25439586388120006
368.7353889282693,-0.2952929230139034
312.8668819414837,-0.41465959046104217
310.45175562715315,-0.057008904757140044
311.62189547940386,-0.13974093872775484
325.50325052974,0.4279750448838513
354.8739419701705,0.18917465759204788
366.3966050155013,0.11604751112088252
361.0145822878449,-0.17697897024618214
354.4853024114448,0.3442143875588499
352.23220199172795,-0.04180606369652651
366.8453151967342,0.21488386105056634
360.3751643294278,-0.06563292393491338
377.5858416876562,0.009277045848534726
394.6646685961034,0.4656193440794141
392.3487604471304,0.04454134288835121
392.0737910518224,-0.3059331655931601
372.515191007997,-0.4018004414153893
376.15643559347797,0.38997904996983834
362.60869145910567,-0.8235262948334139
369.4523278258678,-0.09612453858233039
369.4523278258678,0.23630643252772643
369.4523278258678,0.2762546326737265
364.11178248319067,0.09603302610275932
381.85553666283965,0.26113783463301843
364.31884650842096,-0.2902475868960437
364.61217742885225,-0.012218902343533955
377.6490852235361,0.13298862708234083
388.3809358954345,0.16505889297729937
357.0551581607561,-0.23424287971829472
355.7505105070296,0.0011141451700495963
355.7505105070296,0.23000555883982088
342.0184496972891,-0.024762343882002824
363.2758732129493,0.4924303210142398
371.4880328396114,0.12735646355565677
351.29172918032907,-0.3744979324292217
349.7288652583506,-0.29509978026578665
359.82055113327533,0.30073527573495085
377.29834938692164,0.13845945181981278
398.9454422024107,0.051264027886304575
375.91342762992866,0.015291931630144973
410.0852977275974,0.7179788890632608
378.6854544614588,-1.0153192127776265
404.7780711534714,0.4007906972250339
386.98153138160274,-0.323878496757402
367.1324901392065,-0.23572774024967202
355.238391928059,0.161665855776846
382.9528501419388,0.17332865219759697
361.41471723494243,-0.3297560519554281
380.44993433362447,0.19457085528620155
390.56941500919197,0.02537185082792348
363.3431584037451,-0.26217851029139183
357.59531220992517,-0.452192931654281
357.20751907840577,-0.00013882464668313332
339.7116448796991,0.01144599165343152
334.4678740103404,0.0017728677071318089
327.1520576127117,-0.2526378851159734
354.27679965329185,0.18526359869076714
374.8364045392251,0.40216898591938843
325.065651117464,-0.2983208414943874
313.33015887661475,-0.3623003061960617
327.0463087838409,0.43286892937408084
316.7190713041338,-0.2392846191562512
337.3165742400242,0.3625178931532673
327.4748982198061,-0.33107223959859766
363.58674526056774,0.4588727715125742
366.63416509801385,-0.11903314716255409
377.3074162256936,0.38230119918137007
381.35034883164917,0.19505348679456347
375.8666435094455,-0.11769007454415714
355.86954991078363,-0.5046163458141564
358.9525020675662,0.1480299362635833
355.6898086445608,-0.11489928073183364
346.2543856388698,-0.07494630025894367
346.2543856388698,0.28647622080484325
337.74282574481293,-0.03421391614187996
329.6703518461765,0.06661606637612749
356.4000477847119,-0.023700080650883137
349.8501692057523,0.007234736649706974
343.07296592637545,0.10645758298051078
345.3761616643694,0.017006632603170146
312.86208324184327,-0.2975176553662777
340.95867772605396,0.3335332134718101
346.5158370413031,0.11785808855665891
326.4959997288517,0.14863874368893448
322.3817643785505,0.11803027611472316
322.3817643785505,0.2473443511377127
338.99001806419454,-0.01153701020302833
332.0848423953459,0.18269376852958885
348.9719896266339,0.176953433338781
367.1506062999719,-0.2653017647824072
353.1343844096577,-0.19905062836221532
361.26632315355073,0.518812253344322
349.2033675818301,-0.6208292422677459
372.1218757659622,0.07491074872325498
374.1523602940509,0.4368370071554182
342.0348224307982,-0.5778476692439654
360.87442893548774,-0.004572298880248127
348.21966011738726,0.09365576242453244
344.5387474789528,-0.15063725646143666
343.44923090479733,-0.041213690247673185
349.08884026712593,0.3611782375942312
368.5531093259833,-0.06987260652988425
336.14051990972024,-0.4816616900595818
324.5533930362015,-0.007570020890057094
323.476708924208,0.1013437483643429
336.2118282250403,0.0015295785841544784
330.1185096151244,0.13858549460189806
335.2468960815542,-0.6084817951307286
332.1646298066234,0.15808134239466654
331.9917537186729,-0.22795662286785046
331.9917537186729,0.42381917346483533
336.1999251180163,-0.35238279418103957
345.77547799098,0.37041920323690647
363.08353804325634,0.2395497030754541
371.67328279354973,0.10013321476151305
352.84936473233256,-0.09626745913840296
355.97280371813986,0.21712092669395133
372.3918947391687,0.06324552037619924
355.4327748959802,-0.2580024981728002
355.4327748959802,0.23111337445084246
346.99510222867553,0.11207051139558644
332.36292386885543,-0.2218825846839536
301.79484843806375,-0.8404148439917662
323.53482214560654,0.17806315808866202
333.2445522787159,0.2501593951595851
338.62642678993825,-0.09729266392594127
284.5992738483793,-0.4473294283679934
284.5992738483793,0.583774828680248
301.08716901428426,-0.2041720758312522
312.3647120446684,0.19602199858832137
306.04862403827127,-0.008203989007938617
340.61913167125806,0.17889928743124983
333.60057387863964,0.14388829305698891
322.34678508711585,-0.07348520489381372
322.34678508711585,0.5718476666496599
342.95008857714413,0.4895412237585788
353.18080808146436,0.3233612733117752
353.18080808146436,0.16362794072927045
355.36290152836455,-0.2350882547538049
376.72245036030176,0.08837637011185961
377.38207540818615,0.4041897848322833
366.45595516888426,-0.13490682285032563
366.1507354082271,-0.3848034101416715
366.1507354082271,0.2514279333609011
376.62613191172363,0.15360745436578327
374.50712163481063,0.2515842895993501
371.52628842479083,-0.023681446220280122
356.3508856677199,-0.15577186499172058
356.3508856677199,0.19140046551831347
353.5081849712844,0.062280430346845606
344.66241759395285,-0.3573841423635713
344.66241759395285,0.3699266540543249
344.66241759395285,0.31358460017634116
378.4939612104287,0.5187833004171125
378.4939612104287,0.0992787748380124
335.67598053003684,-0.4185795724511081
311.53281327435496,-0.10748179354902732
311.53281327435496,0.4261542457456926
304.3465152040621,-0.3717317620778431
304.3465152040621,0.5473431222468434
293.34447655109676,0.03209446628125079
319.93768848591804,0.40117168872882303
288.2705319793461,-0.17534253401220212
316.4505228572202,-0.2553236623741668
316.4505228572202,0.9509800280948184
338.5336796137474,0.5621908297164282
320.97431326714667,-0.14043364993813157
307.95581610563323,0.2200873064167581
309.256825268785,-0.1939554954420828
317.4041405635863,-0.07106349776620391
319.4258087843936,0.1627268207113275
325.7963386356549,0.2722640654915267
340.05121529053633,0.1661125224954958
334.0286808919493,-0.023551094458980515
349.49475583591834,0.2806783940073956
346.10552776095966,-0.4540368323666826
354.5144096110082,0.3609498423743389
358.74970234561636,-0.2585547668689969
350.48208545621895,-0.07139295589922767
335.38309921646584,-0.32487505155916097
335.38309921646584,0.2890218540248952
306.9821080508772,-0.6428311428026063
336.3388086456555,0.6345024958568501
305.4696078745794,0.13334445222869817
326.16210957918105,0.4883279111254524
308.0461065318888,-0.2469670972309359
308.0461065318888,0.38036606129401207
308.0461065318888,0.667925583511078
327.89260280236846,0.13258237260197347
338.417019828286,0.2612161340283592
332.6924935008155,-0.5845835241979103
342.55285256047057,0.41969405565964735
364.98443218560783,0.28262784261085017
348.3328384132534,-0.5360619683432333
327.90273217268197,-0.05699436957115722
333.87443722744234,0.10013067553882138
311.84312186811565,-0.10652450411282643
307.2795649474191,0.2667096841055354
333.2017525730886,0.2492193169230177
340.7886959682532,-0.40009883935283597
330.1654113051508,-0.19678601038935994
338.11459862695364,0.16435673857904476
293.77512392791004,-0.3621965725149039
332.7912923204306,0.45547625783422063
325.52663416889806,-0.277627234886495
324.557492660707,0.1896422117521297
342.709512171657,0.21589287965707626
334.70007655768393,-0.10123937006142114
326.9789777273624,-0.2688846167052361
317.4351971524648,0.07265089832173999
326.9139066323393,-0.24853071241329872
337.4407977948223,0.49459731163017295
328.5503988480773,-0.2993091733850406
328.5503988480773,0.9732849730528415
328.5503988480773,0.689066424226894
357.3973928288117,0.1576276464620605
357.3973928288117,1.048515135362777
366.8733096879454,0.3106300254374901
359.4191516851142,0.27090354494714575
365.7217703531026,-0.1359355107583724
355.4496489503061,-0.3963162106915661
371.79935702879106,0.07947742431008464
371.6408825848473,-0.20556160079877372
347.0370802515254,0.04957918161426278
372.3711466335949,0.10816416909392501
363.8313401262382,0.09641580133938987
359.3291931805318,-0.1661649526063229
367.4106986475248,0.4877731726203365
372.01563113084075,-0.2505361860751236
372.01563113084075,0.06580058977556291
369.2925529465073,-0.23210880319356875
351.10327580745286,-0.09078274166904521
351.10327580745286,0.8220077807952748
372.5207861912502,0.3784942273455272
374.7111765182982,0.09828233209339032
354.1834507575759,-0.15382967320249463
354.1834507575759,0.44964100453739775
350.53107326707345,-0.4503074083161209
350.53107326707345,0.6936927817595233
350.53107326707345,0.7911555615628458
377.17503023345154,0.44543900355824917
360.0672076355655,0.02866118614554125
343.4793890046308,0.03918280325501655
322.5579156923652,-0.8647474406490119
322.5579156923652,0.5208632201141654
341.16815805574464,0.48096219931176165
332.8269526324642,-0.30069283786292544
332.8269526324642,0.5585862541913684
332.8269526324642,0.3582370641597663
347.0045209942246,0.5250197748435994
348.5463341907429,-0.1496232362937917
332.3797981042371,-0.3216266691729288
368.8104986984679,0.09873108053420765
368.8104986984679,0.33830023876032556
352.68215106213995,0.009743227835542712
343.02876531428575,0.05276093587019659
343.7862279868913,-0.010153268666613258
330.6145310784873,0.08305316717485312
313.8413227934499,-0.18764527643259044
318.0965370348978,-0.01649395963158895
322.32491911547817,0.13982442570579678
318.89860447529674,-0.5390304509121506
318.89860447529674,0.5859037924781205
343.40705131877183,0.4486932117793003
343.40705131877183,0.23422514016237983
365.58579433943885,0.31605048370443
360.60660695773663,-0.09004887818662155
343.0167346275224,-0.09854496913737876
332.8932475605732,-0.1601106070423839
351.77755611998646,0.08721422626558706
361.9071067430249,0.29107171298267076
348.7200472543156,-0.23155983280025794
392.23738489000567,0.45589341283653084
326.17157859080794,-0.602708529026927
333.25089415013804,-0.023108445555067192
336.0019795687555,-0.1136145964590014
336.0019795687555,0.1324167421016682
322.80600517903906,0.28417327286467753
318.5766595763543,0.10785069688063231
318.5766595763543,0.0724826239235199
312.2559786600989,-0.3244274666332103
294.2108430147771,-0.3380928604165092
313.5462855914425,0.20806522428779317
313.2611259752946,0.2999434131461385
313.2611259752946,0.3061352771044312
316.1522297462754,-0.36565150217154496
316.1522297462754,0.1635181981292817
334.69911004812957,0.17245149676637084
324.7559989518207,0.18741187832540618
333.8427110670401,-0.09728542459959044
330.22409892144304,-0.23339650981347404
335.2983972960459,-0.28274619729165806
355.190006937644,0.09841636057865344
371.9474650123014,0.549647896168608
371.7254286499047,-0.20423793637883136
356.77219547806766,-0.03645299766208154
382.4679988126558,0.14555200186487127
355.0670322268991,-0.23843339357699733
344.61549072692225,-0.17577248962902559
344.61549072692225,0.36182358164865036
344.61549072692225,0.46641360200578674
344.61549072692225,0.39381668287182947
311.67755413846805,-0.1939275635716058
314.6044430631065,0.21716451093993783
367.1982389196704,0.7285894762218277
332.8916778470869,-0.7641844802682272
346.60387221077514,0.10585987156741794
337.67944025981626,-0.07321339545296723
343.7266140151474,-0.2677026178361075
333.5519223529526,-0.20581584942738118
326.4159477132936,0.22525042402025974
358.8203813481149,0.07997738165954615
362.4607907258261,0.0001510986996891006
371.1384580403711,0.19764088821409587
360.47361449587925,0.07947045446258016
368.774568118863,0.20039957411086107
347.8324634889517,-0.10847984786903453
336.8421157874935,-0.07479217210698152
338.22624257233264,-0.07297519590804313
312.78233860493395,-0.2874475217226973
301.4347038465915,0.02607306761763084
335.44753735112255,0.005768797815335347
317.48928681439986,0.08048737701449227
317.48928681439986,0.45021953771174594
330.9170644624888,0.1599790735120905
347.23902137769625,0.2242299794140763
325.62140441360407,-0.6365684556425322
312.8565677801933,-0.16993835270818636
316.600821615751,-0.40456088256735256
316.600821615751,1.0130956058929996
347.3840857384524,0.3189962683346721
333.47532189853007,0.057201514470875736
341.7350342010325,0.19215256408358528
329.3861387209982,-0.26053073370053426
329.3861387209982,0.7684498754674678
347.6768005458625,0.2839949289480046
348.0004571395577,-0.022957974643986745
363.03995833067427,0.2973165380946057
376.2188802678565,0.21278586706193892
322.30500082676184,-0.5129066643719398
333.45218322928093,0.2791502798449983
328.7009437893731,-0.5071873635089332
319.54402624471214,-0.1350354692615383
319.54402624471214,0.581268594468952
319.54402624471214,0.5500282415890752
331.8803812907315,0.32930720581748574
344.78738296431044,0.032117599401203734
346.56367352707946,0.02535058793114331
369.9524449970749,0.3989267581415561
361.76169232399326,-0.6600128022389526
374.801028542245,0.41948277247979604
370.44892078149473,-0.4958122964960694
349.12387978190134,-0.1964481039211705
348.5376530250253,-0.00871342671621278
354.294534473326,-0.0699807799572909
348.0357074127434,0.10584630032428777
341.67583487341824,0.03345228087414398
341.63649593824914,-0.17399799398219784
347.6605881354187,0.4657557785621975
351.4955893681788,-0.27530392677283544
342.4000323753637,-0.14463699153373
352.40026331130673,0.06651051242204176
332.00191621855885,-0.48148891170205843
352.7145729389782,0.13481339265297265
371.8870430110887,-0.017283278557783888
344.16453316798254,-0.33399939446394455
364.48789142713093,0.5844763796906136
354.3461849483551,-0.2740185162612079
354.3461849483551,0.48165591607357783
347.04463326740404,0.1529068240270135
358.8030345338435,0.18607572663756855
349.16985885048115,0.11572350996311798
360.98728329202976,0.139805794025051
360.98728329202976,0.33089735210739946
384.09961069219025,0.3549626126957719
362.03037496211886,-0.3098537847516809
361.6488260300808,0.18686730601507406
381.88449081870147,0.36517489968582595
366.75842712902363,-0.005375497450700095
369.51379333458766,0.28658169991695104
357.65459217876156,-0.28268146727918975
373.3680351701183,0.20381654232301116
366.41792478022523,-0.15076429768851085
379.74124747707566,-0.024283039661668226
364.14701559513844,-0.41405778741545873
385.2074093897822,0.2358516779531783
380.2630891269653,-0.15091721691601379
350.02802952187716,0.3098685092556934
321.96300822154035,-0.17367697903910084
348.4970920458686,0.2497328357128481
354.6629786139733,-0.22424812583892617
344.80529788756576,0.018513653458853696
338.06376526564804,-0.2844224434111311
354.91025374133426,0.38840009794000707
354.91025374133426,0.4470277600884174
357.1757298126871,-0.23276377290335404
350.1409238321081,0.4104845208368033
371.0166837643571,-0.10289091199331324
355.56062624713695,-0.30559892042265346
329.4191131621298,0.04909017166698959
326.92114039606963,-0.8421512875472672
297.11352681436694,0.028188097778070187
338.5637907795349,0.42307742767889067
315.4995354122201,-0.37594834435526536
315.4995354122201,0.8653735749071529
308.05378886002154,-0.10131976236391438
330.4912739361578,0.09377703000473048
339.4538299473292,0.22224554351475945
334.22403764317045,-0.22025540375466335
343.75422721769155,-0.30112020585784194
348.81177121050365,0.16751833204955346
329.5092369961238,0.10092538488265745
346.3513537161057,0.12179814426485791
346.4939815555264,0.0630755652030075
365.7469388132254,0.1997681242563658
372.56594762084484,0.3477727023495163
353.00966204143606,-0.2637985746914637
370.86671152988646,-0.07695695418692594
332.96568190582377,-0.6101840857528487
339.0803001537495,0.08608188425898788
341.97474636452137,0.11577758255111803
346.69637390485326,-0.15059054650498638
342.26756957199046,0.04145580606768817
352.82612225597325,-0.01475895537487304
356.5986838629151,0.1757160938581137
404.44606587114373,0.6724471296297452
396.39246422435895,-0.05822282569261006
384.53545861188593,-0.09741868326625536
384.53545861188593,0.2437642042719972
359.386399998977,-0.2453133188242873
339.11135008962907,-0.6136010685801239
346.5552312194691,0.46612329509980555
327.445287009283,-0.4056647931280395
334.2565285949889,0.2854080743122722
324.7711324367739,-0.02125369808686628
324.29085831526265,-0.168384773732555
346.7489407059272,0.35806181167743034
345.24767808614615,-0.37469035491278646
337.7300651546574,-0.09132440090581895
337.7300651546574,0.17155931537172364
337.7300651546574,0.35955486972454764
317.8212146639945,-0.2155653088566396
318.96488316784377,-0.2757083903596822
318.96488316784377,0.9326892618737475
343.4263970581507,0.3230161940771268
332.479221221615,-0.266467702412001
360.67190730900245,0.1974355047602785
339.5179824481119,-0.0010426632912867717
308.81620280844174,0.21544235385840693
315.29366148379927,-0.049504927449561364
326.4734204753463,0.48304208973365803
338.74142534805225,0.30176412749347037
347.93281882543494,0.007494965537489406
331.0364647311036,-0.39162778969171086
332.1813546427312,-0.22877330876417545
327.4908723272592,0.24272872306767113
316.2282280813035,-0.13611814276350742
316.2282280813035,0.5653378534825606
316.2282280813035,0.5487136618871773
334.9591229710209,0.29187042726357504
334.9591229710209,0.3536631922122524
345.74149075093123,0.5280714345375372
300.5814255301432,-0.21207108227372373
330.7889154261493,0.3481123721107906
328.15236785398423,-0.21631340912745145
327.7075015233043,-0.06794731306160884
312.2873201628032,-0.29048441351369547
328.40150948689217,-0.07822155214603299
359.46119154312754,0.4532600031147922
337.59092637888233,-0.41828336856087844
345.26148210757026,0.1734037873602574
313.7915956189129,-0.1128162787592828
306.9364809275983,0.0009865511378848169
306.98503345022414,-0.35210005309943426
320.41664713628217,0.37372734103905714
320.41664713628217,0.2610800895835155
320.41664713628217,0.1490736827706769
364.93702156280114,0.43350381232698965
363.9386634505925,0.10506822717843534
375.64420068933526,0.21023626610315205
346.5976663117004,-0.207223950263824
357.65613076954554,0.058430379081073625
343.7329799021261,-0.4023824079986298
343.7329799021261,0.21650627337544393
340.5961966223271,-0.3610448621479918
354.2392651726078,0.25723624117472355
354.2392651726078,0.34605467774690624
352.8091683519342,0.2881057972325607
359.9092653081841,-0.0005225866706268789
349.2367352043147,-0.0211625326014655
343.15191719158287,0.4278430704769107
343.15191719158287,0.1680956996972327
321.11932385477655,-0.31664028773309383
335.5534075541692,0.17975186826151912
356.75733286704065,0.49934407578984974
351.5542255658148,-0.3741519908843429
314.5968309309075,-0.2529106028322303
345.29488067432703,0.013495197778638612
355.5405686959433,0.3566167984706681
335.23137751557925,-0.20431759868279187
319.0818911817109,-0.2533834490178606
331.1175922159482,0.09841035951694721
331.1175922159482,0.43618665450321714
331.1175922159482,0.9981331095576707
331.1175922159482,0.443175855222421
312.2178419557223,0.11354297413913628
345.379505063999,0.22500283235638108
355.1423458987191,-0.052472725629399974
336.70616177679926,-0.1069842349411374
310.96007974553294,-0.5577756915470218
310.96007974553294,0.1290531877508556
351.408391118089,0.4282946201867617
325.8549702826505,-0.28781118074130063
355.19978616042323,0.4326138877344192
322.2761755324872,-0.5622083800093378
337.0547814704964,0.5031112134658997
345.61081357425337,0.44693071042934207
351.61539051591393,-0.21833400586194784
351.2662957137759,0.06560775093441862
368.5100682215938,0.0709645026695398
361.1426584223474,-0.04014524105923556
358.5763068216466,0.18009973916423405
365.3975214762589,-0.09549944011655498
343.4474375383529,-0.09129816046652195
332.2737405079343,-0.16622057781273725
314.05429118473495,-0.28344063377903694
338.4916636946851,0.39495259587715736
347.0052268143498,0.24586176423247252
326.4299534773998,-0.52169673685421
357.9556579052761,0.7531647399813437
353.10433280107316,0.10252130817275429
343.7653783903664,-0.46584992075258924
348.90530580648283,-0.1756068402623896
382.02854259924,0.676744557800248
341.75159202985776,-0.38603003931052626
360.713327322732,-0.17339861845891846
375.74818443060246,0.24146827471986398
351.1149845744659,-0.5062306839968187
356.49073973618175,0.28486069861173746
361.7000956214408,-0.034400983279397224
325.92855429218423,-0.5755936726038726
329.3857135933661,0.47490151923591384
347.7223642849988,0.27832193587050824
372.07064191757763,0.3960507261629118
362.0373706391832,-0.324257880824689
371.3351965466683,0.3422112976719518
333.455693078526,-0.6856444425040991
333.455693078526,0.4443092509948201
348.7840854254847,0.2971737815258848
359.8105067129055,0.11213125962160575
365.9327046656863,-0.3036045728397312
360.1782584641329,0.05946682012825022
333.7047754563303,-0.39902489608277847
330.2697475396061,0.07320346885683193
349.8060014782428,0.23266917487455885
349.8060014782428,0.0548136593831714
369.64895689205565,-0.23413296709099995
362.2823382419132,-0.10623775824387849
349.3637228950158,-0.3495602165432956
338.5613460700899,0.2165984594382735
347.45700921004106,-0.30042198945977816
317.70053740623763,-0.0834978231544028
356.53689299971523,0.3141145948520716
350.6807947585308,0.08753108243899987
333.6387253542597,-0.07497303511229347
366.76002688141455,0.2973107807251836
335.9197447092359,-0.4487921053867012
339.03531809992154,0.04680533873215609
325.9163238614728,-0.3811300906767201
345.2861282253292,0.33443747868068385
364.85279273935413,0.3484150925140739
354.3960404457525,-0.23165328179538847
352.28661034201946,-0.39795567039107027
352.4864991210661,0.02211257227236274
352.4864991210661,0.3622016487908013
356.00498706128354,0.18298595625196867
356.00498706128354,0.5159757644358933
348.118067328512,0.22018710571114752
339.2011412313981,-0.22831194287118706
324.4475607147868,-0.02184969066877329
355.3981869727247,-0.146469605905736
349.64736138646765,0.027057491835080327
323.55337559393587,-0.44339416659408926
327.7081333854733,0.22580628507637357
324.4343102277661,0.21407280374637594
365.37320950841394,0.6447030121981925
360.8121660709862,0.1214594795536641
351.68980614845,-0.37389417502902234
368.00278372526844,0.17604637602698858
340.0947626937696,-0.749734313894237
340.0947626937696,0.1903335580118437
336.15350872170563,0.17433009146452605
368.9407933434202,0.21389442880638398
333.34413438154024,-0.3235734295807333
333.34413438154024,0.25703254834388645
308.6461685238501,-0.22391602488607987
327.2544671092986,0.0399715069904687
353.05659082708127,0.23107516616164503
343.6244312065283,-0.17454082836900398
343.21614634138365,-0.31263351716074794
376.44416632020904,0.7276098947980927
365.6603366591668,-0.3039370458470785
348.37459757651055,0.07360807313409623
362.30697080590323,-0.09260178748513681
324.666551406413,-0.36631395500671715
350.69067501597675,0.4096493752815604
342.4392813095348,0.06428071278537573
342.4392813095348,0.6030498086852276
324.94537209731243,-0.32521169734252453
324.94537209731243,0.5764627133760314
363.453139024802,0.6611450554863723
345.5109354830659,0.006186811541056159
348.775725035954,0.08601295318089797
350.69979657170194,-0.05333622607452071
328.25680418555396,-0.31008512582991443
367.9022772468668,0.999785568730772
365.1074598346618,-0.5415379688429311
362.49373820762,-0.21637351270112504
392.56099240946503,0.12417608762871168
349.95199516575036,-0.5690119681339638
349.95199516575036,0.2217161036194284
320.11590087578134,-0.4422520898432367
327.3564873598525,0.41706465709603435
327.3564873598525,0.34836299818960015
358.1932416913568,0.30795425005851484
347.7101763903155,-0.019215912657955414
378.04447166037477,0.4579535814884821
397.9916028515866,-0.1233637307537947
380.503490259544,-0.19429926687121224
380.503490259544,0.47606422859473696
382.0304081656236,-0.07494979717648675
353.5238809922872,-0.44106680319509906
359.1295097289666,0.03485885961333679
359.1295097289666,0.4276478804222279
363.88612826329654,0.10113890627599176
363.8111991116641,-0.07218617978276143
348.1243572231759,-0.14940421404503468
335.0043749931167,0.1509694200466356
319.54616925557474,-0.17047243592639916
330.3395880194929,0.09335388807744494
326.9594444221765,-0.03600522897772862
327.4334815855244,0.12653697921916773
333.1434793509117,0.19587593594860664
351.9795252366571,-0.07215608406420415
365.14710379327556,0.09174730460676983
360.7504421556066,0.17418709699973078
352.4538573891645,-0.44370209800229077
381.5440627780766,0.2598512883988633
405.16078514209596,0.3894640127156208
396.7629354996338,-0.3897817564078423
409.26509696401143,0.2528107068965255
362.5749155986756,-0.39998156988872324
362.5749155986756,0.32284797940565113
377.5367812175059,0.04073110891590659
377.5367812175059,0.12572096798828625
376.6903759970323,0.39584497270755037
371.26850833428347,-0.12215083771616264
332.74411278068857,-0.4045096652050688
332.74411278068857,0.6439656671254852
330.3572453622715,-0.1238936162412756
310.53411267278796,-0.22335334154274733
310.53411267278796,0.9393427391230489
348.3119020518101,0.5704093809199549
328.679447746213,-0.2641884629734932
328.679447746213,0.3498384781914865
355.86960138577587,0.5306273902587009
367.1386323374225,0.26847076205854137
358.2774857771277,-0.14018252812536502
362.62891009547127,-0.11499981499423484
354.18139412451876,-0.03656800351348011
352.6510866505151,-0.3911662952448296
352.6510866505151,0.3603681653280546
319.9871215810294,0.016068552175966033
323.5037314952146,0.2867916019913537
330.0394232906216,0.0993552083036775
334.1806273257361,-0.11830622808793123
334.77492583809106,0.017928113488665076
354.91245936273884,0.5865333996443951
338.5014797290873,0.011764177589384417
366.6397338489489,0.4592110109699661
338.3457291155127,-0.709814671365848
373.4724803280689,0.04552411048075555
377.9745095926433,0.2428598601406975
377.9745095926433,0.36331786360688056
372.26873598038384,0.20175059901293935
382.37115145664484,-0.23394200153802558
392.79750886547225,0.05764837836932202
388.5606445877836,-0.011754221573255563
397.0564714890454,-0.22184287504603617
361.2304898252952,-0.08659491409594011
348.2621237412459,0.15679224925372637
334.0660620857253,-0.31540163437398405
334.0660620857253,0.20690882847009107
305.4039150475649,-0.213292569422606
336.92741804041964,-0.019478747164953347
352.2186722298553,0.41176667747163265
338.74263261292884,-0.4536861267788481
336.63152480789756,0.17781256133275747
344.06688519261013,0.21352051453675358
347.70616210933326,-0.27581963842681034
372.9739326117369,0.5697811985083945
393.18291471841934,0.3825808040501215
363.0556952697492,-0.06352354855118847
392.9460291915969,0.3353397489248664
359.015881335238,-0.589383689059332
327.28736815169316,-0.5382562446320662
367.48345814396083,0.31223184560246864
358.52339343538824,0.13561722451277092
352.9435611736335,-0.3424296841906198
404.86446927463305,0.3618195479431279
366.6578054401801,-0.3145288554160288
373.67907774258896,0.3943158996025886
373.67907774258896,0.26012102614811283
373.67907774258896,0.44763497483825176
383.22419514885144,-0.13180738197718256
385.0956296559549,0.060962247647808
387.782552036202,0.04185404100917367
359.13986782306193,-0.22279144129231554
320.92122396152206,-0.3361060745935447
340.1038276847695,0.07213527459168745
377.74135629492184,0.2268326186305103
322.88978119591377,-0.6061638389176096
330.94774987228203,0.11328880221810778
342.97118032030403,-0.0400157216762409
342.97118032030403,0.7705578203692767
348.9993372026043,0.24952501849816144
333.2884252798129,-0.16473022337879684
294.3037308070996,-0.47316011400835123
323.6090223714339,0.6574745209106823
348.70601686262535,0.19206157950827674
337.5127612355569,-0.14264911098371158
337.5127612355569,0.37613445077170127
355.916665282561,0.016255652556196765
356.21562103577264,-0.1347934955714436
339.5268448756731,0.014224113536783989
330.5570475671159,-0.3403560217982431
330.5570475671159,1.1544382134302396
318.40035670798693,0.3170822227058352
318.40035670798693,0.42095282829313874
318.40035670798693,0.46084430435598733
336.3677968395426,0.1021565293990534
365.4346645581022,0.3229975987973148
352.87299573149164,0.1220163376281107
342.2987952632885,-0.37987152256357604
364.69378655384793,0.07795589685952109
340.72725901512933,-0.39819547436968605
364.6405706700639,0.3779770215667213
364.6405706700639,0.22473631818013473
342.7119086889928,0.14964947469366052
348.1165868158524,-0.19688019971090398
365.8800587148427,-0.02279640262202065
362.86751707831536,0.12366925334845291
341.1166823276738,0.07309647984038747
369.3109721143624,0.15731520840199664
359.76680231464616,-0.32151316408123876
359.76680231464616,0.34980002916495323
342.59971850633974,-0.21273195921537535
345.4915203713105,-0.10123508416154436
348.55029452910816,0.1953162740002199
359.95654123686444,0.18188162876504066
359.95654123686444,0.7074110891933287
354.89539283772905,0.0023298413304928545
338.96044292362666,-0.34596320458285845
338.96044292362666,0.38611892884512145
338.96044292362666,0.0716346802867065
338.96044292362666,0.1660510940671429
357.04436116623003,0.25481644825390504
345.29667306478103,-0.18138156862301003
326.6993137028625,-0.3282874050096325
326.6993137028625,0.4997981498893296
348.21691723207897,0.3515905025939219
345.61838463881986,-0.22815272114928575
347.9103061392742,-0.30070757341434273
326.03377941804695,0.018570421199797238
326.03377941804695,0.3289134774165632
324.4888880718828,-0.18510431223398882
358.22274810576744,0.4952967741623979
321.4546233075405,-0.43528156184254385
321.4546233075405,0.5387386030109838
340.6756332040178,0.10558546091328935
349.5684695193391,0.27109441906100074
311.0720401034075,-0.5204837356229746
311.0720401034075,0.5723172037650102
348.8264702918402,0.3353193982123912
328.2443540756969,0.04269353687129751
337.92034435408374,-0.3548760113824301
343.07652334380356,-0.15753383387300346
343.07652334380356,0.13710812905583225
386.13056406744545,0.9680489768722964
364.1936226814137,-0.4406095444745688
339.89722599459907,-0.007085949993324903
343.22828390974365,-0.08722576522973213
332.62762838393724,-0.12580902667423288
388.42709938130935,0.9592298870974219
405.9198468202517,-0.04650607301789478
357.54893534152524,-0.910146263713159
379.6439804577575,0.31430840077393896
341.0021717459639,-0.6320872275786087
335.1664003211669,-0.07564520151913712
342.6244132699037,-0.2162503074629285
350.9492100958002,-0.1450403612431046
355.5832056458392,0.34995956623026814
360.7315455781119,0.3929046946221888
360.7315455781119,0.29490919483907874
382.2426616443757,0.06854346725333471
354.71613849223985,-0.3588579696843226
334.81528987583306,-0.010183684300955065
338.8956687962623,0.24472650917846295
356.3416611567945,0.7002074197143884
356.3416611567945,0.41533946252661735
340.8853086713898,-0.14006381548801983
358.3365937898795,0.06992484023157886
338.99308495190087,-0.15086448223723892
382.30127018259975,0.499750099413518
382.30127018259975,0.40417181819827874
349.4361056896833,-0.6945188663911495
390.33041350708817,0.496665368586946
383.15873639054325,-0.3523212991443643
374.01005955569514,0.1593431086413375
347.8808391442506,-0.30099038430876135
347.8808391442506,0.24626279771712234
395.751314485428,1.0442881083946531
371.7073321799759,-0.24652079086126832
372.6937794272754,-0.17943965417907748
378.1176834258656,-0.11137180680304937
378.1176834258656,0.23745754274671071
388.4908208748437,-0.00965823005810762
342.77024914986356,-0.5255297034016166
342.77024914986356,0.5182288594459123
319.074899126593,0.10785169665905414
351.8586047858142,0.42846717733470996
312.8912640409412,-0.5082252580064051
347.14242340852513,0.10483712178313453
347.61295841560747,-0.2508607284789832
347.61295841560747,0.1735624346933946
350.43176362098916,0.276179896073927
346.1970456280705,-0.05120281139227245
346.1970456280705,0.3396328299436391
349.0849072471161,-0.07241949823446703
345.57976281730396,-0.024117247947515352
361.0229767691722,0.24109574991473437
408.0905097599721,0.5127425606737006
370.93399611186,0.02771586684320937
391.43359793579793,0.33434921869809386
364.21918654797787,-0.17241041399825008
355.03247421446855,-0.16575174021363637
347.73397967399353,-0.09329163820245867
347.73397967399353,0.06695656813099049
362.6615399588647,0.26766584882307143
352.22630039110527,-0.35912396163837457
340.9271722489554,-0.21072943590797877
342.5586760933521,0.14724197832197206
345.4375325015156,-0.051650153166860946
336.7661497723875,-0.14587601509526849
368.323753740047,0.34854263636441374
405.3993098565392,0.11416848713338368
383.3724864298307,-0.30145173652203994
365.30000754510576,-0.46202461134816986
394.9574893833256,0.34486227042918927
400.43871354009656,0.18405559362633994
387.06685212028793,-0.01509055022756911
390.90894479823373,-0.1426623030480414
386.8477613551233,0.2544951355099556
351.7974177391796,-0.4261057140183766
364.83476273154815,0.028661813035796513
364.83476273154815,0.2979561884408213
355.9748597834751,-0.25494343300408673
389.74556961876846,0.7322223116223086
372.0909701821308,-0.6307916849175399
317.5525364806606,-0.29376381714257604
326.28317601542557,0.10359064592080358
311.11772488107323,0.14816195878938743
298.3818334851135,-0.3439069745422785
347.7736080718978,0.6930173666365818
335.15857802383067,-0.07069428283966772
344.68935704197327,0.5004612976315457
341.57298731170107,-0.1726857333632097
315.52281433960763,-0.3572147888071413
315.52281433960763,0.2560634348280928
322.05421644409034,-0.06577619630286335
322.05421644409034,0.664994853973667
322.05421644409034,0.4284268558228632
316.4637583466093,-0.08785712399776457
325.18828276213964,0.08082005245705659
343.66240374466065,-0.06418563437716784
343.93269962033037,0.2772024612553423
361.5255910315321,0.12754016416261038
369.00442514854467,0.09878245962465826
357.0146077785439,-0.060294795989307204
349.40104507197145,-0.2713907352165279
354.35785886690036,0.02391483205769873
354.35785886690036,0.16868464263143323
350.7394276324358,-0.11189243424746564
370.363007144373,0.3572945537991927
400.20900553400304,0.5740679061757419
369.74422601666845,-0.320659544607679
366.17727370539495,-0.3918301874758754
379.0502812410371,0.3245206396316007
379.0502812410371,0.11877052776708297
384.34288051615505,0.4109916674873375
354.6661908617804,-0.7664259515395315
344.2771669151794,-0.2546692281025571
344.25089210452757,-0.052718023200441166
351.19841119877935,0.22593776261669518
358.0342284014904,-0.03280660833036109
358.0342284014904,0.5464981537338645
350.8593646119479,0.05340650653715784
350.8593646119479,0.12313078712099923
357.71943703065676,0.308483797916665
344.7304986017387,-0.07898526517271875
333.2885359187483,-0.5885352633105185
322.62590622358476,-0.2591224711363793
314.71163831866005,-0.1604373729926465
299.9742342018121,-0.03163960165261415
307.00253250219095,0.1599709538110119
375.0629085041437,0.787116623692441
374.10872948199926,0.12353990963583783
330.83920373851254,-0.6182770201306766
336.2639266642399,0.13567209367977284
339.8916312326967,-0.28268060268749196
346.0826955427362,0.19450899053822468
355.83849370210055,0.2823902139349457
364.9381477531231,0.45521063154205876
373.77866326710847,-0.10371739317906759
367.19958156533056,-0.15994455773534355
328.0573888718626,-0.09787896103921412
351.8579031137491,0.33605101272632965
385.2610090318182,0.34656676885924753
367.5113726348085,-0.018848387860316507
363.09390670288815,-0.052270647259433645
368.659039300603,0.20207276737812663
362.50701673611053,-0.1678947071895891
350.2202793377157,-0.29101224825058125
360.1647937438001,-0.10052858604035464
384.04305325078593,0.34035962906921213
357.5567711913211,-0.6514052387143465
373.49751836792086,0.0120525360451893
378.12644486158086,0.5199348421376726
386.7037661866585,0.0984503179947751
364.3672032043679,-0.05468104763906467
336.587873078498,-0.74118311527684
335.6432455189624,0.0024336622068403813
351.24824297831407,0.5547739302239734
342.7347936627338,-0.25633888432878393
332.95049333885186,-0.4042378612084576
330.8831265331395,0.12185818461693998
371.11661528213074,0.17074503796754925
371.11661528213074,0.32563804922983763
380.9401354101978,0.3383439561951036
374.37281516966993,-0.047824257758975364
359.9032321822888,-0.5092195830603714
356.38398124567675,-0.22494303099961144
363.93883397659397,0.24876310900083354
341.520044356256,-0.21943847395493776
332.68259321824473,-0.2450242144780077
323.0206860085996,-0.3159472084689696
362.1828833380792,0.38549939718154747
326.5150947488111,-0.14662306065849862
326.12236771887433,-0.061565460122210425
358.75317374888215,0.5084014163032862
366.51226530296304,0.36458535285646576
370.63118873402874,-0.2432488907967354
380.6813647604109,0.3056602530883765
377.1775312761551,-0.08801185685319979
361.74994727839385,-0.10434618242572924
357.34427821098006,0.09041959695105106
356.97395442096644,0.3293320962859525
342.04315247704017,-0.19128739440475329
327.64698854054006,-0.11414610205576992
362.74863303599966,0.09778727455920944
360.7199083425819,-0.23308160571889402
365.9478553064772,0.3182331136845278
373.75728798375764,-0.1253505392239731
384.0920047929843,0.3910529106103695
375.82843567300995,-0.07797264372936752
374.6403054378914,0.04421547641572943
338.59063747378025,-0.48811003547666587
338.8306492496482,0.013635245339287394
338.8306492496482,0.19222611937277634
341.8430884843512,-0.05577284294702167
345.1976924178001,0.13282796268913444
355.2334198140283,0.39271586380232293
350.36690970426724,0.14844695642727856
370.57214129157154,0.14578256533764034
337.4701166340936,-0.5081574412583905
351.9076467850879,0.2691448107277665
327.6723349734628,-0.604243581444166
336.0306902434711,0.6611004163898997
323.6222570912391,-0.2750323200193634
330.13106284767866,0.23206622399175103
366.7430888261356,0.046518331436573135
366.7430888261356,0.3407583251479309
366.7430888261356,0.5762745049387377
366.7430888261356,0.3591576109218977
381.76935142792547,0.05505961735934761
359.5117317666114,0.06728864924582467
352.2555606163054,0.002639818805505456
363.9889332336193,0.14348688139534715
358.3672305374693,-0.2510505191953598
358.3672305374693,0.3580157353613913
382.5930388466949,0.3177887203730734
382.30156559818016,0.20118391486744258
366.3591907776144,-0.26866094713886923
296.76870728195945,-0.7355770548837199
340.45445280254967,0.49915602807891446
340.38195862563043,-0.03966936474944305
317.5495810735431,-0.405703199990171
317.5495810735431,0.27277278992380616
317.5495810735431,0.4940830137967396
320.93679047834445,0.38432696634902186
314.78556204406686,0.004993032316178869
314.78556204406686,0.7068787144690987
357.9625108837875,0.42284140955018756
360.5438340823593,-0.12341323522286984
368.3050964830625,0.2532396009735294
362.20021137182164,-0.47555692869502764
361.9280535091066,-0.11659736082879135
395.0622340965432,0.1305841737961373
352.38793476661084,-0.2503421644515811
337.45521770393015,0.12050076394530151
334.9039060575939,-0.21380017056685574
334.271934925892,0.45200124708981093
356.7009819448416,0.1589479125706248
361.0340364296423,-0.06401034346708911
361.0340364296423,0.43551651936354574
323.4816592221282,-0.6321702812834928
376.96269256615386,1.0617202918823523
387.96521808333335,0.2670403429765429
371.00927544138966,-0.2670749145738682
407.6386083475678,0.10601122672358088
360.6057715544393,-0.6394268209892289
354.298026806536,0.5803743481860693
341.45324059394835,-0.2785162814882369
350.12783692632473,0.2518983671870956
326.4389453490271,-0.0970361894214875
338.7392038341264,0.28513328583721886
325.9453884454896,-0.07405629646132184
314.6442467569343,-0.19192671945131679
341.4639896240867,0.483007924753565
340.1363251362847,0.0952794491873874
321.6230146217692,-0.2238230106524952
364.3133564968157,0.2428308821997689
367.77215334845965,0.2926918111273835
347.419698900039,-0.18863204332103578
345.9540007652025,-0.26794567415458914
345.9540007652025,0.38495848804416255
323.5903804356029,-0.27079398903299534
321.6514611419429,0.07098193579656709
352.3714084686226,0.1192715920997216
334.25942769575465,0.06785334029996193
323.33874245543717,-0.34092283510119614
353.6310224725977,0.265603063288836
365.32196099507246,0.15440078710184935
357.747123035883,-0.21412939801882658
361.58352900365594,-0.007806385057051557
361.58352900365594,0.7875510098856466
354.4907922777306,-0.11228192789008062
368.5227281018262,-0.056275859430456876
358.7891489964812,0.15015356413982772
364.78450631878565,-0.18809935512899756
370.303672205699,0.12504587523471855
342.9409497990674,-0.25956378414343817
342.327606990178,0.388470632548092
364.10000647101486,-0.08716640009367893
326.3731171656045,-0.37975284844333146
347.2149014345777,-0.01118679552746471
347.2149014345777,0.10717255243503132
347.2149014345777,0.3161143169479601
340.78511294881724,0.04545056931601721
313.4758921308366,-0.4096028762921833
332.2429198581658,-0.20798049386951334
350.16227029768606,0.13595213903431613
377.48073995881504,0.292436401316877
362.37383865799495,-0.0590214407897065
392.75762162554366,0.3612930987792424
346.3899054142489,-0.4318530049446281
365.0872796794479,0.2083163760489697
374.67932247134615,0.2467843899185027
341.665128346235,-0.5903842466664173
341.665128346235,0.37206630518824113
364.6621458952452,0.3638617729860698
376.63711257174276,0.17979746876210356
370.0287235214069,-0.21565401605084844
360.73979301587525,0.05424776126983488
370.2592359083834,0.10060068181485349
370.2592359083834,0.40523749246756324
355.48238912297074,-0.4277634674103865
355.48238912297074,0.324433916407429
361.0318432956507,0.08257749994004371
335.8599794970449,-0.37328917546631146
326.29336386078415,-0.2163907854323952
326.29336386078415,0.26288838393838887
317.69543997602483,0.1715639184626525
355.134809991544,0.32498523208732877
358.1175601472561,-0.21922496142201453
350.8970990879318,-0.021416063739934543
353.78515574233705,-0.14853809360647574
354.8976747755046,-0.07447698095688793
354.8976747755046,0.9181799012468446
362.2902115030573,0.09519669082033033
365.01880440749005,-0.02449743978559127
396.45767468751774,0.06967505630564119
366.39567209488513,0.20227572707290165
330.6948326266767,-0.41080533390390883
330.6948326266767,0.2863905354548706
338.2810089535383,-0.06710154237396182
341.9181635161441,0.14360722372623513
321.79465232356904,-0.17448145808975823
336.22068177947847,0.37224881872475635
340.8014797046822,-0.053746823521237275
355.34098891443904,0.14270755936070145
348.5282909976659,-0.03516590528602137
343.3146834529475,-0.3115707206688967
343.3146834529475,0.4322574858978214
345.6073400396391,-0.18738703561757575
345.6073400396391,0.2888219670057879
331.93009556484725,-0.44960809231008625
331.93009556484725,0.7011333488721903
314.80829318915727,0.239898000182734
315.7125410083432,-0.1497371821408251
348.79694287379,0.4252525168662942
356.21565329440415,0.12563103358547778
356.53970169733043,-0.03186693209818259
356.53970169733043,0.536974225677227
356.53970169733043,0.11870569908251127
356.53970169733043,0.41367441350212175
338.6484398648359,0.08072925482656501
360.69871387004605,0.4189031766355811
358.1199146940389,0.10990930114382991
339.8077223451031,-0.33152402074153997
339.8077223451031,0.6823252505241726
358.516897937368,0.527850955999952
339.41686096905323,-0.30433247611301795
336.72471870742663,0.07173038351163541
358.3719818860026,0.4179338824797014
350.6663511747298,-0.3569122617961966
366.5201481992584,-0.12895540255794913
340.0615541128185,-0.21820251399049084
347.13822079144387,0.1897575443633741
347.13822079144387,0.17482082501192053
354.64378361762743,-0.07012283420920085
369.97302997898925,0.011930521605222566
377.3721996621259,0.16638137083805304
377.3721996621259,0.5349451645729459
376.72375574821217,-0.12984160326300298
345.7895678935791,-0.33762416746299095
346.35280595162556,-0.03783695127356168
346.35280595162556,0.8218948415033083
361.23710632137903,0.32665523035029764
355.95180215443787,-0.21886500922960295
355.8684394684059,-0.13778463261337492
348.72282069060043,0.0232457305276057
327.65478989916556,-0.27347368092375746
296.1936037952651,-0.16262130825441545
330.06473404533466,0.3513975343122411
331.15184592794765,0.013537437969603161
346.46826002251123,-0.04173675541903776
356.95978354267106,0.6438144510335633
331.96288866061997,-0.32576138227636875
327.23848360985284,0.10286795662011627
327.23848360985284,0.3396485070034032
343.2419499171177,0.3127380779701525
341.82033311331367,-0.10621683683564243
340.1416807230553,0.10760535816189076
349.3846653273323,0.0031482358215271233
372.03623183928823,0.5570233753056755
412.47280966441576,0.05551984582143632
408.05434332935664,0.03396598937001727
377.88355814686224,-0.12549976853460976
407.14975201733336,0.2713407160163115
397.3727264428352,-0.17553785697191415
382.4363813245503,-0.4425050737870606
338.9432712656371,-0.49829421221090797
344.7726915061786,-0.1521609104174786
367.5592789060989,0.5761455372891078
388.303506439951,-0.3236070632109431
375.08994539931297,-0.3545906557608305
361.7159381590903,-0.10837758891898375
364.5356483666861,0.056367634544358225
371.7144353932217,-0.12059174524915761
352.50893250054725,-0.213489746894993
364.2104888393359,0.30829358586038325
370.5075878079471,-0.1508384220365997
353.952977108522,-0.37549150056690905
387.18056270994003,0.37036022204893015
387.18056270994003,0.19118468478620798
331.65858802982814,-0.5271489151332389
346.9844354038928,0.23558662878849645
331.04047582398493,-0.2568032569222396
340.9791128966164,0.23536915626084465
354.2331665125876,0.08395887500398658
359.3672938628808,0.1279473384490757
380.4039898441907,0.23953241471588171
348.85961150609137,-0.5689703544330769
336.4878276486191,0.14794047377029074
366.7795609834797,0.35403928801940765
367.8756956644384,-0.4688000620665207
367.8756956644384,0.49401050782194034
322.9086601187369,-0.23103069586954916
348.10138748581284,0.2699052406632063
344.74769175133184,-0.26774840454959303
360.15973436817114,0.2853633597899261
344.2023916424566,-0.28615557422267557
347.40972696949666,0.28626996393666104
356.06808333036656,0.23854397195032107
357.23750593161463,-0.2651502315111429
334.7917319671775,-0.023552220531087187
357.8137488921698,0.5234564595988331
385.5969200004392,0.26061242546188623
367.0457949962381,-0.18430313589487923
363.70779157618585,-0.02236992578855279
361.12489353865936,-0.180022469780738
381.2474834646668,0.36504506086293986
351.86091955514394,-0.4855677117699315
356.9095724221168,0.07554654881732858
349.02468605224425,-0.07012251256833224
349.02468605224425,0.31768655704991033
353.97614250433656,0.14735331093163495
329.98727068717307,-0.5587256019286997
329.98727068717307,0.6037934786033929
343.50547134910937,0.06387394715250139
358.9148836384199,0.3647813055461029
351.98331606489864,-0.22011535451315467
364.035227414084,-0.03331874823857106
377.42496751467877,-0.12794371276129368
357.22643097197033,0.49182256702385985
378.0543581763371,0.3071965795554661
339.3318976657226,-0.3305695851724977
371.7588252684478,0.45753482536179035
338.78269069445844,-0.7484173649066861
338.78269069445844,0.1636368990906476
355.3015325177936,-0.00870676345357424
354.01199832007785,0.0843404508657386
351.77721361205306,0.07781882793403838
332.2459724539545,-0.33123694107280244
317.7324681732214,0.03645884449440473
309.1443769849662,-0.34824645070625593
335.11186502388637,0.4487278872693423
328.39556462845053,-0.2907563105245572
336.8022076344902,0.28084016686898394
331.36471196393927,-0.4005962006312984
332.3277447891043,0.548473816288606
359.2285703416011,0.14828745434135726
383.28791520400557,-0.05408352796166582
377.94291651092317,-0.4403983695374336
343.8294926748641,-0.1937230078185621
337.38768984460665,0.15025693785935346
365.4504667483864,0.1203197609062272
341.21181691983884,-0.6103388413602033
334.65811564594605,-0.11159965183037457
334.65811564594605,0.09461244570582039
311.5159939997526,-0.31238315740483813
328.86957528844533,0.7339012183721252
330.4090968839175,-0.014782498241629582
337.5975992558339,0.1246081367945635
350.20997457501534,-0.16696502986451378
343.34090129475965,-0.04342627218954931
320.7575089880526,-0.32178309973858177
348.6831907004671,0.5249204758143833
348.6831907004671,0.40984836797065327
336.2711263021119,-0.2587333358004571
336.67847744753846,0.11125434295513514
348.49733437511844,0.0782006692388677
348.49733437511844,0.06878045705752811
337.57311989080773,-0.07146562334799
337.57311989080773,0.26939729493926734
326.7296791494777,0.07841997586820071
379.4931935485417,0.6228220652169512
344.8777460045028,-0.8179535711796007
365.857974810733,-0.019607801696452043
363.6515395059641,0.039461590911173516
359.179656082121,0.11407392171668107
329.40047722490425,-0.30644522715840594
335.3648033172198,0.037866251785089844
335.3648033172198,0.2157714303349394
346.4926128832992,0.008457108526158663
361.3507811704679,0.24562303837797117
336.118588509548,-0.36809570215905296
336.118588509548,0.3067052154508474
335.8476940109952,-0.18861594457791853
335.8476940109952,0.6438170433682444
301.6277292785476,-0.2068438579614167
301.6277292785476,0.39846034403035446
326.21617690085384,0.2743030557498969
330.88353859455634,0.00937775779777894
339.14851008001096,-0.021065467761900436
330.2833217210773,0.06830183948989088
330.86809471744454,0.26532340827839107
334.4626176574733,-0.18305161683326787
354.4513194260134,0.3504363248326854
350.6451044530495,-0.34383220267284287
349.3386315323141,-0.07793835781035341
349.3386315323141,0.31237862263787974
338.1076199505469,0.18564041802153497
358.24475715526694,0.2647262657741294
361.0894685892184,-0.04978481232717513
338.6076767809672,0.08412923133221284
358.33847303819056,0.22219708429054208
364.47906667435456,-0.1840164946590903
377.6074716940719,0.17592478426763591
392.30702630655594,0.41865148360193416
385.20784554812076,0.388190534035175
362.87254200775567,-0.2834510488629576
414.7546184005375,0.5600483267585332
411.29928179729086,0.05764676038336347
393.83212365098603,-0.08243482667990065
388.0624483544365,-0.12907665762384113
354.63166726399487,-0.08914851344491126
334.7808252247699,-0.3050947022904893
326.64326219668266,0.0930880981240989
326.64326219668266,0.25886160079403453
323.14624668455247,0.09568245353693783
323.14624668455247,0.5066989334949312
370.64043688556063,0.5714493019937663
380.40026145536467,-0.09889197343829892
381.9173065063943,0.177280702064877
364.34320461514676,-0.04252826622337125
370.7220861188441,0.17350025299776917
378.83304034168833,0.12314455960790838
358.97789052675523,-0.3340601024215175
369.3237079014444,0.02653608040270683
387.9615161593202,-0.08912727550136879
407.75618552859675,0.35946441692544795
380.3639319807927,-0.43404908507659457
381.17944256526454,0.004184505480907319
382.1178452068778,0.09938767222752176
378.59206991053287,-0.025792790401055754
378.59206991053287,0.14237353332896419
369.71394535758606,-0.1558325992666596
369.71394535758606,0.29707752485523997
396.4676265796749,0.37528022262983995
396.4676265796749,0.45041085035097694
411.05546804074737,0.3963526064948155
407.6360212627081,-0.18156373892884403
393.280926423461,-0.04446598193260343
393.280926423461,0.21146771483586235
381.882224183121,-0.04513787086023058
363.70310824959597,-0.16324568256732164
344.5248427482391,-0.5220963521960584
353.14260428313906,0.14462396185422222
391.46646802087923,0.5503575415717705
358.8526910195862,-0.45589608238674373
368.94611527691364,0.11553411893328303
317.8008843832722,-0.633802723933286
305.7232743030272,-0.4089055071352732
356.96675720625825,0.3782570665940739
346.8895901144513,0.053504127011819946
337.42100091384236,0.6250188675861637
319.78152376660535,-0.5896758787148428
310.9230119386456,-0.003457481874079349
336.38225398245316,0.5749901175504419
335.83782866726557,-0.1519307764383484
368.6360604717811,0.3772493120367244
375.31635483547944,0.23076197044701985
387.1096566925485,0.3865849032645201
351.8190284384279,-0.4168811044434051
364.9879841867693,0.35909040454885144
372.0386561074292,0.2205056289831191
363.191481571867,-0.31389781653933824
361.5202010582219,0.17801809271122693
349.9091436531149,-0.13174709986674316
358.44173904359485,0.06002686258068479
353.2489815486157,-0.04481553388643533
365.70025971203114,0.0051172557832614984
351.9949869988276,-0.16103257541476523
358.99773133451185,-0.07404563274576503
367.16051523426137,0.29853432134268587
344.2297611002995,-0.3124792264568441
344.2297611002995,0.275175263418987
346.252524851106,-0.015670053603912493
321.27582597947946,-0.746380718907858
332.0410291009346,0.38991873569148083
359.10124060370345,0.300164987899052
369.8231810544607,0.026899069591536318
362.1016232105856,0.0751858762204165
362.1016232105856,0.10618894924982669
367.82541187006257,-0.26336638493114606
314.44998761134593,-0.6318467453781977
316.45424003804027,0.06929298785848914
323.45598151862833,0.18009818389259635
333.17322908435654,0.11053901918717202
345.3135327681811,0.3604557590761033
347.28098626953806,0.27344629975766566
351.2019876481755,0.0501724563271182
322.59082328507867,-0.28632749338441954
336.4220154311441,-0.09067159718097173
334.39872392157355,0.43507117933165773
320.12408815032427,-0.40612914317193827
307.2777888768327,0.06872366230629723
320.63583566051096,-0.08700604533726164
320.63583566051096,0.31497494528480274
320.3853867043071,0.21206050284240519
333.34817145628347,-0.041978314542348016
330.0698369838802,0.1315232648522624
325.6779480878888,-0.17480652593280865
345.99733944205457,0.3499854007537806
364.66059015442534,0.3555368699005612
338.27799089369717,-0.3740774480543223
305.1856960361943,-0.639285953548665
305.1856960361943,0.5622413617501252
332.11171225397936,0.07680354480203277
336.12581338139165,0.35955279448626243
388.3852660630057,0.25203567287314854
331.43907177783063,-0.5758078394025006
336.94148591036964,0.039867340156433784
350.61860289727935,0.23939649660519535
363.31364621844443,-0.05925759480567194
349.93161041809424,-0.47501826483528475
386.9189525426653,0.863809326357682
382.99115904827914,-0.3766275621924251
372.54682984442695,-0.18260051092090634
374.76355760610375,0.05603893997067644
349.13584947060315,-0.016708476180724574
359.6026547720175,-0.1619016442332395
388.95966562112426,0.30007928786506
380.6485045239648,-0.02360716090981896
343.6132506697501,-1.029879705835583
363.8690328368814,0.4337052594432862
364.9469007963915,-0.043598592820217164
351.3618812028142,-0.11133775562859682
353.0398818406626,0.06255914675830354
353.0398818406626,0.223284538466487
356.66312108449523,-0.34397638793143415
362.61953873621553,0.6906063968971239
364.21106604589517,0.3532697790739121
333.07687239847985,-0.8956629472977511
333.07687239847985,0.1332415253474437
341.3008530977896,0.1616132407252735
341.3008530977896,0.43327233680167865
325.92794164991614,-0.12260861245385968
320.7829218414794,-0.0424214658830806
327.4400694897708,0.24582476989178303
327.4400694897708,0.14722002024109315
332.1188933358394,0.15899527239832878
333.939217387461,0.04365338577702005
328.57680381896637,-0.3181268522712344
327.94714270033285,-0.07465860385514134
362.49156285811665,0.11588725318415527
368.7206059507978,0.15764125146279184
372.6972157041728,0.20198918319727
368.5964655958638,-0.09274153725300494
365.60108456961245,0.09801606756627734
326.0096875157399,-0.271034020504203
323.0091488595325,0.08911482104042534
318.71383550697016,-0.39430566486896623
317.0264766070787,0.32483895583982303
336.07588556735266,0.5486771127496013
336.07588556735266,0.161606545622476
339.8583683947724,-0.17540155118217626
341.5492059222582,0.38127259915768263
320.4649707026814,-0.40440015719070743
334.72419880756377,0.1003320183302776
334.72419880756377,0.3292234592013301
332.0985005547435,-0.1059984845943518
344.9644341589168,0.06757281592979325
357.97592553342156,0.25586537139918164
333.46591022071976,-0.6078661874034879
347.8390981389554,0.6359162539367844
336.75781148977296,-0.5235986296312376
346.294377870783,-0.05624762240381642
346.294377870783,0.1534972983819216
327.72607368180746,-0.39987739646494447
327.72607368180746,0.4999264622188093
333.2633033628092,0.5106913980200716
357.6820487872788,0.11472867153850075
367.6832777254834,0.19257967355827077
360.4999273215044,-0.18095222845090575
384.72684567881197,0.3491523614061407
367.76032924226007,-0.16493938014832565
373.84632338250594,0.12158214648968624
347.3839699295842,-0.4080080261438752
358.97541892612605,0.13310369242708475
348.8720372747284,-0.024551211228072134
337.46011627241126,-0.2591082397646005
308.40515057552113,-0.2765966102033417
343.50554282162886,0.3534373898439753
346.97976464400296,0.022021326794856577
330.17708570215757,-0.06655326606198742
330.17708570215757,0.5759606117525209
351.3851567046415,0.3156755315308146
355.2924454288992,-0.01420770775564506
354.63827557167315,0.5058756149558121
343.92251200897203,-0.3032136886339458
343.92251200897203,0.3290556811900842
355.70525070351795,-0.21330002043885088
367.5895123175973,0.3780297396994001
339.7552736085266,-0.4224373877641483
339.7552736085266,0.27999718589967415
328.01850211629676,-0.12019999600011033
350.240129002555,0.4305558248977377
350.240129002555,0.3176048431137133
355.6041671015305,-0.317323599544693
355.6041671015305,0.6396883306302925
382.6370598277476,0.8428878606013086
381.6618823789243,0.0033649533745574445
355.63258743038097,-0.4835077945547255
360.03924642495593,0.11593808519899085
360.03924642495593,0.22316631364810746
357.61531871311973,-0.00041569154518583673
351.8709718980313,0.2341586689065025
347.7740251232313,-0.3603759888587774
353.9206886460826,0.1471294409109305
332.75608950246595,0.1686655298478854
320.1079344312974,-0.13595230485782395
320.1079344312974,0.30362497377154796
320.1079344312974,0.4818168472029356
325.44160995341394,-0.04535928611255713
325.44160995341394,0.6112579875083384
341.50503025874303,0.10761353070301993
345.6141780131912,0.15753687726873977
363.36888692682396,0.42627600810976674
363.36888692682396,0.5207683761447015
393.26240966688414,0.02877055863723399
401.66997772010853,0.017187742414080276
372.3773840410144,-0.3503659391496967
382.4259965573368,0.3231501566086763
360.61062038554087,-0.3412542740786648
321.34771792412005,-0.9815396195751873
308.6608033437902,-0.14224989855347303
328.1928227777911,0.38563116498437466
313.40416893490305,-0.02943748578911709
342.5524970542788,0.45124007496133345
354.44436498238076,0.02795071730474774
349.96416692884384,-0.2907597518488956
356.3074150828384,0.5465925037306079
356.3074150828384,0.38522310957444006
359.6139668302502,-0.3459473965358484
359.6139668302502,0.22116679533974093
359.6139668302502,0.3097539920318013
328.818496305072,-0.03960509370335785
327.3600407313496,-0.03188815841156156
353.4993845909597,0.36692848387872345
373.2132849357829,0.5945216496876355
368.30499148620595,-0.2934523951820438
367.1305364562403,0.2323495713567354
375.56189545837566,0.01822254757007613
375.56189545837566,0.3997386595833632
390.2092218453759,0.007835639590666688
376.21433374087906,0.1224286210012906
383.5576281318584,-0.1252185711148286
373.22194345713064,-0.5368235079938586
353.5153594356528,-0.012830001796373836
321.04987820189814,-0.16291908058326499
307.02279883971545,-0.07564576967240555
307.02279883971545,0.42051362975018947
299.20396947248435,-0.13715223348117433
335.63692129907844,0.5891973803655901
352.2464565846225,0.3975783064014422
349.8611042314506,-0.11239262132494332
360.8016573795926,0.1478474016172413
375.6592493721651,-0.13615254143769562
401.4726398081545,0.4230623489027039
370.2618343731063,-0.4947437041541889
381.2387688799994,0.4993554966117699
365.49462482889675,-0.48920361048772065
369.7959098224873,-0.1118498918849582
350.49179058741237,-0.406356093204181
367.81274008757083,0.06686507100630479
347.0524516028849,-0.24692308316139133
323.45983598594614,-0.5741105895394867
336.8588463144073,0.11475893195154185
344.27432669537114,-0.18804969614370748
319.71554850395455,-0.17650769962051527
319.71554850395455,0.4728297294022923
330.3947425201757,0.2650958612314298
330.3947425201757,0.33403753453762874
342.0736517559881,0.05878825436025181
319.6450496889068,-0.0935321096375219
350.1758528209203,0.1838563956168855
333.2315868822775,0.0608501024846646
336.9877107536367,-0.12018564632512607
327.09161667431084,-0.5258388855693283
346.34986504421806,0.5428490264281436
361.5077911717419,0.05153603189035039
349.50737827166046,-0.18376286818374865
339.36635777162655,-0.23294208203344624
340.5442087804957,-0.13971412171520114
322.3629766566266,0.08719451111528542
328.665505580923,0.17677177166115143
321.80595252060755,-0.18356712391437213
354.98201893871624,-0.02190871933407834
394.36642404932036,0.5942036850461818
354.45785320338916,0.0338080911593579
351.64839189367234,-0.2912348436022967
328.2200002006122,-0.5290572467747552
335.8395501544563,-0.22113404913989143
336.2157646453168,0.07274340201342966
329.6686605230404,-0.1314550449201306
339.2378640084458,-0.19444748674868606
341.0163095597363,0.13347773614680136
383.0897468033017,0.5415150376642259
387.6202421901767,0.015526139257872273
360.28927757454846,-0.3494858751682841
347.0533312354636,0.08919773510683626
345.48851524681425,-0.23477440649799064
315.06178631890884,-0.38400283872340424
319.8914250347013,0.02950475437592104
327.13478552310903,0.05226063915290524
320.62593478326096,0.14241760347124455
298.8656177641831,-0.37238100809804564
298.8656177641831,0.4529162814516212
321.36716345303216,0.24769787504487795
321.36716345303216,0.2704420183712273
339.0459815127438,0.2977046528403662
315.5068933175106,-0.37251742267642385
334.54769731450506,0.12041278317860815
308.1053285202764,-0.0843254719458173
307.83651634593434,0.1613953836440487
311.72145423935643,-0.11503365524390574
311.72145423935643,0.6726531780974483
311.72145423935643,0.7526722242171218
313.93744173616756,-0.024932379392453186
304.8670427264836,0.29279218862279777
344.2820798600044,0.4166032150800447
335.44198895784325,0.03503602046907872
352.46709166829675,0.3137247859664285
364.8908998002852,-0.0021787717087136116
354.4704679560162,-0.09139033638575711
362.8367112928904,0.3262245689684278
355.66049337117795,-0.1959098883723982
362.93561878065634,0.32069913635029934
358.6381872442096,0.07786343052362099
386.5468621561343,0.12351065134544115
392.5859605169938,-0.16436932395174608
381.6527660467641,-0.2795471074365423
390.37819590799523,0.14516906050471334
382.68345687816236,0.13311714265353203
355.56840215498397,-0.49993608839326953
390.1222934261409,0.14282744819172422
418.6080809128786,0.21470435103947239
406.4988318043246,0.174083687967709
373.3746934606052,-0.2343693016140378
343.95688622867397,-0.33074494951745237
359.70209599362926,0.23532598388442239
339.50537172338704,-0.12089315522621291
330.1331165955654,-0.6346352991737376
330.1331165955654,0.8123226029526904
330.1331165955654,0.6354030510871098
361.8598306604153,0.7827298250718968
351.57944136270453,-0.18341052756170484
366.1122540770795,0.05870658187632216
381.36571564666303,0.2194710296695348
381.36571564666303,0.4532512026535187
379.14491087544343,0.214661937720507
328.4796519982782,-0.6246305875954477
364.7903925159377,0.46918101738128826
382.06812158084716,0.16357392614975197
317.37444407389233,-0.7532764093077731
312.6857093626127,0.05725280094429763
316.92755919267296,-0.10188905198788234
331.0084715931721,0.28455045866746786
316.1759038474888,-0.19785753584471877
327.0325035601356,0.2890364369030749
354.0260532807331,0.17220795448110948
354.0260532807331,0.5667652763283968
354.0260532807331,0.6032059103179108
354.0260532807331,0.4505057916618398
383.8148673110408,0.313183138514205
397.8297103384367,-0.018877571495863776
393.0085989756717,0.31239539057014554
363.12598287309527,-0.5577396165944037
368.97154722835916,0.14698068136772235
363.0078025829478,-0.015621797513631464
332.25907718501367,-0.8297533730003579
332.25907718501367,0.34844786136454786
331.84122766371553,0.17342898029073694
339.50297163365093,0.21184732672872997
354.72087037359023,0.2811558840546695
387.2423419579152,0.41536543439247
368.0000617393803,-0.13359134495203762
365.74087895762153,-0.19060922632547772
361.88769510056375,-0.02183260522213004
347.3021234726704,-0.18003278585194948
347.30271397438963,-0.13013269874136313
359.20762076316703,0.30098726393111974
367.44436116190553,-0.2294639587966003
367.44436116190553,0.34161823132683367
342.6435188389534,-0.2568339558044954
351.05565012797393,-0.029048657900034414
332.2543651793413,-0.2082139522719899
332.2543651793413,0.4340992097202161
367.0824103137454,0.2726505130633541
360.966839109596,0.06406933197945364
374.46320911613213,0.0804772589303866
365.717510368729,-0.5407888645298726
355.2344690868647,-0.11410459040439491
361.6257777488426,-0.19257801315757206
339.8124365939962,0.04869963284511414
358.3751012571965,0.3248832820190728
353.06587548439455,-0.12890708225734215
353.06587548439455,0.3658832007620276
345.18618849368477,0.0530106839310065
344.6003461133894,0.24510166084542107
344.6003461133894,0.21088530063639155
371.9718415145317,0.03986989098370941
360.42891303466234,0.051022790000615714
325.4791616958859,-0.2777182950712813
369.0061422304167,0.445954641656499
383.3596320774182,0.3940165701294518
350.7315521141493,-0.5151845528372405
343.5358718758442,-0.44764836882802683
372.98725622983955,0.18437361957376197
369.44440029828337,0.24317969491005442
307.5302774955526,-1.0413389368238768
330.179506567728,0.20820563525774105
335.5775450821508,0.19242349034561812
359.40578520313255,0.4492628437581061
333.0282709393964,-0.644853865594996
327.949633333565,-0.12213943880215083
327.949633333565,0.43364804011980596
328.39299327309953,0.09423200612332039
354.1456874492677,0.41336720012668593
360.95533591982604,-0.23394444002690307
377.82143765338697,0.2310233557122956
367.7147015131878,0.06946879296333464
348.10309200091916,0.19088207221170705
347.35262354100007,-0.6707476675724138
365.92757466119656,0.49537124328844584
363.119581840643,0.09793340583735244
370.6367928696607,-0.09844809708420144
354.4118524483295,-0.1769335906019478
354.4118524483295,0.3199708072386329
363.58757425661395,0.05728877977958291
375.3133536841459,-0.25678401855839184
359.52505435895995,0.005093183500548548
369.86248723482225,0.08305615381993903
386.82488049946664,0.11794277193769176
345.3377245603912,-0.2616429416939354
332.33566736871876,-0.4393022845044925
347.80498868319035,0.1355366242303262
322.3440341790086,-0.054919314649396256
322.3440341790086,0.2870843469358988
325.19408331140505,0.4320398253324811
323.88358953739345,0.06934386368186551
364.62081926273527,0.5721985358920847
336.864266832335,-0.6091290554668376
336.5583697875571,0.1265654484524248
345.45584434028234,0.2078184047279592
345.45584434028234,0.3309663962081686
323.97727114462947,0.019591809084658962
323.97727114462947,0.5447830388454804
341.8668367679492,0.33733854185356904
334.1823175419557,-0.4345250274315049
336.3053734173359,0.34610134412446314
332.70913619402324,-0.20032768284374924
341.87872339790476,0.3317291857908913
342.3759498646382,0.10667728431337764
313.60812938978296,-0.24462493075770908
313.60812938978296,0.5988259688843982
362.57382625896867,0.4356120444310818
305.31153111842025,-0.3920857424349151
323.1027769495934,0.08417193951936497
323.1027769495934,0.1692642813495695
339.30211238262024,0.1471714956564938
339.30211238262024,0.5695895131084399
335.24532949396774,-0.05261578018462387
363.88815993557347,0.43968570178424216
365.29109717592087,0.016066115783019086
334.35411900215166,-0.2891240847825429
334.3233313169951,-0.044598216039389627
357.52778230244957,0.3938062261182722
370.15139183907854,0.17207422010028495
370.63227467871866,0.206191504172466
359.6463457802938,-0.3120731450760559
368.2524165787547,-0.22333532159620972
345.88238396085853,-0.5152500554954713
387.0024660002752,0.5705195479205258
366.56470953221833,-0.22800197400135858
378.4190986826321,-0.13710063984433418
359.18358510485456,-0.36802096293854447
363.3724989645739,0.2181441372797508
356.39326647954385,-0.17252994706643676
362.74354754320774,-0.24674757288801175
384.48965498414805,0.34002711728464874
408.59456081888436,0.4374774473880052
361.5062535214999,-0.5862640566668915
348.7389233808164,-0.1603863194410451
325.3117006022281,-0.19984517881346164
325.3117006022281,0.29750478488790577
325.3117006022281,0.9691780425397383
332.6060055476876,0.08583253276265168
346.74480062394537,0.2798268656450773
344.1708198975253,0.14424269681012447
334.06500216609425,-0.04771485644141649
334.06500216609425,0.2863900627377234
334.97529536371616,0.001061980155668607
338.7317242955175,0.16339710830163767
308.5090274812197,-0.45592196406346375
333.73647843073627,0.10539922510054112
367.2328424699214,0.28695411185810826
367.2328424699214,0.6157304636510617
367.1301813009479,-0.4168578091536119
367.1301813009479,0.5065614411950037
402.02144167793955,0.5675518884088433
376.5063846959567,-0.33986346286053504
380.9414235390005,-0.12943793389990788
395.1072852594671,0.21575842985373583
372.8529030515652,-0.057693835953955386
396.8215109923325,0.28653156114569356
387.7081715344747,-0.1694866231123342
389.30205438547705,0.0842790098806745
387.36526837869263,-0.16842491336751664
367.3919097585436,-0.6181734297363164
347.47231803357204,0.18544701772475491
333.3333201546347,-0.1557787318508872
335.45271969579034,-0.4477710717630998
332.5400728093655,0.10851843570776509
325.59303138988236,-0.17526613157838256
330.87724431217555,0.07506468498399954
330.87724431217555,0.6311728220443911
338.3769801233319,0.10970859122141974
338.3769801233319,0.6913475576665178
355.06017048983256,0.14871472145227926
338.937225148712,-0.03003884446252414
345.4981104202979,-0.2514598074044443
325.0992772825992,-0.17578241570208775
330.07025143759364,0.0024003700276580275
353.5471430252172,0.5867526223123605
353.06091276159407,-0.19809159226247175
383.7690053628724,0.07195698074565371
344.65488029636055,-0.4592500117942109
372.3930541369563,0.29776135872930354
359.9372139932934,-0.19587534496554326
349.75189027184666,0.007582245356388739
370.00919786572643,0.0410579120255079
370.00919786572643,0.4787743376397202
350.27225074325077,-0.05764406281684842
317.55623569697997,-0.3845695254627799
327.6869441173857,0.031118143007915933
327.6869441173857,0.1478937346251996
338.1314403903466,0.2272684422466682
338.1314403903466,0.32373429594269965
345.8094640960602,-0.23346995540066473
351.9035688191191,0.13482853835330388
336.37414577451153,-0.0508477442806452
335.2445813774927,-0.16810955465689403
362.0686613078904,0.5130370124186356
367.81761914295623,0.09890002475935944
372.2153821207374,-0.012290007040519413
345.15429683951373,-0.10067279708130172
349.9472644650257,-0.3687365151636186
357.7315597170686,-0.12815773632655691
361.4083722954993,-0.21282168891775655
361.4083722954993,0.23089999706917297
334.1339290894115,-0.4796329691929486
354.38668470390996,0.15350789918556984
354.38668470390996,0.33135904721780207
349.99524429562945,0.24863897434306637
344.1131938123106,-0.1975115548177655
344.1131938123106,0.21682850701870393
344.1131938123106,0.754476485777559
336.79443498087113,0.007705056793952281
352.2144150581681,0.24297362072354645
352.2144150581681,0.3870630318959911
322.67606082000697,-0.24306542173053458
330.43402515675973,-0.29468883804429424
343.3209147085318,0.1700524282839524
350.8723386469839,0.17696020437858806
331.35856755435645,0.20929276395111174
358.4615679967829,0.6341602182753832
367.83000024508084,0.09865567631777594
374.85189345042505,-0.029622942425589827
344.6731734429091,-0.4059165066289552
344.6731734429091,0.07687735685226471
339.4241247569112,0.19805039188122464
324.47495668819147,-0.015994686580938833
346.3557007420712,0.268075026767292
337.26553374940806,-0.2504483340337629
360.0766227441031,0.545081123549835
344.7792359888758,-0.021639668731495476
338.2947771763718,-0.11087831074394217
328.63130704675154,-0.32810212672859507
363.23615346007387,0.31008249270678334
363.23615346007387,0.19844577796618523
361.47834021592155,-0.423326883841014
329.9502358379729,0.045418349462352126
352.0418426209773,0.06376890723390716
335.67084822000936,-0.2615999542705367
361.7735057176539,0.6103722794622399
352.30676068508495,-0.16592551901806019
355.22049220157817,-0.09861892793060179
360.4728755656999,0.26756093095707456
350.1908276193045,-0.1715287563710035
351.47857614529545,0.20615198064763263
351.47857614529545,0.9098391621680548
345.22833975863955,-0.12174696272609253
331.7626761604967,-0.4672445917386767
348.1027871360616,0.17615168980796625
370.97828855389116,0.5451854553153908
356.82505402179834,-0.29979673759078196
360.69113629240303,0.22328018024143148
365.6190039969417,0.03442287307598235
349.20738885654754,-0.7568912599547275
355.589685462038,0.3889369367929021
346.5320294361218,-0.4544305069046004
346.5320294361218,0.5227438950238366
356.0384500358031,0.4126114344613825
345.21952353219024,-0.22733605055759654
364.4568609079003,-0.005258807050495307
375.0689815349707,0.4538118281734569
373.5660866401742,0.3192073989930577
347.6555803828307,-0.7183855472544565
348.2462973097695,0.0891910306106638
326.9536481410878,-0.30571632624787526
326.9536481410878,0.43914527637582523
360.04397156460186,0.6179085564516527
360.04397156460186,0.36677184153313647
348.4102096914275,-0.14750109069950668
341.73257091438165,-0.645455101499465
350.1229594005671,0.3425107181863041
336.58187806946285,-0.05511875106822117
336.58187806946285,0.5475922194962095
366.41362455494004,0.24935321031091462
376.92831888693627,0.04728344797524642
350.49184879242307,-0.1050739952792128
350.49184879242307,0.5894690387991659
350.49184879242307,0.6332058326740935
362.9852255082949,0.30049904912959846
342.529772364864,-0.540963660566149
362.42723238980165,0.15937890855184378
363.69508815975763,0.05882169488995714
345.97185491595485,-0.2688742507460802
345.20638905980405,-0.04933667422903909
345.20638905980405,0.4534234204944596
353.45194757866136,0.14756100866225097
339.5148014608411,-0.1461027121429197
348.470602368474,0.2353207425526307
351.99418856072975,-0.368952380454175
368.85506742625626,0.21318733161331238
346.0109537008497,-0.41277851451695824
336.7353799110103,-0.20649256984984277
336.7353799110103,0.4627553470991188
319.0704629612153,0.03346536230014863
307.56968249268243,-0.22854858234916264
307.56968249268243,0.2975520097338631
343.24940293532995,0.2929272846715776
348.3432169973448,0.1368079446634738
350.3492915249476,-0.085628522181878
368.9444316088872,-0.011236962403927464
384.0087114716051,0.2556732866439688
378.6839344752114,-0.28000917777023915
390.498725762483,0.41533039211799405
368.68879320787465,-0.5620409270967457
364.38303521642325,0.15093938203744983
364.38303521642325,0.18437018208464906
355.19520565078176,-0.06852721937798378
355.19520565078176,0.5357343158524372
355.19520565078176,0.37098102618256235
380.86785017245074,0.5099913218525671
404.4857599162323,0.7413442449976628
397.41102748250864,-0.3001028746747352
370.2560550108576,-0.1625029078549005
374.723324798618,-0.20754879359867573
374.723324798618,0.6049330455849713
356.53399389451647,0.13050406294576078
330.6459067525164,-0.29622026072752305
352.12202803032545,-0.15121312827193378
352.1565598918839,-0.060509071866135855
380.1499744783267,0.4729861299060758
357.0080110214371,-0.12501878916214082
343.86274362791767,0.04370875482891279
360.50910540063575,0.2836429446672355
341.2818570226886,-0.1927866665566853
364.072258739284,0.41882172294685915
351.7622860748145,-0.5001874013918268
367.9782751979368,-0.252447708327054
358.48038582108734,0.05461577761593617
358.48038582108734,0.3008460344492505
367.41386105148615,-0.15405951000286677
367.41386105148615,0.3541744706840291
378.10035282523006,0.3965471130500191
391.4876567804328,-0.17997520841709047
383.8166634729691,-0.003368238629491316
374.23328244514835,-0.17403127603790836
371.07641464119166,-0.14724638350890018
359.27646976880953,-0.07150631541992425
344.80586914705555,-0.2246206878829753
344.80586914705555,0.2899043894576607
344.80586914705555,0.32185912491831914
365.59388514356095,0.41732057365663877
339.3728177383946,-0.2752999549309152
329.1040131842737,-0.0860829525868212
348.26303044092106,0.16339051766385637
338.80718384784467,0.20421792069635103
315.5105493369602,-0.38636714457175003
354.1821895971819,0.49442206879336936
351.52885272993024,0.13006618277415782
348.26171627486,-0.355655157914498
348.26171627486,0.7247875854333188
348.26171627486,0.5085654776560204
322.30126430538144,-0.32812448013646645
318.9158995693423,0.2867440084080499
331.47492467068577,-0.07931289686791843
326.78077034102944,0.23692149010582852
366.9334120629982,0.1210712741108182
338.0175327444554,-0.31918716155894344
368.8769363217748,0.5231273224030701
352.4628828221891,-0.5602319237923439
338.5708851096601,-0.10419840886004295
344.7702252757114,0.20556404300077702
330.6121104238072,-0.3359067749290716
339.92079822842527,0.23870048291735202
352.2615561188226,-0.04723680969107136
361.06838762555714,0.16306225995663226
337.4194996816444,-0.16784130530697894
337.4194996816444,0.38334496254105943
364.62621801449825,0.5928999660486625
381.43294985230307,0.43004767229308527
345.6346751865587,-0.7367274574969542
355.0035445462436,0.14297523578818527
354.1428279703266,-0.046851763698782634
354.1428279703266,0.19768732861859917
354.1428279703266,0.24017860095887045
323.8076230367629,-0.48763211375330684
335.7919808000942,0.3076567337302549
335.7919808000942,0.3846093399270103
336.6877964402269,0.027581235081470368
354.36494428129254,0.14779475220097993
365.26598122484427,0.04334517731604137
371.01965736938365,-0.2862436714639216
383.00764626725146,0.3130885311707061
359.26012418535925,-0.2558319518444705
359.26012418535925,0.19865229417086994
369.7041129557131,0.16501800086143703
350.03722821718935,-0.0999368510581462
356.420060153438,0.40584528226577277
374.85083783750497,0.03246302663978895
389.00500454049086,-0.046763446472596115
374.464121481276,-0.14665754514908258
354.6767583280905,-0.0578184000805777
354.6767583280905,0.41670011371365945
365.81618640561885,0.14973311007213397
357.1602469182178,-0.3350084732448977
338.96356212088347,0.08501765039102338
366.8581715234262,0.09479162505067507
347.8575886757375,-0.21333437536065958
361.5586463243715,0.26278586516150426
399.3300679261704,-0.13553535811615802
385.1664671362567,-0.13523146339957748
390.1153086559271,0.021655528101291566
355.98176424729627,0.05905772565154166
372.97782194258684,-0.07658746878098555
397.46159776830126,0.3514995977095623
372.474681151546,-0.48479786056554985
372.474681151546,0.6228491069871325
406.48383640785795,0.465796842066311
391.39236243051045,-0.019420680187295147
371.67039335343566,-0.41844198429760127
384.5829753508418,-0.22094403395931295
359.55393535628747,-0.1724678470187655
393.1751754513458,0.6069988501847092
354.6029353723562,-0.7568379178238729
359.65121195231103,0.28241485596993243
344.22057745251783,0.3955785737716724
370.62436200735885,-0.06542959763328327
397.33795846902535,0.23553482547185922
395.63415561572583,0.12940473362914418
383.76697435280033,-0.21486028339734276
398.1859145438085,0.04762086494213236
398.1859145438085,0.4490103134803576
395.6343355671951,0.4814961064820409
383.3273693652779,-0.08296441661059362
373.200637501638,-0.29491708744671996
367.0041929921519,-0.2026003551982285
367.4959570632305,0.16353437460986697
345.8295671849808,-0.4331354132813203
346.2882889415211,-0.17725449867680254
348.4796997660024,-0.08914144854077222
375.98914773407466,0.23742115252707663
354.2034822997857,-0.5714109363551643
347.5832754683907,0.22723310766195937
343.9157234328947,-0.08490413070217073
329.23076710147166,0.07340794387857841
365.5403372618033,0.289885106797783
331.16689451813744,-0.48219128272421585
351.77300645128395,0.32079797199753557
306.330185007803,-0.5342421098707746
351.9860522138147,0.32767134124958375
354.1158609347848,-0.041862034153950844
333.06838885422906,-0.2691764095120561
358.29669826535,0.6031259783939049
362.03450527203296,0.05329564807925635
370.11622224031964,0.0028242912316045476
378.95205826822354,0.2746307416801983
349.58326564820743,-0.3344794631902914
337.9430757046908,-0.0008288212724210098
337.9430757046908,0.43607520951411516
317.13529888260916,-0.03336781684674861
320.6098641723789,-0.18740666623784819
308.949101232286,-0.32298774518972095
367.91802820722774,0.4423657365256304
372.67806011264787,0.4400300785222271
301.6941344050137,-0.9428327226564761
325.4378728558504,0.45355913064554443
323.4928814280724,0.1078533666527619
316.17017465468314,0.0001269157535261911
303.04638504728905,0.02972685952613574
291.88784446367424,-0.11762944773647632
291.88784446367424,0.46139982565011906
301.83223561498,0.06777171923022252
319.05274937422973,-0.02263440052183796
319.35157252463443,0.24208585617998324
318.7503553089186,-0.1730424920497171
347.1197318725136,0.40899191215294195
321.8105982131495,0.17293111168976338
350.5894672739056,0.5246507760411987
361.31044320941226,0.17983019990720095
357.9763803434596,0.28540627195332036
366.8247361894028,0.001728971658849332
331.2451948507985,0.040501165559248875
366.83020464111115,0.21440721693272735
380.5182567924737,0.18894804111835128
358.75023646427854,-0.4020996214612751
372.92693597926717,-0.1650621042349485
372.92693597926717,0.27620398698729787
354.1271526076612,-0.15437594124614407
354.1271526076612,0.5954824041141364
341.13369122238646,0.13595376911280255
343.0957639383586,0.13534437314581282
329.49739057084093,-0.1173013924234283
345.1742215541023,-0.18451187230675714
380.8029665738876,0.3593885638033498
338.56019318167364,-0.31851177083945004
338.56019318167364,0.5883779713552713
335.8974576698549,0.12265703311504694
346.34619440481447,-0.12021523829332637
355.9509339917473,0.3981780526376042
353.56578436058163,0.34290401795647085
333.52244461587617,0.038778049834945705
344.22116590381034,-0.17301296436517077
275.65812675681565,-0.8618654236918246
317.24140241488516,0.551297635650144
323.04523377187627,-0.08550312580666741
323.04523377187627,0.5254599332154157
330.0697244132729,0.24899872422963654
337.1458523308085,-0.3129949403230512
358.39473682996464,0.37985702213904915
407.42392856126514,0.4399415816557166
395.01207103570164,0.20723528893336152
395.2209264330124,-0.005930834576474808
366.4126170295193,0.07272047136223136
351.1572634360017,-0.5046837400144568
390.36831615990167,0.3948771437795813
372.2540429127732,0.008903398733082213
372.2540429127732,0.566176218823216
337.63815822929587,-0.66793006577916
329.23004949841703,0.17968028127916114
360.633549765369,0.34591366594327155
364.8992943176036,-0.21046404520257056
379.4931051425512,0.3724181587703015
354.38498421660734,-0.20610933642660711
382.34441878679246,0.46716357888442417
358.9791505750924,-0.30414793273985197
358.6672973782923,0.024990690602749055
342.2709722851863,-0.2687527505527214
350.6806753064256,0.12574100941037614
333.25037353920965,-0.2769131295792704
333.25037353920965,0.17858136674192338
327.97060244332476,-0.18059499821140435
329.82037127038586,0.7566288497329197
341.83343594348264,-0.286054766179177
341.83343594348264,0.2324519872682913
307.89928660439,-0.36510683436972613
320.1728808714923,0.3189153834695162
320.4058321823604,0.23624084633115672
307.2151912109128,-0.2899813997939873
307.2151912109128,0.5352938908841907
319.88385366460324,0.24666055055854486
344.6696294205054,0.34389044756812837
345.36684975392734,-0.2667846348150533
354.22955432764974,0.40713731935557007
345.3891917642321,-0.16445967023219055
345.3891917642321,0.07457888747512698
360.55317368580364,-0.08995310565387626
362.75964181908495,-0.1732451060679523
363.2551186567045,-0.09928265671101144
343.15621894207897,-0.11110480042589188
366.1755367800619,0.03986776674423709
366.1755367800619,0.17364233872513068
402.9937535772581,0.5011063147633195
405.1015521430358,0.15220783843483332
403.5010102532908,-0.19332396903598692
391.3396484945307,-0.029962369764007235
377.80650644908343,-0.44693514727850925
363.7416154850347,0.3622570117547639
350.5711735934411,0.1460363660926305
371.00209319050214,-0.040051344196626815
370.64550509423657,-0.18305402079806754
331.0811345947103,-0.26409462941887796
342.3616455389194,-0.21639297657634415
353.25991514287597,0.07598570492177714
327.28727933345584,-0.5607267602190404
346.43850338700105,0.17603472717610202
325.0509031392384,0.03381362154391354
331.16603293636035,0.10194824772929678
334.2162531519718,0.36464645344915425
347.701261626213,0.3207333890089785
331.8442208693369,-0.4832126635927807
325.1372733551325,0.15140832792496894
299.4873399063755,-0.16150484135664556
299.4873399063755,0.5602397582659933
323.0056340724782,0.16034009561610674
327.072910683694,-0.12580456385137495
352.213796458437,-0.10168498807013293
356.07931402252314,-0.01179037643510128
360.79114700070926,-0.03222971340665026
348.58153002655314,0.2424065586501456
359.7416317676965,-0.2958577508943563
380.92158289870804,0.19656559163593101
380.92158289870804,0.16640892557438747
391.6908618776803,0.010283740783847861
391.6908618776803,0.5406006635118956
374.4264803700289,-0.16124705954700858
374.4264803700289,0.2932110550309517
356.5932100724141,0.16040877684258703
365.79445299342024,0.15238283820588094
386.2322922524057,0.21272767498021494
368.313345067344,-0.402429258508505
397.59392884243806,0.4668040726306799
365.5549135657037,-0.40096974729442536
347.44348958755353,-0.0495551831929788
360.00119658639454,-0.2444175506642523
376.8369497657597,0.3881539514106862
361.65676432047576,0.3186675528476144
303.4866158959974,-1.001291899754392
326.99991365716244,0.254939380203723
333.2734672743792,0.2356738087003123
313.03052513333813,-0.14135331274962937
321.17613210538974,-0.26606397925456804
309.55941169580313,0.21506995960976383
308.3720470520431,-0.05826065757378274
353.67153597635934,0.7050427730956699
302.4619663399871,-0.5829603122904246
305.06457074608005,-0.44551256441639
334.75023423853594,0.504364263467437
339.2950394160448,0.22621502488561873
334.7916192018615,-0.10414366102907024
346.4625719339946,0.18706073814382762
334.9938767803948,-0.4873843863181264
351.99423312833477,0.5313552114746471
362.0453833624914,0.3803310073224111
362.0453833624914,0.1530639093471109
332.7011951991693,-0.41367928487647987
332.7011951991693,0.313747952528729
333.4661336256234,0.20298464355983015
297.6995077132585,-0.2786543084432651
297.6995077132585,0.5616245350208828
333.343192396711,0.4960449506652367
334.70373953313606,0.4065107673474131
359.3180518441978,-0.11102946388029977
349.084377894781,-0.12008249432301454
336.8554761304083,-0.2606358268276381
348.8545790600174,-0.010681041035240924
323.37027751035225,0.2384986778658913
336.0482536430255,-0.1891105348873907
358.8947409028607,0.32811725263104563
356.7472903600474,0.06528443409479223
364.21678481153054,0.22550862196544585
359.4793477650793,-0.3329802817037262
404.67123169147783,0.7902286889989227
356.0363587892146,-0.6687827884200033
380.40353057594666,0.11837620497635726
345.1149722961456,-0.49625072118510616
354.64518856830506,0.14396058188754068
399.0287045061412,0.5460211669569617
366.3126886998594,-0.22011477194178042
344.64954418268394,-0.19389921721722203
346.5911486081892,0.13027384597762648
366.8292237948073,0.6068278208441598
377.893520763536,0.11057892717553841
367.83223196988666,-0.14903294253019794
383.9745575085387,-0.3809522031367578
383.688699527771,0.10970536835111488
415.3360324669478,0.013130659704074787
368.1249434688631,-0.4074953539231956
339.1687214605008,-0.49522194402004516
356.38586278443415,0.489315359202692
361.1453547849542,0.3321423839813633
343.4726334440454,-0.814709144449921
343.4726334440454,1.0959187764212857
343.4726334440454,0.6616247032395677
359.78503193182314,0.041214817612967636
356.6288260055272,-0.2550131477029254
356.6288260055272,0.6886873274446543
341.3903245072244,0.3092085464897991
341.3903245072244,0.26792066970824635
323.9641876631676,-0.3369535399936012
323.9641876631676,0.49447327715165557
294.6941187568029,-0.32113587362664475
330.13253366826086,0.451729899189786
346.4981017285282,0.41138660267188243
332.9971694248004,-0.16378860538316076
358.1003471327329,0.5103062877358298
327.6035126596528,-0.5121387884537398
327.6035126596528,0.7852072914238306
362.73543193339594,0.540747139810037
388.8318518771554,0.3565943671903824
380.03183483664804,-0.4464764030290098
411.72374956506684,0.4601661057804449
397.94530608539395,-0.3860384324334518
378.3178243784865,0.0645407162032825
356.7691668950794,-0.39721147520810973
360.59871896849205,0.22849682823266448
339.5503490384755,-0.10990407938743374
340.4121110221312,0.11749154940343942
377.990461407009,0.53442513636071
335.0631734073988,-0.6683333035089163
335.0631734073988,0.4829423918147313
335.0631734073988,0.5885756438175349
322.3964779325219,-0.14944150932115008
331.79356058625143,0.02180532395902901
331.79356058625143,0.19055591868709598
331.79356058625143,0.5927910776110821
334.0500151029163,0.14698856140591943
375.8772680521103,0.2621033257134968
358.1515169640313,-0.07852487722959722
338.49682382903273,-0.39068748326087643
311.81257847200703,-0.3575474404497072
317.6348578064937,-0.49237776022266644
317.6348578064937,0.05735388776315631
317.6348578064937,0.5787630781163671
349.5073960585315,0.6195663729509988
333.31018183467216,-0.23999891309040322
339.2958291349087,-0.09259360305111386
326.40265314330395,0.001421650635847982
318.31077227077736,-0.1365211837072593
299.55869220980924,-0.40336073016317187
321.7345884804354,0.5095891680596196
360.8483569056088,0.10612308231122825
324.46064322062455,-0.14316274904138027
345.2073544683238,0.12803852147874295
345.2073544683238,0.6963751676132688
353.1443034304572,-0.0929675125439644
345.2408680584477,-0.08829688957757753
350.30732586719427,0.4276746105612119
360.02000127296543,-0.0816382323534981
340.56585917124,-0.15499619341949256
340.56585917124,0.14742218206083635
345.33187691318955,0.3688038804639291
352.86620020241395,0.009890603514122631
352.86620020241395,0.0543353920336358
354.8840071003673,-0.06213965711799574
331.19967470146224,-0.1610537575950275
338.86747985707166,0.05730891001485361
338.86747985707166,0.4184506018336833
344.5594619906322,0.12005793630692096
347.11139481222426,-0.0073755189531539145
337.14760131165434,-0.17079659082639864
317.19169153263346,-0.276891202105503
311.56956335035625,-0.1353138209287863
334.0524027065236,0.3355422274890998
331.29946773097436,-0.021978074236017164
367.99766529456383,0.46344270601412063
351.8030618405265,-0.20582375753326687
345.90894300254524,0.19281200250622987
374.34317013920673,0.14279624533537572
369.78418120146364,0.21077362965206703
370.6323791413938,0.1797044889162862
358.71535344571805,-0.1428954159539444
341.91844025416015,0.050175064038057826
341.91844025416015,0.3104112215406758
336.8548155017367,-0.46752960814455946
353.6801987543642,0.5027972222635526
327.9173355349457,0.038686788205950506
339.9395063417089,0.01314064728262565
329.5873737685573,-0.04064710407499206
326.869962184261,0.1680204062863595
310.40086950701476,-0.34820189900506193
324.69023308185206,-0.07444630715417588
367.6103602226896,0.7133560250200617
333.084501365534,-0.8917853175260007
336.92028185597417,0.38325303752833406
321.970416956198,-0.27425790022698493
321.970416956198,0.6458852493180984
338.97006349066197,0.09825152285930017
316.1570265173853,0.06334756931403263
337.4951401898785,0.20430861065608497
333.66276437550425,-0.17048936064918507
356.7953989736395,0.15881830979606093
347.5595033448672,0.09031422080386164
347.5595033448672,0.7135599280481983
363.90909367549654,-0.18425398629165102
360.209607793087,0.2697590895168105
346.16728119568,0.11629858561207129
339.08326706605396,-0.18701266422283425
352.6945805332245,0.5218080145961039
330.475670294649,-0.276077560296244
348.08356492517845,0.1975926121616567
339.9187708149703,0.13157534361585022
329.0800036482576,-0.20601809941990723
359.5253589484206,0.30070306112952494
306.9378732305809,-0.7096293587864011
323.5378975106543,0.21453419850081445
340.78288234462656,0.09201775378119237
331.5031278419186,0.009518270461967404
340.88786392812654,-0.2198485552752345
341.75419317252255,0.1953889034950862
351.16762566425666,0.3718407685552165
353.7131038981705,-0.25358160402049634
354.08122498591035,-0.03034448377525223
409.04234967573177,0.5187870405201238
404.8210144463977,-0.18069146956315763
380.89697715023954,-0.11980374701431629
377.6880069243593,0.004747890537146304
434.87447417647843,0.43736232556398136
367.177909134224,-0.5240258639098556
328.7018798591182,-0.2680247590913041
372.9727920232807,0.7595526380989668
381.8857814294344,-0.07696361234400229
361.8193396049974,-0.41125006690026567
382.6385618758001,0.5443620261817159
379.2392987258205,-0.1517388607335306
363.5249098773494,-0.14050339756704489
353.4591176573605,-0.20872112385791297
363.551719139408,0.28524434330347503
369.4949754015848,0.30732202285071253
359.79774277676984,-0.3854588543903219
355.2409172450516,-0.09948666514685556
374.71600116147204,0.5937716362154788
348.466561566527,-0.08565390605338052
340.3793818044269,-0.1118344561439244
371.2005954713822,0.4730547503448861
379.328932576502,-0.24008805804737676
379.328932576502,0.5548873930140417
360.33289037911453,0.27548763769527795
352.24485423471606,-0.24487436055835587
337.0049887567972,-0.14158844079997834
356.2766332990045,0.10127469113410825
346.6153398875888,-0.326113766259823
354.2246594782796,0.03053543961914329
364.2242563149938,0.3860993226238634
357.83961773498544,0.0966218807155883
381.66086485729335,-0.2977353333052406
375.07886506113084,-0.14188930583941328
372.4440857168743,-0.2689013279033361
359.8469778203587,-0.18483764489485566
337.13783649204237,-0.47787963642713294
337.13783649204237,0.49565529897904526
337.13783649204237,0.4290116350657627
297.83410153911746,-0.35494039075024375
312.16157036640567,0.2847345495093805
341.1427730361762,0.5082077859281071
323.0385774651019,-0.3670356537813859
346.9359151842272,0.42367676498110995
346.9359151842272,0.5264476486034937
346.9359151842272,0.39338490976592766
287.19371891652145,-0.6082726925870929
287.19371891652145,0.5736430876070244
283.4774206064627,0.2389042537771502
327.80920695465517,0.491500056045993
350.10254061070424,0.10761789094669894
386.7312270713126,0.4806390610708604
364.93518798119493,-0.35695770948177596
354.76335007273724,0.06913659065583033
382.26479148140703,0.2718031004603745
395.73283107253036,0.2568105869900137
390.7993975391296,-0.054561441702048796
400.98412408926123,-0.24674161310144882
401.88296039237855,0.05323807587092233
357.73916701972826,-0.7798818574930237
357.73916701972826,0.5197484386733322
358.731211286057,0.14161572702118974
372.11157412613636,0.04712202839436941
353.93723558961534,0.032990826531431594
358.681559997603,0.18175041443760165
347.1929904491872,-0.22218585726227502
350.3121096154768,0.04862111941542935
329.14605442991467,-0.43370560272796865
340.9472424564889,0.20707962510971356
331.9203291080112,0.23927374919310296
323.1231811802043,-0.3777344240216962
323.1231811802043,0.23279361847153268
323.1231811802043,0.4260902904161412
345.63378753359694,0.6300311610937115
385.52748362017894,0.17855597601146656
382.13364330005,0.3139417918697518
372.3754463527635,-0.24480035247393062
372.3754463527635,0.27837140071778776
372.3754463527635,0.23597218017675914
393.5997942646392,0.12803251863465448
369.8490479618345,-0.31695023512054377
370.9169207161911,0.016550349879480564
345.6518929827117,-0.26322780239354415
322.2463926754712,0.0461231466456411
326.4684475900458,-0.16077462452517466
324.8082030051794,-0.09505893972720969
346.1717222201002,0.33752215937988694
320.953285502054,-0.26610218533289753
320.22391141611104,-0.3712548352216345
301.26856815482205,-0.19905303057055335
301.26856815482205,0.4795421841818097
343.7793438965569,0.4670960240355271
328.8901175751791,0.09604215786134773
332.38013942133927,0.06528219276538039
316.4488910747508,-0.10116717926041474
320.48466962663485,0.1835348445267755
323.8981362623765,-0.007217011319426092
323.8981362623765,0.649184158019807
345.02779753746546,0.3241550677082614
338.406356738742,-0.30428873283563007
309.6850675613044,-0.1633388991672291
294.87885237486586,-0.0737906517946385
312.7183516809507,0.01675122621554692
312.7183516809507,0.23480670966614525
312.7183516809507,0.5415350370237775
330.58740916593536,0.5104385015579282
338.20111175692296,0.24697557247327495
347.74622105977545,-0.13352716671954568
332.69720210371565,-0.21295347603791015
332.69720210371565,0.638076711351232
342.26409436335217,0.03186490812072407
342.26409436335217,0.2166759719118545
334.67627467149333,-0.2766162261661975
347.9457648716283,0.3062845095414559
347.9457648716283,0.15893219104577838
351.25730252171684,-0.130909222588798
386.5495425894957,0.15547770191437849
361.6295284645806,-0.10041108280267963
363.805682383523,0.03676830348126714
364.7474896982205,0.08149155106627859
328.8970869329344,-0.329604976403175
328.8970869329344,0.3516923199355233
308.4301511390413,-0.21016885573965283
357.1448377846415,0.5558677282085682
353.58893167488174,-0.1591849035269206
360.4521168611684,0.04522969989216108
335.4290879599198,-0.3398734839699955
367.456124611572,0.40121601825296693
371.1121094421008,-0.3408173783257098
369.95490607075425,-0.012339334573653105
371.73074041511796,0.13100121477827997
379.2515457609633,0.2906249927557383
373.8528594434263,-0.09594487341769309
362.3207046879259,-0.2539688465968766
338.01834027896825,-0.3004828807721651
329.62149726656554,-0.18195650790153195
332.4830145268751,-0.0029543880191340577
322.37643157418535,-0.09514883924646256
340.28489411176145,0.4087677847392115
340.28489411176145,0.2618279985214258
311.19502214488216,-0.3015159180721412
316.0212062861024,-0.5022887849937661
354.7819861095784,0.517607493459991
348.9642049772004,-0.29623032491542745
345.93796938222937,0.015252268762196763
335.5559243433277,-0.4029413836758522
335.5559243433277,0.41009254053233235
367.56215043315393,0.7852192369523436
367.56215043315393,0.335591380391179
332.91470107545365,-0.2968219464507911
332.91470107545365,0.38190271539690457
333.75513748872766,0.2543239206427188
349.68530507724546,0.14765162400374265
356.97465430170405,0.1624567386029412
367.75446119529613,-0.09686167805591595
348.1848992097467,-0.19861077712880615
327.92627073038364,0.007073415206377831
352.8744180019363,0.3613468024213944
350.96128951067976,-0.26894985192234344
336.43781303384594,-0.3209128353491906
381.16051263437436,0.5638348962143027
362.03936073002916,-0.12166495412566292
362.03936073002916,0.6634441314515698
349.0660954511407,0.12357344371105228
362.884463767826,-0.020326360202034266
352.3150983498567,-0.24594638311964445
347.1637713818631,0.02553608317373346
318.85456156263643,-0.011541822712047178
318.85456156263643,0.4930527132730731
348.526465627973,0.44928248133123816
307.48981831619085,-0.5330126639521495
327.13470725925623,0.1035075495607316
333.8658926553782,0.2446017910779119
345.13205906680406,0.05869273588427859
362.8841761815285,0.06097472649753399
361.3545373404593,0.20058051632906881
379.28777965650966,0.09739075090010374
381.748314576776,0.025571260884817093
355.71137842953044,0.1967783769456446
344.32928605026444,-0.5111040905078426
320.32249774445893,-0.27485827584985145
326.0029687123185,0.054894778938432864
346.9994762719918,0.39174722935058526
310.8306517450869,-0.38577236299033757
322.3349415883204,0.15347869344486753
299.3264392353966,-0.5121903127413816
340.48752534896994,0.28369414940414117
319.0757841685595,-0.17207459995654517
320.272230024389,0.220862741828455
320.272230024389,0.44266826272837534
335.31682390983696,-0.0480207955329206
341.49531082422817,-0.11300026387971229
341.49531082422817,0.42969203152574664
328.8557850611199,-0.004548304612853826
326.57369306110877,-0.06800365553340271
342.47526106484816,0.1620635658007359
362.6696210919008,0.438647064462657
329.80047473775943,-0.5700489278907526
368.10581419302855,0.5107300295070445
360.69289372094664,0.01039210600174556
362.16793845666723,-0.037112572358410034
347.37861814503464,0.07796405180124566
358.7374566335023,0.15757016131112778
358.65602639372776,-0.09682837786999698
327.46047109960267,-0.3168082903812319
327.46047109960267,0.7255343905708287
351.86578163502196,0.4882215503130283
308.63359445714764,-0.8055819249764227
334.3649089599508,0.32203809313978127
366.99307907136847,0.24463851598625297
388.3766462165314,0.4189061677760719
355.09891692151797,-0.24153524460007247
354.3688174830934,-0.029055391580413925
335.3271679927323,-0.36891486680269736
360.1491489896563,0.01716518416492363
360.1491489896563,0.07697161751468684
358.75144005985373,0.36884205116837165
401.09696337280747,0.3819240380202018
367.3020713620681,-0.36288793640483163
359.8936913816227,0.20840590711213736
364.95062730085823,0.050548577995073174
377.4810543728363,0.2431798967539862
376.57890099772015,-0.04054923799799326
378.88320550782703,0.03827311756981544
347.5645238473554,-0.18156416539306974
355.93960293765906,-0.3697838936463995
337.4882829600247,-0.25306654683981833
325.5163677074738,-0.11547487976247339
345.2853566169134,0.047452428701490135
340.9071643073926,0.037959850810580065
294.0980276764843,-0.6224021947268739
342.4647392663475,0.25971416305026196
342.4647392663475,0.36265534046424364
359.9496755968171,0.19827271120993828
393.38839544772594,-0.05340323718849049
381.7504243644296,0.19626622880173272
364.1901401813219,-0.044211780692876346
354.3611623440185,-0.004459328219581948
335.086916555374,-0.20745988981673236
356.56935065545207,0.3284610747841725
359.4016156017237,0.10812674416843038
346.51144245946034,-0.47973912951636066
339.88125314005845,-0.1154971139620784
339.88125314005845,0.3448920380385516
382.1112524141986,0.65532673010091
354.10383140809756,-0.3101012631411777
370.7331922328734,0.054231683151897414
377.4427465790593,0.4361262746687089
357.47068325349363,-0.20494053420975433
366.89319778187826,-0.10470033473200147
368.767449853658,0.027386449339701358
354.3333598337385,-0.267360701548796
354.3333598337385,0.6266901702854284
354.3333598337385,0.58157850107591
350.9392827039913,0.29623811491796914
379.04736325782636,0.6163569627619836
360.76126776265056,-0.15821992817961927
362.4631854207809,-0.2963989128089679
354.58819171975864,-0.18503941607036722
354.58819171975864,0.6077746595567532
378.3032386441528,0.43998101123725064
365.97913858698547,-0.07352537154270067
366.1141902961399,0.2514250470655952
397.3036105687302,0.5665067555903534
367.1294623371942,-0.5819577273269942
344.8257331080739,0.029184493537172784
347.8303838176714,-0.037884771559674846
374.2822754123523,0.05264064509083255
338.18123947156215,-0.14722547377095907
356.16659788460544,0.38858435019392346
363.89947004941615,-0.3002850448847312
335.9839208324566,-0.21304742685936162
349.40558046472694,0.11402397047152135
347.26816950325764,-0.2587369906791537
338.73289054085,0.10172140874783508
346.54764569051554,0.5472976189134897
330.05772670952814,-0.3320204372000717
330.05772670952814,0.33132391741958145
334.79522847473766,-0.029850880280378078
352.65119212501924,0.5168304213930242
346.8077822841509,-0.46145598825728484
335.18884417486765,0.097825362104345
364.91805648028964,0.1535478024850363
365.46000465997184,0.15798286371864378
365.46000465997184,0.3346185639484247
368.8882560852547,0.43209011706380807
336.37188694628026,-0.880886000483315
341.88225016900867,0.21752924208487912
341.88225016900867,0.3478002038905288
323.6254883464998,-0.2827993706825964
343.482073907775,0.10483497822042409
343.482073907775,0.22480241335836126
335.63815074581,-0.12579835927670047
328.6928563730959,-0.48135270028365085
328.1319394134798,-0.1926594176791241
337.114633038123,-0.24934833657152922
338.29863639137045,0.3556697630672261
321.55984830494907,-0.0915246504366678
346.05855006748163,0.06530781885180659
370.7106436191527,0.26241240086608286
357.3563614612838,0.014305460167861384
357.3563614612838,0.342970714055582
366.7733588625843,-0.1362801742411648
370.4482952150328,0.014290364115140619
347.05961182480814,-0.3632755416268765
381.7485748132438,0.6007686959679859
345.22693041011604,-0.4255288882619652
375.4942390884603,0.4233706369666379
341.5950670632579,-0.530618635175415
347.52321212912454,0.2625974265893092
366.40399756267794,-0.04966488016918902
368.07209122448614,-0.16520973414935725
389.55858386669786,0.476914951553681
387.73827215449637,0.04659014815445062
383.6037370927569,-0.17141437590316855
393.8428889155604,0.26697766397751366
384.62795575679036,-0.07832986227776928
391.5261237409436,0.1219704081591999
373.1160693422534,-0.08744295060955665
376.84392096953894,0.24437199209273786
382.5568576888032,0.30641905603886244
406.66016233638175,0.08523154417389378
370.752202869072,-0.2988836988103003
367.9000440855585,-0.14793759689325725
385.75167471748637,0.5937329883407756
402.60677643204514,0.19340070811381338
382.3344279242376,-0.11421903554389701
402.2871000654407,0.22386714642561856
364.8151198942968,-0.7502926933576646
361.0960333867854,0.21220571502601615
367.2621880347954,-0.1641762114912808
351.43506898893224,-0.5955553226397114
343.9005631911797,-0.08191804098498778
327.2166547606012,-0.16331215889886153
327.2166547606012,0.26870500399400044
376.5314272099828,0.23282691024110136
376.5314272099828,0.15241599163482533
395.64999586955304,0.2578667557023664
383.84313562184013,-0.050508599525073805
363.5478970018566,-0.4008074928866563
363.5478970018566,0.14882199863950518
363.98612304099447,0.11801896414908697
322.81671058235753,-0.47571145693302697
322.81671058235753,0.533304851813341
322.81671058235753,0.17452931782293035
312.0781841426646,-0.1559001293046549
326.6776839065733,0.386231261183525
336.49609663469363,0.23010726409029303
326.16884504836804,-0.20786168699703467
326.16884504836804,0.5641602505691026
338.80194933311657,0.23964173946797018
338.80194933311657,0.16031082328174762
370.02139902675344,0.08452595277083219
351.19111994912714,-0.42231687548746777
331.3932271208861,-0.22036094262045935
351.2332233665163,0.7286287771337356
357.72333871436444,0.19145963831272184
346.6665288438093,-0.3505808782388158
335.7016296037255,-0.07012353367963442
331.93450499160906,0.14723764918505822
353.6942046015833,-0.03432476926218442
338.1598478438449,-0.058071676246868265
335.96005125288974,-0.20880608095478692
335.96005125288974,0.5938926553667443
334.8580540753832,0.16623900587387652
336.813776491319,-0.11109730931934791
336.813776491319,0.4281616815670759
352.8516052384861,0.15438383237426478
358.25470118583064,0.21534580254603952
358.25470118583064,0.34439941896175696
394.7463127735193,0.2238223124106753
374.71441274497687,-0.2832592280283279
376.1453116960609,-0.25103561601758884
351.7846840203906,0.09945547976656144
311.0621240807552,-0.5070093802252131
322.86771150156676,-0.21718736898924362
285.62111346271485,-0.46481454040747394
285.62111346271485,0.8281957181994812
309.31367731343215,0.14550604541034318
330.53558112408047,0.7870346534429018
342.77257487217787,0.18406814261243198
335.4590217487417,0.12861964102307866
346.69665132249446,-0.08212683601846038
321.45412841504697,-0.21831296951972945
326.60555763958627,0.2557261759185394
319.3027370877193,-0.09069430347290108
315.7798260785196,-0.2914101809094518
315.7798260785196,0.5888448692306838
323.9453350829226,0.05646343097328099
321.77815947244375,0.20458852220747303
335.4719875415018,0.24837427665352152
323.48422192280105,-0.07890862041483615
341.3079918986086,0.5973947982126901
343.2141774850999,-0.1487888747828947
376.2448535237636,0.27670664501692954
361.3322354331502,-0.3396828348643339
399.02505574451493,0.18004046533042128
353.8077449305925,-0.5856220562882299
375.713107139512,0.13210689090931282
358.018758770179,-0.30934807649293816
339.9670502805329,-0.6137136973659381
345.5200548967428,0.15658336894989588
334.68729181305537,-0.4277552158098388
329.50854364970206,0.021969448872141584
336.1496661160899,0.1495504846059248
320.04720054918397,0.02559685997471206
318.92536499231795,-0.10800125112928072
328.5709724042439,-0.07586876317827773
323.4378133654622,-0.0544083234340178
323.4378133654622,0.3917320802828499
324.9833562452205,0.1259778612043192
313.41692819099836,0.041944778889728696
341.05629174676477,0.3561147904554218
324.7115170779195,-0.30085679029707535
340.34621385593437,0.3269643376804652
340.34621385593437,0.18884891732045617
313.9811041575844,-0.6179090052496576
313.9811041575844,0.49501235487196027
349.5966558266028,0.8650426721731037
356.8809922155077,0.20189697530236117
349.7894964017795,-0.32732923661160385
335.5835160899476,-0.24179236712382135
337.8721726186442,-0.17606928261159283
343.23134113411953,-0.24449713123988204
370.7960747576412,-0.0774529270813673
360.98391255314857,-0.01254677999213527
397.2061175393179,0.19131234463679903
367.75946815111047,-0.05192708420031522
398.309203858873,0.5639969028912901
402.7799328988285,0.33387936347844516
376.2513037985751,-0.6875284055175825
376.2513037985751,0.5831863413034171
391.7800258507019,0.009096377633113661
340.7503389309134,-0.43097248229219076
344.4600456184237,-0.12655930273626836
344.4600456184237,0.5731436417709119
344.4600456184237,0.4597649929612544
358.9787281464039,0.6227979978516487
351.16864234046886,-0.13672673826033588
322.56190853924863,-0.20460760196203864
330.08845381561423,0.30359514717770253
327.0239257632342,-0.3990335207698763
335.2482635034975,0.3142923336652075
350.92088797300397,0.1674858770161336
336.93563547356956,0.056532759086394435
364.4813958871706,0.2080973553044032
349.97189391019816,-0.10673536944568696
379.8092162665042,0.19193877110956237
360.38709729964364,-0.397807286212128
359.7148843092374,0.07352014416028396
364.42731616692924,-0.06686627459430383
349.7891579210051,-0.3727532281246795
346.86295982677166,0.1551700027878269
318.905242299605,-0.42605885069383476
312.45403204083755,0.08860093132636848
344.8504359941352,0.6671060682857615
353.787765971373,-0.005724893710635115
353.787765971373,0.3356243200547624
385.6587180208922,0.08659845007673539
380.5488721592121,-0.3324598087178856
395.55871372506596,-0.055115201247076584
379.7157662247814,-0.051054702577857825
409.1923720900844,0.6113393254706807
361.73408757241424,-0.44274636338718665
371.3516378077711,-0.1987592603095436
330.09297469605775,-0.41349120573033815
333.21278895235866,0.047819630700359994
333.21278895235866,0.5515190431323163
333.21278895235866,0.21473542386127065
333.21278895235866,0.7220659626482302
358.4215828061729,0.09356453000782494
382.33032148051757,-0.04947513646823154
352.98342468176423,0.14020229259404005
322.38350249556515,-0.24156901142782772
331.0481454027255,0.001551096877733471
353.04295942474783,0.3204956354030628
341.25801720886085,-0.016084018482274587
382.46882008208433,0.20992458927901225
359.4489195982328,-0.4936005302386093
356.5542659749602,0.10781787857661129
359.6692473198932,0.14670021815163636
338.6207669089191,-0.06303105862605207
353.36043154333987,0.20029680130892302
384.5055641285107,0.45892293604674705
382.387814210917,-0.2999014304891716
385.18589885152915,-0.08375950144113631
388.82196180296165,-0.024214982964167575
367.5781714501225,-0.32617389213646675
367.5781714501225,0.0782942155233286
345.169764907477,-0.15028801928622215
361.6530885561356,0.2664601934791335
354.00058134274445,0.05562855079938345
356.7582997467082,-0.16880693224175047
366.7665172396846,0.13417640605598535
351.7567357119055,0.016907749337292444
356.86318320094773,0.1257252094528667
344.4372644780666,-0.34368075533143383
324.3781067946291,-0.009571521005113937
324.3781067946291,0.5045051266988594
359.2619454027813,0.33824072539584904
372.16737416784,0.6811534069086065
341.89040713439886,-0.7304969708602584
330.69911548705545,-0.31801291206113547
347.17254453081284,0.20963403780831413
344.9442409170514,-0.14258658045400807
343.2181864178217,0.16843606223631014
389.768031325652,0.242793426805747
380.27003056649073,-0.004506109475187259
341.4471337309394,-0.5794551319972925
318.69901393542955,-0.15720696781374954
350.8415653554664,-0.08987205464370618
350.8415653554664,0.227449258993488
359.176923975924,0.13503463186566478
323.2042568250109,-0.34024866455274605
343.3548866779154,0.33732536779939437
366.5174823247593,0.3036396064210294
340.3518762038698,-0.21813235874367365
348.0359772025311,-0.014147021950066119
328.97233972699314,-0.21705938714558215
328.97233972699314,0.30164219125913405
345.3818113492734,0.004182232618632042
345.3818113492734,0.17815784476442786
345.3818113492734,0.2221241994519687
393.3702843498112,0.5376124550889472
361.0828927710442,-0.301933853583364
374.31085294894103,-0.13281113711195758
368.20673973312387,0.07191398350369127
337.34996724638546,-0.38035159535957064
319.957622248474,-0.2050368507627809
360.5016553024613,0.4475843160853401
364.7015191501045,0.3489577421391914
347.704048738246,-0.16459082614005638
347.704048738246,0.18638424093205685
339.60416150140185,-0.007277301283465931
343.8248239424694,0.3566875558421998
334.4034582038295,-0.21919541745830884
348.5354615876541,0.41549678238902743
369.3175165546323,0.09896964109259443
350.3549815706411,-0.5599361359969635
373.26846838070963,0.11863689406982303
368.4556685728522,0.26036148494767986
352.4177216860822,-0.4851457379400017
373.2807675153386,0.6096424353110024
373.2807675153386,0.45302495557018574
326.9214636935952,-0.6631433147380221
326.2200985124315,0.43144542674281183
332.02637662864015,-0.01974465594923913
300.1558737104609,-0.516080037466395
309.46516507115024,0.21537522150856603
320.10783795167055,0.5165585213842405
348.292204805865,0.20275228076104668
322.02197806623474,-0.5739905628090582
334.7380947254183,0.23738569845079383
351.4191538292652,0.15966446264724254
375.19592424050154,0.35135224477846805
383.70902641074065,-0.14768463351640548
344.0191806326082,-0.33826041749330216
327.134995414419,-0.29783601251881464
359.4762260832733,0.692919288706662
332.13826016395103,-0.2969519611864371
354.86763884447237,0.06815625666752112
339.61070042470243,-0.21774766319595074
329.2939854107749,-0.10979040507277205
329.2939854107749,0.37820027972395565
325.154424224201,0.18471409602773292
333.3931592616591,-0.2435415060251671
333.3931592616591,0.4063067537869074
351.9431632277392,-0.12546432627516424
365.8472872781721,0.33999356507388256
365.8472872781721,0.4504890387275964
357.49709937673504,0.03546106644716929
349.6001511006527,-0.08651896727701569
326.38672818021456,-0.13337769957718137
348.0913839469911,0.36624501749963656
344.58384967942595,-0.19698986169146337
349.8400588537312,0.1540113188095802
376.8365664772178,0.17401961210168793
372.0621407454935,-0.05219396292181955
402.1415342715919,0.6915601267940019
394.3805265549411,0.048508645368428915
382.80241783156606,-0.17376208844370922
387.5473185683204,0.025678985663489584
332.51180259287736,-0.8862022963357958
327.8140791661249,-0.09357674564125773
336.976374557216,0.14209819519510347
343.22558557637575,0.12284557354360004
336.85939084871563,-0.06125211365929317
348.21293175785394,0.09969394524659947
339.31130051916796,0.19215443021982992
351.7302467185996,0.13685744637780317
349.24381587836115,0.010154713677252403
367.50292191330794,0.18997117341598369
367.50292191330794,0.8324511933328722
390.814207660707,0.2887634448194376
381.43609172985725,-0.051466606289750416
354.2906042896038,0.05940808163290967
363.97152293544127,-0.27632968989257733
352.1732988307608,-0.2238789849859586
352.1732988307608,0.4538398363565648
370.1601724425564,0.1990144340503548
331.93183888883686,-0.5355615356545513
325.179716433778,-0.20258917069202198
346.85786835275917,0.3838051377282454
337.6624641205175,0.05987126919512775
358.1159135080605,0.4034836036996694
361.400716033151,0.015935916200760403
337.1870039605665,-0.038435033797100004
319.16033588513403,-0.5386249960952227
319.16033588513403,0.49241547045039624
357.0057203284396,0.8588527167698885
358.39700440433086,0.043711463798217665
323.6110830360432,-0.5490467498214002
330.0348749871946,0.2544686857186207
335.72865231810295,0.09308644658074172
335.72865231810295,0.35941497782323495
335.72865231810295,0.2638939015790811
371.01821754647125,0.3573675343773175
363.3621487762586,-0.08327468378456615
330.3517214356124,-0.5755878648938051
330.3517214356124,0.41762585461196977
330.3517214356124,0.5479216886521954
341.1111650137651,-0.009596672931252215
341.1111650137651,0.32271278640450873
365.4307138102941,0.40867657428236726
344.29432580741394,-0.1586435842895071
317.2966327482987,-0.25985540858744116
317.2966327482987,0.5384113446119727
381.9540171777852,1.0420474505228867
382.18195116474146,-0.24361891904061395
382.18195116474146,0.4919076536202738
394.7001885074433,0.541844715189427
347.3985638097265,-0.4611383112239764
366.90177281777994,0.2312298639128585
366.90177281777994,0.17969747867073238
363.1488643645947,-0.22419664696326436
371.640909945024,0.2123407384104894
359.6485075597813,-0.3655160172975229
372.76722204614754,0.3370083607633205
377.08776869732907,0.29958595251321185
377.71466233611477,-0.08054260941844404
379.6220142915211,0.04217826903106925
379.6220142915211,0.19541794901658704
387.3766760786589,0.057960361667483085
375.4644923256654,0.029908396912787794
384.074124660276,0.31723593900414926
388.29002130825,-0.07402325501857376
334.30597661854773,-0.9999482619624587
339.85938611060067,0.3663770407508764
348.6602262252625,0.08768647496526683
377.2009126492506,0.2067309369239183
377.2009126492506,0.4596385569738004
364.12582604975637,0.06920775219953157
364.12582604975637,0.37130060172182766
387.37202853188694,-0.2553202098018801
387.5609958449932,0.26725485029112406
385.51956679691745,-0.21517207159308782
363.48275308124215,-0.6905605435188136
363.48275308124215,0.3681598283397989
367.2209484773008,0.19116050727291167
380.3613846983777,-0.009702789368702724
367.593502685144,-0.23232223577167588
367.593502685144,0.06947614033242644
386.33933634403695,0.48266768702342233
387.3628649748814,0.1785641414409156
385.59064973964485,-0.16147628556939253
385.29012429109815,-0.07446691316374654
391.1412585097374,-0.5400547179381192
389.0564372706815,0.18841384086874768
369.4242655409942,-0.2469258694918608
372.4886560682034,0.4697052141966651
398.5242530719184,-0.0823132039081429
353.08065795112924,-0.271871817361216
345.92141583229846,-0.2522080732226186
341.8384887450761,-0.028713282917237848
372.8169279770301,0.32918337233547845
331.6449899853349,-0.28356900135577234
331.6449899853349,0.3165472251623669
331.6449899853349,0.7200348907908847
331.6449899853349,0.3430958136400477
370.9651332953529,0.6098169458007305
388.6136995715167,0.1537089472575417
384.51516308064606,0.044613033283553705
407.5403597994843,0.6667548256058353
402.8964225830857,-0.30617687652897985
362.2730124352135,-0.21273035551780595
371.89011343059025,0.05034117700006391
353.5616695780382,-0.4697101821019487
387.66298714803844,0.7122218345160718
333.9793283591052,-1.111614023570496
330.7191701307944,0.2530770891339671
325.35168865468665,-0.35020253790321476
325.35168865468665,0.2585118008535119
331.31643407661625,0.6703681774864663
331.31643407661625,0.3243582128171738
332.23770708392226,0.06672598037016542
383.63762580251614,0.5047841332526559
347.9005151991635,-0.2848509401674164
389.84863874632674,0.1519585652886235
363.0192625621352,-0.051540667784706784
333.8947010459388,-0.5143469489181598
333.1754553104641,0.18199593436941086
333.1754553104641,0.3935449495870671
334.4389457757791,0.363241932947858
329.21326731637356,-0.1535122338250403
334.1252449736746,-0.03010953566695207
340.5478479944749,-0.19323338847573268
345.98507162322915,0.24575198368836482
333.7228487842927,-0.07892555921125677
359.9079484561073,0.3728463073550756
308.1522575598876,-0.6288499899430917
309.8701433552277,0.21854147856799955
329.9482172985731,0.1344787347958345
329.023774556635,0.3664275869394942
322.9185851182468,0.4296147540343327
310.9026056735158,-0.2653185154018729
327.7729824988037,0.08174326467269566
361.43081052011604,0.6631489540390021
365.47182029677197,-0.5576459835604055
356.3295332499317,0.005241628619955918
352.9398960506424,0.08664313713097727
394.76921783823485,0.5644105157055037
367.5513928215205,-0.4817356205737724
372.57687820439105,0.38241610618194954
366.85963804094723,-0.2631393560517381
329.56343471752217,-0.43897886708896294
394.7649285179983,1.0256076620403292
376.806312533566,-0.06877877105250718
356.6721972049178,-0.24520482294406065
383.7230039079003,0.2231454712040204
408.4946813182448,0.5574154008132837
382.8180742518854,-0.5724951451370544
384.8005678690561,0.38038383959269595
382.9905562676998,-0.11569533364297513
373.10389080878497,-0.08584545332701055
381.46004678995206,0.05350481551408848
348.1721059977336,-0.27254338100556197
351.0225655013196,-0.07795045434613712
337.34326281880124,0.08690208374218855
334.134025106099,-0.012449245092511774
338.41206052415544,-0.18147364495234797
341.1843017519102,0.16558662037584782
339.8650274047866,0.01597028627986674
346.0182155777617,0.2415222369438652
355.75854922750415,-0.18714693621188871
327.3266631012682,-0.16313925427141385
326.892916081148,-0.13710023183250541
328.9906180993316,0.2159953013010636
349.09964069242665,0.19879386977436297
309.95205491883155,-0.7200514396987501
350.3392988399922,0.7265526007519156
301.20757417994173,-0.6183622353469218
322.49363408791,-0.012635710636573094
325.0889834479269,0.5080102203626211
334.4675936883966,0.04365840036780355
332.35448730814363,0.11636641328891528
323.03010774851225,-0.296172476425113
328.7569554605924,0.17822454645136077
318.7067325334155,-0.38879569234165956
320.8535011423998,-0.0835711718549419
347.83462840380133,0.24596696679600427
347.83462840380133,0.33874561551124316
321.24248133254275,-0.46503994711190444
325.57838748773656,0.2883801524452565
323.7838345530263,-0.1673551978759633
336.08732013657504,0.2070581875447033
293.0706975909156,-0.9200115959291679
293.0706975909156,0.5973820451349638
308.1237980744065,0.30537930907712507
308.1237980744065,0.662319558547324
343.71990827708674,0.35902884302356597
322.9393303607694,-0.27739726173058443
357.0577455119724,0.4544187474871251
346.48748345236953,-0.35694450270102607
344.2855889519391,0.14067760408931917
368.8564933787563,-0.04682239002329425
355.8126616274353,-0.17889003064055942
340.06629437649735,-0.05409829788698062
340.06629437649735,0.48392737398967256
340.06629437649735,0.43926347215744954
348.1007326788715,0.06358190444416323
373.97427731687986,0.6018940655289953
383.02331059435863,-0.13064054666392622
360.117374386868,-0.14046323365596436
329.9199322689694,-0.14388674828342118
381.8262235105298,0.6152979717321614
363.9887446560884,0.03813254339024752
360.24813869224687,0.290983845935898
338.1771467660386,-0.3734581615206025
327.11125454434176,-0.2872267173088403
327.11125454434176,0.10451629453655187
342.85380679896133,0.04791488666364785
342.85380679896133,0.6694510837090775
327.6661500694293,0.08455030584104861
298.61617330736755,-0.31883017448831197
298.61617330736755,0.5825800270331456
298.61617330736755,0.29794065025726013
342.21197472364935,0.43818543295765267
317.366997855142,-0.4725350825580108
317.366997855142,0.3357417857729388
347.2414151961078,0.23965794190189627
349.18527990124556,-0.040789205565033626
353.19489179099924,-0.16709123909970458
375.1128399098789,0.47863705563031544
402.6895851452924,0.10265120423161989
362.8711128948399,-0.6527345742330226
378.9904833500955,0.4980260321046899
349.66159594239565,-0.429736281913506
372.4416540794836,0.0037465462887666945
370.0985174215078,0.12142985996365496
340.20451576798797,-0.7315353148489976
349.359149765423,0.12569235032935921
350.05130227302726,0.18179575518752245
342.60336695341914,0.15212667670539304
339.5292606731105,-0.11873216646836227
353.6522244451739,0.27223742264936845
375.4883528927185,0.17975221096287441
358.2384769597403,-0.7870712383139562
384.0205519115497,0.45278891531688714
365.14655848736174,-0.17985364376545476
374.9842900588542,-0.048420538355344434
388.0922631458675,0.307510673456477
379.8489756876403,0.21347002688537486
370.8942313489997,-0.4634632261349907
348.8282533540228,-0.16442499171921554
353.3250038654416,0.0035182202977921406
353.3250038654416,0.13775740493974808
353.3250038654416,0.18709869243639332
377.2879780157862,0.15761856222729875
400.26452075641396,0.4496249169106932
400.11665426706924,-0.13072831419322029
363.4340213175745,-0.5825018598791303
376.32190624274756,0.07944422113951077
365.97239828588886,-0.0627523609682612
365.97239828588886,0.3737099449335801
351.50814718106227,-0.06823737261208862
351.50814718106227,0.07832489534393972
339.25172476262327,-0.6032376415666931
339.71148415185917,0.09544102968652624
350.9791435825032,0.4373363609613534
361.93079137292096,0.22478898881877285
382.173380189443,0.4079642631322713
356.2021957443067,-0.40940920876073505
360.76458522295866,0.11428705516550508
341.6857151952614,-0.5617428420243868
361.9545349238075,0.30457537284371483
343.676671743751,-0.44511412912538617
361.5118584495273,0.17973126367974146
350.98018405364036,-0.13204218010480417
349.9956164956975,0.21076041559740588
352.34432150305435,-0.021077615674471417
352.34432150305435,0.06722427548675114
353.0316378256911,-0.053863401700596114
338.25098080176775,-0.1955748965260682
362.91267536036105,0.03269891201466635
362.91267536036105,0.30151047707420275
362.5125802018696,0.09785474271836847
366.1520561130267,0.1940606086883463
351.8300382003698,-0.27159496029582897
351.8300382003698,0.3312052769595084
355.5461871723436,0.5056813251112544
358.41817954682784,-0.06829589574078909
316.7910931771736,-0.4310434357696522
345.2000456004441,0.2145683027663381
370.52448171066396,0.4513909193379959
376.52840819870215,0.15133067425165336
357.60213387394947,-0.18755433696878754
333.95434121408374,-0.1106042794485802
336.24662282178576,-0.1409245412578457
336.24662282178576,0.3703672403244127
321.32854946447225,-0.03873264304877466
333.0650480488106,0.27270049768253557
316.34338073400886,-0.2003412681709733
316.34338073400886,0.6791957865605127
316.34338073400886,0.28719414014778977
318.33498882348744,0.020225822225938828
318.33498882348744,0.1697894789494967
309.5761323964619,-0.1213532126383825
309.5761323964619,0.7234172167617317
313.37652849458425,-0.13837415339071413
313.37652849458425,0.5376738362821243
324.05344343265546,0.307485207261152
342.09380746254436,0.00458338977330186
328.206020043281,-0.1564379076876321
346.51843438855656,0.014874999043627213
333.3671938778946,-0.5435498605190787
322.21568191607537,0.03634901624957365
322.21568191607537,0.11747841517217239
348.5133762868752,0.4375604368680115
359.8427071004125,0.24298280108553172
359.8427071004125,0.24856298946269817
350.6503320645124,-0.5578222572528375
359.6966603082111,0.09824089698167882
339.23561328795375,-0.3057659560084858
373.48882791100897,0.3316301868167102
340.81616896537054,-0.45199167421947095
360.03893035217,-0.008751390530278513
360.03893035217,0.5660790571555481
342.25978763855875,0.023595227162104493
342.25978763855875,0.397918888195818
331.32804083788307,0.09757851573658627
336.58702276223687,0.023295689013821175
343.48938701769987,0.47161585458877653
353.2173300311078,-0.38666181094833973
346.6425823090045,0.1793700658886337
346.6425823090045,0.7910227103823217
346.6425823090045,0.071012682524497
346.6425823090045,0.4137268271457515
334.19897182843226,-0.09049845599861328
338.5924342947166,-0.008136196462487533
333.77017048900854,-0.01343742257733993
387.9697712194822,0.7799793315725765
385.9049851597835,-0.010817144744464713
357.0384838533156,-0.6311751775750736
380.40860364363664,0.35396784009878957
369.0185526980649,-0.18035146831209659
374.2008957322872,-0.4072775446410333
335.1203044533917,-0.20141808163316455
366.95973834678716,-0.06414743174832438
378.49238638034683,0.25514949727300973
359.41733650710194,-0.6969810358397126
377.3362272552505,0.3779854441590942
373.0505513330467,-0.1633072856097897
373.0505513330467,0.33648773319191605
368.4198867002256,0.3639252744899295
374.4174244591283,-0.3757317565334688
374.4174244591283,0.3106800480986749
388.6932514241435,0.3331990693448006
344.64733940821503,-0.8062323156174216
344.64733940821503,0.31003903901978447
367.73247414396803,0.6442590075930639
344.7123502399435,-0.2707205191302364
344.7123502399435,0.5669973701171784
331.9512040702025,-0.23253661378089419
332.28450698161623,0.20487443486342727
332.28450698161623,0.29020246541949746
347.47193819097936,0.3161848431947192
354.0305384855966,0.04827394319204359
354.0305384855966,0.3696495022552426
341.5981396329477,-0.1741558609498952
362.08597407333684,0.12262031722957545
375.30535311179597,0.25908378906194685
385.44965199985745,0.2997997546693796
393.385489591159,0.18705987330031348
349.3271397050343,-0.7929782233327387
323.63951126377515,-0.23617720138850018
350.69488736050687,0.42096229852427314
350.69488736050687,0.19006947326056434
350.69488736050687,0.6323367864304146
356.6480839545436,0.3184963619623886
362.6188880838003,0.1352650899107175
360.253777382319,-0.2975760649496806
360.253777382319,0.7436900667095188
373.59485784202286,0.3876844273668212
373.83290018568704,-0.011704836414992315
373.83290018568704,0.21635768359396934
382.88891935736,0.16434202735854342
374.74350841761645,0.26275802328405007
320.8319673351441,-0.5775630789145225
354.7331116424026,0.15151093236499946
352.9890390203063,0.025100543205098802
341.9255603874866,0.04585264095135244
339.422375790348,0.061641922850640185
359.9739546443949,0.25516954427553173
359.19979453811624,-0.14855037149993677
359.10686911285086,-0.1423851847300739
359.10686911285086,0.22409283816841707
338.1060287838773,-0.32876471458848755
325.2923734431159,0.14930325833574898
345.1571367461862,0.2168024184677506
361.7556205220439,0.2963133013843162
354.1923624568771,0.08935526553068485
390.27632082691315,0.6826551281573074
360.85292133950895,-0.5164251096809949
375.4969627536157,0.33210942314019576
352.53965324893784,0.10134430468008304
328.26386737780143,-0.3686952448820193
328.26386737780143,0.38759256014009225
346.664435857235,0.15978185257131372
330.5356113897499,-0.302355952038738
351.1182377164983,0.40267630967275636
347.4103204231302,-0.27074552114333983
379.24471653014166,0.28469304563884634
363.68090611486866,-0.02159373314577806
339.8064025665231,-0.4740483638549904
360.98792502437584,0.2857583090187745
347.092407590837,0.2337869664917207
325.51207541236465,-0.45969383591091173
330.42723000537194,0.23362980739557315
323.2009775637027,-0.1421791657966196
345.70978790310295,0.09965558194846835
358.15414152869175,0.02070757471460638
357.9496929403868,0.009908879012186844
357.9496929403868,0.5030378050157651
370.80212604754826,0.37472902627769145
370.80212604754826,0.40848555166599
370.80212604754826,0.31692268472363594
344.16439833741816,-0.29085559742748046
368.96359244913094,0.2528994329575198
354.21939540833733,-0.2969884143572017
375.7914704634447,0.13787458057709046
368.12905777246965,-0.39043855325530785
342.3533699587716,0.10871829825077839
337.2587951671159,0.1392167030694509
336.82414546305023,-0.4419570452179187
372.85101301490727,0.40454591748527946
356.5480779652495,-0.16862207922940797
339.18612118917474,-0.11477409657777571
318.7406143717664,0.2985488126612381
357.3651070688343,0.30678041977398607
379.6664740145046,0.3880657837743229
342.5457808302078,-0.659222794756829
370.73122090940507,0.5877562755433701
386.2442881287344,0.14932283290829673
386.2442881287344,0.37734932631201445
377.1822931587845,-0.03738720974251919
344.5175960546944,-0.16304556621969368
335.0302423811144,0.007462556500627215
336.57851164684894,-0.20961602974762172
326.213891868424,0.027086875303552915
366.6577845660057,0.20552711978939442
344.08342504437604,0.1354795758400087
314.3848954874748,-0.43310841401489597
347.65086629114774,0.3695206673427265
343.89947575164274,-0.052292618566070814
353.4252429460478,0.5318187619254786
367.7690742387905,0.03406449048179638
329.3494614139335,-0.4098237400733069
326.4692669651044,0.27530593201527154
346.746862054261,-0.04342757603762948
347.46136515541093,0.15718945937192075
375.19852035598535,0.4469939803025227
375.19852035598535,0.07762467496343106
371.210045308439,-0.19793335898475561
369.4763186803552,-0.06479571080615187
388.04950645100587,-0.05647747296120542
375.61502249986194,0.20209707472145055
384.75787024085923,-0.08431709907677032
355.43372699484013,-0.5517468902644396
381.32344763384526,0.7332857489146818
342.59952698252437,-0.414777725700219
330.99439937812105,0.10977336547875893
353.85123076114024,0.3477967941096267
361.1346448627649,0.01860879983757968
377.4458115373749,0.2753789713524384
353.1221433448729,-0.22453759175141386
362.21902290998435,0.27502875677976135
362.21902290998435,0.7011905090735127
357.1141294594476,-0.3333859241005257
357.3287903464796,-0.3021674278984392
366.58261204698596,-0.012589742400109571
347.68830564940066,-0.1859668067847906
340.248957839141,-0.19094499071775317
340.248957839141,0.32056253301345805
363.4954333739267,0.32706582529965544
335.9315664861563,-0.18775941891067305
340.6359897958013,-0.2088296297093848
352.19469645548753,0.11201149600083227
352.19469645548753,0.2566051492128736
349.2819666410008,0.021156163408932116
340.6024850837512,-0.028384828548723817
362.9953498705676,-0.055411336126326205
376.8579333445976,0.44235995433382413
371.69720375078407,-0.10135042954880191
317.2375768224346,-0.23504537791882285
388.94343848493696,1.0902237805595405
365.8752577741035,-0.5310062216674396
367.50982181815556,-0.05156059494629517
367.50982181815556,0.12211389257220162
353.4388247924669,-0.06222031133290784
351.0809486933534,0.20735800570059837
404.2251924424618,0.46008273651204945
387.5407199556112,0.08593476274768364
413.3183418413985,0.024515422124977704
371.23602919582413,-0.9647295880510001
381.14492943265856,0.18647783798928685
350.9945118628216,-0.1633504824776537
350.9945118628216,0.4095145442353214
350.30450881959837,0.14720367070742668
352.18314203001046,-0.01512761276751462
353.07527845892906,-0.0803232964867675
346.31981936303754,-0.08941567073770784
363.6146565472405,0.2087028855154358
327.61835715151545,-0.1962243106877395
344.74535648036067,0.33516279438129004
359.79754531839757,-0.025073115404438795
360.4874028839876,-0.3337809561018048
341.823278561157,0.07699052066118384
341.823278561157,0.29148768478512466
354.8378205661221,0.30892699257742606
342.52790676657736,0.06139658294523542
320.64020873831345,-0.3195176281936938
331.44903175774533,0.01631554873370078
359.5407701708936,0.5220023397869227
346.5622031884425,-0.38334287495558783
346.5622031884425,0.19506964289621465
344.26302731113475,0.022702640688976317
344.26302731113475,0.32410601137223694
322.1999021961809,-0.46530437813305525
327.3881606934369,-0.031763260415118566
324.18381625325287,-0.011715271675484473
351.98896668070626,0.23022745334844785
381.1242253373035,0.22047830494295795
389.29674066911866,-0.05623318375501185
388.13916851983873,-0.0634420770837778
398.9590607043278,0.318088880423943
403.0387564176871,-0.13879835646309857
387.37113931815037,0.05938888355740346
365.9955829323279,-0.21976972714537624
369.6225444912873,0.1568725545230336
352.66186771641446,-0.26597767054397536
335.9502209016804,-0.5535009478766142
370.111147795896,0.5503051143002722
384.06863838142124,0.20416975675709637
389.8291854506807,-0.2927534529538889
357.1289452859621,-0.3658912279015567
357.1289452859621,0.4934735408561437
381.01872448425047,0.44609391056997083
354.2542648249792,-0.19227863526953115
356.68789284893666,0.1873363166200761
326.04835526383954,-0.680697338146274
343.1707380404559,0.349708459787621
337.8067436513891,-0.22707104068649642
337.8067436513891,0.3252679493684809
358.6305588682893,0.24119233665737738
381.52013521673854,0.15787663278911168
402.9212772574771,0.3011894405684643
380.0991371013263,-0.43889164784343393
350.16631716395074,-0.4306945245970155
369.8027473928578,0.23944590704513757
369.8027473928578,0.28190550688680105
365.6742637981005,0.42526957096436035
394.12050205360276,0.43485381318362215
363.75637312332145,-0.2495729987864479
390.51019143148426,0.09799253737253366
366.5936089962176,-0.37939075673978095
366.5936089962176,0.33224380439810375
352.47615229219184,-0.2936020178341323
334.0177637969504,-0.16046042752225276
372.4567099276316,0.36071988215962847
372.4567099276316,0.051605586146820315
379.2685603547894,0.20619036672076163
353.3104188409121,-0.6946037545742456
362.1483142616879,0.1441955046180965
390.6644675212943,-0.07033332946241444
346.48717828727973,-0.5115270432586385
393.5655463579115,0.9301030121253007
393.5655463579115,0.24036642481894432
372.55213610339456,0.003927562691842468
409.02645141690476,0.30201233811021666
370.3854619676758,-0.07585421196131392
350.7600283604196,-0.8055978102881909
344.5858165207061,0.1258613808612381
352.3241719132212,-0.23391975629249373
352.3241719132212,0.5688427010926489
317.2197697674034,-0.19405829970025934
317.2197697674034,0.8171203825767179
317.2197697674034,0.5110628253808045
338.13513344939076,0.49345608152066234
334.0487976827552,-0.10191622744582673
338.9763736607304,0.06843519811695842
326.9087402261448,0.0002068191316766388
319.99805966965755,-0.44576052796605836
347.6270220571373,0.4189846766756773
346.62656920297906,0.05050458642858757
346.62656920297906,0.3854777161409402
320.3076896684112,-0.13650482458479019
296.79947483959074,-0.4075978532476938
338.1016532263149,0.47984636229341504
344.1839251940854,0.4118944153265147
341.11433630063465,-0.29410276476778563
321.200803906424,-0.050960413862867426
319.55272373032653,-0.27940453820258426
319.55272373032653,0.6857430730992746
319.55272373032653,0.41234089434283305
319.55272373032653,0.5005597736973186
335.86209108310544,0.2082432656001174
349.34382599088866,0.32997458617637676
345.6413809080156,0.2870705228360748
338.7079330353515,-0.02871578273675368
347.5698707588571,-0.27659059849099776
360.322413305061,0.23436475288212932
340.07309457387163,-0.049979970848994526
340.07309457387163,0.4519772861438014
317.19640465823346,-0.0212829620741104
331.70324032434917,-0.10584314385846483
327.279426239411,0.29737302973308033
327.279426239411,0.6523788374390733
327.279426239411,0.6313593481431781
325.357302744767,-0.04877607927903682
325.357302744767,0.5519973464280383
304.93470357681025,-0.12915624882452903
337.1379365510302,0.5090370010957486
330.3059358449404,-0.2595206393185663
365.78843208982124,0.2917075116668002
380.6648519672564,0.06224450378101665
358.96918792036047,-0.18293678080181053
337.5892902958752,-0.11551021248385496
313.02719283542325,0.11399700102379029
343.912303435014,0.1640857351435443
332.1471123496102,-0.15206012872806696
340.3064557995872,-0.050779216050614195
305.7814136242145,-0.6030765447014801
320.5022018695236,-0.05065518582705408
343.9752123372311,0.16312118735049808
322.0888452019235,-0.008150564517336534
365.2949014010121,0.7372458754400668
398.457686020149,0.5404642470900853
371.03472864124365,-0.313152809878261
365.05541569267433,-0.128415510330683
354.0309596316598,0.15438185818504735
344.3644161612328,-0.31347333317762605
323.93722369922824,-0.6342291135607638
369.2521374469726,0.5560079436310161
364.1058209544293,0.07009451787553189
368.437109584251,-0.17696190627259512
361.2309518225263,-0.15842429811948477
361.2309518225263,0.4026006642257016
360.3158398114443,0.27312569605305725
361.0954449707404,-0.18221337455815956
339.7964725867717,-0.04447325793057644
353.80150749302476,-0.10153943623845407
348.4966864395959,0.019963500567200754
340.37931584863765,-0.14111687098431958
352.31683283125915,0.15934924177520315
364.0677024559555,0.1641984991397294
343.2369572992563,-0.098281376033583
343.3312522658506,-0.09990930452386237
340.61626943427586,-0.24721560702778334
343.9178447888232,0.0293362327736304
307.69060508153035,-0.36340205077590326
341.02459538429883,0.22605173796921463
353.9960448195795,0.2728321787647019
351.65644961070586,-0.03968367438483256
351.1166019255086,0.18204077137966124
324.6941338040172,-0.39269434262803316
329.6056177141439,0.07301448440330205
325.7058800348318,-0.19122475790595672
316.1223380891416,0.2023929436141998
360.7535532105706,0.21155850923082653
360.7535532105706,0.21769153612126502
374.4008131214318,0.4533917117889814
350.96458742114214,-0.9455716382435639
352.7711679262158,-0.15111021438792704
371.61575048155254,-0.026984030233734302
362.4800916108173,0.005540506450188332
362.4800916108173,0.40620974810065036
349.0260734437938,0.2623229008972885
345.9387608773634,-0.17059591600514068
345.9387608773634,0.401712447131672
345.2569871129071,0.30369805226575863
345.2569871129071,0.3947053209190017
342.4115595048205,0.27290274838560435
320.69726933976466,-0.6682333934136295
363.21721176526864,0.3407482322567148
379.71618011598343,0.47032755780981006
336.0305623457695,-0.3864119138042952
336.0305623457695,0.3706407326507133
368.9362916062223,0.44091187970184365
342.31331796280705,-0.2692129856948213
360.3764352502569,0.7309139965815348
381.20106735639115,0.19538812767314084
348.16601478645885,-0.31760172305337164
353.3006330996385,-0.030269390382045458
332.4327008531744,-0.13264128125638308
345.7064220366326,-0.07540901016966473
350.71355290690053,-0.13891224336248342
356.74144596869417,0.2524729334152198
373.6414037794843,-0.114314759429476
359.7262827669393,0.2693029502012223
351.5897066603645,-0.4077895554148654
351.6104847999602,0.10896030596904893
353.1909181662827,-0.24891353406042072
384.2564493161274,0.7268381848584795
359.9956910259492,-0.379661583602001
373.8363390332845,-0.2328404992333617
363.2695272031612,-0.24538379436012292
360.98389999499307,-0.18187213526698542
389.72155560303884,0.3718269063058415
369.67126731217644,-0.6137080391703194
366.48900896307197,0.0194482056160723
369.12357439331646,0.05362269666056818
318.8110383938227,-0.9170090701491063
342.6186259395344,0.30538064073994065
342.6186259395344,0.5781656739907248
370.8624082340646,0.2523767305308411
358.85388812659744,-0.1727914071404939
353.01992833572723,0.30759025776751514
339.80312119643366,-0.26474349255818197
354.9956681380575,-0.20459630608593216
368.39070290141046,0.23930319218152363
368.39070290141046,0.269466190846515
405.872838484847,0.7146451023069176
396.33910163802284,-0.41093154998839054
390.1574750762068,0.007058853460648606
389.75391899295414,-0.1737658576562353
389.75391899295414,0.8806207306888609
362.5011122241523,-0.2529112017989519
361.7206572226421,0.0455028107257931
383.2483917487684,-0.01479049298859536
368.2163246280672,-0.41698575679299665
354.8465891863178,0.13429068320988335
372.76191183487555,0.6095340655065229
364.45587566955874,-0.028259661769766353
328.43165004949236,-0.2578693807112131
328.43165004949236,0.5606058627076891
358.30753003288453,0.3824849458119388
368.7159427939991,-0.09050292555468786
359.14120894950673,0.04115101610545935
362.2653907776851,0.23540755819999504
364.10733893629606,-0.10193302329639664
338.0307667991878,-0.34767810092751006
371.9933886245092,-0.150969902581096
360.7512446635469,0.2098647271822074
346.6847917734828,-0.201709382473382
345.6835674697768,0.11979665956073404
337.9978970862839,-0.39828450626441736
337.9978970862839,0.3073794051672394
332.33770298822407,-0.20847387356116087
327.59672130565997,0.017281604410982254
363.5731373576991,0.1540287544387411
358.4516263316614,0.4039393731625296
361.2287574904757,0.17542640282204047
357.0610450499719,0.14623083531489556
354.3695597891669,-0.11556529226186285
344.0868123128749,0.08532627163378947
360.0935928680989,0.4428880986947661
334.6679371505907,-0.42444913791257477
327.44753578926225,-0.0477519862565714
339.41219865600436,0.031070563373418736
316.9989931472749,-0.305626809685009
316.9989931472749,0.2478713858095034
316.9989931472749,0.3673069274248064
346.60999849037995,0.1250900065405176
325.4492424050215,-0.17190407609996328
343.51730370052474,0.5771153168300316
350.47688821165843,-0.1564115126558363
348.16544857715394,0.2904962537327265
330.0057256434555,-0.1727675181172117
303.6866783602466,-0.4065514715664449
303.6866783602466,0.30480470280872396
327.3893511814566,0.2691017657059547
314.3892471899368,-0.16247634546539302
342.9275606409396,0.10431025744571798
342.9275606409396,0.2881064646261393
317.5212609539198,-0.16477209374329504
317.4940117468473,-0.052301095831126077
336.57993213972554,0.09001504634693447
336.57993213972554,0.6564076722962682
336.57993213972554,0.20153196584431043
336.57993213972554,0.12316110170365846
355.0546262270041,0.4788886884928161
379.46343686250196,0.43792661506859076
342.1817896391978,-0.6627180732690476
344.41854635479655,0.0183495268547631
328.35509955574776,-0.3717882746948362
322.91399939964566,-0.31133108378594443
332.9648530336247,0.28490908796175063
316.44693332771703,-0.3056071302997907
316.44693332771703,0.41685722747547516
320.59979188237224,-0.028165684963482818
325.61286988929453,-0.11310823375470136
311.1888729460244,-0.0517945978986063
346.37062511999386,0.3974569237072956
327.78907302752367,0.27609081920616063
316.81992083604933,-0.30515726723695025
339.1956243680853,0.24931887563138844
350.4272715358135,0.42225512039590285
348.1721067189219,-0.2225694539771439
338.01532557473405,-0.10585895284737035
338.01532557473405,0.6119166370191351
336.60396276927116,-0.14155819393431557
336.60396276927116,0.5274258767806259
349.7045373556995,-0.27168080223952984
349.7045373556995,0.27019862946656303
357.17515383716454,0.26022482518681045
353.74157992889934,0.25384056096436325
368.65577475951943,0.0901508926342558
357.76612315909495,-0.2703518336070374
342.8221866971078,-0.5643317537363828
342.8221866971078,0.3101937047709953
345.9012948770895,0.32121835149553135
325.6936258370119,-0.22692321826241368
340.05616297797013,0.20822637711671632
339.31405812363283,-0.17921700170904842
345.1166633636754,0.14362981687622778
333.3989130401387,-0.1217280093953832
350.2383809298615,-0.057490090631972635
345.00662173697316,0.2263357422293666
345.00662173697316,0.41996145613336466
366.7174373383152,0.04285260891572307
369.9970934854141,0.032794299701322416
384.18427026621055,0.29952270505270917
361.33090607463083,-0.2509344442815973
354.3562791281404,0.2377565648645259
351.84360968354054,-0.11954005322263583
358.816568618034,0.3944537774352739
353.894449540902,-0.0010282960976155664
348.12004561481837,-0.056437889347648706
368.28192846374355,0.33305047413284683
362.4816630187341,0.03558499935616055
366.5127070668538,-0.1335237965952274
379.815947613107,0.05358944366503238
359.68901266337815,-0.19761649108647816
354.6997455334886,0.03978208355442803
353.1405967728133,0.23849297142749037
367.1600440882187,0.10940771995740306
358.46929625776227,-0.1592547418204049
348.75501291083054,-0.2930604151182479
353.7787360382892,-0.08583542354665497
323.82235001097604,-0.01781829561525683
329.1690199284728,-0.03639042143390725
342.30540999222666,-0.26275627629070186
363.16963835921763,0.13918571579904437
332.6133497386547,-0.19122196448938666
338.61987366410136,0.3516453445025718
334.2371085047144,0.07645542710247355
369.5532452910322,0.4460387249548603
394.5532387252637,0.12537074848228258
353.0390256277881,-0.33654787722866786
358.81166110449857,-0.17482868910531124
339.19527305490317,-0.3806213158003402
326.35874860245394,0.08577634470236717
329.1215716725978,0.17586913039917818
327.83491796695563,-0.21230569663828192
347.51380246849124,0.3472625978936321
361.41961478132123,-0.03786624929352911
346.0836307838804,0.021785213989460317
346.0836307838804,0.1198524273794419
334.69787225383817,-0.1542428264077671
376.40291570357437,0.7118765607417572
358.0850025317857,-0.5679549726060031
328.9114043618133,-1.0085219252742945
348.26426935150306,0.544450088464032
334.43977861456517,-0.11307385066606912
324.81926407211057,-0.24294334999603961
324.81926407211057,0.2538002688444294
359.8082309412968,0.1858546491052948
330.48004546206835,-0.24038236287083237
313.0133376055053,-0.42649784965124127
354.7790504933848,0.41038522446467596
346.7217000294886,-0.04301643808003064
361.69044337965187,0.5311063910460234
330.92402836501316,-0.2918913552853155
339.55477889316586,-0.35462798318008026
353.2989839687618,0.4559100874594151
352.4348468073805,-0.012387732981096633
363.7884594710695,-0.19174251880849624
331.1828105425973,-0.6692697043686167
339.38262935169314,0.30340214430577817
339.38262935169314,0.16780493628141357
326.1986914493434,-0.3095264538565061
342.9575477080698,0.43831980975687657
342.9575477080698,0.2046995730289609
356.3732282003155,-0.22425094576396987
356.3732282003155,0.3372803699803626
356.3732282003155,0.23691454101390264
354.3736712334502,0.2577141265778664
346.362577143728,0.1319264376107867
327.45181605890815,-0.5383027413972741
357.1683835619225,0.5560428108967699
364.1219231641292,0.10376903607584609
400.99590225674746,-0.15355399633256184
361.8947334079005,0.08553487045651309
349.97974726179035,-0.10835918244117693
359.5520986369885,0.27437440026187687
327.5681028950968,-0.014583434288965691
299.11743830336536,-0.5372826680430762
299.11743830336536,0.2945732180498908
338.7244331251625,0.5191663412342677
352.29560537272135,0.012849490211237935
322.70490852451485,-0.5359052988421809
319.92913517397176,0.16019488392601033
319.92913517397176,0.6559251730188862
324.52185971639614,0.2544765863149223
335.23231549825414,0.054168702867173124
335.23231549825414,0.13449882773556965
335.23231549825414,0.2978471786350383
334.93212373285303,-0.27278373207991535
322.1658973889242,-0.23040192133305482
323.30818459154534,0.15001279193973005
362.2180519877891,0.31815574108225064
415.14459235730095,0.7772328095942385
400.8195156085056,-0.22751303414474933
408.69056244860786,-0.021047755015501934
408.69056244860786,0.2647324083559397
404.1103383485255,-0.21319744300149068
389.52668563378825,-0.05187124580845648
369.31264867246335,0.14113856359995225
375.37901409900775,0.16479243138337551
357.47173357477834,-0.6243411605552183
375.32789802905165,0.5463155587092388
361.91320688681753,-0.2746173399309555
350.7742375009004,0.07496415629498188
350.7742375009004,0.2807751715577069
349.84312152685345,-0.10152277236170448
340.4964375478387,-0.3670576057844528
344.90538105791904,0.362467261515917
344.90538105791904,0.3541435881709276
344.90538105791904,0.11476914664842752
346.2114190343138,-0.3306051107888379
359.8528716971568,0.47456650971662384
362.8604140151504,-0.17564271117771568
351.9499741470406,0.09385768394417937
342.63145414283747,-0.1744184061166152
342.63145414283747,0.4534889061130798
360.5748338570191,0.633923173987796
388.99749486701535,-0.0426306133045955
355.5708896293651,-0.38854284560807173
354.8245181322998,0.1893270819123245
374.1891316732821,0.261493669018364
354.2502661455468,-0.4291584041876604
371.5071641214577,0.12093170000093778
371.5071641214577,0.14567986634438057
363.6652310455661,-0.13501335937075964
377.65110620508284,0.07349447154274458
372.8606072031971,-0.21191271656493882
370.0275187146042,0.34664352418405997
404.73577395613046,0.3129320840624814
351.15740334831816,-0.32270254872742044
356.5177170034006,0.05279268124468217
373.04454022931293,0.24349092556587948
361.02820632594444,0.034574415828501515
353.25654027676126,-0.3335482435986705
353.25654027676126,0.35665817410517775
353.25654027676126,0.3219141888600916
358.8494921973996,0.01943911053103875
366.03037631091934,0.08340151618040181
370.9412674984625,0.529393448003816
390.6039551041976,0.11558780874270269
390.6039551041976,0.24280815663246358
379.30330577221025,-0.18997417413231688
353.59249117525286,-0.17326078178189164
353.59249117525286,0.18970897151064037
335.5824587025674,-0.34004708700194897
348.1167674676967,0.29604723935153743
348.1167674676967,0.711728124218098
378.72821666938734,0.36667497259452375
362.7135942249099,0.032054259769324744
361.9615201282153,-0.13793441596385492
370.959137422672,0.21029493721323433
335.5839816168268,-0.6633230051575083
324.6056426607422,-0.19834606944903044
352.2059720325624,0.1991115821939502
334.25667922771424,-0.2801193956023553
334.25667922771424,0.29272509050895223
358.7072914521761,0.626835103645476
365.79680785760735,-0.019964297920296303
368.97299250561156,-0.11171221467316172
363.115521930485,0.22313389304406428
359.68860569344565,-0.23970150765489961
363.404347827709,0.2684965682735765
368.9841598654034,0.2654795214889418
376.57015189134336,0.047634068014190234
376.57015189134336,0.2693071764135766
367.15914249407916,-0.10720596076851052
365.9700279486527,0.08364701864877588
363.47377772602783,-0.11026048435724078
352.16907950258377,-0.24036656353689523
329.16332924679057,-0.008125131026531562
329.16332924679057,0.31029661805621345
361.9931610584882,0.2158454765959732
357.07338943453675,0.12122333535785401
348.64948599791563,-0.22625379954047276
361.08748138845783,-0.10547580951936197
328.6161830897698,-0.30711437612126247
328.6161830897698,0.1824480927125478
355.1125466175647,0.25982557003248985
330.0475822086897,-0.05479341445902719
330.0475822086897,0.5820971501873373
331.5667778041045,0.07587151354482558
352.21363796191184,0.049948901066500184
361.9520239580849,0.1840349063073745
371.01197832242906,0.4693294174885523
352.59233996789806,-0.38087989470466255
350.81141515596124,-0.06607425268407496
391.0541496447979,0.43038810108419057
383.74375875149804,-0.4324550162075411
371.42883901863746,-0.11360120000415463
345.78173349494193,-0.020055567134136254
338.0733700082533,-0.033816716054957396
317.673742236557,-0.29108012366509683
317.673742236557,0.5117419790202575
303.8992034172075,-0.1268705433087689
324.17488679815455,0.4385423431668869
327.62779601363314,-0.12142877983933431
376.11159470597545,0.4006736095773249
376.0353237627109,0.16908287788601228
376.2578440640266,0.30871838041707633
363.6030234795513,0.1537840975607878
331.29938097567555,-0.4419868526284745
332.3546335459098,-0.1925862729817709
363.3455115832809,0.10845514600316619
331.0015798223053,-0.24319605585947102
327.92919626579084,-0.05035273867656542
334.9283002938179,-0.2611373954841838
341.2069576404679,-0.02098778749950725
356.5352949420455,0.1224931996146097
334.76274872423636,-0.2051150207473711
353.41578343030227,0.5189807512940661
328.02548309776813,-0.41297468705170104
372.82653653711526,0.519560216490845
382.12363276083,-0.06130219478359322
377.927712617792,0.15462997483723484
369.48197826620736,-0.23616637480324698
372.90511153746195,0.29186111400167647
382.9934651800059,0.13354470724152634
362.6205439793081,-0.4617773551733535
354.1741333050939,0.06405070417372372
369.2122532795621,-0.04994270108068122
352.70550176177255,-0.20438714016825088
354.93374562144373,0.038999035679012195
401.56704336633163,0.3033612563394854
407.63682174845053,0.13798570433777968
387.44468192784166,0.0910329017639242
373.24960703727055,0.04810174621695751
369.70827964058606,-0.43736936733682796
359.38445163421915,-0.4758511401665828
349.05798550460185,0.2638441423935092
385.00500854649295,0.35344443338385645
361.75637769150427,-0.40788603945077284
355.1224422275921,0.14266866534921974
356.61412529934756,0.08083893329444436
349.53467399602135,-0.10184555717250987
338.65424655045945,-0.17076801283167242
329.074197778959,-0.06450042944095458
376.4617327286966,0.6944845463942784
376.79755595169223,0.0005700865956441703
387.19981211942604,0.11699505773412966
361.3353114858922,-0.27526372534612165
355.9572830783773,0.21623258561828607
364.2227311474849,0.03238248684078826
355.6518287165923,0.2509155659838598
340.81791186326393,-0.26269370913030343
331.540640509669,-0.20717796641110908
320.2499233420601,-0.4942033302877462
330.4241696020962,0.12068660865861602
330.4241696020962,0.22396185250295275
317.95442383353713,0.06434550081041834
333.93059994241975,0.5390917417417995
344.42299787064405,-0.13080107011717246
336.8043527971331,0.40829033380771307
341.9670873507474,-0.1364543878372615
342.952684586467,-0.060400403045264284
350.53414131345045,0.01325006635374848
350.53414131345045,0.2548184553206738
337.56899346294335,-0.1973111772045968
309.04018119878515,-0.04474353655541563
322.96168978242105,0.2400569023134267
305.7791820077819,-0.4830746229639544
324.1522220975249,0.45985734895066344
332.09781155981796,0.3074466878323392
345.2008920570204,0.004415534031409152
335.8287718166048,-0.2747855775563721
341.8826531409432,-0.23832670300032532
330.03095176519884,0.3689600406146383
328.4541448201523,-0.25629853319628637
320.4890543191515,-0.2780505315354276
333.5017365724702,0.01411551809667344
304.3463062373006,-0.33549394184456105
333.83493088971096,0.2781958261748514
333.83493088971096,0.42063665449711607
333.83493088971096,0.44145338594512396
299.83455962984834,-0.6632547561416686
299.83455962984834,0.7923139671698891
366.91334025377995,0.9328158489535099
366.91334025377995,0.6032305448190982
374.3283580103714,0.0938602467349483
368.9146076884516,0.0031515785112787853
356.04832499604004,-0.03581084537177048
358.51847102873796,-0.26447308271440306
358.51847102873796,0.2067706419188653
373.73928932920165,0.32341576078852086
371.86636115306584,-0.177444989047558
382.8006656348612,0.12145788057841855
358.1588389375384,-0.2389693028885631
348.6367580674485,-0.3044785112419959
380.0358193997699,0.8082197604692283
369.5563224295094,-0.09507198304402209
397.4137128181504,0.3467091533631219
393.3951715413887,0.0013494852195208296
385.79788962905417,-0.2306878789103166
416.37016400114373,0.5210477930622801
384.06358074302227,-0.63942110186224
400.56229670303094,0.16926788386558655
371.70364013898455,-0.2824300858969764
360.27759158408276,-0.3405884727931152
346.0258499364339,-0.24112076963376694
346.0258499364339,0.24865155764928204
341.597932231544,-0.20166278220506229
352.82074534891586,0.6307125172112364
367.06092134020577,0.06070371802820773
353.5663050353531,-0.15913218873174628
366.0819094157088,0.11506726420691393
380.87137347089504,0.1000905180007976
362.4227543781828,-0.22684679170265554
360.2844920937428,-0.10387228600188791
368.1062872507654,0.07936072210134171
361.47724672957327,-0.02745083722822983
397.74870674541705,0.7595766744823322
379.5179679720253,0.08147073825921325
349.67593555201023,-0.5703833504524027
356.84325304291804,0.24782256851972306
343.92919437819825,-0.3953506796020747
324.3291918775237,-0.10119121559500854
356.73918408827177,0.5256269476403759
320.83052202821597,-0.2632602442199641
340.10214846187176,0.2572285223802737
341.9036277543211,-0.07295873215969095
340.87953043417025,0.10866387132398359
327.6356500119112,-0.10385518568728003
343.07879593759606,-0.09067680151383684
357.6387628499125,-0.05028067646958334
357.6387628499125,0.367030461300601
351.852546430222,0.251482802073383
348.4667466562849,0.18439504507557558
348.4667466562849,0.38791915304659597
311.5924055022379,-0.5474031627177283
339.83988783030657,0.4872260338225942
342.39919633174924,-0.0004994068578980659
333.33917434542496,-0.5829816196387583
319.62347557884146,-0.034745938222954464
349.0182890297879,0.2876588500150774
353.40516496847033,-0.07584137176024797
345.07477431611176,-0.06860327808021793
326.8759945474501,-0.21637159443207565
335.26672331203315,0.20351478879297247
335.9204147630513,0.12379718300041986
342.2069509251826,0.07934489766989827
326.9425152998698,-0.08975164794446755
348.834861657384,-0.048809240243144814
348.834861657384,0.5837029186193377
305.56778707951355,-0.11484317780264064
305.56778707951355,0.14824531826377552
354.66247290318245,0.5782269772067821
362.18632534642063,0.13766092718390155
347.40699928188735,-0.14719824911765045
356.4457072232037,-0.08371924841401324
335.22464853786795,-0.16351345076054713
339.03952588391337,0.1721812170077328
350.0590672346204,0.28700135386668535
352.26631995967216,-0.010474051979031174
335.17620114444463,-0.6291977555872563
362.66649730118553,0.4297877506137411
361.14109571143206,-0.04819440639721506
378.5326871465127,0.25689245809508066
389.2742370777328,0.26757660882719847
378.34686547383586,-0.12020523282217255
335.6261598228905,-0.4132754455461054
361.6840684024483,0.24338667768449795
342.9373543041271,-0.2308777824517847
342.9373543041271,0.4991667404819964
342.9373543041271,0.32024998180804687
330.75362270563716,0.03855113771260221
351.6992185316074,0.04904268328243688
355.2667878383225,0.15194082955895283
359.29726405204747,-0.1383104331157483
359.29726405204747,0.21606659779990878
341.27111356144655,-0.3446998753753405
341.4283758392804,-0.02316431111739803
341.4283758392804,0.6653900905764658
350.8161146915401,0.01950483494238142
371.7454339648369,-0.08359880445277668
361.50336451857595,0.506315983772538
373.39820316473424,0.007767701715351905
354.215176739159,-0.3151481583822715
347.1024511139802,0.062154511358244235
347.1024511139802,0.11674859636787005
370.7666785701036,0.1158125091576494
341.6838771966348,-0.22146758554208645
344.1478269450564,-0.02374921190380519
321.3653031854813,-0.2400917274397898
334.32109780352704,0.19692085337101162
358.94866747917376,0.34794918245279405
362.17500201999326,-0.051057699056286765
378.4271135011359,0.06989540214408407
384.3545182094867,0.27848258638937295
392.3791512501946,-0.03961349439100559
358.1306128654095,-0.8213532787742679
362.62081345264784,0.06965864845744818
362.62081345264784,0.23637351978948118
370.42450278438224,0.3660741198194728
361.8219384455914,-0.040691746625157066
359.8637736128263,0.05348467120643363
372.2254099377533,-0.2939819659177374
337.423519222129,-0.0753759953701092
361.2361232511839,0.19324646471113738
360.92307177941905,0.2573992320274101
370.1306040428423,-0.017078321811823116
344.2656894820813,-0.05033588578044146
356.75833090324613,0.27983980053875257
350.9184978937556,-0.2688800060991525
348.47668837750183,0.10039980455974273
346.55090321037846,-0.21219313346125546
353.5939880763085,0.06414987592597754
349.44028113313914,0.08367946770351864
337.5239011470696,-0.10834662040610965
337.5239011470696,0.5945481583389665
320.4843727874709,-0.2180097827207419
320.4843727874709,0.17867143077717174
320.4843727874709,0.1700991607301603
371.1332547283012,0.9333735734758193
379.16773329295876,-0.22542953576294167
357.975100371169,-0.3252977057258022
342.10845874900076,-0.5082415292631595
364.2417082317182,-0.07201579745469644
345.23273998736886,0.1522929644929718
341.1508137744577,-0.3848903942156312
341.2958247167803,0.40928982831405847
347.14442340190396,0.11993694234138275
335.88108454838203,-0.06887284065089716
328.88040994655034,0.02329705362205914
311.520291613254,-0.0809330943857276
347.7749857480974,0.5797051332808678
364.19712306523394,0.2697415155978433
388.26079464376994,0.41237136745587577
368.84408919671193,-0.9054064377605755
368.84408919671193,0.47653160688037133
360.3514688396777,0.016757709606508797
339.2376520878478,-0.32329407014958633
336.31873834335585,-0.19945167571768252
336.31873834335585,0.4103414655863844
352.0933947191325,0.5702726656563755
346.4956323690803,-0.010022375813832696
342.117816612098,-0.033698226453680036
330.4680479954051,-0.3420246726153664
335.4827448096147,0.03870139971422759
344.0393936051301,-0.05948556413341066
324.0004837648398,-0.17044370735345638
311.5695943863816,-0.25546861116617947
317.5163111357374,0.47389000759812916
330.0021275658038,-0.017235910625458928
350.7272052983176,0.5245276804189416
353.2574695731773,-0.3387802312005306
340.9646198148467,-0.15878385661585526
327.5050071498982,-0.09305254863500068
332.5985802364491,0.3526310787667626
353.47564263467336,0.3631271494681414
326.5050955457689,-0.4360977740434464
311.03508950081886,0.26887410938866196
326.2030421966291,-0.15666280669915977
326.2030421966291,0.24577585562417426
319.93022261104824,-0.12464557537634846
327.8565134362667,0.0512181922271111
345.9504236598553,0.2932257650278416
339.4541053496436,-0.16177889440041326
376.3328408659085,0.3758121742914682
383.943989697576,0.21016065745334345
367.98895605666013,-0.022606508213129928
330.07924498064153,-0.30305405229182725
348.91715226463634,0.25762148733178947
352.9182915442544,-0.09624037965954813
346.8988430666127,0.04960319971996796
350.26402376592443,-0.11510338375671836
368.16392232467757,0.07742675268343646
353.6966129333777,0.18135680455247893
375.1416621260345,0.2525528005959359
367.60431948660397,-0.032079030250315554
358.4307028931305,-0.10078980978107666
373.7376740322009,0.13300481369697081
368.0658982618026,-0.22388167283179428
358.0556193300991,-0.12866332306691675
343.61693312253396,-0.08262829819477702
336.5058902391955,0.04830003864162791
320.74690861360205,-0.05231937566281886
340.3980238887483,0.008377981002240631
355.68096917787483,0.21210799898801724
359.5125253777798,-0.2774618940941309
350.98623639912455,0.006273857313431108
353.6416893802126,0.18827513529083717
312.4166274556575,-0.8656269669070298
305.97345726088577,0.0270085658686412
305.97345726088577,0.31219034228092823
331.06003068791347,0.24533752748061488
324.63877965748776,-0.3150128046845566
316.7929525544193,0.18655399389319882
314.8038995975069,-0.15749445144433594
326.06239665176236,-0.20748341636021905
346.230547243702,0.1840611655890143
330.3448143763929,-0.15323141364660842
351.19117268858736,-0.03599452054959329
351.19117268858736,0.1842749954040528
344.4300476298404,-0.02947746083543734
324.08187129089004,-0.5306487539056661
316.546692104999,-0.1528400119292428
351.81851767835394,0.43714523674941574
350.28367164035654,0.04360178324532171
343.9737086091196,-0.0912451621765058
330.30082567816623,-0.09254421458012985
333.9659316577918,0.19177323326903206
325.6632438412492,0.0051612204379125615
333.4522311482496,-0.08574027993222444
374.76288543237735,0.6248116657369565
331.04288018679006,-0.43956230995013357
337.2070250154798,0.24936958250668795
329.7113037892681,-0.41780647959501493
348.8318020729694,0.4765226548611281
347.1805600237488,-0.15475448185588903
317.04311199528775,-0.5521316710094197
317.04311199528775,0.1846522601504148
358.7728987554042,0.4103816252534216
358.7728987554042,0.5824606769673437
358.7728987554042,0.46779491799168227
323.2082198624469,-0.6151688019082258
330.40469664331846,0.4327240533825716
319.58031017024786,-0.15748376292981447
319.58031017024786,0.4277843037962157
319.58031017024786,0.42714908094160364
305.6814931242745,-0.10293207103961777
292.4782743588105,-0.13810382938117982
292.4782743588105,0.48754350198646534
327.1678430595814,0.35138823498539296
326.2532607500372,-0.3770499112098378
302.50356815581097,0.09234218081121526
302.50356815581097,0.397677762244939
316.242329995943,0.006838755114358719
349.08006061164707,0.2879602199981264
352.93285955961096,0.36387441622275674
329.0854820548662,-0.31504899324716007
329.029352729714,-0.2871705842499068
341.43805506304034,0.415938439732372
335.5486332547337,-0.23765917915955015
339.324235235116,-0.09355108607417151
337.6891540713408,-0.18054229516474152
337.6891540713408,0.33530788162750014
327.5402530172732,-0.1274850298113961
334.57047297071904,0.20569147783089647
343.6175110707564,0.28420491354222577
334.19283949753157,-0.39019554309584237
336.9950817676187,-0.03406520762200671
365.91807869286066,0.1489952231404459
378.6643334957282,0.24644419757032665
361.7107062278757,-0.09220001952508028
371.37980157069507,-0.07721284969477438
338.54740994666133,-0.3229536819064833
370.20500279753537,0.261526251385817
336.35024078375255,-0.34586140791975595
306.7700838684969,0.0221085883035812
356.19468076987886,0.27413149977587636
344.7677420565221,-0.40907589600783467
371.51097001111134,0.3990960702035409
346.6039767948394,-0.19826396182986628
348.1864095807217,-0.11988837860758395
364.87365231706866,0.23422328606011433
369.0721054656436,0.08400311024342955
340.65048147439694,-0.03938808474606503
352.5312953627071,-0.02699215138636646
347.71796848925595,-0.3062406792505499
319.11755259945727,0.09144861121365011
302.5114065026043,-0.31708838453994304
313.11423268596855,0.2643167836397424
328.61342718744095,0.20409765986573802
336.86326127816733,-0.016241307315681297
341.5327245716872,0.24332638980922638
355.79508712844444,0.043569763861341926
355.79508712844444,0.2607772397716417
357.8811970659774,0.14080378848302644
347.74040489295913,-0.3606062317941223
351.7804800331458,0.14736733482118325
371.10479500070454,0.47671595433803304
359.50780215082517,-0.37305541580997215
339.8058910630162,0.0050582336032221065
372.59226107759554,0.1642399920067419
346.44856753809614,-0.11543819426333357
350.47781733043587,-0.09483986208431361
358.60893389588824,0.39941502199962997
333.86056266795435,-0.6090577093825686
333.86056266795435,0.4206658665430041
333.86056266795435,0.7900688997758607
336.91707134125147,0.23812165209710656
349.19073451414795,0.31084799690449927
364.6865160197776,-0.17502556068961894
328.87026701230116,-0.31749095068619226
313.7168305941583,-0.6200082706120611
330.2542321889842,0.3653955358568055
347.20125160360965,0.0066884112478646784
355.9528781728259,0.38166035382448626
395.666699196406,0.4315668768216483
380.7324018550853,-0.10120258863616982
374.0425312755548,-0.14370591999283988
373.89642342018027,0.1613585646412048
380.9023922573769,0.113861544066026
341.80296509273984,-0.4315422440333805
319.08526938049107,-0.44448752417247306
357.55410833419666,0.5008578841566305
357.55410833419666,0.09684949262066311
360.65533665392536,-0.06038639574762783
330.83006343001387,-0.6011859269744946
356.84900988812393,0.38544999809357705
346.98842128368614,0.16749749774851352
373.9484331935692,0.47974405856575686
394.40989198652073,0.07187724523714678
368.73257183482156,-0.4534039597572246
376.32323587423224,-0.0012061495234547692
372.15633851387906,-0.22163966308767158
358.1695973303246,0.06684348611406676
336.11503551931065,-0.5412692701331707
364.49208403398313,0.6230022504414592
358.4713548675419,0.0567880011770967
325.8130921846161,-0.29739486957396366
340.39539724360947,0.30571298341260444
353.9962294993055,0.056404425434720906
354.2823301865048,-0.15039872115994513
339.9430268437578,-0.41064559663573164
328.73079217234834,-0.02354609161125154
328.0059351790751,0.2845622627226021
309.71820100898674,-0.3604669718461082
340.58843040321904,0.351459567248412
340.58843040321904,0.36621015975629234
338.57382263112015,-0.11359065355759412
347.6992399036994,0.21771272071748626
347.6992399036994,0.10746013845459856
330.1871813991102,-0.07975321514823008
330.1871813991102,0.591887116768703
328.8918966602617,-0.03490049042056853
326.85524019501327,0.2931684642110213
349.21029781644677,0.1402849283363139
352.4243193184301,-0.059828743662706074
347.9000491431241,0.13380817596475936
375.98881397172676,0.2105489059208594
375.69895863724884,-0.2657954443216113
389.44615563699716,0.314254923755243
358.94768843463504,-0.5017356151554395
336.82239673017585,-0.3638188597701628
358.10830775729795,0.06994780860463834
381.62060358204843,0.45464791221979794
391.77464572091804,0.1790351412516884
363.555838657144,-0.06615409403320882
357.78143521036446,-0.25419808324545556
371.4295335971724,0.374772594151068
373.572928979914,0.024730708156312176
348.1645090010616,-0.44057886907751254
362.21787826302085,0.0179391695708091
364.50000016230973,0.1234627266892403
354.2981570279366,0.17217334493034286
363.25764187205317,-0.1161686485008886
336.5846559364496,-0.2453773971138844
336.5846559364496,0.25643954408872105
354.687918448196,0.1330109094629961
367.56921039731884,0.04153076030013381
380.9847165870171,0.33945025777006776
373.44093068761424,-0.015535260630485936
394.5895581885801,0.2223756729604247
368.13470129919824,0.0064457124389036835
339.3345102324216,-0.12288566104996335
356.2291493960206,-0.14827789080277398
343.70474807959613,-0.437852565820549
343.70474807959613,0.4639240013457311
329.31748851952034,0.3730957164652864
329.31748851952034,0.33338809332997243
329.31748851952034,0.7100700149158001
353.00801879848416,0.32614346893410584
349.6150096585176,-0.04385249768063204
337.07486892115475,-0.1406666309061393
337.07486892115475,0.6759930498923268
337.07486892115475,0.4503223004180654
340.96318227434654,-0.11282703762708479
382.65346476406165,0.5343146915411126
400.186963189739,0.406144261391546
386.35538119934506,-0.26600933603026533
412.7485201063015,0.4274860238593874
395.2767331733689,-0.13398491011719216
377.976812438836,0.27590459792452293
372.42463533766545,-0.19067430268592034
345.32088792215586,-0.21903126744928159
355.8697815767531,0.07695219610207005
379.08158957786895,0.39476072950185426
356.4901152530684,-0.37181745116595266
358.75278842079433,-0.3545073840805344
339.9476896696854,-0.31220124377159664
339.9476896696854,0.18813712874589328
377.7591276019035,0.2592140804306382
369.1517648975441,0.2628079519881794
336.50536385836904,-0.5982938436443419
356.1653509648473,0.3045114467139456
356.1653509648473,0.1729706241895883
320.3135067654738,-0.6517350677670493
358.84688215279823,0.243439053778161
333.7625373278984,0.1526980760124843
313.8298870987544,-0.10933773536601166
307.62859819235706,-0.1981581127940899
296.4257636753336,0.026101534345116306
296.4257636753336,0.620836843093457
306.60580805342175,-0.24946717919328876
309.93751328745543,0.3313186842626692
300.34717554829086,0.32418001916425965
301.5739789089606,0.16129836588675062
301.5739789089606,0.564800902384377
341.8308864307421,0.5808308278908498
349.70443467058635,-0.11764889769096953
362.5803074338061,-0.17340610551536884
328.66392019400575,-0.4060070314365021
359.98740984821853,0.28656662698926993
379.23313772794876,0.7047738987562298
383.88022464951104,-0.16185096628362317
371.14980540828907,-0.35839736741138495
371.14980540828907,0.15917767386190462
372.95152252027066,0.36387214714386573
356.3497306052429,-0.29666862359317747
339.519479922343,-0.3949666396762268
344.86576964301656,0.1380466766822792
332.125174365741,-0.31121427704783855
345.3610098360675,0.024145366708694382
354.5833978201849,-0.15537255065453337
355.9821402168832,-0.05433854111652181
351.7027653584698,-0.15142072296134756
351.7027653584698,0.2548516865469992
339.7641032653769,0.03762369988226055
344.31509380710213,0.024599127857868552
341.230869086482,-0.10796853169597398
355.0106092625785,0.14544377236973105
351.93748302856704,-0.06530996046421933
351.6580327979213,0.24665639965701303
336.7911388126508,-0.5836399027803054
339.3775588336418,-0.23343730501346727
337.37319727720654,-0.22685407861968088
336.7274473086298,0.1833247190796783
321.46467553701393,-0.13206582656994215
321.46467553701393,0.35589313366915576
323.0075685103082,0.12595007294839888
338.2028468778768,-0.006956140874990524
338.2028468778768,0.23550638798883483
353.1740010437267,-0.1296178434132571
369.90999330485215,0.35889155777829274
353.2085479271775,0.010301907565917645
333.595334070796,-0.31911955583211693
331.88705724580336,0.21243940673332418
337.7698337964121,0.1898217214112492
362.4378515581552,0.1443341015022952
359.88618015015487,-0.2075483418350359
381.62638113004937,0.12236105334943659
375.75569321348183,0.24529911352874478
356.2068996426342,-0.0826482590462092
333.758246407353,-0.45889640605150817
339.5023484447438,0.021807649434208543
351.993643576846,0.118761217771862
356.18568699166843,0.0420543776441491
372.4258529895409,0.09918369673289362
369.59018096330453,0.017061454106965357
384.34221258498025,0.40237156313105515
359.3685200874768,-0.29464235168654795
359.3685200874768,0.7344659366696078
349.2459234688475,0.08907689276065867
346.00493976645345,0.22869693153097614
335.5949842967867,-0.27025763047549844
355.8378567566336,0.21821936708579415
343.73083480638047,0.0036434304572594556
361.9270845752245,0.19659736485834856
366.1007939555169,-0.01111515856450751
363.98180811128253,0.08516023494235014
332.8218444449188,-0.6052025391265943
340.4012430135139,0.1671366983871394
350.447194686028,0.22010297148631253
350.424244100405,-0.05414461528312131
359.5525638127578,0.25125891103755293
340.27175570565777,-0.16506967320640342
334.7854414820177,-0.0666423235251159
345.4960323234745,0.18020498827877418
348.2691553847821,-0.31818275935302154
364.66103284835964,0.21578211838027528
384.1075439202117,-0.01559319082230104
337.46022983323513,-0.3011633704803671
337.9222141368302,0.007733306227123649
304.2851434343476,-0.47517922628583165
355.9354185858614,0.16151136766541185
333.5240476411493,-0.03508896986681975
347.3700392650866,0.2148384115537283
348.27211460515673,-0.09742528950778251
361.96161713371316,-0.018724945686358296
355.035685050433,-0.5739264210999409
339.64211793204896,0.14568844908217216
328.71577544277034,-0.2698728591906274
304.49377179936374,-0.3724657403921583
304.49377179936374,0.1982244345770141
329.82760594866994,0.24216437833342752
339.15556481868106,0.058917756174651004
377.63385232384,0.3933159726404938
370.45663217163565,0.059664296226515035
370.45663217163565,0.18750825462677767
383.2212315305337,0.07450991529287876
337.6986767693978,-0.2935849058395661
333.29380894113484,0.04686514739159975
322.86959838542026,-0.07758838234894938
322.86959838542026,0.2333697307062721
331.86340103148996,-0.31709837931907714
310.80943692663186,0.09450986835793174
331.17312067326696,-0.06731657521538637
339.5334670126976,-0.12608940861582596
332.17355197833274,0.16680488822078132
332.17355197833274,0.4535747461422943
319.2531602781349,-0.4496536079577709
335.18868844417125,0.42716092870000466
335.18868844417125,0.4305170011739392
337.76959124294103,0.1960603704708319
337.9251629718611,-0.1653066825554106
334.2680459970528,-0.12720895015854694
342.9542457367229,0.15126010420044622
340.0731304183023,-0.06105235205234294
376.5353728103111,0.1585347765978895
357.4911819942335,-0.1636659319873388
357.4911819942335,0.4020102300906956
350.5065684129849,0.07086337133659981
380.9176785011225,0.2784697033487191
369.7755688054175,-0.20581983466320253
361.22270855048254,-0.10831893145700633
331.16555462011894,-0.24554936241565883
331.57692314468954,0.024801603048331344
338.0088367563053,-0.3678127636729869
338.0088367563053,0.49783222707389996
338.0088367563053,0.5896403740873666
318.8360498940055,0.166264291866014
318.8360498940055,0.6192400501730617
318.8360498940055,0.20954100871881565
347.5550667315667,0.32035881014303413
327.1668247987442,-0.46453794742001264
327.1668247987442,0.669122943199568
325.1442617789906,-0.032007642800408576
344.0218282722698,0.2318273070907253
364.0902984752183,0.13812102948247684
344.358118614934,-0.2592079816545265
338.74106000579286,-0.4695594774178744
323.32860851548384,0.030209013832518394
342.63846507791374,0.31742657398331176
342.63846507791374,0.28544092840070334
347.39209715332373,-0.0494186170934654
356.67728811393,0.08940061038128988
363.6817066291304,-0.005089853032245628
350.74879815324806,0.04372474263175263
368.5680556323956,0.23766802193438252
377.6616243830446,0.025939914702917122
372.81242071169413,0.08450446524523159
333.30127481435267,-0.7952983719080748
350.8068406138367,0.06917698722543264
349.26690962236876,0.21707562150061221
343.22339162805747,-0.11012528964681678
333.0066948569278,0.07353043529246861
333.0066948569278,0.3999866810684125
332.95461157322364,-0.2262458054169656
348.6506321326945,-0.1702630968156882
361.5653367997277,0.21586847011622012
365.70293044713725,-0.08126733085384785
354.46878395405383,-0.1720600507724157
331.8534504792864,-0.22872182586070267
331.8534504792864,0.40855966156811974
367.0629645460597,0.09075131622614663
366.63126133653594,-0.01565616287496141
364.82006555615493,-0.12213920344106555
348.02587354067174,-0.22988681980950787
377.03566384554216,0.411625261985364
345.7866127439182,-0.19126514438005415
379.31973545741,0.6789152499344482
375.24191176290446,-0.1071041236492647
345.20915956280453,-0.5010634202376423
345.20915956280453,0.3465972773253725
353.71308222901143,-0.042230404260976684
343.40341256454406,-0.23925761828502345
357.88073574672427,0.08128494868049074
346.8927495705388,0.18393250357144098
374.2382231286923,0.4815496677772444
374.2382231286923,0.2551019740300262
387.3938148700821,-0.08855476847315913
366.5391339191598,-0.20007966075274908
329.2012628634771,-0.5216025588654247
320.89830377889683,-0.013867731705772712
365.9742319621814,0.5978904403657452
353.2266097518817,-0.10023446553009308
347.3962208030052,-0.276332691267271
362.0821365745223,0.31645243150808255
342.42020943034487,-0.3180982608053
339.732240802682,-0.11097111174444763
330.91743623869615,0.03183522710116904
330.91743623869615,0.030058395548621775
305.43167071024675,-0.36901844161172903
334.43157548998016,0.4049791896673014
334.43157548998016,0.2967698992703163
345.5444557391082,0.550663209364302
326.3716746756813,-0.1562747732225489
335.6638141627343,-0.07616120897660039
353.29876800461074,0.272835688104351
369.1036440657056,0.24514416127362892
341.09048056278033,-0.28954287149849733
354.3421672853465,-0.10785218061676005
368.9844907276554,0.1277847791801605
368.9844907276554,0.2079308754811109
321.65591352921126,-0.20850516939503905
347.19909300660845,0.3552431531344382
331.8091730616786,-0.48887197484373246
360.6250025667005,0.5171928718698382
341.72424061138935,-0.03376487061609623
391.26752964333986,0.16297215462304848
370.0171905523776,-0.40754972697504854
338.62869981389525,0.09779964765721161
362.8358212078245,0.4580917453353095
327.9542979585635,-0.5282729791690599
277.140135035162,-0.7668686399381386
277.140135035162,0.8783379597341536
277.140135035162,0.5684570670725861
325.0956240665603,0.8549684924104213
325.0956240665603,0.23710726083277223
329.52184691876374,-0.009293438551139843
336.76622723476277,-0.11321919347324183
336.76622723476277,0.20812933204524597
332.5700368942557,-0.02674377339133116
332.5700368942557,0.15853911336057536
324.1908571687921,-0.6865030860008119
324.1908571687921,0.8067758389486244
342.84778799176655,0.180719508400216
342.84778799176655,0.37435842482091175
342.84778799176655,0.7696559622003178
326.4877707290222,0.06765510815034759
326.4877707290222,0.5575584184709896
328.4393050133703,-0.15156348542222986
319.37393809403,0.008567624953684572
302.6754981737074,-0.3545895602544533
324.8623931903814,0.3759777249298395
339.36967071233073,0.3547273382948788
331.6460713128958,-0.2585358635039938
321.3382075531855,-0.0374330042117208
335.37757928140655,0.20501483791724695
341.381669362786,-0.013103433982905699
332.87053640427024,-0.07820768489955299
319.00911860994023,-0.01089772251566501
274.0832331694692,-0.9027642798199622
306.878410722898,0.36164005952844036
306.878410722898,0.2576387156838109
306.878410722898,0.31597760594911506
331.21529114735347,0.2503298247152088
331.21529114735347,0.03627398100707069
351.6489086153116,0.22076006910003798
338.31016630456276,-0.143306630745883
338.31016630456276,0.5056914117642464
341.4348147351896,0.4051506042538904
389.2464657759234,0.4789834878848751
355.8471536182854,-0.10150923213495844
355.8471536182854,0.173320948790888
347.13316076641615,-0.30495048822103854
376.0578194815544,0.353106694569874
375.9510324229051,0.10811322114022914
389.8114002252561,-0.07159014731576008
370.91019028898535,0.22433877726143692
371.4766248373966,-0.21139232007612918
361.34645452321513,-0.14819017680474644
361.34645452321513,0.15280219456974464
364.2483940688842,-0.1968609530891854
341.91610228782326,-0.2672867304082729
365.2130562225114,0.3704424685683989
367.6852424789967,-0.09915201637591053
379.36225983022695,-0.002089462985850332
358.4274398525576,-0.4293745520919856
358.92446020606076,-0.19484052681161756
340.59228309557705,-0.23866473271891664
366.93239188827334,0.0512811921867069
334.182159378582,-0.24762439185008134
358.39847965858814,0.6257349258025897
364.9583531831609,-0.02168609267323518
386.99643474434424,0.4039507696625151
384.70225608177964,-0.013345726875058972
380.88263772162884,0.12540342809791127
396.3049778107327,0.12858362291228786
391.7028468334744,-0.24939222338866784
397.71940046715775,0.13349941114154262
397.71940046715775,0.33245504572755635
333.35918314214535,-0.9539446194024777
375.8175451821744,0.6866062639744541
371.25811962566416,-0.4032547255172858
323.5159380348143,-0.5815069905596602
325.19727517178933,0.1824733045012863
334.4708476320757,-0.043384740651617903
322.77420402592844,0.08594739237241811
322.77420402592844,0.4134618547846003
322.77420402592844,0.6372431654999673
338.0778256195793,0.7139725273945032
337.49946931612845,-0.5338633779192605
339.1239277789443,0.17291542983605268
339.09294002933956,-0.6200505708889068
349.8066467917877,-0.03164388483685343
323.0034234670372,-0.39191671278911144
331.22006048457,0.215146487969605
316.7662689628454,-0.16170075284708219
331.4253420245012,0.11830299721691517
355.1419975567728,0.539980172062883
338.68514228459776,-0.5676551101257701
319.02889147313516,0.09132309236724723
348.0661229656894,0.40696801740728006
353.3284845512676,0.08818630038160791
350.5719772960587,0.31868148663295415
342.82365731114794,-0.6161367046203168
386.07546751038336,0.68263600309092
322.85477831434895,-0.7110343168635609
356.42262051760315,0.4200385748425788
356.48995668899823,-0.15066678029677405
332.59736056803337,-0.4174786508492616
332.59736056803337,0.21056043274347758
345.4730603408998,0.2050894306439659
366.95426712668996,0.3308256443127675
366.8721496257336,-0.027453322880887754
372.3744064490949,-0.050590025795941074
369.50098368869857,-0.40049623944355517
346.9076463856558,-0.42349561494870613
356.5646646425096,-0.008774877892733457
351.16306948653653,0.19206625180459014
347.85248027408596,-0.24718673866925656
347.85248027408596,0.6452075912250166
326.0548790848456,-0.2657648533140673
326.0548790848456,0.6805684443429527
336.8759783324991,-0.007744031954189268
336.8759783324991,0.521736679338801
344.9230815038537,0.3522379647118896
356.81328911208635,0.07451239534213983
352.8642662296809,0.19953874946497763
362.5341294129947,-0.2094368859483211
374.1971467288006,0.45924556613113054
355.1743467536873,0.08057789487588707
381.7920251371887,0.2834890811278683
358.2074514140158,-0.42362804113724906
377.835210107548,0.01308642749017963
396.51343310040306,0.5031885841011672
366.6877170495402,0.007680652425847256
354.66102754607374,0.06086940843943012
345.842808335695,-0.5354034616848367
345.842808335695,0.59754283093514
361.89076657896436,0.3477283688528132
348.5762119703835,-0.40620241327997064
343.87423580229944,0.17961901454827967
354.9630249914841,0.43012794846106317
345.7750222635729,-0.27649716057055684
335.81634396709643,-0.07620286379631125
342.3914217827431,0.038343156265113976
339.1114483185151,0.1203195845813525
321.4646441398161,-0.08552764353294151
321.4646441398161,0.17200533719505984
361.41010347424043,0.029381973549902796
393.4092689743197,0.6110731030951229
379.083298244923,-0.2703238895896902
379.49963496521855,0.19236151913037247
354.4045784516,-0.7924934336009528
362.6307714201736,-0.08749594082121348
357.92363458110964,0.15779153062078421
353.6000396509687,0.015414197017776132
358.23617366184124,-0.1253193293351842
363.4461417762366,0.2179621469608719
348.4893939847624,-0.4912334186434464
362.0590192327879,0.18821722037716881
388.4919538249372,0.3397848829119994
356.76448219866285,-0.37604356646784254
393.51047577731015,0.16678535659377758
360.38693139083244,-0.2505570503230956
341.2931968636721,-0.3544886538982155
341.2931968636721,0.748081314538922
377.81749803373236,0.5892792944481471
375.9117807040104,0.002859155489204568
342.05948097963477,-0.3518089422192361
393.18673906027755,0.6810927257372441
391.82196671032045,-0.09762127836006584
381.00711826067015,0.0587368808305655
346.9064183808752,-0.4932409621426359
360.4201578365613,0.23212398376927013
351.20136344455307,0.1336249370947371
379.48290829713204,0.21930820523368766
349.0315379883461,-0.2623472466871135
349.0315379883461,0.04170773852843013
341.12490016765423,0.3979664475264144
341.12490016765423,0.3220253904579522
336.45284568146724,-0.14233216598518084
366.63860188651915,0.4721954754812714
366.7329155047973,-0.024286288424718805
381.31392923382,-0.08084445371036963
389.11363289071653,0.07990633669601266
373.9489345848189,-0.23932200835770345
354.6915211911332,-0.33193574418578464
354.6915211911332,0.5532508062040051
352.40847299615336,0.22691941563471119
338.35963965704735,-0.2898360893843801
358.65593356021515,0.3693498058628393
355.2930271169439,-0.22084492486965246
330.41418166295665,-0.17314594604420108
330.41418166295665,0.8223569653669074
332.42289632289516,0.20736811839333313
332.42289632289516,0.33307908903225325
344.7830221957607,0.43145369382159515
333.011146728922,-0.5695730578995608
348.57280667546405,0.5528992607598866
348.36029306677483,-0.05576532622126251
369.41545681641816,0.20236939117887687
376.01574703138004,0.22135597935834994
347.01674410561776,-0.24166479809855446
347.01674410561776,0.4410221463160724
370.8716747479353,0.31127712104580496
390.75882713489807,0.16487110015521012
381.04678411238575,0.4158516801348924
379.43141041947837,-0.022089092214400807
351.88316058978046,-0.24098893746611338
375.66865834116965,0.01697121855363548
355.4601948342601,0.07564676798801884
352.3213980982542,-0.23376087707765691
331.86155556053404,-0.3509132798869814
331.86155556053404,0.8665885191616098
331.86155556053404,0.44908233973546885
342.67306229375487,0.7996953770843902
321.4370736864282,-0.8059307480666575
360.87607353447305,0.3125008157517186
330.8169495701073,-0.17575959038458677
326.36352020546553,0.07158768159229112
320.6148749888935,-0.13510879532304898
313.0864834991577,-0.09932874465494024
313.0864834991577,0.6774366214586962
313.0864834991577,0.5044306340193998
288.0893242717017,-0.3226953136038446
324.3777679931109,0.2963324612062479
327.1121475332943,-0.04544435456318752
319.30545928950846,-0.14835969939269944
373.62597774134446,0.49077958773216324
347.5868162589908,0.07836683857317439
347.5868162589908,0.12628434254929743
327.6719076649387,-0.39207641046277786
325.3054870529244,0.016568987835853477
325.3054870529244,0.44906853608028996
326.19825795622705,-0.021605558150895376
327.9757770093114,-0.04022281632353497
333.5405656712678,0.09090513476292017
336.2706224446724,-0.034728934728263994
358.0898819838972,0.13988154715195833
335.03295427023784,-0.0848791574965162
333.015984774177,-0.18996066839531522
330.6273942089001,0.08439535077718574
302.5407610610411,-0.21390833183738778
302.5407610610411,0.6478187369202715
334.5477004424224,0.8286494373314781
334.5477004424224,0.42850405695094196
304.23380085149677,-0.8443316349857923
304.23380085149677,0.7915470721022757
349.3852486727667,0.7398296381536511
314.0629700533765,-0.5977275415658596
284.751803037174,-0.17310163557954183
310.6141695678869,0.5610929701349505
324.93089866997565,0.2722017309390594
339.7539437562161,0.15215356794101353
313.9855853761108,-0.5052393520072656
313.9855853761108,0.440748087570455
313.9855853761108,0.5738397182408335
312.85100183663354,-0.4089061277602468
340.7901006208447,0.6239356247681371
319.6424121394808,-0.33630487202628956
359.2273695317211,0.40291264844574926
352.5721258258659,0.011723566239652428
355.55230807249757,0.05805795859430418
357.34303403526536,0.5507338373103039
364.4271787241915,0.2475880307550824
377.6337493323161,-0.28366348586132517
347.78520199601326,-0.33230336263625304
339.4115457245824,-0.13373210299391758
339.4115457245824,0.38916194941566573
353.34832092670376,0.037759945533139216
372.3055527003292,0.4239922551895461
351.95256695813305,-0.15781757145737174
352.2359691772224,-0.28145549115288304
352.2359691772224,0.27414094672428746
352.2359691772224,0.05982459744870994
329.67736691152817,-0.059218034549530785
329.67736691152817,0.18308120152096308
326.5884751442604,-0.2490699620941541
326.5884751442604,0.4106282417994862
326.5884751442604,0.7800920012158485
351.63015880651767,0.1952321337637386
389.45928288193414,0.12768691856445002
382.18386717674895,-0.055345820742559226
360.48503748393074,-0.2662098844270986
321.4209778426398,-0.6118088229616205
305.05240469993373,-0.14204544730182533
317.87563545624283,0.28042078203122855
336.3918857018137,0.23318845590279125
346.72335141570466,0.2918605743828948
341.45870726904957,0.10624183748200267
300.8782366782709,-0.9616584473697003
300.8782366782709,0.8444060092782593
296.209500275924,0.12775569449706836
298.7102127699965,0.26792397215103847
298.7102127699965,0.06891464860416363
345.81365376924253,0.919705293856623
373.2292787463578,0.3315054716758823
367.6154869859663,0.053885734988057266
335.83810816513454,-0.6941377224305825
335.83810816513454,0.7262204140516815
353.70752360485545,0.03212387502208003
351.0210534715077,-0.349335675838347
336.6055363112403,-0.024325222315383144
342.8987796786418,-0.0046876679932665866
342.8987796786418,0.5664662626963946
342.8987796786418,0.3720946784427497
342.8987796786418,0.3287107161725089
342.9310344640412,0.07191377242838826
342.9310344640412,0.6237151608479508
344.3639987419355,-0.14229998065400196
317.97982998479836,-0.31637439296525827
317.97982998479836,0.5708385604225441
349.03380789930236,0.32140439624333794
344.097495271591,0.15497651669841161
360.53612032991,0.34736093929336676
362.05238815743974,0.13302497776089695
363.98587530673586,0.1880628285025523
348.24928698573996,-0.39443227558649596
364.9616227989639,0.25096321749492745
343.3016765546432,-0.3240726604469728
332.45069214144326,0.15737655902887582
316.4892257125954,-0.14059125276412487
309.0824095295676,-0.22887915320018237
324.1765809586385,0.1289455818772467
348.4025861459305,0.23634001956827433
329.3491077227558,-0.3969339641264469
331.72990084424606,0.03364834056719701
325.4667472863205,0.24070763355211966
337.4987857317186,0.09967733659891564
347.79080729091964,-0.04833118577994355
375.4888037055448,0.06146975125352583
349.76648823793363,-0.15639862890202494
363.39081546649146,0.22852695366054832
357.19734515608053,-0.28038513916294505
333.3076737291474,-0.07802456382285072
333.41399423220594,-0.28309499411068373
344.2875855497461,0.20489866144362168
333.97890659504844,-0.1668836516828378
333.97890659504844,0.2100376815440086
333.97890659504844,0.47515048581612973
333.97890659504844,0.3414108103295348
307.316976145378,-0.19454030824965685
357.39014168380754,0.45438621790799516
376.62425272569146,0.3903279035852165
322.23430337946104,-0.6310652880430325
330.8736254532043,0.1923686391234014
330.8736254532043,0.3756848176010408
325.91495337677156,0.3205284020216368
329.8786954460319,0.07793552984367125
353.5083587368026,-0.012777734684959796
349.9517606591091,-0.21848908811796264
349.9517606591091,0.3168024200965647
349.9517606591091,0.534247020058956
359.5771548846064,0.40393942835521557
359.5771548846064,0.2646758645985301
390.2654914718617,0.3735381060140526
358.30954360758386,-0.3715253785674122
356.33586537703576,-0.30585064719548427
337.56251941108366,-0.07011760575164772
340.8172242119546,-0.005042666047529565
349.4727837558721,-0.104764731911132
365.46755769591084,0.19452719292939946
326.99884193514856,-0.622544033333952
359.84581561449266,0.43971429362909475
368.06428322888667,0.2614013800224484
361.22601950734753,-0.5188109852649632
337.4209093654504,-0.13668664198962688
344.2957624620886,0.026507483592240533
342.8782355846776,-0.073026207602652
363.21454789249515,0.37160221793328674
338.94775038252465,-0.16382831670512132
315.06408531965815,-0.07786966998605749
343.5706480875173,-4.4810491999669466e-5
349.5520389397903,0.36466689679150477
360.678488686202,0.17768563888625977
324.3583169372992,-0.7420616198334073
324.3583169372992,0.30949373158773597
344.8355371271318,0.17667700602783043
344.8355371271318,0.3694794798991552
318.77049924739947,-0.21432643904677207
331.6564701351103,0.19423261835277117
344.7519977028285,0.292559238433455
344.7519977028285,0.470712762699236
344.7519977028285,0.3946850602807217
344.46687453996026,0.07276155769079651
336.7274519245471,-0.17800481064386986
324.6910482220032,-0.14517704623949612
334.5237018080483,0.18387266002400793
334.5237018080483,0.1268682417129412
337.7230028702551,0.10072350465873114
326.226095077001,-0.10638507010105513
328.8319097445113,-0.06889387414832981
361.75572857342985,0.2433203708513929
338.4464403963177,-0.3963839131251916
337.5577027435901,0.0348109329596582
340.78214245097047,0.11654022100833572
329.4423913811544,-0.08452250841264686
305.1061508031045,-0.3073342477841834
305.1061508031045,0.05479301533659964
307.8802407143152,-0.13091482539914523
307.8802407143152,0.7082253328912884
320.6339715793188,0.45930009809558214
336.8566410811885,0.19224917941107833
363.53589944799177,0.5470644118415748
353.82318251654186,-0.1864980739095472
345.49759715890576,-0.10853605292072643
345.49759715890576,0.472021054383049
368.0914164003729,0.20188265030299135
352.1280322048457,-0.028141551101612094
375.5146542849349,0.24812262599846235
378.4456368116948,0.006927590872237488
351.94127981416574,-0.25795620544954545
351.94127981416574,0.060371990326984815
342.68769196458544,-0.39514408115337574
352.4569096989012,0.2071406453246709
347.7866760652191,-0.36692337105671413
348.4567597306642,-0.0314868738395262
330.58541598133445,-0.33789254570251614
342.23078790699907,0.023625449133760412
321.29400449893234,-0.1866139487485725
342.6467796315236,0.3451406262487353
319.0363763984184,-0.23908334451255087
319.0363763984184,0.27773864816208516
319.0363763984184,1.0173643854392367
361.47180447672366,0.39252620319689413
395.42624345491424,-0.0036724384611943606
350.44622349007665,-0.7141647270884732
352.52640549097754,0.4616213974816219
347.16907893126216,-0.09472592824181447
334.4953271857768,0.04115174995035886
343.3522193080775,0.11177090812975621
332.6133200216903,-0.09634000522419228
349.26685991564847,-0.06696446807256962
362.2206555672707,0.0754181995575891
362.2206555672707,0.44601907487572134
356.9275763788216,0.23163848858030178
366.1818390643525,-0.006667948148901814
351.83166863229803,-0.48170098578430043
351.83166863229803,0.2840742806687331
364.9725461675826,-0.11462660554366266
384.3105664924006,0.5451446396257325
374.25880449989694,0.10046046791444496
346.78581687407495,-0.5551927398922771
379.7439624530502,0.11273367246599264
359.10082653022573,-0.017511286780518276
370.70481024627264,0.38245323837759315
364.9226208351512,-0.2343332369376867
360.4201255362409,-0.21445198631840867
376.694451734012,0.35719948255291456
376.694451734012,0.4196808469832831
393.25923037572255,0.2972656357735559
384.99858552756575,-0.30999998670699824
373.2088084997351,-0.3450279392001221
357.92941015761437,-0.2563690332542592
357.92941015761437,0.6861518584120176
357.92941015761437,0.5465249072803999
364.70606015649247,0.28459746738030844
364.70606015649247,0.8415967877466528
370.7273189953473,-0.03714161398147553
411.5575219877594,0.6603029796440296
380.72114938726725,-0.7322643933837298
356.12382430331326,-0.6161314557500646
351.6657033899083,-0.04582893508597863
351.6657033899083,0.17746801966700332
376.8119834496488,0.46822768781555624
364.15740437364065,-0.3372696849555723
367.1655223918903,-0.05925849713196385
361.35526075970836,-0.29977978257079485
403.58963724911064,0.551996720266061
383.57264004659976,-0.07293330883044291
377.629482531033,-0.014450942048711113
385.07962855929594,0.06666172955419825
385.07962855929594,0.204999497151789
399.713881874784,-0.3575027853877373
358.3600218589241,-0.06125560500777283
379.70013257253856,0.21485006957846053
385.9589312389919,-0.013423125554595572
361.68278707692576,-0.12160478711211908
365.18912311709505,-0.2992633506277116
341.8679772321006,-0.36563631762987825
338.06230326157794,0.5130885718251648
336.87202336920876,-0.19951778976144396
350.53498039045223,0.012314774250853588
371.3212903281162,0.4254762295835235
354.9126914999439,-0.002792797501683708
356.62545273650426,-0.23569326134816038
342.30250251032874,-0.04910100470567613
388.15949795282665,0.18196305694425519
346.90320396027084,-0.68636810911255
315.02347643803137,0.06543445167710615
315.02347643803137,0.12039091855251627
317.1838099076322,-0.38147746564595764
308.0042291352499,0.2279255634191486
307.28062775063097,-0.17667860844358074
331.54286320856403,0.25711564208495474
331.54286320856403,0.7389281318260146
331.54286320856403,0.42104719372287036
365.92539360555594,0.3177883125744074
368.0428465858293,0.1308449785610719
394.9334066255036,0.5176485113902345
377.43341661669945,-0.40233760029889254
377.43341661669945,0.3630082416514142
345.8977393801383,-0.36413462238419925
344.1247130736191,-0.10745167640902764
345.34339618682367,0.029360373027088826
337.39572900633635,0.005734481085710286
344.71894648341015,0.24568321904212098
325.6450741182181,-0.18289584916283275
332.1334848341958,0.28477146760167216
337.4099946241717,-0.16683759251202446
379.4253614866021,0.7824221657529051
370.9901698163482,-0.019942822741768396
395.32616224514953,0.25937373511010264
367.5732536362053,-0.23128121458444184
367.5732536362053,0.7118515515530817
389.47100025002675,0.6588404802873811
343.8802338375913,-0.7912663771207917
343.8802338375913,0.24071912361523573
334.6029150209932,-0.3872757919665446
347.30750649293185,0.4805071692127285
350.3840124454351,0.050829149502533255
359.9820350560411,0.2623909407438987
340.1623433572236,-0.25515246245868184
374.3553827602033,-0.02011650754002403
382.7404205965889,0.03928137981756663
372.08117966284794,0.3276387820758373
357.67560214852386,-0.2851320814452265
354.42357507333963,0.06818200425459509
366.2069007123399,-0.060662642832312486
366.2069007123399,0.46953854019875507
356.9235456213549,-0.10102228868095153
339.158793535166,-0.011379535109767858
352.7735891663034,0.0242967543223358
342.31623149630445,0.14090439489609707
355.4732032586901,0.24671596641883298
353.51773423368587,-0.040312392410442044
379.56628486366736,-0.03710050401639364
341.54778572488243,-0.21123884227699818
361.1781265842164,0.1272466941059065
354.8009548545827,-0.29335152863018266
366.30856682726863,0.31467455915776554
330.36299751256934,-0.41125624697190233
330.36299751256934,0.48906486102600866
316.259229311728,-0.09111421313446044
289.4672587586155,-0.24637670982497184
289.4672587586155,0.2928370061345049
315.1980571199638,0.5628710136476229
348.69774538508744,0.32581202231096995
363.63688428120224,0.20489695856872459
386.34149710139656,0.05753680246232307
374.1629968665505,-0.46084425555682174
374.1629968665505,0.1324386544514482
357.10807471906315,-0.49119033277315793
357.10807471906315,0.24846519557911506
356.58979410116336,0.34398595213406225
356.58979410116336,0.24839037255947005
378.30133623855403,0.10168694228650565
377.6693790376985,0.5498235204348703
361.63886619173013,-0.4248275144842637
353.88521751960656,-0.010222498144116798
380.55081065085096,0.3282547284144357
381.4731873003795,-0.3466398168930027
369.87942916422526,0.08188762119198145
368.57401107714145,-0.04036608374713069
349.9584863262094,-0.47562144356322733
360.24604977784315,0.37228419264738477
344.8059145777694,-0.2012941915755846
355.76780894721986,0.11505672260386746
343.57050391970705,-0.3362036442565568
348.90057619373493,-0.3715154006742978
314.8951320410519,-0.43347755927788967
311.73216226311587,0.39291777302582886
355.4418717223195,0.5267909698929998
373.6409594327535,0.05051063490805063
387.92922178314,0.36746322253941344
373.1578839482401,0.05141091757241156
345.51952076410777,-0.13196334414249122
382.93533811045603,0.3098435312399488
381.67038915072254,0.05001382853311043
355.81240762031297,-0.24620462182247138
345.2688340080104,-0.37265545507023035
320.143205976352,-0.0676519303879104
322.03438459970056,-0.037516487693892486
337.3096092868471,0.31521690095246413
331.53329581414437,0.03798181741058215
329.43074507167756,-0.13456715148424792
318.96323561485747,-0.25122089708509066
355.07100623730884,0.3603372988288811
338.8069011157349,0.1704434941461841
326.94292938166893,-0.45981784551293003
340.2140890621132,-0.022005800806368825
334.62001596592455,0.0659147491709291
342.64804706753785,0.20587093731091954
339.6842213049909,0.17794802996331782
315.95550176728716,-0.3121537001352408
339.11809651088964,-0.1154172205915529
339.26646532796383,0.023060317145450426
364.11836730082166,0.7322931552843102
364.11836730082166,0.18154727380431268
372.15562054905706,0.37639565887570825
344.47648441097783,-0.1306300114511032
319.52198230639664,-0.529336198727492
353.8091741804279,0.21915530059879984
394.6509595039368,0.1910224250606234
379.64238086063443,-0.02981562376112379
394.0853727568502,0.08473909508597899
402.11493274796175,0.3318456803472145
360.79127873537436,-0.6367340317486878
376.4395629386446,0.25814833707636353
375.410032510036,0.16941049143076725
376.33683083741363,-0.3127058823779407
352.00351387878425,-0.2144426901488714
359.7473341837029,0.09089120033081599
348.92850199460827,0.005645223076271577
348.92850199460827,0.3473911353511312
370.9350825040904,0.6243069415795617
369.22348498828006,-0.270722180103121
339.1204187447102,-0.3122162381293947
358.5122980011026,0.10356798390967015
360.0245791859054,0.12206911338239479
377.99295127214094,0.3219864314969527
383.3214876656952,0.15354114313663558
374.15783435759533,-0.09442349105142966
365.411921427452,-0.16074082695149627
344.69690477293176,-0.038398101909706384
349.3463230405443,0.27117472538611764
351.0180737514189,-0.2092221384249342
342.4817948169456,-0.03927936367927032
347.16480865942293,0.1936366645632006
338.84412182405543,0.125860468826545
352.2467468446216,-0.1259131980635857
354.7514793774458,0.05825549270184638
387.5660567233013,0.6365735967090131
401.2960130935019,0.2533214087717397
410.2908573886136,-0.2465304861527784
398.53162988737745,-0.5256878622662953
364.5651763260884,-0.41829920450106783
384.12310781234277,0.5158378929495484
384.12310781234277,0.4570274213410812
376.53599666988436,-0.35297255607542866
342.8046679794788,-0.6559051672733176
354.63351701910005,0.05478754364787619
351.81943422744996,-0.021523552866256068
350.4279445213904,0.3368316668904754
333.9565450709129,-0.38437779807100014
340.11131372127664,-0.19210954707909877
350.3896265686429,-0.011443260966416346
368.22888993217197,0.4225099674822559
375.04732402183697,-0.16213328037406427
358.04158060780776,-0.1409002892839908
373.4138949213712,0.1010353628332723
362.5236275601642,0.12323700242700397
351.9213743290641,-0.5879690303684129
351.9213743290641,0.2716107029751811
356.99174060608004,0.13598813015141786
381.22062038637887,0.5141783055097449
350.9306082110268,-0.4093867570315979
324.4658798262419,-0.7091681090086013
324.4658798262419,0.5885505056285183
333.6484872731337,0.06207062104169836
333.6484872731337,0.2661987814078657
358.9222144765764,0.7805457655047121
399.90806226769837,0.5683972595393243
390.4511482145041,0.0985869452517818
365.9575768252368,-0.5346009340465798
362.6269946373903,-0.20838140421528806
367.3849582975102,0.17251116238981012
366.6712825649948,-0.0532430628147722
388.4990353936575,0.14908569941508176
350.5177224105079,-0.6625923676645016
350.5177224105079,0.5271158638647648
354.6584128440411,0.14936197844303933
402.7181066837977,0.8480312428820298
379.954387861371,-0.018641267913039883
385.52054591664825,-0.010910714555848244
337.6221632401501,-0.6380948915668796
359.0441358714099,0.05890001470720563
336.28075154186354,-0.45134435133411444
359.70288181162135,0.310242920240853
373.9052705072202,0.17712180878720574
373.9052705072202,0.29528124295575253
352.61939749729726,-0.13280790370845352
352.61939749729726,0.16154635645273174
345.3860904415492,-0.16887056857672178
334.7072043197892,-0.14998407203256647
324.00455672883766,-0.15819395518474266
342.47774719478053,0.35449474211179677
348.3968275573337,-0.020852153089435888
348.3968275573337,0.2926714922608653
337.01976363211537,-0.09904736636917733
348.0530243166926,0.44354780009496153
350.60225112814845,-0.09023537408722859
394.12857003159473,-0.08824567061219568
411.83817526656594,0.806646980605592
396.05580458570495,-0.44040488714620096
408.54471985055875,0.2945735075427365
387.0865083530872,-0.5459047852324375
396.85502092779194,0.32794989460251145
379.57024005501495,-0.5418145616893071
356.1014713873955,-0.16981308400863782
329.0085557295352,-0.428672238144145
337.45129832336653,0.34684727005947025
352.33470034956036,0.3094362923584413
365.4986997070933,-0.29573004200892683
370.5928704598558,0.024031842254203184
395.91844101804173,0.202506103792075
373.9251627454826,-0.1304913796963092
367.9422244693884,-0.193516663139917
359.95022274676114,-0.4970971143288807
379.9598682484504,0.38805144901664335
355.6808434698129,-0.29726430490791245
370.69292360543506,0.3576974366712875
354.4054712227148,-0.29429024651904
392.55464826865585,0.5328148960870749
394.77154119490166,0.14022401270278806
394.77154119490166,0.060425614641530956
378.99179619243944,0.0030408728867996615
335.6823539457641,-0.6807642363244213
361.8656184821203,0.20192189915746894
355.4008939170598,0.03246535631978986
355.50957716096036,-0.055178816518264284
387.229095497003,0.48492995445076303
380.87545623775105,-0.08408265519778979
379.21689325957175,0.15659298206708172
343.1998543483291,-0.5517527121742205
342.5470550873345,0.1603907477467601
338.96586930223924,-0.23350046903760813
365.59832313251474,0.6965075763387176
358.5756200131691,-0.18473273217023234
359.0202518525211,-0.13624543939749856
359.58649574141106,0.26863859300715376
400.72365450944505,0.4039599772612519
372.9539136371838,-0.41138999433655954
379.99260237065994,0.3266785781049748
353.35043496452005,-0.41963513106657047
356.6396791022836,0.09355078194437283
362.9580346723152,0.08489480258867843
353.07078180644214,-0.17608918106316196
336.2844586573067,-0.11304111344441026
343.9612002122614,0.16132924000612547
344.2844300114505,0.07020050868095495
362.46305583240184,0.3416423796819572
369.84756379074327,0.05291936943945075
384.7853606969153,0.5107396756023945
365.0394273844328,-0.5912857401924612
410.73282293470936,0.7671294647053628
384.9644630430457,-0.39359999743942353
372.4181715211235,0.1307946879770725
351.95832512923687,0.1423278546532174
376.310136649195,0.14904389060359335
362.3611406905388,0.24374270530279318
366.4754960200721,0.28917418608648404
371.6226921611017,0.2580544379591174
370.4869969732234,-0.3330956973723005
340.72554424630187,0.014611769210773673
355.6894188387708,0.14945434259664125
366.17653915789316,-0.00540377614299814
366.17653915789316,0.00669142151127744
360.50776910716746,0.027641389040354625
332.8650973493401,-0.606253050735404
354.1471942376911,0.41101469075169916
322.3914660363663,-0.4909606917755127
344.68995134973903,0.24632962288205817
361.06961082873045,-0.18440997721177155
361.06961082873045,0.43468236810485905
361.06961082873045,0.5371613473419075
381.7601461276027,0.3251722184902519
346.2899064380387,-0.25291061554457883
372.65555388754933,0.32539933474220106
377.0769067221911,-0.15783648195997557
339.2342435705902,-0.5005485999786288
359.3355024982018,0.40931175536218234
398.68902860256117,0.4909191887988982
376.19335617852767,-0.12425140389439093
379.19377915179814,-0.293809048191747
379.19377915179814,0.3469035686641746
393.82204190960147,0.042954575063617995
378.5039663345293,-0.5173698628923376
377.38011216855995,0.4612471376734675
377.1454616614792,0.003602319183301006
386.7863895310875,-0.15612736073387623
389.40990257281055,0.18877499553661892
380.88321476811564,0.2304734455678954
361.74307226050513,0.04485410600398154
356.98065285977725,-0.3073746679751821
362.4826257628219,0.003806007732805483
365.58184645812895,-0.06476988288636676
365.58184645812895,0.2347210895761691
373.24981419455577,0.13965755951949177
383.1096635184523,0.18837080861271716
388.52285563679885,0.17379429427569448
357.6773929831615,-0.27249703669667724
342.0171614780399,0.03332187485693794
349.0070559483285,-0.04122682039542269
359.0743094007775,0.19992767470148465
339.05884340378503,-0.14631301890324266
343.11360155375866,0.36535017274468373
346.01032457060336,-0.1776022871575833
355.09427883719525,-0.051194658282838645
382.19006726155226,0.204829341268578
346.9125451505571,-0.1808101143475369
368.0834928486091,0.08830197489658076
382.48597741408213,0.256411486036086
360.54098546163146,-0.43904692918613364
353.6240942975647,-0.08186906902733426
360.9973282635888,0.4665015184177719
332.15137857750494,-0.7825182119072451
351.96439130108024,0.125354345214987
331.82758463779464,0.0030320680589284166
350.554582583724,0.46326538289963537
328.80895352947647,-0.4907240792937273
335.95478862069865,-0.20341143729694977
367.008869739464,0.19819584164793014
386.8694702464859,0.4360889593153843
346.42252449330965,-0.35634928836680047
371.5898446784445,0.11557618472204467
369.41921691753447,0.30967956456504453
372.92576616131953,-0.07384231328558144
372.92576616131953,0.45943082633891663
382.4726259287128,-0.42120620965738453
382.4726259287128,0.29007647692583305
383.07754260414885,0.23043369082324716
355.9097218430234,-0.38697658291096104
370.24952087751655,0.17287063656294777
382.01504651020247,-0.019325705555388595
384.5831180459048,0.37389656604182164
367.6418329126205,-0.3222107570472872
358.8155869306527,-0.4043193119454145
347.4550434580483,0.05188560011060872
347.4550434580483,0.5564623842252558
337.5949004010297,-0.3299139676995537
358.31009462943587,0.27174367245186204
333.33208313424285,-0.6859314889161396
318.2852666749515,0.1641435038147847
317.6586653989481,0.0007422704661621538
327.1856761917734,0.45996647427864445
322.0455573570746,-0.32018519281552926
333.49608828905406,0.11032646522858158
312.959618136994,-0.27286549456175635
323.30749945036195,-0.0865799444887898
297.6866546792776,0.10187231361953764
304.2451637333129,0.09779365527015216
304.2451637333129,1.038984538325053
304.2451637333129,0.780124242995953
340.8886014918236,0.31550572033779645
340.71885452196835,0.036411892914657074
348.44475625520334,0.07427289559223027
361.3258519433135,0.07410878478060567
362.7391372493629,0.3345751631279654
347.39566298339435,-0.15478265007175196
348.99045767068026,-0.08335629820737722
368.6250420936248,-0.03477976944554939
325.73954988996826,-0.5663191164069303
330.7760123790327,0.42892853830028344
364.32104822377636,0.33713010323651815
354.33301717407613,-0.12669564824636836
385.29505914071314,0.42757386842163214
369.00740941876455,-0.17830837324913773
359.1778923441983,-0.2844057127880433
348.85519774606763,-0.10686341207929217
361.7155185907235,0.05636520901066433
361.7155185907235,0.02715424189955229
341.7062004684537,-0.2525329406948913
334.31097689610107,-0.10302264589904553
349.67583492144166,0.5068282303692513
352.240493931648,0.12160572720688378
335.0133929142981,-0.057490218793759595
339.3407841441092,-0.04258457028402063
329.87855622389264,0.03905997225524516
353.7224398784814,-0.012896826642645465
353.7224398784814,0.37690004822161427
352.0829791302211,0.04648780697334587
341.59071716180574,-0.2990794234672194
362.25146706781413,0.3349210684528998
333.78053934369944,-0.4060319323350541
333.78053934369944,0.5544270665369595
373.6863974043592,0.6856774244533881
353.01130838275003,-0.38083839188198
358.32633162863664,0.08326491826574056
329.8820167603514,-0.3219503320203785
338.5071255542775,0.01985020534243631
364.5313113537332,0.25246007791065495
360.54307789750493,0.3342122400329117
322.34017125952204,-0.6760657391978384
337.01257957111306,0.30618374347307054
350.7529915189678,-0.07078402272691164
367.9981286112663,-0.10528682759900221
371.105611108437,0.12613866164520005
371.105611108437,0.5283328859221683
343.6697606354135,-0.011938634635725975
367.7860398310523,-0.029962468437815915
369.44298773197846,0.11531638349924833
375.6128695913547,-0.03602402264550619
354.56029012739634,-0.39811207264938275
351.7091563401305,0.16270553564845613
370.49672957032413,0.038623199145149556
331.1995627062911,-0.41204644166316484
331.1995627062911,0.15514099494032507
331.1995627062911,0.5960742445712413
342.2233944530012,0.33049576999826513
334.47647121205745,0.12326172714278982
334.47647121205745,0.712150084828636
326.63711819184954,0.015173559708387074
345.75645523931394,0.17652440585277418
370.3163619878537,0.0703218711523732
350.5330076720649,-0.3183218276039952
363.43441069392685,0.21551609022344564
358.0764865166925,-0.4106721750511042
374.2613367922647,0.3255066693698154
388.2338819534034,-0.28843215179608706
386.05724046410006,0.1576674503941149
351.7747254686182,-0.4900583405112684
397.7003941904755,0.5986055501127794
371.29094463799254,-0.20913112535617984
358.2337956345434,-0.4209222098304508
350.9752639292031,0.1986988225900177
335.84334063548437,-0.26798979870977746
332.19947434241806,-0.2887251666471684
332.14329279000947,-0.16464708621526825
321.29633347552954,-0.3125551465809622
321.29633347552954,0.5350240881640502
319.73346057717174,-0.015741666686267308
319.73346057717174,0.6821322083551422
322.74577947314265,-0.009755650049783071
322.74577947314265,0.6944247960353778
322.74577947314265,0.422085941648902
346.4318973285383,0.10267005321122724
357.4510118707489,-0.03749931893878511
349.1603476951371,-0.00928034650655718
349.1603476951371,0.32726775515357076
343.67234127093775,0.10366814719895956
349.88835725211334,-0.27558529313387226
349.88835725211334,0.632421915917007
372.84871692050444,0.5944688426016
382.55147172852134,-0.2394434416266904
357.6377685101301,-0.5341834036347564
350.88526022937094,-0.22286188727366607
350.88526022937094,0.48961645617998784
350.1845674367305,-0.03846264871549465
339.7706991295066,0.2596818687048881
351.4673614130964,-0.21484085998167757
319.43395663602564,0.004816610700459023
330.68964713252814,-0.027117028792645215
338.3300544599234,0.10673770936216442
330.6128106967052,-0.011415374572607107
344.27718093757437,-0.11159516717498263
346.1920831905773,0.18912367915368122
333.74788950082615,-0.039065392160182455
386.61272516975265,0.614290416871313
372.651226389815,-0.37570018222095314
396.14458300762334,0.8971681865986056
369.5285716587534,-0.6677687376654831
363.8517192430077,-0.0886417567890021
353.96977342770174,-0.16861104435599827
332.3990132828206,-0.3738974964689987
337.7698543658346,0.2721188388893552
333.1792674592744,-0.2516364635248465
303.4897322974488,-0.4030403921335619
303.4897322974488,0.6668674051439893
303.4897322974488,0.5858596410702148
303.4897322974488,0.13793422484206985
310.3166946018529,-0.19757611540637754
288.2525871646575,-0.34412066890809
288.2525871646575,0.8272240207360255
326.0791209879621,0.5173577979498987
312.7642686359634,-0.19569141866861628
334.98469607084877,0.12140237866947245
334.98469607084877,0.4187957453502804
332.62888747452564,-0.03610402300353144
329.91569040920984,0.08843920751530732
332.68648686546345,0.062201179323210454
350.01194315092454,0.01668652696105255
327.94896023447825,-0.3502299937765656
376.806829670868,0.4311973908500022
355.38772400804487,0.048842425802718026
332.0325933489869,-0.30230151298997043
348.1082696533137,0.20753326633553115
352.6033367201865,0.06870454705108386
353.1330693959571,-0.03954356705480677
373.04341911160526,0.3298182746669909
349.7762813603328,-0.21152352417561815
338.5894556700206,-0.18958242840540152
345.3230628191727,-0.036828120821951416
389.3179168323098,0.5831639545239113
318.96661803499273,-0.7846840019974479
327.5131749291838,-0.210394825845583
327.5131749291838,0.6186153263752203
340.81092133395845,0.20746290633519493
351.7505190755771,0.17672681483372799
317.1480502832795,-0.41712136071896566
317.1480502832795,0.4540755210862244
317.1480502832795,0.7240130957698057
320.0209740945435,0.1793113919550251
309.23212142862167,-0.15596744421452513
357.43273374100045,0.5537603548157222
370.8784111163389,0.3450059686080067
364.10350499962374,-0.10749572201837054
333.412456194448,-0.5844965162903009
306.4468538325999,-0.24688109140777215
306.4468538325999,0.5461717813756195
306.4468538325999,0.4584452881683774
342.3460922531946,0.15540371741678882
365.23743287686665,0.45977587629226946
327.4961398493775,-0.738628164345414
351.92630944387025,0.6491423721017782
362.26823001333895,-0.28416269939009453
350.19947882465897,-0.2182880457733063
342.95892792613716,-0.025192454951820764
311.12560465989014,-0.6680626696110039
373.523938262964,0.8221424271848718
374.4362941885268,-0.23378856119302327
376.4186844222254,0.14625201698459023
392.2590362182833,0.1989162247944023
376.1691510231088,-0.8048787447124823
397.6294624659014,0.4363173141518928
393.06017260912415,0.050685861991155434
406.4412695160805,-0.24041854956067255
386.6611090868142,-0.0801257764650245
400.48980135552756,-0.16731865937549628
374.5428308477392,-0.15877147770072497
360.0122584309881,-0.08713300257500123
367.19106498572324,0.47610549320688733
357.4460013671796,-0.665782138168197
359.00682255343776,0.13224810930205422
333.45464096339794,-0.5564468506623825
353.07042092366464,0.17810468284801573
375.0361327080724,0.3959479548245781
394.6408531377779,0.4588702371212321
371.9840735087564,-0.44244566199279234
366.91325344399434,0.062148467371685
372.7576780957777,-0.0028779122266087143
342.0790136507241,-0.35477029362823487
322.6127403457523,-0.4612730650796948
320.76496869290196,0.1793332838508377
335.4083936994879,-0.05540662403632268
324.2766871347731,-0.14536149442278656
317.41915857716236,-0.010753897278846125
288.9340999889908,-0.38917529447462584
288.9340999889908,0.6698319225254181
288.9340999889908,0.8380974225646014
339.38987556328823,0.45108525957687107
368.58728405547714,0.8303681713257447
357.1122204071596,-0.3720874613495653
348.8020823604271,-0.23443318572583394
318.0387645920286,-0.3135200168958363
317.3215490376398,0.08997710085179733
347.8839851925075,0.22992491511774915
363.3862402858195,-0.0033501059434684066
359.57503023797716,0.17102136483856611
368.1252002011759,0.39690662749990224
357.3970441480265,0.27551658150241565
366.51888780449013,0.15066313195870862
380.5091221740383,0.17125261413161752
364.2486170042946,-0.06003066381390454
364.2486170042946,0.8492838183641425
355.07383228827086,-0.16361793604244212
380.3396694248246,0.32724691785324467
387.7277517246742,0.06697280959531327
396.2807102671177,-0.25874681753418827
374.8194890200932,-0.28434162304745314
379.1114615186575,0.05559140234413462
332.73933235017,-0.743537834890617
356.45475078623423,0.3374867708776037
357.044308942809,0.1161875691301475
373.42066978524866,0.4991634778386924
323.19390891536494,-0.7150604130426927
350.6255998093207,0.3886019846313502
331.664225928971,-0.04116823493109223
323.3103936348404,-0.5216262498158812
345.57733705206357,0.14268477066934793
367.30562942676323,0.18597976224589274
359.82846127088106,0.39777042854393585
358.3138014844363,-0.35913377422536996
360.4879786234744,-0.18748440033414226
368.75517440285614,-0.025302109155518338
357.34005757994623,0.014120995965868133
393.0594528514184,0.39501679745490037
399.68568234245225,-0.13051473152768267
376.2948061182967,-0.40408186534477863
348.9116629894568,-0.20850326417200904
336.97086276196694,0.24480245164795633
315.32628042192977,-0.5867851386484517
315.32628042192977,0.7096452301058207
351.4154368311198,0.5374567467168845
358.70238073923645,0.5410059822792164
358.9778700669068,-0.060805966412203816
322.4036956670953,-0.6078325885758886
344.4747335478886,0.44690287233163417
352.4186136186622,-0.011693019987774278
350.7507592865605,-0.08218031494936895
329.7750776860676,-0.16547547395020956
307.0053130919102,-0.19937799622721286
307.0053130919102,0.35840432220629737
317.93804625147135,0.2956571427230301
318.7370566971206,-0.333743235578595
318.7370566971206,0.36824900463977883
347.2830674232093,0.16062937593801507
325.82439171287007,-0.11661463822747464
325.82439171287007,0.5957025881348272
321.2518246082237,-0.11064423985305893
347.7654624655165,0.40635742947745257
347.7654624655165,0.4232472568761523
369.67701675953975,0.07183704980525363
357.48153726168545,0.030046705928725714
324.5531051621827,-0.1595701213866505
324.5531051621827,0.1375499661567119
305.16115102342906,-0.6223430639745402
363.2359498323525,0.6439910485810287
335.53561548136656,-0.046337002530322025
335.53561548136656,0.28259918523338
353.00959032435924,0.34817326508061797
313.59084405574487,-0.6096798826374652
313.59084405574487,0.703256587730948
341.4103421789628,0.2987198065213761
328.93333799117653,-0.1498413617192682
328.93333799117653,0.3024669109940987
340.3455884112032,0.1259960163189362
355.8531701749867,0.22718757707855275
374.0656800935595,0.12506542449011704
344.7358178508663,-0.3619238385318795
347.31533748940205,0.2830407840225462
382.95827651951834,0.3113000821779224
393.9931360367327,-0.05891998160620915
393.9931360367327,0.14566861387561403
354.77282336279205,-0.2653884742981063
367.699548307069,0.5709839092359061
351.44505417787076,-0.5269008460070381
339.73591967289536,-0.24217907035404096
360.5843141502519,-0.06220625919570466
348.21469615050694,0.36978964812192316
360.54088330893666,0.270088239402412
358.34301572125673,0.0022019578216259106
366.7875080394989,0.03413522969424321
342.52029297002116,-0.4680844022441306
326.9162528528839,-0.050326213111134166
364.66047226625034,0.5990610246083179
346.5703286865751,-0.26230502327962313
346.5703286865751,0.17961480460508028
328.5546368695691,-0.257752309777743
325.3273162066833,-0.29298838040836017
350.9879160830353,0.44284550440613657
338.2495093604628,-0.18166281273374807
338.6632376023996,-0.09781495469189849
330.5809740381721,0.003864489648549352
333.64463058757707,0.019951552932752747
334.8622483557459,-0.057037420746951284
333.6556208455014,0.22400309123861462
327.05888052927907,-0.27975683132376616
327.05888052927907,0.5864852113872985
356.12891116491386,0.38866260203008096
369.4830125218803,0.47353753650236285
354.8556819454405,-0.3991411777799385
353.47410243387435,0.14123132247959802
331.9323507733466,-0.10513749777601333
354.1823025777382,0.3395634605055875
342.63983653249295,0.04595114516018839
342.5095717839143,0.007641548271180909
329.5311614686027,-0.20320570031503848
329.5311614686027,0.2149220069417197
356.09084843049766,0.2805883967613454
360.7889420427235,-0.10571613972342675
340.8403671643015,-0.15951930420783356
317.2967662426107,-0.2992474990884375
313.3738928442164,-0.21466888436907539
369.789250185619,0.900960762733348
338.71950628830217,-0.5777251750070036
352.0495720748131,-0.1562211559523803
355.6627240760652,-0.06480896221262356
355.6627240760652,0.42677413586113744
329.0727835008889,0.0982073763345852
329.0727835008889,0.12401205288040273
363.44501890957514,0.35628718743078025
384.39999492423044,0.16177609959549955
401.0260994350486,0.37917761433482156
396.3341821799134,0.04604626867899242
381.6211516147879,-0.11326623377465239
346.0166161920114,-0.5347488143816008
366.9018303675806,0.33060993268088623
355.7343286142444,0.18607204404634103
355.7343286142444,0.22339242730947717
338.687541708672,-0.45078776384241337
359.95465362418304,-0.01887241000940776
359.5951941680323,-0.007096799567307244
357.54563210027806,-0.08727613107362231
328.41300555659734,-0.3562727267309356
328.41300555659734,0.629205624646147
323.38815783893676,0.02872487518880007
332.55736149492856,-0.0970103085116989
336.14026018602436,0.18649100416223519
339.59163131816,0.19260675735563382
339.59163131816,0.22062075091344013
322.0534041281683,-0.45570287789041686
344.43034982051563,0.5338506306883346
367.8022895904,0.16063182857919855
393.6907946932779,0.28899946648903097
385.89712724711273,0.05590983771480751
395.031706386955,-0.34737198745108344
376.1435322456825,-0.31679122317518704
336.8195692289391,-0.5898447426534403
321.58951243349094,-0.32792865638089097
357.97492867655905,1.0133936905465362
372.04433634270873,0.17104792391785395
377.31880518583955,-0.2550395885607486
379.34912678576796,-0.15379944156427428
362.62118981097154,-0.4122338118197604
381.8583260681972,0.5847307755016118
369.83496471888003,-0.2245076865020792
372.8630619371365,0.21723474318127955
363.67958619295143,-0.33835081542474654
383.5597989346864,0.4037542185883467
355.69431152941263,-0.572339379110872
355.69431152941263,0.23177954296863845
333.5442569196072,0.07024672972102053
346.59685730881625,0.017969341421348872
364.02571944419276,0.38795662142433684
365.5849488876077,-0.1584181313269255
345.43706831858447,-0.19658561043138434
346.03401301017436,-0.051275351278036396
348.427413865532,0.08009064526709153
348.427413865532,0.19277269971371425
340.7651755532343,-0.16692363623383244
338.80704288837137,-0.2311697031541371
352.25789028201865,0.10704860500243285
357.19404247857,0.24913924027578105
334.1283192729571,-0.016512786211706043
340.19637365942435,-0.2678615794563939
362.06391367859624,0.609951595792154
364.0392330857644,0.08089643905043431
364.0392330857644,0.28756055399617253
347.3963739515623,-0.2523856845774617
344.6960371158086,-0.06085021173237237
366.43763707038534,-0.01070332882557068
385.73148667163343,-0.11737806808150708
381.18899541861,-0.024903015430709274
378.4648452746231,-0.3462052040578101
354.29105307742424,0.037168797516869745
359.20694006916943,0.10363816973926987
328.7591535689525,-0.279349712326848
357.9031924811768,0.21071906166707777
387.62765703172903,0.2547053843959475
364.36833776712626,0.1739622010502444
364.36833776712626,0.1475756440117948
349.66506914011376,-0.4273639294987106
337.16143212992694,-0.08637332971215983
356.65432448554634,-0.09353493523826728
383.4607070104351,0.2378158316388408
374.78835846336415,-0.31634744328175657
374.78835846336415,0.4278228901446255
389.34811797818656,0.456867825132349
365.1107735369429,-0.33529604051614115
384.0822611254651,0.18821918098069546
374.548612082924,0.11724503606444614
346.1698710183241,-0.4667047612171018
372.16468807983176,0.4732303000830598
358.4084530160485,-0.38389922908174867
366.56738848679,0.09685378839401437
366.56738848679,0.19109727105853835
342.160246899003,-0.2961982622911137
369.41024676851345,0.7512003452400222
380.7455031872241,-0.008504705083964836
368.5968976204824,-0.0029289681765476416
378.6596051458888,-0.11066313996150257
362.2623903491402,-0.3512717387045541
362.2623903491402,0.3012664665707234
396.8825884053322,0.20700497436689602
384.55751773789785,0.10374559053093435
354.1185209171778,-0.28355657751626495
364.5598509944667,0.1589404361798188
366.180885719727,0.16273168277621153
375.81264482476007,0.11958860034656027
339.2955626866601,-0.10970054305880694
336.07988253109687,-0.031131414371884603
318.2255565066689,-0.3375752631711748
318.2255565066689,0.7176109858434074
325.21566562626975,0.445560630758564
328.97548885587986,0.05843361477150211
345.8236672250476,0.32304837167112055
325.32072331600193,-0.7159300209627872
349.0744389093609,0.3354376774084358
345.63509094247524,-0.036387287958859815
358.33779143128504,0.29491201744667705
380.483365068949,0.2681326322010591
368.4477476219674,-0.31960836775192547
367.8542429730149,-0.0989074247888766
356.2440850638608,0.09542777223293797
355.66846899039274,-0.04749219911616365
329.8563847936712,-0.30741969646396683
330.1379660139956,0.16399014196940698
330.1379660139956,0.2594854540693632
348.9728228624418,0.33908452269486133
330.87791414001896,-0.3271324563459075
360.39492410845145,0.3568319368446282
332.3688494967328,-0.11103851290113198
328.6146559147065,-0.3092668299450452
328.6146559147065,0.1705588247370997
347.3074912993861,0.28631577031319466
364.7553490719951,0.04530551552693396
364.7553490719951,0.25223311456193187
375.85459740044945,0.34167125024509915
410.12663437639316,0.5360944606740077
389.4418540273206,-0.01489315629896737
379.2275157607039,-0.1535923509730992
353.34843686588385,-0.163963248168443
358.4633472767035,-0.12956421741819213
402.83613541535755,0.45899427417566585
389.3044991900395,-0.26990624284860587
374.4226921774533,-0.32057959966073213
374.4226921774533,0.48970648923693716
374.4226921774533,0.5016801128367661
349.629992289938,0.19019326455577357
348.64962142647823,-0.19410181151624784
368.82109322921053,0.29948602000968094
363.21103201548976,-0.26265515619866164
346.38104954417025,-0.024537395877359813
340.70419285357116,-0.09752474277354395
325.50020260787676,-0.503754936214591
325.50020260787676,0.265516302466267
324.0975786540053,0.09655654003381642
324.0975786540053,0.23452156655389444
324.0975786540053,0.5651270490876641
330.79072927484816,0.4469414833098426
344.56238199624687,-0.1998331473446342
330.74166525237996,-0.3001935826157478
344.71440998072,0.10681240326516672
370.0902351555381,0.06744396062231317
368.89705673400414,0.04866207930831479
348.1852036901513,-0.08299364459639946
387.5722062595102,0.23874408788026358
346.694017013869,-0.5317630303907208
346.694017013869,0.6913076242897205
346.694017013869,0.5677546633382917
346.694017013869,0.607257930228684
346.694017013869,0.3772948841648258
355.6338073027122,0.00019339372283866396
380.2652215332536,0.2914476843185412
364.5518984772965,0.0699985413335753
374.2672897535334,-0.04893615894025061
362.48144411787564,-0.423169932599194
362.48144411787564,0.042565918448417506
377.30128154965774,0.2468217024375008
377.30128154965774,0.564972096346537
350.43128123195197,-0.008008296508251078
344.2006969914656,0.07715614618336986
350.4084279612106,0.07541222288296012
350.4084279612106,0.37553732621972813
342.4360203653898,0.268145834985944
337.9481979592999,-0.0701404065243878
310.86052889389543,-0.44552877830687976
353.94812364157826,0.6738756130501997
368.4256294273782,-0.1109939830841995
337.46533274323735,-0.5314400956506233
347.5933196478118,0.24868000248864064
322.59415480252915,-0.5494966668788948
322.59415480252915,0.8895496631182596
345.8433262062112,0.31909531044505
348.3012463078382,-0.11991697779603783
348.3012463078382,0.3778383108322032
330.4244263932127,-0.0011992231289923438
330.4244263932127,0.543726691837719
356.82678062811095,0.7317407384324497
392.93882610938766,0.6638270364853724
406.5839274336343,0.02130815442023959
397.7420720310684,0.2158521061853662
369.2084062929277,-0.3488184287537024
369.2084062929277,0.12227476921566449
379.63402262014006,-0.05114211391060053
351.4237329096868,-0.31816005425923777
351.4237329096868,0.3355924493741895
338.5443746142075,-0.028698348900661586
358.6631735042407,0.3896353654587301
376.00292003553136,0.14072993994057015
359.86469299084644,-0.25091776145052336
367.2637273948132,0.14273459811045086
380.40312350232773,0.07346653188756136
391.2495506958719,0.27554039012966314
385.98378060923744,0.31542445705076716
372.1656788057687,-0.6590603615486543
366.5734526127348,-0.13766754197013142
365.79902456976924,-0.0002774379948959904
388.87956570559936,0.3896066719710234
377.6438621937837,-0.04535512138465947
360.1082716008397,0.04143079050356846
346.4824523683048,-0.2650118619483237
350.2802174179238,-0.29239957446907283
350.2802174179238,0.2929250604108802
354.0153017100256,0.023559770655651846
354.6489722422379,-0.04241770986175197
336.3297576472253,-0.2628153100503141
345.0448825115403,0.5432512446559485
330.5835996205311,-0.09924613568693985
324.33217731012576,0.2020660548256501
307.3424577772639,-0.27237499423779354
307.3424577772639,0.3664439856734134
328.325875530625,0.1581754522198935
386.53851357405557,0.5588271420353976
338.24477147518655,-0.6951788972695567
331.0597793751138,0.1865640333714964
342.35635499206916,0.09294410243728635
361.46818605173155,0.5638222557822701
333.3089627411119,-0.8470038143076408
343.624379556988,0.19908309555398773
327.67172073070685,-0.12943358619884293
323.60711019255115,-0.13324896411791087
323.60711019255115,0.8957369042005894
361.4453926604404,0.32086363237863225
329.1974348251958,-0.12942809135279276
352.04575363282305,0.17480901016585904
310.97382215724485,-0.3335243622040025
310.97382215724485,0.5942585637180855
312.54524595159705,-0.07314135033163893
334.62336591192786,0.3142433186387734
334.62336591192786,0.4869245303337948
328.03408320920283,-0.20936231489849888
313.8936506957205,-0.04101646104913925
346.1048351798929,0.5188075307876261
334.230215655421,-0.25985942400245676
333.2202131709261,-0.11644080615735675
325.7184311029063,0.11036265700727199
324.4722537871964,-0.061048099178378834
335.11089923676616,0.04347945595975489
317.02993065472714,-0.36165858541744456
337.3383747141323,0.06486490397810485
337.3383747141323,0.6568702018644217
338.7275392546937,-0.13867807014810296
343.58998936163727,-0.0694858016785247
328.1750786939563,0.1863327569312787
356.2863115596785,0.24696863185181428
390.5087157105393,0.29524563215329636
388.747400232534,0.3677091767028742
355.14258872677385,-0.6580810105409682
371.13647281208125,-0.10554765092979324
379.27438191964194,0.04648021545858683
352.3850956890337,-0.06151256249813741
330.79704045561243,-0.5153892515088501
330.79704045561243,0.5183106360015017
347.88142449782936,0.4610546013465182
366.8458812731627,0.327965052980403
359.3303477624791,-0.24405199117586562
371.63997794018394,0.16741781479242945
382.67058228207856,0.16303373275877675
359.6205686271651,-0.1427624587668106
380.2683289348939,0.23944273101994895
345.5498603904523,-0.4475007254512775
335.08165116899374,-0.08346443852633456
340.39235224926085,0.24319938013570663
343.0104179576332,-0.13398180761521417
350.41647053254553,-0.04847947465202651
326.91264061325654,-0.06204245843184708
357.6299935689542,0.4691295369959789
383.61608315332916,0.3196845417011218
403.22740689092376,0.45159414927707076
368.2487668145299,-0.36381773022571906
385.47450007947026,-0.14196323792248222
374.0365705663858,-0.2332648572485141
353.7452971843774,-0.10353363009517125
356.88272375009825,-0.008820294519637173
335.0578238656942,-0.47869101861817853
321.8495858660673,0.012325076476372487
331.45444555309865,0.0002941881698461657
332.36203341979854,0.26124742036495263
339.6612581301839,-0.17997792543485502
375.187534864806,0.7920555023456473
386.0794203481159,0.22894197015216378
361.10660706910187,-0.5692011591920618
335.38142024070174,-0.16873930568442574
376.12934217666714,0.38723828982892883
339.1559465674001,-0.5087049672936246
351.0954609740462,-0.1005996135758096
372.1584367863479,0.4072541537354937
358.9956251994738,-0.3665726570758352
315.409614296644,-0.2973058938291615
315.409614296644,0.5055756712537232
327.70530451185806,0.3072289715385068
348.277683697082,-0.1867332138024267
348.277683697082,0.4640284513707229
319.2667354006855,-0.15320435628632367
365.20517470000567,0.9207879635434892
337.78142249958046,-0.2892626127893436
337.78142249958046,0.577299738016336
351.56767157827835,0.4710578322648189
363.22853041833207,-0.011870128275177194
333.41741220240925,-0.2680073869962598
336.59164297363344,-0.10336853435933335
344.3425693931348,0.11867504549604746
352.52619936227524,-0.12535005359382012
326.03588889979454,-0.7804753214784341
324.2291704287436,0.13534283704086647
326.79896804598417,0.2826469618696592
327.2287306316719,-0.548074728701522
355.52013290565634,0.274097865981048
369.87860729355606,0.17783003456975166
329.1241132651997,-0.8039368761258174
331.6639178652294,-0.3085087138325662
347.6494922034245,0.10076854243902744
347.6494922034245,0.4997439609282992
354.7746277457959,0.5275898656433355
386.1041332374834,0.0020823358419193028
382.7864018418458,-0.26066481631619354
372.15411208844205,-0.25126506332605913
406.8771311663368,0.39483497627497854
362.50985160467934,-0.48754511848198945
348.7086108355417,0.012393989150837115
330.75946274412354,-0.3024452429332314
347.2443904813832,0.2681361125677313
347.2443904813832,0.16876140595456945
356.96027403749224,-0.1383317996713913
362.0365909033551,-0.17280095960961717
362.0365909033551,0.20640442413321125
373.644608797562,0.3286178995526825
381.527337477101,0.06825584490468373
362.64074693214985,0.04047360562958602
368.1673042379249,0.05944990324564969
357.6328706055724,-0.14133122403643483
356.66714010089265,0.11830380317951494
340.95188852545766,-0.5780522671916515
381.6405582446899,0.2784105207325638
372.33701052027664,-0.1008749039669965
349.57954197273244,-0.19543574657859608
364.5592153305324,0.146983355303405
365.6136035132097,0.04668432900280095
368.5328863324639,0.11434718646273723
379.94907932515963,0.17685582127887756
345.36934727376723,-0.707064154422028
353.36847847017987,0.12334100503596801
380.44325309248535,0.07651772549229463
380.44325309248535,0.1284441869698867
373.7859273299887,0.14192392663971987
373.7859273299887,0.30263503491096344
366.67537650074354,0.19624567309267604
355.27438268741435,0.03238504074329285
388.5742780218727,0.608196660254066
372.51749675423207,-0.48822976186102096
373.8575963966626,0.3248673531613804
364.9875362964632,-0.02362134570557828
381.0915535254169,-0.21974244535817888
366.3712946045891,-0.004415720271481405
342.1452371333287,-0.07830990490549539
348.8393102836483,0.23294540776828399
373.8434750327117,0.24069799918027002
374.2985814956993,0.1971972415434493
381.7319244418731,0.0899170384250283
351.976483033263,-0.4514096375476129
330.6837359375787,-0.08051773607451196
330.6837359375787,0.1692024857566139
338.65026107781836,0.3397044735545478
323.9962617240108,-0.2433634187068492
356.81399899040144,0.12694376449007905
356.6247976699549,0.12291382931391581
335.09772242330496,-0.059183859150152784
347.8473362419326,0.1982465368650992
346.91134729232203,-0.2588798502199552
342.43225905173966,0.18113660860421987
365.96753214072976,0.2796589628064794
365.89547284055516,-0.07910267971999474
344.7097541108423,-0.262791775833648
364.49292111693734,0.16468524695358155
346.4286891733855,-0.07349484457995459
359.8980578235384,-0.18975556397276705
349.70698681028284,-0.17125521312823366
330.3690400309747,-0.031729543634583024
335.2426580411368,0.16517740533856795
373.7289556542729,0.21138920934913585
393.0940887500737,-0.12287419212634632
393.0940887500737,0.2859716986438343
392.44193595531857,-0.013201427207377492
378.5555771047731,-0.015997478509348184
368.1430352782974,-0.1353630283701932
362.0661818131801,0.15374420685179757
356.1438057351393,-0.0975684428394743
364.95972408125795,0.07813411362280931
371.62611082386167,0.45901492326777316
358.5619237821649,-0.20079289836667158
362.91213614774966,-0.1730568860573385
362.91213614774966,0.4820137685294412
384.3351943277675,-0.22098863322992202
363.00282967552175,0.19256167189610096
333.2804914647441,-0.20079245273723245
350.35673826194505,0.1978150084050867
350.35673826194505,0.2725273153117769
338.20861086767786,0.08337216697361782
323.860413894947,-0.24554739455720664
336.4210138920295,0.08661549003807067
305.2307413115214,-0.25188194004488196
350.3467115816402,0.3733644750965368
351.8692608496698,0.04673831236823389
328.5561751992065,-0.45147243447672736
328.6405614179415,-0.159697698279615
355.1410739723282,0.3065386420114464
362.95105800420873,0.19674506835349348
333.47437374780884,-0.17044024902531874
338.43531481597705,-0.07977138191733957
332.63986404141906,-0.007997652535777888
377.3560898635256,0.174471394688112
340.1936484950298,-0.29192955578014335
361.1833302643371,0.12166848963158827
337.9382296749591,-0.2755470725066971
371.6780267392972,0.7586272554403877
357.5102458504359,-0.25742770833232953
364.1117876411469,0.028075679281414523
379.77470598512133,0.10478798789972643
395.8598871140229,-0.13777903425784643
375.03741411040716,0.06710477613682997
370.4426290247441,-0.11426337118382435
366.4477874907379,0.1727794020670217
352.30352176499684,-0.2226436398009355
357.8430817720337,0.13943108342073174
380.68966853796206,0.05859928757831767
362.6636420445388,0.04982875001928733
362.6636420445388,0.1682026531698284
365.5194611673559,0.34079656469134534
366.19643231607745,-0.050411364340902765
354.0159419262009,-0.09270594983445335
354.0159419262009,0.44896692197380617
336.3075711742086,-0.7171236548731486
365.48108857430753,0.5828012603867592
367.8793771340295,0.01798012318374731
341.6609316853956,0.018816254462421966
358.1519402609987,0.08920613931866228
329.0623084717139,-0.11540530086131184
356.3839101775739,0.31331913130929934
356.3839101775739,0.24435407833721
355.652227009069,-0.0571700981779486
361.373607618934,-0.09530924374462302
362.1641208666569,-0.05580808488389266
342.0489884523018,-0.052646050367457065
351.5065148207619,-0.16057679646041834
314.4985879767193,-0.14887280268078484
360.14685644220947,0.4485598707543659
328.48135802614695,-0.28147075062418025
332.5837822826648,-0.4308599935902748
323.94737366809034,0.15328303238629815
354.0830302044488,0.39606175598055415
332.53850163714554,-0.18145275001108985
332.53850163714554,0.769123607089
332.53850163714554,0.07036034530347024
329.0639023891359,-0.01837305637843656
350.3951167474029,0.41203965165186673
339.2855248414906,-0.23846793440748115
359.3629140413111,0.2466345990105765
325.1196810623687,-0.4627114116530038
309.1852793729697,-0.2520955887227956
309.1852793729697,0.498667123557766
315.56162159870314,0.3128593127513568
307.0205205771046,-0.3808329215179356
320.7612654043445,0.26600165984325486
327.6283627576458,0.036407675972668585
355.55176648729946,0.5682662656807906
336.92951442544876,-0.1683270999665183
352.7888273875005,0.5415007850713209
345.34786685419743,-0.1640705384879766
328.52135395507526,-0.036511036637534744
330.8252867106048,0.14769289962214316
319.0318989155647,-0.3507250551164134
315.67692052468215,-0.21113523100166276
315.67692052468215,0.5455032016946006
335.33455950840016,0.5898350218587893
335.8203181469956,-0.15786934538391506
349.23113522934483,0.10478067447138528
325.93643894877204,-0.7008363110164737
332.5818131732713,0.26009996017910453
334.44679173174063,-0.12392588912666724
347.18328269880567,0.14246959288016114
345.13306340212245,0.14629258414981905
345.13306340212245,0.3621425915794134
325.6947878427511,0.040661630741169574
353.37822703084925,0.19079392849175747
352.05666549455316,-0.3349663189422927
309.5353955361243,-0.5959231301415002
339.50867581849025,0.4411070409238391
327.8560100059241,0.002843326462425466
318.0626316853652,-0.453613608495516
318.0626316853652,0.7237049460771914
318.0626316853652,0.32031077887154424
298.9885027289268,-0.12831609370698516
336.9385118505032,0.6466253759640495
344.51825501580765,0.3527845964131302
363.0508193616701,-0.13242175249320098
349.1306106389673,-0.5087582574344651
342.423638234815,-0.11906001249712972
337.49934573614996,0.1627794844108621
346.0884197705942,0.07453004739886637
360.53902107929406,0.40505613540995
323.5357901761978,-0.6029427100916109
339.87906877341806,0.22699506635638045
369.948068316516,-0.13014898805352004
370.9325799144514,0.7078395416556305
352.7743240207729,-0.1917791297473741
320.3952457748856,-0.2696393294988866
301.7174287602691,-0.36453734221549894
302.2045002053131,-0.1511628185576228
352.6097017392053,0.7441154555244793
321.94226082727357,-0.7435426251792023
340.6933382897653,0.39081179780532693
351.41834722795886,0.14113980134573012
362.1746519211601,-0.3306881387999283
374.9143897462836,0.1657652203255111
339.5574306598658,-0.23540924361009274
348.07434648628185,0.0640912229763444
337.40207417876314,-0.04981291800231702
335.3603265242632,-0.26982111622578486
335.3603265242632,0.23446430174772104
349.4509728423893,0.23976942971080462
353.7419260480381,0.11709150240392319
370.2429846286697,0.4580972748140084
356.312074648052,-0.28144279807406747
338.1732555863007,-0.5590953424197096
328.8256905705388,-0.015597286801835253
332.539987171068,-0.4520539517625366
324.97920148320327,0.01905778762443333
324.97920148320327,0.6237312536491117
340.3936164306931,0.5799646066576543
344.66020128140883,0.18273770565497216
343.51333894760904,-0.06667511427349382
349.441402733591,-0.27511480566568025
349.441402733591,0.22345437539433988
357.93525956880626,0.5449077439914163
376.2062446549828,0.1734902671942109
365.4583909624581,0.10283012719435192
381.5482813648422,0.7407737726337018
342.2238221191483,-0.8817210052027349
332.8746605044353,-0.26934993877205216
331.6391138111368,-0.2168087765413702
367.2372717086204,0.3204709336951055
355.6108813457689,-0.1010352312056284
358.14548050847884,0.08555784959185075
349.0358590133227,0.34230143639501875
355.36587144315473,-0.35228900360311854
342.0668923962491,-0.1675498213693345
342.0668923962491,0.32498291088938913
337.4175735808268,-0.19983895221514558
350.0150045469483,0.1565839292235296
371.30618290253534,-0.10636613380950166
343.0113954778479,-0.30759074310014967
328.3849974371459,0.06752658347033957
328.3849974371459,0.5497266427184968
328.3849974371459,0.6729384044051585
328.3849974371459,0.4529699733253665
321.6746803843279,-0.15633517223261606
321.6746803843279,0.46612522395639644
347.2913706267646,0.39596025380683386
356.8724286211815,0.22488521289733399
373.05934027086755,0.19977582392016302
358.6654722970274,-0.38131578515640285
353.0513236386794,-0.14700054280206132
375.3441342282464,-0.02002265264786729
375.3441342282464,0.30110869378529515
350.90955967073154,-0.10897567465838165
331.7388763426272,-0.27067560742614205
348.20805106897257,0.2562472227955368
366.8663444496731,0.28903649264611886
367.69060421998705,0.1371689732898176
372.5289037348422,0.03397542794346009
345.1785910021608,0.0728320511120728
366.6264715344553,-0.001435016204140993
346.29794257430365,-0.18505737716134263
364.64446091418165,-0.05021141906183857
370.796494808087,0.5397600613271152
330.07930164263104,-0.527134630582168
344.5429581627379,-0.020129934774899993
344.5429581627379,0.5546079258680265
359.09174185446386,0.4524011839346258
345.82576827826693,-0.3994510052386886
362.8196375279165,0.3290139212942904
351.9198545321385,-0.16495483335324934
354.3832257384584,-0.14455167047901796
339.73287760808523,-0.46160622696561404
357.26567704514997,0.40308099794197005
356.05437337465963,-0.24670983898454324
378.01187760572367,0.32512772961058545
368.4475175291057,-0.16033029695472578
352.35819547196655,-0.16333553581489468
328.08238179709093,-0.1250659032132262
328.08238179709093,0.2665091169534435
328.08238179709093,0.6159283363657551
346.9620364090871,0.2844854827870904
322.63423051951355,-0.40787696153950037
300.0473061162046,-0.1736791929638457
336.1714491618422,0.5256798496191095
319.56350732939643,-0.17632470408966583
319.56350732939643,0.6335393200968156
342.9946249174043,0.3199021545794949
342.9946249174043,1.010696783451749
341.9075568558704,-0.05877814809537085
336.1771702961776,0.2989042290173529
336.1771702961776,0.16579300849070933
328.102276720168,-0.04504889245083632
358.79961523933844,0.28265044883823975
389.0730790497294,0.5191056476886615
357.866474581398,-0.497594410600982
374.13576907499765,-0.049560421364731155
343.6192182918751,-0.17740114010246089
296.04757803441885,-0.6666862339050112
313.24453295212044,0.18139462682620433
315.46048500147225,-0.0836852676820854
315.46048500147225,0.03544798736675148
345.7366126635491,0.43237818773161507
325.720624322863,-0.1562221663497212
337.64897846680714,-0.02271168660854528
344.2135400353489,0.23454679009773827
364.46266780888226,0.2806394586791612
353.81486805262557,-0.23066879040914046
363.18448199923586,0.09032298972101671
378.3849739070571,-0.42942676943278
358.79928487753506,-0.31849313765587794
366.19447366735983,0.3637230153165092
366.3524877988172,-0.2031839845756167
366.3524877988172,0.412447718920248
366.3524877988172,0.44512183573726816
360.4014259001286,0.11660633696874356
333.4284261782204,0.103227267402076
339.79671746554135,0.11886881695272677
339.79671746554135,0.3220297193125816
352.81727153103935,0.23800262616805412
369.5697548761105,0.4385379607432469
381.3749460553744,0.06165439761707603
350.3761549495642,-0.28895302241221543
348.2533163516766,-0.030126388376402247
346.70632221650794,-0.37349220464784594
338.0593173116523,-0.20667940809710217
349.18819131322755,0.24937704895251045
378.35336527102857,0.7561819581342206
333.44492287183704,-0.4146941786922298
333.44492287183704,0.7459841178947499
363.908506257224,0.27824737115406606
367.7237347808349,0.11715755305579023
349.74382179863494,-0.48513221366579273
340.51625347097144,-0.010216125112378904
319.8144255327974,-0.1459200247500121
366.2588359644861,0.6231915228253229
361.16876060531,-0.06879330909941928
351.7599176674584,0.19368534285285932
343.53237106596765,-0.23467510209684406
333.60647524746787,-0.17795355733346696
371.01480826552086,0.4031597063597019
368.1853399137742,0.2994492362636265
382.88612227072696,0.2191129766879385
366.75931391939463,0.12275719331387336
348.6119585168824,-0.3960033180788969
334.17185029932267,0.1473751496390605
341.5787832737977,0.1358333943752541
360.7422215992109,0.06493135991445342
365.6559004761982,0.06292123511173031
353.97621192908775,-0.03382534996489994
354.542104379798,0.022653060072343578
354.542104379798,0.527364882118718
381.5115605795216,0.663029624015735
347.55940389601767,-0.5445178937814035
361.3492230541951,0.268291957982683
372.1105432230631,0.21661044534334906
372.9349394117539,-0.0076442048023182
377.8278926252498,-0.07387167464287359
363.6847076199779,0.11845480608872094
356.4768041928718,-0.45204320567791
370.0485080188764,0.38444944389584634
345.754650517171,-0.3033727671844417
365.33034142012406,0.0985260389772975
353.75833154322225,-0.29884898187015096
353.75833154322225,0.13334502080545008
348.6283518726094,0.14804923274971316
354.71612377229394,0.09285129619763666
354.71612377229394,0.3118572604237215
350.6683365679333,0.09413626134630704
362.43600769321563,0.31726849945403046
346.27074072245944,-0.05819996181583065
339.46404522983045,-0.04200650184372989
354.749447953331,-0.09253296982501524
359.5108886525591,0.35564988971987077
354.3863345434049,-0.020232754527341967
342.51397343157066,0.020150878581716825
336.41422206164395,0.09208597553777054
332.83699220791135,-0.1628555572700634
361.57323588036087,0.671837952627584
336.47906430965475,-0.43043992144885124
328.46260756191555,-0.19349132720026319
327.28181555345213,0.3417863973454587
354.9805026038859,0.34833202718232315
356.9188123005774,0.3109574406255433
353.0183803283644,0.0939598715132206
366.13881691572027,-0.050882553162523436
343.7427249451141,-0.31613128967137527
342.6703981505243,-0.1154790968960242
355.781434898888,0.20002109711538196
368.10051229481036,0.5244409731433279
363.80188086443474,-0.3846442855492569
360.3592341546786,-0.1168180174885265
364.58893158362645,0.007544192958562235
380.96268994947184,-0.16390202600337034
359.97232275954525,-0.13873773775821974
359.97232275954525,0.14544031389505108
350.81289469484625,0.46184320456347905
345.68485122200485,-0.10759957292941635
378.02439221044114,0.307620434563205
361.3884618401615,-0.3327951147375643
336.5386661175118,-0.04360134964849749
349.5702211661738,0.022221734348477185
346.7384688557557,-0.349792481950999
361.28291703968006,0.4271400340275022
347.69537780035586,-0.6817630795337664
373.75433040729837,0.6283559720421863
373.75433040729837,0.4500598652809913
360.0847280111723,0.027848747157690923
359.8860768726036,-0.33671810388784706
365.48491051764785,0.29853457581634757
361.8547939742638,-0.13144504427145876
352.77425384866734,-0.035624414320068354
358.9194248890478,-0.08401649377992726
350.85541355879786,-0.26735560477493436
335.4915482870265,-0.312146566924298
340.57643665058526,-0.026896323717323867
356.97649717186226,0.14156506069957686
360.6004491667074,0.1726295509145075
349.83062918396104,-0.0761268252415448
373.22713474826895,0.6251530000928369
381.98826733281516,-0.22762114359341012
397.5042135939841,0.3789398935693953
411.0943411761225,0.32303376706931886
404.36549402289427,0.004524044586901255
371.8788026479421,-0.2112331786378263
370.1997839333186,0.28314508893913626
395.8041640503694,0.18495788614222874
387.3979981065481,-0.33927444153346187
378.66925859043556,-0.018093312787073046
367.87364044395,-0.2114070260055314
340.2773664966942,-0.2786269488964308
326.6334212648399,-0.4788308470758693
321.446948684273,-0.09481947048914208
323.3842173039096,-0.12516050063436523
306.5738264748978,-0.34985954116643825
355.9777349946846,0.47905304671041904
355.9777349946846,0.9701031722785274
343.6471972700543,-0.024962691031419126
333.4908764067502,-0.045601269454891735
305.1327157741662,-0.33261962381573085
343.69040999922714,0.41258255440232006
354.17482769955075,0.08660385164239415
334.77078276318275,-0.1333874193550173
330.36242558802263,-0.15961822563508576
333.8634041514518,0.06328749928502475
364.5169076768245,0.3079901085079655
338.98924803852105,-0.10355545597769833
350.00125634039085,0.030702882849141133
354.93806971930684,0.1242959839046307
314.5942242167805,-0.38774797266637506
345.0593310473254,-0.08133681038577834
357.25300898838276,0.3965696999053989
388.2659921136331,0.4926521249832376
365.4987192066276,-0.4592324070652012
365.4987192066276,0.5015888329097606
371.1077326687732,0.29792638236847324
371.1077326687732,0.07944485871723828
385.5213532873642,0.247492571810767
356.7668930862666,-0.3929560523749842
358.522628208905,0.07934828595602994
345.68101906473964,-0.17691060533149994
353.8144268035699,0.5000889654430694
346.02708466472257,-0.19372057089526606
330.69258827361415,-0.05555276743723425
330.447589557258,0.10613112605597053
300.0370135492337,-0.40539997264158956
280.00690819931117,-0.42411110741147695
280.00690819931117,0.37268870524235354
297.0731843591909,0.018138648299327542
301.1154754300907,0.14628058691539536
346.19326112362836,0.12903840099465924
328.172529182859,-0.02136191737554327
328.172529182859,0.31358948633010186
325.79897704413315,0.3238384076011016
339.0451886204299,0.36463894293660815
332.01166720055176,-0.4400948128377422
322.92677427293245,-0.06051515010699404
318.1310232559665,0.19487815435536504
323.47075126001295,-0.24940716535797947
302.5886617489987,-0.2541156715785746
332.4580636817651,0.8766922993321487
323.18965919189276,-0.371749249675986
340.8883210309444,0.026228632640595606
366.3717122494276,0.10631740749056462
357.8485338570444,0.15177128759830794
374.89840613065695,0.18612026312825947
371.4641049654442,0.04304914242857194
371.0565395322433,0.11247313295802996
385.0741121822807,-0.10178654675519283
376.2600100900311,-0.1318012680657148
375.5407430804271,0.10740330975806955
366.51129106056266,-0.037147501358958834
390.09188893870464,0.11705057406038577
390.09188893870464,0.6884390769598667
352.21923552704504,-0.10704260999489179
341.80106905070306,0.06199289361836691
357.3612998262642,0.19944655891072216
361.8496929925259,-0.0473141423016159
358.14410673010156,-0.0644590841493482
346.76139524642633,-0.1119766754493412
343.5504461171937,0.15526916441410776
353.1826120034598,0.020150319506228698
369.10173755646633,0.3075388950564957
374.40622064918745,-0.26247493688413215
345.6407719748673,-0.2660980299210678
331.74002681538803,0.4121905160739061
347.0588259088737,-0.01417564086477796
347.0588259088737,0.4745722318451726
347.0588259088737,0.34143363749728906
347.0588259088737,0.6108776935620881
347.0588259088737,0.6567788978885574
360.8726941744365,0.0960805175753876
333.7969530443283,-0.1293812661285756
347.2631882271029,-0.0467989778384208
347.2631882271029,0.334859033168982
363.1743137390606,0.22293634045922772
364.18218493366896,-0.09760423692989662
349.3571191271007,-0.15236276545567762
337.06990204723627,-0.04540868176763979
368.14334694712824,0.2068869359918608
339.241221918793,-0.5832624422178014
339.241221918793,0.21169376288071362
350.0408356210094,0.21480955226684273
351.972420658064,0.13042441755533218
335.9416604461897,-0.0025067736564778897
315.18299959962076,-0.4821145780995266
335.8714336087353,0.3055288790259283
335.8714336087353,0.46070331998282654
341.3465399787554,0.2568947745364767
361.17975277634514,0.044528716891136355
330.24699803183563,-0.292360958735685
319.45207774721905,-0.1456241790956483
342.15747123525665,-0.1116697669918949
331.92435352293614,-0.22730267975634888
357.3915979597779,0.2526281626273885
383.4608971028282,0.7164428423266145
383.4608971028282,0.24053370262026874
365.64449609174045,-0.48874654033397746
365.64449609174045,0.4057951485522153
343.8745779157374,-0.18363049353058614
343.8745779157374,0.5020418047873818
343.8745779157374,0.6656790942026873
343.8745779157374,0.4166323616984755
354.1442398050676,0.30982053679485944
343.9167778022772,0.2746517505204338
363.3865501245506,0.13955979841739463
379.74023397657476,0.22293690982075987
353.55487882733416,-0.13441896075698878
366.49860000145924,-0.018632297332374037
400.15065901421605,0.26077312599409197
380.3529471884075,-0.25935129443189453
396.9147401624105,0.3611665003027156
375.32422288249927,-0.2873833091657616
357.6557910050453,-0.3556313190719038
376.1524318223642,-0.03307697322418335
332.0844043633075,-0.48449239750084416
332.0844043633075,0.4942775328620428
354.200186941778,0.0670254256554017
355.3735397542877,0.049754146523582676
342.79526080815,0.033434791060699354
343.34999136513534,-0.018583721087679805
343.93757097333145,-0.09995971433409068
365.8736562984182,0.5683389727125814
377.71911707237956,0.25394916119091704
350.43315509523256,-0.11069210224582093
366.8161656540479,-0.05613098135290784
366.8161656540479,0.4120162914661023
366.8161656540479,0.3870821338679207
371.8601804406692,0.16465722587054188
356.42111652935887,-0.06311652631541165
354.9502115433544,-0.04553648358830742
362.11446624695895,0.06347597458864129
391.06283414757684,0.5090153954824927
404.83473824177173,0.33805944865207493
351.7424819784793,-0.8702988716056552
383.29136035084287,0.16538084012074705
386.4134861636022,0.3545292399015807
363.64727007037936,-0.5155701349647188
403.57641057107634,0.8171327070216421
374.49734348334465,-0.09652501818413839
384.60017385330724,-0.01979978754206968
377.46329729656145,-0.08705182663447886
350.9383615602801,-0.4956713932067487
350.16144976645677,-0.07673221447271317
343.77284429360407,-0.10445479505881394
351.25105745986895,0.10143065196052703
355.52817416252924,-0.0064089632404602526
349.78145556421254,-0.13508532547757568
358.57091707385047,0.0009572263443260454
404.06346516113473,0.6595349833853561
378.5730560107595,-0.1983354309176093
340.0249719920781,-0.28901591960982387
316.76758687894636,-0.34749845389546863
316.76758687894636,0.2896048959316886
330.3403369956957,0.051012648590472054
336.5534651364199,0.047138581904278
361.19750025231207,0.296006083354996
323.2711190425474,-0.2780363959333272
331.684884629201,0.03558918109865772
321.0949477079614,-0.02203053773450847
348.97727457182134,0.4718098509916899
367.9943418360268,0.2845255091500576
320.7198951347917,-0.846175120102771
335.47038867738775,0.5442550955049228
342.73051293894076,-0.2494751697679476
361.09264441333767,0.28159791487325947
361.09264441333767,0.9171440664564443
360.6774674288564,-0.002885115847789166
360.6774674288564,0.03291691166191413
334.1207762728603,0.32928420813959747
334.1207762728603,0.24985068738931204
310.28389354042207,-0.22151347541898758
333.634410105088,0.011080908132271361
339.4841925102388,-0.23911394844913048
339.4841925102388,0.3891872577535196
353.5194234829869,0.09393795332937316
353.5194234829869,0.2989330795853675
353.5194234829869,0.8182661093239858
341.34263902102265,-0.11103343518846032
327.22850607121603,0.39159809418026725
342.137927165635,0.3650996006980449
367.1993603633183,0.29624968481459746
348.32438610017635,-0.40700816769231096
359.3950606467228,0.10560659299903818
366.56787814014984,-0.10281644521785438
366.56787814014984,0.27150648896440543
368.85233776251823,0.22564946679403874
329.1663903519607,-0.39250291575422125
359.43740928670326,0.34220771341153977
359.43740928670326,0.3990365458009819
359.43740928670326,0.23502399623907877
375.8646911119147,-0.11587095524589586
386.31050930517785,0.530696096352699
336.54687612132506,-0.8004989910530185
330.8218190991155,-0.09359771445247134
344.6290559792846,0.4043172731751383
351.28987357060356,-0.021403576723741935
330.0874708165951,-0.47707518658603476
330.0874708165951,0.2992507232237358
324.33743847830584,0.5209159102537342
353.7168386926932,-0.07285155739111815
347.3969048394721,0.13772144680763176
359.85158534174934,0.000275145166369839
363.5813863721817,0.33178991042859707
340.98537007020997,-0.767200892021151
328.98206056742333,0.17585212841470366
328.98206056742333,0.30409960146505455
336.6175854073462,0.4225687599384855
336.6175854073462,0.641022836525849
336.6175854073462,0.09679086832261419
336.6175854073462,0.33557947087615503
315.9754643354425,-0.20585529618540477
315.9754643354425,0.15903074531627226
309.29018389901427,-0.08695995445418703
327.41644594044493,0.08332682128013857
326.4313561969656,0.018235659149922867
355.3619496556921,0.7880303675923415
351.5949607845002,-0.4686880075537374
376.35154574672856,0.17281544009654226
376.35154574672856,0.3080736923134282
353.8692823112305,-0.49499612635190715
331.30653923104757,-0.06868436628064956
349.6186499965324,-0.003436714533563645
332.96162023290435,0.10903399482594978
357.45779296281256,0.691279266531069
337.96981636599804,-0.27636380946887584
358.859402207973,0.1179141876787071
383.17429815125234,0.22422754994045135
345.12961335187475,-0.9217505278209046
338.7264201124884,0.18916479199015157
338.7264201124884,0.2669300726691972
331.1181629711014,0.021982346156846688
362.6219065613751,0.7250892362302466
355.0488269382997,-0.3332046198406715
360.6904976637479,0.13662891372143804
370.76057705420675,0.025135502335388082
370.76057705420675,0.3449365341887187
375.1850814444072,-0.25169131062045835
360.15484061177455,-0.016859770544670027
384.0988463543676,0.39476788213642067
382.2853200980242,-0.035571733260667315
378.1852043014588,0.029771910436124926
391.77338676331976,0.4433681908164999
344.6691340117005,-0.7465177190194936
373.9925148040813,0.631914272090512
336.65152633510485,-0.2675048175904067
379.6860433083828,0.6727908371817648
368.08157740575587,-0.3036649676593015
369.17376411982394,-0.2404065310865917
362.3648215798083,0.005445207934485552
338.189898105451,-0.09428999889314582
378.05948324373435,0.5652990914792326
368.254156869028,-0.320356232406084
368.254156869028,0.8814446635478816
368.254156869028,0.7076029941101751
348.4326057991583,-0.03944864310642515
338.39812810623357,-0.179129775647084
357.4262254630351,0.28040413636222183
357.4262254630351,0.38186658948916374
366.9323301105009,0.023021540489821746
342.9218083222318,-0.4351873979494485
311.7148371521537,0.09201007866647615
332.7384453369419,0.07491231235701434
374.7707199260782,0.523676912933297
363.7242018243081,-0.3324047953404943
349.7839810772287,-0.1488606688579921
351.42147688882,0.041350447132344925
316.6659991708653,-0.3304310739349603
316.6659991708653,0.8981984766744517
324.2107796397525,0.23970486336747854
324.2107796397525,0.548459363203051
324.2107796397525,0.4691819183972257
350.58390613295757,0.39595587157418777
378.2101411121371,0.25931897071711774
390.5593817967385,0.20489603824626101
357.285562677929,-0.6270300329491647
357.285562677929,0.41913941599591453
357.285562677929,0.35601857841925266
362.9232540995017,0.28252040733116246
342.21004210559335,-0.18611129237797286
342.21004210559335,0.35762020490085433
341.95904939308383,0.20237090769819588
341.95904939308383,0.4124234335785104
361.5624892171697,-0.0153363741371777
361.5624892171697,0.7746814967977116
362.6124526937102,0.01607605093067832
347.76346869672824,0.09354387265159403
357.39496025587886,0.0057783039108016965
360.1320180680374,0.3168478121779117
345.7440454251431,-0.45953250394609313
329.48643671996535,0.0639140819558861
352.817380283111,0.3632919848759002
376.4026388135947,0.0011033259283976804
383.55708326616895,0.005223895498829734
389.6007327406556,0.08757622814641763
378.34800556816333,-0.42541473014057374
365.06353329568935,0.11553476057622447
363.4877846186946,0.2706448601051079
354.0198748375128,-0.41812586779417416
341.5230794258936,-0.20285371922864215
365.44670288811886,0.026392105345507844
346.143092071918,0.0432770153513502
320.572250348398,-0.4728768589145602
332.98385361649025,0.417445801926533
300.94940275157086,-0.404732714416582
345.1216136696117,0.2522774634273901
345.1216136696117,0.4541281490729716
347.63973360273593,-0.24058102032859097
343.3048021355102,0.45880342321675016
371.2711137402548,0.2810251911294017
373.6705662647451,0.4441401348299223
388.9009158804904,0.4331276409560587
363.83825787775413,-0.5979024839290332
362.18385409895177,-0.1482701278607692
382.77714784888724,0.5434320163187749
369.7311022078974,-0.13429522946239558
379.5711367843085,-0.024769932297431296
362.5836452434265,-0.15203787806649416
342.4659841833485,-0.22840482808942397
328.71500838170397,-0.25490390161496634
337.7071070397098,0.16378058410487029
346.15491243395036,-0.0031139204156716005
351.9035281975106,0.13222209451316758
388.48217618891994,0.46695977328067784
376.0612884117184,0.20391937709496233
375.44787665756115,-0.4439790681382192
358.30979219550346,-0.005784036365184875
377.3795926936546,0.35114858440852004
369.9777254020101,-0.32865663933671385
397.6996352380584,0.024209715245206098
404.56129769174663,0.2717566337835251
374.2135867877035,-0.3524292904824051
348.93299848283675,-0.4925547978306213
371.9083055041157,0.16438662391067282
347.1188096396854,-0.12128014874440396
381.9899165724304,0.3466774563287345
398.59932821107674,0.252007367532201
379.0516277808673,-0.546078971270731
378.60901893939183,-0.18328353309129852
353.9851594107547,-0.3969156948778618
351.6766746355667,0.07043720439992285
370.59219231154884,0.36425979176692636
371.5434441193712,-0.108674090045497
373.6315467377775,0.332156423201468
375.2868558904965,-0.18983626126805575
403.150125483179,0.23097595640922464
374.1366391926918,-0.3323825413272061
377.2989380633436,-0.10069210368794757
358.07572443485907,-0.0895145560398305
358.07572443485907,0.5814807419181989
352.56955043762605,0.0823303438445464
371.9001507866703,0.2130394581768087
370.4281392424108,0.012851693212041937
370.4281392424108,0.34141854398592386
350.7896988828541,0.25852079033006703
343.0020863147707,-0.17378572243251256
344.00850382209245,-0.05830435699658665
336.2936232994254,-0.13488379715226984
339.3448781432097,0.24273948016707436
342.78539268155737,-0.4754772944417027
357.25905321706256,0.5545152249005696
334.6317105914216,-0.5756998206619528
341.4042655958206,0.20288633952714008
341.4042655958206,0.07199817990294832
316.89759276408387,-0.3127409145231468
338.1717745968627,0.09625197604395908
338.1717745968627,0.035465800805013714
332.3500196529528,-0.2942148295254583
327.9934662468931,0.16750600920545367
344.2604581889274,0.1286357801561735
340.174052677722,-0.20581692313430722
362.29210515100584,0.21078916249825852
338.3444586458825,-0.15881245707475955
333.6074091088619,-0.22145784286158232
360.65426586289993,0.2605043104018705
360.65426586289993,0.02723680461610911
334.9536909197771,-0.3410529447753561
349.8375211179881,0.10454741836326775
327.5689687033738,-0.1868495049775447
337.1990020673337,0.43156834264721056
339.69675625013,-0.047565770484993664
324.8353809889304,-0.4152572319419505
334.27287409766967,-0.11466803719554264
334.27287409766967,0.41557427117982115
339.88326016841114,0.22059537525910855
352.6219392099861,0.07178530314922682
341.57285205415604,-0.0536337962031439
341.57285205415604,0.44987659446587713
350.07863946866286,0.43443587384945204
330.1214334867914,-0.45568128301056277
322.3778592651108,-0.25701506198163315
335.25227892051765,0.25955542442602564
338.5291775554793,0.10991505645370125
355.55315395688064,0.18874824976705895
332.2767367036503,-0.254235178679437
332.2767367036503,0.17939301482772407
337.24615682860576,-0.12913737827420846
366.02750150347714,0.2507974695969324
372.8700792443339,0.31241430504610435
392.00791139477604,0.26966062348401465
347.74384741782075,-0.5477556894404643
372.88984580022975,-0.07051977281753352
380.38746954074594,0.16588636604751628
372.99584396058174,0.05241440088207128
352.18768327939955,-0.05526781651201418
352.18768327939955,0.16214187009973102
342.25195818992125,-0.028118269517108274
342.25195818992125,0.2282404104772695
359.156369156378,-0.07414133818463142
382.8153866201921,0.40116223086442915
352.3369321433074,-0.6891947406812733
365.50472793364406,0.18947449747372502
361.98847462015857,0.053427850309731184
333.82871909722854,-0.3407097214761734
349.08140432651834,0.0658438698953887
353.60021343379543,-0.38899887439754366
352.7012637562236,0.16664600909564342
305.6584323318801,-0.43731152200348333
380.3699759383556,1.20679684611855
327.56247799676163,-0.6944251864082389
320.9331028753928,-0.3008212037962039
327.2723587295879,0.2874596810913772
348.03995394502215,0.06870041065940313
336.05920485526633,-0.09088263303351596
336.05920485526633,0.44838016936330405
334.0630023854592,0.46148266305885954
348.0647873256708,-0.08005529324464078
382.78105857406933,0.45105342434703743
381.2438382321211,0.016019830081859254
354.26828587666586,-0.276737381567159
344.9267865514408,-0.12128269898232702
346.32490000838817,0.016811217143640533
329.77295683229886,0.2874702222010228
343.0791376901942,-0.04854224554605935
356.88744075930646,-0.13374559774160844
346.8722903049838,-0.13755727449586175
328.9613833717796,-0.6266079290326161
336.97513080753856,-0.03676292009674853
340.4824762585824,-0.3133185371327727
340.4824762585824,0.19931010831737694
385.06237985803574,1.0620957645204498
413.17621990837745,0.13370368497692198
357.02349320163654,-0.7283995893965312
389.6795786496839,0.46859596392448566
380.1778411749272,-0.2849254655086497
376.10646068654944,-0.27803522863155194
383.19290998900067,0.5152320396646246
362.35461512818523,-0.04827294659560266
344.21834520188537,-0.25347710102676047
371.97677701940347,0.4443435359276009
362.7738708885264,-0.04757097328956661
373.78498734642324,0.21424184123816303
425.6573943804065,0.7102974497011019
374.436460032638,-0.3826901495102675
345.55725737510556,-0.4952450280488847
349.02892573551594,-0.36558461615663873
332.4397332553854,-0.20038486767930408
332.4397332553854,0.7173610140594064
332.4397332553854,0.6199971469118282
332.4397332553854,0.6905975984036559
366.96066010785205,0.5213355330183731
365.3224078274325,-0.4297393814398447
375.97498244995097,0.21817005899015385
358.70171875862,-0.32065412742974786
371.0231720746284,0.11795777168640598
360.2932962509368,-0.031603161463181095
353.28397594874474,0.07758099325599233
329.0537808630766,-0.30693278270814517
330.0033598617838,-0.07191062583729035
343.92130391093116,0.3887848914228016
343.92130391093116,0.14447991672750504
353.383869850981,-0.007343462127892053
347.2089776705079,0.24035760599713285
384.539408804861,0.5212831137148441
401.9143140165701,-0.205241676141668
370.7098557281792,-0.21919811358191055
346.2697975102659,-0.2669873821107558
329.8911290024082,-0.03849206205086375
346.29702022969656,0.23469699992710957
377.2266964943035,0.45463865355532107
338.31928415136827,-0.8998107307530745
328.8778092037757,-0.14530307849986457
337.5412724541962,0.2297360297123987
337.5412724541962,0.4971642926561799
317.539250978666,-0.27085651040204084
318.6587286223801,0.07911570366059095
320.29921013876617,0.3361407785944266
315.1924411210906,-0.13540502113210096
318.93654815415516,0.3178792759144926
306.67765661745517,-0.27972680089499136
327.9033389606734,0.1177996705480382
337.3685286727457,-0.1836909728331193
349.59315103274895,-0.03510029555854999
327.32993525100665,0.00020143620622548042
352.5608696415026,0.0870232891697924
356.62746313623785,0.09505481848304953
363.8513451642042,-0.09627981967480537
367.3105653205723,0.39503070341481816
352.37403751666176,-0.35580965646897766
398.09003579010204,0.1896580623835007
374.67608936925876,-0.37206730490368045
368.16983226693424,-0.28934416118374884
382.6753608178429,0.44506176716492973
381.57731372880704,0.08763242486725176
381.57731372880704,0.10822019155398266
381.57731372880704,0.6585971144027098
347.4288696237304,-0.47294086618683195
377.12571405094053,0.2457535117198404
361.17411233667895,-0.24140301201771308
369.3502229900595,0.195879013369904
329.9987392492046,-0.526993835964845
351.32568799924866,0.23849879163196874
367.41016833941535,0.20704556109706118
387.239807976177,-0.12055236823982796
373.49192375442686,0.10190371331327697
352.4044002781208,-0.49645608329751667
368.43741660514553,0.33326573298472795
339.8240587299011,-0.44559177426140195
377.2398967030082,0.6558299058585817
346.7497138510511,-0.5298317948787599
345.1371755553384,-0.08404913797289737
345.1371755553384,0.2503324923706032
335.7042593577859,-0.19809946971895442
356.6371800542747,0.4403939617953938
352.3411830148941,-0.05744804937955905
340.0450877438317,-0.3312988498627192
353.1256472863861,0.1433131528838203
353.52800263692865,-0.08125562630209515
348.83370651238266,-0.2154534353944655
340.04515506492993,-0.07751629968197449
352.41242911493936,0.02538088558162599
367.97029702534275,0.2782352666142742
406.26226408661597,0.476023550205241
392.29344105941203,0.014222450181023305
373.5101872076119,-0.19091000819787496
374.31085257663676,0.2883758146542732
374.2418258016648,0.11567509740825699
346.93063521741914,-0.46605780985601086
343.346202611433,-0.1049166747086474
322.0815035714515,-0.2038391081272266
310.03001062382765,0.04050055837387845
319.72249174153217,-0.0572867585193535
302.9086387572021,-0.11358619077941512
326.32194685591725,0.3670137346828142
311.3489378515244,-0.04515961018660164
311.9682870089385,-0.22706490714392658
332.7259728923312,0.09073922100708387
332.3943185456961,0.1053333143800046
332.3943185456961,0.09282959660140477
363.4188220935268,0.2026571892993161
363.4188220935268,0.29528240439299225
360.52450357639685,0.3816027791297074
367.5963986859601,-0.16717719304119782
358.2452811664792,-0.3440846149560457
353.6715955480203,0.14351421369838135
384.32476316533405,0.66127540664138
361.7222692645077,-0.7153194305074067
367.7184902063649,0.02973999079938494
368.362394821315,0.5194681749239862
365.69459223548756,0.006994059085968729
357.9994174014009,-0.4081366025282023
368.2496803443791,0.5874972070739659
372.8048250542679,-0.04968289538339832
367.18480346829887,-0.1256231613433556
320.2208868316762,-0.893610386228147
329.26876611435335,0.05308728392310513
346.75396835693317,0.08814678006024224
362.1481185751723,0.3184445959485629
411.9862251309984,0.6778794013990819
398.5683471516174,-0.09824529095112666
371.949815193034,-0.07178113367422156
348.7245977064916,-0.407024448365064
350.90097487986344,0.0977988874278708
338.2779448825622,-0.1298338951939968
355.0813085591192,-0.026641852062653015
375.9252850109707,0.23156845945857185
394.45990208210196,-0.005686074309323885
371.34964893720405,-0.22922127579852258
382.0561078883529,-0.20973234844404942
373.1802988427005,0.3433823470087418
377.22678272954624,-0.10699014753026859
358.1530188501184,-0.1615024602684798
362.43695016975454,0.15285477182453633
357.9885806012865,0.11882459764524356
371.75502721530233,0.06678807613673143
356.98867866902816,-0.38524418522013093
326.4266132728402,-0.3110769845360437
342.2568698128179,0.23604614033547477
341.49551383038477,-0.5509196714614291
345.26562411630016,0.1613716679520394
345.26562411630016,0.7575884647743578
373.58124601470337,0.5608627012927627
375.11965335224306,-0.048706701052992685
366.5776118367635,0.024020673014206295
376.91047272934605,0.07572266043041509
392.55241659755194,0.3348100604696356
368.2633209031199,-0.3883942240122451
368.2633209031199,0.1902036431979468
366.0082220188962,-0.10409227895002005
374.43947871106315,0.34970767540949055
355.3604783785771,-0.21194333038511104
360.76915183904987,-0.2689219583492104
356.7328196762667,0.011509401473631442
351.51123589739245,0.17145742619482007
337.18158752033867,-0.29988678884433284
345.63562661847345,0.17649410626904682
372.0386695148505,0.06064923478527362
345.5508297593418,-0.2576698275080389
346.4964205378786,0.06273526532265805
335.39166803040536,-0.2297361528262627
354.7208380927992,0.7343691567341466
348.12557232931107,-0.3881002527785995
323.65235741240235,0.06997847161017035
344.72274804393464,-0.022204776858416153
353.65518497541643,0.30701034880405587
354.1481912486085,-0.09429111515203203
367.9305073007535,0.2083720520603265
339.0715185228772,-0.5064230189947239
336.77928452441853,0.15251472306078995
359.9879276727489,0.20217071368040251
351.6213188178808,0.03593812332701418
374.2694800195976,0.23146055974712
378.00019101094443,0.27459062348907537
358.54120640172124,-0.5138196576826886
369.3416787250034,0.02752170795895381
376.8689067935262,0.2673192631443726
367.8961248883915,-0.7405747113066354
337.2254375093926,0.08396691418420232
361.14451868793884,0.12894007004399555
361.14451868793884,0.13390814375259197
361.14451868793884,0.21168474160435835
349.35465076175524,-0.20321111566227046
307.5098392320687,-0.6683660668237508
331.1461377532886,0.4684690412817645
311.3189338659987,-0.23537033852369404
334.25446433495,-0.19256223379807125
334.25446433495,0.16231195701220713
321.2115631103894,0.020037106851304998
321.2115631103894,0.6590667720945476
314.3948101526529,0.037764051082945116
312.76216248394985,-0.16080371426278361
312.76216248394985,0.7888958483335955
322.08197693349365,0.2271543964710645
322.08197693349365,0.577840623111797
310.1014448914661,0.05360944737412865
337.67848936872963,0.22657180488715767
324.51377547768266,-0.2299010425481356
324.51377547768266,0.36318588514063777
335.9640356071637,0.43504579879220273
353.48028745209103,0.12859573708135486
353.48028745209103,0.33860533590222985
369.2119206761436,0.11182658826930947
351.048818244943,-0.30908952383379074
351.048818244943,0.4483052245655017
351.048818244943,0.4561880264715228
355.95978164053224,-0.1137028585784492
364.1913173969732,0.16166865403727115
350.2047761061008,-0.23054279657856114
338.92109986492466,-0.11929839654624175
348.4809027200514,0.05095924110707983
338.89454958544724,-0.5562785356360109
338.89454958544724,0.5060488308038202
315.21695135050896,-0.09547542484438054
364.93569532961504,0.6252823500217346
326.5488668166255,-0.3545753647346146
326.5488668166255,0.7421848008573306
337.1606719018257,0.1617828237365302
337.1606719018257,0.21174520102181305
323.4165571367343,-0.3965250959511195
340.3215199063413,0.3242317852746055
347.787944412715,-0.3354222073710389
353.70833960012925,0.013645227413348948
336.14829888547814,-0.2511363658670689
328.55468403944207,-0.32814394410604564
328.55468403944207,0.7533004500261313
353.76639908092454,0.48866402923579244
336.55681912132735,-0.396355151198577
325.035040555933,0.07822118864100958
356.9402242044619,0.5473966655500817
353.1553422717157,-0.13077214547570293
332.8891013492458,-0.52335550575458
335.1811812878329,0.253171701296651
340.41227070933303,-0.14907765704674603
339.52066878263946,0.21044575555856682
351.81862112761206,-0.13689338550648245
338.3569599501044,-0.15300484013619098
363.0344952859332,0.30194106887608996
351.0536536896766,-0.36962406184318297
387.7723607538711,0.5396498882112155
352.5718354844233,-0.08973716799926024
383.2704913332983,0.13901642887458365
366.6020448202357,-0.3639669287996412
368.1562285817135,0.6730329890592657
348.81316376211026,-0.14327370646947202
357.50024932789955,-0.22686695106199295
330.8114205410999,-0.011705079312719135
346.21378193045166,0.1418177703873198
352.33165771844375,-0.04365368952846893
321.35691566820594,-0.18307602745278473
332.9845481682095,0.010386814349203632
318.3267930402232,-0.20097524123957555
317.6276237697894,0.23031832772767302
317.6276237697894,0.7020268773553653
343.36678019279555,0.3522934177137813
356.69880561097284,0.39878553464529887
353.6981845687312,-0.28065041676688907
353.6981845687312,0.29106412297153383
353.6981845687312,0.311846520990116
353.6981845687312,0.41690840526712236
348.3023500368533,-0.017468045435407475
348.3023500368533,0.4589215763226093
330.8141056412178,-0.05166920210695025
341.16723824500326,0.26332805828451455
353.6693826028713,0.17257356558889114
350.1457508403001,0.14894074388394074
341.1490306014099,-0.11336449159284712
348.3905978071407,0.013522491124149383
325.33203729299026,-0.0539138277888469
349.4571243865538,0.05588241997531895
372.19833836449936,0.2839664069900891
410.81543074259764,0.8907148494470221
356.573825822305,-0.5854359223170604
339.6152679613905,-0.5632116481341427
347.7106797336964,0.1465731827354375
342.9396087076602,-0.3130216524301659
339.1751239508825,-0.04442919108987553
331.0381014008823,-0.31299548025469903
328.05327763950646,-0.19767370563079112
328.05327763950646,0.17348665797283047
347.3697543316118,0.6198616719951815
350.884367946831,0.2246183199213192
349.4042389422596,0.1308807357306705
345.9562626430864,-0.3115017039202712
376.59304915916374,0.4983680465807083
375.4283024872936,-0.09785829336851748
393.60511167291514,0.24077778569130714
381.97734764902106,-0.3900030733504991
390.5591750455765,0.16781480790405112
381.7435761552759,0.30261340457605
385.56193598501824,-0.3285665121425154
381.2616288234019,-0.008338291042036872
357.8136274435491,-0.4769691245562626
357.8136274435491,0.22666411036959744
378.0133394862143,0.6811724102171866
378.0133394862143,0.11130464945119911
378.0133394862143,0.09301123710633874
417.4664041652774,0.4818078375596997
395.10027268499425,0.08762434066602509
382.2112910108827,-0.14854208800693414
341.91491486872894,-0.8030150968922953
353.3842668928028,0.31934854641531274
340.21469846587956,-0.09317436619187447
339.25026384860223,0.03226628768175033
338.8944431100511,-0.11242419012523897
363.64973949352776,0.3835748711076121
351.88813688913507,0.014501980794420888
353.86429822029925,-0.3428834824721889
360.32668802857455,0.34877613252126594
326.71357628930053,-0.6381610002558773
329.63590749789176,0.17187279784377552
316.85165137951526,-0.3184605378182823
323.70975483317886,0.1448106258453663
326.8309459093569,-0.09113156440548664
318.4548978643641,0.12211398964609543
318.4548978643641,0.2699761981973552
376.79903967466277,0.48483209260757576
372.91657411451786,-0.020576261290784714
356.4179246943736,0.10486740463909427
358.3974685084076,-0.11260317157848476
381.8188095466722,0.015930579433415915
381.8188095466722,0.13675660490594055
400.49908736365535,0.42815882905063063
377.10761062360694,-0.13752784551627428
377.10761062360694,0.193530417511397
394.7448515485622,0.6533709561977048
380.44887998810503,-0.10547950576562926
381.02119814643765,0.050574396492606866
335.7984575503477,-0.5932539964035186
332.97312963967806,-0.0763622155008079
332.97312963967806,0.34596252059247945
335.02934909344765,0.41100515452706077
335.02934909344765,0.27207412382540497
322.4374718771362,-0.5279463235326602
323.62233184156673,0.2806594629880692
334.46288138712936,0.19337452245326858
334.8158559680611,0.024322787257233358
326.5244638010137,-0.36871501473410717
326.5244638010137,0.752225093501238
334.0842501265072,0.08051323428230717
340.57883185164906,-0.0872090694660983
315.6716991112603,-0.7407317313197836
364.1305439401977,0.38482398368796567
372.1509653951545,0.0991969456941888
398.8909306522799,0.2437868842816897
346.9533226051582,-0.7934693376240602
365.8388013909816,0.14996019976229036
341.6847984404714,-0.019372001231886316
335.61616733647895,-0.02567288101545273
334.1506624197426,-0.06201246059845289
366.0248423174441,0.37419634423258685
376.0125337789386,0.38298393370996564
342.00152042496967,-0.32042354442660326
357.1109461798706,0.28962750671905724
343.210767890842,-0.41730157977167437
354.0162182359243,0.23411767153913843
369.84164826362036,0.13231931441850975
369.84164826362036,0.09387140373689817
389.28608052683467,0.36219024022568647
346.87254604343167,-0.44371468955193905
360.15929277907264,0.3056663261322683
373.6619720478789,0.11035139602392974
347.5464125874699,-0.4028039999682278
362.71866526977027,0.2098495114103116
378.6928165564002,0.15117805320994648
359.9393195965736,-0.15149763218551016
345.5668129099815,0.039398167233684944
372.00951770653046,-0.06537597978115173
360.35875500224336,-0.05770657119444422
390.2103065639083,0.26104065625838757
382.0244217817494,-0.002277967651025392
374.9049918316569,-0.3690874536409865
395.2533701471961,0.5516938107977012
406.77185605849184,0.08903325141488949
372.03623502765544,-0.35509375391484355
393.1890297143109,0.3634460018928394
365.711767835197,-0.43977163592353463
372.21765355588747,0.46877135844749773
351.31468993582075,-0.4465666512115831
366.16976204341717,0.15736716286767205
388.0966211251356,0.2806767125728129
370.32044832675086,-0.07574517787008972
400.7040714317309,0.3345732387908811
393.49524624982,-0.07545837718816983
383.9329752115044,-0.21400012738115493
383.9329752115044,0.619333667070805
379.1559832389466,0.632220574129633
414.92856102373105,0.24749166352455632
381.9383114085882,-0.34676813084479363
373.56218891273215,-0.38989932626736845
349.58464765170584,-0.5859293215210073
360.0953864895415,0.14023039088954192
370.7737181245316,0.03478855287664828
357.682241431081,0.098775384703913
364.24763702644043,0.13197812319390323
364.24763702644043,0.6286202889959895
371.09991450045777,0.11929859691792899
340.0689749743796,-0.28301032213732924
340.0689749743796,0.5422210598130732
369.32713846896576,0.271555130017191
380.0026196713495,0.17456820220218106
346.8952917307255,-0.21419031165441993
357.36814009031724,0.2618367424779535
338.23497985061886,-0.3150347932208888
342.7365267105869,0.2716138600940212
349.31555208613037,-0.07953665703826118
347.4022831690564,-0.14188882178621043
375.75330752929796,-0.08444547621741094
348.8662596248724,-0.18397327994227908
349.6358176898369,0.00942580736864329
349.6358176898369,0.3528072844133021
359.17813327985726,-0.07353971758357147
372.7156173530057,0.026063499064775897
365.1304820710896,0.45528694985932816
362.0764555585101,-0.056930442030079575
392.8665778940664,-0.1022641118820502
381.94079678467534,-0.20343261750963393
362.8275362742189,0.22266421025483396
362.67707774920876,-0.07486728589094582
382.4400295662051,0.33260995045998243
386.14797653200105,0.022916038706739528
392.6780729234952,0.20207721897691044
365.86242452509174,-0.39445324894109035
365.86242452509174,0.5895333271261052
360.1120488921839,0.13160400715014475
375.61925018428184,0.4472357078238929
356.59055187016867,-0.08482492234986694
406.2037419385362,0.25558532398281386
378.9522454404974,-0.6138614320884699
350.8527999665066,0.1591791168769987
331.3727134662708,-0.20994264922273942
338.95380911729063,-0.05401067338596022
307.50018501020736,-0.47068981089478257
307.50018501020736,0.7271954356453989
362.62468226105966,0.6578124592688255
336.74394063286,-0.012448974822063974
330.07667940930855,-0.504233643521502
345.7143761359013,0.09363787722008965
355.2146872175736,-0.1772633402072188
355.2146872175736,0.4420444459628925
355.2146872175736,0.16500354724917088
364.1589267486352,0.14893165061380387
351.9191191726106,-0.1639696868567171
363.8245717648701,0.36838038156565744
366.973470340812,-0.0394254715417901
331.0090289605906,-0.3731486601003553
356.69816269068497,0.28008134761694237
336.2821531797885,-0.5009709604129284
346.28663704891983,0.673721384011742
351.1513267060678,-0.19985531775216714
325.05546500126945,-0.2448096414493648
349.09401434642376,0.233139627006949
354.25061221532115,0.02462725621694517
310.7514022735277,-0.5097669643258769
310.7514022735277,0.34442913809903075
338.50031530741256,0.291443847859
366.734591756532,0.25542509073829933
334.24136200087617,-0.28736872962463167
334.9149369061891,0.3232525375176465
347.9980878625214,0.0055644477363330225
373.9177074302853,0.05126021253340696
382.2610767426983,0.23827805631754018
362.63643043307917,0.1852520061843279
388.07644967551494,0.14648199062867207
373.79288028932797,-0.6198383055294698
360.43989019466846,-0.11824203963465152
348.20508350627154,-0.08364672917423377
351.0617345824004,0.1499979107186391
338.5182139094399,-0.13386243758168348
346.11158375318956,-0.21263982072719045
354.04275006334325,-0.14334651925742037
354.4333315427431,0.2742286748531342
331.81460929955887,-0.01753310731669444
341.9692086391918,-0.050294046933231584
347.55416384034066,0.07716391343626583
315.72021787779414,-0.5397624013080531
311.5725291359409,0.0921077971570412
311.5725291359409,0.4237702264381369
325.06237931630574,0.2798762269510462
333.71187731396367,0.052844917629386146
336.9336842545732,0.22604224753263225
332.683623709358,-0.3237093699279967
314.9061950605102,-0.3510627213222506
301.5736330223383,-0.4010916210617097
324.1121319591793,0.2779733078781419
338.66222012144675,0.39066515475462893
336.01040261183954,-0.12034793309999259
336.01040261183954,0.18887477585235501
367.74447795812495,0.6078880849878487
331.5977109798094,-0.3507976389765872
368.0284699704305,0.19906403456900534
370.8895432503576,-0.05650850474046365
364.1979324860431,0.03604419417263216
378.21209435136257,0.09192757869470825
345.47853199489487,-0.27178120964788377
357.095414494015,0.05440418973012129
344.33641174105765,-0.2530468964411057
378.43292393543936,0.41856187678990864
337.4529411946877,-0.4116073791990402
337.4529411946877,0.47511498166147703
337.4529411946877,0.32283940280990464
353.7244209360168,0.1886652775986022
315.87588442427904,-0.6198870736004665
315.87588442427904,0.3758590418383392
320.5985646135435,0.511368861540177
353.92765843658725,0.12264375839617969
345.58957691873934,-0.29636754158673284
345.58957691873934,0.6045088651288779
335.6295763189172,-0.3115181681782815
363.67841281822376,0.28792101525982616
357.49141792675346,-0.32475589456362286
341.0326941351871,0.1579007963358663
344.49807246300384,0.37313590938879315
333.93539546958795,-0.43875037180407617
370.3405669802954,0.44574999102837864
388.6942859408502,0.10676887267732127
357.51558114824854,-0.27805061091260086
350.9718781433922,-0.36202167010389985
367.810404061172,0.3948357064459742
373.4300929424917,0.12248995797313
382.13591205255534,0.04868429478528924
361.4304777878108,-0.030375373907986614
350.9966415181307,-0.5324064986515396
356.5698010735841,0.345208810120198
346.4697863910371,-0.10698849526147569
346.4697863910371,0.26544731944295563
351.8883783721988,0.05783137071216515
348.97326693942813,0.17720208989703679
348.97326693942813,0.16640365641615062
358.05615396606584,-0.15524287800428738
331.01098969372,-0.1452146253511728
328.9650348224704,-0.37990759199556123
335.99163614530954,0.3562994157821322
321.7553861587571,0.0042931483911843316
317.8194178318999,0.006366322913208933
304.04315574309277,-0.06134313283337178
325.57423740589013,0.0056956492902600075
335.0478425673771,-0.1291636589043037
339.86758695219686,0.02088772705451447
339.86758695219686,0.2778150558131074
366.7487344261205,0.6077743635967181
387.5572817022385,0.505655147696416
347.8823210952438,-0.47717994384868234
332.33221608629276,-0.215101474644257
333.0344751687014,0.20465127393833882
316.16964338414715,-0.1431371546509581
320.9296319157648,0.1367504830773214
296.4157656156692,-0.42618385165678774
314.3996822977455,0.10043165545789634
314.758261083246,0.2648655782827518
342.70882820687206,0.26612693862819015
335.66542667201645,0.2981948924032167
305.0708667297443,-0.4048998464459146
328.9046264609028,-0.04520685632212462
339.7658419557182,0.17011701568026183
339.7658419557182,0.26890601970467287
339.7658419557182,0.5055063038075787
364.450604527936,0.6899617212739031
349.8728769817231,-0.5422134078979752
349.8728769817231,0.14036315830071544
333.06352762294523,-0.07063878962276249
349.18304424596005,0.19581704575102776
368.6923179906328,0.28988318876520225
359.49776310014244,-0.33811479228984354
359.49776310014244,0.2193379681928036
359.49776310014244,0.4857616305996544
359.49776310014244,0.17979489750223365
377.485517998333,0.3840623600847266
350.6899749833981,-0.2461983160209229
350.6899749833981,0.3116199425414834
350.6899749833981,0.071204360391107
366.9356411927651,0.17539799630492325
359.99287554029144,-0.28776782312388605
378.76814387465276,0.2952164960022401
356.5860327636225,-0.4075387341416672
364.22437009423254,0.1631693521960642
364.22437009423254,0.3459125587202152
346.4130047502511,-0.06979389378534506
346.4130047502511,0.0712303388422697
321.776238962645,-0.4522688966901569
321.776238962645,0.47704171479858815
337.0433123433254,0.5844110614689271
321.5806700128601,-0.26259212433205903
312.0062745747414,-0.06703672256139726
324.57944293631414,-0.12081302928368132
345.36588564951506,0.7257098802687096
354.9867562164059,0.2539056913251443
365.966661462808,-0.19681105064660187
346.44895380872504,0.01641010795196962
352.7481505425507,0.24032169475867704
352.7481505425507,0.41543459594856813
336.3720230495371,0.030003361918147675
343.6680678810624,-0.184921176051148
343.6680678810624,0.17618571005709782
364.76633006534263,-0.16933431326560822
322.6795880978215,-0.1731818929633846
330.29501092590783,-0.07296544624045964
331.57734741698107,0.14466662959273435
334.8634649271839,0.1842726350768089
325.77392250557995,0.019740247976187675
325.77392250557995,0.3342952325060651
330.65796681195303,-0.19778554943718518
320.7681171606249,0.11583478491479582
316.5608820475433,0.10842849652692621
318.0526302087338,-0.25771401035717645
326.6021229115495,-0.11480824143757218
326.6021229115495,0.6798276945107773
311.29750844776436,-0.05166508719082685
311.29750844776436,0.5022263274872785
306.19111598607367,0.06194427760090093
306.19111598607367,0.2071857792202536
357.23840553378676,0.9993133690272771
354.23987501568337,-0.33062028759377426
373.1750737259137,0.23589100513663652
344.5381424932312,-0.25405608447704253
327.31994684737606,-0.3066449752210474
327.7845593206569,-0.2620078257551768
313.1969478893729,0.24409729477633846
313.1969478893729,0.31051982982512527
315.98541379341947,-0.2753243574074986
326.3121389282935,-0.18762336011286607
325.1341923096352,0.10769825808165479
325.2469415198375,0.24764612112824125
349.23274700650194,0.04347337968283682
346.6226517033844,-0.14091135310582104
346.6226517033844,0.4598465602371107
327.86043882523944,0.06381855348456611
346.98127372594473,0.23272411882305732
351.13717593993596,0.06966553515258056
341.72608140151385,-0.24722401656424609
366.7691399497076,0.20742828530080715
350.14347037777134,-0.06970603681497778
339.1771918480331,-0.18190129376944242
343.08993140541037,-0.06589338175058401
368.47152498004493,0.39777872901117917
335.2819286185694,-0.5507067762597444
335.2819286185694,0.16807058697918364
340.6547618833982,0.004866448510938426
350.7721110794806,0.3074859282575062
328.19883581662504,-0.6246168718114404
395.95214562569043,0.9500857572179484
403.693814881486,0.14732893638563382
431.162498347471,0.13515492976421228
368.58344995841975,-0.7910213413365454
358.0287734441821,0.40485770568784574
364.81782736096324,-0.05478362640144496
368.4322488911852,-0.048700240771268
385.80627581822665,0.1963808835545251
370.77537498387494,-0.2238663489335977
348.5483019598864,-0.1065495512865482
335.69860096152973,-0.10705755261574268
347.124474768648,-0.18641848208289957
347.124474768648,0.7107722547190178
334.41776017942584,0.6377129013974354
347.40990076668885,-0.1948745484273786
346.72615339069404,-0.23749388569376606
377.65346384688,0.36168277667115944
375.87331173123914,-0.32828124693696736
365.1740252795988,-0.45974753164500726
377.98017165101413,0.17814204278113266
417.5492967863148,0.6454795274739809
385.6549026247025,-0.27071066581993364
382.27064795904397,-0.2848793990026479
353.0218000764731,-0.7216607489485796
381.0288225680902,0.3690489455809711
371.49822456079175,0.11396895609709645
375.62839282880736,0.059047592181627806
370.55799171487376,-0.28143620127809754
375.2013501899115,-0.00603905452555864
354.0189451407007,-0.23884067829419564
346.31588485273636,-0.002809733441949902
354.9808866267062,0.28132819156462574
351.9539959206513,0.552939976455491
363.1610746258845,0.011799382094181965
381.76998978462086,0.14567442684653997
375.0531969928532,-0.43430474997785495
375.0531969928532,0.764189049217066
375.0531969928532,0.8047627759797251
375.0531969928532,0.46957054834479095
404.5689690836783,0.384268362927628
391.9588536169408,0.4096184139664274
354.78179075384924,-0.22659834464684536
354.78179075384924,0.4795806305990027
354.78179075384924,0.4163200742640356
374.75921305180685,0.4724272733159296
360.5787988470549,-0.569532026927277
337.8170790950816,-0.23730369697887
361.4101602637946,0.5784908178461592
355.6492702758362,-0.04474098232799406
407.8531640860582,0.2273500315666297
401.15866755523666,0.039450053986684
386.70171674857323,0.20449815301651597
382.7096717324287,0.07235486925515033
392.95383996998817,0.3398895329739844
346.9414809044643,-0.7400924477733497
373.32576935557347,0.5770412680992649
351.8348914647301,-0.03662905284465978
341.0967642559947,-0.4384741929793563
341.0967642559947,0.31725922038435783
339.5992624121238,-0.029238145727276788
368.2588198570527,0.6366971278088158
361.46622372776864,0.09018612725242292
387.4879071533286,0.3043077930765321
358.05947175398376,-0.24255697875844362
353.527701986704,0.14472962391982946
360.8693756336338,0.31274129073062795
343.6586495469163,-0.27927506506421196
383.6845769987146,0.4975921190482495
352.9068851512388,-0.40164692261873824
374.583284683168,0.2900648052280985
374.583284683168,0.34372191881584513
352.7760492038256,-0.38149280730908686
352.7760492038256,0.10158555552220605
338.9130603641266,-0.33922771108450434
352.34052436434126,0.4239632169420702
337.65072295075197,0.15201531069862995
350.8240348240072,-0.13463268683381102
328.4461089817685,0.05080601681220287
316.0683267736313,-0.04291150806079713
339.8216493502383,0.33385832476437827
344.05683612834173,-0.04847587435085643
310.8530767463629,-0.3067274388743044
334.92778999112164,0.34798060619232274
322.09263615924175,-0.4514666054725467
341.15404989169764,0.7233304134992977
365.42139982535934,0.19944385339829296
387.07827045629216,0.10537587442797758
342.6472548625105,-0.9601016148612871
353.4093187168286,0.3390113876724854
372.0777679900781,0.4178142025867828
372.0777679900781,0.16436096536256173
360.4941588117986,0.14149941009804934
382.0384578188639,0.6890676634137662
374.949181595221,-0.46577408495056716
362.40490870155526,-0.08561133333978432
366.0136281686951,0.031669297943381025
377.58966573703157,0.3942548795901075
366.01585688774145,-0.4210425015050987
379.410650666827,0.6071736368962775
366.3313905344258,-0.3401930929376249
372.8012907848755,-0.17002775937396564
372.7259702939858,0.060855766143276924
349.28565232452473,-0.4454331276983794
315.5458114960771,-0.510887515519471
315.5458114960771,0.7166801625137396
341.6778713878879,0.2610054868081306
341.6778713878879,0.04675365328830594
340.011902584635,0.04809673697559447
350.5654576433239,0.24555608564799059
364.92172328986595,0.009823568936553784
369.94908987716553,0.2726249582581204
363.79461661443906,0.006084757689563958
357.45233734805834,0.0758149273667641
357.45233734805834,0.10941448704681989
374.4974564272086,0.1438270149234313
352.0464164241698,-0.05126720805765217
319.4831255221165,-0.4959774098331309
326.5176788922965,0.4528552402059631
334.71799300657506,-0.029874992138047674
338.48012903610544,-0.006229005620866701
330.40858965821803,0.346054553996737
330.40858965821803,0.18361175411314434
324.6720145953352,-0.5269095373532764
324.6720145953352,0.11382508646261158
333.2124087910819,0.0023968295272425166
342.3074953012083,-0.021996445625291017
353.0634432262962,0.32870071545403334
337.2456328916467,-0.20551009161863476
353.47672504839187,0.10099018605160381
354.4218873592388,0.07975847014051851
341.05877140740427,-0.12696971855723405
337.8370790785564,0.10991418977278045
338.13062061969197,-0.19342319619931914
330.8498123188531,-0.0891943171229741
359.4122007020482,0.3106300743297652
340.18257543090596,-0.4657232141737495
351.53101461421005,0.14871139682941248
355.90287887433027,-0.04637141355192398
355.90287887433027,0.3429073375949656
354.7444194506869,0.3622875553214726
353.46244018712844,0.017546429399317276
356.43961515008675,-0.029160692306732017
372.1825400995715,0.20095923630765355
377.81633564049474,0.16539883282723622
388.29307426233987,0.16272585606884604
385.6806085845356,0.007152108861191664
377.4642845682953,-0.2035612901290733
342.38000922030335,-0.7111900085935758
337.1302796894242,0.11931748668007458
343.32469200676707,0.164921032058146
343.32469200676707,0.4522597830683708
321.10851514257104,-0.4773357391969739
326.7979386148341,-0.024098877117467055
328.4236431194157,0.1648345678665919
333.73259868886436,0.5196489373970508
341.38384643428424,0.5664733840867484
332.2136601299588,-0.18755353729670787
332.2136601299588,0.1226624267810621
334.65031612757844,0.22160191441969346
330.4995521212855,-0.33733095259697166
341.67806836148566,0.32251827796903854
339.8905732813805,-0.3243822041066551
339.8905732813805,0.3942486507943386
339.6582682980432,0.14961590568998417
326.077448354961,-0.1520993488594513
328.4345813488345,-0.20001988921558223
334.4933199068993,0.5229696303033506
334.4933199068993,0.10602854829357966
338.46011088358284,-0.11939820775739918
338.46011088358284,0.6406699187858749
342.6955856631316,0.08147737341380434
354.3256133383497,0.5980978832853907
337.9755049740424,-0.19656451827222554
316.0241256040386,-0.30272568521195353
316.0241256040386,0.7082685540191278
352.1880521416702,0.48526547330777703
334.7696540197028,-0.06853755855388499
325.9438316084666,-0.1953476456272938
325.9438316084666,0.3375724707580048
325.9438316084666,0.2588136442548148
326.5360220667504,-0.08553526143282397
313.9666321274735,-0.32450126905303023
328.8374281999558,0.18567264928515215
351.39892018376906,0.46136526531915933
374.42573813708515,0.4041492678609302
361.4365534029136,-0.031044099588825702
364.4164707597318,0.2708757618497657
360.98496937619853,-0.15247521297203548
360.98496937619853,0.5925388684788686
343.0249633023652,-0.0481489521120011
358.6894889165153,0.02055569202332208
358.6945070766363,-0.05196456568182839
365.06034135230607,0.06271727719445153
365.06034135230607,0.13439996038903246
356.9423544871445,-0.2828538780748886
365.9785292612731,0.6284496576471383
324.6136320641682,-0.872098248157954
324.6136320641682,0.406179452635115
305.8218463832414,-0.4085307470247699
322.3737079240136,0.012911550746139255
317.57557836694036,-0.20934660599868948
353.8208660073036,0.3648355529641094
349.55855634875815,0.20015444395289705
382.71610915173795,0.3241115551461462
361.6490687072408,0.282651944805707
365.0886398952585,-0.14382686199814998
325.3177017430666,-0.36814390934523544
303.5414918730179,-0.18271370086563365
325.69440271606385,0.20308486936107784
316.1359900010287,-0.11306390564641333
316.1359900010287,0.48489378864690025
308.8080956960998,0.22896190580286202
337.3357673882759,0.2041936714183521
377.47642162625056,0.34200842463496883
375.3497500418251,-0.08857561703803185
345.59502167798746,-0.3702897526789002
350.24394379793284,0.26447158342318744
360.2936559728794,0.1957379095840679
355.77588987184987,-0.34773978205862477
348.62455995409834,0.015085018288232277
347.2120396566838,-0.2029258436867849
352.40675477949657,0.06302404357109026
352.83559718973584,0.13098070659145833
352.83559718973584,0.30777142765714416
352.83559718973584,0.6076058208155928
328.74314700093123,-0.31568832536447644
334.65127645489343,-0.03844216752065677
349.7709066063695,-0.10188257630341013
373.38516875245654,0.26472479130404736
373.38516875245654,0.36650796384981277
381.5118563576625,0.45748272565788284
389.3166809551135,-0.08776581473432543
364.8436791673919,-0.30048411110124107
355.31711174366876,-0.33157931777327576
371.3068625623569,0.6637804659121684
410.0676830302981,0.04027838986473853
386.89709253592804,-0.16425730229934743
398.1724283871265,0.5127668115551387
392.705299302065,-0.18438525168380693
392.705299302065,0.41608869433298423
384.44931536485933,-0.14554374337967602
366.67995367524355,-0.10888495702363343
355.02345462507697,-0.30800669578752604
355.02345462507697,0.8545910846573861
357.071095209201,0.12904497264923975
357.071095209201,0.5270284411011517
345.74241658398273,0.12339369748895024
317.3408529264642,-0.1861340842399386
308.0575217866458,0.17924330285984524
320.86335842681154,0.06829701694493906
326.85343512017903,-0.14451944254699356
308.41887514933836,-0.21087462607817997
329.9036342023573,0.5454979074718267
326.2741367668533,0.21321396374821688
348.5012450314435,0.23486534764401767
339.0582799750321,-0.0654720253664891
349.1892283324987,0.015780220638930587
366.9925076597819,0.0636472224617819
402.70047201556616,0.32150526248119604
365.6047928600204,-0.33150605310197534
353.25757651780134,-0.3871569693468473
311.9234721755121,-0.5419270981589079
311.9234721755121,0.7921668501805925
311.9234721755121,0.4049703819412116
321.1563202654257,0.4016742134813285
320.2552129703711,0.00957371378899552
300.4196723039484,-0.42414993611021146
300.4196723039484,0.6842339846609775
300.4196723039484,0.5273473180991459
300.4196723039484,0.9019351926882564
300.4196723039484,0.33909623741089945
311.0133044052783,0.5393858274044305
330.2941376818885,-0.20613801003037224
342.9036898591261,-0.3344589345572331
330.3334919601939,-0.1271854064668787
363.3417170441617,0.5922629862187705
352.6736769995286,0.01191038803722222
354.9862111323145,-0.011740348872081086
354.9862111323145,0.3667636429140657
338.2188492785754,-0.11343849211539236
354.96010141274127,-0.1489917888893615
351.39559555281176,-0.07394136437380894
330.6249718607832,-0.2630297495470586
365.970469011871,0.07320480301746102
379.13633533006106,0.1559864473288144
388.67723953910564,-0.09279213358593097
370.91774071248386,-0.12486724214261358
332.9620450958554,-0.4253610834663277
332.9620450958554,0.36744982278969474
332.64320718564704,0.1536591921303625
332.64320718564704,0.2453363833038793
341.9419592986517,-0.06242122386208848
353.6811051412323,0.2725935020405359
353.23739730287787,-0.26705179223517916
359.27049567534976,0.3850633628316018
351.8499693761772,-0.4335373938063185
345.5744930957074,-0.27425434473639143
345.5744930957074,0.7077880787802542
345.5744930957074,0.20579886832547345
359.8334064844041,0.42734131923407404
365.67813737552274,0.32154402693549855
373.3572740297864,0.12521266585326885
354.9957671275761,-0.12038570368713408
320.61798025005083,-0.530325171380241
320.61798025005083,0.4815279987104759
362.1648817446343,0.5145659733180992
362.1648817446343,0.11968609180257772
362.1648817446343,0.6444087171353203
363.3462189389108,-0.08523542509328763
337.92452131818055,-0.22452102358261072
337.92452131818055,0.3402804190077404
349.8725522657294,0.27107375417381263
393.28466776058883,0.052796045265154135
364.44227379602285,-0.11946403029992325
356.44681542090814,0.07362071496527278
332.4949257750885,-0.16475691322102648
353.25313484803775,0.387456504835086
372.8544601633595,0.05592008712437746
374.5328096638506,0.088252822158438
356.5607987796725,-0.4406259076064316
354.6555219602593,-0.11813570368269666
354.6555219602593,0.06713432477056358
379.7550968107491,0.408837610531009
350.1306622319797,-0.32639245157952246
323.96402605511133,-0.284064466537302
344.90309690948374,0.4073343345395415
317.9806796812694,-0.36857403986732606
341.863982876588,0.8152420700224638
334.3450632408298,-0.2069776601057356
331.3421510542162,0.058242932066605135
331.3421510542162,0.12348944647010285
342.6699974680145,-0.11320715014596772
299.7520343051818,-0.3514615931372873
312.7971942543497,0.3578174917599881
312.7971942543497,0.31739004233804735
306.1933938684239,-0.6686051130777741
315.9186596972641,0.22664145698217908
327.51531326721266,-0.08464696989813092
327.51531326721266,0.5444540056091682
342.32203362911054,0.12146468506750807
351.9572912968116,0.17054666622630066
352.9864536410643,0.19516826342066906
344.3227050698446,-0.2860719661359781
321.1141076026591,-0.19147705713726282
356.43389873225556,0.6453145864943508
357.5555134802082,-0.14860125286122638
333.82466223060436,-0.37109076336469116
342.017514811226,0.10583645822498511
345.66679553274196,0.12967897873613765
362.97269346691036,0.05544711382162859
338.68471354951,-0.315472819178126
322.306602078125,-0.20762719924641715
338.3939034472652,0.4244633152732149
345.69406031303237,-0.15032259121130664
354.61867527008127,0.34699350935238726
350.1535773921222,0.039586717877909905
340.6597776157602,-0.46306533208326073
340.6597776157602,0.42050591879558397
358.2813824441165,0.33050380068027607
330.34721306064677,-0.7273389168038875
373.97379363074646,0.44824604374935006
373.97379363074646,0.3705567862693897
387.87089379353733,0.8720303998481995
372.9194264828304,-0.1960041719577248
328.1532283406489,-0.6827578134056012
299.83100866695446,-0.2996392783684314
340.7965005447168,0.7585930910036041
340.03407047493727,-0.189991347522664
340.03407047493727,0.6171250137455218
351.7859670407929,0.17659435324503647
351.7859670407929,0.5518318345310718
348.6388209792036,-0.43831109958875913
389.5042214207678,0.7308708647029789
384.92841456359514,-0.08640422160135586
384.10373821151023,-0.15308990792721033
405.11130459033103,0.18728654762776387
368.12931372808094,-0.3765988623715657
368.2961137391968,0.0712049448846983
382.70015895101784,0.02870601104962134
353.87072597995524,-0.5530544807861588
339.68424262519693,-0.3013422649630684
328.22303283457074,0.20095279775341623
328.22303283457074,0.308379885194654
328.22303283457074,0.11607236895429196
313.6986512280018,-0.13224054694603637
331.7315957016663,0.47672480396613537
347.4277244972603,-0.2099739743646296
360.2849141629266,0.3012494477036398
364.1052462563176,-0.06942489665698304
405.94793855059703,0.5429688740604206
368.4618215126151,-0.2640355573460056
374.0444033809527,0.253556619915571
374.0444033809527,0.3174622135377376
374.0444033809527,0.1929693485254802
365.39594994955274,0.07735544430988739
359.98128578923075,-0.12069787488644579
383.90649380577696,0.5424829204426942
374.32786431186526,-0.11223423398610066
368.8896119018708,-0.13474036909224196
337.37475271032895,-0.3523988249934291
325.62271896973465,-0.17385296261397798
343.90231653416004,0.359452346295825
347.74865179918913,-0.2067586931398182
341.4202676493587,-0.2003271358934171
377.8209864683082,0.46265491284782456
318.35319960591136,-0.6227390122542147
322.54822675528067,0.36092081365779904
358.0863922156197,0.3265436032384059
358.0863922156197,0.8479128848288155
329.7517317475454,-0.13074366387854752
367.7573077910933,0.4680956523279747
350.7704098476639,-0.6000136071654651
341.1950860518602,-0.05055240595356736
365.5639682147481,0.0023244483193138876
356.9913162262824,-0.13392740339838838
398.0122543048205,0.4812769657055469
378.48260917290645,-0.3726456068995958
351.673737602412,-0.4415832250135736
356.4539677686573,0.47646381037634455
356.4539677686573,0.739360128868384
354.3606463176356,0.15115219701010574
371.86198777945475,0.10223949856958825
348.16936678156503,0.13698848147475928
329.2598639267636,-0.1740656720445486
349.7273168154564,0.14782353836972106
349.7273168154564,0.2196182817482395
349.7273168154564,0.529481124226777
351.4539158364499,-0.21015090717787643
337.369754553718,-0.010741052978346488
320.49356081789875,0.007470875667763721
312.60095016333423,-0.44946812190949004
312.60095016333423,0.7600891424772271
359.53824944500684,0.4603597330692537
372.1434625613793,0.04702688954432688
335.17607349215535,-0.4642023477368866
344.1506190472965,0.19228956391179963
333.937926057939,-0.16978127614106597
351.9762058466864,-0.009834677918433954
362.46184110234924,0.3165342398657458
376.7821428200122,0.30749829955311725
376.0049034593604,-0.02056888181823524
366.7448349117698,-0.04691524714519346
362.69243258924763,-0.34390601431755385
362.69243258924763,0.44847779602139326
364.5464230462367,0.19182821627600788
389.4586037919993,0.3080656190072659
352.66729204997,-0.17702453945491925
359.1839824596261,-0.05338062345754224
368.52961241042976,0.040261331336068906
337.2675350378936,-0.6932227450209894
337.2675350378936,0.12410272620059004
352.32624778005345,0.05878307888463041
354.5303347932027,-0.11947579055913593
359.0307891088069,0.02145410945945514
359.0307891088069,0.29042699696390173
363.92597467286083,-0.06701552779111353
363.92597467286083,0.5940252945017619
338.6672676694745,-0.010558790129380213
326.5751608169767,-0.191238577062677
333.060317468043,-0.06967843025529419
333.060317468043,0.297031681060389
340.0109923975999,0.023651712657965618
368.33758780617666,0.4116011330670517
337.99693924548063,-0.533252209854254
337.99693924548063,0.3329906082672096
352.0025406791708,0.4385361447696141
363.3373890892918,0.16528245960978438
319.7752973030306,-0.5762948484062917
349.3912794021275,0.13165159092000067
373.556150635642,0.9694713086896627
315.72188120664725,-1.0137366860777774
359.7412375392568,0.5417848332009498
343.35819165716333,-0.23988690514443078
343.35819165716333,0.7476708113448467
361.92583450521124,0.3141568842294191
362.14167337636894,-0.2047670741139882
365.1120251596181,0.2892910621660576
359.5869127816641,0.01833804790396698
371.27533502727766,-0.07847252168471641
366.43064536846737,0.015546679761200721
407.1838091865438,0.6198480762832332
370.68241842477835,-0.48756910532301845
390.7689232230963,0.12374744455564723
348.70353928873834,-0.5681434655369912
370.2586508699405,0.30372147226751167
378.47571627190524,0.23883997695247672
363.2188880413943,-0.05080761325621097
377.79611734873106,0.19504863023394137
374.0613801603718,-0.21570622488138724
359.57305567660563,-0.13965675870338146
389.4545669228951,-0.07898097364181922
368.49138471264376,0.2590922645752016
347.8375339725066,-0.2565461725179148
347.8375339725066,0.022454144361972794
353.12135852943993,0.12188158056028442
387.57548896001623,0.4412541681026596
374.6787423908757,-0.38137043984090724
370.1469242636126,-0.33515713345423137
369.56738327037203,0.262665066679574
325.25869205828997,-0.772260334142743
369.06813860385853,0.5170219559092857
392.09199985094205,0.016347857982395908
375.5649571067771,0.0460112018261043
383.13760761731686,0.236900866995029
383.13760761731686,0.16669540886152845
369.75693562835124,-0.6604649994926604
366.13245973625874,0.15850345159549306
340.68531132516307,-0.2336848776324132
352.39333932239174,0.2764737154706154
352.39333932239174,0.28264044116019704
328.49536235691386,-0.09086266690110278
341.7418038551825,-0.14332835867890026
342.0493196074696,0.5014504038917948
373.57426895075287,0.05131645342135016
350.8952168719401,-0.13766211818256124
364.7963796498944,0.15297836078286764
353.4964529818911,-0.14420857993070513
367.02134649147695,-0.19332384529946012
390.02704634793304,0.30395393937124027
349.6508377372581,-0.2498100081315897
351.509974219937,0.03845847146021697
316.1188939679187,-0.4063993374910524
316.1188939679187,0.2849994319617508
316.1188939679187,0.5079490855227959
326.43877738604493,0.12698947278545347
339.6790964632377,0.3954202404187299
347.6425794098412,-0.11932833018977362
330.0578371424805,-0.21347486331183063
336.95640487144567,-0.026081553586777773
336.95640487144567,0.805346772102439
336.95640487144567,0.3872803627396024
337.8877976796611,0.25747046449646405
366.37322346801164,0.28357487401103754
362.30664739360185,0.020211863703934796
365.4986849067424,0.09340211818107491
346.65544420196574,-0.2999446888593411
346.65544420196574,0.8982754663811647
362.92391061141893,0.3226911097701759
376.3528426146774,0.0031787423256446345
359.522429382653,0.05679386767610595
352.6651033922727,-0.1510017938630881
383.5281873526871,0.6267406132219548
385.9229845311354,-0.05858717190722018
385.9229845311354,0.401468154469967
376.0895077179676,0.04899606259766642
337.53188251432164,-0.6483093143478982
344.90573633273124,-0.08911141596263406
367.9164641190297,0.4795799019319702
347.1236089244762,-0.2518209097063391
334.39375700965945,-0.15782013679915963
334.39375700965945,0.3609867506147566
309.58228231616795,-0.4230988004392202
338.1877583542956,0.6503126059940314
338.3745740720563,-0.1878649428731478
322.10354255270164,0.0407905117710925
349.0326287939985,-0.1368232892400556
365.2627591829698,0.10587145607360071
384.96065949361423,-0.04337054070879276
355.55815636600335,-0.18150846530397757
365.3645208230686,-0.05046564122392283
389.7583527812961,0.7256048109275071
358.7744441723667,-0.2898140949621393
348.1582698554983,-0.5267793335234501
354.0480019513,0.068585383844038
354.0480019513,0.1729289023844558
322.86163193281135,-0.040832200010072484
327.7640373019088,0.25942906198361015
327.7640373019088,0.292759550603364
327.7640373019088,0.22045106461268915
337.27040898231786,-0.08340790597696923
328.7692465082992,0.28006058410642254
337.51786362192854,-0.15193234309174386
323.6601254465202,0.06610219213303026
320.72293873351043,-0.3829568528456093
362.3514437715051,0.21992959808437718
324.3893397652402,0.053116092753271005
372.66828673000225,-0.02513321384117262
355.6933073831253,-0.05657754200274212
350.2870622301655,-0.482011303809486
367.7145375625138,0.45944539348397484
370.86242635269974,-0.020173928883195913
352.02614241623485,-0.027153306486866313
357.2415000217471,-0.19753919713298274
375.12060763344067,0.35534610776153386
334.7198287941903,-0.6440808265547275
334.7198287941903,0.20082195254610724
362.8361323911508,0.6421373031434996
381.13875585169274,0.23394625478863418
353.8058662182063,-0.26446676821103665
360.20386575955445,-0.07761449719737357
367.35259403524145,0.26280006498643615
364.4201715194872,0.06292440737604466
367.64562768819366,-0.03442945950553167
382.11348974912477,0.33137490463411723
361.28292175961207,-0.79121740949995
366.8657826805384,0.35515581813115205
366.8657826805384,0.47319360006997613
345.55137638527793,-0.4582002426488998
371.1537485871019,0.11982319016885867
345.6927263335294,0.15844141924048927
344.6023081213636,0.03365359655026623
336.98011360112207,-0.22153215788887337
371.2094831412758,0.6900452460656652
343.86501232998575,-0.37332538405689775
346.71671382546083,0.14348492094245557
346.71671382546083,0.39813158753861444
343.989425597845,-0.42354835031017046
343.989425597845,0.9726415118594787
343.989425597845,0.6110937621010635
367.6374397705872,0.6249018850649009
390.1615803923728,0.34696720348722465
368.58721735312787,-0.22079036429431653
368.9526611726154,0.18615767303845132
373.6281654848022,-0.13196340996842082
397.5699441229935,0.02235113069707495
405.33618464194717,0.05450597361755172
396.6199566284747,-0.0878468280574225
381.17253323736116,0.024004515722253927
396.7617068241834,0.16895046214608556
393.0747502374429,-0.4276573371862469
387.79256174315213,-0.043780006779115865
384.24237535960526,-0.3160397820320213
353.60623780016624,-0.4906048780766241
378.77167394497826,0.40058847287264143
346.3486690772358,-0.13266373787678276
346.3486690772358,0.13296107955784464
332.9475697815548,-0.4321652810468777
321.3909805452078,-0.10721094936184272
343.5043874760248,0.24526445162382515
353.81972017318657,0.6133914832278151
366.17376174175024,0.04459553718845655
338.15541657137817,-0.3898129314396783
335.32190517039834,0.05362367785880906
349.40013469172976,0.1973871001473526
338.3726969451897,-0.22962141013840665
334.34887426278965,-0.07497454675694826
316.78860131292714,-0.0852269886695467
316.78860131292714,0.5451947041372023
323.9338290222474,0.03466057990090121
323.9338290222474,0.13976872749412905
326.08950331747735,0.11670590178823659
286.361512839359,-0.6682812259505226
301.08629092119924,0.15717309339197527
301.08629092119924,0.41498287223146235
311.0869829185027,0.23073035414631704
311.42560339445004,0.28653451408797537
342.65996904890125,0.43360983714569556
320.80180500522965,-0.5844456173122126
299.1889534815844,-0.2222016940912681
299.1889534815844,0.6963044703477408
328.26741928779404,0.38817161388237764
315.8143503714669,-0.16767390419965977
323.0008687635156,-0.030555979607015615
323.0008687635156,0.5547100617385468
331.20655665596234,0.360880954882532
361.391101320296,0.34263084126178
361.35794428620125,0.04285439746706743
372.2149115491547,0.24705816212201626
340.1481637853057,-0.5489021773203149
356.69158148791473,-0.2731810000997257
317.53161976129525,0.014679324459393683
326.5705513963456,-0.008552364839715665
324.004014322915,-0.08792357426023045
324.004014322915,0.6348249093175582
346.3898041677951,0.49124146837561966
334.2775056073209,0.23034552426634036
341.59788113647005,-0.08911898890391967
376.6660776400267,0.25017532298556944
365.8557235762175,-0.15036056891017324
352.51721081412256,-0.35507695023272845
342.03595292242085,-0.1581624735430296
348.84369988353103,-0.15544251539915876
354.82588863023085,0.3715922048892253
354.82588863023085,0.36518364904509326
342.8114596341605,-0.11736179222305054
363.4817545114499,0.18546079181214736
358.2626175187122,0.10448872257109088
353.26697517116986,-0.32890539211894065
353.26697517116986,0.5930100996238252
353.64025439711105,0.2916427556289136
351.31134450207185,-0.03982090774320568
307.46905014601646,-0.7906466881457845
317.8969462379608,0.21737389780082594
335.7170009464794,0.3008799496788015
341.1403018388296,-0.1140514022665684
329.4563871816734,-0.03493389205493713
340.46380203808127,-0.08885764804051632
355.6020084994223,0.3238938402464555
351.19348350167854,0.06689289875953364
351.19348350167854,0.5479250555937369
353.61303133152023,0.22586185006412052
355.42235431209656,0.05478277282918498
336.83190114462553,-0.5417491595692354
318.6236101700187,-0.14495241836493733
342.71201825547644,0.09906682021198776
325.9076864728966,-0.07146937263189557
384.7258594465206,0.577310574003377
375.0952113586646,0.15334550299883176
390.7217117243625,0.34803765230140016
352.9402056612247,-0.21826423198217526
360.35651402232423,0.09220983012755823
352.572283549035,-0.07874062359258005
352.572283549035,0.5990646146841527
355.2129191961726,-0.03901203041868939
302.40387353386683,-0.3776606444329218
354.1359118551219,0.5691759030344201
346.0495950663112,-0.014291768002863137
338.414597075082,0.02740828330433942
371.3500257785104,0.19927745989718915
376.31649635631396,0.25788442661610134
354.1761357371668,-0.27953951081042305
366.58005492019043,-0.2502196924472173
337.2802844127321,-0.1706468332060922
377.9467923763502,0.6304490258451096
362.08834886291606,-0.39398185206914604
381.9356167024604,0.1747320351066719
385.4413484279122,0.12234052379199056
401.1300232280779,0.576437048449634
375.31704352001015,-0.471794695621611
352.3089220869687,-0.6703768703644073
355.3960305814976,0.3280003488964667
409.17557936813586,0.16616877446654144
375.02979214936653,-0.2886374728134342
375.02979214936653,0.3220291616493114
353.15746416986207,-0.2305081028314362
336.3455427748901,-0.05053654744233427
342.7694863701236,-0.26005825755203205
331.29152131825174,-0.008786419435750759
331.29152131825174,0.8748595070351257
327.5310065726907,0.2125366876582575
351.53523422696816,0.11975295104639372
345.4184672098249,-0.08182951168168984
330.22031969148213,-0.18576392051340918
341.03031664301125,0.12023301518252083
364.3764479208971,0.016056697369776884
364.3764479208971,0.9007183139353856
342.40645328328105,-0.23999093490692758
370.08597411770273,0.14873950686501303
390.47810747585424,0.27754920913241676
339.42588104017915,-0.6036825163080266
349.0661571177735,-0.1291688436641607
354.0379999964811,0.2830133522113556
343.5732099123995,-0.041390137477151256
352.4893600623563,0.2862931795478971
352.2189190857732,-0.12829327135079893
339.0243840523605,-0.11533867416108023
328.13314069349497,0.012907011750371566
365.1770917779854,0.43027239392483807
370.7276737703798,-0.06287753441802124
387.3549168099036,0.24027525154588147
355.2777555956432,-0.4831178528249893
375.80954691258466,0.20716578507312988
362.558232599488,-0.10511787367090619
363.50276216723785,0.29857074240283055
365.9465892553058,-0.08621273059770829
396.85377591346776,0.4837275777921377
383.55642101503275,0.10540928024965979
377.8819406482214,-0.2484327558674977
366.718320651641,-0.17962192323147974
366.718320651641,0.20911061402807718
375.83138093754815,-0.012619893162536755
349.23282389680827,-0.20964944488048332
338.6902859126042,-0.18381758442137652
377.2194643864717,0.34592628036079986
372.5527244465956,-0.02858264501355734
382.45594166609044,0.14899508355892976
379.56667175265954,-0.05112187144231939
403.41548309166143,0.39909407378172546
394.45598665467685,-0.41681814765343006
382.89715852264925,0.04922199386487591
371.0934763592429,-0.20273782005222074
349.5094954019446,-0.13938742115624336
343.38246380695745,-0.19512861339455867
365.5053616063178,0.24644856644442825
364.75144422020526,0.26708615209940945
358.9285255150084,-0.13736202880625115
374.45503683354104,0.16989054507598667
368.08445007730376,-0.3099652364915073
358.3452980959606,-0.12073936325509749
360.1076330059838,0.3426528906218209
363.3113990319371,-0.0956068240368495
334.1370062178647,-0.5691760499927341
347.71008737369124,0.2896419504891128
349.5853717465004,-0.09495415781577776
354.22021372095634,0.26334926935987824
323.2274381612016,-0.47465680156756207
323.2274381612016,0.3381089811921356
323.2274381612016,0.31627634095707435
323.2274381612016,0.5208909152842125
323.2274381612016,0.41868421875369677
323.2274381612016,0.6828268702655578
315.95459056999835,0.1061155493471233
315.95459056999835,0.48307882986546247
315.95459056999835,0.43513845164738996
327.5580145820079,0.14353459798985568
320.3911972340572,-0.3614157267967357
309.0534843732458,0.22259876135694867
346.58877874477696,0.06966167781001786
346.58877874477696,0.4664339597218259
339.4568223197909,-0.20021285873656325
302.8197509780546,-0.6159133916700057
328.3698859103621,0.15283120922083526
328.3698859103621,0.15391705248373455
343.1271286412407,0.38515079130320373
338.3298186082802,-0.037473205344667804
338.3298186082802,0.4301282492650671
342.1419186779535,0.12514513586870635
342.1419186779535,0.6558903117587533
329.6491519321651,0.025731849789508487
329.6491519321651,0.6861572314315936
312.1936372368654,-0.037942659580494364
359.64091222738386,0.8645726537214387
337.9526137068376,-0.328675920411456
325.53912323584467,0.17124642121916622
317.8657074378126,-0.17615900754219638
317.8657074378126,0.4580960525985347
317.8657074378126,0.3300441388977333
317.8657074378126,0.43682812221538825
324.4231754868377,0.02351513903022351
292.36188516338666,-0.06687358529165977
285.36231275128625,-0.37149192230560857
291.4941923827102,-0.09432192921440219
310.10269621320407,0.1943985239952326
310.10269621320407,0.42824361919338116
310.10269621320407,0.4053506874213326
346.29407233628683,0.5978990723383504
349.7374830777513,0.12249351205946368
349.7374830777513,0.3545150142936109
358.23307420767696,0.17991756355831967
361.5380570446146,-0.0666095829809592
343.5945289092973,-0.38582374728605373
336.0567011767908,0.0069006009905479004
371.74413266284705,0.27573554986236104
336.1445721627904,-0.524518641317627
336.1445721627904,0.7680467789025442
342.32500709993576,0.31319002651980554
334.72205640034605,-0.1909229342627441
353.06886085336674,0.3911843421501544
365.3307791150214,-0.4211062846294453
356.3155671436532,-0.08781958298834525
355.96970392506023,-0.11507163586145452
343.14431479892147,0.00690335395324837
350.7797119968291,0.11535690298364898
344.14841473263925,-0.035398385357666484
348.9412687512511,-0.0032165922574449723
324.0862820764721,-0.1776007003744553
338.8909744862494,0.36539770351760126
318.5155209977543,-0.12996640733558706
342.68614801210475,-0.0014961964564008667
335.4128534998845,0.025471165945532448
314.0069811591012,-0.4867474359766675
326.0963726382168,0.09099111417242511
322.0869064812121,-0.057557915442089325
344.6401652198253,0.5477952117103086
364.0885917623019,0.06739513827778865
336.535705117929,-0.6331255736929506
331.837981720239,-0.14120314105900889
341.34415911637313,0.5228805586828003
341.34415911637313,0.1272759714888707
339.7560196191338,-0.11548112172113179
335.2728700324811,0.04349684327064551
337.24898869402114,0.027961004343637796
337.5110936305031,-0.29501459477796743
338.4062560952407,-0.18639766272417546
338.4062560952407,0.35815052724831276
323.1566628623185,-0.31462818577801954
328.48481619812065,0.3486347971543182
309.5769326870421,-0.2907823744081952
334.8410214652216,0.37095053140160417
344.3204812640137,-0.03279414607754916
363.4065286095451,0.46838193944017803
337.0431414705601,-0.24135130075057987
318.04788841123843,0.092771102760139
321.3549574504092,-0.3088658495854588
309.2024626086535,0.2708958455850734
296.401534932843,-0.5260840390535577
320.944756847377,0.22215399943331704
315.90366946152034,-0.2342297931174926
315.90366946152034,0.47404139629509245
343.3457193294705,0.17413404041712965
337.76772650907327,0.27750673410116633
307.69352861212997,-0.3489958012178249
342.7227691525368,0.3510670679518171
330.21281668498546,-0.01765349779270764
330.73450604442456,0.30118989510788197
330.73450604442456,0.07943448915057161
355.4957131621561,0.28461028521110165
332.1298302748409,-0.6100424943729195
364.60234799742426,0.32812896987934437
338.006262227774,-0.3250005345375939
339.05732007272815,0.0746724245079804
319.8559564460892,-0.3193672132615575
327.8142593617407,-0.10142050639285571
335.3733431023048,0.17837582130084684
293.88497305663617,-0.6148607484501554
293.88497305663617,0.2549567986977763
339.57780540381566,0.7398169802386292
337.3627794100911,0.0817863137118593
337.3627794100911,0.9129682535859729
329.18321620305557,-0.3284807359536899
322.37292921386006,-0.16209131541563693
322.37292921386006,0.3370396167609897
351.6637603893206,0.4493209615715159
328.2585941299812,-0.328751609371011
328.2585941299812,0.41118325413481216
341.6796052571663,0.26107612982514183
315.0067203294756,-0.3240096420443024
315.0067203294756,0.2018360505403507
315.0067203294756,0.415155052417731
350.74106322738305,0.29963281120342344
334.22117009807306,-0.5830228506109734
325.2583492775615,-0.028289206309978
333.81312617738877,0.19995704902203215
352.75185404803136,0.10092858509028702
337.9236058445913,0.03386189340540113
324.53716335716643,-0.35171203403274376
341.54736568593324,0.003961687381433876
341.9427828989658,-0.15074226791330148
341.5782333983217,-0.25866154787809137
324.1258299443481,-0.07689934217933114
321.36086412187205,-0.24004191632764105
335.29942251842874,0.04160143071089806
339.60152332773345,0.469477531575194
335.6956726776391,0.05818363185096587
360.2976809391614,0.20500341363913321
360.2976809391614,0.34664056347241967
355.92329370568314,0.09425294883999413
357.36605942338014,0.4207995569788636
367.70057055824833,0.25328913455450675
395.8862475603173,0.3814344863567385
400.8485140057383,-0.10029114069936895
321.1413497466045,-1.077826932936432
321.1413497466045,0.3431673387651699
371.2876334868023,0.4383661145484439
358.08728938810503,-0.05026899886547653
349.1704198625899,0.10048491697830286
365.8406003718943,0.12431218561278001
362.01054707318224,-0.41496242367031755
343.9528568903155,-0.1317538183770921
355.29377299341746,0.41124466259520887
350.78450548818273,-0.4398288199175795
350.78450548818273,0.47981691230563683
363.76536755556674,0.16418347407500278
342.2843082425524,-0.674711154644001
351.962033840859,0.4380518127833284
349.69823902765586,-0.40296967822962415
349.69823902765586,0.5663624506830729
335.96357443432146,-0.1549457674839232
374.04813673176506,0.6336374304453329
375.65381262525426,0.05184312457413398
405.7014165950484,0.32910912239697154
394.7440459828683,-0.13466440192985374
353.3381785561426,-0.7848797952894984
366.44499941508457,0.09582482499843081
332.4443496242479,-0.23277658754591357
341.10807237685356,-0.153149815878578
327.2205668117874,-0.132004073040207
327.2205668117874,0.1376807597982861
327.2205668117874,1.0105860645784333
359.9453786741793,0.6014330481500565
359.9453786741793,0.2574985071894389
356.450290186234,0.11864451638473383
322.9185954136267,-0.5296514844288822
352.6815216244975,0.3471937950523625
334.7610495301253,-0.06560036911537281
345.1975488134674,-0.018664662220430728
358.04256902119806,0.060004061424137944
345.04859025546847,-0.27439574466916383
345.04859025546847,0.23889793625176026
364.8660791074542,0.10640367287533081
340.38413080924295,-0.14656864592473084
332.57127634400945,0.17981079414528267
329.03295584231125,-0.38884738407148234
352.1156144641306,0.19532761247842245
361.53004557108716,0.08803957704469667
351.78500973970966,-0.07336108862216406
316.77329762418304,-0.5200121701928992
303.80941548931435,-0.2989081753236178
327.07116695240524,0.36268061279952235
353.0605505369707,-0.03888285836387695
354.05604712954477,-0.03361314199867138
350.8621660514836,0.17889702799811857
378.6144734390508,0.5593302846973529
360.70093180333475,-0.29411672893422747
353.16204592798584,-0.20751263849228962
353.16204592798584,0.2481371551726852
367.83967656512,0.19816680820281363
355.16261835116586,0.0809494924963019
374.14278633630335,-0.04808805163679608
396.27830704378584,0.26321219858664335
396.27830704378584,0.2791104940270088
396.27830704378584,0.34422280810713346
384.17759860810077,0.483022679930059
396.3601206425267,0.13404693983795823
370.68177995274425,-0.1691212522486012
378.23987180328095,-0.0366926183353371
380.81548255473496,0.16936254970710252
372.7082563986181,-0.3354049842077984
386.6106392462978,0.3793393116172865
378.0849000499,-0.09813527050278026
378.0849000499,0.14969587653990857
359.73866679555664,-0.5847635874573598
361.00012264342854,0.23305213640594502
359.1469841140867,0.17919869709339764
379.74581247521314,0.17908369628412402
367.8335950576113,0.22560424180176142
342.72006615367326,-0.21481325524973727
367.4735415783428,0.3332067055087009
353.49620619662966,-0.32694107586257815
369.2117486172892,0.2298256803494496
354.5420437109553,-0.3049616735173686
376.47274989152606,0.44872906353145936
392.8345512041504,0.12224363526968318
400.7472907590564,-0.14026711974020145
403.6494527736918,-0.00793439240464977
386.5069772545574,0.05981372781570826
348.0899879912212,-0.5336314687847334
347.64243682293045,-0.31886340551170633
357.23049106858895,-0.08961658655948668
348.1699956705466,-0.14572439905759893
352.78237345320036,-0.07000825989791792
331.8484899585721,-0.25555706472232487
328.5472051017351,-0.26671305836748616
303.7207251671976,-0.1754787843287886
334.8409912206523,0.2928940411077292
399.1204612940441,0.7232195426380486
347.77966409896027,-0.779837019148772
347.77966409896027,0.33364803552944977
338.8665220659494,0.11172157249723114
355.14937301649957,-0.23133663243220326
341.61521161688677,0.08338202267316319
351.11700547291514,-0.029278448012291847
346.6868968284769,0.09486606348491478
346.6868968284769,0.46285112454256705
380.5045788167755,0.21741133038290172
389.41454609962085,0.08196006269110967
389.9064545705279,-0.027845227297575548
354.35972829598967,-0.17400586864698653
344.9909033785652,-0.21052194937692548
346.9221392179599,-0.2763758402049916
359.98667546635966,0.3403437814941981
379.775689702641,0.2376419664998366
362.4803894324831,-0.02246724905398878
356.59699936433515,-0.33386847065889924
375.7029163061559,0.09147594535636472
364.6682396348263,-0.0925758887910888
342.82334693916886,-0.6379283255926111
347.51684870380166,0.3584550493953884
323.2994127908613,-0.21771770662826384
347.4603691045954,0.41880465025474223
352.94248094793255,-0.023989348430632162
321.8710210814842,-0.5110059433154674
337.0345706587765,0.14247473145974254
367.6360855145755,0.2830488244304661
374.029648301834,0.15884348521603897
387.275717363843,-0.02465828776712442
366.5314555878947,-0.2670791339138532
378.6432253635717,-0.1060422124814977
347.1125245518894,-0.055477457681490705
386.85752634133326,0.4258277543881377
350.54445592488884,-0.3250533008126695
360.1598566276472,0.07823378566592964
362.1420588390287,-0.25060801966640156
371.4201869185999,0.09932132776589242
371.4201869185999,0.17957817749322658
363.9496105441377,-0.0292877560668785
363.9496105441377,0.5392177357123273
334.4957424896711,-0.11194743175303756
307.76303306853185,-0.5569157154490085
315.7170847276247,0.002092370971922719
319.27372183019054,0.029211544080453677
320.95237247466235,-0.16818016233787603
299.47283160736947,-0.12830939427385601
346.7182792914518,0.7726515834375505
320.5573898821368,-0.741236050148018
323.974362261526,-0.1429415982190676
339.400450516973,0.174631202534556
359.17113998821,0.11840270223763127
380.17926196710596,0.4181459364594957
381.4702144848906,0.12718224247862508
350.56247243613916,-0.34729823443922214
384.02102146753407,0.5027193924207722
377.66889849222406,-0.49917686423407304
379.4796939717838,0.0391601895283884
373.645937912654,0.1044756539994296
385.8896173346776,0.0018729817426219597
385.8896173346776,0.3254656459062062
385.8896173346776,0.4763281459776181
378.262826424445,-0.09806000667128956
376.9856087403254,-0.12175548598872865
382.31769536293456,0.5474728692490771
368.2831671735564,-0.7297554612316617
349.89674066870464,-0.18148572977702315
362.67752348606416,0.19982400305468673
384.95310058131577,0.6926071457369289
348.8349294046856,-0.3981701582739561
325.73500983189024,-0.19357151233202785
313.98876222800794,-0.30911920138817095
293.4666657972135,-0.4629658483205503
293.4666657972135,1.216415547186557
293.4666657972135,0.5147594835361815
324.35535187457293,0.7549453330946108
353.17568334480245,0.7006877335011268
349.88629890612384,-0.08517204677195878
329.13523883942526,-0.5007012714504526
300.8939012245688,-0.6923415280114114
313.9282860639237,0.1822364832985386
313.9282860639237,0.5818224267860614
350.53939690033843,0.46077990136677727
352.3070598948364,0.04242268574012087
341.75737021410845,-0.35966286292955374
319.819979721774,0.049864313171610775
315.70999581317955,0.09255431973156192
315.70999581317955,0.2691409541859002
309.2602678778267,-0.20262405323035182
329.6288330517983,0.29894409111784626
339.0089689303866,0.14122929643724547
344.2076124251195,0.19678661794785057
299.770747507934,-0.3502230800640973
299.770747507934,0.4206054837654847
331.77781357637366,0.42745396147847714
326.7718303625666,-0.6941928468429523
345.18622849425964,0.3891651406941037
345.18622849425964,0.1934625848922451
335.46860095443253,-0.25193276455013347
340.2913547520046,0.31923116341431523
343.42494283259106,0.269619425369342
339.4374773274587,-0.1426498259500022
350.037629913731,0.09537826560358553
327.49034540544824,-0.2432845233918215
327.49034540544824,0.25292232273841364
355.8149562969418,0.23664604875216355
348.6097493140841,-0.05414943124526417
340.7938655912176,-0.2834477207300097
340.7938655912176,0.47937866926918105
340.7938655912176,0.5285190603722185
349.62744623548394,0.19822897265532902
330.10171783626225,0.12444300457457302
323.8979295997278,-0.28592030184745454
339.8634382467073,0.12087827998425382
362.7493663124905,0.45715499648190416
358.3583350768342,-0.2912343214543398
377.23751970228466,0.39862438237992137
352.8164540372346,-0.2526540064300207
342.01635142520126,-0.24541858817610773
366.36307480840526,0.23245192363856404
343.8325465173372,-0.36965569482617866
354.7273869102678,0.23732723330294903
354.8217845536846,0.198215736983002
351.45321080146067,-0.03418577109096077
348.5827326186301,-0.3355072654403557
348.5827326186301,0.5581229693360683
348.5827326186301,1.0177019851547584
355.662707787563,0.30685347469341195
366.06260181160656,-0.09725527598152439
362.6545462328536,-0.2087743529701811
357.30391194055215,-0.2686935698184243
329.4670889405036,-0.14288864411673785
325.65367847209944,-0.011960963236560929
325.1197697150678,-0.2476695026834932
335.30755374524574,0.10511213847826184
335.30755374524574,0.2660197834424025
365.5279191298443,0.4147317041167753
357.28884754264,-0.15992166706541866
375.76549610556367,0.2618191115384434
362.8923091870781,-0.39702077514402845
402.7194580328981,0.5832341819390194
382.6227115746548,0.03962702866476775
353.31999654135353,-0.3835891158909135
373.9054579364056,0.455804265927668
352.4314052549227,0.05590607315912166
343.96311383468867,0.05112818087116011
327.7104284938519,-0.27082211290939995
348.90929142562305,0.1743529749778645
362.5670216650183,-0.2525141943133349
375.53763817226275,0.1005053091417949
374.6002081105142,0.22361068582563348
375.59747032615815,0.04946189753297858
354.4671920371801,-0.45411661254115643
372.642877944081,0.48742772127411627
366.17420779375334,-0.11366813309655299
355.0233946929585,-0.7353442196277911
355.0233946929585,0.4605880664888673
340.3963644037429,-0.24745750347176454
359.2072862182767,0.6045251158275278
369.6879907308661,0.13771282978314048
369.6879907308661,0.23581679957146662
331.707684498143,-0.8192690066018713
346.6310154637155,0.32195659290368894
319.3016082703182,-0.3544681471628337
349.8758820762559,0.4193477926090736
363.7827685609386,0.09847934693539173
365.9719636104697,-0.05175648916110731
343.5072119577939,-0.4417295629987166
351.244697264901,0.37499324758891817
338.5850049147485,-0.3379379788765391
340.4511791120839,-0.03609005140958743
356.035993232673,0.23398412372148414
358.07790703806677,-0.08665795451554459
343.03324761020383,-0.008270051222439179
359.28410719608263,0.37053305498898226
372.49740710962743,0.006576695320404724
379.7939649085723,0.009934276515195961
351.4380820884395,-0.28025389052118044
351.4380820884395,0.3877739377654734
344.0319892160062,-0.15894820440871626
363.213741465335,0.004920169314232226
332.75793959632256,-0.4603973993363297
371.8108168423632,0.6998024903593887
364.4085246094456,0.43962508541483203
363.0651872977977,-0.27072978742046416
363.0651872977977,0.40866599581295304
363.0651872977977,0.4043018306867907
358.4824176847579,0.49438426737208374
342.9280300762766,0.00712454988843092
349.9212859631686,0.06934088265461469
361.409938107723,0.038527376427964555
352.4663520240744,-0.09589803389212648
345.21253113667285,0.04589499140479347
345.21253113667285,0.06452864579625839
348.7519094482233,-0.2260096363293087
357.8252394062941,0.15307494265550758
354.4855633790789,0.10065454147320452
372.1839310200691,-0.25681621473086125
366.5445756162519,-0.05965856105558487
358.8759412014563,-0.15762210287903144
353.3535669116659,0.0748888517391606
344.79166064894554,0.09559012511590481
344.79166064894554,0.20593666729632787
329.84270485263005,-0.1703252290438968
366.60079385108475,0.0844961700154272
383.26464633357216,0.24465385403050277
368.01609283293107,-0.31660367264748857
343.01143461044086,-0.18931008628351265
328.3616924668463,-0.3058754344076533
326.2025327622107,0.21261956659213865
353.4113167551418,-0.026032493792968125
361.41649669691736,0.17898294881342736
362.7644332739673,-0.13849190668975098
362.6138722942239,-0.1317627151091756
365.21950392493073,0.0004266268389301331
365.21950392493073,0.39361694241404166
363.7645013953757,0.3547436734814937
384.48397004611525,0.330773497500104
384.48397004611525,0.3153777854040527
395.1005396366299,0.06928858716162267
361.77330155525067,-0.5598756227377635
356.82531595203585,0.03244636377712595
356.82531595203585,0.4972568536637709
337.0641858888503,-0.4053148292621245
369.8588964189781,0.5279472319800789
361.9599883085494,0.142090338197022
377.9981730448624,0.3329198304844567
373.03013389036875,-0.029705590732419296
348.3041866620809,-0.5434730440997555
354.2143762961047,0.5193055802101298
340.969328409311,-0.3342858236376287
397.29213340298617,0.7299054193712209
346.7011001487585,-0.790394582286126
341.06352043408106,-0.23519283398752577
362.60382813009613,0.21246469718028038
362.60382813009613,0.43676673587674486
349.5882694209228,-0.2767696789076126
349.5882694209228,0.5358927993036104
361.0849690180214,0.027857103810561057
355.3555407537331,0.010353693996762559
364.92883664207335,0.3185617165236181
365.98198555251827,0.11543160797225482
386.4192872570441,-0.13638188454160627
382.24332470827505,-0.05595080995215085
359.9375328489164,0.032628163207959915
389.02649225973687,-0.03857338729312687
387.4402031643183,0.11942871124483645
376.3209959860447,-0.04892785425988677
402.6137306117387,0.4706421819787465
357.520989821793,-0.279227874356593
371.1224804025251,-0.23088020666887132
361.8989105567689,-0.41590846615645205
343.1727806480847,0.2592384200845572
313.4282689472851,-0.2611593994793111
313.4282689472851,0.20665193265767812
336.8067681292521,0.6214850140863746
328.05217995888677,-0.38854275561493523
323.1639872836335,0.06129031296154608
359.0142330522093,0.26479072360359623
348.83729192208295,-0.3000388951207924
351.40994876689996,-0.27235974387951956
368.69167954462176,0.47955274964169803
329.74172676944664,-0.49593029984794157
354.05222777375633,0.2817580294747586
345.3036441261411,0.11895927284876961
355.86237103837834,0.04310789212877353
368.2362434533986,0.27821143739208765
357.1322837398578,-0.43214483777978785
359.4194007021244,-0.09323416176664523
372.1510348582233,0.19897546940910615
355.3621441176821,0.2894374334116492
317.3573994226827,-1.0630607657558357
353.84407969809416,0.4798240094796711
349.80582185644704,-0.023731740841185456
349.28388820126065,-0.046413882222623215
331.6971069520985,-0.16088793699498183
331.6971069520985,0.5488480154044737
337.2300104959444,-0.12929639028197926
337.2300104959444,0.5007559436686506
333.1494002027475,0.04356446820065685
326.2718349406063,0.06451061597272201
368.97990875516206,0.5630156985006352
342.31584228947685,-0.6339736339512001
334.7382546992066,0.23858444714801408
348.9966842510716,0.0880569281047201
334.1454782434235,-0.26268738849171314
337.312259731218,-0.223483620196248
342.11770229411485,0.1617023459292568
358.03886359221855,0.2730640612796833
342.05061575286066,-0.10691334693740373
349.9542158409218,0.20678828741802135
355.064997955372,-0.08179098791163142
371.2478867458693,0.1786471159599614
353.4282342741583,-0.19139892124962898
328.184522186438,-0.27861627183767723
327.3215111645226,0.2630741627874613
386.22349547050004,0.5012219620759879
384.9521704957149,0.1438926034729775
362.70959541108965,-0.1612776818378734
335.7850118590455,-0.5988536554109487
339.47227273520747,-0.01691743742583185
383.26466489528184,0.7717925862309585
372.8929772691901,-0.13266221158778535
337.13204769013475,-0.491781079116663
329.2668360581589,0.21929745910608744
373.75986415698776,0.10665284797073582
359.48762248881616,-0.060636012608142664
377.46965823470146,-0.02855203242324933
381.830524063019,0.028783119667878054
352.0920837707194,-0.4264801142179522
344.4314299437702,0.22419848906679363
358.62825097766836,0.21594541790284438
361.42449553350644,0.061904150071427466
365.9710133819811,0.017807993991027615
366.96250444029766,-0.1602032144810437
343.85574269778334,0.1415565243596575
312.13550799234827,-0.8976914856322082
330.0829213882622,0.5308056882820438
301.41408134256807,-0.2296085354337265
318.66386588242165,0.09828566754617896
342.56781148217357,-0.14524975939525575
305.99908985349816,-0.5303083913613591
308.89361736710174,0.09113024162149941
332.4063725116896,0.3957580827041056
383.2004375390462,0.3784085408882447
372.8501393571645,-0.11992820072691757
376.1761378431478,-0.04377793112860218
389.12814217949665,0.023760895755913225
352.009997169904,-0.4658108274323922
352.009997169904,0.8721720437998783
372.1698182002562,0.28598387164299766
367.2240142967616,0.0026880952289047855
411.4408592423514,0.4956389588323873
428.93727778158785,0.24914797935139177
402.5300747636223,-0.5301044733020035
375.0552926965363,0.006305806456225582
381.0783197598877,0.151224359652133
398.4769725589273,-0.22671356182627278
377.4762932614268,0.04226563644294856
370.9416154246941,0.04718906260586664
364.08843534333425,-0.07206767768309419
364.08843534333425,0.3273985244825326
347.08566785340355,-0.015950782378354234
350.48545284072,-0.01589484867122337
352.736336891568,-0.07767551076290147
377.78976250500966,0.006185891363998053
376.426992421988,-0.030644291914995847
349.84868607949244,-0.7412083806709688
345.020969960574,0.27153975847772926
336.1312345130158,-0.09308130321869612
368.66091715474244,0.0313629034793621
368.66091715474244,0.5988118003222098
346.34030922922125,-0.16169553719112173
346.34030922922125,0.4354170402965565
379.6825372746565,0.6474924944208169
379.6825372746565,0.37834956432095623
379.6825372746565,0.17014820417443843
379.6825372746565,0.4082311279531723
380.5470499286561,-0.43803556013335765
407.666581874814,0.5054858439089003
393.97258970835026,-0.7115116420516188
395.3376451564621,0.22736313248151419
375.1456439077334,-0.06517204744682203
359.01370803063026,-0.11327635474015096
327.20297967961096,-0.3260281807278034
334.23310894949674,-0.040983753921409516
322.5146269080832,-0.22612890172138123
336.96399967727893,0.2809762226526118
313.91161599739445,-0.5121861471109241
313.91161599739445,0.5892151031720232
299.80573257153486,0.010602066582578118
378.229067039121,0.8248808369510243
347.6084238601775,-0.9727283716970305
345.4029174548572,0.5199300597203091
360.57212610892356,-0.035258387501244215
336.2569320435171,-0.28020112506328587
344.86505401310694,-0.09474377066737816
317.6499435921521,-0.45433495394718193
311.1002510335738,0.037920422396950926
341.0985911717419,0.27171350495200386
341.0985911717419,0.46567125414867405
335.1870674080787,0.11543216599466177
362.58364716362775,0.18105191728091086
363.6984508634209,0.06712445843345449
335.300052973626,-0.40809803800743794
356.6152917268293,0.40334731204643504
374.6763422282032,0.06626602081337296
351.2543717740319,-0.3646279766649059
351.2543717740319,0.4004314239314226
345.7953628950974,-0.012974971386142897
361.2507144210644,-0.06899644646887282
364.80665543077873,0.017518134952183573
348.81093840435375,-0.16433825795820667
348.81093840435375,0.007882202906444036
378.8137534115592,0.6513302507987646
398.9966414199393,0.28063862416991014
355.1688824334069,-0.5845464450105737
383.48392006529866,0.4813299143643235
372.7378476241236,-0.3262736095892933
398.8102620264566,0.010886519677796969
368.6763085901331,-0.1262473511093276
347.6419527478352,-0.6550079620913039
347.6419527478352,0.7240405469163989
376.62027946920256,0.4725039781758369
359.42157092400237,-0.15265260620151366
330.2300370522572,0.10763445831503304
340.4783379314903,0.04103510283800915
338.0916182030902,-0.3411122497115002
338.0916182030902,0.6697812107427126
345.8890563114952,0.2929304645639377
378.6696178234453,0.6866080896506901
385.40997509632916,0.1698162584847296
388.74692979900556,-0.010589200432150392
363.0562117611592,-0.20754877747594946
360.2612829512455,-0.20747573611561165
355.15212000597427,0.04515409079533583
336.0583045985302,-0.3373245059550527
336.0583045985302,0.20221814221122258
336.0583045985302,0.528992914736591
336.0583045985302,0.3764746142834383
327.5078477919071,-0.1608814350005332
310.49809305474173,0.1691263236116356
322.21475784149385,0.17582221483507965
315.7189080946871,0.050165780729457765
331.5286510657323,0.1022191548805722
349.40094658082774,0.006535254095069831
347.533113630171,-0.1419378410301988
345.47685115174494,0.18435350147228746
329.71222469988146,-0.5975742090970471
320.2639274313792,0.06061477116452352
326.79982288948344,-0.29219086437126407
309.7617563591728,-0.42247243984274974
343.4428360982746,0.7465854673473586
367.0655211667278,0.28717036104990257
363.662153146262,0.3352811008505796
387.3730212559945,-0.15243145284648563
361.59307967333274,-0.5708547504804073
361.59307967333274,0.32324687999607704
361.59307967333274,0.3953534654488067
367.6708700065696,0.49124566545185644
342.30331204227474,-0.3090048529265914
327.6727922560045,-0.36745909647856934
336.90953145172114,-0.16262143068252044
328.86884374846846,-0.02657773449459455
337.66029371213807,0.2556845067621225
360.79145915544484,0.1864234553336246
329.7822043360664,-0.34737559471966506
363.6903136810276,-0.1435474139912003
363.6903136810276,0.15978268806020424
357.80708796852116,0.32999506737019146
343.0253543282894,-0.2409390710478192
355.46513060559346,0.21695964323180306
345.8817851632071,-0.007926873918677302
345.8817851632071,0.24805277577638662
382.2222449554846,0.4611000517488719
367.15594937298965,0.09018140273565223
359.41086969363545,0.11505621632818475
362.6981212901248,0.005965714379158271
362.6981212901248,0.2857152517647137
402.1573720325239,0.27389204637086095
353.8328371141884,-0.5335641744253508
367.39573422332353,0.38241130884307495
359.3583482233836,-0.4802861701192569
321.932794164861,-0.20814272103075382
333.50418368172075,0.24509745327191013
333.50418368172075,0.7839737491131018
333.50418368172075,0.3473925334080832
332.82966388812713,-0.020212508821828123
332.82966388812713,1.0062064553735581
323.52360305930864,-0.032902426691862274
324.02368423052377,-0.0598125202124038
321.1794497236296,0.20241272056875914
351.81120616566693,-0.08836585490280413
318.0921094185613,-0.3082775556880506
318.0921094185613,0.5478828005560672
330.16716061667034,0.25815509209348875
358.7458993063017,0.20066832893519404
343.6646009035267,-0.08721552217957651
343.6646009035267,0.2040408641985323
375.0148497160941,0.1464754582890464
381.1808933653277,0.03646560143101851
370.80733678585295,0.038974106614887205
336.5711275378765,-0.5544230992919665
331.8613987490826,-0.07187160544538074
330.9774721532755,-0.11251927648061155
328.95542767619577,-0.04130807538001591
320.5535201243347,-0.23056667741718684
348.3173421094862,0.49096694036973076
346.538731254235,0.06338690625000254
358.0508121316225,0.18439215687817523
358.0508121316225,0.4641916170477316
311.01496788181026,-0.5573420901264399
328.1790199989064,-0.13410428834993127
328.1790199989064,0.3026275712430788
351.19454405214594,-0.015019940881188631
339.90242733425816,0.1961225266169322
359.3426769221208,0.21365271783861317
363.46699609748725,0.1132161118782733
376.2435809860521,0.248698381397503
398.7366261151654,0.09613143859110096
369.368539157959,-0.10116603004939861
374.15246310200223,-0.3764965532776614
372.0118223860357,-0.24700587860297674
371.16743381557137,0.3225322217276698
360.6556365022148,0.009915457465467625
358.9222619409393,0.18305368010226175
371.5664449638758,-0.01856594183789184
368.90496590445684,0.05185847570487567
368.8785485169486,-0.003432861850228619
354.8805847792853,0.08439545964893114
354.8805847792853,0.21199032528716089
373.35863542065107,0.10692355263279296
375.76053941420747,0.17639348335546856
375.7841120559504,0.06316220744042766
351.8075801467492,-0.5974440898846751
363.9089978113631,-0.036132377052013
363.9089978113631,0.60671919740048
382.87429995257844,0.45102360090982074
356.5944513781105,-0.060096781067272786
356.5944513781105,0.5685942881785877
348.8120671662334,0.028054731949055167
307.4531680133675,-0.49091908092418635
308.40791570779305,0.08924241482418438
313.65237823899747,0.2698204255342489
341.95065950623416,0.47659045679063183
340.9124794437877,-0.488786586739252
336.4693510803717,0.26503680632151827
354.6589478243592,0.27454907638002624
347.15296776191104,-0.09865295921247252
347.15296776191104,0.2627663898992978
377.21585938162383,-0.02524621033899166
393.10554809916033,0.1859143881183627
361.22138556265475,-0.3773215360758968
361.22138556265475,0.3769551073741013
334.81502067880564,-0.40975735812401126
347.82999517720873,0.3094127032063625
335.72500073614714,0.5462121551595374
326.437797435245,-0.04647137445840599
338.1669334753273,0.08787480495584532
353.3208077213302,0.2806584141833355
332.66023584631404,-0.24923823613698914
345.4503662890157,0.11960694988761134
345.4503662890157,0.30925112023442125
340.4213292946478,-0.17713949869744283
345.76422613297666,-0.046741915361394604
366.2247206179869,0.13399434432665203
345.14315462176154,-0.1789411055506207
355.032635619921,0.17945034042304542
337.8473622087763,-0.1994065031617538
356.45786480832703,0.2075705218130679
364.19128853288515,0.2853902909325825
372.7437937515007,-0.13820366258482863
368.661449015902,0.1959751005764474
347.2520362946685,-0.09135616767707688
322.1777047898263,-0.17119856238218745
350.0211507991876,0.19191671737212346
318.0217770412206,-0.474203123016423
331.06841232152163,0.12792006803340428
341.4117047906014,-0.17402893636517547
362.863701231465,0.3854863049054984
360.1550375604201,0.0355413168576888
365.299308513554,0.003469166263585066
377.8811354944746,-0.05617304314273497
359.5182187168832,-0.45786480750791725
346.6007258872798,-0.25795655232184345
330.1292528920855,-0.20565924785478273
355.1331365196396,0.1712707579271182
376.04495957113267,0.4571058847054701
377.6532038294976,0.07852149098880545
366.3587835317877,-0.3220042370202236
378.4668884143691,0.19315520661405117
356.10583220180615,-0.42827110010148317
328.1109713040376,-0.40809159525178984
333.1849096801259,0.3040421748042945
352.7109574952471,-0.07866605754031752
337.6929714296498,-0.3318905554706362
336.37069286049655,0.09596319301806489
355.4677007802172,0.1707513283120079
355.4677007802172,0.6321746247767805
342.5867527110859,-0.06774521354680019
355.51210075736634,-0.08284939925079016
355.51210075736634,0.17149631197094095
336.0211727314241,0.21007231333544496
346.5686424458218,-0.11048810594593306
340.13258958530594,0.3563319792475568
340.13258958530594,0.2870495868959324
361.89446622704355,0.27438205096598267
372.46864163711035,0.04958041387385492
376.0059003306069,0.029792951671765877
392.5360791327275,0.0425784966100764
397.52719368259784,-0.1154276180747047
358.1320247232608,-0.39193779897073
369.83549509262195,0.10931773068205075
379.657144809461,0.13372645000174543
387.9886544025004,-0.16243040183167068
394.18157733841963,0.2485902682262804
359.4585485984487,-0.5248706841889543
359.4585485984487,0.31657155081893507
359.4585485984487,0.3222830999158077
372.1488381982972,0.4044379575657331
371.5397606494907,-0.06916095820133705
350.60998456734546,0.3556062429289568
329.613846895275,-0.7604026852532115
346.751898029479,0.47043351196839467
316.3515878367491,-0.6141329385859535
337.51946396670604,0.3766214051120187
382.4412738928919,0.7185910955479358
364.4271244536069,-0.1895848458650562
338.5744448649149,-0.17345862160209435
334.5476311002592,-0.37102884207786246
347.0423012405282,0.014267896383557854
349.28307107395005,0.031617302590802865
347.80773248898356,0.08988922717219339
370.95637694025265,0.1530876447063747
371.2020420265752,0.15822037201269268
353.97135078111205,0.1736661591783104
322.32862665988404,-0.9554498135498761
351.4673702920578,0.032454895803311956
330.15753031045034,-0.03916277094663201
304.6701860498309,-0.07644884816272679
313.71585124312816,0.33310228318987356
325.9677466819511,0.055431246824014124
314.30379368149096,-0.19660490542219122
317.09151621761674,0.1322781818155363
344.0215544662884,0.5196456249749417
341.3434180597744,-0.02598555916517853
373.7775653410774,0.13616413725674192
349.6812139719435,0.09073060467915184
350.4068922104135,-0.1965322868122712
342.86274889089435,-0.023426951995588752
339.89595057867433,0.14522391072830487
342.46657858139196,0.1210862476600596
328.47887364097056,-0.14188685064436868
318.16748941591396,-0.10692464134410784
318.16748941591396,0.25521717789558807
318.16748941591396,0.47674544496533144
330.4459556377539,0.3286159350627713
338.81345086350325,0.2933665557479799
333.0782905025932,-0.5497931786450181
349.79933555664246,0.4853483159887446
339.2313827710442,-0.16952767834322913
356.7445734041663,-0.15483826184299687
354.5143879309608,0.2811941277452661
334.5317524327554,-0.6463118529184158
358.614342299293,0.3052846008903316
379.07833998985643,-0.06354490242756583
370.28959242103764,-0.03372007599318749
387.04893398413793,0.32357983198937745
346.39751216167673,-0.33144373853292564
378.99801043182373,0.25334396875427956
346.0351461827449,-0.003077731650137139
344.5373356953053,-0.42231771172725985
326.48785780248187,-0.1954054329655719
317.8944150265915,-0.037354537346914185
319.38934855581465,0.01726875109034154
315.54467880707926,0.06123383356589329
299.38617929558194,-0.7268300586329133
337.2300032406078,0.6919563067249328
291.53618805625285,-0.8078209343763092
291.53618805625285,0.4608401206575081
340.19038716117853,0.4496346103496762
340.19038716117853,0.37278020313658544
348.846197095106,0.2681083205009145
348.846197095106,0.11818417925246649
321.1088557041643,-0.2988320897864014
334.50109135512105,-0.12887949983883118
323.60476435345095,-0.14032790587918953
346.58926487930614,0.2782904955834056
346.4148886890566,0.2003759295889722
346.01061650607136,0.2564811960614861
328.18668245973294,-0.2733777549055958
338.8732874938066,-0.4678969906627799
317.2254984692993,0.20064502037757848
350.3975856411946,0.16522194094568476
392.16319468998546,0.24947764431772157
388.19328348719193,-0.08838368207443636
390.05622604961553,-0.10348955665540416
377.88528187088883,-0.009379863141361966
370.9042427501413,-0.2193011617346201
356.56629742876163,0.21847458731190272
350.4502367188465,0.05297417057226994
342.93252588886816,-0.15045716563076894
372.3987347445914,0.3334237579558703
350.8609149804036,-0.8784647709289857
358.2011827248589,0.14513583238340289
352.29975028152944,0.27323098486067465
370.1067613425393,0.34886562245912955
334.5310506642601,-0.44075607888123614
302.5673900637627,-0.47095742307897126
302.5673900637627,0.6133083924167977
319.7611513207013,0.09090505526614834
336.4385501069469,0.34390462657029275
332.896316128583,-0.06283659877158243
320.39778594709156,0.0428939321307098
320.39778594709156,0.19395942291725987
327.8558808309229,0.1321659429902411
354.8829979842426,0.42767464791836574
365.31972701557197,-0.15017091641243496
353.3099094844077,-0.19362245704292036
342.4483295798811,-0.17295896992425241
335.6462690138137,0.20277445951967366
335.6462690138137,0.2145731097720045
329.88328965440087,0.008265164718409324
345.67287531478246,0.0961168276155604
333.4790290117555,-0.1331752781858313
333.9555022120023,0.10251609886950064
341.2671008732071,-0.08984188076101418
341.2671008732071,0.04136102582253898
328.65701524785413,-0.0179396214746248
345.8653411132303,0.2672898526109293
340.4439628434677,-0.11648447959919395
340.4439628434677,0.34155962493548486
332.9458717284479,-0.2040908133915309
344.30787526629314,0.42825265524379574
321.82854440219,-0.492424251690295
321.82854440219,0.2643682075574816
334.73628859974184,0.2660611895630609
353.0364629767745,0.29858609660584534
352.19701229029306,-0.3773285664785817
352.19701229029306,0.648357389494663
353.7503816561325,0.3362153162948971
372.4732471027697,0.2721076280080297
344.6903704412451,-0.19917240078370924
344.6903704412451,0.16960174988821564
356.275379506032,0.026629321507698478
348.8072720190745,-0.06891784433105386
322.2970934731506,0.01835395300054188
325.99463230193174,0.0348722454482413
330.0106998280497,0.21288187558923255
330.0106998280497,0.4797864820970972
324.7638465246061,-0.2622429629943781
337.9770934789863,0.6660543754386481
356.5985922205551,0.26499739161681646
356.1914468099447,0.0771056258149656
353.85694065359667,-0.3960132141507984
364.2093128904055,-0.12521880893950765
352.9497330693378,-0.009735433329296939
352.9497330693378,0.05737790868954562
358.46720201769904,0.07035870104004971
356.13581324026444,-0.018825398180752018
376.7021006335002,0.278141223607804
351.90469308597955,-0.16006522950226554
365.51395866956307,0.02910460782584323
365.51395866956307,0.1805923122101376
365.79303335273767,-0.4413987809190303
368.2683173584938,0.208892570266471
354.7441701023167,-0.27731863388930833
357.50025601181005,0.5313129272518609
350.83263436626794,-0.08707052003626359
342.89968762181826,-0.35790771602205496
331.1649119312454,0.09198271822447168
326.2100330339231,-0.03255258275066808
341.65412728149846,0.023364634265476525
328.61599288525014,-0.14832619579203765
304.87661319780443,0.15847697915944536
330.6850478025824,0.26555570416030605
366.211547789251,0.3848238955349643
388.2763060729397,0.182074261444086
385.94948765447805,-0.08712347721564129
376.1866298972459,-0.29701723066557406
383.95446100186945,0.0638775586714928
368.5348479784988,-0.3838816552420212
364.205961973171,0.13102857579792726
347.9476631897072,0.5372642385115114
383.31405648415597,0.24281812126650948
360.3734198789858,-0.2131473908876842
361.2584210895581,0.04385256567502438
325.80169327434567,-0.5621520470803034
343.47032798720045,0.20562273666587316
343.47032798720045,0.7025881795143505
355.4258912875831,0.3460568353805229
362.58460703441614,0.22187132631256645
362.3767083777538,0.4144143676510339
342.7037228116525,-0.8286432014564298
351.8922317269294,-0.02624454906185747
353.45704012059974,0.14658851050421617
383.7032511876099,-0.029537356540913606
337.0513484831297,-0.6015004549086598
350.0899503539923,0.7703848667201783
355.87150986719644,0.03343257064432237
347.9609700463759,0.007375214605303881
373.74243410924345,0.45318379758236915
396.0866949690908,-0.1553732701941044
381.29350400426796,0.18037959622790822
347.06775975001744,-0.5029511585471482
345.0244023629687,0.1412472267479643
372.9819873824412,0.36005097783936435
340.00596725559524,-0.5570267559505737
316.35161507418246,-0.0825216855286044
316.35161507418246,0.0767280347297401
316.35161507418246,0.6572107878114366
330.0466425762545,0.33026594435341394
329.40396836721715,-0.1923104889674505
339.5317546487082,-0.2682780008226473
327.7093229395366,-0.03619887264153476
327.7093229395366,0.9545514372897514
327.7093229395366,0.6589857245038502
340.0807733032248,0.14405906830359072
357.50141830579287,0.42323177349192065
317.23188240654184,-0.4519384825914585
343.1154763959096,0.12500263849358362
354.61871305987825,0.06632625574013673
387.9658464003347,0.4914830983977936
358.4819078185762,-0.5075837483115038
358.4819078185762,0.6407406929861281
389.9683945468849,0.5269718966003438
370.16074454425,-0.34748210772352195
396.462969935806,0.5865760856792122
375.92527539402215,-0.5061523661781848
362.9208240927237,-0.13200362908480656
366.9763949032511,0.0213399803089942
355.7322182468526,-0.24993493433225922
377.18206532793323,0.22966338853007073
358.3366619001351,-0.5259833300049195
353.0537216080302,0.03474933253414747
342.8384492718975,-0.032777145373074745
328.78254255363964,-0.21413605913039646
328.78254255363964,0.21248684381589555
355.7338342247755,0.10125595906993112
362.2644716151383,0.26230947423152884
370.73030706469785,-0.3429913910805453
371.8942675879581,0.4481601182462782
386.59206828847584,-0.09145748613013893
374.3937989016052,-0.5514499376893127
387.7743623404817,0.24793032416653205
338.8318142824985,-0.4101507246621168
337.1566042807654,0.1659013516888308
357.60625743769276,0.49042739573053495
364.99785121998826,-0.30989274118394405
403.5231543557714,0.47453393830846835
410.6205215874863,-0.23938511330538859
347.535738395364,-0.7892482508187868
336.9998503850315,0.13736781332875125
336.72368141313837,0.2448463184105094
346.60204679172176,0.15713150232295447
348.17181787861557,-0.09462778338570388
346.44583982198844,0.17877442516385145
365.0285032618315,-0.17609414980995552
362.44175377839736,0.32143012807296145
357.9868265650729,-0.36991335346419874
380.888056128065,0.3019656614467294
394.72018940065806,0.12784747002694985
414.29666369732627,-0.01692558702950464
415.9899857367498,0.13765659295518162
422.88068761435636,0.32822541587620435
377.75525872888545,-0.6508752605712971
349.39365528248504,-0.32656154441929175
366.8707774737706,0.0376887694422976
354.2629690001223,-0.40162149206321374
354.2629690001223,0.0605046117150323
324.7194454967364,-0.42918993906278047
337.6505107154233,0.07404973783616242
373.1871632257723,0.19500404456221077
362.4223707093553,0.02165164077632653
362.4223707093553,0.38749510223885864
377.4707699566657,0.5487734872813235
341.8078839289902,-0.6861418406135726
314.2526126903325,-0.5320413414100358
353.1505502227506,0.5844608758878849
355.0407946943005,0.27130797326651646
330.2326042126865,-0.45732254749918866
350.0249842416444,0.04784627447668299
362.0996235301854,-0.07021223916558483
373.3088383292849,0.18495606092574235
374.62961466536734,-0.1425184156889827
366.0480206238799,0.262161365248744
320.0314177710858,-1.0370735356736986
317.4389223349594,0.38981348169750163
333.7503225342708,0.13898915952904645
333.7503225342708,0.7743716303731389
350.96832451900593,-0.3582325861402751
320.2652118693168,-0.14379300192103983
317.2328638035885,-0.16950339828417782
317.2328638035885,0.3152007021077452
330.44173283129186,-0.12143909167491529
330.44173283129186,0.2894073734860285
304.0947406018377,-0.2797379047008235
336.23171156333876,0.757300834836542
336.23171156333876,0.423447588956833
354.4307160763185,0.14225590283672318
334.75026829829136,-0.5144395297853634
339.4258451718787,0.3580678708526648
359.28884342413545,0.4207371578935408
368.7263815666239,-0.01924496343156079
335.2017501748546,-0.3813930846982885
348.0581168309526,0.24599090907543086
336.43515620565864,0.07283214992116882
351.6352243762346,0.1194219379237893
371.88303210115555,0.06925550513960843
373.8489039939589,0.1125906145684894
359.7010629995002,-0.07377444514168019
374.8508053333629,0.2672347935563266
378.76818479865824,0.22285831259046063
403.3148541844027,0.5531522672561096
407.8524681180537,-0.2986548794117425
397.6433723725906,-0.10885307258149624
372.1895467385502,-0.354367827249348
372.1895467385502,0.49652461343907817
332.13658372842764,-0.491760292551362
337.2801098800361,0.12482987194744055
333.15105847632606,0.04041780457009736
359.44401855261555,-0.055214736051993896
372.3510888096754,0.12048985405056101
368.9740962886094,0.010678814333687114
356.6760237424308,0.16160514345460797
340.1237645010651,-0.3020727865032313
323.9238155041953,-0.13612586466831544
349.54267510479286,0.22289892485275686
363.1972698568535,0.11711260016318192
382.6924820091065,0.5198300787262724
347.26269821908846,-0.6802900407092238
347.26269821908846,0.34573983511177175
354.4402873817064,0.27063025162146914
362.6874131207342,0.20449538777052112
378.31769543322014,-0.36093852475175936
384.182325042646,0.18553386935502658
380.63073131136093,-0.27996287112250684
373.53779766208714,0.03240987461458644
373.53779766208714,0.33226424069960103
361.8556279243131,-0.11989012789831577
361.8556279243131,0.26125281954796264
370.053880643574,0.11322756063577799
349.0502046586965,-0.1608096497383258
349.0502046586965,0.45925366568212667
369.4995455608759,0.45033553455220954
358.1363599283618,0.03818037696623833
339.80518684224836,0.06388215574838796
342.2068070954972,-0.06918417312670044
332.020661748365,-0.04674204388902581
329.77888166992943,0.14750655962598103
307.0314198807066,-0.39263457728259255
311.12108112200946,0.12911959146686058
311.12108112200946,0.3013631601968427
325.53213012886914,-0.25406021771186715
311.0593126606928,0.024395364929091556
351.8069241189748,0.6508747088720384
320.1077936790336,-0.34692739497154435
334.7462134491551,0.026899343955506083
363.55225834021644,-0.039644417736553805
341.1469966397334,-0.48140965812217473
338.2100953702823,-0.0053204366425916305
358.7273358372287,0.16230863766554648
358.7273358372287,0.46794692892160583
351.0232262045414,0.3678378030792828
329.93200046927643,-0.16042937108431943
329.93200046927643,0.20372240406163655
344.6766335452544,-0.05470204860966987
344.6766335452544,0.41711559162115464
355.34000523278087,0.15234432601903336
333.0155964754348,-0.3348220367055319
348.8093778889447,0.07734836788790744
341.2842541318681,0.04245410811745387
372.23347328128756,0.10961154275901208
366.04564044303453,0.040074836317671725
366.04564044303453,0.15032723493254707
350.5031316305548,-0.13901829063661353
370.4108568726075,0.1418840042700822
369.98758754114647,-0.09346234978966095
381.0161146974683,0.141477112642292
370.7212710649225,-0.027800588098671142
361.6973152332697,-0.22799527870438396
355.0532472667302,8.796279735179269e-5
328.115975385683,-0.262645013285578
328.115975385683,0.12921551570639167
313.883067411348,-0.3877884695755256
322.18428823919015,0.12678188070742635
329.476645274922,0.16969876393295635
329.476645274922,0.43196474806313745
329.476645274922,0.45446600393393055
342.2917298847765,0.5062290218090766
337.47092152369925,0.06919533063012295
335.37711453509735,-0.1740635452291599
345.9096051746179,0.23354889341169383
345.9096051746179,0.14324986659107708
345.79699105032796,-0.22595013925854346
346.11429598943795,0.27056469436161024
344.8364143134693,-0.21917277020907022
380.1200267628307,0.45966423026811754
403.99773177450527,0.06279314709763639
372.06529628726685,-0.3178223036002237
381.4921819415617,0.12663005830063412
351.8290241623838,-0.21240442304053886
347.49952176782773,-0.0954964988369511
347.49952176782773,0.4888648691101025
347.49952176782773,0.5971654054230839
351.68021819372007,-0.03107009770269542
350.47998418066237,-0.1388549874347973
347.07806732876725,-0.14909087996147719
397.4361881952937,0.7101243576466914
367.25623723119395,-0.2534195940156678
380.46372130299096,0.11397564938056348
377.73286595655713,-0.009223548270483661
341.54669363183206,-0.466762780236877
354.9346588509738,0.19922928532582773
350.72666163869843,-0.2851684450331504
339.8807814511391,-0.041436587429871
364.18200093546005,0.25639180356699853
365.8014396717368,-0.04720335619413163
346.45487731781776,-0.2641020890052914
352.03692702384956,-0.08214694719845284
398.56451137212827,0.7919753923016515
376.6250262487499,-0.11930060602753656
367.1779923184342,-0.1519614189501226
379.5273527974962,0.25945887898262754
389.7236683353723,0.33846876172322027
343.7630217574077,-0.7553990980416074
343.7630217574077,0.21949470970469065
362.7382015307885,-0.06182854039730046
338.47800904613683,-0.03905929651716633
341.6156376648822,0.05976862742386402
319.13546133514257,-0.2240416341207947
319.13546133514257,0.2972004837085933
356.65434588791567,0.5299477763401228
348.20300460244846,-0.3500377741538614
353.6911191976432,-0.19197098042400285
353.6911191976432,0.6093519733934727
332.19733061419737,-0.09492770288284191
370.69879126277937,0.4943599521263877
372.13796215200307,-0.2144880124710653
367.3050132357337,0.037095892076877135
366.931628156896,0.18108233471116364
385.45919655372,-0.074171611090037
385.45919655372,0.43369561302574766
358.0573477510924,-0.11791754831938306
368.1896510017479,0.5743303180043995
362.0674764162129,-0.47435955132846175
360.0197732596006,0.12800710475164578
338.0408778766665,-0.2951700173923655
337.5138037770678,-0.35172143547799806
319.773217501029,-0.08261596972090501
319.773217501029,0.7622276352726658
330.9948857589596,0.3002148882039819
336.3813379188276,-0.19575066471588798
341.3511179187594,0.2560926114705353
337.7138213140168,0.2736336030429811
326.8145923243226,-0.12775566307391273
330.23670394546946,-0.082828145407575
348.03444130275756,0.368634991093586
304.4407862975719,-0.7954187609368546
315.0251750297973,0.11964879890979319
333.76288944249836,0.30613405317069464
333.76288944249836,0.2152537310525986
324.30150521395797,-0.24830897252127215
324.30150521395797,0.3841241877587436
324.30150521395797,0.6447413430150846
355.3037162516653,0.21574036110644101
337.7127284481975,-0.17300491534240336
350.37942848875855,0.04668958546460544
357.5734113332224,0.21024176850426102
333.6224466535001,-0.0789433595044784
333.76756825921274,0.13073781619186775
337.2842366681925,0.2727680196496749
360.05587171114047,0.19087025405838176
352.6122776882608,-0.400632520227191
367.7676982252357,0.07791150281843784
326.97845734349335,-0.5283745547305898
326.97845734349335,0.6981736146348112
326.97845734349335,0.6440072953768095
326.97845734349335,0.5032842318418034
326.97845734349335,1.1449922350482211
326.97845734349335,0.33272072010072407
326.97845734349335,0.7464247480459107
326.97845734349335,0.901343930719122
326.97845734349335,0.30225858858523225
326.97845734349335,0.8168264321258221
343.46408465374304,0.25383395972153266
323.4819555771797,0.004634324859353001
326.2842154857949,-0.03705222599478475
345.8366158646391,0.15962113768352992
351.0864410179497,-0.07626514416108421
335.51680728438316,-0.14700671892137507
328.56531029391124,0.06489545259910301
337.82569679282534,0.0674477376426239
337.82569679282534,0.4826347138982783
317.72867246054795,-0.49147528544358465
361.3599621266261,0.47904601947061565
356.2819764690276,-0.38132863348380397
357.6402819617139,0.170509267600778
348.4879374060592,-0.5148384559972783
347.94574407842924,0.28517888328860863
347.94574407842924,0.22092606657520264
340.5890711203674,-0.3452884086565291
340.5890711203674,0.4594101621751179
313.65614342612207,0.029338210974628964
321.115329257612,-0.13112364673929733
340.8928555325984,0.07331133013667568
324.84044443094643,-0.06667968957958692
335.35451778031177,0.1414151075356358
355.95192759400226,0.3671790815054692
387.9243966404691,0.10930648848977853
379.5615204184935,-0.11980415171285586
387.516846259043,-0.12807439774883278
380.32044790726417,0.024798695870913434
383.9221213906558,0.2061349903028713
349.7091117711932,-0.544269135618606
348.94576729134104,0.1438815061897003
375.1494886970789,0.2113996017417321
374.56408360011113,0.11827051651903275
352.2987198621964,-0.16729106482318912
322.3913204480555,-0.2972386606577402
327.38595060933955,0.17748849253621302
325.2033256010084,-0.08773167571746399
312.7446646839812,-0.1910446752738153
313.52346196811595,-0.23439157727352722
328.515861081098,0.27148840591178214
360.85933348536867,-0.017416593506595746
360.37697949058514,0.31664713608165584
355.49882761530876,-0.08571358420226716
374.50455348124166,0.08502399624421741
340.52441997483555,-0.09380643604959005
355.3168153808276,0.011376036440879034
354.43005428384726,-0.15334901725816508
360.68273605666883,0.16832697842096422
426.5079334309531,1.1141374741039272
392.2612848445939,-0.6152776390574672
404.34220723518524,0.24598587033926833
355.9499571028773,-0.48069889243970465
367.3926596076698,0.08630513094931302
367.59988628168605,0.1362784745265344
349.57142463732123,-0.3712218716099187
349.9559936761873,-0.16609591614030705
348.2765759032613,-0.20399834198451572
329.50563165450535,-0.10056662421084184
354.65859549583587,0.04824833683085217
326.3530489166551,0.0958264245657574
326.3530489166551,0.5453390783496843
323.0020690740574,-0.05450907073827693
308.6563947530278,-0.3462394883608795
344.34029552589953,0.5223102185628932
324.0191630528198,-0.13698068945996056
332.4033479944596,0.230700779784911
321.1038862124519,-0.5339153358296471
321.1038862124519,0.40190277645513106
318.5963959481316,0.267906929975652
327.66455664477564,-0.3203074194847204
365.5229533327204,0.805796468960466
360.8660527154489,-0.23866478110153366
336.0893350597436,-0.16004959411259279
342.76234124654525,0.04953303430249889
330.33954838242056,-0.1592165729143744
330.33954838242056,0.4786432074397453
355.1179374305063,0.5084887379837255
355.1179374305063,0.21583026798919036
370.0802676215203,0.3752354418923005
348.5255169085933,0.060272634104308054
380.8161179582163,0.1168286904131719
330.7176808525658,-0.5701582633109865
328.9332479625301,-0.18647280095967744
328.9332479625301,0.5669952928303701
321.8173357934309,0.07785738558368394
339.3827305091611,0.14149060733927854
339.3827305091611,0.4155311353813431
341.2027513830868,0.33627248838411106
373.2115575022215,0.07457500080499813
376.1570161978261,0.10857609567347026
367.5039490055291,-0.2489408200588059
349.39270887649667,-0.0929580139003292
349.39270887649667,0.4176295116840265
349.39270887649667,0.35889913909784354
357.92750749445736,-0.08647896010324985
353.74519673362323,0.28311437257127636
352.2500227499443,-0.15745636958820342
346.2513322443511,0.10126918084552017
367.8614485431732,-0.01520164258351997
390.220876610257,0.43716338519698184
369.489258321511,-0.1904682403036304
346.53852373624443,-0.28635527129301863
339.49756454251565,-0.20030960445956225
354.6374066111583,0.3976964727439736
353.2382187247143,-0.23012658189804824
353.2382187247143,0.22519840406948788
338.81775111311674,-0.27259194368662065
322.7841682732243,-0.36881490051155197
353.8476609544703,0.671390854339279
381.655470248142,0.19962508121341216
376.80208198287244,-0.31770543763298065
354.6533637815456,-0.4992920503776759
344.97716968493836,-0.15945800585018333
363.392577822963,-0.00252309203654022
354.1848939312803,0.175135206248342
347.6953385782297,-0.3322907846261387
335.74233982656386,-0.17318893525362
335.74233982656386,0.15539207390588672
360.16575100423967,0.2556437683775812
366.35794322493166,0.1306244656908575
372.7128926464897,0.1524661363935138
317.58018908684573,-1.104017436708773
320.58169195198894,0.04327226785585481
349.7890303055792,0.5980198079370211
349.7890303055792,0.26392085957047584
349.7890303055792,0.41785716554386454
349.7890303055792,0.5063331072656183
316.5686481396072,-0.3888145306491424
295.9926585861104,0.2098794108480888
295.9926585861104,0.2018386954654261
295.9926585861104,0.2908420951015387
340.75723140785226,0.4362365988624788
343.7078597189302,0.12135850133677195
354.1809120593369,-0.17219030036596905
365.9516832262242,0.21207244924994484
377.3081204058539,0.039134212972726345
374.8824913549144,-0.11320923093103374
343.3988828751431,-0.22338519151321634
346.89351208602505,-0.16691498643399427
335.3087350195028,-0.2955221644501762
358.86284690193725,0.5338980168176022
354.79323809865093,-0.006866513997920265
369.52754387832533,0.08581049867621005
358.2346712462135,-0.27727178100406036
337.7078591140051,-0.09371622342791852
343.94633774845187,0.4574238771222099
347.99000613998965,-0.4740020057120091
360.02446220189944,0.37326276686553683
357.38779909488886,-0.10079113865663203
369.05532636715157,-0.0745195001702541
365.6178407318615,0.3271952695093887
365.00624623237405,-0.26938303918689144
393.8869190196817,0.49314896743430836
397.254610914493,0.24241058578570573
377.10945631800786,-0.2828733291607932
386.32566717782606,0.1921522877962616
372.62327032752614,-0.11160439761817997
373.09283498557414,0.1729262271735479
393.90597346232414,0.3355194921950897
355.9990423577904,-0.45577833852235017
371.31130777733335,0.2683678462270791
355.07666307982004,0.0036034803209759048
323.8021401831917,-0.33464190136885463
348.7917170501002,0.15006112739331456
332.64109453329576,-0.2977126842297366
320.97070645589895,-0.03413933426975291
320.97070645589895,0.3863200427109632
349.85165219025924,0.08733008818671806
329.4356549519628,-0.038719508744748055
332.6531718825071,-0.15479334174642645
332.6531718825071,0.3185668689407066
341.04194211232897,0.11589618718437578
342.1440673981163,0.18534906554054942
342.1440673981163,0.5372563802644663
355.12584842165563,0.10292922910866764
347.36065729774197,0.10935557125753803
332.303711049353,-0.18415089604241075
332.303711049353,0.38834610679919024
344.1792738138324,0.4100257922725632
321.45652481538707,-0.21900033374265604
321.14035813991615,0.36754487030202654
323.9197179834572,-0.2506568255637376
329.6302067373123,0.2298453993765861
310.5948897735041,-0.10873141460137958
334.01100535894875,0.1914402040619052
345.26354479721374,0.017145707278700684
366.88703681443195,0.06463544072755667
365.391696934603,0.1394200474491072
364.90483000537375,0.04143861918942093
367.12723634870326,-0.19262471787624236
390.5951474854185,0.44784220568374167
359.5000225301468,-0.05426930279713815
343.4837941150519,-0.40985332158913934
330.91794107901103,-0.12968055978342363
344.78351053786736,-0.06402427367061136
325.7427191621131,0.10336475530755251
324.3441125217306,-0.28138837675305695
324.3441125217306,0.5941514798855678
351.2285093974887,0.2654410691511657
351.2285093974887,0.282432184097388
350.33107744468526,0.09808275264413169
348.69031556387165,-0.03630398142058766
340.3268614947203,0.024608186125419707
330.2933558687611,-0.0474564849869239
333.06873435979446,-0.15760376123387232
364.6230847364704,0.3351620326361626
338.8487048199755,-0.24458113013997718
358.17832333567515,0.302069300773951
328.1153952391437,0.14373003400294238
367.6696630054296,0.2824808722087937
381.01861766614644,-0.06435012590668521
381.01861766614644,0.3168603067681488
352.7291020618688,-0.3519416510139308
345.73649977816325,-0.030260286494467437
312.28304973498484,-0.47122668743350005
312.28304973498484,0.4259721119169626
340.58328703645185,0.375334829775511
383.7381109855507,0.8761808413030394
374.94270429063744,-0.10344190955140675
347.3027858145567,-0.06235984410250239
330.4491476060501,-0.12053840342798594
380.43809868660765,0.8807471930672364
366.9274035762962,-0.2017488615038019
359.04981589003745,-0.11168298871734805
382.4412466321962,-0.13130227497742908
375.7166280540466,0.12498010968806739
375.7166280540466,0.18750353932023245
350.8262438391259,-0.7479730342322455
343.2404403533828,0.08210368545758229
343.2404403533828,0.4004460438766273
345.71436750086536,0.10935512667231251
341.94998012329114,-0.29492712180899616
354.3098503410763,0.40538822894120585
347.57410570993244,-0.30449325573590613
347.00328545821407,0.32983203872345257
361.14178340590144,0.23922562666234626
330.8067136697091,-0.6040448208048019
332.62929378182247,-0.028660492055223585
320.43126078237003,-0.1883720599522576
320.43126078237003,0.38975579663781446
320.43126078237003,0.21480980351543622
375.40983075045,0.8012210466608849
326.10455889650837,-0.8287653696348798
335.19668077612107,0.28320263832961245
340.619516950923,-0.03144059218516304
325.0527038250885,-0.29070966299639167
336.4018411949947,0.4341562541367239
348.0394570854598,0.07232220941205014
369.8961700724009,0.3680246540548069
359.2710699509669,-0.15114918958965973
392.3594620225658,0.43500624314344805
386.84745613881233,0.20061861235262768
369.8393471052907,-0.20995063112491152
326.25817140531245,-0.4825894764746863
326.25817140531245,0.20533470781333563
350.52891642123313,0.35734201727279924
367.3122335837949,0.46388024835982833
340.7838327866137,-0.422066922191334
328.6625656891426,-0.10075636159308488
332.1934500608663,0.14549586165912842
335.36453755827705,-0.24353442945198367
357.57969191436257,0.20903291995932705
357.57969191436257,0.19074196496387685
352.90245395262184,0.27862753182967026
340.1655261322633,0.11896233723064142
342.17632592083095,-0.6785805509562124
359.10503951328633,0.01862432756797716
336.2861651970394,-0.12506954715308893
360.0440141138215,0.16396071612302876
362.12059848293416,0.22520951742080797
348.84376875018245,-0.18505508664861736
368.7954141420976,0.3902207243539806
417.84066709568333,0.6003532262354838
403.33293149336725,-0.14164737700377827
393.47407314720635,-0.3894364164447097
389.0667460893279,0.027796700772796612
394.12669986217765,0.14951171216569037
378.6096828013733,-0.05888974459685414
386.29362634913093,0.16427723340007105
352.3721207312871,-0.30032189707776524
359.63827587304365,0.2795502818080422
381.6859550568013,0.16127048422822554
381.4847091401323,0.31311033939198296
369.0896676676017,-0.46611485398557306
348.85038588060826,-0.044161710247522024
336.5781599843753,0.025186306448858886
336.5781599843753,0.10093407130250398
336.5781599843753,0.8688783173529373
331.1911226916247,-0.1696050395448765
350.3618877138209,0.017786259502258872
372.5357938284964,0.31918330513724413
374.1664579059562,0.02939118413723918
352.3584140179476,-0.43393500932461393
391.682222619354,0.3735926225838284
350.29489580516685,-0.40901723667752776
338.44254362726963,-0.11612095607029005
340.3705323731991,-0.004276130435414416
340.3705323731991,0.4835785635666525
327.4526132788484,-0.053017427670170036
327.4526132788484,0.2953470553410398
343.0461854390006,-0.15722089781445447
352.08250092432445,0.26717600026586297
365.1473278461053,0.2508448505096794
358.35949271270476,0.1596899019276634
333.4950992175912,-0.18364071761743617
360.6027569797699,0.10598672264188735
324.20305971524033,-0.37768141550964174
354.5735256379674,0.4051316154968845
342.83279234678645,-0.26125668780377964
344.39512678106814,0.21571185659354342
332.29143404881603,-0.07588511041910806
352.40170478277867,0.16158354311255607
337.4853103826245,-0.5497359022315322
362.2255934211435,0.570516267052767
344.1265885393563,-0.3330885695481811
328.9586902225774,0.08761070735170051
330.13723584526923,0.0557572802872528
324.1017302572767,0.008282755237360107
329.29044208491723,0.1946666950108238
366.64438282915233,0.22601015524173818
320.6251083609023,-0.7879105564439897
339.4605476780135,0.4750846737426855
380.09583453832204,0.1833774555641412
371.11202591140216,0.09379471713464227
359.7916918270412,-0.2704319284541725
334.80357964202693,0.007410272283436825
335.150995947474,0.046461322455797927
350.3607151638022,0.3123936287579454
371.3850284529733,0.1335175005523297
389.9019094978958,0.08478721111168852
389.9019094978958,0.711303426641507
365.9316293319775,0.18462735777688977
365.8613291493628,-0.0004169190966649694
332.18302594655376,-0.3048322346281793
345.8182687798675,0.7375078845337839
337.7813155046663,-0.3700828889454897
337.4767954486527,-0.15368177695654595
364.9388562625462,0.051689091797697984
339.8053719596473,-0.19580367842047508
321.69085213839475,-0.13713302106395986
350.55271518400497,0.22530548095301128
329.363330368021,-0.3798125005679367
329.363330368021,0.4904228370344299
306.5193695867204,0.025185918779015992
295.273624445545,-0.19799061739479384
298.91078235294475,-0.09504512370460816
298.91078235294475,0.8189812255077413
298.91078235294475,0.7263125034655786
298.91078235294475,0.26828405223648133
298.91078235294475,0.9017288074874159
298.91078235294475,0.8356501557068441
298.91078235294475,0.8697198022896373
312.2308625304312,0.7017071981440495
314.9812834629965,0.13611757662363289
309.9232072118441,-0.15746696995188358
298.9292316402468,-0.11239832368733005
300.6616313743091,-0.09786868909475288
300.6616313743091,0.6046447008229734
298.8665715177259,0.034561779919044966
298.8665715177259,0.4121928916072193
328.1214516403689,0.45559513890771086
328.1214516403689,0.1574156682480634
366.5622555472677,0.5973254821535647
365.58291365888255,-0.1071184587819971
368.19861192156355,-0.0480865434565203
335.8050796409048,0.04941615442669445
337.99836642509064,0.153210105257358
337.99836642509064,0.28893889906998993
337.99836642509064,0.37323612562920516
337.99836642509064,0.7937800094239265
339.7457248137703,0.27263553969737586
339.7457248137703,0.14854302737273883
377.3483793098315,0.5238451738071035
344.02494812245345,-0.6112400476722541
328.30336355284896,0.15982372020800995
328.30336355284896,0.31260188484793616
364.59356698214657,0.2899597860053973
358.5562811007387,-0.6341026321958907
327.39661370876433,-0.5774759361867154
346.5944040448833,0.4594533141852253
331.4430719948465,0.06923782114836285
354.10000974249004,0.473417804154451
332.84213960241027,-0.40411277990256167
345.79946413510504,0.09294512098745145
331.75323742287793,-0.32363833992383206
351.8850924354322,0.09888386043508035
352.3338707639458,0.22973660974878385
357.0935761187287,0.2852283197223642
359.8534995814363,0.15379684934930538
343.4904320699379,-0.3481388002468293
327.84619232524966,-0.31238672794404465
354.6918941753331,0.5179544706734305
340.32744866686687,-0.20202059743439804
340.2535737833594,0.04682537634732853
335.2484260111472,-0.11859545273227923
335.2484260111472,0.3556769680026264
376.27891333757856,0.5673645317236833
356.61276570527025,-0.3312296562176016
347.4339887727892,-0.2154501421432542
349.16464725234545,0.13950654709844912
334.6837909096372,-0.20840357004055932
328.1365118826127,0.05016283699796986
334.2337554092943,-0.2044140746231733
316.96504232630855,0.036110947014663
341.79636497812527,0.10601341026585942
355.22714455448977,0.4318858508925132
366.10558569751925,-0.2205658000192443
369.3608507775197,-0.1914918785558939
366.18267027697556,-0.272695176568277
366.18267027697556,0.8148548643689537
366.18267027697556,0.32348503984644594
365.27152114201164,0.22378227245712878
355.0866867735096,-0.3412327564692532
358.77322578064155,0.27336828135639735
370.0977932091761,-0.352065671239302
368.4459019004103,0.37095514659677065
372.429764714176,-0.16373280901757425
398.3495792651848,0.5412200492253305
398.47711273782454,0.20255374815235427
386.0670861276377,-0.08834941166901444
368.7135263093339,-0.32974902947012197
325.0015614656074,-0.5225534259316191
327.4374662587851,0.13654468300364897
357.8376821534366,-0.06087010233102319
371.09752340198594,0.21591494549795698
349.6156753508342,-0.3853184871289841
377.7661188451116,0.5025988348326109
335.89522562087075,-0.5878596935035603
344.6130199694404,0.3121511716152554
350.2575457091367,0.09609183115560427
341.7006360991485,0.11815299099191634
321.8898424187707,-0.3558642965203944
337.9413554105823,0.018060461549566753
355.18699112490657,0.4803130862093212
355.18699112490657,0.2772678650760554
355.94830549023965,-0.06378634020666141
341.1071386576793,-0.2956202891408566
395.5910532172325,0.34791052926880184
377.3190361008085,0.3750536585885129
364.12893974695254,-0.16612365034234244
358.2283846655175,-0.15321028734479114
308.19617268623006,-0.6215076470236909
369.55735769266306,0.8369175081620597
361.8924104722871,-0.10266828173757858
368.72300553512594,-0.1478733895979758
334.0383788402201,-0.38157710433006287
358.6801759297911,0.4685685540737268
365.67415812280274,0.24776672358507312
355.1020665174013,0.20233702642758544
364.21302319011414,-0.013197485154705646
355.9574771524793,-0.013005285385816023
394.9787540174389,0.3426270798653377
369.16108702874277,-0.0296698592434268
361.1623502728848,-0.00614155078164913
371.46023884491535,0.047124128536552234
356.7252356681142,-0.16997032724736982
358.8078376289827,-0.24168009926472678
377.3788641882406,0.2832682583374435
401.7560702176135,0.2057245365314202
395.9641355096438,-0.11974349550735042
408.9986213564843,0.5571019045241883
400.35303409456543,-0.15478765436273534
400.35303409456543,0.05273860553722898
383.53979683504963,0.20972154956780287
390.42396064087615,-0.20935841149685075
376.2200596807475,-0.6185460208278073
378.73088015366784,-0.042497688526395905
376.65713158921864,0.28554796757953227
362.34979290690853,-0.050136069263089666
351.9198640462052,-0.054372295142457006
350.93877773711324,-0.5238566825527187
371.27344404043214,0.20614253538531102
397.219397102978,0.27253664066665806
403.5202582212303,0.46110325872575686
384.9243230253163,-0.44038849795902024
374.84670331257456,-0.150265416610182
378.6205379972159,0.11159361894169706
371.8475062721548,0.06609285656918473
374.53650139044123,0.06439779204288243
349.4796376868228,-0.037742941334158786
339.358961712636,-0.6998725600527678
324.8362171910597,-0.16119345586753298
355.37851204720664,0.507358827138205
320.1981131889422,-0.49889159567067054
333.1439633965968,0.1428449714353519
343.6518932430745,-0.13283351703034896
343.6518932430745,0.24037136823255878
357.95999477160933,0.37911883306173877
371.6478065099222,-0.36731016427393115
359.99077813290916,-0.06971264623848583
323.4929638447398,-0.372002672461349
320.84906231702575,0.22417136989747632
342.60163676811493,0.020218337249275464
340.316665243638,-0.10556698030995904
355.29595292455383,0.20694751431392433
327.6284202796243,0.10394836263776597
330.11640260607436,0.10082473031116024
351.83190385433943,0.05529640913118783
335.86341483173777,-0.29347326910396987
322.07694797545776,-0.623698409414601
322.07694797545776,0.5117421532142998
346.30988836580866,0.170481183340371
336.1955529797364,-0.004585086681800021
336.69514436587735,-0.11104036025119512
336.69514436587735,0.4613647342064269
356.613677431587,0.15694458160828617
357.7346957536305,-0.056596302492039285
359.45375312283005,0.355424239480044
355.7715824707439,-0.16464044051792825
357.73336135679136,-0.2183993682936034
369.66817239022987,0.2225231868096671
369.66817239022987,0.2656221146747839
351.2759590100617,-0.3288410027695363
340.7985122016488,-0.06719186051293491
337.4670306953521,0.19140484987815398
347.39594311384434,0.03687168187775569
350.0091484059896,0.07512601408302544
343.2226226186635,0.026903977587380723
344.18749876569586,-0.29230310912282675
392.2398155679745,0.5287838072041495
409.70416657807203,0.39336558202762717
385.19992246606677,-0.5101910253463302
379.11495391719615,0.18178479394828173
376.29691485612744,0.0911955073563604
363.68281315411593,-0.08579702471365636
376.0120009336382,0.14424760839960982
385.2599365181531,-0.03137179882446617
353.6477033800389,-0.21142788437680338
353.9964934364608,-0.11616292791029537
377.2833412638591,0.5284255046518638
394.8309004661441,0.22866301536339506
374.3917237816568,-0.12538181835247997
373.00831225471717,0.1950448450716067
353.17100825854016,-0.07962945070460137
336.2288678177813,0.016745591709423024
340.78075162738094,-0.25847439742040024
340.78075162738094,0.549258897568393
345.65041043135597,0.3243797145968301
341.84047425272774,-0.22032342796433113
316.2029519857234,-0.339447863314831
339.60263504063045,0.2026115186287143
339.60263504063045,0.10887029548189275
339.60263504063045,0.511334509599692
353.0314140715408,0.5405000366272361
364.25770902915883,0.43375518491711773
372.5637922746603,-0.12900739146334672
411.002539665022,0.5961452508938692
372.21131434993174,-0.6251752759077362
370.7059459515011,0.0978090377514036
363.0610850040416,0.06983833874403444
341.43446524755865,-0.20212848299854613
352.6747695190459,0.0899794807858143
364.40630961369703,0.04205512783607901
364.40630961369703,0.23388622271568238
363.47948120471233,-0.12443069850860411
341.9679738044376,0.01806651676747606
337.47379215965776,-0.09728213966968724
330.3589508403822,-0.15082256548157602
352.4249488902291,0.4247979998557412
330.45656611547395,-0.3055912119490358
363.85865674551354,0.46385216384942396
358.4486494885288,-0.1470428991103745
324.8129773655517,-0.19877041500637915
326.6300638561597,-0.07462898675998986
325.08028097936676,0.14249253206264711
360.6850666142538,0.2585228144062057
336.53676430937725,-0.2601729279142546
323.65522730909527,-0.33481311691423343
337.55247145408214,0.3719663875144761
335.53295152950506,-0.2947323709494185
333.12022270325906,0.00034601709046455653
351.76382257122634,0.19987439198371248
336.46013447279915,0.24543441875891858
359.10537891150807,0.3604171068358255
351.7332159321648,-0.18255338629967355
353.4291049113639,0.2687141401011104
395.2189188011234,0.3266509164643594
358.0513177698088,-0.6974088652289083
349.8938568204402,0.18096885052409561
352.7473826051849,-0.03868328176668001
356.17363607871476,0.07244784917440938
353.3703831758684,-0.032396128442996996
340.7979360376972,-0.10884437719437301
369.3541659594077,0.3444248435718009
373.75141376993906,0.10567861244635424
359.35457031586117,-0.06908591585943213
354.4676367754869,-0.17216280274124074
346.8795998394296,-0.21160743008215377
376.35114988067164,0.13306510548784445
371.2898608586182,-0.06644173494646566
374.25759704574693,0.20936857628271355
371.9188414130972,0.15480157841182063
367.85660051616975,-0.2819685156749756
385.5598470044924,0.20183689789575965
370.99761497083693,0.06939543626731393
400.46750037219823,0.6153880188677476
369.2455585717547,-0.9087222186165036
339.90726939705763,-0.8901231687543714
345.92764465544076,0.2961488176083549
318.4644077812062,-0.37503668564045256
359.91941029390324,0.5979136511219849
371.01317847417175,0.21659739422159419
359.4615356234968,-0.37060362104762135
387.6229192608924,0.5305882888756059
386.94822534432234,-0.05158549001941992
386.94822534432234,0.36924452096627647
341.16543380461565,-0.8518196607927848
361.57607865032423,0.29162441145342655
362.1472198141595,-0.01521516855586924
355.0382837649871,-0.11224369297224257
355.0382837649871,0.28303250573787864
340.75824844129863,-0.053722213213859504
340.75824844129863,0.3640992071217397
351.90127788030185,-0.10778080973705073
365.70706433516614,0.37409054922181895
392.62880863876944,0.10037555640838036
397.2871632761462,0.193017519136788
382.239487646479,-0.40612710671280183
382.239487646479,0.2825250593485862
382.239487646479,0.3055278269731616
350.6052835275645,-0.46688404110773263
343.8414015876856,0.27708850038163746
341.6428197024586,-0.11410817958619646
330.3463213198444,-0.4254174242987574
348.3632272314734,-0.016759644598778323
348.3632272314734,0.49771792248441216
383.0756075660059,0.6963488151042156
330.932757412895,-0.5666540091243633
330.932757412895,0.384382681678062
389.10906010496524,0.8449578116469638
400.92139418366025,0.10626363032736208
385.983689702575,-0.2796528154888165
385.983689702575,0.409373400793811
374.1202710057673,0.0014756554951418366
374.9963300831969,0.09397755734005386
378.1029077486328,-0.07328825225863511
387.02654848631,0.33712479026178244
375.52312113365366,-0.44349359128636934
388.5635175608765,0.04995155220194647
371.0379278093066,-0.02802862250882754
365.56152107439743,0.34856579355516715
345.42672312487207,-0.41180179778348247
348.36469904962183,-0.10541047084211641
356.47722040620476,0.17528059359779036
342.1956145243146,-0.397991545377522
342.1956145243146,0.4399707260818104
342.1956145243146,0.7428898967823443
322.29538028039127,-0.0056260410368622615
322.29538028039127,0.6407680524071111
350.58343503348783,0.38932716789008737
320.6617478312655,-0.47791694233751514
353.1474056858453,0.6316450186118345
354.88980863389145,-0.005039763766035321
370.7993517403849,0.6286770893774474
367.49829627273533,-0.30886862609190757
377.6007915925883,-0.09382968700288075
356.945243639293,-0.2699891925378779
353.46550220231035,-0.18927356950541707
326.7743680966102,-0.19408468164840542
355.9881529900614,0.23745087785209762
350.12800178961817,-0.15999816387238752
350.12800178961817,0.27516550946438656
347.231868880002,0.062323990634922666
364.56292478391947,0.03039342242504972
328.6683651241326,-0.18317884916450566
330.08862752942366,0.2234337725764135
335.817885305401,-0.3455747979488706
320.2989657531825,-0.07402081163581897
320.2989657531825,0.6977823549657387
324.081254809655,0.02405062956506754
324.081254809655,0.29639780051843445
312.73913974456264,0.014454861542049002
339.77980877002085,0.20906134426707013
347.011949345245,0.06603670264689754
332.83851996351075,0.04977142020379688
338.2280482195272,0.007077214518062647
338.2280482195272,0.9290996286705422
354.8664553016113,0.08986700175069018
369.71736264871106,0.17650386362765857
351.9919116982424,-0.47417465871137665
353.3660715790766,0.11000638979510313
356.2449769776702,0.2676909034869368
364.50124638961455,0.24916046909561373
349.003757629334,-0.0514675558157478
332.45229172423063,-0.04824401806706646
333.85140562182426,0.07855172462814153
318.42512190718816,-0.25587268924516593
360.6740952026736,-0.05990334209275261
371.9113554616503,0.1177701906698303
358.5604678845145,-0.2883047923937738
362.755015098816,0.3683319916307255
370.723244530205,0.022577977659011594
385.66351902545085,0.14502598169985959
362.9233893306067,-0.3611883909629796
385.6308422049297,0.6251095514315921
363.00516289454146,-0.39687679435701284
384.1631002569213,0.12703119343404978
384.1631002569213,0.3482474195972145
365.2349235511994,-0.32163742635452763
347.8827228896903,-0.0175031161845709
347.8827228896903,0.522107287891231
347.8827228896903,0.14779874822090733
347.8827228896903,0.3110053570450191
350.05775388040854,0.14741448059612594
339.6082618723055,-0.28204461465838904
366.87554202366533,0.3295895888263658
386.75887349611367,0.22575362533120824
369.9103094580367,-0.1370637460463513
357.4382856346793,-0.16924113759523607
370.18270442604137,0.3354045258365659
375.4616501223221,0.11361572161899858
368.2238361840639,-0.0790315439854794
355.9019275555575,-0.07700015385273673
367.11935216729603,0.29712461998462913
364.8484774865793,0.11478895246716547
367.8230430428308,-0.318641816278614
379.97984664957363,-0.0018947777518860676
384.97253356705073,-0.06562552977084124
407.9521176739382,0.0806612220272882
381.9173649168497,-0.19703833303196916
386.401530759543,-0.03801753211735104
369.79457171121834,-0.356159981023211
380.33887662354914,0.037048857840659366
380.33887662354914,0.21305387819779753
340.8448539481071,-0.04488288408583685
340.8448539481071,0.7374428189859827
379.48687923129927,0.4589965070972539
369.38369217903085,0.3447634448137933
366.56281836442946,-0.24706083460341688
357.7085620079694,-0.10974053341942636
377.37395417941553,-0.17135140758841771
358.4014097051961,-0.0916922071553472
358.4014097051961,0.4821991840165083
354.7367626501802,-0.13135751225877357
334.00174721898514,-0.48364928580053856
341.4944827026201,0.15616778047240132
372.9447579576648,0.5876534320992732
370.56260402883595,0.06951471008278531
352.9393649116005,-0.36833154158080106
353.2481029662059,0.09064364673054115
348.1315651429705,0.11437189719379148
357.58302622782645,0.05932338261982295
335.54955035984847,-0.09383702387867743
319.1615523657027,-0.2741029829508079
319.1615523657027,0.20795268548488366
339.1000862173392,0.011330564676200083
325.17196040595866,-0.23814970481498676
322.03072031349376,0.30724377390879454
349.4039836617853,0.04031798240998796
352.560664857324,0.02411313135121418
344.63212178272005,0.14080435344249054
355.7283167108409,-0.0396734837488566
347.4820715849084,-0.08593993984084136
348.55109202134804,-0.09741093928198552
365.8687936291855,0.34299619810610693
373.53401900383767,0.5810008608832504
343.19056504553913,-0.45232896595507555
374.8433046877793,0.2672605743795202
381.59686292637167,0.11013264623704799
369.7821740304037,-0.32237869608184155
353.7157860614529,-0.14927575469550902
353.7157860614529,0.4727658920922977
403.4937329822523,0.5011440585985838
408.79718975747744,0.02423830152906703
401.2637435829842,0.00022281841211224673
399.99628251736283,-0.1507437807590577
385.2053959914782,-0.32155461931699847
369.4726210413987,-0.1625811832685713
353.4000888731133,-0.4113026467562122
340.22423623966256,-0.3570309974855945
340.22423623966256,0.8447348562664274
340.22423623966256,0.3157596934377125
340.22423623966256,0.6824781113651852
340.22423623966256,0.3252912704101618
355.736262996705,0.12325842087307137
362.58560420202986,0.0818210196422342
384.0381960995723,0.6174753310101551
372.3704625856756,-0.20015717288356427
367.9176182878883,-0.42102770188262184
363.27429591961686,-0.01610066781063324
378.88563263580227,0.3840110915400601
381.4429162193454,0.12157018437483202
381.4429162193454,0.3605541825209002
375.2071806902895,-0.1464881873197328
370.0424270475741,-0.12726627074539465
378.3073457440715,0.18752231372116057
336.68704020803756,-0.2892311670877916
330.98079990898816,-0.17119292859388224
343.89846359891675,0.00031615888440228446
359.658342138028,0.5062594889043339
390.93794541883983,0.4414122419875639
389.18780116977814,-0.21870609248355777
378.89829272927176,-0.4799760842390697
370.59973131225604,0.1514852197564096
359.06374453405806,0.2164209997264379
347.3172662543719,-0.44622057177446095
343.3804775952226,0.13979256072639146
351.5273033581572,-0.1266443802583126
341.8804811792015,-0.003339147948736354
350.9143176112649,0.1496314710813067
330.69427313716415,-0.22433377690038014
325.9333364416447,-0.08418631862184611
325.9333364416447,0.39902969782610853
352.6415742904674,0.1705906830056847
352.6415742904674,0.5540448707030237
344.06548988384765,0.052931422235360515
351.65240584782026,-0.15631640541073466
364.6527531962958,0.42258849560766976
358.12527908944827,-0.15927815831696535
347.92994809024583,-0.317633820799756
404.83792069697756,0.5576513826173368
408.45502080766494,0.20070987974304444
375.4269818811969,-0.3339019524763671
364.50107705776287,-0.285061735255681
383.13505804255715,0.03251401115551289
379.98357586895764,-0.301786830612059
361.40241315606545,-0.15246563905805033
363.89418729131273,-0.09239360793594642
386.25423634067107,0.6393454871260928
370.6788247370355,-0.002472468763812685
354.0720403723547,-0.32114130435570587
345.4044372403701,0.0947977074067694
345.4044372403701,0.4006904696387892
363.8855930203224,-0.09050391739583574
348.18645168880744,0.2557568719354322
337.93849918617747,-0.28598529042062637
326.9309440286112,-0.14382704267222834
343.31355856030734,0.19996056882473567
338.79504377101324,-0.28783676088562515
328.04811916698804,0.29068497225364354
328.04811916698804,0.03179790926105852
351.93306794744643,0.10352255855377734
329.43682803499917,-0.14515842066703044
330.76099642147267,-0.05202756983101153
345.06656845232243,-0.052766417409543465
331.82916080495056,-0.10026231287008613
331.82916080495056,0.4844264551152264
335.25161340897233,0.1204208706327563
334.6727483126193,-0.039827101454875447
363.5319371998789,0.539085288635988
352.83769196979574,-0.2342310483242045
379.0826794554755,0.4014590251044865
358.32829340344114,-0.3627749376689735
375.3756598169431,0.6219259655106271
379.88415782533525,-0.5105919097981086
370.4678826000339,0.08142141302107575
382.07966845797404,-0.03363567382984911
382.07966845797404,0.25639362324932335
342.43830256283024,-0.5780978741474883
329.6946402915806,-0.19796310722949784
329.6946402915806,0.6314869959603584
347.3236991916262,0.3338455257730857
340.2982697608949,0.22497453972050607
349.81433995258925,0.4559937502477851
354.8166676102572,-0.2635048259176074
376.2514811194355,0.14389342037054575
351.2172606722646,-0.17540209190292444
350.5871827393067,-0.15176708938645334
354.1266826884504,0.013281959037271918
354.1266826884504,0.09933360691377402
364.3731906684849,0.20017883965351757
326.87346538372714,-0.20070149027492334
349.8448193501167,0.20002105729327013
343.663110663174,0.04519081680598447
348.06456256699266,0.07875847385457746
369.0537161892352,0.13292593502387717
346.0224173426143,0.09691079504307254
346.0224173426143,0.46919974515230933
357.6681888550395,0.2608264453635911
369.47830968872637,-0.03736042543869189
341.9202933164951,-0.17908739131837592
367.918151106119,0.2638636581461924
355.70975605996045,-0.015988619902373102
349.1016764244868,-0.27011640273121884
337.94163049308344,-0.13505119793876474
338.59632295674334,-0.13137522824945336
363.9203010525293,0.24441113598390984
381.25886104082133,0.16687783637985376
407.0988777254575,0.5057572546498932
377.14106590766704,-0.5607779127258254
359.05218603640486,-0.035067699044248
330.3111154035365,-0.6483940876421457
332.0473805498328,0.3444991843646221
357.00286711676495,0.40092769435864284
347.9155820010959,-0.3075441298608439
354.38015417525065,0.29746118171351554
340.69669333910485,-0.5469010040797002
339.5066024399565,0.3145690606709195
327.65333464350755,-0.05849994877598874
359.9163282209853,0.25751753221163654
389.1310410970288,0.5566092361306119
351.2737360141993,-0.42706785854647933
366.1798144801155,-0.16393719182178756
351.68107919462085,-0.1373781235685101
338.58076968157377,-0.21486484549075158
339.91247592979784,0.19030161315708938
340.49007432790705,-0.111525844909238
327.02420293780887,0.14336244411515509
327.02420293780887,0.23964822416780862
354.2043738514919,0.12696726694423432
345.3444899790892,0.13413470964030694
329.3976292677092,-0.21093768212710984
356.1190876341409,0.28399560602133533
319.3430899355668,-0.6589529688019411
333.15750216655294,0.3185759960077803
339.05840345619816,-0.1365903950838856
339.05840345619816,0.5217493387099239
360.02244448338126,0.759179958330833
373.0990730803298,-0.3023438549873845
379.7209384328243,0.24516585119658885
349.20718353016446,-0.42440345676425295
353.97775255269573,0.020483438386349917
353.97775255269573,0.14581097920768116
354.9686895828213,0.06321730344018306
354.9686895828213,0.16767990515472775
326.3978196818183,-0.21342366958833736
360.747191123613,0.2023036809447376
355.90599906962706,-0.09384301200725531
357.9044433558545,0.1296924994874189
352.4630550309895,-0.061244033900607064
350.5223706552558,-0.26738449257777575
337.3662042268629,-0.3641382159823934
315.16682823801153,-0.21079251460798787
317.5955295696985,0.2006613938629016
317.5955295696985,0.21688424540172946
317.5955295696985,0.7028771569962373
358.0341418734912,0.5002901992668285
337.752520551058,-0.0990150410420938
331.48033013517824,-0.19787402402403131
324.7777072357756,0.0005177188550078426
303.7128049898397,-0.20222442256203976
303.7128049898397,0.6878145148288013
303.7128049898397,0.773227024781022
303.7128049898397,0.9431400554467473
303.7128049898397,0.5749820359409341
338.94309435861385,0.4233418383159915
358.4954651202798,0.3360316134292134
369.0503137002389,0.04244904504753322
338.8797748351392,-0.20559880102803163
362.2846124883887,0.23402971660016192
364.6372359143498,-0.3937809360602387
328.3452188466714,-0.3130633643421561
328.3452188466714,0.4378441592468789
352.22785870841795,-0.07068377780672108
363.74640776759,0.50347662707577
356.19176454501127,-0.3238531869681083
327.4415324000709,-0.3982431804465705
329.95718545048214,0.15640669134631935
334.5193413678315,-0.012410716166300517
311.10412400583067,-0.15761182528785866
311.10412400583067,0.3031291881271727
348.3924762581828,0.5669085754132084
327.584435401453,-0.3642042791050244
351.67338171874883,0.07263646771502863
331.58348248177083,-0.0221803133603089
346.3167712196676,0.1121306080267459
371.70747861494317,0.1469939663210198
337.9036323812244,-0.06541517628977545
333.814635414738,-0.10813934563952898
330.37786557857794,0.11731469014489448
317.6567319028689,-0.5619035899372875
339.14681561777263,0.49847447192053096
305.66345283078385,-0.5190573602337736
318.8651693472922,0.16065770129489465
318.8651693472922,0.5668305714190183
315.5448891469277,-0.11650814581844315
345.20995387798433,0.5034611608678006
356.49960278117845,-0.008147953083835091
383.02974349999465,0.7734837636040766
359.4093884306845,-0.7106603198540142
373.04354766225026,-0.0047211603298364935
331.56278727878487,-0.4250539674255833
336.433170286334,0.390900320873925
336.433170286334,0.27207336322396714
332.4279230942941,-0.16029021210908923
331.1482160815971,-0.3091729009819346
317.47331629019504,-0.19482212679417898
336.14468327779,0.1037570572933646
333.591071457316,0.24852694999754021
369.35856698304264,0.43540729571168413
357.7260686612113,0.024105451252808052
336.5856330196285,-0.3180779560235578
311.34768605426336,-0.23664443526490686
311.34768605426336,0.24079963765757384
325.08151865596716,0.41526072474277953
330.9331340412687,-0.26794412468530027
330.9331340412687,0.014510704201939006
322.78656500739083,-0.05611828464509472
314.6032945355754,-0.3678749183798118
362.30777326030545,0.7922643162419263
355.1814764239701,0.056062266350522805
331.7105460202179,0.0005859367895482137
338.2947854749627,-0.0826051073393046
373.02003246849534,0.25038823798877274
344.09445465006934,-0.24222022600133641
344.09445465006934,0.2851136233854277
344.09445465006934,0.42663927613773467
355.45911107675244,0.08650056775536541
335.1167666004337,-0.2942799232356492
386.1759470848841,0.2209128019619584
341.23369845481847,-0.47275406505605133
357.8666020107375,0.16065720160236197
361.81958845680896,0.2529062560827242
358.0027899659944,0.34350690043356735
340.9377668466076,-0.5384728737932392
340.9377668466076,0.3165429566521425
354.68255890903373,0.21414584489059507
372.8238116124452,0.35227541507333626
368.9668594055665,-0.24772619531358941
327.1004654280621,-0.6524881722214104
361.32194227537565,0.22274408893531472
349.7743551837784,0.24074605223233903
367.23120280778846,0.3307166279798821
358.7252240560698,0.17500804009148396
352.05892825935797,-0.26627979392822
375.3042716705766,0.17794293431472852
342.3622909767146,-0.14633361160747427
326.59267876400855,-0.25068602064470724
330.67426034765333,0.20516584678432537
357.3854779996679,0.34108169904357055
369.8279709210055,0.29836264398250023
366.8832465930317,-0.09098122149509891
365.05114105104025,-0.33239098289436697
378.5174763781666,-0.06489944713962359
356.0291502290883,0.2765411637625448
333.7109024515375,0.0003756927492304385
349.6673822835854,-0.3084607814064384
312.78078103076734,-0.20310492259784496
359.21639681895306,0.5906337975201268
316.42796042596626,-0.503845961666002
313.50137968094367,0.08527383947591716
299.0879149189543,-0.3117320847428573
306.9457270879982,-0.06701781607955581
310.4870185966623,-0.23980665897863673
315.8239121919765,-0.16362720441372858
314.33472689740347,-0.45115784533754777
310.3864592539444,0.26657003334833007
337.044448213554,0.2651150179498245
344.05988647427296,-0.08469755591283956
349.0404852541522,0.21419860023809179
362.3908925906073,0.26345455127750483
378.3224066643802,0.3101883746645626
372.4196727421121,0.11663762576858971
375.07334160095877,-0.16129175460866918
369.50568666134905,0.16105754994441668
368.6725072437662,-0.024717243500504082
330.9494079836067,-0.4683442284913326
330.9494079836067,0.42803098572790077
330.9494079836067,0.4733345240759945
333.0645128044997,-0.728826585194156
356.97408528535857,0.6071983739914231
348.1448789281762,-0.05578611015130264
391.1555764030513,0.6261656144145036
398.8702009261253,0.3431977118333407
346.50532243341405,-0.8920708853794395
346.50532243341405,0.950901169728013
365.42245588714144,0.3708642624096683
361.13225930693824,0.017331989496824463
373.30830387061167,0.08764816407165199
385.809242041611,0.01509577874878687
385.809242041611,0.8548590200276749
374.1866759034627,-0.2792287482263873
353.69234039672756,-0.34623077332310004
378.7201352275881,0.7568337153970788
361.55505584454966,-0.21936723733256258
372.83157850671137,-0.04911717692277762
332.6419158000413,-0.5945384973967975
341.4494070381803,0.1609252319060488
359.78159824810376,0.6904106822823906
339.25916724286844,-0.4920268326486621
329.6529122937205,-0.17451823294106816
329.6529122937205,0.7175322897585374
328.5806399148839,0.26560078349143623
317.75786962801556,0.03890281752433111
317.75786962801556,0.32155763112962177
317.75786962801556,0.7440362430412506
305.74103712087566,-0.11636838275842365
303.5794432929918,-0.1041399860380352
303.5794432929918,0.1513173601258586
299.9537299806731,-0.012501512980747975
299.9537299806731,0.6753554880627917
317.9675713833531,0.22145245855915618
340.70695429537994,0.5163437756168605
325.029457915689,-0.5822128926037067
342.0180103038983,0.20483299668921973
318.78644834856715,-0.395895885715845
325.0687059924132,0.0914039462807068
314.6008774941979,-0.11041796942527071
318.6898443219568,-0.03102816817886378
346.089936094014,0.2829468098286725
355.6051541702427,0.28758427486855
310.3364943069267,-0.5558358204134493
310.3364943069267,0.6248545162667369
338.21181879361086,0.49322100462995877
337.17568139768673,-0.11615536980389152
331.6176674955421,-0.16553888860960342
324.0101357232973,-0.27751582785208484
324.0101357232973,0.3393813579466496
324.0101357232973,0.4116205340550323
324.0101357232973,0.48429553059372665
324.0101357232973,0.5232666187096129
344.04510308060793,0.21150031311469775
353.32351280537887,0.1544015602437412
353.32351280537887,0.19427009814285157
342.4499130087849,-0.08534597091386331
342.4499130087849,0.35099249118320586
326.0405012240054,-0.40697397839801397
322.6273373854687,0.045504162272550275
330.40264257435405,-0.002151603186803186
330.40264257435405,0.5613341742896409
338.19945550253306,0.5689275858366045
330.4273506542509,-0.09525206667160546
339.80082737785926,-0.1291738450977391
329.3839689795778,0.010576895651070117
318.234887444404,-0.017788002381394108
318.234887444404,0.26376385805997415
314.08474493850264,0.12663277111050775
315.08382307244773,0.030361139469277987
315.08382307244773,0.3856958477902026
341.2809802837913,0.24829398395161206
362.67032815725435,-0.17063551478167938
336.7193260017418,-0.40629404807214087
336.7193260017418,0.6632586343630464
337.75927304926483,0.3203790852696784
350.41937642331806,-0.14594770869439344
330.70314416192116,0.010306463463507498
378.7685303411359,0.7940853169811817
355.15429154261574,-0.3926437870144355
356.90883553541596,-0.07947224590373025
389.19921028764463,0.4544807977599703
397.92895189384797,-0.27370492775787625
372.5314614100783,-0.41223523162921083
372.5314614100783,0.31223690361048284
383.8055175363705,0.4187637275158522
378.54885085268575,-0.0712449830746209
344.6530605836847,-0.5508901105318955
352.2160896123531,-0.09060587947840304
359.29040258699547,0.24840350177623804
319.66217790887174,-0.25458580234931105
319.66217790887174,0.5163179620570872
355.6790354158624,0.6500487077321395
350.2813823383974,0.11814897579426997
338.4784680830944,-0.05298107189867096
334.5878702443541,-0.06718944935607851
334.5878702443541,0.5196963998035926
328.31183414149393,-0.28851157661961224
330.32920387062563,-0.29813408475979486
314.7948704718276,-0.056689495157456804
348.2874854717612,0.651728237512998
354.66544824399364,-0.0013907551107195104
367.14758481977145,0.2679763937986763
363.08930053791096,-0.01310563189451841
353.04298262361556,-0.31685154153979056
364.79085214813426,0.3831183115614749
349.172447499625,-0.33843652891471265
349.172447499625,0.34376425959021617
369.286200322145,0.4188167580239224
363.36449640255853,0.2921557956349261
339.27181761528266,-0.3190012637205655
338.2126777535531,-0.16012996368590393
344.99569254255067,0.2620793654054978
339.0705025079137,-0.07533911207838173
339.0705025079137,0.44762772857041
345.80104454981677,-0.013647413844637413
345.80104454981677,0.31864817654707167
359.82416229584504,-0.04995969987612625
350.83647893115705,-0.2081313616499756
378.19777352558316,0.45414852885130585
358.4103039850005,-0.23726865904450278
358.4103039850005,0.3206820285646472
351.4909321693084,-0.17846762571366526
358.5622666755698,0.027369251657887617
374.3045379010562,0.46974891792319795
364.5848652552802,0.11259239548712685
349.48792125833177,-0.252190976911038
348.2430854285692,-0.2675981417278308
342.85086674442084,0.06177143059153423
367.9884570539558,0.43642057225622466
340.6988067814624,0.15149662148928655
364.9599089963139,0.3674790590108614
328.1676506166285,-0.4650728510277986
347.45616796960957,0.10437354712632896
337.1986960671804,0.06427086606777266
327.73187942168096,-0.28678526315002273
360.70564174490164,0.3838633298187233
333.5106370663363,-0.0489152645239983
365.7131269069319,0.13696162943620038
319.0868537639467,-0.5228930147786741
319.0868537639467,0.47859634292433384
326.1188444165802,0.05338038909508214
331.2746237200972,0.279110723103031
349.5552452680025,0.4808299074760498
359.3075741646989,-0.08723125630274353
383.9441209255849,0.4268377011864004
415.1443232347558,0.4201456838837885
405.7635636565163,0.21200961479962643
358.6077875276524,-0.460437633774859
350.0939455810116,-0.37487524451535137
337.5161096992645,0.10484073201291721
337.5161096992645,0.4113651395866782
348.4141199240777,0.07217315530363067
330.00438676384067,0.005242513286816575
319.6693537788979,0.028121005026036983
315.8717937114773,-0.1280832337998845
347.34283049430627,0.07621302846541766
368.6601312873952,0.19215359030965828
358.99604787176963,-0.12024433119916011
367.6321144843476,0.3155114099151888
366.7253890767109,0.010259067813535694
363.2070178049678,-0.2360208462183664
370.37975631325133,0.405733216197973
371.7921504326081,0.05731201302762656
376.01191849368183,0.21782539259334044
335.03175659022753,-0.2554571736060325
344.3268145219738,0.17265509929382006
353.20401028243094,0.09862625891082644
368.347574536831,0.1970003646756595
345.1333463312631,-0.08827530452276733
345.1333463312631,0.565054525393748
345.1333463312631,0.6723233059695986
350.6627340025646,0.34974437604910236
355.3448500573271,0.004948416409888523
378.11953183627315,0.2429790576495634
333.2483473590273,-0.23919929219403002
385.26593463748134,0.6786579400778692
359.8926622665096,-0.46534026199492473
359.0498083857307,0.2395893720811273
371.34604200598443,-0.2580752379438991
341.7140486157173,-0.35685638890095106
341.7140486157173,0.25909935881441015
347.0169191612009,0.04409488393741867
359.135510044707,-0.09450243955416227
359.135510044707,0.2549299813244943
359.0827737508444,0.16098060568390338
352.46321584500674,-0.3748779890045171
348.2276173040374,-0.2258131219329016
348.2276173040374,0.4595273480316564
360.5043086732528,0.22871872639052526
372.19881346944845,0.18176666098906935
346.37732943931036,-0.4731298701731248
325.29565504187025,-0.13567260802471992
325.29565504187025,0.2094341901279222
353.1914036839158,0.0023438232709622753
335.39745952374204,-0.07434807902939156
333.5865530262592,-0.30602807375203156
333.5865530262592,0.8762610316531436
333.5865530262592,0.9308238170849563
333.5865530262592,0.9809978256823797
333.5865530262592,0.7385881319352166
337.1876161771801,0.2757485379663649
337.1876161771801,0.48347611088126996
357.6172595428119,0.35810332738583384
349.277320455138,-0.07334394003396483
368.70696335621903,0.18624879028936903
359.5951192382714,-0.13556472681023024
389.22079149683316,0.2790663147023906
386.3151497500806,-0.023647105772624855
374.3769737466679,0.05986307806097102
352.5203878373399,-0.5192840199784996
364.59933467836385,0.04561058120634698
335.53108107754565,-0.22544640348587563
327.752923148951,-0.06096233516450411
362.69362775623097,0.3785865063878191
361.4566682514483,-0.19217484256705575
361.4566682514483,0.41868855658708526
332.2563259928513,-0.25222074906957914
335.3901257800519,-0.1775449338836097
335.3901257800519,0.6829984438217025
335.3901257800519,0.624044575897301
343.804250669729,0.6904539392609195
336.9414349467782,0.22245583333335617
336.9414349467782,0.09289844940087733
380.96634552960097,0.4418342066851437
365.05362913696945,-0.23846463142899665
375.8765021356759,0.21664164350306692
367.27731121194125,0.12632363868533503
345.7324076703651,-0.38903608063947104
366.0709979902241,0.30555235618919596
369.4085493563259,-0.1683110099421583
395.81087260603164,-0.0059509351312954095
371.36691157363146,-0.21161058527718524
366.25544110319424,0.2702030864760445
348.8679904432814,-0.025888055157111012
354.39221689783176,-0.019594743875927634
365.5654344961495,0.030942744727440186
361.07050459031905,-0.40964592207978967
361.07050459031905,0.37923142715749236
373.9491968970778,0.08919549389167969
350.6129853914756,-0.2151623309976003
330.7419367505466,-0.12544835261564913
360.0247829321515,0.2836011916970165
357.71743800300897,-0.06750305194111661
366.01809322094164,-0.34578765567641767
350.19918245893797,-0.3907816520796814
336.36746286285705,-0.6597521723576847
358.15637954334824,0.2486279312042825
380.4889271390533,0.7622415571854617
386.1990470032927,-0.7013269750248128
386.1990470032927,0.2312006605454826
401.4384390244071,0.1764582449000045
359.5852632596734,-0.49782211149749855
359.76730310351167,0.07145079083022665
343.21944588683573,-0.31388622821975787
354.9455335493548,0.7128575312677867
385.26196435722693,-0.07556786890506828
353.79521747289886,-0.4804055463100667
357.20173781083895,0.39700487294021514
342.01608715766866,-0.12395547680921482
330.05270890015987,-0.21989993924898954
354.99070397219697,0.3216635303656403
343.54532678449505,0.23059937886205262
326.8721363803379,-0.534282742384903
326.8721363803379,0.28624004536004577
326.8721363803379,0.45065807977141503
320.35375010495244,0.10465068805399369
318.3956426879295,0.12151723893612143
344.11103074868885,0.07273737867490127
331.15569778785226,-0.4642797070911229
331.15569778785226,0.653265958702832
306.1337636609295,-0.07218193766379954
337.15788009959465,0.37469432560817495
339.2421241850463,-0.20843090978371492
315.34225258008826,-0.0910799206538968
316.5681734854321,-0.15541839226057164
333.7980858745588,0.03288458312204057
333.7980858745588,0.5191680680353556
344.00600213956983,0.5355069412387365
303.1784078678937,-0.2140596940978412
323.38428417860365,-0.030281719126833195
323.38428417860365,0.4137072693340542
310.34490453495755,-0.0232250712555242
350.67944267213323,0.4058867880684147
349.61461395998265,-0.3369027661774453
349.61461395998265,0.27546661140343076
356.1871149458738,0.09123011374413181
333.54335001633837,-0.1427011944313108
329.94759592082664,-0.20473574895038382
350.4821509252615,0.2687603062308881
311.3144179091721,-0.2741346339272468
334.39915679502195,0.11325715314171703
348.6442415476255,0.5081147066550784
368.9864058429088,0.19917016728925319
355.94149645073855,-0.44386321673857765
335.5843059826549,0.026352934353894852
357.2915526648512,0.21975124449443229
384.6910760595402,0.2219884503265348
367.4720987517486,-0.20951421151244176
378.24672782721194,0.14548313753198272
393.35048928070734,0.0032886345884435286
362.7224896293635,-0.07624364275602602
364.96826664666213,-0.20483482222869043
354.07960406165824,-0.1874646544092684
361.8557323287766,0.08675461249686123
378.5013695433033,0.3281561491477305
363.8460258787359,0.008955726178101031
368.8936282357825,-0.007781633219565265
354.91610997391325,-0.1781003342518943
331.58763261805325,0.11158789587670981
331.58763261805325,0.07273422265984664
333.7474113320788,0.09507707249395025
326.4017161430465,-0.17607801015992663
350.08628895135087,0.38083484136609513
337.99144593651243,0.30643019116701
338.42184319872905,-0.20215418645807404
335.49532836714076,-0.479816943527112
303.74424605049745,-0.05296719790419502
316.830641525056,0.02873552269204538
342.77583443757,0.24358875029713545
342.5958724549987,-0.34658644048101905
347.7579154541797,0.20760230695657356
321.2240364126791,-0.09353267005792532
321.2240364126791,0.4270133342556619
301.0039674652713,-0.3508032444460696
344.3737208824509,0.5771888963942047
336.4943599543749,-0.005179860251246282
338.5108387494332,-0.26821634771818026
358.2930218123468,0.2687833102932018
353.522867308762,-0.062031896536268505
337.14395917212573,-0.251993197364186
333.48503005483906,0.04855907965395545
342.9821831745371,0.23949153264914003
353.95552986525104,0.056850187738632485
329.7056702558415,-0.5023153245114145
325.16140100884996,-0.04911941046566426
351.8823315094925,0.6219345655914594
351.8823315094925,0.4263953089828192
320.2236781583927,-0.31794058940795367
337.3313104306326,-0.12452480156230195
337.3313104306326,0.573150531627789
337.3313104306326,0.4287713128220503
364.39116248421465,0.19937636326812935
329.4578223441303,0.0942073243353434
328.4882366743766,-0.13526551155916877
308.4649058204311,-0.10578772535927783
306.2818841822174,0.029304744036380725
360.5776216769326,0.31152095233562704
374.71070095873534,0.6911462149552108
349.1882839406155,-0.47783891607866735
349.1882839406155,0.37840882771251927
336.94960365084745,-0.42610551521602247
314.47285441540924,-0.012784276976390174
335.47680657627365,0.40323142343743257
335.47680657627365,0.26615646947175264
350.3980321975091,0.3085917392822921
348.6119268791075,-0.30768388727085494
338.53051448956,-0.5118438963352219
357.2499745741331,0.2575360372261457
342.2584827341524,-0.060272741947301256
326.74432123232066,-0.3268220818016516
326.74432123232066,0.5837143556373121
342.3504459078221,0.4036115606354542
341.3654646730953,-0.2440954130489672
332.76571453294883,-0.30889813219801
332.76571453294883,0.6049161677157144
353.63652905848664,0.40238088768069247
350.75512228349834,-0.03603470848838697
364.0264061450066,0.22499790503536587
337.0898841389118,0.03206619238608255
335.53512056525165,0.4385620059517805
321.1486825912451,-0.38333934714319184
316.59060221483577,-0.23491076439393055
338.50366934638333,0.33328292290264017
318.79757220968935,-0.15505434970782517
318.79757220968935,0.5170827430370082
313.5473691884333,-0.026541924813841433
336.68173013200476,0.19125728750827875
357.1294376879878,-0.21309912003061982
366.8055283381869,0.2824984842802678
382.813590723855,0.008573911005782975
373.52531327849994,-0.4143649849005442
389.76735647246596,-0.20946144333504435
389.76735647246596,0.42518841485798475
404.4430593307127,0.5276713543237292
402.7233385005704,-0.36488458551662006
400.8075212973194,0.25702809414951844
400.8075212973194,0.5800567710746236
410.6483439959901,0.008382337576449572
390.1176785232987,-0.15879329387075813
347.468306274519,-0.3065262497599406
347.468306274519,0.714822841446221
403.51045322096763,0.7673056478600984
366.4095741243156,-0.35711909325164015
326.8490494717252,-0.605464007556975
350.9147371328575,0.34761464344228443
347.31257087600693,-0.30716430021186625
350.57142488635213,0.16671342659446964
324.97224733255877,-0.6214942814696087
344.9658832429304,0.06041685068953484
339.11861791681343,-0.0071931504799067625
339.11861791681343,0.6115794621056239
336.7971131809158,0.06392325955255274
339.6003673718525,-0.026396894340223298
333.85117514451366,-0.5904341916526619
362.7053416885702,0.6106932318085683
356.4089023432165,-0.05701688449084941
349.23368204529766,-0.2995211448154578
360.61712295933967,0.2942811215475558
327.5490081355082,-0.30686361815128294
314.7532437015627,0.08762007773225378
314.7532437015627,0.21527957423745647
316.09634647433563,0.18560780968743984
316.09634647433563,0.13402580726983615
329.542638035933,0.15094045014677704
368.810192264689,0.43855276973033597
349.54415473767,-0.38069634072735425
333.04321944704435,-0.33368664658587477
330.11435693228844,-0.05391877247461707
331.9673473458705,-0.19151108096866665
331.9673473458705,0.5953248232843862
327.6799324880664,-0.22343110635631547
355.65272950037297,0.6980586901611332
334.0208732141628,-0.4447452480588936
334.0208732141628,0.6145584691842032
314.1644250365343,-0.002010146255770451
314.1644250365343,0.7997596512427663
329.28055702931175,-0.10954577802203858
370.1528656804703,0.70555740451573
346.55688397055906,-0.24541070919508456
350.59027778763135,-0.2372738563897201
338.81011963743066,-0.08273132713202358
317.90495737259255,-0.11848923840807402
317.90495737259255,0.1687305695069199
317.90495737259255,0.3817307952969031
317.10512313087776,-0.34337356809919584
330.9862876301675,0.20792819540474738
330.9862876301675,0.12212201590477889
328.89321445884485,0.0676570027701473
356.565270726718,0.2759724048366934
358.72479240704865,-0.1701671756536598
358.72479240704865,0.4983025236879257
367.34149212454946,0.4122915323255256
352.6171591056395,-0.27091031265013044
372.3740296221001,0.17284250092154707
338.648720500648,-0.31384844844717463
360.82694956142456,0.43338944593642736
318.2122439084946,-0.6114713422502973
313.3732986757465,0.1333382875177449
311.9411032314031,0.23540466569352247
311.9411032314031,0.5985594797482463
318.31073696115755,0.17423773878954307
314.3445971079619,-0.17829705588997058
353.2312641256008,0.4814330479862292
334.584923517195,-0.09582809068945153
347.33864032859447,0.3864335506546013
315.9215969884875,-0.24504762394201407
289.9752387185147,-0.6883038445490683
289.9752387185147,0.4809171287997742
308.57973478969967,0.14560922052316982
334.33538619876396,0.1957810361269594
313.51499138811016,-0.4163824290708362
340.3078112032372,0.4318612816342693
331.03615271218194,-0.20251122000661326
316.31135907113446,-0.057271536200801165
316.31135907113446,0.17273278592733732
294.991076454894,-0.1284980486840368
325.67442702833614,0.34766020394010866
343.6456620157196,0.5109670502004064
313.58688967487035,-0.8122782076777639
328.4958398942732,0.02171422339813489
312.8374901072271,0.020353473127897814
331.3635190963518,-0.1357497774033618
314.3922658887656,-0.3013962102529604
304.18001255046534,0.4115049142259295
304.18001255046534,0.2777479891715302
331.3513023013791,0.08860894166173239
331.3513023013791,0.2857737086635552
331.3513023013791,0.5966029240543094
361.82607971498607,0.4273559065460404
372.2617637673221,0.17298124002752502
353.5836322530201,-0.11793206820425439
354.4965368276882,-0.2616690309939713
350.7206395211083,-0.13383550288824608
344.68474652789257,0.08820316752530744
350.3306978674341,-0.029967935194918027
356.793262499315,0.17969496682826502
369.70882175399623,0.02920106773274256
385.71010482412214,0.5976789989412055
368.9879118919453,-0.13354996102623318
351.80169435322875,-0.14445306283903392
349.25911243624614,-0.30587990042101865
361.11926247360213,0.2545380994953348
353.32752245388656,-0.061641191081776014
341.71480107921604,-0.12163187129806374
304.54054392814203,-0.771213714424448
359.1743488684602,0.7742291584908116
344.97299010916174,-0.14079962140340285
328.9433302592485,-0.425374568593611
339.4523154426305,0.07846507358658528
371.5752624459651,0.6456958314208805
363.8941529622347,0.06328605620535654
341.9536065250935,-0.5181424773680874
384.3297104662617,0.4608786254830193
341.81400079044533,-0.4089721393089576
352.96587445927787,-0.2925368979357472
355.5394441619064,0.036155961745748755
353.55388289736436,0.10319130202969973
362.12502768186476,0.3800512954046553
338.8227606641068,0.1305243135046794
365.72705761980416,0.3325806592857816
365.72705761980416,0.2276404598753743
333.6211704500375,-0.7126571733781475
353.9941156188863,0.20642760486089173
367.0336987186483,0.10286663956151187
350.19004088227126,-0.32728780846764494
359.8949477161549,-0.08487853998894934
358.3066308931593,-0.2928758317639222
349.57413245990983,0.5336102418086739
344.5573079722347,-0.21866259056980653
332.2870708676025,-0.4575469227713711
323.81801966974587,-0.06759458532587814
392.8414514121045,0.6968194734324697
349.4619971442602,0.08913146258691995
349.0807028506685,-0.14724389257912662
349.848023252146,-0.002453192615575972
340.6926998865982,-0.09954415091283408
333.6916635247643,0.037176274252601615
371.36194957147393,0.414512686321018
349.6413718301235,-0.22296465761007767
349.6413718301235,0.5862940159723848
390.5681066712847,0.4094305359737973
387.2234333213002,-0.024892137199572062
387.2234333213002,0.3103549442359963
351.54169399229824,-0.6767122173698681
351.54169399229824,0.28371569520413686
356.3920746291895,0.2034389114530768
348.1890136918985,-0.23178331783435624
357.3833646344621,0.07603644127857478
369.75887963989817,0.14683678460528427
369.75887963989817,0.26905968790265433
351.57557200284674,0.12139127530713267
353.23369755112714,-0.2002392659732095
345.9581652330462,-0.13064564747935492
350.47313534212276,0.13718231560278582
354.8908004918791,0.12821244748386107
345.808724405205,-0.14080726847464575
384.4279400926027,0.49280113619556687
377.2009917407891,-0.24469181640438364
362.27913135626756,-0.16458416071009196
366.77905715702525,0.12682779766544172
355.79513570024295,-0.20862533346178225
353.8443450161832,0.17628526893258822
353.8443450161832,0.5582106912635254
354.0950443996547,-0.13173055363893127
377.85912298178806,0.6196971354894458
364.91471931340715,-0.46518377526274435
349.7429076324543,-0.02732405822735018
357.0886148514922,-0.1898914683165458
339.8635182340464,0.028580185697933302
369.27897181834186,0.19199854025055174
361.79906005098474,0.04919426722165099
339.54430417017136,-0.4516388952448551
370.284255349732,0.326366578681359
354.1641076606783,-0.536213871316022
345.43229210217737,0.20969137839165342
337.20076927257185,-0.27915153907702006
313.8374753918174,-0.3048664520759985
342.9631131244464,0.40294313770834833
357.24366665025616,0.2631912400112242
358.379670562957,-0.2748821713730649
368.99608878938943,-0.2700925810170247
365.699390606,0.09631437114387609
369.4409959337441,-0.06920712698456555
374.632431209237,0.02745674644711471
370.87387906099315,0.05849966920948191
403.4813841100189,0.36837687974821165
401.31166777000647,-0.06766448756479804
403.71970471431763,0.4412223888898552
375.1705177308853,-0.09062136850695879
400.00034625547585,0.44442829166951014
382.77283774580405,-0.17264651875791515
367.6349478407498,0.01751433265496871
340.4581295353213,-0.6869754879865013
340.4581295353213,0.4638674307727797
364.20697511288984,0.46125690738574576
375.2402838562428,0.15033326421223592
362.7691270684882,-0.3355992200237097
352.00985339385034,-0.41133193191853934
352.3672235620416,0.08872428040729119
352.3672235620416,0.2622207337999498
352.3672235620416,0.31293425675551134
348.5721348892094,-0.3636580664988287
348.5721348892094,0.5424523919464264
348.5721348892094,0.5446986774604738
340.2419983482685,-0.09243630503874556
356.2018865124335,0.5153928541427604
341.3356969787463,-0.49428467192365133
341.3356969787463,0.2831264976393868
341.3356969787463,0.14455216168266816
386.31997337582885,0.42961542158832344
369.2370943934811,-0.1746200683380721
351.775644597205,-0.3634683068871709
351.775644597205,0.15991288066697962
351.775644597205,0.613881478496296
348.96479678813233,-0.1346890620081922
353.77581074146116,0.20313669199526885
375.4316731956286,0.40750115178218493
380.6251242667589,-0.05554248049918442
390.4556520096301,0.256030644454313
381.6148754552084,-0.24039704711458398
396.0202352077868,0.37174991511290045
358.8295307877099,-0.3832058220421004
365.75164311793566,0.2322702204342022
379.15100652092997,0.10344341490508668
374.4626811711529,0.0778040658184409
354.8691598463664,-0.33011451817753823
376.8797852961995,0.1544270927541902
376.8797852961995,0.5634351626761145
370.3609229600878,-0.30896272006123127
363.815590821496,-0.02065878081577921
358.91503471941365,0.07007404268301798
353.71109527052045,0.08928869937176387
380.1705798598897,0.15303838209081277
380.1705798598897,0.4759013567982038
355.8040457916349,0.006470430223430412
344.3725251069897,-0.16394030228502743
313.60655892245853,-0.08134212185314027
327.6890431018964,0.1715732981962219
304.0082383484126,-0.5203673288528989
325.39613214419364,0.18690284918181987
319.8246604994582,0.09615864594638879
319.8246604994582,0.5774590952845529
319.8246604994582,0.40245038069133443
357.5478288272819,0.5117686399272543
337.78746606304566,-0.5052758948470455
352.56279631358603,0.3122623498052235
368.088405321979,0.23322173556505277
352.45667859789756,-0.18804686502073764
352.45667859789756,0.5963536701094654
367.3397505867998,0.270742878414012
339.06360174657897,-0.032754497325868215
339.06360174657897,0.2825429314179928
334.89914628109653,-0.1569053650339356
326.2925600651787,-0.26393933454846774
349.1877811469624,0.5216423743802352
349.1877811469624,0.4755050351685668
349.1877811469624,0.6272752496130352
330.29781600787277,0.13296626014073354
318.14319304027305,-0.09035136201691785
318.14319304027305,0.6051593883430542
318.14319304027305,0.49464116259127877
318.14319304027305,0.3392368734818092
317.24755997413024,-0.3637798928166376
341.4966865777803,0.42269655562688513
338.38071179434127,-0.25764023217368504
339.71789065086153,-0.023197894740860647
354.8318356989288,0.10622797541054751
364.23066349753094,0.43908260809632793
354.8192725868333,-0.31588076620289485
354.8192725868333,0.4458790604624028
351.0236121355464,0.262160699725996
357.84276128044,0.10864193285078727
341.47145048285836,-0.12135389736863544
341.47145048285836,0.28368826692531
349.458451963811,0.021010900134569965
349.458451963811,0.20221792398524485
334.405965301729,-0.40208793154738487
350.54465501222546,0.2322623521196192
350.42263908906125,0.12084047334849402
358.0557427393343,-0.12365596160373116
331.5242007129601,-0.46460790672483654
351.1804614010571,0.4177598349492655
340.5896197683421,0.06280404305721277
335.81523658940586,-0.16746737072423912
357.9201237488604,0.04476150095956655
346.3247753650654,-0.34348495759752495
344.85020225460136,-0.09229377287942953
337.7241719969548,0.2538356526924872
325.2318154685518,-0.26408137212979454
325.4746679577872,0.18566909118897001
342.04225240031946,0.2234961015360568
347.5372694123377,-0.017591838490034206
343.13964574249405,0.2009251392476017
375.6010643581666,0.5353167295793355
358.9040816289149,-0.39352414900031363
381.5922463639759,0.21816096419138375
385.5624073466983,-0.1795055695179144
385.5624073466983,0.28580582590370796
370.0297757281092,-0.21108810559303492
380.5567915511459,0.4984844694726007
365.2320818113098,-0.3507801022652757
365.2320818113098,0.4731280635267012
391.25567399721245,0.7732890707870865
396.95513637762974,-0.060782836490602676
364.5953554071355,-0.15844769273167003
367.6756903121421,0.20771240511658107
371.7149173194799,0.002371412504771797
337.7772117780358,-0.3306561101129546
329.43155276673303,-0.06125834602255509
348.81789769134684,0.2945784625607075
339.9647964351019,0.044735842863929065
349.5496112327378,-0.19331721571472826
338.91884583332904,-0.3035596550031414
335.6545140960589,-0.14841353214740138
371.75177605520975,0.484891684679269
371.75177605520975,0.5416682474631216
364.6454008445184,0.08099269487445326
359.74519805241977,-0.23874115467378942
370.3007236186187,-0.1276868033445453
366.45246919596394,-0.16471602640592664
357.10850989038835,-0.11132783757136622
355.81803190377804,-0.20879932593027206
377.15691499074194,0.4754715397000382
352.216262140262,-0.027260976397201375
355.86063922393856,-0.35890208124874334
355.86063922393856,0.1793734455974345
350.93304446920496,0.1752595885492383
333.5967475175623,-0.4319165635297395
334.4992991195182,-0.06572333139160946
300.0891503381448,-0.00993365456383799
323.84570247049214,0.4689428674980718
358.2536056167745,0.29963935202545144
338.34420764836847,-0.2754708432669304
308.4664409414251,-0.36833998985093785
308.4664409414251,0.5201598289761478
345.9311971344389,0.3909513649746259
350.59627127108416,-0.03566538643565309
289.36789934848247,-1.1337320223942697
289.36789934848247,0.6376857305374415
323.6098184885143,0.3829153135740171
339.170092628656,0.3094039081944402
328.84382198817246,-0.17070988481805216
342.6072260218582,0.2748728853305238
357.4246130232397,0.2847165260047859
351.30748684994046,-0.4125674314839216
351.30748684994046,0.15855418147737055
344.06598187615145,0.15189510098332448
358.0665211885602,0.1449546465403273
358.0665211885602,0.5050064944466612
374.25280048222356,-0.12168445258703287
363.72327968885793,-0.04772181368036854
349.2318927731045,-0.1614410662452883
320.1174570851888,-0.33142494752382845
340.48148686301187,0.3741998758647469
354.3851512187299,0.2416979571223692
345.3406356789511,-0.1740240253933507
340.5276236186898,-0.45170638336219326
340.5276236186898,0.38206771686066077
334.7990980261224,0.3301646639383762
321.00834531658614,-0.006282969648054859
384.63950192460885,0.8943986808756108
408.6880292124875,0.11629849312498663
395.4934270735479,-0.24665540156854604
355.7213352483517,-0.7412977797949907
388.2330260241878,0.2865627200833387
401.4239538661172,-0.03826725706403522
349.3518980846358,-0.18742411359130529
373.5242597005373,0.2128066433525646
359.607939214936,-0.1140087863732333
331.616890198253,-0.47637395912613556
361.285945651226,0.7131902714515945
375.1631614148122,-0.025803195773960397
395.83066921899575,0.02490215385250849
397.68246267633737,0.03740891405959701
366.6040322868189,-0.4254822731788863
370.0023027943079,0.2604053096666803
378.78385620563824,-0.025211413773263303
366.6110974442009,-0.2240179171400314
357.2437584766934,0.10000825648501177
368.2716258291227,0.0874472618195341
368.2716258291227,0.47287158580229516
368.2716258291227,0.6758948587357736
364.14483618411975,-0.32917057920838033
364.14483618411975,0.4381568232179234
361.5590824256776,-0.06974956739054505
383.05374738626944,0.07125580717183766
413.6028590266293,0.78215543870283
396.49619747008995,-0.40441668682240106
357.42185855817473,-0.349523514345492
370.57935348918414,0.237867892803024
370.57935348918414,0.19133214907867568
375.2790017290979,0.32403978395518607
375.2790017290979,0.05020006135202948
370.43744119149665,-0.0014559690822579796
384.8617498178615,0.13303081471815403
347.4922142885137,-0.6440456024707828
369.7001987929036,0.3301418561979972
368.205176751572,-0.38142157375637
335.78055315414264,-0.4815476860665058
335.78055315414264,0.4698044825862553
339.97003890113723,0.16097131511446605
311.9888050099896,-0.3441392797943763
336.3162747630536,0.42420916194896563
336.3162747630536,0.31865942452327545
343.1762804963477,-0.07031251126863935
335.6365568671944,0.15020575313019435
338.06744531323415,0.16333476508293643
323.1774629911479,-0.7455519713660124
341.11006097631264,0.14558917337103594
306.04977674223323,-0.5523882783013505
299.37113113974425,0.07064460074343515
298.72235376018307,-0.04154776840255181
319.37736932747026,0.33780078505481015
358.0660090087847,0.9704828530583427
379.6829458212136,-0.1749347334379081
346.3815975199727,-0.29372376531432565
357.57926648545526,0.31957108605740814
357.57926648545526,0.09040425886723824
357.89775271012644,-0.30349097124735636
357.89775271012644,0.1721080054395543
376.04689445334736,0.1905295079300231
377.5136702046748,0.18967635835656438
376.34548776688234,0.1718963337302739
368.6272595176198,0.13737177511495702
368.6272595176198,0.19912290233958174
366.1232534136743,0.063718058055656
383.96901926498674,0.48391764351526945
384.06832109433117,-0.3709124547333431
349.2448058362706,-0.19203064394503144
326.00487908843974,-0.06259518384422336
338.0224120836247,0.25322497135834965
328.5370839520807,0.01950858224847707
358.18329111149217,0.1341180608800414
357.2528306899949,0.33498363713704293
323.39850499928394,-0.137400149454038
336.02123752365804,0.10188364322084453
328.12202583046394,-0.30725880592740396
328.12202583046394,0.2374608476541198
330.0969981111936,0.1013445092536358
318.0660409206435,-0.44469928493253974
341.6646203928553,0.16547339303997433
327.1439983274188,-0.06971828685118453
336.46282690157193,0.05977604437703121
367.4957664415127,-0.031663069954106504
367.4957664415127,0.4147328008275508
348.0849656847102,0.07987258023695176
334.01617733510494,-0.1595863421730428
342.49797704361237,0.1861470533423244
338.8094495958163,0.03254471042987461
372.3696219288966,0.17118815300818824
382.55887891523605,0.21630725299553433
387.9636391065595,0.28188441082966165
388.091052741151,-0.11148868641862464
347.44923943286653,-0.7179385560862102
345.37199701068073,-0.247655488099781
345.37199701068073,1.1681657977127315
333.5363223421281,-0.2522764760727796
333.6510548504613,0.05219082256019192
318.6379833409304,-0.21293072527396362
332.58853532305386,0.03929086828691197
332.58853532305386,0.566802929406208
332.58853532305386,0.8353790134916608
327.6873948017959,-0.077956948261658
316.2493194727511,0.29826918330343233
316.2493194727511,0.3162191388021256
316.2493194727511,0.6577780926332935
316.32370284171753,-0.19530592107207667
316.32370284171753,0.7319639113795802
310.8301397461003,0.31676642749039274
325.0399123629076,-0.03801755984227384
339.035271438991,-0.07275222255077551
339.035271438991,0.8861825536774859
339.035271438991,0.3030973194447597
337.68411765067884,-0.21742087639620422
355.0358729739982,0.6945608337496196
323.92071079753146,-0.33131372335742526
350.72898089511733,-0.1082622428951936
345.21955132221785,0.0628829124971162
313.94680542463755,-0.38214106709449425
353.25851260958996,0.5896303187985268
360.44444805984585,-0.00617817093461781
343.06658228942734,-0.09390953987031025
317.7943431242661,-0.505438101643108
317.7943431242661,0.6851221142334225
317.7943431242661,0.6166192348202912
303.69169807187996,0.30666191252294084
324.87590184434504,0.1664302347631974
302.2099338793064,-0.5268519680485042
311.5336638710902,0.5011484685288679
292.07323905642426,-0.3101471588587401
329.2804416805353,0.12124264344720359
316.5423991606545,-0.14527513580151208
320.5712132123001,0.02939505298570566
335.74002319087487,0.4743946169503488
344.82493242861557,-0.0983905993064127
334.19767728569985,-0.09088796049809389
338.013450779104,-0.11233395525778178
358.12462149734495,0.3876512861464789
344.9163620323252,-0.2161909548051426
344.9163620323252,0.35504262840152023
344.9163620323252,0.4924715970512352
344.9163620323252,0.18404756187032945
335.0620608844457,-0.22625155250057105
335.6987790759321,-0.19537148576000618
322.33792060616264,-0.05676604235350169
335.6701051464077,0.1726471610711542
335.6701051464077,0.8178909782054689
336.77287075507587,0.22515488922135773
335.3937996236391,-0.09473597425358093
322.1102577738663,-0.0685501544608087
325.4675568505506,-0.1774840929168704
325.4675568505506,0.16578170795958158
335.9821187819913,0.18230593271619
364.28202836487367,-0.06545685810317536
364.28202836487367,0.20980924880154816
360.4018711348743,0.014656139715157224
387.7048502612966,0.42052873315742545
361.49496538570327,0.1006351471336302
381.0578292365201,-0.17419227009838778
356.8050261667979,0.22304856315099642
389.07718669761533,0.2851962526162879
390.1732465131312,-0.11481230189929192
364.97852512712757,-0.12691721698126912
373.6730122405727,-0.1368387990098654
356.5064582955077,-0.4214785275662507
357.9291391035551,0.21562108652801726
367.1839254063509,-0.15982862171961187
390.85109246232213,0.3870396912379874
374.6891173766132,-0.24530762988285915
372.6818096726707,-0.12876345135123302
399.12921040628515,0.4068673305059747
394.2163403065458,-0.3277163155346443
394.2163403065458,0.19651100292730916
394.2163403065458,0.1377762721764384
356.68167527446144,-0.20104762255334663
325.317303214911,-0.2859021779300974
325.317303214911,0.5178543801794149
325.317303214911,0.2122778549528448
325.317303214911,0.12189495500865632
312.5335972760581,-0.36991235616517315
346.2331289995612,0.4888511685968524
359.74021003914544,-0.07499604225586154
371.93021472001556,0.3670482150261023
363.9005859530049,-0.18502498573786852
378.8785945124928,0.24793395417304964
356.04820496752814,-0.22499604425911457
339.3501290920151,-0.3115450635953039
348.3331649151076,-0.027018025951065283
348.3331649151076,0.2578739930812617
347.061683698729,0.32267571808768025
307.71335224193393,-0.6873021573446749
323.98620200758813,0.057856061355096244
348.7951906942629,0.4713423438212203
373.0757164441756,0.09359020055717338
392.0085479553442,-0.07654986398983965
363.70238641987333,-0.3364347371407348
376.66853981876415,0.1410171559716673
355.18308768410066,-0.04380814881290007
342.5052252241805,0.05236050482108112
341.72851121320247,-0.5802752453346329
352.4732626615913,0.1458962120112801
323.11794847862086,-0.24199077362004573
352.37138619054645,0.7757521173928126
352.37138619054645,0.37620618370931425
360.817717510392,0.1000586678712807
350.6183681448897,-0.14770051289542607
353.1609858474979,0.16269541369399576
318.04910746710044,-0.5124656713778677
318.04910746710044,0.4695749534306515
333.0097338500392,0.24828708750692385
333.0097338500392,0.6239497726605805
333.0097338500392,0.07124356822589561
346.7139939456082,0.2832045991300447
308.30038177598425,-0.5053695823919497
308.30038177598425,0.9258144215170887
306.104474985444,0.22531737379551942
334.60657882620745,0.22410399489422161
355.08944546580807,0.4536686771409677
347.8690020774226,-0.18568821507290068
362.93424137640625,0.26835031694042755
332.13604876418304,-0.24984720708323493
338.0033423413806,0.06774973393203254
332.4782702021196,0.05513105891827763
343.86892833748806,-0.052081060052842076
345.32572485548224,-0.015718761879725207
339.764169309434,-0.17193383592268674
350.3306651208395,0.4277817633679888
337.52868769379324,-0.09014059004903174
337.52868769379324,0.43781942359987625
326.81026676846415,-0.08817062324339986
317.766990770549,-0.38693285511953945
322.1097127643948,0.0867761159145175
316.31883371702,-0.16198441973313038
335.68932494011466,-0.017899713758424696
335.68932494011466,0.6072279859083665
315.33359310926676,0.09497245317766101
322.8253743169636,-0.01719542299679233
348.0948362720336,-0.34026771807430123
361.64228094415324,0.3802331927063278
351.5516053451975,-0.03155090320262843
374.86245412105467,0.19887902928849144
379.07836618414194,0.14417814997727874
367.2552467514452,-0.3050485745379774
341.0007353438515,0.12399798109527183
327.56178614645404,-0.4513642010051626
319.60711925638844,-0.33607661093128627
317.7434156642666,0.17492467056172245
324.92004940650287,-0.20400377104704148
346.1582124469648,0.04495649246450739
346.1582124469648,0.1026840868241834
313.730582209118,-0.23088982411229608
332.18486882247004,0.16689464014166333
332.18486882247004,0.6117002000153207
311.397653640923,-0.3214491044382157
323.06235158388597,-0.21444533404894628
323.06235158388597,0.31222482141413366
323.06235158388597,1.2756545904680934
361.4442957198745,0.7961839848250065
361.4442957198745,0.7116213021462272
361.4442957198745,0.37482305177900344
365.3505727989607,0.04834427855212198
365.3505727989607,0.9848654518096964
365.3505727989607,1.041086337812203
365.3505727989607,0.3283625957600407
376.0945593661358,0.20870953582300444
381.96575389207896,-0.001309897933197135
373.31717178167236,-0.15310012143618223
367.9903352155978,-0.09620656646984571
374.68218393586153,0.06575369530173703
373.1055857262324,-0.21387798608679987
374.45856715333287,0.21537658452530195
381.24219222653045,0.18296515595534402
369.16524010550984,-0.09063046064989067
351.3040475885919,-0.42720843538188547
351.3040475885919,0.5423921280291779
374.6726887525214,0.23758544551412797
344.9561624229326,-0.0452761761871443
383.9954009207634,0.28973315479674966
362.41391812880835,-0.41906308931334024
358.8078429711949,-0.001593771360262508
335.66287559699293,-0.38546050748868765
338.54058307234027,-0.03627045174721388
338.54058307234027,0.4888833689051353
362.2460224210072,0.3596422664927559
338.5649340881713,-0.1880625424093978
344.9394881800377,0.06689411307593218
342.35246079892437,0.11052946962900023
342.35246079892437,0.242869798354036
368.1505059166761,0.24212891644958745
356.5128460984049,-0.2545207254794377
339.90297342553123,-0.612902183957317
343.513308101246,0.29166219668582016
344.24463097295563,-0.24325026137546502
351.34335609767425,-0.27025087392587466
351.34335609767425,1.0090378573340786
382.68354796911933,0.2771174902322855
395.66742298963845,0.2935574763484965
367.5624117300914,-0.15696088934851105
382.57251410842963,0.0041911808447139265
334.1997278957967,-0.3256568490405698
371.79179505360526,0.27018009412995525
371.79179505360526,0.3917802039633216
342.3476449029766,-0.4058306020674536
373.09958198267736,0.3970008582294895
355.31212672579505,-0.6309199189774972
355.31212672579505,0.2902374681038964
356.7928987758046,0.13440341702107617
349.125282897524,-0.25496809048797786
361.3015875199156,0.3245402150242853
357.58322073250986,-0.14512775414880252
351.42584860163976,0.4623744187935017
349.0704275275256,-0.4485356746231446
372.39862969946915,0.39686274434802726
384.28468442680776,0.0036118220029948134
373.248596244581,-0.08769511731486546
352.13683045355947,-0.21087152222673922
344.37498239869365,-0.3037975511288096
352.07107310808937,0.12467841225497978
334.4326811413773,-0.26301717038836614
325.35010278209955,0.004369247640738649
330.1858199381307,5.548091473883687e-5
345.59703699602125,0.4479298527548963
349.1453985957183,-0.24639127231375824
351.552132888941,0.16601865234110846
344.8236838741369,0.06411590352843177
350.9792058072893,0.0322875278554875
337.16823482038194,-0.28832743016698714
316.3724798421722,-0.41321725467787473
328.00183511915463,0.22684390955021172
336.816540218123,0.08597478630792921
335.7877278568841,-0.1580158060002077
348.1292699529123,0.5912002695434921
336.97104307520146,-0.6169621107225112
336.97104307520146,0.3988084380870305
304.8083033522314,-0.08646128791235697
307.32370661293396,-0.10102298120830255
345.39251403480864,0.14311123531649628
329.7039915116105,0.1804029851349469
374.2111379096276,0.39612499535223833
359.2545398250895,-0.23827629611537304
397.27483993750866,0.5859425414074622
364.12502118766355,-0.4654651066844053
388.93704936340094,0.2844175060458838
405.4673365420191,0.2689390888958769
393.5861322090887,0.03806307750744509
380.4728060737978,-0.4041685891452289
411.00051505826275,0.5974965949205853
406.7894929052236,-0.08892905939455886
406.7894929052236,0.7991462821664754
406.7894929052236,0.6410733630495997
404.4125894850262,0.2031729805728446
401.24181815111643,-0.004715963572380133
377.42150348691405,-0.601971275730989
354.11579796705223,-0.3534840948799456
354.11579796705223,0.7971071708217323
346.2643063885565,-0.12215640392628302
346.2643063885565,1.0097618448281764
375.27010379062904,0.20081779720544546
375.27010379062904,0.1746455203124242
385.80586289630673,0.5807802128556432
380.96122971908267,-0.25278383323325215
389.6530901642693,0.4236287700992989
357.6111566708817,-0.41054465407842144
355.6204648495246,-0.2727399705017888
355.6204648495246,0.2760213731935437
347.52795468504513,0.02290878970779886
363.805815523131,-0.0004595555510604754
356.3939786402037,0.20333877306268278
361.10202789326127,-0.049750256988886576
361.21941262814124,0.21038468118490528
363.3548359274683,0.3891432390279306
347.1599991965337,0.020647457958148152
346.3048138047473,-0.2249944382672311
361.63965703963515,0.42635718413021095
365.6578985141064,0.04840370632837221
347.0625153975434,-0.12299562788734875
376.01940953809526,0.07449701040059153
348.8662426740702,-0.5568797463182591
348.8662426740702,0.722976848962162
348.8662426740702,0.41010244934682305
331.8972297095502,0.052826832328491946
351.5729289438797,0.17406363301790861
351.5729289438797,0.20712566402164612
332.41291724920393,-0.2819351151046021
336.95093212711123,0.30939223083862544
358.0511346068527,0.08197273237510672
346.5229694453499,-0.09690191585286811
364.50156159418407,0.007068745829428735
361.0035294594042,-0.01610445053768217
361.0035294594042,0.34136212045427783
344.0617215371389,-0.09153387270271196
376.61809724358,0.2787090014810474
363.8934502823926,-0.10485451684451164
367.04669192930277,-0.15574953115014978
373.4255770241086,-0.06131927229125722
381.576958179222,0.0727149772278608
376.5196382842568,-0.21651885125015724
334.5711518949158,-0.5431559121043392
338.400143943242,0.2935128956396511
342.154904515669,-0.021038729754309315
378.51907510384774,0.2211082862783087
378.51907510384774,0.48099628418526663
393.7647825342276,-0.024535578290510784
371.3441176076864,-0.047162488275034775
369.3063904079902,0.009822024308050459
376.12200708254096,-0.05530962374382398
390.43360341478916,-0.019285171565684323
384.2823262683636,0.4955851050990532
394.6446155520632,-0.294619898515748
394.04039542063157,0.04791522814934979
352.7759495613151,-0.47431472092330296
335.5540674882374,-0.023808296711308685
318.08055026533367,-0.2883115201537976
322.2774370389314,0.02852215942334624
322.2774370389314,0.4390179300703494
334.6455852517981,0.18783365210151715
340.780943129679,0.2483014886752244
334.092169590666,0.08033592318452065
325.5843506553314,-0.026864004245794604
340.4481785155064,0.416778592558785
323.9709981655737,-0.3459868032157374
331.3647023643652,-0.002039280182316361
331.9265615839971,0.09813382937159076
331.9265615839971,0.3296020235566175
366.69175742540233,0.4413590598908286
386.8913574178204,-0.03413701232193489
369.0191167794427,-0.04137700526337085
338.12668021574814,-0.43469211941089725
354.46233438890175,0.26014559899510914
333.40715440244844,-0.328075548081074
357.59035888408056,0.40182997492490813
334.2351099779401,-0.16444860929459537
327.4187234872129,-0.4358920925731127
338.23462555232385,0.2921014357898457
348.6652445487126,-0.20633250677610704
348.6652445487126,0.7032042974080923
360.1999758339832,0.0421030782968046
360.1999758339832,0.6572456140602299
377.34204255649814,0.6820415521485756
364.5683499069588,-0.6112039074653239
364.5683499069588,0.19502876845808714
351.96335152016866,-0.1238609459047666
364.55133982565775,-0.11856892379159945
361.3364224702956,0.08162755780188036
361.3364224702956,0.46701173435735654
347.58544092877617,0.1281504190319538
349.55754936153426,-0.06116067709888284
351.4264731812688,0.12452832400356328
333.0001491541198,-0.05655292156620817
368.1498823314744,0.42266676563940564
354.9016407280032,-0.03148591548415425
322.83597813182047,-0.3383966484246912
355.7840443274484,0.21089796055082388
335.9578648151398,0.08796211022229272
363.19535275093875,0.5920663806589346
340.53530646848424,-0.528630783159997
340.53530646848424,0.36852797329299847
329.0800323300606,-0.26781185944548724
345.0171286683237,0.3751332760797368
345.0171286683237,0.07431941499999084
353.4287606254285,-0.14594960598901707
360.2654126316314,0.20887533995630747
357.9888348884981,-0.18914067744640306
351.588897955847,-0.2039988555994796
344.58694466212,-0.08195220388245161
330.96631467286795,0.11896322850952856
356.1544399194776,0.21859983233434832
364.5783177694815,0.14855699100667152
349.787377069183,-0.02585742518670031
351.0626919601003,0.07364802576091733
336.5584609913672,-0.17816763346354492
320.53060194922386,0.29927928498955225
322.2346243678006,-0.09743906814276215
322.2346243678006,0.055521018105082476
304.0189644311026,-0.0882986710817022
340.14437840399626,0.19026619021065017
334.62911386321645,-0.10175222422435581
334.62911386321645,0.16160844858416112
309.9839103812465,-0.19754863838556957
321.94341302895475,-0.012672654485868406
335.6537337423806,0.04065198106729895
348.67707669559843,0.038117936932394514
338.6758382341225,0.023762513849192146
338.818738170969,0.007203609784937726
345.72454657946844,0.2427814882498751
333.76005368494134,-0.18238973876145792
342.6245186124798,0.105781052566158
350.42245622979885,0.14761097384405275
360.3277189497441,0.2968177707812174
386.7150693925145,0.08255868737967376
394.8075818722985,0.11967638108876599
384.2215409370146,0.032905455242826065
382.31745106080956,-0.10151767684874358
375.39857872607405,-0.4470276584597741
363.1932474128363,0.3194965900383977
356.04391476576063,-0.2477140819989927
341.2928646729871,-0.24874371776695625
356.0621566296703,-0.15616920373327048
347.70847197623743,0.01694088452734377
320.4067056752819,-0.37842292542870837
302.3122171957301,0.30176190344627685
323.57909785274626,0.066255131660796
327.39506932607003,-0.1730006515565492
344.1669491971741,0.5090901057877772
361.01568087342935,0.1937580344001617
329.72773187098323,-0.2928333211989411
369.20618372407137,0.7812029864029455
371.47208495123715,-0.14445784746021673
388.59862956654416,0.38207544769329616
360.8244170435064,-0.4122032127536386
380.95433621939964,-0.04961225709246264
402.6274915554181,0.6807039376476496
394.7579368922001,0.2994146729258773
399.66164181435994,-0.3312786397111722
380.8237070291762,-0.20759946794032658
397.2454107975286,0.2789600245441761
422.1181635587753,0.3791865729754136
389.8413897466159,-0.36274278211749333
384.59550372752483,-0.05589724047263189
378.621635937476,-0.2580033941305828
343.62582115249035,-0.5024246608232943
342.48171097038943,0.13933282008144943
342.48171097038943,0.5052360821127877
370.59166621154225,0.02905009997095931
363.52556970288623,0.13515590240535857
363.52556970288623,0.019277867235359736
364.7029387521635,0.3583692106960825
378.4459985002005,0.2014374257922782
401.12994914789306,0.19705408550612447
365.2101268003328,-0.48039032057840814
349.58187251110314,-0.008247108077625853
372.10266498168045,0.16274195608696118
382.9322154789546,0.17491914273352904
378.7435763794229,-0.2398539592029465
383.0886517520401,0.16238960359225985
403.2957657729715,0.39364929831151585
358.51708532187376,-0.5226744781873549
352.5698881844817,-0.21328314282038718
328.1871133595721,-0.15187885469413231
351.4288299991806,0.1775449734329868
351.4288299991806,0.5824622759128033
354.77515948366033,-0.05680552888634338
374.14942249834337,0.24134052598219569
370.31354024509005,-0.05490892502029965
348.0120866276932,-0.31195522248185625
327.4380912060512,-0.12453810011822952
369.3748608779329,0.5148382695766713
351.2651910121369,-0.4084396752766679
351.2651910121369,0.30626859947403773
323.9612590838832,-0.33421718415831947
325.6881914679137,0.055608214041626525
316.85905546297187,-0.11106916307051051
330.1321542216028,-0.12255403953429322
330.1321542216028,0.43351997708487033
330.1321542216028,0.4401730357133147
357.4954024514488,0.4489800561973425
351.8539100797268,0.1264312852134708
342.4486584389659,-0.13777639053728308
342.4921446637392,-0.26565392141424127
347.87403371401257,-0.047384867217488136
347.81090772228725,-0.23512019950044305
317.3861731343363,-0.18394461563138975
331.22018885226254,0.030565233869765507
331.22018885226254,0.21063545671768225
321.5203923612026,-0.01575643536057214
321.5203923612026,0.2609328120674945
334.721049303205,0.20299897774748388
333.9134826910237,0.0740764975039383
344.32745272546407,0.1241152179591154
378.0682418391314,0.4518616520347223
353.97844832248285,-0.5471532590515835
353.97844832248285,0.5945693162452699
317.6687777437311,-0.34377294105274814
349.7470828645096,0.4177546791140685
349.7470828645096,0.37436728012232834
388.5120149144078,0.5313046159457144
356.8729718374181,-0.8455787406816171
356.8729718374181,0.3091664549822326
363.71871961317896,0.1442425736674977
345.3864081277402,-0.12154958785208692
345.3864081277402,0.14139264331140566
348.82063853172536,0.33588448680893634
347.18405352273027,-0.0651907397298146
346.4378803486479,0.10570498329980182
376.1185870572456,0.17589406368642813
376.1185870572456,0.2991504343978022
348.83098908346386,-0.07654827216140347
348.66814125559983,-0.011532102429669067
328.518084645008,-0.18744527474120787
346.2743762192113,0.2984028207007441
337.74013168784893,-0.0031232325666223915
323.99597272920204,-0.42542442183355433
330.966255388302,-0.0009510175250397879
344.59847761877353,-0.11673832621431757
357.9640052090658,0.46970446879117844
337.18081137009244,-0.4118244016135577
337.18081137009244,0.3393091066446914
331.151431311354,0.40926411638156424
327.0464649506603,-0.48106252532670624
354.1638381773286,0.399437922383413
354.1582620421049,-0.23432976005210548
352.06558730927907,0.12725084525834518
322.48362131176646,-0.15306045012960112
330.9434076446815,0.2332259103927754
329.51320139311,-0.11504998984139547
329.51320139311,0.2523023974802072
334.2379704295384,0.08462906638010281
334.2379704295384,0.07127164776989048
358.3753699105274,-0.007180403323900464
319.8658138679537,-0.5287684139350404
337.6135470517943,0.05808098459544908
361.67162965448307,0.06283100106429629
335.0041055192181,-0.48057312552862186
356.15710472488644,0.4925084675434164
356.15710472488644,0.4589618317307895
403.82764605107866,0.8118868453877894
399.71252078541846,-0.11855344227524256
342.10927813689017,-1.0567953957443024
375.5596838484153,0.3874235092893059
372.45783268600235,0.00047730616006447235
347.66747388546804,-0.3880941273927192
343.5332180804387,0.13119368270679388
333.92343414888285,-0.22451251967675034
361.38223248589185,0.46858252771153275
372.58939129088697,-0.13817965134865062
357.97598999951725,-0.06449005188426327
357.97598999951725,0.22312107442576234
363.29396098940356,-0.07378121861199816
332.0523337440092,-0.1721809802457983
332.0523337440092,0.29721485501954703
347.871615783654,-0.1589169425486716
332.92670526995227,-0.1481906444840888
341.66398645420117,0.1554053339782513
369.6344284117703,0.12184322869529751
381.83909205769584,0.1631925043280944
377.18106086687186,0.12226484807592897
367.2879890926992,-0.14941316354156697
371.0676289945868,-0.18586485010951037
368.42027542526137,-0.06338422770818397
349.5090838553032,-0.09114193792368042
349.5090838553032,0.636594059929962
349.5090838553032,0.35679545102766497
368.8005684821661,0.4024100342528527
367.47561709444557,-0.13415908134845722
367.47561709444557,0.555565860573779
364.64309058815604,-0.21907425723384222
364.64309058815604,0.7497298975027888
362.10105725093706,0.4016274502591841
347.3304350079138,-0.19663339881674347
347.3304350079138,0.7171075714269364
370.13588028119494,0.7216817523188865
354.809200730573,-0.3752613242473899
340.05994977654757,-0.3102550898310028
343.9369931261822,0.16177773720164623
331.4954754574155,0.04371327644264511
355.2535516860207,0.2624343934821809
355.9757467100312,-0.10095514424460816
369.75924176617724,-0.1084822275456645
331.10445727828005,-0.18538689728734425
338.0045663680645,0.14652975724948192
343.1347225762122,-0.07130387881011302
336.8792394255962,-0.4859679524910234
351.04056815252227,0.30144671942969126
374.1608847255522,0.28585732833619204
374.09016834834085,-0.18957675277056296
362.81915415322334,-0.23090963510730944
339.6764864762574,0.13359477048584267
368.12431862396124,-0.041092823509984555
351.01417201944645,-0.43485023665164135
357.7811108949652,0.07080118258272705
385.75688527053546,0.5416238603387455
391.2524909051682,0.11271082411712996
382.5024249661961,-0.3934776869200505
350.50325802899675,0.021160969487254988
377.27693833148504,0.3158614333749483
374.70491582716755,0.05957413995361094
367.15155553942975,-0.1091319121107972
362.80330965425327,-0.054092247818857686
390.28499323415224,0.19790610339282466
368.25029046393456,-0.524235269621613
357.2546460230558,0.047599440641874935
344.488047980249,-0.3053998215380034
364.1797292801528,0.14183358076127206
375.62540515761316,-0.02265198156032966
400.45832038949106,0.1120952897178995
406.47842967570415,-0.01710733180277657
388.68568583223373,-0.2681079946421505
377.77166838946755,0.19209095893688755
371.30853036828626,-0.430653923552768
356.81858045784065,-0.2539462680941824
322.00789242271856,-0.17676327079595922
322.00789242271856,0.4301350979490053
299.1434294857175,-0.4191912998188627
299.1434294857175,0.5567620048777826
345.0556472783725,0.8255486112453809
325.7727156052175,-0.31554148712905317
314.3816590803915,-0.019093746054522853
314.3816590803915,0.5270894582556593
314.3816590803915,0.6970277249980654
314.3816590803915,0.5005618062849635
330.9596168669495,0.5128929483176989
328.7227500762591,-0.25108507674065095
345.57909089519967,0.2712415285056977
373.52466608558854,0.39507847811728425
342.8130139473461,-0.5591170155262262
357.21636752931676,0.09667652634709611
382.336073562246,0.2569278536489037
348.77459435580266,-0.2615881559124773
339.3973469255814,-0.1386962567039518
348.1174832401356,0.2416370298020638
330.0986342835371,-0.36812116667999817
349.67416337246425,0.285040497713112
341.73635922044855,-0.04056609568499425
364.85238479260966,0.16795458957994924
356.8543640300842,-0.10610469842595194
337.0140046761065,-0.07469968059024268
368.16326655431084,0.3328617818044677
368.16326655431084,0.08857175153832486
337.20520882463734,-0.10305726803539983
357.45210344612957,-0.14864480887717946
370.5466891879506,0.39398617838207883
375.57409974174055,0.0807536913612239
389.43249685992816,-0.03475875630135761
353.10650694851813,-0.4717987178756857
347.40319072533316,0.23347151259224574
374.59301437123145,0.10514870482541028
367.27605336355185,0.2523675510938119
355.5147933030465,-0.15273225978739902
319.1337925071576,-0.2883167162249265
354.37063782267757,0.13481963552771958
358.61451492888017,-0.3258549176212
353.62029742273637,-0.09178278384808891
350.0055110352329,-0.08601949881688142
356.49935846163385,0.46244673347689513
330.27767652635663,-0.0748621894945245
351.4028828361455,0.4800806882025199
371.4638667575199,-0.10809129667927664
344.6735369800176,-0.4301536390181582
305.2431137248386,-0.5995918343742233
321.02757594964066,0.2988304711188903
321.02757594964066,0.6414805135498227
348.7631462804919,0.28475618137258607
342.79197249262006,0.07317182258032062
324.35346183569754,0.04964379230261784
344.00384566102207,0.11414594270809175
320.3782298231149,-0.2523119463361354
365.08655050676214,0.4094238069732228
355.04466934415393,-0.1754290441261901
354.8066719058446,-0.11954410193777676
345.1443867737289,0.11056287704957413
378.34776308948017,0.6552174379307871
378.34776308948017,0.6419606108684093
408.01164732147436,0.4570363886035693
410.06589044872914,0.03431393643040792
401.68259658993423,-0.4228701095416909
401.68259658993423,0.36279912179907114
371.65422400218546,-0.17783648633394478
355.3435295110056,-0.19834476254288802
372.50322647607607,0.19106896836683518
348.4092350397626,-0.022084141963773618
332.4228812752378,-0.5677472379848041
325.1189122649598,-0.0035620275878045504
276.1831392936004,-0.8420630083480773
293.2482180079266,0.11563894076539327
344.63429574242326,0.8555338593818078
371.209164519304,0.5329957834053403
384.1646466711846,-0.022055584247709703
368.2534760083077,0.03540746520252469
368.2534760083077,0.6242060431794698
346.9408125217116,-0.11834669274617227
313.6840405851015,-0.6689838995118862
368.9942224031297,0.955020554196949
388.64944633535396,0.1261993252319371
360.3383780912244,-0.10398975474913641
370.74248826343876,-0.20017766381988622
365.2825521254652,0.1545605137757775
350.2806654366432,-0.5604427471735107
345.8020632402355,0.586599815295699
350.05302534002476,-0.017403564893129442
335.3757971214022,-0.41049032502280625
323.54488070275556,-0.4008976965207012
323.54488070275556,0.734185141980447
333.74288016640276,0.33168287283103837
339.6693436184848,-0.09640245928437707
361.4570215739899,0.29507805026707956
353.9052660540322,0.3110780121824064
372.24883842983553,0.11009176354082228
363.383827424704,-0.0982681258718685
353.49665517473284,0.30114759946843606
346.8587364709805,0.013154916116718596
336.94790728987186,-0.27615848848984115
342.96278178873735,0.07768862003604227
368.68990401069505,0.01678806995960258
359.96873652524965,-0.013283650542803116
362.4828783574076,0.22672795968162518
362.4828783574076,0.3373889904130465
360.15327959653644,0.06970316741910665
336.32112337091223,-0.12054644975967221
360.9963195095135,0.31775434165649585
345.9750348325389,-0.18700809540155205
333.27710681989424,-0.47622584644739163
321.64293272596,-0.26341085848889634
321.64293272596,1.0081510712876707
325.95219625310176,0.42537582124236906
316.92767037179567,-0.19450968890760123
316.92767037179567,0.7352961598687671
331.57815336452444,0.06533608431186622
356.1845484724614,0.07550260020707356
356.1845484724614,0.09334207944357331
360.63278426718904,-0.09558768144268015
347.4640617693658,0.13942170411723964
347.4640617693658,0.6241757003789417
378.8507935416137,0.46803585435327477
402.14284707499473,0.03329475977284346
347.95534390879266,-0.19470729916668006
403.0175950340685,0.4978509333168404
358.38004344418823,-0.24697201929029688
325.11459526253077,-0.4847995716401101
345.2912901624352,0.14520132529617058
330.3135763534966,0.3577684345468697
322.25743848100956,-0.1360850725363889
285.80887972893964,-0.42958394603965644
313.5072669066718,0.17858685685905584
335.7939720923226,0.8230554640640548
320.46843600681547,-0.6975174915376101
348.8242079365371,0.47429285651071496
335.2386095330079,-0.47839490139585905
311.9164694774722,-0.12037120936361134
341.2444614173617,0.19636218471850952
336.12397535902187,0.038597346551682676
303.9923034517976,-0.25660307996474785
312.53325744394874,-0.16810940085713355
329.92896381149217,0.12373234729955129
352.25843723219396,0.01880112513003951
352.5051184482111,0.3150243470327041
323.42901313939745,-0.22107578385350735
326.6200092307363,-0.15512542357123493
341.6547775291669,0.37998758221033313
336.48687586745706,-0.28206128001704656
364.59020277337834,0.07191144272189831
345.7038574833136,-0.40895904106332637
345.90197661712006,0.46269665798070037
342.2284667621045,0.2090750264825374
354.451930866607,-0.10472925480621598
353.55124002799914,-0.2821865642275725
349.8053796696405,-0.2479072689759505
370.06795788660395,0.1981728255367443
377.4076262342066,0.2102743321569278
355.08909639892966,-0.20243709827900602
340.3166602720673,-0.04861214594620833
340.6783408552743,-0.26925070457321
356.86353246704465,0.30844050713812976
358.59782188188944,-0.29089231944715266
343.93018090721785,-0.3380874493659576
367.4686297031878,0.43330251959127963
349.92908718623215,-0.3245762407004804
317.8288027852367,-0.44392443805065795
323.75540186127273,0.06864260431348157
323.75540186127273,0.5358224703965107
363.25414385391844,0.8318474769338309
339.95928136104806,-0.6457870713528564
330.3969791536928,-0.07189295789544303
330.3969791536928,0.4230400587805434
325.0538766850014,0.08460090839525947
331.9286587274581,-0.07271137703241948
313.7749565881829,-0.1109480124368929
349.31932405709,0.18092085056264295
356.58533223402236,0.17429940783495113
330.93979308652655,-0.3525103674487582
308.36094887724585,-0.3759891068170873
329.56528323048434,0.012267605522083613
318.0554903646125,0.02317704950883126
312.6202960240315,0.2095154316039043
313.10018807033873,-0.3604661787881014
324.88711970439175,0.11343475443243278
323.8732273844408,-0.014238645975410691
339.4758052156303,0.2568398382418309
349.0514116909162,0.45487481551106157
355.52911270065243,-0.31625947560200984
336.1178663085895,-0.4450246652183978
326.3415989467263,0.2683146207813252
341.07447660038724,0.23271899365181525
356.0871054892285,0.05097736140692177
356.1997480394332,0.20252762889663245
356.1997480394332,0.45253072085165513
352.16367869882976,0.38844106250689947
352.9625891937374,0.10537322384993786
352.9625891937374,0.34429252309507774
337.766853637315,-0.20976235961234124
354.35988909485167,-0.048866514846167775
346.76132396690906,-0.04555688482878395
340.43725387364617,-0.1929724966030335
340.43725387364617,0.16770858570589553
344.174817638768,-0.02148335429353665
328.7496450075017,0.02660454807107726
342.33780188971247,0.23225954830820683
367.6594994874454,0.6854974265690998
387.0688303666451,0.07637153608425251
388.2459378147563,0.24831055584706974
383.6714343049078,-0.4661269360778988
383.6714343049078,0.057337435413160165
416.44175881631634,0.3093271003921245
390.2008317863681,-0.22228205177282234
386.98686866872646,-0.031442333130598854
362.32552693410435,-0.5246211050696274
362.32552693410435,0.513940562025482
360.88548814904505,-0.1436216690819947
384.88302863186357,0.2597018541318903
370.3693801742886,-0.08738472941013242
357.812469181521,-0.18478495429326358
364.14718371384606,0.23565560682027353
335.8549885251134,-0.6800885176799056
343.03583203327133,-0.6241158963437101
343.03583203327133,0.5551758796818831
350.59268021401465,0.32467668861158927
313.0609276645363,-0.3978467215431465
313.0609276645363,0.4207281191597758
313.0609276645363,0.3245815026299397
313.0609276645363,0.4464593706236428
313.0609276645363,0.07342121747012698
313.0609276645363,0.6661061601867004
336.798992675098,0.7784750085107817
354.6992357182099,-0.005545389484041152
350.50342932827766,-0.0022458988678408787
333.3538523838975,-0.40323911496329856
341.4182565348924,0.3329154819601854
318.01535842821073,-0.4773299063461991
308.9821771742384,-0.05440356795418211
306.06728182734236,0.03843802362234783
358.27178303644337,0.831186992973926
322.3266054620106,-0.3590893810677471
308.7242137633103,-0.1326789683159859
308.7242137633103,0.2164926878940605
301.83301319240735,0.24400145761933345
330.5872658907195,0.4059098897448621
325.3420153094306,-0.04966498176202094
317.3532016571186,-0.07438284403338002
322.8528866148736,0.07474368647478968
355.13601987789224,0.4382767804361265
380.13538965056034,0.13684859834688723
379.30774632018966,-0.0369624252181211
361.1152557006615,-0.1264076772683893
338.70118727573583,0.06862312328723874
338.70118727573583,0.3520784429666719
340.06908033204763,-0.36362196798995683
331.0062765789759,-0.04711179274966071
319.1085605560255,-0.03144541209610452
375.3369606139804,0.4976232630835966
385.98830668754056,0.0712486639264398
345.3482232107804,-0.7506020429852924
344.8196791037272,0.21928562220728054
365.6670110912167,-0.09796034547889576
362.9868511864962,-0.3200542119986949
356.35238230804805,0.15489918425123506
332.24469923382037,-0.22548887408186147
338.71900177292025,-0.4146396379644557
351.5700702642431,0.1963063029938894
356.12770493427445,0.3298234958771218
317.64269243158714,-0.512174347311543
317.64269243158714,0.40579996421831765
323.476379113127,0.10727380251228169
336.6344157893871,0.13685132161685942
326.2691093188645,-0.35851609231610837
324.76405127615175,0.30200197909539384
313.00556190805344,0.003543564060009885
317.56716987051954,0.3007415828454896
317.56716987051954,0.29982856739832187
317.56716987051954,0.17292520212765794
333.93280696050226,0.2869356356966364
352.988575310359,0.33073970432064925
310.41826083382335,-0.6031747437118611
310.41826083382335,0.2686910834769378
304.23934276958136,0.0926045647124738
331.86266264515365,0.13315964650826118
323.7391203111113,-0.3152842835603451
328.05177634203255,0.1452736944947901
342.3189631360947,-0.026455461189016205
350.1695350358291,0.35319264352961
321.3386990132998,-0.467039157559725
328.0435808314748,0.11095103609397938
323.9623823988572,-0.10982511004897333
323.2950780698274,0.027160667632756486
365.9761891321176,0.23503672226206618
358.5960569607183,0.05287442542135068
393.27066042956704,0.4282899173953183
377.65615706782535,-0.3848985765736188
377.65615706782535,0.3810179890956533
375.3229905278968,0.1285588327559708
358.0516704598624,-0.06371425059296598
365.93686230296237,0.43871609545601586
355.9368230856533,-0.06529448562730522
323.70730247384,0.06242771814686421
330.518433831698,-0.013095667587094795
346.62074121044014,0.1114505986564609
331.5016216956183,-0.4616896284315999
331.5016216956183,0.2264239744073393
340.78657902280736,0.28207627693018367
340.78657902280736,0.2996495767234819
343.67674989470504,0.016800061627918694
343.67674989470504,0.2217588141249962
344.20490820651713,0.39082431915051075
370.280259315419,0.16224418327078638
327.7718368611334,-0.3115671770758581
358.0201661030187,0.15598641578856132
351.4697937168147,-0.07681045077515591
321.65223032870364,-0.2718559146109101
321.65223032870364,0.5352006190323664
343.89840708391637,0.26265212202838484
329.66971667893154,-0.4142650383940918
329.66971667893154,0.5777224008735402
362.2930035018423,0.43204255388025103
370.48234477255164,-0.10561785344236796
384.9708211989001,0.013493167351725788
367.6141357952186,-0.16625088585999492
396.97079367415057,0.4852691933008373
367.6875837329656,-0.39784308834532567
325.14499907570405,-0.5120930040302483
325.14499907570405,0.4813066596639146
330.485730783955,0.24291454723322659
337.9630273584745,-0.14141059534961187
356.59099998618996,0.2692733963260707
357.4373675146497,-0.2957782558503368
362.09976104452613,0.02771376620182764
362.09976104452613,0.7920584900429049
343.0417283954954,-0.30981787796633853
343.0417283954954,0.04451051002570239
343.0417283954954,0.13912873538447457
358.22340188546315,0.22150679943149498
322.3838235399823,-0.5426878343068893
326.45104123406986,-0.2913111221196232
326.45104123406986,0.24721327694908268
348.7153940695771,0.4851043618202766
348.7153940695771,0.3094491688841572
338.8809362497269,-0.024280441082282778
328.8131502510707,-0.21651086573808698
328.8131502510707,0.3901484812010949
332.3600620097469,-0.1886343411033522
332.3600620097469,0.7613068929930478
332.3600620097469,0.1402094900273596
340.16124413770075,0.23997378285594095
356.7552750197489,0.27712210535685244
356.7552750197489,0.18406967017165243
356.7552750197489,0.15009167003677248
366.46176542303425,0.07208303224888368
370.1910409567356,-0.032504685714002335
343.104366378988,-0.2881976967742048
367.2332851704359,0.17373385417783993
337.64174818484037,-0.4951298068582446
346.33326277354377,0.31261943138724746
357.956672768068,0.5180615807723825
383.8922444122334,0.3576394783674459
370.90833850235674,-0.25206409263637397
333.4435432015095,-0.7487092562099633
350.36686594650337,0.25847040166809165
366.82067328230727,0.0058818701793370565
360.00215349693605,-0.15598439691257227
348.729375368214,-0.05200523304665694
341.1202701500616,0.11971127902006629
341.1202701500616,0.08481059980249483
334.4281407347229,-0.4696857163924051
332.5947828816067,0.2950772565557145
330.7063693260943,-0.18407884623559312
335.66123289082117,0.3291246490935009
345.9700754898894,-0.10610874793394487
360.0060481640491,0.11608986616658967
351.3931956700242,-0.34337101783194157
328.2022453613299,-0.5801493026076514
327.28916490190113,0.055159033521817946
327.28916490190113,0.43475741224881403
373.2333608834326,0.15224516519776898
342.60861378164446,-0.40579914472209566
319.2117066425883,-0.14226483633092357
319.2117066425883,0.3712566822239296
331.7039277428669,-0.210295075574777
331.7039277428669,0.5852467440280407
301.05463621965265,-0.3845703261703193
301.05463621965265,0.3153844243634012
319.228184683565,0.32153816333220675
318.4260079294405,-0.08467658007100454
334.8421917025166,0.010696676642055536
334.8421917025166,0.7044430681704625
341.81602764487553,0.23225461217703014
355.55494954887564,0.1340103857289705
355.55494954887564,0.24219024268199973
334.2047390916901,-0.05575831232567907
334.2047390916901,1.1322941482931128
334.2047390916901,0.9900794243626478
350.0565902870702,0.44952490562695857
329.0296106303361,-0.2501774166423729
315.6025443568408,-0.2830342561276211
321.00271594144215,0.03982632836709854
342.6792707256006,0.39561103176004053
365.90616701981486,-0.05349748022536005
368.85969693440484,0.2862398310746812
343.12217290552917,-0.49347787789190534
326.99247496004614,-0.0765377485577119
339.68518510780103,0.0954708957923458
340.8078838318024,0.30943914840599973
371.23661142554505,0.3731181653652129
367.4608627412787,-0.14713537055808956
367.4608627412787,0.5264075243483148
339.17313350863776,-0.09829156675243667
350.7074240717271,0.1323205620645922
375.5407362328976,0.5173667951096377
379.85393211947445,0.22613022742075373
374.54450227455214,-0.10885564518628144
374.54450227455214,0.23342757472823905
358.3244367842611,-0.23018300025614735
337.8584327265678,-0.6641159771124876
344.92648238801394,0.298665105240957
330.2742404894035,-0.08680894047404308
331.7569338651576,-0.0006806384302535662
367.39070794220464,0.7054331109350187
371.4297789324121,0.116688110843711
323.4670504750136,-0.8607218365759763
323.4670504750136,0.32652015035023396
324.6125398254992,0.11709848798091116
345.1562700081148,0.2371335934783474
328.63146172485705,0.24782403638266715
340.64345898465984,-0.3185649216713955
340.64345898465984,0.6294953342580811
321.4516823727452,-0.45988607770800627
331.40445031546807,0.6882132421152392
344.829822515152,-0.007224062173918355
347.25340456335914,-0.06188922905880645
365.2233948680502,0.2530641292408973
342.1295732150999,-0.28976124428197636
356.9941818734453,0.21023660536661737
365.1698728573853,0.14616084115596095
348.9721038374127,-0.23347711416749917
340.0261061280557,-0.0457587504733965
336.7840985231689,-0.30020875193145
336.7840985231689,0.27597323302654786
332.6457221770246,-0.004058430255554413
362.61786931560556,0.42599230153928147
346.01280971423216,-0.23449230589517356
356.50463355715056,0.14166650085621768
356.50463355715056,0.23007678502494855
356.50463355715056,0.3636284487985222
356.50463355715056,0.22917032042414576
336.72384322036396,-0.03436084407667295
336.72384322036396,0.8258364581446358
336.72384322036396,0.25298924048604476
334.9807828582653,-0.12306426374516377
328.68122210441896,0.2422982138803036
339.09978001729735,0.05069832709455113
335.28679634557693,0.13547046574308297
359.0151622896243,0.1864368433856498
368.51125828559617,0.06456373173796237
361.7457742194224,-0.21824108774637807
367.35377205038895,0.13111061968356807
368.47024380454314,-0.2858204314723025
350.8931470837685,-0.02318682956763496
340.74876010681936,-0.156773466545701
328.17153980166364,-0.2490360815177155
319.7879816245592,-0.30590184000834597
319.7879816245592,0.20786918707835866
319.7879816245592,0.8062912606245618
346.2969487978626,0.3422853098352334
346.1732802323478,0.06600178476423935
324.7319509591578,-0.24927470799013918
362.4423436714011,0.4302743240419886
379.5890957838961,0.11080737366751237
357.3053470135699,-0.17448180958024295
368.665065806164,0.09980902639892975
369.80480828879666,0.00015012225730970385
389.63037133010727,0.32804727320785787
355.9350758829856,-0.46233593675231077
345.81487890867254,0.11274307234441494
352.65229731358704,-0.21834745697015023
352.65229731358704,0.30846547588225803
350.20521232938216,-0.2545203222427972
364.7327687995024,0.40418080856045435
360.32904667743355,0.004089863571380192
351.47294350663924,7.600359231219045e-5
354.84148269712915,-0.026497336037664354
338.27253434135935,-0.5417025665060464
338.27253434135935,0.4849721324349048
343.5937259851131,0.17517877432851492
382.07174829288135,0.364582632683323
380.520108290548,-0.12688082440115522
353.8470294018428,-0.5114697257986336
368.1214012057975,0.14263458954303587
369.01213298787246,-0.2087261957666442
369.01213298787246,0.19893487493231987
352.25048411297047,-0.1457612149565648
352.25048411297047,0.2593276914025182
361.155091148391,0.21211202658946604
351.1385105384639,-0.07420233548509714
341.46864644812837,0.09363193292028882
344.61467392350573,-0.020520801534303246
329.24573925428933,-0.13417146229653554
327.0566731796432,-0.0269146137837879
335.7302253272968,0.2066303044482538
335.7302253272968,0.1677437079513311
354.2678906927328,-0.3249958185340347
358.50051643441157,0.023213825719608394
359.2194137590967,0.05186298273281409
393.37512132953793,0.4378223477420988
365.0922329795313,-0.5194012787645761
337.86497533419686,-0.44449552322168984
337.86497533419686,0.6307757061157417
362.6673966876759,0.5836969235620018
347.4986844662827,-0.34975799191863644
347.4986844662827,0.3844656394027197
381.7021151255307,0.13407457497851283
351.9330788469371,-0.4375005458225587
340.44922316721613,-0.1762210696715556
347.47354760382154,-0.046431843607479095
343.73356807757466,-0.1551789401115684
343.73356807757466,0.591661400207613
343.73356807757466,0.18853430896115242
343.73356807757466,0.4683193895967861
370.71496568772926,0.1430007302537888
344.880840162547,-0.013259931459742802
328.50912465546065,-0.10191171605242744
330.7574410192993,0.05417910161395412
343.7561749953443,-0.11518527355065089
347.65675174848656,0.4352682607002407
355.7769714480914,-0.1644647628338589
352.1931362148224,0.27085527977601487
364.70503171343347,0.2164989941619524
366.1251404430699,0.1432799924431265
356.5738936796837,0.12496929002918478
363.1789952397972,-0.20452191911624595
344.5602579660257,-0.18726352036765093
342.0453220593707,0.24314968312637575
364.20345282697895,0.08164821228479013
337.6063793545138,0.12178480931470403
353.15731158471897,0.11439429326492245
369.92676327349153,0.22470259408737547
347.86386668778977,-0.5595253927814383
333.5870224210955,0.10285663186891725
326.8204815394998,-0.1844166090371573
364.85047670017207,0.38326875291465967
388.61692014012635,0.5058638842848495
366.5946582797581,-0.4965210949883385
361.6926274291445,-0.10046661893227338
377.8126955203749,-0.10910549200684727
367.8998030539545,0.025868450921166186
367.8998030539545,0.21370523080099701
359.66530827732566,-0.20610123308676975
371.1381390171496,0.22668534218109926
371.1381390171496,0.3376790588898757
343.006211089844,-0.1858805575536735
348.341770331248,0.010133284823382382
345.62168419591103,0.07297095935314246
328.4317231955589,-0.13420328851350405
329.69328633743504,0.149044058246659
325.9549412921095,-0.1207844092069763
334.3227450138114,0.18737286304963163
362.29985517931357,0.4883009925238184
361.28533581900814,-0.41726510399621475
369.30759279011977,0.18789985192051972
344.96552882733977,-0.09455524262000381
360.1349177138867,0.12666604805576753
376.8085792100484,0.0109866473785587
338.4517799664455,-0.30069752594226884
333.11232798910805,-0.28883071348411704
355.7285507459477,0.6682952595710958
361.9298800561167,0.0016443709930626937
347.0320962736252,0.11352373772342617
338.0620837598981,-0.3717861922375505
329.4681104186131,-0.2076526546502464
333.54374003217254,0.271016980409172
320.34941797270676,-0.15385249568066683
320.34941797270676,0.41586949060069855
320.34941797270676,0.6345985226417952
314.57262511655375,-0.1515599015170892
314.57262511655375,0.785532164974029
320.04101917800585,0.272957868842127
320.04101917800585,0.6099697118687573
320.04101917800585,0.7514651197733428
347.53084712743777,0.27252435284856347
354.8790385224554,0.09169784537891701
361.5823935282137,0.029498974513558096
388.7038375281668,0.5190679692441336
362.2726583249452,-0.28183708294875487
362.2726583249452,0.2765923017664136
343.62587376459555,-0.44242564856949684
328.7108746395083,-0.2201237909393967
338.4054407845283,0.6015796330854073
327.46259095823046,-0.48187801935625885
334.83358534777886,0.10342984285989587
324.3788584754583,-0.23089651914347087
305.75250964023195,-0.21676363936046528
343.90814596618793,0.05442851889858957
343.90814596618793,0.5581244790046185
343.90814596618793,0.20751292770182772
352.54379693359317,0.1648837780528538
352.6543129114592,0.3903022453112044
349.4377268694734,-0.034069167352186014
399.5762027076989,0.40933453373622797
374.83609189135996,0.10740187556962155
352.8841581970796,-0.5953819014609962
350.1986430017407,-0.13087458641371086
335.77166067829415,-0.24599527331474746
329.6176294223658,-0.29765913252163045
358.78279250198324,0.6538461305312921
351.7608059963415,-0.26748677646082797
351.01942535210287,-0.7652709442641026
361.6555835578027,0.03157137186451564
354.8696659282074,-0.20274441944877708
305.97762703548966,-0.5693064378708641
335.62736635889615,0.15639072136605137
335.62736635889615,0.10783525795329751
340.41055574103467,-0.24962499483945066
340.41055574103467,0.4724270056659634
355.04524366405735,0.3059211163497366
353.8367275545193,0.09013874564448088
340.0217086297265,-0.08123112160001256
340.11361400350125,-0.00713661457211856
340.11361400350125,0.28267372559730575
354.2717055132789,0.20728111617495415
338.37489056482235,-0.341120809490576
360.45894142136643,0.34843137380676126
347.5323522669002,-0.1567610450729262
351.84282737793643,-0.24683255825698325
369.1735096600918,0.6295486456911021
367.9433054816857,-0.09677911520191174
386.63058767691854,0.014885838062809853
370.10535051715334,0.0738885512998877
357.4036633533075,-0.07403001090983707
355.9245798322012,-0.1662754293214448
380.7925143139855,0.405152694946878
347.32929295637723,-0.323812198365772
356.05854478646563,0.1428847757154017
331.5913604796452,-0.2669968003804115
349.9508225714897,0.05370941481191949
346.6655367548201,0.1823495662258665
320.8021951509421,-0.27431484327473754
320.8021951509421,0.20442044671210624
320.8021951509421,0.5000204619576607
331.59640702468363,0.4257167110459932
336.39459967573697,-0.09933166744326627
314.0601601050536,-0.3166980515943578
337.09963669764323,0.056248997152806623
318.0791259130313,-0.19450306870612621
318.0791259130313,0.5405666767887851
351.6903567321789,0.5137466513202753
309.1313397917858,-0.684291734979297
311.3154830221513,-0.08810472196262253
332.6714964802468,0.5749495615680189
346.03071162440295,0.007910893210805625
352.62062624583604,-0.06128758090869724
352.62062624583604,0.4612321171032363
345.7767922634295,-0.02223758697221001
341.6087858210024,-0.05485965101070178
328.5443623887668,-0.399978193337688
356.11030689117723,0.3495780955711325
356.4633647329896,-0.11293214546094532
377.475464256624,0.39448555038552513
362.63423496400947,-0.0844525147127797
375.4970536625959,-0.5198835946362124
375.4970536625959,0.3584721983465897
401.1910772646685,0.3433423299638889
387.68853107136573,-0.09571279665362908
381.8661673025859,0.0037140791154115504
381.8661673025859,0.43214486089152615
378.8139330726761,-0.13133762042753006
373.82996847712485,0.10665394157535957
359.76716536108074,-0.07104538914427394
370.42167179331267,-0.4731943496636859
398.49918114996115,0.5200470693783927
390.1526717890556,-0.04864875652151568
379.6840980813042,-0.20157324964975487
343.45871974457447,-0.6048110353078755
356.68445838094,0.38415205765568317
332.7053671956224,-0.2783902736659911
327.3651258620732,0.18285622071869057
312.7207593448297,-0.16857797173452127
328.6642171930076,0.11477848258596168
357.6259216777357,0.35193609829525485
364.1415170246374,-0.16126440915797957
334.33497794714094,-0.4500805499268381
334.33497794714094,0.3879407596703004
384.7199359081536,0.37800465896532387
388.0043613762048,-0.2596664514303484
336.8221420917261,-0.4940342910183517
343.03174739005163,-0.055706226664938185
344.0173863133135,-0.30618262434893495
317.41057208400093,0.03731619896598204
320.16011152783875,-0.1047800816771769
346.5902300421461,0.5066334265704882
340.08999019007274,-0.12264358176491896
383.3537620916266,0.05110129383911044
374.7636851546623,0.1111314229499385
367.46951759029736,0.12923046053560938
375.9451642344722,0.027155923571172025
391.7095739059049,0.32106539637004516
384.7458201703842,-0.4824826776923601
384.02313675070354,0.1788668674444125
381.24138464054164,-0.05144032064208659
400.69100075018923,0.4927283235522282
378.18780890544343,-0.6424427370684498
357.49183959410163,-0.17862163027893985
357.49183959410163,0.505617794111231
327.20313910210416,-0.12393583944844977
327.20313910210416,0.4302052333902111
327.20313910210416,0.5331659830599165
366.9035157538168,0.7565173467193063
352.44617891757076,-0.23282572773587162
366.24009011096206,0.11303125856170482
363.54340441778106,-0.35157153085094706
347.6800546775086,0.06841363508783616
347.6800546775086,0.024700885328456934
341.07554457252263,-0.02782622298059323
350.9747637488372,0.01497962827977517
326.6830291449359,0.06482577311635396
331.85357250337387,0.24932828228111248
314.3823781993073,-0.3200939059365737
327.7852752141178,0.05841598554331995
323.34784945038183,-0.08134829022640133
389.4673420931377,0.8951030708403778
394.828691041585,-0.024179389076152802
381.4645469377004,-0.18582616339620017
381.4645469377004,0.3146960165940982
377.3383999960973,-0.2488811361038188
394.80308851931323,0.06293463066072036
396.766812668216,-0.34844907021329163
380.5526501196201,0.0009611858757807568
377.43580969344185,-0.05581821407406551
369.55796732761434,-0.22412278501474248
369.55796732761434,0.39675511468192326
391.6757612878303,0.25447755432514896
387.32031392158456,-0.17838706328234366
392.43037984846853,0.4219792225811716
365.6361904964439,-0.29206105569392093
358.3620319991478,-0.01032117814168032
357.59187337455296,0.04278921901982358
399.5259034649134,0.6816070390924551
376.4050937034458,-0.39308029483629525
361.19912983129325,-0.12195784123775866
376.83347888162393,0.03412797560008585
389.59023786196195,0.19321985663555097
389.4069609300718,0.3301719064417057
364.7888155568087,-0.33629123721289034
346.30068612943535,-0.13092809313752696
348.5028313302994,-0.06186348572691713
356.8871636418044,0.3494346441233347
360.48475773145,-0.13774544914963371
336.40905322878393,-0.28580161242973645
354.0070877698791,0.16443211505486488
363.8133256883617,0.1855860196425283
382.6735447867895,0.48924149981382925
370.0529219953228,-0.31709677847163675
370.0529219953228,0.29938227939533135
361.186508180877,-0.03791462582796612
377.7020404319997,0.05219005828121226
368.08338025267824,0.0903177403307609
335.89255310170626,-0.7222228269092739
329.32223811638454,0.19604091113342292
354.8245334684431,0.725816408849596
353.04656138294195,-0.23425195428364987
360.07737825792015,0.40137660265486375
368.3491863182346,0.26153541478413445
371.75741002090314,-0.29683084423732
359.79854014070077,0.14573049152886597
362.2236410269965,0.0829814234141395
373.49566677698675,0.17234874434552694
374.655438346612,0.02875980335022632
374.655438346612,0.46359018879638825
363.2149262422106,-0.023888177038088543
371.96596686907174,0.3348199092752111
332.1289407751057,-0.34739051535609633
332.1289407751057,0.6086265052786075
351.7764018387168,0.2214707397379243
349.11062481362524,-0.18685418626125738
362.7218590512909,0.2711317033714522
353.1846019180116,-0.2737027356403132
353.1846019180116,0.35181429527142427
353.1846019180116,0.18774072210840131
353.1846019180116,0.8726989615911407
346.4102862492913,0.2354218052670376
346.4102862492913,0.16475466805991346
332.6662696396057,-0.090801364347044
336.32871987918446,-0.16263481759631304
327.0383703626175,-0.05496317256279326
327.0383703626175,0.38386800528883214
324.6890844631801,0.248242421864461
313.6907908768898,-0.19286666733910351
355.2546207028602,0.5008194803090191
355.2546207028602,0.3084690150259348
389.355415632455,0.6008413023524781
364.2780311248021,-0.50351794195808
383.4293990729782,0.1422145333726803
361.4520058394424,-0.12628436461466208
344.6882482294909,-0.19824381550427006
352.1429404591399,-0.027509586770634087
375.9820993783801,0.30177955150259095
379.450262188337,0.033983498322982086
387.69194286605057,-0.07393015671402736
385.68516886222784,-0.04780847616666506
360.94228384113694,-0.25779691470779653
345.8084549688337,-0.1956993342359965
359.6337443355558,0.17096983627720874
340.65932460083064,-0.08477796520708125
343.29511492164636,-0.08842232368533587
346.11581317971115,0.1894107060228407
367.18370671234567,0.25119142317612386
326.4931508316046,-0.6404950093261732
339.57417725610605,-0.15497388936307743
341.17729596177855,0.2588298451096307
341.17729596177855,0.4011025576223801
334.72985498864244,0.1265455187938187
342.28001542168545,0.08831418396107438
329.6323427823902,-0.1573872627561741
329.6323427823902,0.6417050729899074
321.10787798551087,-0.3364663408138995
330.79854000874616,0.06690951081804997
344.45101325378386,0.5380644138508615
307.48044808504557,-0.9173385375476073
330.77681385363553,0.3301471113830985
338.76602433278697,-0.06217544401283703
352.9548745575201,0.36664030477800225
355.3975565060009,-0.38429824995250783
336.8722937694207,-0.1613856573137582
344.6855121023287,0.28976525933865105
337.63916600733216,-0.12145467445350278
347.46653055003424,0.21171430804315605
368.51013854844143,-0.08547996605875596
397.14808087822826,0.28029875217839617
410.14395230368524,0.2700418396668738
407.8568805672715,-0.24308621703380595
359.78618959606735,-0.46283789022959354
359.49715861078164,0.34889861745182316
363.4234992921784,-0.003225490797490238
352.01490482863306,0.3385625749508563
376.3429772961332,-0.20790623617563142
399.40116953520265,0.4470668541488294
412.8208514246075,0.09343666540212325
384.71540254924787,-0.31624074248361467
341.1288788660793,-0.7720037477571395
329.7260787407764,-0.2600154004791193
329.7260787407764,0.3217558377552905
329.7260787407764,0.3325088400832783
329.7260787407764,0.16548284718453488
367.7016628924325,0.7812665549098483
340.17991462029795,-0.4387976496554984
340.17991462029795,0.325570530779828
335.1011768774861,-0.24086230864497793
341.3213144258991,0.06971133424531217
327.4402146208422,-0.45946325946329125
327.4402146208422,0.33543101284215027
357.4895893224118,0.3972555167848668
357.4895893224118,0.07474215488412028
353.2560126081795,-0.04889694157679969
363.8681788232136,0.2383535431637256
345.71838191285264,0.15120546978789662
345.71838191285264,0.3008947166066491
352.5737658999229,-0.286571610402234
346.5380872432803,0.1270673451390394
397.45853084162337,0.4556846236196179
375.71376195235734,-0.42764980550111886
375.71376195235734,0.6616700883799922
350.5980047152919,-0.20330892322556338
359.5017920366727,0.1760316009019789
388.4076678247929,0.3272126057386231
388.4076678247929,0.018534423628125296
344.3284646453888,-0.7781782199991767
354.9166948592177,0.3083647498905293
378.72823039397247,0.3953793084365316
381.4992627003793,0.18874083560706367
361.5530737207111,-0.3744893822954509
347.91876151601724,-0.28725713956850996
341.843103311576,-0.03367578311133457
359.2839386495461,-0.16922362651200729
355.60364607746584,-0.0327687007466011
335.0571674422254,-0.302071671925205
349.58653186539703,-0.0011627056278484815
340.8511756315045,0.10658671231726657
339.0196221510312,-0.04667502692245762
358.3742895232646,0.18881404017838577
358.9851590055608,0.4481411123726957
366.5161541185003,-0.16657359155010454
350.6204305617258,-0.2789470191728469
348.5005631850165,0.10071493730504244
340.61994055300914,-0.2828321676847736
356.7487260320202,0.2451071724344729
339.3690454464967,-0.07619015255249906
332.0609375661617,0.14063812109611717
365.68381002602445,0.33234906402276465
387.6737577292524,0.4425707031887214
372.5775976571779,-0.022390084423705048
364.96440704914005,0.07160322952552178
347.8296363730076,-0.21733411761010757
366.21645927756526,0.2578017680203857
380.7513282652189,0.3967262775348672
371.37529662952016,-0.34044877757560243
363.3673370569138,-0.33788205209214084
323.6224090475375,-0.5319294823257223
356.82245603661767,0.5137355289523384
372.9770117286773,0.23768189323163824
339.3734892159345,-0.23044470511172221
319.9366593949734,-0.4365661318375942
330.5394004768528,-0.06956978890229948
348.86040718716083,0.23578187065538714
307.2036620802827,-0.4095399172585985
323.6029300562174,0.18019184203194527
329.2087412677984,0.003520809569181438
371.05347443817567,0.41940334009086655
320.29746657374955,-0.6102021613139641
313.3691830365954,-0.24677392062199033
363.5383394463649,0.4573178334253498
374.32511418841426,0.3888795590853533
338.53813846380643,-0.8568486606443457
332.0313739097852,0.12612926384611
332.3939260816974,0.021922152564457065
332.3939260816974,0.6863670980828829
332.3939260816974,0.5823031233726397
347.00669671172324,0.1291203875634892
347.50841454273797,0.20099086344725947
343.4947740694458,-0.10002532713724577
328.62053684520623,-0.18879692197174336
328.62053684520623,0.5120167598392982
328.62053684520623,0.5144576519136308
330.46182594701185,0.23459507129041413
346.64861031433014,0.3161605951711408
346.44381117701295,-0.16933381555350024
359.92424526871383,0.35538993255954665
355.83276477528057,-0.21707606475627017
355.83276477528057,0.3771342532321569
389.20538673670467,0.4330918405587454
358.33720677192093,0.045068502272897604
390.01249390188434,0.13396340390045225
379.6208449863236,-0.06631015427785769
381.4281218046223,0.28337869583845077
376.9838624172929,-0.264633511240163
366.84256799320093,-0.2140261797983385
365.3656558967306,0.23404012784828865
354.08120007832986,-0.2737792488943569
366.05524095867685,0.2605291133721721
354.1475256646457,0.004078107242321494
370.111144752336,0.2728346540138773
370.111144752336,0.5122019488510432
379.3443813965042,-0.05624657180987924
341.75681002183205,-0.3626856412097368
303.9137948739591,-0.607812980611584
363.1341771501881,0.6238939970099864
349.537105343176,-0.08990139384684426
317.77857000000034,-0.30890406250318847
360.24159135621517,0.6025244651855246
359.61126960687426,0.22480726574394794
308.1153779900641,-0.6894433083947433
317.46343012542076,0.053362312594344985
327.753597540899,0.2677508265189772
358.114816638007,0.23485444387790722
359.6650190812468,-0.068135059229121
339.7039344423115,-0.171225877703705
339.7039344423115,0.14493420248300026
329.33911720900073,-0.3159409166439673
354.5983778991002,0.4622378971712351
345.6928257169877,-0.23649180923825952
357.295638480401,-0.07557777471345162
343.87235660186127,-0.20543285445137371
355.2894020680262,0.2250422659431024
376.2103718455833,0.6543177883623912
358.8914736904186,-0.39684512711573916
366.6528281288755,0.08807509066809871
366.6528281288755,0.3425377805081098
365.2030312139524,-0.28536337127275146
340.5420822091796,-0.03325051829824588
325.85436038945824,-0.3606512890561362
332.2492636356079,0.41323364156914977
314.15132983516065,-0.13053886565057837
293.7597250866999,-0.42991581629576103
323.5974967207827,0.7580470763500671
323.206321594368,-0.11207508781285469
324.20407995118995,0.040246193698067145
339.5637887951073,0.24019743816188566
346.5496963536968,-0.45413452935031273
369.4096977727108,0.3207785599588533
341.4969616574483,-0.22851905936818184
341.4969616574483,0.5182276487794297
339.6701232206195,3.154508362968045e-5
339.6701232206195,0.514527794366586
348.612939850252,0.022427006806992722
349.1300781900893,-0.16967748270906213
355.56710405277437,0.11206375870460761
358.38752826192695,0.2298341465248086
358.38752826192695,0.48121381804196517
349.39831440344744,-0.04945983465859172
361.5627438866246,0.04991036456738129
358.90950479014884,0.3716013128953364
361.0248824604531,-0.04325715001345998
341.69327615887545,-0.1165245675292681
379.0915844953397,0.01085350671348806
351.8241440610905,-0.03586523533635955
377.67360847715946,0.36174534496672095
378.05632656613034,-0.16613658031837986
364.2350233636982,0.008002457356496961
392.5281721085897,0.1661085702330638
381.8199945932811,-0.20051058535113953
374.0371868361435,0.07295172271892625
352.16474257153476,-0.4564074849588451
344.4998795039454,0.20695497087058357
344.4998795039454,0.043018855768877984
361.0768569406633,-0.019410093224792035
368.9219503189564,-0.07025565312983417
367.975319772055,0.013340317769461763
367.975319772055,0.32388256254807857
304.7247768510513,-0.9634743376556116
304.7247768510513,0.47709410939876307
304.7247768510513,0.4376237665152303
304.7247768510513,0.400019744351539
344.9752857232133,0.4993099155070695
368.2040891439739,0.2522080866323222
400.56507920799885,0.7406880176282584
374.2627414109206,-0.3556697530277688
390.8958745974531,0.047272941554297176
343.82199900737174,-0.4086688185808498
330.6304360999153,-0.12939962432869834
317.16769485616913,0.12807783082052993
311.3321091980718,-0.3373931965227257
354.1005990674532,0.29984561477999705
371.0960426251654,0.5830389883038833
363.7340174803708,-0.031778855809534434
345.19045110797174,-0.5209203751281848
373.6758464103598,0.05538383373061606
377.2179119900873,0.024012219151586578
359.97635095771864,-0.0663722465731098
360.45312891853354,-0.039703840905986
356.0106143830524,-0.18102119362436042
372.25797010447286,0.24624874204619118
390.17516506102936,0.28829979547140283
403.8955606938584,0.10043620201952308
388.66872913204793,-0.30180927245112343
381.8741089869922,0.01982571034443481
396.2539481754036,0.20437340940179638
384.44789691352224,-0.09109155993314744
391.98153440346147,0.1720818733986107
387.1679105448435,-0.09592060363206656
362.36281084006976,-0.18411266512566726
348.7808259763365,-0.15496084124310983
347.3415538868079,-0.10432834621667553
304.2607520350271,-0.3230368352601545
349.9924959132223,0.5396265866224894
336.0988719484687,-0.29416949163737627
316.91313727337683,-0.18100182737350679
315.77294921488163,-0.04993733815638279
364.39172080725376,1.1984940143881886
351.4462727187513,-0.352670293867277
327.583649956213,-0.5814086056585666
327.583649956213,0.19740319293669017
316.43095591069317,-0.19848248781670463
325.1048691903747,0.08088758476333169
325.1048691903747,0.8369099306318049
313.14117480367554,-0.020117703182449986
297.97707511314746,-0.6276701205747486
312.37995474632504,0.4750343560995134
344.57009182167076,0.22054755751946686
352.21809094162313,0.23529608735179863
356.098304690333,-0.09718888437055284
344.74322973166943,-0.4264527272405303
334.9522416573514,-0.006594274857093296
334.9522416573514,0.44613224490967696
347.73797484069917,0.1698631048450352
376.3054555148673,0.407014431699281
362.34280036750283,-0.14543436238830054
350.52389027376756,-0.014951462904946311
353.44719713237737,-0.5001783751728226
367.38397229224273,0.2617028646681092
339.4667214732861,-0.5306598654042318
341.8258046530873,0.052320488081932126
370.1133378473954,0.5232918713695653
347.48373098797,0.03749475361860277
330.48344613751385,-0.24022560099069779
330.48344613751385,0.1512571971327361
320.43808497389045,0.015301482505151398
336.7822187082007,0.26051073996711693
359.55861154497194,0.34069801180908144
378.7196906430613,0.05959615944766483
352.6409068320256,-0.27117307824948966
363.4197941351296,-0.19350636781575759
398.05358052776734,0.4429088211317094
375.35096273254175,-0.0782358435731112
372.5765244935901,-0.2393184976779139
373.2900582136189,-0.04861861336257789
352.90374778472477,-0.2955304095410156
352.90374778472477,0.3597468287468928
377.02157932111885,-0.08912172758562065
351.1705713858783,-0.14131436740296976
331.634907552993,-0.2658065451073526
331.634907552993,0.2982033885284636
326.11442494096576,0.007248490578376732
326.11442494096576,0.2508704983699772
334.3288512913775,0.09946493582788207
329.10117439478995,0.023617234737457693
329.99807484470955,-0.02304504037329025
327.5251573717121,-0.22800096177365958
327.5251573717121,0.7489793343651172
328.1590003502349,0.1397294812580867
339.23382805677153,-0.10549041519459479
356.7503993475741,0.20269535354395884
340.51776651727965,0.021258895037931325
345.82702490534234,-0.2345785929774138
309.51617599399714,-0.5140684734431034
354.77398305846725,0.5748314037230102
368.38657004274535,0.06711638142439824
351.64976704942165,-0.11824146120966361
345.42325374426105,0.05244436253644835
337.57701835635277,-0.5439140512546601
337.57701835635277,0.42653006749492306
362.1407386366627,0.5388321269954304
360.2514105198142,-0.07717574067851274
357.134561603701,0.1007901490365839
346.7679192085142,0.10698441241686396
360.9590457168687,-0.16649609949320165
349.626235621725,-0.11265625990347417
349.626235621725,0.5892939189982371
350.90322901150483,0.11525731092001479
357.8533025997052,-0.45967939635170296
348.3524263606258,-0.30251832902922615
338.77700554059203,0.11130512385034308
368.84963826676557,0.05967895951664559
394.8431829604449,0.6741041972135235
378.1790801663441,-0.09625022801810701
409.9765010091742,0.27624365359019976
382.2862382784675,-0.49658730913961335
402.29792131693426,0.44299178121627847
401.610321811781,0.10575397081458959
376.401391909106,-0.19159983720840046
360.7188871397361,0.020211961073187013
364.84255774202535,-0.03353052270404078
366.06662189510786,0.16570162230027563
363.2181926165557,-0.2533612596753301
357.68156864613104,-0.03274002000409837
350.3882902289813,0.369574831847558
350.3882902289813,0.30392516591393814
346.34171817210745,-0.49598069262742683
346.34171817210745,0.5261389800400593
342.4519984757107,0.3805291849719197
345.44762454124117,-0.16632161138943502
349.6832500912223,0.008858233112505332
372.6480624748429,0.14105319223267543
332.8267388204282,-0.20526177079182162
343.1187869388439,-0.14240510578940757
342.8415935527438,-0.29080145125510626
342.8415935527438,0.355689753016577
342.8415935527438,0.37190640061396607
323.91390286269166,0.19227972958810824
323.91390286269166,0.46586675324010685
345.4791999866152,0.36507013222149
320.27465443598857,-0.4863106088218956
370.82543863148845,0.7832790031543482
306.96925924291827,-0.9252141598055914
301.1415003430208,-0.049500019311835786
296.7503017021256,0.014323494225550348
301.55848640844795,0.26383361436546693
317.72032180090565,0.0037513704523917113
308.08719363853845,-0.06433074324922927
322.8892473774448,0.35698851978668245
314.7100953010686,-0.21203941733710963
362.05494191821856,0.5483485407291937
394.737490696448,0.21216514234674833
382.28979273019183,-0.3083227213496684
390.06066308227685,0.04986873174561879
390.06066308227685,0.49479676121507055
375.4464507020015,-0.1497892092706934
392.89484660917435,0.3249411084179883
378.58113745181527,0.12235280179402253
378.58113745181527,0.2348303911704761
328.8248065791281,-0.7706944791883643
328.8248065791281,0.35276695115851453
365.4362547101376,0.656102931434134
348.9015923006155,-0.0887771448813055
357.3956393649755,0.18578765586630652
352.60017291994046,0.15283409880055387
345.533167395369,-0.38887651828724756
365.50502625987036,0.056802207223427104
360.8645817351142,0.29901030568044007
331.369316540688,-0.019491511805426853
342.67438125354994,0.3455863463739206
327.68251628044226,-0.17634032972273417
347.2400552215407,0.24826607094951214
347.2400552215407,0.26617515478562837
353.2807443004821,0.10041975391118285
321.39766810172716,-0.5773791219809254
308.0785060695218,-0.15233874882835607
319.38689876054576,0.2319910224262003
335.4053622617733,0.17663988498975414
313.11514003966795,-0.4540041310687002
313.11514003966795,0.7351747116584875
313.11514003966795,0.4565234680319463
298.06671399538783,-0.034139700624223224
288.03167637580293,-0.029500265479782684
314.5569706965722,0.17825165425915657
345.49172033287743,0.36456282972119425
334.2415223441483,-0.5343278873021973
348.0763499888917,0.6178166520982131
323.0620483723354,-0.21712664661004055
359.90349990321687,0.40391278639378925
368.47269900343116,0.060009942715623765
374.74187563405087,0.3507320331517576
382.2773547391436,-0.23762691926310708
387.44765418107556,-0.0421871023085032
355.92974495833613,-0.6715521442965837
383.64865097394653,0.21399766966146672
348.6736285528589,-0.5055384044660514
372.20433873722146,0.6628350941629151
392.8241540669844,0.01577115668260376
373.8711923629902,-0.22765684553405663
368.2662256646978,-0.20511884028655913
376.4039581656558,0.045777467793300275
344.8926300246071,-0.4905193798392702
359.040092602902,0.1092228816332863
342.78052330203155,-0.26079819813026006
338.6617205009638,0.03123238586840671
338.6617205009638,0.7526510149798469
333.64014838177286,0.2761748850980439
353.886103396491,0.5324045504796686
320.9146338135919,-0.5776624138638908
320.9146338135919,0.07534936111881052
349.3953641428461,0.37705107984754704
343.7069311272832,-0.2705754863770835
366.70623578864837,0.26239460461920316
336.69063638282086,-0.08523791570326011
302.83907575432283,-0.37423869672215915
329.99670299237874,0.3382409732621454
356.66398221428386,0.08922088796202843
357.5631687050734,0.2134666063717532
337.95226312276566,-0.30715868641902944
359.2613827803195,0.49944952347561866
352.9573421953813,-0.1961115350613909
346.1978735457862,-0.3663548499357603
333.74422874951125,0.08039430962071492
370.4035059572342,0.4840276276139548
340.1342914718502,-0.23103319631422892
343.26574462293763,-0.1280465635843484
343.26574462293763,0.5435535991796314
343.26574462293763,0.15447106435601654
343.26574462293763,0.3835047196986352
352.9072373316596,0.24771434147135096
357.42596810261807,-0.00022781220388878864
330.41221995858484,0.018690259536469966
318.4199826680186,-0.07618381016720832
332.87309513179076,0.29106693323024047
343.77294598814075,0.03704003279335666
343.77294598814075,0.42778343795089313
378.23203338933786,0.03832366807398557
341.6912690708362,-0.6388751579415839
341.6912690708362,0.5033863564700596
341.6912690708362,0.5809898905160935
346.74481179780327,-0.09180877256449094
344.8081691822845,-0.15030772760019318
340.4029634536143,0.06042036682856633
343.3045649977904,0.21404195839318163
343.3045649977904,0.4260141011059204
338.5822265398428,0.08007691705552133
338.5822265398428,0.31531271252390525
373.0666682831956,0.2736595311043857
362.15785021010726,-0.43631962115250644
341.5998370736902,-0.11194790760850992
335.8306844669106,0.07617780540658714
346.4208778331505,0.17551072937499157
359.3548766907828,-0.044288487538551635
375.3598770056387,0.19456348402479762
386.6832445491844,0.22296506099633007
365.25245716271144,-0.4528583848964445
333.73877536591664,-0.2927562989056014
333.53518993836025,-0.03702709972480989
322.0485143369966,-0.485439811822971
322.0485143369966,0.7007509775381777
361.22761618271795,0.7782258614205375
372.09398447457374,-0.39458608591587563
372.09398447457374,0.42619407321410563
348.7332824769096,-0.42501379391728733
372.3323314164955,0.4442047311350734
359.40911837834005,0.04894449834785064
374.52018903515267,0.3332082327342505
377.7782847276386,0.09075020337638762
377.7782847276386,0.5591532896398803
349.8818633550883,-0.13277319937571974
363.83312167979363,0.17079698738666593
368.37427184538274,-0.22212528691625266
355.36016486569446,-0.0726989631809829
386.09268983157847,0.373652508422083
353.6004560247123,-0.09412720304953837
353.6004560247123,0.558146157850615
361.132048759539,0.5104831972155353
387.3721817923576,-0.05407025708177571
354.81373698487675,-0.8235148159263872
351.4757966695115,0.17376942320811395
332.89572850986514,0.010647195344972715
368.9470806327379,0.045117803929997535
358.16520508021677,0.09252196767283749
369.2337260310222,0.087569713215089
342.44195818785056,-0.4922918596275849
356.39631080109973,0.15156955937140992
363.47435756888115,0.3616855418046043
358.0102879977227,-0.08242010666037913
368.95572937697307,0.12954996837402177
380.79063880236,0.12672271827716486
357.81514545818266,0.11767320199999176
362.3491640399308,-0.04315373777660625
349.55755966287205,-0.1838369310833059
360.88324501840333,0.3409711527115178
360.88324501840333,0.3659968704621406
371.6260774015649,-0.06835338179234896
360.4678279431491,-0.1792582325482499
341.6330031323783,-0.2120987334927804
362.2180677806673,0.3737064925720688
344.3134112050937,-0.12773261594111318
352.5559991776088,0.2080631539197384
309.20441602424756,-0.41289044033692335
291.76341491514637,-0.24412030861594758
313.42376621012454,0.35183536005229143
351.931802226454,-0.0014788915907502087
342.00452100635067,0.09526864826091241
374.64492521345375,0.6340285042975893
360.3760536178374,-0.30474203914172904
363.03750928860626,0.05487185897572999
354.6711069958637,-0.035781365461389214
333.65139943681356,-0.2960099046289315
313.5835764797987,-0.2972936841424598
331.8125471963515,0.017330946960896654
341.36170764156896,0.06104892166138143
357.283192688388,0.03418981376046304
376.8890697392284,0.1201079388808921
349.060794594249,-0.4482506486829152
334.37246476996194,0.039487701493953864
335.1182876015671,-0.03949908562901783
361.710391950053,0.3569380676351557
352.0747085268506,-0.1567574203576214
341.67899558956327,-0.023430582508353837
360.5855168121484,0.0930984990941397
383.0529723076492,0.29027559039457174
360.41455530046164,-0.06824922621638052
347.4640610959246,-0.06374306085240278
343.9569386194582,-0.03252117695569723
335.6415712115444,-0.5652336300681782
341.03604133544303,0.39862906170912993
351.8657567714472,0.20544303275733
351.8657567714472,0.37709294851674713
355.6259616123261,-0.002163282972333036
352.29212401769826,-0.09092546024214698
331.90025009277315,-0.1181333093001058
340.0634090469395,0.3153398829706475
341.57198704143485,0.02329288017381259
319.02674791032206,-0.5665644317152783
322.2813117197656,0.2757621563871453
297.2433916693052,-0.4878997916935077
315.44103817376083,-0.2516181089769134
316.2137600003445,0.2569952865600271
316.2137600003445,0.731933929708589
368.6558123092017,0.5687824589901993
348.0136369512244,-0.16909596833033902
334.2043378829748,-0.2512658800700365
334.2043378829748,0.22987938092921922
343.131743643133,0.442035306884236
365.6657897841362,-0.07166008548438185
357.5153216579585,-0.14465562426073575
332.4648720896518,-0.37838418475132585
334.812252749171,-0.16706409703192548
329.3916177523285,-0.08211456504034231
333.6545242809194,0.008847348700555813
326.54144621004406,-0.08512182774745725
326.54144621004406,0.38921423651663645
340.35640429846615,0.021593494283706605
350.51659627725553,-0.0637513051968881
350.51659627725553,0.19367967953678544
350.51659627725553,0.22765197746127797
350.51659627725553,0.29997450754558486
378.500926277388,0.38266924020501847
376.81520378156273,0.0661762301277804
387.9048676260782,-0.17667330032088557
345.7204489687394,-0.5925726516534269
345.7204489687394,0.1740054326464815
364.7333389899857,0.26800689282367784
379.2420849950808,0.10305086722405576
349.34956891179854,-0.020482525181591882
339.9248519257509,-0.0043793348054350645
354.69234183111024,0.21728478202703627
352.9606070221743,-0.3255552922080369
328.01675862704394,-0.128838705811404
340.4583986780152,0.15462128927015328
339.675744350393,-0.062268122642763046
351.0072386474605,-0.2736340470655705
366.44294959530276,0.20980607926026096
378.0333496867732,0.2860407278681123
381.173385266538,0.01335593508497368
354.44277418045624,-0.431054515366327
325.2791657823271,0.06995919971313924
333.39436568493807,0.11736821833358135
358.94992073841746,0.40106353199075784
362.9622434981685,0.07920406702055516
367.2131400053631,-0.03530618056106505
351.40432213129037,-0.36887652527047976
378.35294542762483,0.2294505373940865
377.10712358056026,-0.09117868632074533
359.36888053305603,-0.4264713512562821
377.56924646146285,0.31977045124676806
377.77159469394405,0.20788840247098506
368.55387797803667,-0.14303478478620946
368.8133718976495,0.06725707110092571
366.02534652196977,-0.09802232329798244
362.6832864655664,-0.19247117781958423
372.2375326023035,0.23497127397160966
395.67468817371696,0.32519376517427645
381.0987685586487,-0.10254874588849816
388.15924892580995,-0.10487974754209972
435.57683003301827,0.04644025365666948
386.89993933041967,-0.47387204361723434
386.89993933041967,0.178388266454931
374.8570740371635,-0.26117701504608704
374.8570740371635,0.31798760797494197
332.8791874261385,-0.2099625538944565
349.0058128315737,0.1338481291639937
337.3144184158339,-0.28126611851917005
346.7069538519374,0.24394120184820167
344.47355644757215,0.15238409833409605
332.2364403605603,0.011667559424495266
346.6845550302614,0.16876197713372676
322.78196327061977,-0.34479408680863344
327.90757593826174,0.11960153901827653
373.39833907081436,0.34789071765987956
390.41722284754553,0.08608185321918427
385.1195215996281,-0.2984737960445045
385.1195215996281,0.49207662835431165
370.74842517089036,-0.206784268923343
402.8975529626341,0.1721468130112953
388.82812461714366,-0.20123757385783847
388.82812461714366,0.420565038897621
388.82812461714366,0.12111870854187146
409.15315643561956,0.42778462500450587
409.41798713152417,-0.04534410356779972
370.99663257121665,-0.09508407189400714
346.30572974929936,-0.516497793845474
346.30572974929936,0.6175915967702394
339.4428272477822,0.12276632951079591
372.1722606521093,0.4025799922421811
349.413148078166,-0.2781213145294714
359.7874257309441,0.07206601570055682
324.9671626236759,-0.2812441744881653
369.3548623369921,0.9898438028235432
357.17650657074506,-0.47086917125466243
360.9629084379365,-0.1033617708546899
376.23831701251953,0.35851169747388667
346.0125451669138,-0.24645938127275713
321.2120205452477,-0.503491687819178
321.2783936128774,0.024407413072481177
293.17395069903023,-0.315249830325115
293.17395069903023,0.25330983465346435
310.9369287113848,0.22471138473224528
314.9903812899999,0.1406167339981721
368.57652477877264,0.6032853084857379
361.2243774054669,-0.12677349290561324
373.6195748676595,0.12162472101420008
349.6322997391119,-0.566277058570904
357.0180383533599,0.2984213609638573
341.9571577788926,-0.18851800547622588
339.89731077697655,-0.03134096895882976
345.6386010982366,0.2193294455321393
340.7908689284956,-0.11230608956839205
340.2704163193475,0.08291977969042819
349.6889945120276,0.11578713411438457
349.6889945120276,0.1277079402742629
349.6889945120276,0.2505536342542882
348.11207868152457,-0.28586880400735026
327.00541847146087,0.061066293631256485
332.4090090613996,-0.16073719396160868
317.9477354187746,-0.26543080993235435
327.92202943695816,0.020593170055235532
314.0109590063388,-0.23636265839149928
327.55255114896323,-0.07002631338673382
330.6659480088289,0.07713834684466292
330.6659480088289,0.39746389301058116
333.8313536527623,0.10905089778748334
333.8313536527623,0.2761428829928718
331.5246613910551,-0.13086154786014959
331.5246613910551,0.8511290811718482
348.7917296222198,0.5423338805810545
352.06524066249943,-0.3205427742336724
358.59956162183585,0.06471451808283746
358.59956162183585,0.17740864350605534
337.6303414173614,-0.09295978468560406
342.9099564206895,0.10182633019780951
354.01250488092774,0.18435472236978967
369.12847123686,-0.12583755685591314
371.8723161972004,0.01190565048591452
354.3496260269737,-0.14319556525401822
345.45744262642967,-0.23696047739838377
354.5047410413384,0.0918688870879123
362.08835960767135,0.26573404058080996
374.4869567596707,-0.07718425106656923
382.5397072096835,-0.10006266707227951
367.4829964422034,0.07194272551055292
382.4024182028629,0.036793479283232955
366.842645359574,-0.40255696756617
349.3242621076634,0.2743462753860513
338.72471384696337,-0.3110708869987775
357.044521656118,0.21905881518398473
358.55230079242284,0.2534943737005051
365.9184176994705,0.12462410986245231
368.4646943796991,0.13998484007038314
344.43651351850275,0.09950490597407224
369.0422079764887,-0.013769904532409782
342.65851834056076,-0.3968262231908284
347.39794989586835,0.18625498009191688
358.9403607639876,0.19526132372470784
389.6116890947583,0.004574028962565535
396.413720514663,0.02588422484802777
380.89909975308626,0.2247350500556422
356.5396047772191,-0.16062188583214265
407.2289778647618,0.7149181204297292
354.10609552610316,-0.5623185678105074
361.50989997602113,-0.025422128965601587
348.9112337911474,-0.06220917813277538
323.5970236535159,-0.12940758068396008
337.7056207924797,0.08790589374518731
341.71980430534813,0.06455987528090645
360.53325044790296,-0.04428033736769521
357.36384229809573,-0.015534962526544405
357.7315825079105,-0.20106823902290216
359.0140931986745,0.07071292023124442
346.0007680868047,-0.006188221625961887
348.16677415282146,-0.07635545403559263
350.77749603808576,-0.007907157920953978
350.77749603808576,0.3402925738888598
350.77749603808576,0.1427273631644539
340.22816241992246,-0.37415561967350186
362.8821172648439,0.45012331218333657
327.39868647900084,-0.45248240314583654
361.52911437992805,0.25363978642189977
354.21244515835036,-0.04083103627476703
364.96652913078384,-0.07787964409715187
384.9448228611754,0.19435732725924026
394.5921217451392,0.3813896048843617
385.13585323006066,-0.35330145957073
379.6824864898406,-0.17971386423437252
381.2638904379284,-0.21302504512857467
375.95876936967306,0.060521850034092495
371.18619583998424,-0.02275622134573041
361.4848936645837,0.26043812270245326
365.7010633020422,0.0974131821001265
366.6020299040709,0.21590340284956255
387.52912983014505,0.16011621730399384
329.5976217080248,-0.8056032769478634
329.5976217080248,0.10161581813383691
364.1506869119627,0.5040708894464387
356.0075882936912,-0.2554849941872135
363.6854840063942,0.3640753938441321
363.6854840063942,0.16980438274413245
365.5990640750538,0.05915633511733631
348.82895236584665,-0.21006120893264324
359.7411430830649,0.3490246667270185
359.6207850988453,-0.1764207644197313
353.6390791440939,0.0759542592577418
348.1457613287782,-0.05776077146538228
354.2957445380103,-0.1290589023215034
376.86853463581633,0.24638311091598553
387.27614930261694,0.11502835424005298
371.0035879816031,-0.08073280235635139
385.48804269378354,0.5619165617232511
377.1699946190135,-0.014497835786414726
359.5127221220489,-0.3455528234311487
374.05443896339455,0.34812371626821914
377.64336542762373,0.2136862447414387
375.42675805300587,0.19262797349301763
382.9738950971959,-0.026179530468994017
387.5132302268034,0.24082374945282936
366.52091703074456,-0.2826109512068342
366.52091703074456,0.14644881365029505
350.50938973237334,-0.08028752496352354
342.202593956532,-0.1771487248779522
342.202593956532,0.70393995254517
342.202593956532,0.35763990040049976
349.35427658461174,0.4701706808762083
352.6410113930107,0.1303832463568142
340.3338395023851,-0.3775869834120158
343.6403766418061,0.015658004093552336
335.34897923168955,-0.14473808811214894
335.34897923168955,0.2465579059354468
304.95093918120756,-0.24408956137881432
327.0801298198108,0.11346195271062243
327.0801298198108,0.675576004964455
337.32245168757197,0.1635510525261452
347.3137997708901,-0.08469381482041172
339.69065853665796,-0.13398012467450826
333.6835802344944,0.3863495081266137
343.43207604083415,-0.2907885854010601
345.3109022860921,0.46048188337067586
313.96533070165617,-0.14216114135558655
343.60295494517885,0.594960578192854
341.8515945268595,-0.060333996404210666
335.9670736286575,-0.4137793501732858
341.67730418838335,0.05438997709575233
343.0801317282393,0.20805260386384816
343.0801317282393,0.19223205286209577
338.60236530103316,0.10105653428092864
362.61602361702325,0.5210064731046486
330.1838886128493,-0.8741831356796865
337.7995339334973,-0.017319996009177885
345.9603283578341,-0.42515654861142593
332.929933600379,-0.09589238409239442
385.4893963134809,0.5013965184168683
356.47448181475215,-0.041610031876302855
343.8988933403431,-0.46130831996845245
343.8988933403431,0.824679423474663
346.4857922340592,0.05173782589076836
391.3500074595226,0.574598039085231
347.2310870477916,-0.06735793889902197
351.0352849716615,-0.16718606670292502
327.2562336735099,-0.18156427243275175
360.76070371541897,0.36241555534536474
309.8902987877299,-0.5213800793974315
309.8902987877299,0.7217331061476671
320.40583973612627,0.308271296434782
353.64852440561964,0.22327641412039156
353.64852440561964,0.2648679622969894
366.5262759258277,0.16204597205023674
361.7783068983704,-0.35107647375753004
331.26560105365803,-0.26297769021584827
331.26560105365803,0.3015612739492326
375.7752464950544,0.3233872946898373
375.7752464950544,0.1977919884553785
385.43330801524274,0.32992556157671515
365.01388005416203,-0.03951735252610433
366.54634262449133,-0.10821912152232471
387.6087681527297,0.3400958504001892
370.2108626946805,-0.0697136346636853
370.2108626946805,0.08969592934784032
400.51303177177516,0.2218052429710724
379.03959238077107,-0.5248412420979776
366.00204796265336,-0.053321390329529095
348.08288202783115,-0.16899425124438494
332.56531853805194,0.02445088535114337
356.2068864130382,0.3535650543651627
378.37473604342114,0.025276284874962585
378.37473604342114,0.48571236614282043
377.67308600752773,0.29823123029495946
382.3646465307968,-0.08508076063446879
371.4201257742083,-0.38308449582575577
371.4201257742083,0.2641078643682704
379.4061112914971,0.13960516393058242
362.9655141196081,-0.36746138820694796
377.66647386254044,0.5900436934495019
351.834604286824,-0.4416753191734415
356.2960978069685,-0.028298316106315724
328.02048838784697,0.1103331337118334
328.02048838784697,0.18390376688057586
328.02048838784697,0.24001923978585182
313.8618466592613,-0.22290329164172817
313.8618466592613,0.3525427573807747
313.8618466592613,0.26951550590717943
342.99122006425216,0.29770908637885896
312.8112083992274,-0.38798676127407816
314.5460124809075,0.046015126097699977
329.0774590477422,0.030611651869321577
345.120611829268,0.33146273450790886
328.50573806628404,-0.29803179175314654
334.134779412822,0.14892465029674895
309.072709354776,-0.6122964051279496
309.072709354776,0.923263891776287
300.9601970599384,0.08599043088429426
313.3325342689851,-0.06910638137537717
322.7947598026978,0.5488489893418773
353.0056891705457,0.3509564830914087
351.7416335648135,-0.0375040551738266
344.0340926256403,0.014587737398983336
344.0340926256403,0.23027776837898273
326.7004027689414,-0.0883139252653109
316.6499726908363,-0.1910815847182903
316.6499726908363,0.4025010591296905
344.8716830288562,0.33362089446904974
354.6827229088874,-0.13562605885215362
364.38703990361745,-0.0618525481204415
383.003826200857,0.4366520264096607
378.52820554502136,0.00015269642983639642
382.5586012611504,-0.16707686007589473
369.7877283750655,0.1187369947656407
367.01864354754576,-0.11521199685262218
359.8149696234631,-0.05880765092194906
354.5768343545259,0.11280080859546615
375.6998408889092,0.17967376167803195
377.718441121009,0.1163588135681266
344.87458076332973,-0.36612127221621904
336.2314122860447,-0.30933029002528656
336.2314122860447,0.9457164182360884
368.2771985033582,0.6701797127884674
345.3573496639834,-0.34809380223759945
345.3573496639834,0.2893013732189047
353.102611117373,0.19648399946390782
379.88639401494,0.25799276728469067
362.9677457414587,-0.23677405558578357
373.0433403333892,-0.06599809056501726
373.0433403333892,0.04831797617305256
375.5393712087282,0.21296542581626454
342.1072603073064,-0.43531012217761145
340.9309229789732,0.13557206241114272
340.9309229789732,0.2490503836854714
341.43446029222065,0.06735100953778783
356.8348033879947,0.14990391380206347
361.64641910159753,0.23141045347688305
353.53689583511755,-0.20455535158055227
353.53689583511755,0.35146363720161844
348.12448880290106,0.14768248184134336
359.5473271233857,-0.017033888797413965
345.2591136156656,-0.11692364075406658
338.40054208651213,-0.36455393398330216
333.68557446660094,0.08428663595759645
333.68557446660094,0.7945345520295177
345.9363519824022,0.13288144448370076
353.44174610752714,0.0355529667222072
382.79704936640036,0.6977167759671374
339.83010995104735,-0.6391057009794849
339.83010995104735,0.34616917918606305
361.55647366432584,-0.061729381922077664
367.3649904354904,-0.0960318131647
384.92595249541665,0.13312125556183219
365.1400410886049,-0.13520753327736657
345.319438392375,-0.010656448714144062
361.3774905090485,0.3299726130517229
358.68536854102473,-0.28181372602944066
319.8025475462075,-0.02871996030125956
333.1853009797473,-0.04800404090281063
333.1853009797473,0.32273696788831785
318.3418397221478,-0.04771447581981647
341.02436331399275,0.4997024210026666
340.54449890756644,-0.2963980199198204
340.54449890756644,0.6618155235228187
313.52044037956256,-0.08300846700149123
319.85542678133777,-0.08094755433830869
340.55318436620047,0.004686609642021722
344.54607749405443,0.09909736441682071
360.8598004490994,-0.007404563325508207
374.5618497377445,-0.07745510710560666
374.5618497377445,0.207103303808708
388.15539785651794,0.3965304043402966
388.27807584066477,0.11259783022080683
336.7870673869606,-0.5617421008403198
315.9921734923232,-0.2859760227860306
315.9921734923232,0.29306628193069173
308.50424925537243,0.5061740315419456
302.8137021399798,-0.27617713551285306
311.80196527749155,-0.025674761924165068
338.3612361481527,0.6896432548990106
344.02657339722543,0.06861708747214834
369.64172368878,0.5885962193765408
377.69133648790495,0.07041549233042588
407.9539666552277,0.1647284285575097
392.3834547845363,-0.19971281877167257
370.0855938611442,0.018258920315361138
364.8517558061516,-0.3539239959035285
358.15833167214925,-0.04261050034983782
376.8017229199383,0.31524889204456485
348.1383140462579,-0.33494682969171663
333.5263441241676,-0.23267828450161687
330.9037818011936,0.06280545993217856
342.6414516248916,0.13619952769852262
342.507215985514,0.0621606624576998
364.70085993461413,0.5731665162184072
328.29972279909884,-0.4391690455204298
351.3897084723019,-0.007832693851241856
363.32361207100655,0.01941619315891785
368.6066459319489,0.5147957399819916
354.4717661171608,-0.026776153914283896
356.647812315466,-0.08970416088675393
361.3739129395025,-0.42081732886742884
340.11622547531607,-0.009610434407932189
382.1823997873446,0.36791023338764717
387.16566659150124,-0.23929509485162725
394.2473740061021,0.06891854515288287
367.43588692923396,-0.275087582158676
377.96373120972794,0.11566783521379875
363.3507273725102,-0.1203059255728931
340.94802433625927,-0.04639973699545408
370.76689670520784,0.17104767327566606
374.1457783010848,-0.21038772605777467
389.00548488048486,0.13674946086689488
390.1252481469016,-0.09794410950985366
360.7027843598117,-0.12544694578423332
349.56713057200466,-0.12949156075865176
344.44427998024054,-0.03475654521150773
372.78401378117127,0.584270804901962
372.75464680347795,-0.2430676856062064
371.67411595538744,0.26435366222005996
380.6634407896661,-0.22994141544131708
391.2049831520745,0.02495122075197287
380.89779079813803,-0.05822294306585718
360.0547022707582,-0.1856715122114565
364.26259517575363,-0.23260612510603096
367.55856086115784,0.0369666969327227
352.40556566211563,-0.29799301453772387
349.67301987231383,0.08056020428705324
349.67301987231383,0.7826232337060901
341.37231084779125,0.08773077420653408
341.37231084779125,0.5174018628862314
350.1176842119508,-0.012418852165183125
317.1423040638465,-0.6076087890471626
317.1423040638465,1.047685439882116
346.47441109414046,0.4767247288150429
334.7335909205473,-0.38078160532791117
350.8388315762264,0.22088300973985042
361.16685179274515,0.18541260422489358
361.36081698696483,0.03950428536336403
353.75982392114435,0.14420100960205673
350.17087235426607,-0.343085847120733
350.17087235426607,0.6875991898743905
367.9094794506503,0.3344367796075858
367.9094794506503,0.4533776809074652
376.8828518742299,0.6529812431479058
357.5241549448536,-0.18345297090536405
356.25168197291794,-0.27551504026212115
385.2166223748671,0.3789104315169425
386.5060126753552,0.09803346757792042
364.5507344796253,-0.07289190230358145
351.68174031096584,0.04885419238576105
319.89043887437697,-0.7815313216340201
352.59164396429486,0.15011480925340948
348.48421533548196,0.21744887678710256
348.48421533548196,0.4133135715260323
341.28414468967844,-0.04223076745756771
348.6405157760615,-0.22564422013488183
335.9042394672238,0.21422046202246747
338.048286056069,-0.08108193015641518
338.048286056069,0.509697853376565
338.048286056069,0.5480154918645894
318.54620411114576,0.06899022952370615
307.6075877104125,-0.0474268123668935
320.3564215653704,-0.0685701860345489
295.83554186888705,-0.292481313186272
295.83554186888705,0.15495404437933757
305.4799313004062,0.17075324586801344
336.47695818197275,0.37264076364192533
327.11871600873405,-0.22652842399475048
336.9994918750519,0.0032676479355586707
340.86057504737994,0.24257940066388528
362.8705763552587,0.0895736348347782
346.9565200520452,0.027738767805089992
353.3356897612146,0.12165505876430416
346.4940729322606,-0.06175519063640422
335.8018626342304,-0.1635112473479694
335.8018626342304,0.19490816014274515
345.37205853614535,0.22958889859148712
345.37205853614535,0.45908368962295754
349.843691954046,0.2496314845395773
316.2396213438754,-0.31829151210502005
358.2672896544007,0.3622243285019522
350.27579435097675,-0.3862748464366632
398.99282009423405,0.6848711572334878
389.25110326396236,-0.35445034142821896
411.2702682017139,0.4838910864286845
402.8316826169409,-0.18246050392326651
392.8497992070725,-0.3689457295026841
397.65482886770087,0.519178012019438
351.58566782847976,-0.7711838659962496
350.65614098842644,-0.19492415159072607
340.5994718919161,-0.05830423701468135
340.5994718919161,0.485174126515858
341.4675711014242,0.04260130210229818
370.8118021666309,0.3899110816009852
365.92358763976995,-0.35812734928390455
378.9882381319333,-0.13294552215211297
352.4532184725475,-0.400268061632687
329.87119700472203,-0.4537477232421452
322.5985023859242,0.35063934315962797
331.6295530629963,0.05819938807303515
311.41087325235065,-0.3516952210532054
311.41087325235065,0.49297387080684985
342.62428072035715,0.41761441057326465
310.0634514838847,-0.6130956971148862
336.8021694586593,0.3355636235160091
384.637186378895,1.003181253248158
395.790483609808,-0.11460359963734845
354.0885169011981,-0.998465344731585
354.0885169011981,0.6208947454440477
369.7054497985211,-0.021339296445148648
357.26956390907253,-0.03406564605188578
356.26228563370654,0.22416351264882906
361.2593384435221,0.30830876426080067
348.0458941526448,-0.7187743440453005
394.09813067242715,0.751960919633575
387.3238928056285,0.05718718468244788
391.3674594189817,0.06281084845363694
400.90294285393077,0.12088719208429666
407.9775245251453,0.01577516908639609
356.5318690793575,-0.239341982730366
355.03376379055,-0.11425506632519955
360.0527152838029,-0.14434989059805048
354.12991872543,-0.004599670475158746
338.7993684302201,-0.06375192910411442
348.1500273367028,0.1230911786147999
345.00168803880814,-0.21549570552508612
334.7472180990594,-0.15713189713062548
325.04944033325927,0.1283441246912389
335.0561780627119,0.17872725936535971
339.06776056546124,-0.1852819930733176
333.54102991614246,-0.07808729127032166
333.54102991614246,0.5611379293668506
343.00562847080585,-0.04010357987135649
374.9017868228044,0.3172012834365887
340.7458173937004,-0.2955224863018202
334.94301330943523,-0.1729369595998378
344.4755715090268,0.00337933494643039
382.46588674506614,0.5936281140370738
386.051509232846,-0.046008190295765417
394.71254991713215,0.45394934609407755
372.2123388292703,-0.33056310391725674
385.0803464578573,0.01914298054862229
344.82324706154077,-0.14063776589875943
344.82324706154077,0.8523510703549846
319.9911847161821,-0.2148374967687232
367.0842106574404,0.6075898400853248
380.4123727443644,0.22451398540033551
351.643227518165,-0.3332273786456881
351.643227518165,0.267901985589333
351.643227518165,0.06293938960607193
362.7859419736166,0.32778072558699023
362.7859419736166,0.1496373237409898
396.21813690684075,0.62891339012549
375.32454254809284,-0.38917053105626565
391.2033151834964,0.6695676506175232
386.3136039144007,0.37439269238313955
374.3705443666087,0.13337605656352025
342.81425164736106,-0.5317832123663493
334.45279965305974,-0.21824516942854189
368.899709978127,0.29915293606461546
346.92383752823764,-0.17570210202813996
323.0662049478332,-0.463157488036245
361.20150139211097,0.29109425728142924
362.49744897319,0.222545199198521
392.097736469403,0.4683784288387187
382.3691179752293,-0.3000564601688893
352.84026184425636,-0.18417661162845889
352.84026184425636,0.1489954551379924
357.6211249655531,0.1402615317550726
357.6211249655531,0.2613261132379421
358.01598854445035,0.007488987906413058
370.18756795259446,0.2663876814372088
377.1173019210578,-0.15384134745067968
401.97366753819784,0.36543318738836206
379.52789939298106,-0.3688348070206757
379.8226784682674,-0.3686670056830508
354.1494697381468,-0.2794556919780007
392.30408841916415,0.26166332652599067
415.94772396125165,0.299937334898118
373.53320515646277,-0.5189436954759685
406.447071423163,0.6474586252688823
397.2514602426983,-0.22453707298984682
380.32062778769966,-0.24316747288833085
382.85725789952176,0.4490230640391246
358.685620815789,-0.45404701805068726
385.7746711970894,0.5101536782099174
376.5837167630056,-0.297431386292601
369.56915593089894,0.12225593304310678
381.79759721387643,0.006690670017974298
408.87011793097884,0.16089746840668795
407.4745388876326,0.28696916876299383
386.0767827501684,-0.34039326662161784
358.5679421966393,-0.19490695553940895
360.9998801930726,0.059631911278529515
378.7003622404849,0.05263686635692011
366.7663114902603,-0.21630298948957716
372.62764027559336,0.34746001870871623
349.26439203628547,-0.1161529696614707
349.26439203628547,0.5129880153142494
399.9796479544507,0.2154122425196192
357.4619185067141,-0.3440213038755928
357.4619185067141,0.025525135969019175
357.4619185067141,0.24786301441565683
363.85099521520493,0.3597610248609726
345.3280411605257,0.014444333044139057
355.96940926491845,-0.027524648740381963
356.2623402786823,-0.21474884504254987
356.2623402786823,0.36170897655915724
351.9674655194717,-0.11097348637349569
376.4391457450468,0.2595465360369644
368.2884811154224,0.31846880916191367
368.2884811154224,0.39724756235114
364.9019823921027,0.017417704153672275
391.3493909267002,0.31411348695291963
392.6390286391255,-0.1713834947865962
358.75663289413365,-0.06599735085785596
364.3459240056332,-0.26637653753721224
359.02472069167754,0.10268813404150023
359.02472069167754,0.5573726649739683
343.6299812980202,-0.054872791158686596
368.5788265185103,0.27560085267282375
343.04647897406295,-0.5607965356980458
339.6522545631245,-0.014397626737036262
327.5428033733267,-0.3075547425426066
323.57483244247305,-0.07870003154289407
360.3184594128063,0.6429438993093299
351.1021291759307,0.05730935502322154
348.3988278434693,-0.087450053967018
335.3839315006119,-0.012948173905670046
358.2625156846473,0.4116960374833525
345.7732991835396,-0.38993672501692345
345.77921780696647,-0.09666253236491684
334.22046688491616,-0.38542853923968323
331.25906572886345,0.28669140378769953
332.48686729872213,-0.37824129764976533
328.50732096900987,0.21764055029200335
338.29289385161314,0.36699676398791325
343.3360922804597,-0.017506993003280513
346.1216608150682,-0.004594008183630649
320.63487933169523,-0.023620014974312653
342.1715137417458,0.284617798620161
330.33248172818725,-0.21885697167419949
364.36030827553446,0.23444292702083658
366.82017548705164,-0.13979610907654205
352.7104469804139,-0.29644556634059427
363.1750631064923,0.09404268047558162
391.67519210409733,0.10630021537485845
388.19009864143595,-0.01940612707312539
390.1296966746117,-0.3682067402151006
361.4148015155234,0.07885541103178184
347.46114448672313,0.21184068113120702
347.46114448672313,0.29966060262825067
332.7132576084712,-0.11560692721786836
361.5802864984789,0.4126727389455027
364.6624554760898,-0.029156327265127402
364.77022849806343,-0.05353086521802197
358.52832073119566,-0.007460223649900399
336.4661264804854,-0.29636795005683325
316.8777688005911,-0.5394137488742672
316.8777688005911,0.3190128880639804
335.55533526827776,0.1279613159888413
324.3038945051144,-0.3708115135557364
324.3038945051144,0.4901201391339782
331.8964399911042,0.3152852626578806
326.3361790127755,-0.5037741869272168
326.3361790127755,0.3437678929910817
325.6008748481922,0.35020590079636804
339.23406141849716,0.1472478991556727
382.4309849989848,0.41080876918863396
349.7645196046904,-0.43992096503689027
349.7645196046904,0.3758177212357623
370.80239739763243,0.42069178176768673
373.87419678412584,-0.11976823893724031
353.82071387337703,-0.27472914745965227
350.40733501882585,0.069111182933284
336.27560373076915,-0.20524527941847737
336.27560373076915,1.1013945584658131
344.67206690032435,0.18248473663948062
344.67206690032435,0.225723382517117
350.8607969200259,0.013493965863176527
341.975049649126,-0.044240857008503554
320.03488740943334,-0.5438875861013912
322.8792179532836,0.14004239716973643
322.8792179532836,0.7152542808257749
314.2137358562591,0.3777881056649903
314.2137358562591,0.11757068331110077
321.9274892804655,0.057318255552900155
338.22367641749935,-0.23416932329530482
330.10143508881225,-0.10796442647256299
322.09895090677395,0.2563811057593739
328.8332320297349,-0.09137694164678578
328.8332320297349,0.4894598906696501
318.53610339885853,-0.053646739094574514
309.72233651315145,-0.13011479199883524
287.95277963219365,-0.40474588541223966
287.95277963219365,0.19988739264726973
302.64770550455086,0.2910168817486465
320.46637946325217,0.15084074424260052
315.0636332424494,-0.21979425335780434
355.742648025933,0.6776787307777568
359.58217078306427,-0.006191495059624685
344.18406089243194,-0.14700960215623127
388.7478761979938,0.2922673806114062
361.805081156062,-0.5375230155959798
361.805081156062,0.38069013895233184
349.50827614654503,-0.1669821249930692
359.0979649583021,0.3324568853574874
345.2640398395687,0.0036893925818048956
350.95129065967063,0.21293272959860587
350.2470967467075,-0.08984365407582118
363.85104744149334,-0.26982043705345404
352.5533470527836,0.4740938596377191
354.8751634196551,-0.17589595450385787
347.6461233744709,0.00027198515056170436
344.0336617747863,-0.0257352679042242
337.6297136435824,-0.05163617792072728
325.7570731811476,-0.37922224496924173
353.95964787650246,0.4967874325481034
346.49242248035375,0.02332557110526068
340.49538272499547,0.024602138208706492
360.60531954597644,0.14504900042857116
387.2636746929445,0.15954406068544813
371.62957682389754,-0.12848343530833972
401.80068660910837,0.3138297962680099
395.7941570898789,-0.26946669924416256
390.691372804969,-0.3390503324834526
376.25310027956095,-0.10111719121459828
369.7528241016745,-0.10705497960680077
369.7528241016745,0.3286284600014824
334.2362779225305,-0.1027520489269591
342.2414725725349,0.01153915359873281
342.2414725725349,0.4548351177097629
360.5891223079654,0.27362406758163615
333.9415391557636,-0.4016841590578224
314.4258034233085,-0.416996837116244
314.4258034233085,0.34788741952797864
309.96627314622776,-0.27549691978845203
341.76058481090547,0.5110038816906126
351.9691769730496,-0.02562339478117792
337.90097133410666,-0.1611806434210621
336.3260222816504,-0.0061946353716848535
336.3260222816504,0.4314382372203909
345.8234084508566,-0.007689224734349409
335.72099415715513,0.05042485057083468
350.14841672243847,0.23844858118422962
353.8726251106627,0.19165039727863586
353.22613860417204,-0.32117322062731546
391.88930194923773,0.7606091074832193
340.17235935520165,-0.6863844019201224
346.9129482567201,0.13549470707459932
338.56125393882115,-0.2297063939918189
344.15176887323446,0.07248378708709424
355.3750882302512,0.17651735359550003
347.4091607369926,0.014160178469865059
346.1397225909327,-0.01314174336710039
366.97916859447224,-0.03910300065467709
352.86607170640957,-0.13891920791343182
352.86607170640957,0.41913473226372844
393.82692806070077,0.7111706904652237
342.4729250104268,-0.7328897149670865
381.5686143377435,0.4629369085741928
366.5819565283857,-0.19731223707970003
337.63516788090436,-0.5324957206078125
409.32598125961954,0.5030508038939843
409.32598125961954,0.17790005689494137
380.6511131391872,0.11163326627149672
354.23557371998044,-0.5535049098162972
361.01480466054005,0.1023379059151921
347.81311347077724,0.03371919334438189
362.2349351717491,-0.018481073018051575
356.9909907726238,-0.009863697918149228
356.9909907726238,0.323798273087732
364.97477301111263,0.03162174858448452
334.8106708594114,-0.2757681031075663
357.37424400784874,0.48474052050744376
357.37424400784874,0.6470826778190713
326.74732192951257,0.016422477005789915
346.3394610761303,0.026306255446115756
340.5405949975228,-0.0967991659888412
340.5405949975228,0.228702761823115
346.2168252938493,-0.04704393159101983
336.378629493888,-0.09714603101497232
325.3055230606039,-0.060844917130452814
346.59858448955316,-0.189422112180182
359.9886083983685,0.4917489404290336
343.3930167433107,-0.5420050214891035
312.02378953570343,0.023594763850496747
312.02378953570343,0.7528626575829094
312.02378953570343,0.6098771284961231
359.76384316724955,0.32059996896396115
351.49675945178376,0.16322991441006707
353.55932926108295,0.056736642150781336
340.3654888151747,-0.391181440923674
348.44014909501243,-0.023524185545056753
364.8333383096282,0.19391808674276945
370.28342338194017,-0.031495144098926176
358.8551663333955,-0.3300451661128818
354.4987899840675,-0.03537155727735808
354.4987899840675,0.20954801889831742
357.6881873004306,0.3329395511295843
357.77599972767285,-0.18699998483100444
383.87042574545154,0.09227731438863884
379.95924006731633,0.269270023766353
397.5005221230036,-0.3351746466257737
384.35960695758496,0.10904661223230505
389.6186566793879,-0.1438558764687059
389.4271297671915,0.14520868457452707
344.0488079962761,-0.508629569254822
353.8711675946266,0.06239348896531283
364.2854828269391,0.2523321449521063
351.75707852890497,-0.07919788008371142
336.74444485539743,-0.4158104222989323
336.74444485539743,0.4752483530636482
357.1546389150332,0.26276364660066065
369.227702490142,0.4000853248514886
390.9531313664179,0.08197176829594355
370.8104535933034,-0.15491680877960334
360.181605964645,-0.13025397058879662
372.6632892142997,0.44854211606002536
368.0606970804397,-0.16594044701412258
353.85138075541863,-0.4088286657910203
354.8037919940591,-0.0009269154082858222
354.8037919940591,0.10442052862811124
344.45398200432965,-0.25896484184363544
357.763424503831,0.4194208351743782
342.74745376917934,-0.14770444866792332
351.9737908850537,-0.09200452456366293
382.25936250486103,0.4153675139164079
371.34324140846695,-0.27017998618168804
342.577227576614,-0.29682554592886845
308.56443404283493,-0.6082817093463291
308.56443404283493,0.4598691239186792
324.0428608064977,0.049476239584464565
341.20762333406566,0.11748447005857088
321.99020201754087,-0.3724236635758871
361.6128086456744,0.42315369949051274
353.94363591760214,-0.15076566972390992
353.94363591760214,0.5162416591545025
358.596154731146,-0.09178783900608778
385.75088063903536,0.45289756299916917
369.92189392088653,-0.21584189860584502
379.18938731739996,0.3047338933010906
380.8009048905166,-0.16239123812056278
335.9273603677023,-0.6747214982062815
332.27575145053777,0.13932125123301375
344.04819379444933,0.36925627098685254
317.510339192421,0.04408734056664798
349.1446082468146,-0.09875219741024921
329.771271561974,-0.2028917920498543
346.0761011538823,0.23373616820049392
321.23323760515945,-0.5943905551914668
378.08590058041926,0.604360770091489
349.2845283390446,-0.36813677047223337
366.8923630105299,0.45407227410055384
362.394455728717,0.0015717569167463807
362.394455728717,0.22808316698933595
381.24254335096646,0.3471490359119116
368.5368932547631,0.09538845918211791
357.07342598532375,-0.01335118341330599
356.6790251510716,0.10121264291592524
361.3265684148186,0.2489916263957639
349.37843198108675,-0.31303789801268067
383.5667631290894,0.4132273362554315
378.0241477595466,-0.2466057216166746
363.1195557240715,-0.5379361029238225
371.56257155274585,0.28783433616217735
367.7046716997052,0.03309324476231268
354.6417274936681,-0.2971223758663655
339.35428650984164,0.3003440150512233
339.78913534103185,0.09820621885387482
338.65039678444396,0.3034188537085356
342.5443928796781,-0.036473169802775374
314.8865730765973,-0.27104562713589075
314.8865730765973,0.401227164350189
345.80199288417964,-0.1989429065947661
345.80199288417964,0.15143084193505274
378.83540680606865,0.43775242812398574
391.91726727877455,0.45432711953480975
362.48062471922344,-0.5023784843431258
362.48062471922344,0.23061666842852446
350.8095026438824,0.013793010578524445
354.253219810404,0.18345314643818256
354.4627080505885,-0.1995094849120278
345.7128377975532,0.07343731823448252
333.34244164987473,-0.2914378921216212
312.15506635540214,-0.67200589642664
312.15506635540214,0.6384628754333335
342.43028649950276,0.4381055174019366
342.43028649950276,0.4636324242572982
342.43028649950276,0.6511782587929247
324.82974373541924,-0.1799224568306954
328.09967579139055,0.0966859247270122
365.82123342177124,0.21815316678146246
350.0855691984111,-0.2051448241544449
349.9813520348652,-0.1337439995471641
317.935148596938,-0.40231999644583993
330.35859315754055,-0.002919277623391281
319.60303444018456,-0.23947957692666932
326.88524673779557,0.23972998137799095
328.994233348706,0.08258952852997936
364.61713563943607,0.42908651340189863
354.61869302290194,-0.4611448041323456
323.47440986142607,-0.2436304362087185
369.309311269279,0.4539550360686917
361.8920530450257,-0.3486848780191849
382.44884806058724,0.3177464080520167
362.4470221598014,-0.036235693581033956
346.14836296300115,-0.363579958082596
375.3213114363307,0.4200155086449513
375.3213114363307,0.3288470314417964
382.10369945374134,0.08591591309357227
380.7489644419471,-0.17899407378513388
363.411394729819,0.060937248555774204
336.9821657440691,-0.2706102137575499
370.2936937781161,0.2665583300314438
361.24122162068085,-0.12373150717667158
382.4845861623739,0.4838454366761198
362.2889675693797,-0.5136770570543376
374.9408398335616,-0.14761825567029518
361.97331255141955,-0.04551752414249677
333.3969721740457,-0.4892415918926645
338.79056149025604,0.0963279259576666
338.79056149025604,0.31260752608966413
347.79662386132026,0.06812130252671977
354.80401773592376,0.08613594684538839
348.84673083259275,-0.23856077811387877
316.06106325944467,-0.20871727043436294
351.1559190179564,0.4206238990065003
336.75154288516484,-0.06441543523567361
343.5108425303568,0.3146465183478995
341.8807568186782,-0.19226365664849254
375.1359603003884,0.466842080654601
333.7808751373691,-0.5297828713736408
353.2538695250886,0.4161549547367258
365.5776658468779,-0.02374957040217396
352.54990476053314,0.03566824931613155
354.1889836494847,-0.16251936761750585
371.8116514541317,-0.13451353930986443
371.8116514541317,0.3106232454701967
385.2590451249161,0.6435756692716268
396.64534213531454,0.08308184789063944
390.5066418886182,-0.13532497017206424
377.91505528742556,-0.016297396735012626
367.7858320519979,0.0341122289668192
367.7858320519979,0.6581429131053937
362.5273659134852,-0.3887761645868295
339.84506339314754,-0.034987235954417883
327.55433734820485,-0.05739970084221113
335.0090954408068,-0.2758304122446589
358.4874463994202,0.2612756722617178
345.5439828516946,-0.295151888612736
352.77057961692987,0.0742292711229311
345.23326730956137,0.0747784716032811
348.37690149963476,-0.13326059973701376
340.942423043353,-0.37855828905412636
337.0504299136049,0.015536022103560754
346.63360627002,0.026353172647759493
385.11034882292876,0.01727544071036391
358.1459499795216,-0.11377596341526441
361.8001014649315,-0.15560748698885618
345.7958699642288,-0.08146602364422506
341.08192352084575,-0.2091526502188117
334.4342062684107,-0.17211681638445953
352.43591761777924,0.13521012385126596
346.75546885615023,-0.15973214694713533
325.7109772728545,-0.04910221395357439
358.29223927939483,0.48548903049538694
339.47705007021443,-0.3560876638523496
373.8212405226372,0.5230975013311081
377.84907644099013,0.08854055674271422
361.3022069585925,-0.038238093003997164
361.3022069585925,0.4646243355839488
336.8834284871392,-0.13885302188828064
335.36424322533867,0.16977280920082194
321.66191925595365,-0.3114520380876229
321.66191925595365,0.24465305891772005
347.5151041136733,0.31809872214148527
324.02882685239865,-0.06011158345563672
289.2619205512063,-0.15703318753571693
299.522712157951,0.18049635447744095
329.3878012924267,0.030454370041752554
328.6103817192761,0.08669813841663654
328.6103817192761,0.21515799932672053
363.75803778530405,0.2972647717547261
373.1259298507347,0.25030293117913516
351.4422471827043,0.00026805587140188436
358.2583257255914,0.16781330175376752
354.2204559214211,-0.19132932310890283
330.37457064626244,-0.6223032099243255
368.26748869322256,0.558215849876774
373.6589036092793,-0.27825951093882395
361.70195591726247,-0.22154221670461993
333.9217499281076,-0.14972031560773758
324.6547722256147,0.08898978465788332
324.6547722256147,0.4096057979509169
318.5326786051177,-0.13658347741056787
315.6601141274724,-0.004264554813744326
315.6769554327416,-0.14958143605872465
350.0042319251177,0.3769747410136688
346.42484188359015,-0.17542447540120065
346.42484188359015,0.48337411787736073
361.03327732258344,0.36472702941352964
362.45443108182087,-0.07678016518605091
343.6143705332958,-0.06913289127271582
332.85837885073533,0.13875872997164151
340.0849528116484,0.18960539137799515
351.97564025641685,0.21123805208310387
390.87351945087664,0.26665916880995155
390.87351945087664,0.03823171999192709
403.9503957145424,0.07574827419102803
386.77046601947103,-0.08220106017756734
386.77046601947103,0.32249936081518626
358.28349620585254,-0.5005778605230944
341.71010056439894,0.2459645742826524
361.0572034073953,0.38797468356767695
344.763329151965,-0.5213595631018961
342.2958341291469,0.19412290981040314
346.9173230445659,-0.03056204319796052
370.6859811233794,0.35620057672770145
364.3889918770578,0.002404230865408863
345.00897691898285,0.09711582855925371
345.9900833523402,-0.24391380728582135
345.9900833523402,0.1724981735669644
358.7089410941361,-0.016005104957230287
340.75936991055454,-0.3937171878889103
360.3781672205176,0.17287602867395435
360.3781672205176,0.31962830527834285
350.61968578408135,0.17472745494092123
368.9288671135234,0.4976590274047794
363.9412724126604,-0.12977253562735314
379.1354846857086,0.12408436381679167
378.48772744311145,-0.051306931678823275
366.221947920253,-0.15790206480448887
353.24904778135726,-0.24583753383228668
370.70766268558305,0.27586905265684436
381.4767497832343,-0.12042977822557077
350.75963790955825,-0.48886188667984243
353.13274916377895,0.12752001470119012
354.3609560235302,0.34491041313788173
341.8323849849517,0.2565705996944416
362.7160143125124,0.48060648490832136
375.4576854164596,0.07573903597040044
375.4576854164596,0.36752061105187295
375.13887537826196,-0.2079649342385892
382.17557705518993,0.15131773506220725
382.17557705518993,0.30444619369359316
345.7849101129761,-0.21612317245910617
355.34548094357143,0.20630528892525035
376.23110056365897,0.40723495334202653
378.0018274511592,-0.015479749015639754
351.113653552297,-0.5537295342850257
336.8764831045416,0.2659837587727907
324.9989981505781,-0.3251717305187185
325.86130070475735,0.19383265927694993
335.00958708823833,0.023407498300912266
341.4545834630391,-0.206249935887854
375.3381165582331,0.8821677597998132
357.5190745998765,-0.5543070169746898
332.08107250393294,-0.46965420370429456
347.83501942687025,0.237425465835031
349.4362450822507,0.10705132099087677
358.35487599040687,0.09812152787583273
340.72537158284945,-0.27293858924917913
376.42269219539236,0.3957638109969821
361.2498480610813,0.22071331002462102
359.80511748995764,-0.039928261890736394
356.815512055033,0.3760715670556465
330.8899107311222,-0.24263187971837397
347.40681951509043,0.12364530900674708
359.5379669283101,0.12367687498624491
357.0562034826821,-0.2250463562488676
354.3566057417933,-0.0531487195680711
354.3566057417933,0.3802877763152992
354.3566057417933,0.4399729987981118
375.29935598331406,0.2907594103904785
364.3312506960693,-0.30068517522295224
358.24948523995437,0.056075388165481854
358.72002415748597,-0.0834564856347697
353.4541514723634,-0.3034472852482395
360.21079026789255,0.09543520385636839
364.8648278988824,0.04718992056382376
364.8648278988824,0.2986509874199328
336.30758951428436,-0.5834112554302919
323.44258078754336,-0.31681753689963443
357.39550434020117,0.6646075924062416
335.793136941009,-0.3660733468966555
335.793136941009,0.4457450008685555
338.38412873500147,0.052681411239291265
328.5818100273274,0.36353876480438885
348.92134909980007,0.47478305789354636
338.3331750326877,-0.3655944129244517
358.59952819277544,0.23262868713266016
360.4984942739157,-0.04432320631326547
360.70326699583455,0.19799145805177432
329.4572306693229,-0.4626312966624937
340.888417627866,-0.07925257028227861
359.47370094530015,0.4894277673788565
329.5979112684737,-0.8121349974449004
351.3448289977297,0.23206268998114865
345.87594408890584,0.0060570902089693845
377.38710797980224,0.14349962891776613
378.16961954508724,-0.07883149606880124
363.63223511034874,-0.19693863282054735
363.6135337428477,0.02473038467292099
363.6135337428477,0.6467424067704997
374.2752108570913,-0.17846580501702647
358.40053464437256,0.2633852078661221
338.61928566304573,-0.1412687723640147
370.6039702284033,0.6287711475088145
375.90424244588314,-0.23295882253421496
389.60167144280365,0.47643007320868946
376.1962527480963,-0.21739718397088836
333.28088511888075,-0.5343904438001346
351.23534376710165,0.22297817461071645
360.7028039019722,-0.2718733101723956
364.0202754409018,0.3523895833671986
377.0201137478097,0.08562948771509582
337.1701167777614,-0.46124916582334663
347.559900292249,0.3430634944228359
381.89401733878873,0.2492386640553832
326.4244216006881,-0.8900357352737274
351.01699134925997,0.36838553544112074
341.4230515993507,-0.19917130611861467
341.4230515993507,0.30590916727078366
301.57914319211693,-0.4163941560632338
301.57914319211693,0.5885424977533376
301.57914319211693,0.7217061297640157
292.66875700339375,0.11831821349983329
336.9951455930816,0.49701160528911714
347.2485225875973,-0.10470252827315107
339.5240534248859,-0.41072159751297477
319.56638211824975,0.17761729252197256
336.61288660473537,0.0964925056125594
388.7707262893636,0.5611169746481437
349.27205603640385,-0.45132126340854484
308.45564568718254,-0.3382254991345235
297.5153385398047,-0.14990274885178678
336.0364696049079,0.5493058558679422
312.2978615395335,-0.4258068482214412
328.25667495275724,0.24713811179685763
339.42951171522395,0.21482027694185035
324.3786266603876,-0.37275816879741797
324.3786266603876,0.5350575279762779
320.12848740754237,-0.1366819960957173
330.4075350741806,-0.08006273804221564
376.83269148820887,0.6437066329639265
386.69389976880865,0.1066999578240484
366.78591638884086,-0.5280819262591194
355.1748585567632,-0.1479184599236305
321.5827805129014,-0.35521340449702166
321.5827805129014,0.4309571468119202
323.44318419715273,-0.12843075930607029
322.31678616332493,0.003227432633252647
338.84856723044834,0.37762247323155407
355.3388710007436,0.5174777349272972
373.8095535731231,0.12728761347329964
365.44453947395414,-0.40826375887183985
392.7108504740677,0.20142876462955428
370.0282886183119,-0.5382403881220625
378.9517393247528,0.2599828194327074
363.8637440381114,-0.2719037975389256
336.32403347634215,-0.47020320216381606
345.6367094145925,0.11249409771880892
334.3406869743381,-0.052984509901875754
334.3406869743381,0.763935270511638
334.3406869743381,0.3340511825201702
359.597070857873,0.37002459909308527
349.42187107787595,-0.08836784223353789
330.1921345718779,-0.09657275898803164
356.2394592938079,0.2602456665841828
331.1141191239483,-0.25896033342417013
331.0048630714912,0.07231683228155816
304.84928572145765,-0.6670240183260603
341.2408555199972,0.8498601335986677
345.7549328519876,0.03629568648716486
364.435874757246,0.04042090245093277
364.435874757246,0.11222521629520088
358.8008867454178,-0.1251680106818185
351.00173350141006,-0.2152362162227064
347.65834389169106,-0.08340807744127687
371.9915671821927,0.24851966385801916
376.59735939036756,0.08051033052254297
372.0246658690765,-0.41654324263186027
361.21080564438404,0.23108646247465003
384.3169209953182,0.055322494140000344
393.8639270932476,-0.2294701774785608
382.5239877692051,0.0229076151033496
379.73070929716687,0.2575667220143032
377.4702411224584,0.036412979024476044
362.4787135696682,-0.29787153485312956
380.8669661422376,0.10437910650625781
375.2226810050496,-0.01971771731427907
350.7081349460176,-0.16890180347445494
350.24771263491266,0.355862336282712
333.3525446361949,-0.38663227933761846
333.3525446361949,0.6785636056831663
366.8167441627159,0.1653316040435584
347.2936288297517,-0.41425632287860026
347.2936288297517,0.5167209032645133
329.242586959695,-0.12019455076585928
329.242586959695,0.04824254920572457
330.1425877578698,0.1996388356000125
329.62133056292396,-0.24268676017891266
318.1808466510092,-0.09634235501710009
313.41345360030795,-0.3082620732759551
324.95434280881756,0.09105174621856804
327.0835578928246,0.14221616753377475
327.0835578928246,0.5985679516944629
350.3895591660227,-0.08627106119774908
362.2372618236193,0.47269144810354646
362.3911801233828,-0.3004602636449363
379.8317417129551,0.18558432210875253
369.1418506086531,-0.07946733516905624
330.45638346852684,-0.4894422549735964
303.55359253364577,-0.4518763833716548
318.7864831430079,0.12852464956381482
318.7864831430079,0.6326494447864661
306.4441905728177,-0.08428404455173677
333.9783274395205,0.3338580619042659
333.9783274395205,0.13981420838626946
333.9783274395205,0.7998419626959503
348.32671537767146,0.33909836551390526
336.30430170370386,-0.27869388491194513
289.35791416859126,-0.7655477106053468
340.34285230351423,0.7284331968270408
344.82926238218937,0.07607331992790023
368.7648993063026,0.3234116954821502
349.4826900946547,-0.3334620562102373
315.59102603865637,-0.2673203335384642
335.8270849402583,0.4279343413497827
342.20134784967314,-0.0009618640524422517
338.79787502385614,-0.38832148718074677
338.79787502385614,0.3163560656167874
360.18545300203954,0.33458998217611224
377.7243618891268,0.2529583310065391
360.1486636151509,-0.4203599910313187
366.3824998095958,0.165332665808819
366.3824998095958,0.3279109213333413
380.1680069518265,0.135299455737254
374.20381181266157,-0.3143631613411344
361.4430337820466,-0.21534961749557624
367.5661142651346,0.48862897877961586
390.87383639668343,0.46169823312231983
351.81751549318267,-0.4252027280577977
351.81751549318267,0.3035882818285245
330.4181558788969,-0.07132847372008655
325.37518376830036,0.018442209035015367
343.94612427552653,0.31884655508429205
370.96978580750687,0.3687126454410645
375.93578074362875,-0.08159707658512616
371.72517693906644,-0.06887424669912434
374.27516118761,-0.25564409435799007
395.11206983381754,0.06026722984574917
388.4408911421435,0.093363474698549
407.8943774169898,0.21834627034957066
378.85948800799434,-0.05785737355972742
362.2162677587501,-0.1469553888637165
323.52973262573846,-0.45367165522350206
323.52973262573846,0.5765816250627722
329.1210352724694,0.15995641722543041
336.17748032241633,0.01920802619724782
334.46826429657233,-0.07699613736895117
334.46826429657233,0.6582844374050865
348.8656274943555,0.6017024272697427
352.235512836219,0.19197197068763217
342.72670632237623,-0.5023551175883085
344.6782860537957,0.6414434463673615
324.3320566402593,-0.6078156467200415
324.3320566402593,0.7254240869809792
331.7923436608496,0.04845250648486399
331.7923436608496,0.6925062308237102
321.7002380867233,0.02546729872619835
329.1523720895813,-0.013716811402673557
316.80752677289877,0.05209222134237734
325.03259564509665,-0.009920529661258115
325.03259564509665,0.5167497439750832
299.66845152160715,-0.1344513509546914
286.3729164866022,-0.004815750155785281
311.85392111290366,-0.028013439334472423
330.17087286642777,0.3826464001557497
327.22625215630785,-0.053514837822490335
340.69004402382217,0.17396199808081292
355.827487070177,0.47679412179695646
356.30684790720363,-0.48203420534969155
372.33371859189185,0.6701966058205926
318.4150870776487,-0.6764204853453748
318.4150870776487,0.29248576055010744
327.6939446671622,0.09924276682875188
327.6939446671622,0.270087244772526
338.2726379862439,0.05107731827411044
301.64676197755836,-0.16701178011498996
323.2314685206294,0.11803183694826203
364.5840408864325,0.19125721689238162
361.4670845618791,-0.15963856079292782
344.29130649464054,-0.12286052456158814
339.083821731084,-0.012917770118292538
338.14961007261695,-0.3590435079947838
314.8424507945672,-0.34391986484661174
329.6178835088441,0.38741053235276013
331.0035103224011,0.00979125883168308
369.37251180576294,0.47594582717306366
403.2628741092376,0.5143318258603813
379.9008407644706,-0.8133581562181007
403.99985940681495,0.4521646938584354
368.9190060666115,-0.7109776206502829
376.43212956212636,0.520385151974665
368.7871604656562,-0.13540656556460817
329.22497275457096,-0.3233430636898902
344.7337559891946,0.47451403811601267
343.620770012318,-0.05510724602481787
343.620770012318,0.3668028484964907
357.76195992819765,0.3931974140625698
325.8763025295744,-0.5333822962718386
344.3120478503894,0.19158183374474902
379.772000887576,0.3781554989433289
401.01231238415426,0.1389777528365812
380.03083334915226,-0.001342068789199402
402.22585033619606,-0.16683273034846025
419.0082557349589,0.33876424197842425
384.56831359861815,-0.40849683292469763
379.80510283162977,-0.16918250168362192
379.80510283162977,0.3486384545922192
378.71882031029156,-0.18600518580853986
319.38673472103375,-0.5358332738335321
319.38673472103375,0.27237556913951266
354.0094081421924,0.17973152346917232
353.87379939899466,-0.19179699657991023
386.50993070759046,0.8082624460068928
340.375062458303,-0.6647544731216612
332.79779545824186,-0.36938791857119213
338.2345894527009,0.005818837480887851
341.74040523029487,0.38392578075593065
374.40024369313437,-0.0019422387433678523
380.4946878498105,0.10400613399690428
361.505422353874,-0.41497940696967817
349.62780912229607,0.18272863739457534
349.62780912229607,0.46743264679105323
363.89093101073325,0.3428074134999406
356.2286203067385,-0.2874193014301909
373.9786520928183,-0.19056196772112344
380.37715763194285,0.20656299713436965
374.3031245964458,-0.08833362278267032
374.3031245964458,0.5531598057989413
369.2174532213447,-0.10511713931543909
357.1687281701786,-0.0374223953051569
357.1687281701786,0.18691108893517594
356.8397025944371,-0.05203170153345127
331.1622086617499,-0.08725766831798865
341.9538027897973,0.09021777318787372
341.9538027897973,0.28062804862406665
347.4479566741038,-0.2570995949662347
346.604078810682,0.09872080748914414
352.75692146140597,-0.18700502185879486
351.65437810176974,-0.1899859015037464
356.2194026745154,-0.016248664588488282
339.5314419106895,-0.05013391715783655
315.77920310287385,-0.29783443108215124
315.77920310287385,0.6085133690648945
315.77920310287385,0.7698224180574016
301.5881076703219,-0.16517643586303166
335.6104234946999,0.31666187005055235
339.7163804047709,-0.09964737084862918
327.56042013152717,0.07477102558436854
374.12763258517776,0.4035616267124169
367.8719265840853,-0.14407196331308114
379.1609988930435,0.14502289942151947
346.7781831289165,-0.014348539470120159
325.9182008733696,-0.2592461754920805
318.1817292175457,-0.18376756351835866
379.45944207696556,0.8504185726837932
348.37176516992747,-0.5815421080737906
365.3725278393461,0.15567089762907926
375.6043916893016,0.5308628812779261
358.219025857862,-0.3047047184418261
350.63507698407,0.030069332350763034
332.2118765601019,-0.3667613249341457
323.8833309740737,-0.18752535605165122
356.01162237698907,0.1332295938286734
324.96707162567935,-0.23869334763833194
299.1039072095571,-0.44741787756879603
304.31076797766497,0.38106129414506995
351.37604266865515,0.5686119659480937
364.477851196721,-0.025621117909281566
353.6373146778175,-0.05968965826446038
323.4752924106668,-0.7536055533651052
339.95670604785414,0.21809533840735185
339.95670604785414,0.6385833851845746
371.12941139631835,0.7538856958337874
375.5611082020327,-0.01658630720567089
408.53354588953067,0.17742025591724087
363.97084378033793,-0.08053065860895003
379.8983864088808,0.3132885206556466
407.6702667350948,0.5062422896419321
386.9438293256982,-0.5779084560145975
408.2368687197799,0.4065831153219506
400.5016688466131,-0.03440640290136798
356.93536362231595,-0.6829604470833601
353.22415490553794,-0.02681958462244438
352.129877872713,-0.1922238815292303
354.33908487506477,0.12786445559038384
353.49351748589436,0.2853991158859799
359.9742014707635,0.0013127858206871679
357.9789765718411,0.052347829951941094
338.27482560095496,-0.45788150256362314
360.4503255065916,0.4510716640353394
399.47821449720345,0.2998904819140762
352.8949235999504,-0.8104212318961572
352.8949235999504,0.3126079025051922
352.8949235999504,0.5092843635550253
379.37746675968464,0.5339871126310527
367.7077315721283,-0.21108552791986313
382.66022704550187,0.2197979840498192
382.12097600924636,-0.25196282145589066
347.4335570160013,-0.30048101606894306
347.4335570160013,0.8569835090602282
347.4335570160013,0.3859848209174288
347.4335570160013,0.2702382280647271
362.2497384370559,0.5246757983874204
325.40703121160675,-0.5910274693166002
328.74293903173356,0.22274993567634738
351.7846004278145,0.009935177699844644
356.8548453820221,0.39657734904494646
343.07005489013125,-0.3510019282476833
336.03611143785986,-0.28062289982904076
336.03611143785986,0.77439872756554
361.9310158930784,0.5264254585600838
321.9391470804012,-0.4407626259164772
333.141056190621,0.3825079261019937
352.1290387325246,-0.07473895898021965
352.1290387325246,0.3677213262146779
352.1290387325246,0.41841366763378574
374.8111786460304,0.16856179485932898
375.2905717738006,0.02215582900839763
398.60004276141564,0.2812754128464121
379.34435606735536,-0.2201546648857402
370.950583232257,-0.18730425169292175
371.5813804759222,-0.018313778340484532
385.2611287480618,-0.1390584204870038
382.38775778355205,0.2246343517922469
380.898843856181,-0.0033542312229428717
371.69235569496874,-0.34333782372164023
331.0730909625569,-0.5698077246214552
331.0730909625569,0.2436873578740233
348.1271353262006,0.20942049521841
354.07834407023574,0.03486165063463886
347.98406217116246,0.16579017153628683
352.33710202042295,-0.014114357071775885
351.979758541663,0.03767533485938657
379.5694232060754,0.6666286801447541
366.77212630138587,-0.4029183692632614
361.3435732873006,-0.10463621433768822
350.98204738223257,-0.029006530267452035
336.69337088374607,0.053295997290319974
359.5794013326566,0.2701909613490443
359.15568262138345,0.14835502207733953
363.8562462270531,0.20398735757271425
351.9535613777764,-0.20392983217925575
339.0848509801463,-0.1794730079703868
315.40372760853774,-0.21586997117219653
338.1462481826437,-0.003604146800853414
338.1462481826437,0.4760312453631741
329.28032196436936,-0.281607749411819
331.8190890975498,0.09998074258601264
356.9268843044939,0.499907162570139
356.9268843044939,0.285295865209946
313.9370615321575,-0.554909238199798
351.5682066669926,0.7163897943881921
361.93052318534524,0.11893191756655597
360.35960110512906,-0.12458071897572154
366.5483841950261,-0.1629692923395396
330.1353066841588,-0.28213761867800713
340.7751057846332,-0.019623894720325552
363.58575261347426,0.3826378679947311
363.58575261347426,0.1221078926841983
359.7486303678972,0.036265930599597596
359.7486303678972,0.41203482467813046
350.5855648036167,-0.18694602063897037
339.0449914184158,-0.10828517046434172
336.75209886835404,-0.2613514211859638
326.5783166576783,-0.04596794261044579
344.8083492509874,0.009337560705262149
347.8132789796269,0.11281364232013402
330.9352446786657,-0.15283829108921054
356.0248224006644,0.25913979857068625
356.0248224006644,0.2158637002571595
357.4367202263744,0.25506654058870026
376.39077281224246,0.2873270961347316
354.98489139607716,0.007318702440784364
354.98489139607716,0.4167475133702965
370.6216900232037,0.2480699330395737
362.17284246508626,0.0035295083810069627
362.17284246508626,0.28592981187159694
397.54553583473046,0.516835326086948
390.3432604359205,-0.3816336114846308
371.14087386210247,-0.17965407626900287
371.14087386210247,0.6383972718359701
389.25115664910356,0.11290326117500626
389.25115664910356,0.5123180042774038
369.6910387686814,-0.06554992909570956
371.0142010892932,0.22196512426603476
365.39125970673985,-0.43351127254015864
356.7448715870444,-0.1970769924872684
371.2491717605435,0.16213242426272245
365.89634175903956,-0.12993817932999718
356.9901164679233,-0.2247022002985659
373.7605545409602,0.4378198166089078
365.4113246249146,0.01070437901034893
352.81019798320136,-0.2035748032791389
336.2879644056382,-0.298511259956058
328.14576465053784,-0.04072458559107872
354.773805602445,0.5372516526146001
337.3914389159065,-0.03006089128507483
337.3914389159065,0.9142726138506987
337.3914389159065,0.6038345475296865
353.65645353789375,0.7494062104041177
349.33572554280863,-0.32888113006515596
349.33572554280863,0.34626445630624403
318.45534558191343,-0.5166117867202047
316.7709683419019,-0.030226651787074843
345.492726196034,0.424953484306684
362.39339866289083,-0.0360505502670776
351.9918035368256,-0.35827379810882576
351.9918035368256,0.569787210876143
351.9918035368256,0.39519359331416126
351.33082331325966,0.5113359087150684
320.2596138883802,-0.31212330383141307
327.40997663977754,0.21840982231515227
327.40997663977754,0.3387811959088367
352.7313813871865,0.16781049587723373
341.0744465776353,0.09141152832739863
330.9743258474374,-0.37343115255282555
336.29735672359067,-0.15053904011460872
343.2385364989498,0.2745971190201999
335.9552011555986,-0.2557823955253298
352.6307150840595,0.07210186371480631
369.94306142146957,-0.02747816461248931
369.94306142146957,0.34449798055675274
357.28390491826895,0.15244347822635973
352.01963202180934,0.08756637180295002
291.7926853380044,-0.8655602347373588
334.9113760642516,0.33237390002386746
336.65097818414466,-0.007412203197986855
343.4856379185446,0.08263808586480081
343.4856379185446,0.24623222178013293
378.33214706585363,0.5249782996019121
355.84797697163816,-0.25086045384716726
349.3891413512244,0.15877658091926605
356.81625178551894,-0.25593921002064235
359.7362769624662,0.10380345710950678
351.02805776925914,-0.14042157434710134
340.6431331299462,-0.20345457931102828
345.71895251381096,0.09130554220405429
330.98230408960876,0.08828565494627583
330.98230408960876,0.6631708528825584
339.40958605736665,-0.1814882445960393
366.2726378367889,0.3313353546718645
347.77818846078543,-0.08184922303166786
380.40113621246985,0.4395977774441917
375.7577324610429,-0.19045465227191016
364.7978243914903,-0.32315310428430166
336.64817708622917,-0.0927482524680272
333.0729613591019,0.2508326249202355
332.1903057847217,-0.044145522695316686
339.50866505504166,0.2034131929991645
337.46258890720844,-0.27628953272778745
330.898200408984,-0.08936007775150756
319.19224801026115,0.049925756579341396
321.5630766494685,-0.19372019411264318
339.21503440122194,0.49261155455030803
340.2367134586959,0.015696976986987465
321.37415194025635,-0.4818214001347769
367.37402762831994,0.8619240539196653
331.786983952925,-0.20339314227487648
355.93801059319156,0.28137162442578756
361.5892902076591,-0.3386845309742057
361.5892902076591,0.24077911494634918
361.5892902076591,0.3278030772529519
363.8212171614655,-0.08518966454937527
353.26975745884886,-0.1129133334936796
354.1039005159567,0.01905385190036668
347.88341840295686,0.25452827247227106
342.33777765039645,-0.36359264990176143
339.0219674715111,0.39456037937009114
339.0219674715111,0.2991919369478637
339.0219674715111,0.5892876690031699
373.62760701286965,0.11936703189871878
376.16483245590496,0.16069626234707357
349.83814181014714,-0.10451332890272624
329.13529485859397,-0.31775511275770896
333.49601108385616,-0.016872578284392148
313.5748653343074,-0.1632796345082852
313.5748653343074,0.5538567057423052
343.3366116474638,0.6343703188588279
350.77133364459905,-0.270624428323913
350.6492699955711,0.13624243416927584
326.81897660874915,-0.49384406395461156
313.5659885160716,-0.02374121434081644
334.9122107476847,0.5184842296241641
317.5954737282067,0.2129373265539698
351.1431799502173,0.25718276528709794
342.7371866281635,0.018319907048294226
350.4703166629509,0.07386509101104366
377.36664741959066,0.4107739477638006
354.8872167890578,0.033222152225448554
361.82584937851885,0.3679394300737613
390.13871532324157,0.13206178351117615
406.04393918250435,0.33398817375177714
353.17675958579235,-0.832899603493729
383.568830949108,0.38385141051332994
367.1854074249691,0.004145447726386919
367.1854074249691,0.049759657574895755
368.72491731054254,0.15569706249982573
367.3182515629347,-0.12936872388536358
338.1903855908813,-0.4484654644759303
338.1903855908813,0.891425408770715
325.3159686209802,-0.22901579054541799
330.9156895517871,0.3156988072068998
362.1882785333706,0.0046357843907571805
341.4227033575425,-0.017067748768340607
341.4227033575425,0.5513077017303658
312.35577184648,0.27921496274927904
332.36844745421985,-0.20318378404874693
332.36844745421985,0.2988496021799847
332.36844745421985,0.35342786790511127
333.8583600812719,-0.07130585438289927
330.8836319998647,-0.10871543482767265
328.8280435200405,-0.05640703620747445
344.9319486833231,-0.06240566585915985
315.03227936104537,0.006003248028150665
334.30499556602615,0.7113452470096036
339.4394473257888,-0.3530791565576692
339.4394473257888,0.14285892498583053
307.30646566646004,-0.286308670771632
320.9212999968986,0.1580511551978816
322.3111061557345,-0.0850052375976702
313.6930035940669,0.12304755652212407
325.292531113746,-0.1173334071845602
330.4595630706099,0.17519367169870748
353.40053037500985,0.012498505815415228
353.5587631910888,-0.037369510771213754
368.14629397006416,-0.00010487187273611198
386.28864695599196,0.2848395252146929
356.53505979057593,-0.3018171920554096
334.90963540905415,-0.3586087820837065
330.69292328788976,0.21205397413336868
347.10628872859706,0.24080831071137254
319.6594611847767,-0.5575948540949867
311.18146983708493,-0.03332613025054343
328.6920816989236,0.6601092447106112
356.1431085491128,0.37121503096432207
357.44097533535324,0.02656497208613473
327.03525721878714,-0.3860379093459869
339.37957685063935,-0.11943289558143988
346.6822694390665,0.31408490424882984
345.76808012340683,-0.10055707323499519
366.1618522539549,0.4204319350908463
343.32371064167836,-0.4224453747829102
343.4337725131274,0.05698527389449737
343.4337725131274,0.3813526947092214
392.0621688956504,0.5751928754625624
329.6476177764455,-0.543131070410027
329.6476177764455,0.2776145335806177
329.6476177764455,0.2767284806253656
364.58169651497377,0.4240170121115625
365.3593975170899,0.2739503912014243
348.8212456867656,-0.5105012760585623
359.80348217571503,0.3869720818507858
346.0059427889522,0.025137800840184354
360.5957750488492,0.26073875956581105
363.27927221740083,0.22017886097569317
359.4511704112004,-0.09656075902250905
313.50652445150064,-0.1772963890864503
343.40602575556505,-0.030565318567369104
330.48916144992177,-0.3810157790036328
330.48916144992177,0.5461912514440428
372.97993224749916,0.8354072095169158
344.09684321697324,-0.45480875954979183
336.8527908119346,0.16863228292993426
333.78997211112113,-0.05464048304475
333.78997211112113,0.10021017192889303
333.78997211112113,0.33862809329139054
344.36291794367617,-0.014419869474522784
337.9706058727167,0.1885143508220608
371.26049420087674,0.4635714094033574
336.28872833991807,-0.47362069145970054
320.3619899347162,-0.249322348004398
351.61763460516414,0.24114463819887533
351.3339742224054,0.08898900995609438
351.3339742224054,0.07253656007026166
351.53219815884034,-0.300885806917222
331.15761692708213,0.040351564046318344
350.83824451196324,0.11010285806571574
362.53364307968684,0.01644610535731772
379.5365015131388,0.44606336536094204
382.2548065858899,0.11978873068983376
361.03451387659493,0.17994925929860983
310.0111517175422,-0.8814003807545987
376.78774714854995,0.7666322754897692
374.7864503487722,0.236785818979115
344.3683881581689,-0.5153285144913298
344.3683881581689,0.07840365998458765
346.5981435870017,0.036234249826406995
347.5510991584695,0.3099604527265001
362.63748839888376,0.23000519165123023
359.9964842178125,-0.13356263370815213
338.35182827707155,0.04100840928845173
345.6888247381653,-0.2933206943489495
344.69671721980825,-0.12132964965053361
330.8303974101276,-0.36029425592653297
330.8303974101276,0.29959426859613814
339.69238394760924,0.4852085915151747
319.5204668461127,-0.0639005530739496
320.0174422193084,-0.4983707332303311
333.30917440069476,0.15811006074682155
356.8092664850223,0.9403446711022525
334.841652162558,-0.23446850598497804
351.81905892843804,-0.009442517662932914
355.4755446755268,-0.16895735904620324
363.41969178028774,0.29179929473230004
380.69738728720233,-0.05416687715410262
362.2028061027874,0.004839134493636266
372.61999446714333,-0.1092518035637795
372.61999446714333,0.31275684410172744
374.87960758700365,-0.27452787145887214
380.19252354312533,-0.10664668848983183
381.4393331143345,-0.026621087497460394
367.0575279255038,-0.029073703192011635
416.29475382681966,0.7875516878684721
406.46361814381277,-0.1521865228482966
387.32634272205286,-0.31678661478895265
387.32634272205286,0.34591062642834913
364.7296831660174,-0.31747872494543117
364.7296831660174,0.19583738370886294
353.8106932171504,-0.36944444161167667
339.9174070985612,-0.37200135758052966
339.9174070985612,0.2895681562789605
346.44149748472535,0.4208930659443695
352.3455282257645,-0.2535289608048288
347.1792047636064,0.04467626081884646
331.6700804966056,-0.28886193037078556
322.70335446661153,-0.02802952052877572
312.26222860578974,-0.466838778349711
335.654642939811,0.3829341874036345
344.4998484542362,0.10155793559442827
319.11916947707846,-0.2681106716703425
341.94692219995954,0.3838537307375418
367.63964294184086,0.4078655841121872
363.4437075260665,0.21815423460930106
363.4437075260665,0.6702759866029737
374.4674633992473,-0.05920897973760475
368.58357055263303,0.04489655419047267
367.8407138136529,0.006621477329872505
382.2576705669134,0.6397722618344233
355.4961467246883,-0.406141911407758
376.69020922640397,0.23611428266826806
351.1718505833155,-0.09756187354230406
375.8779212035075,-0.03998966834319617
375.8779212035075,0.517205403328262
371.2866015112731,-0.09038004441788416
369.3706969340969,0.22097913670381786
390.83160141116775,0.13510169403514283
376.83542553622203,-0.11520607393856608
394.6410097755391,0.1594495404671079
421.349532874705,0.09566740004822805
414.95180872532995,-0.2146602676218663
401.73875963658577,-0.22639166353496876
358.4775085511286,-0.27635909340745
364.73511101736125,-0.06432083728464022
340.724812523016,-0.3745044924029344
370.4986305804316,0.49398393598301027
370.4986305804316,0.5270905950648057
383.661199476187,0.3979210889519891
367.58968364620176,-0.4043287674797966
348.0573174665351,-0.17825721204235379
333.696529502477,-0.32715695018009683
333.696529502477,1.14238663951312
333.696529502477,0.24555040688517238
347.50002611352676,0.15055725658999108
369.3289807357333,0.31448475804211284
343.37638779334117,-0.2475683774468962
363.84444943307096,0.03249777296764478
380.5950198045052,0.11231169232814864
369.9730898799885,0.18114438264785804
372.2630796821266,-0.22054731942318995
377.4291781843084,-0.09960247425101443
362.4584619946742,-0.03836962915204367
381.4854519026932,0.402504045394835
381.3686304576111,-0.255027683274875
360.20629929777346,-0.2539951218313945
344.24627216135707,-0.11696065794308197
342.918575005436,0.02181155687401315
342.41326873514925,-0.00190012930318062
312.90857276966005,-0.5284939339737775
325.82103367798624,0.16414938807463386
325.82103367798624,1.1748411744098348
325.82103367798624,0.49343515236137137
326.04142912676093,-0.1416612896097149
327.354373634889,0.23682779795387887
329.21593837827663,-0.15937890115935716
304.04970379398577,-0.2860133016930604
301.31302945007434,-0.37795059533482345
339.56327480037237,0.48699185789530475
372.1437784289066,0.33282888699295654
402.454609835058,0.4793032184617232
355.8266084721242,-0.2661011494151353
350.6052416148827,-0.1101944668039323
338.2026481465574,-0.25331885161870105
341.1694522380436,0.15135850509398097
375.9197089628508,0.3767239943324512
387.8423779926978,0.24604030470504767
334.6546110289426,-0.5172070447958959
325.35079401060426,-0.40574803686672567
341.5551591968454,0.2350871584029619
353.6432381171763,0.030597595858125715
347.0996693598306,0.06823109011793349
338.0085890892769,-0.12472929175874015
362.9100732341306,0.17193567294953027
374.1357599467892,0.14400230210799236
362.84961413662757,-0.014068343791677762
348.49584554675147,-0.1807822525578331
353.7057420060668,0.3274848119287981
357.6284320656279,-0.4961451490287345
346.4794652282561,-0.0020642640148480496
332.42930350996335,0.09464984968633416
346.1688211562747,0.192921278513154
339.2814768803043,-0.46651846889494664
319.6914194278398,-0.4531726815368984
309.61349137982705,-0.06005214872061515
330.5191453821638,0.3982994735079046
325.9460766351993,-0.07142326481869077
345.808776981133,0.21492472645832095
373.5307292832774,0.41482571007293245
369.04686567182745,0.14519581921081226
378.8398151450835,0.18629878445256054
372.5561266501976,-0.2271759704726719
345.87008136589725,-0.12620096806153924
348.17042247591354,0.18529005691470957
343.00776551207474,-0.44713318049457484
343.49896224797857,0.15764895341544616
358.3097100505717,0.13306970861412992
336.1786258748948,-0.35653257575404496
348.16863144042685,0.06250988067642993
340.23067179461896,0.33070174005035824
315.05344648289326,-0.5904988423421855
329.9916080285197,0.16685532016208526
329.9916080285197,0.5842915545572396
350.783968217475,0.4347512351163232
340.0065287862858,-0.2766046487087124
340.0065287862858,0.3954758712683315
340.0065287862858,0.6084307302519392
340.0065287862858,0.7924846909635335
358.9807140708791,-0.015843559293784892
350.43820429289156,0.012568884609436282
350.43820429289156,0.94735240695843
373.9272298873977,0.5955961146642039
373.49064572283663,0.18617055540221372
384.3626746540351,-0.18701198377709716
376.3877030127774,0.24254148442935275
321.3037512644875,-0.9490943516925654
373.2400216271909,0.7084717079333132
346.6354568239643,-0.09943107909066384
351.76626443429024,-0.021668771804570497
375.3344829891831,0.2744427544921564
355.98820615940923,-0.42847667184992133
362.80458511872564,-0.01959632175976367
360.81524738790415,-0.09405316367349315
371.77454097518324,0.4059070400527389
371.77454097518324,0.36058008120767227
350.7315123337257,-0.08332493350690129
356.9831747863397,0.09865723974985485
326.882490973578,-0.11070417568612356
293.24274292121083,-1.102259485286936
293.24274292121083,1.2463236527265735
283.2916565421495,0.10216937472705467
283.2916565421495,0.7615853048429244
283.2916565421495,0.5539691477372344
283.2916565421495,0.3614023890033877
330.9960980326449,0.44129928149118314
348.66476350206307,0.09978555152406443
350.20215076555274,0.04556655638452867
350.20215076555274,0.1328308687113804
347.49859606249316,0.2080225591096223
325.25054093735673,-0.19824741669697232
325.25054093735673,0.42050099563164167
323.55987183946235,-0.3412555956660981
319.7187924975569,0.087372382952708
309.4437145739634,-0.03455049572323787
309.4437145739634,0.17791581526194022
309.4437145739634,0.2146011946215367
305.3014091451077,-0.11973062693448355
305.3014091451077,0.38919379350647887
330.5603146403823,0.3443422536537355
344.37035933730255,-0.10927280059354416
344.37035933730255,0.06719588697148993
317.5700645932122,-0.3073509950836524
317.5700645932122,0.7484784887913065
300.51621126544825,0.07276535634673564
330.14449019653,0.12870722389493494
320.50154955516876,-0.38311827948314203
320.50154955516876,0.409493300935992
320.50154955516876,0.7760800899899323
320.50154955516876,0.37873390311597177
320.50154955516876,0.572240922984065
320.50154955516876,0.6173104307587209
347.3722571292059,0.24987875109354718
365.3343990078107,0.19377641198957463
347.39679944121104,-0.41056147415679334
356.7240281396814,0.4134808958733629
320.1407010207531,-0.4279538470627813
320.1407010207531,0.36669563846112396
337.0261167728021,0.13493686228139268
339.9370307258826,0.032115361290948385
344.33955750053167,-0.1635763936717467
363.4908845553177,0.5303306933336671
323.14668557091215,-0.3175170202894151
324.7152336729956,0.06700359891544849
349.31274566194304,0.09883998099689961
344.6606942078199,-0.3231830808261975
340.58661048021634,0.07277141385009145
368.0175307248937,-0.0016656062675792782
352.2167848874244,-0.1690207751098569
352.2167848874244,0.22868966053579243
347.36503016323144,0.05582559409390342
319.49187050773367,-0.554126534824718
357.46370920665044,0.825371465937792
328.898876937237,-0.7190498571649186
378.91296775267347,0.1466822822209224
328.1388562203354,-0.3814331278811096
306.85210366025524,0.0720073110165913
335.7297698634562,0.07897144228115849
325.4528513518889,-0.06030858502867886
306.8249087745055,-0.12601224505976916
314.218272226368,0.22251893682971513
333.31730705186953,-0.02830950046813996
369.9042813894343,0.5702238979650929
390.40578291881957,-0.0712273220977977
402.5936980846735,0.27812308770478467
395.31411768595535,0.050605431336634865
394.37124293092245,-0.24936647687786717
396.8534997848898,0.0711302029980061
388.1089121379324,-0.19326024606584724
351.20838727886814,-0.45432926557350584
374.2824746623439,0.09178459863210264
367.1080268595685,0.1936815735999744
368.1961133676452,-0.2533896942013598
341.6035254514065,0.09273901348944946
358.6567420365795,-0.07924167150440553
357.0496169774151,0.0666876002949266
342.70695625604276,-0.17483809949976603
323.9757728657171,0.05379876717358911
338.2678849817826,-0.14149152148036137
334.97176972592774,-0.05374303919359136
352.1879058458,0.3505444481880886
339.92526493582017,0.21983512320343834
340.1638808176368,-0.17715393431001303
340.1638808176368,0.5010472192929001
348.7839702107275,0.08488764806861582
364.99985163669805,0.24162456561896306
356.5182558473587,-0.2321109716972387
389.1037657283951,0.3733941758052879
354.37144973340867,-0.27131465540560384
379.3036000124641,0.19165410094603885
356.7083453587379,-0.047218596969742066
352.7395617563778,0.162051854832157
380.21084846185977,-0.020226697589123432
355.6575502576728,-0.09036518179937048
339.41630437510344,-0.404965938211717
339.41630437510344,0.5745520279883749
309.62884876629386,-0.2003733521647746
309.62884876629386,0.08592761680506555
309.62884876629386,0.46182757836515975
330.8431202179005,0.42077456020331283
343.8880336839356,-0.036640265861251464
335.5086701491034,-0.059340657455777546
335.90918552953235,0.2211168687550753
335.90918552953235,0.34009345662707346
352.6151298278104,-0.057794155817873616
369.4555440156216,0.22149661988851221
371.4748556305647,-0.0439199281350966
337.130776552229,0.009716229974628732
347.66073381013354,0.2962931534227664
368.16622122121896,0.20077643714068927
368.97580480523953,-0.36702792800224415
368.1577541723991,-0.0741421553834698
362.65764542541353,-0.16113523199283009
393.41347335688926,0.5353152636211007
378.4394711453729,0.09998666480476004
378.4394711453729,0.12766016206546738
398.5786076306651,0.14365750596925864
386.82157880568576,-0.12549086202238868
365.95168283878814,-0.29834952604528553
335.7191820087966,0.011138772644244455
356.1325876643993,0.031678301756528526
367.6768940317634,0.05924927695355109
389.02737381431814,0.685823123122077
374.27920819216973,-0.27521448408606375
393.2288610313891,0.08785216734145251
373.71880474845705,-0.3251446106713729
365.41702084389715,-0.07335137605980435
390.10714169190027,0.11728075965811513
360.3447810319807,-0.4616590807918328
402.18433462412435,0.6300421047333202
389.99014386424045,0.3460643549121869
390.561256872852,-0.22749144950660138
369.74448579340367,-0.35244985742576773
370.63450635975556,0.19089276671491007
382.57595612363224,-0.09460222431789589
382.57595612363224,0.4188559399062797
388.81818077356496,0.2840081188978729
365.3046393520494,-0.209839441658346
350.1147877494989,-0.176197245463527
354.63106097628946,0.11373379653991833
338.9407132617357,-0.21201176493923413
344.6819237591814,-0.07543207856792833
347.8628259395483,0.36446018396168256
361.2730378044777,0.706074905643959
339.6860517859904,-0.20001723067844068
363.73056750048386,0.4794098717735551
363.73056750048386,0.5362641055901349
327.1677192857593,-0.46109410039775867
328.7164667364554,-0.056507143001908844
357.2286000732359,-0.07733123363277628
369.0472520171094,0.3702803990730672
331.73611728147097,-0.4183793707256882
338.4855540475138,-0.16619268930162434
358.53994936850296,0.5229555575391487
328.9703653473307,-0.2625963540538123
330.7991044600113,-0.03796590113915954
362.872106830269,0.6682197396845595
314.3184341067053,-0.7017676602538359
330.4593924026715,0.0282340708679385
316.74440913496016,-0.1013507826978639
324.07584335209646,0.3873217411985479
305.9950079208594,-0.7322003682054401
299.6889388443059,0.380154992468988
329.6155951415143,0.28955486888537507
342.28386066574046,0.13292911592679957
361.44791552428836,0.1794307586111472
386.02423181781376,0.5319664891188722
343.87887317651774,-0.7212398893967702
321.01347414652764,-0.1932009690067389
325.60341208824417,-0.033778953275486856
346.93298704929094,0.00949596866905722
346.93298704929094,0.8789858185283492
352.84688012101503,0.39382016588592705
360.0656454877811,-0.03612739197956216
339.75800575065205,-0.10440057279652137
358.29042145198025,-0.03528985498167003
352.97069759836086,-0.0997590654284295
365.5385338046548,0.25697029344212297
340.912061552489,-0.25212594132062804
340.912061552489,0.8516861007482248
340.912061552489,0.5927361252719265
336.1222251322532,0.2961416929254028
381.5862975635346,0.43719701169891323
363.1082300325735,-0.5621230689491767
349.2103952342233,-0.3701182737009958
331.5911944950961,-0.2821614650002857
357.0731211204646,0.13182525938066192
355.97127696065695,0.4804653796840057
352.042874516248,-0.23774633677339807
346.0848049027324,-0.2521813900627876
346.0848049027324,0.7449738665789027
346.0848049027324,0.14592749284088313
362.21116038778274,0.1287422512059493
354.46375833406046,0.11085024399585564
362.5338795503401,0.2544634374361294
362.5348591516147,-0.094803981719906
389.22151865263027,0.19917182221263374
380.80871695132987,0.15172321298359748
376.9193515315684,-0.0006187581150243204
373.1873183719097,0.3417937162898852
364.7505468796356,-0.5254121482603296
377.66683187522403,-0.16936502387216024
377.66683187522403,0.6169608130006736
354.0315343532171,-0.12401384364352452
342.88097078670984,-0.1749158853061772
370.75565934218,0.2626019202191401
341.48088715974,-0.5098673170728034
341.48088715974,0.23546802305861547
376.4932389584815,0.37839636623562
369.9375125746338,-0.10673337699745389
373.1835167281089,-0.08509118876725097
393.324422003545,0.17686898791157546
398.63472925817774,0.41435347395713507
409.9000611517206,-0.09021724828289734
352.94735489410004,-1.1000026165736472
350.0827431297777,0.0512569799236644
323.0223207925608,-0.09002700376311168
353.6323020429994,0.051665133531855645
338.9111014939921,-0.06154249751887164
344.92258798991463,-0.3859678831238398
355.5441932434674,-0.155301399788641
342.42481731374,0.09549048632493395
342.42481731374,0.4553242942262159
369.86492235809214,0.6823925965579747
372.4687516812099,-0.1188084862786809
340.56443139271454,-0.5104824250374804
331.7477920721101,-0.3282406952102974
341.73819826173195,0.20767546056913488
343.5941599772598,0.01616214964451501
323.4157986639923,-0.2614294913048525
327.02053095755446,0.365472867832068
359.1106755695564,0.43216657632603983
338.8510150902303,-0.2634251415812514
339.7066890803407,0.18321851694190627
350.8000424515923,0.05931525902315116
369.93976852329644,-0.055689240112087646
350.12435605724113,0.1978558830860493
347.4327526684123,-0.21789704662455733
372.97956720089894,0.37281386866629873
377.5841607989469,-0.002780543280778147
346.8420204150021,-0.41511371772116945
378.1568288919098,0.1855271557856213
375.63843643181065,0.1717440846862246
355.4222784510783,-0.20579017080217454
328.71946645381166,-0.25478072398323093
324.19747832378135,0.24711233443258607
317.97698494312334,-0.058665695726631384
354.57964565423225,0.02278749587958373
365.90797615903625,0.2729226678310397
351.57975045749936,0.11825889419367286
351.57975045749936,0.7147674755501612
388.5806222495252,0.2390336939683948
361.3988528333741,-0.3417427884210156
388.8944378015816,-0.08807355423789431
338.06513919133135,-0.7684558844972571
338.06513919133135,0.5504641774070933
339.1013939321927,0.6588047289901624
339.54229417251724,-0.06679080678873106
339.54229417251724,0.5745120097645895
333.8648840021398,-0.32967910213551477
325.245500333419,-0.3348940336096575
340.3565164802642,0.2673479209422567
351.19278109645796,0.07338138011573392
351.19278109645796,0.5784134079655132
344.643271045326,-0.172811486712817
352.7049262690431,-0.02434150468036478
352.7049262690431,0.44403256288592274
348.1604504827476,0.142899331739045
348.1604504827476,0.08683792869635454
335.87338029760684,-0.3019901413980506
360.34433276912114,0.32091749453695684
334.46150559273013,-0.30719224507197396
338.21395549139237,0.11240776917270523
352.60405891139493,0.2218702251752802
344.90725693302414,0.28075849378171824
376.10679704802254,0.24385971621791214
377.6795863140152,0.1753859303491936
374.1788306157245,0.17564314515516344
343.7944878713803,-0.5406596466835936
360.0087950455547,0.12625277775430277
334.5537972461013,-0.3108181554410976
351.98677688820965,0.09142085370808672
352.86998729173774,-0.044564286112290574
355.2550681124279,-0.07807039860404075
343.6694203664008,0.2234954287440587
359.9317498490999,0.6416567968333311
363.59037386878003,0.17426071003262678
373.1822158533567,-0.08018997223382485
358.87373644359,-0.4587949185954585
322.00579077082244,-0.4334800119170268
341.67338160501765,0.27580270936687157
345.54437869994985,-0.19509229634877556
356.10021210856905,0.6619558677829218
326.56965501805587,-0.3802646508293037
357.81236448980013,0.09194801395642571
357.81236448980013,0.17399340974066035
342.5507240231372,-0.4413315833849083
379.3397688840583,0.5285036467662394
365.5499011195339,-0.22359314572918265
365.5499011195339,0.5813388580925221
386.4497882138539,0.33737412220148144
381.8656883428656,-0.20268999931658982
377.0269932634393,0.050747308265272295
365.7361003236166,-0.4118532351538988
350.459858811783,0.17616643009068866
316.0603426670407,-0.4980231514634852
342.94447116723296,0.3567331117926642
340.68705096164797,-0.10586176122967572
355.3433199708117,0.15070362352412303
355.3433199708117,0.40223123804230454
354.75676241380665,-0.1811546667939865
354.75676241380665,0.25125456826435766
354.75676241380665,0.29556077508573253
339.59987642273876,0.19782820061345774
352.4164391569604,0.20550224344901835
333.9670580069199,-0.30877650388367783
333.9670580069199,0.1721052538599679
334.9041693243017,-0.07424849550147883
334.9041693243017,0.540972818705427
360.76858454242824,0.05787854077289012
390.6340980321216,0.5771325921250536
368.4233561986932,-0.14096345778989416
367.4695221217912,-0.32243565758494697
374.69545215588505,-0.23970772981397204
348.48201170227037,-0.15988660967434498
368.46602607320943,-0.27953302873527264
326.9939324946956,-0.07758659928526868
341.22575562356434,0.06380861467380328
330.75165598079474,0.14742883582630384
330.90535895592234,0.2756903676033744
339.7313134478276,-0.13121330939793552
339.7313134478276,0.15711070124245907
358.410433620728,0.216812007963199
344.03766698955343,-0.4204623292374663
374.65819573042256,0.5649999711927194
394.7530499418507,0.32534059890440403
415.9229975096339,0.3285615896458012
393.0707355592925,-0.039892424416734684
391.7021492388549,0.19119863411492588
371.70119887591875,-0.1449774462877258
347.878283078572,-0.2807215627935875
345.9485047632384,-0.13091753992773647
353.1967290498748,0.26806282984807694
353.1967290498748,0.5604214511872669
349.3078615586324,-0.3471930443006386
349.3078615586324,0.4784361819060905
344.9757316110736,-0.19243717847461994
344.9757316110736,0.8509494328890241
344.9757316110736,0.2660129445102939
344.9757316110736,0.28227487151002606
340.5845978828643,0.03809677701133296
340.5845978828643,0.5779858363957828
343.81790685560395,0.3141896683220011
340.40455536312504,0.034116875961217374
340.40455536312504,0.13265013025022654
318.82728824113974,-0.3852379239012862
318.82728824113974,0.6124400296826025
338.60344749182605,0.32541969379337843
316.18770906114133,0.038035902328715565
316.18770906114133,0.6750671705556215
359.11888475587057,0.19622905782046018
359.11888475587057,0.17179783641813628
326.92337913594497,-0.2480627432792062
322.4115569919953,0.09230387484956282
344.03799171940716,0.132541601318394
349.33975032690716,-0.01081165880464141
338.4763047292144,-0.3831423725748664
326.2707442901817,-0.40799494022417093
326.92024784005116,-0.18391516664462415
362.22355515137406,0.4680915937639156
342.4329632932767,-0.04403746340756243
342.4329632932767,0.4116091332779206
329.0889401388105,0.18163299831996937
339.49347498355235,-0.057149188862695155
359.1504913819097,0.06711090900466843
354.742660675439,-0.08775167227645397
350.8456976358655,-0.09704910811854006
336.49964869125927,-0.26646475412644577
316.39665876906224,-0.10064118738341676
316.39665876906224,0.19788692132920005
305.8384420602123,-0.04537286635127202
305.8384420602123,0.6079457948610525
323.1781173557677,0.49272336841761444
338.26509369694384,-0.008975000727900806
327.6791670049925,-0.14851298958274128
373.5730671328352,0.5018724994968125
351.84216729521154,-0.21061859450765041
325.89868352765103,-0.4380744346619849
321.1564262322883,0.19064935505230096
328.13234389698266,0.05074891769072565
346.2618561387091,0.3321158834748985
363.83401087022924,0.31654894529924604
379.38386315983706,-0.3396583238936728
375.36622942843996,0.18625953219054736
360.4005641831101,0.018765944840311022
360.8835854402644,0.00498423085059585
327.4314904807546,-0.2560497572451368
368.01957127255844,0.4272468139936336
366.646511585677,-0.19551922600078342
390.26694344361664,0.6637431050428404
343.18155701254955,-0.5534611697552236
326.18291265006997,-0.1741271976934513
326.18291265006997,0.5875561727605145
328.0132488177346,-0.12282504007691841
328.0132488177346,0.19907484592158653
328.0132488177346,0.1890464435530248
330.9339497437304,-0.2690971154382851
363.08847390457134,0.1999952145926045
316.9049925199595,-0.39123895294892463
322.8945055381544,0.21389742817405022
340.2404332725762,-0.02937002191549709
352.4248130844487,0.21624682778178794
376.1407751804566,0.07379083560351773
384.03009274382634,-0.24740541159326312
360.07779462118356,0.25034420071165187
356.32489969899564,0.11445898745512295
350.0929591894118,-0.2642859254557379
347.0811535298565,-0.30439705756884905
369.03260527696784,0.09577137766132182
350.92950202690224,-0.37950642195289674
350.92950202690224,0.7305567336566128
353.283330998864,0.09277886352856513
353.283330998864,0.09527170060482604
372.5877797656097,0.44051934235017143
323.28773163123793,-0.907926684252061
328.53781733447624,-0.12287364330768469
328.53781733447624,0.7440109042246377
347.95431549397205,-0.05929033350969348
364.5831475667144,0.5123680512951978
343.9517877455241,-0.3379088883461918
337.4707013621065,-0.19055155911473776
344.60045419861774,0.3633045322637827
344.7280816955534,-0.14317227231731522
336.6462586052412,-0.4493067901141785
315.97895022590285,-0.1714867449011308
336.6563752508953,0.3022690754269206
356.69264828106117,0.20647401770122542
356.69264828106117,0.07069523792745258
349.4476278818433,0.006302273986193541
371.0708047212601,0.21973102893889518
308.950302393603,-0.882051876370042
308.950302393603,0.2912678366410546
363.8201454188977,1.02384828355423
326.0080888938085,-1.0885752118709888
326.0080888938085,0.5003583778645861
326.0080888938085,0.763252359841772
370.0998299822242,0.4909415204981542
395.4726224189297,0.36445721369295825
406.5846381827627,-0.11562578458483586
406.81487790196076,0.1287449758681305
378.3104275513385,-0.46912857590814383
374.3512936218181,-0.07393070677926517
368.3163762354137,-0.008590547514927493
366.10214025537744,-0.01683417258323061
371.62375115610365,0.3421932630332094
387.62477468665935,0.6063216338183111
367.0436813130923,-0.21783537994167546
346.03178698304407,-0.6729730660230189
356.9571152191432,0.3647326711285359
375.46712546045984,0.2502694555537346
371.62645058079806,-0.03695964653138617
354.2853426457378,-0.16769427078259014
377.3577014802934,0.27093050755536296
389.8032486451186,0.22894182160075616
344.5116475653904,-0.5583808200880185
329.4993873053825,-0.10275889126091897
343.7459119233486,-0.023974542436235424
346.83213157074005,0.18167199928097943
342.4356671614897,-0.11841246529638738
351.31766631200173,0.4673102268246794
356.1359862670816,-0.11882909705616385
352.4407915893987,-0.06054240883145212
378.76833184661183,0.5004109284470815
329.3269116593615,-1.054995959719804
327.95531785105635,-0.023645424186042874
308.97308603460493,-0.24475073530607006
308.97308603460493,0.803916751518841
308.97308603460493,0.8562725597232657
336.61988904411476,0.698847650062703
314.1334526962448,-0.7886759772713958
338.77980616648733,0.3624952737674221
338.77980616648733,0.5536912406331567
315.67061838924974,-0.039055563305623764
343.0993323450754,0.3784849237213166
329.9230478533878,-0.30086835424708624
366.2410340290216,0.21920905852152828
344.9773985553696,-0.19533659151716165
342.83042632513923,-0.06235232612641539
342.83042632513923,0.1412195048845888
360.0237194149212,0.27274385432383497
380.0675915481038,0.026654941981973934
355.0196577369165,-0.12714112366836616
351.89030942584213,-0.04760687649365991
350.9530812938125,0.027649148910882104
370.78256564951994,0.09980017789371232
381.00231748552625,0.3613420316380598
353.338645594287,-0.3577595126489541
385.4445821043704,0.1569690387418632
374.39951058432496,-0.17317462646951753
394.60032976359366,0.2363407629827634
360.3445321050829,-0.8300446431987893
371.57478889208363,0.45406625996679395
353.1780904105295,-0.35692164821921324
364.2743358953718,0.06326803100489542
378.5786729704021,0.21072731567733172
348.08215037680384,-0.024542488795873396
334.1990446559299,-0.14326900042419766
370.2216831151066,0.19515696395183113
379.1576691300038,0.05808288787090987
331.24795829356003,-0.5174308840452113
385.6106427753669,1.015970397742194
371.9563051577015,-0.3194927079075569
371.9563051577015,0.2771650885161989
359.3335436554732,0.17473899734568477
347.60641083653996,-0.6942781567295242
335.65204831734184,0.10354977275210331
349.8493017359735,0.2853353873870219
353.36498548710557,-0.2936541882044139
376.8764004841379,0.3064946784983249
383.3858128545424,0.1659083401409589
380.3470326344919,-0.27848314867810586
355.22995194197193,-0.5141182352599571
347.2221481984166,0.048060866322884976
365.0265590657249,0.017200186940158346
353.5852668890407,0.04530489588387354
351.3732256444987,0.1155336118778223
349.3705005594653,-0.01689206712342184
331.247768486486,0.13799611758520314
319.3149247360811,-0.18955077561417966
317.9801231095241,-0.430561590461366
338.07937265869884,0.35264072392908474
344.13253196233376,-0.048663923984236135
334.2307677612836,0.427944710112115
335.9815443249385,0.3745190910723295
310.8420202827886,-0.6161128878160298
363.29873341770383,0.5150764087405832
367.2743424293458,-0.1583921900145242
367.2743424293458,0.41789717264714454
324.01968513943194,-0.8915780587532254
369.94120194002375,0.8175277076910561
354.80356401885535,-0.08305312339916782
358.2298852898033,0.19594930692551316
400.3075389945246,0.12591321870468164
386.05767607355864,0.012894038825606913
384.9565458606623,-0.0862731394581715
360.3452551743788,-0.2604830734252346
352.21860603575556,-0.04198811538560676
375.9593326098681,0.13060519065982135
371.3009146000059,-0.2590298018380963
330.1394642024005,-0.6357676148045357
333.2028848063255,0.30100504078347967
385.3058174437176,0.7080425170667013
364.26742881914225,-0.5065960955026867
363.62079153804535,0.031721788471145373
373.6165193335472,-0.10445135298755304
338.31371774395893,-0.377705991240191
355.7741083013963,0.3837910860657985
351.5004344101761,0.11704407213687773
377.06213809334207,0.19759899159225824
334.87366102915433,-0.6162905965959453
314.93057366713083,-0.28073887638208816
347.90167541391725,0.21489482520473757
351.9198302346358,0.2786812773304064
385.73776228509394,0.18833873840890192
383.0568512370907,-0.16153995834156376
358.4322434426477,-0.2705549355111998
367.399432942336,0.12325138164919736
341.0069428214228,-0.40503199734280315
341.0069428214228,0.10149375217190482
342.04844687530607,0.13824492174035186
365.176361536768,0.3544740622385234
350.4035304324731,-0.46326578869673085
342.33459186581,-0.3571188952270177
362.6241621842789,0.39590587480074646
356.6702906978763,-0.04515652483780741
341.1197143453836,0.08843653282497144
341.1197143453836,0.5434657526311639
309.4989081218417,-0.47670456876699063
356.31173673392715,0.4432860917590915
342.4761771518067,-0.23412739394359505
328.1860666486735,-0.2318846341944436
330.19657956300705,0.14967712569216474
352.75722237571944,-0.05864233190095547
352.75722237571944,0.22302795299231093
343.57498324940286,0.11776349888759796
337.3449133517461,0.2995080459240853
394.11678667862793,0.5408871376057505
372.6815009886054,-0.21803874861893746
358.51925338754177,-0.014721228746111592
332.5624777123058,-0.3645847030584264
334.3006829296202,-0.1353531393499452
334.3006829296202,0.16792738289302633
360.4917660383544,0.4071432334421843
343.68035585962815,0.02044772165629638
356.4946098230036,-0.3586711802872742
371.4847410173781,0.15187096854174342
339.61554448835614,-0.1945729070903326
330.5843304790034,0.10684810356974594
369.2699199371112,0.22848135216861465
363.3956032214596,0.08801093023271278
366.66691270538934,-0.027971770245130756
366.66691270538934,0.20392002382106966
366.66691270538934,0.46536406353777693
369.17878295924066,0.039343496856758975
373.80156350037277,0.21788236481472723
378.40260538245144,-0.4071688170248535
378.40260538245144,0.5147545019474364
329.4269037240981,-0.5464282780901613
327.7273695198903,0.12325960077214404
351.5741499800863,-0.09328684946001431
325.2382586608166,-0.39354408916233297
337.65245744991313,0.13842210772236285
374.96631937300094,0.39576157093654274
355.7552635853984,-0.8101656574010576
355.7552635853984,0.09936270980199424
346.4830782429938,-0.1058780837777249
374.709033889653,0.031995604680560064
352.85552879948324,-0.05961304626191577
340.89376531902445,-0.39959080717380857
346.887722992266,0.10868682812383668
377.4439997073211,0.3992640312937965
367.4614232151862,-0.12960939703714303
372.80422834075654,0.24923351954123518
397.83163618442467,0.12822257205425558
365.56571336243036,-0.566262749069665
365.56571336243036,0.10731090048238912
365.4154659195889,-0.32222338701410536
371.59300968497797,-0.10070136457397894
373.6686246750827,-0.0783218266175254
390.85379514663475,0.40388576089515027
391.3672288949463,0.19386327133611303
389.70412054998866,-0.0920036423081001
351.1761527742686,-0.7013051212286427
350.2262748004317,-0.14490439383541798
336.6811549026986,-0.16726491116526176
350.3907993980149,0.42714577207232196
357.02196997483355,-0.27698254310826087
373.89690824124807,0.4551828244988201
352.14544564771825,-0.2700303751471438
372.2954636299247,0.5467398390331937
378.54955718746567,0.11950201094828117
388.96039499769984,0.24142343026676372
379.5367376936065,-0.020966014268992694
340.13305762710866,-0.36492737939670405
363.37238822799515,0.5949230773338741
372.69475238393596,-0.28599816214693874
337.8673700977247,-0.24836473945970283
336.2936585130672,0.1543818446646128
348.27311884333346,0.15986693631907656
329.23418695119085,-0.2302823615809757
368.59123189177905,0.4675990864711821
381.6074490462414,0.37586804581519573
383.3126374683043,-0.22611801409072996
388.31143682436914,-0.12725725843733926
367.6221202807927,-0.27843905350084697
339.3083283801587,-0.30535751779189013
370.6895116717864,0.15509731839472352
359.52882310845956,0.3959499813355478
355.94551436063307,-0.5368072710432443
324.02945880400046,-0.12868615573279385
346.2012009955406,0.39551268350976443
317.7122554085656,-0.6828540087988131
327.281847338724,0.03981412087546232
321.2659831611212,-0.1693924803768141
355.0327710590929,0.30956970540557904
316.2103466907182,-0.7685610630651354
356.7593007554733,1.2567504365169953
341.59707363608294,-0.277992772630796
367.42863149797853,0.3434533667548294
354.33734251589993,-0.43684427153652905
332.7858718995599,-0.1675563520570904
362.5685438716329,0.7584341497904461
349.55594200297327,-0.5650792466495886
349.55594200297327,0.8135076348967232
341.26429694806546,-0.02630454047925923
343.28122069961665,0.24581569965039307
339.4782113911755,0.03652153069720043
326.4817655842892,-0.1922975436939396
329.46738149283084,-0.3577958124080851
329.46738149283084,0.24294705173883813
329.46738149283084,0.1333889134060655
308.5983177414663,-0.23598329239302984
313.12269284230035,-0.0005406094701356778
285.8550989093883,-0.3801843803739757
285.8550989093883,0.49350599896013136
302.0452482029644,0.45485719685893855
297.10038830480556,-0.3064550247021316
311.15253913426517,0.21029432992543207
338.51620626820255,0.22373626659327783
338.1026632985568,-0.02257112939196304
342.22240593379564,-0.11341146553081671
343.23909421829376,-0.029289119005511566
344.3258947061053,-0.042596196996782965
369.7841829576316,0.5030956126747697
374.27266188220875,0.16172690969665382
370.3173712845071,-0.16592380240774673
363.8960541877845,-0.1479508800318854
363.3355010414787,0.15924612903745583
331.8063631922469,-0.5762495354645125
331.8063631922469,0.37110631954215023
349.56169176142646,0.08235862919036663
350.9500957199022,-0.09631279469658693
350.43304405019575,0.24905480198185614
355.18703014130614,0.14328502485670924
353.15407053453055,-0.31403831284501393
350.6969234164369,0.11006281042045885
350.6969234164369,0.17134240551558833
325.7576894118806,-0.025217386442591305
325.7576894118806,0.2273684220422183
309.8209100054168,-0.14821255011702306
309.8209100054168,0.39705703717606866
356.4484611668752,0.3231710990431793
356.4484611668752,0.6741433656409299
356.4484611668752,0.10676935322953796
341.04125233280223,-0.20122551159568047
341.04125233280223,0.19861524952966647
340.3889909003842,0.2608489377253136
353.4324173156612,0.42550361637131573
366.9757357406412,0.02933296050480294
364.93586182568123,-0.12976587242064852
322.25354059946585,-0.29316840683259215
322.25354059946585,0.30724263848776445
354.69538779928655,0.3079174212621183
353.3354480257138,0.3287684265085318
336.80680672010857,-0.04644911479090297
358.54302392883864,0.06779339641116167
352.55398543719514,0.07182225007784382
369.2491007416665,-0.13367200332879747
369.2491007416665,0.6880232651242295
377.0820755301241,0.09133253580148448
359.2988868410073,0.13503732258618584
347.23309858676777,-0.43420978773940533
347.23309858676777,0.4239585034133597
341.705582694445,-0.18367577679714486
341.705582694445,0.3447834455321299
341.705582694445,0.5874584218702239
342.3229371703043,0.2734977735664188
353.5739782888459,-0.17043960541877823
343.1535628963728,0.12073945572160483
345.9258062520307,-0.08323326024094513
319.11154143725867,-0.1721914425788782
330.3447135748428,0.15446076635817008
320.1247625501588,-0.1243245790420815
321.4783264250994,-0.1679655309019381
321.4783264250994,0.4378034474684682
318.24210883627103,-0.19246784338452017
330.67424775365754,0.4478003053043267
355.4119569892146,0.23490256526417852
345.3863100461952,-0.01389498719902349
313.907173308986,-0.28627040489243427
290.0147431574699,-0.5863407950762394
305.7233772943763,0.15313713488217218
328.58350439137524,0.5213310686791601
328.58350439137524,0.2612905151495397
364.8756535227117,0.529322586525268
340.5016387377303,-0.678563606250691
324.9774315370999,-0.15890144422837693
324.9774315370999,0.48373117187315984
324.9774315370999,0.21680790619711843
341.2747678340272,0.011496710025312495
349.9090432890987,0.3986657301817331
339.6739408862566,-0.13012370083424685
377.03589910314827,0.3704197633143167
362.58693316687305,-0.5653905094204674
362.58693316687305,0.6179921254818055
362.58693316687305,0.3232317482961662
390.23589668029604,0.1893950639354216
373.7785343828072,-0.11454258256128469
369.98288033762134,-0.24193251527049142
326.9023622465253,-0.32513137041723894
326.9023622465253,0.4242020225597116
308.96517385309903,-0.24173646019005446
354.0696618455626,0.4820476975665997
382.6959707646557,0.6021036383061755
370.913185171325,-0.16929345068376733
340.7343800617808,-0.3612764361233758
331.4283703452848,0.17914861559279416
348.82501462386927,0.045650292976688434
368.59881839548785,0.06833675018856411
355.7466236235189,0.11144860077160956
346.51941610724975,-0.1965741530455034
338.5978942193435,-0.09726287016530932
338.5978942193435,0.5746068764187839
338.5978942193435,0.15782167305928851
325.2195043507741,-0.29170298627195734
314.3622708022297,0.05847791051223794
353.2526542620226,0.8956200942105852
326.90472206360596,-0.6928546344976212
369.117158047016,0.6088526013875253
372.62566380687105,0.0751960096079074
401.79046747006845,0.78371624663896
394.17941691329327,-0.4259349901100222
376.3564262606281,-0.10037366475080489
338.2198691628412,-0.7419704013419732
348.1890352643392,0.04982955803916411
340.12382702321213,0.05270194118679683
340.12382702321213,0.467188557185068
318.2114114171624,-0.13191743953780133
320.2569396851181,-0.01713680247053162
346.0651128434348,0.586538905133466
340.38717261503393,-0.4235336706695989
319.81225978073485,-0.4835206168770583
326.2731298059726,-0.09990758387436927
350.40797025263737,0.4146763222404388
351.1732368992283,0.044890050101003
345.97768225199326,-0.2780538873130354
337.0222076645831,0.016119760857463916
360.1744720700632,0.38500359585066235
371.12203452255267,0.2995904872483379
377.27967521433254,0.0073463528235606645
396.3165466226804,0.2696189775200537
365.40310683501366,-0.3612353300569566
372.7862527845513,0.024939277770840818
373.52766275290463,-0.034988816548320756
332.80984830756097,-0.5233622654393457
362.33491306429073,0.7288357883332992
350.2481161234791,-0.20661022271474394
350.2481161234791,0.4186314178924704
352.8665043657495,-0.44367743270049687
330.53680328767786,0.01653929818655797
355.51979499930394,0.433311803991387
355.51979499930394,0.31899060887917585
315.01399554943447,-0.5282890591716978
324.54716156495977,0.10981323504188367
350.5819274829786,0.04409656540258311
377.4978940161346,0.5541830834404209
361.025407398882,-0.19736364211053115
361.025407398882,0.02962044289733967
357.7760929226371,0.22842165745032617
360.5690928990726,0.2750233223964642
346.2726215696367,-0.338573565734805
374.1889638987715,0.30267544112939504
345.9995920242517,0.13009334475441392
355.99807782465547,-0.15314119641448087
344.355804830162,0.034657377638495745
329.1094211954642,-0.3059861139422537
363.1655102042172,0.3755262391980523
342.3342375791737,-0.3127169247470647
346.74068546136334,0.1964332788917318
336.44247778446965,-0.1928381692006269
346.97686747806233,0.2790327477197252
367.14548747940216,0.12973682610390824
354.6532728861444,-0.22262040665566474
328.67973415456095,0.05501726298825815
326.16758739782057,-0.15543362240555325
347.1715848917452,-0.03650846007531072
348.37439832635806,-0.06529375900106515
338.9562685075775,-0.2713629243289688
338.9562685075775,0.07155802491081431
363.6823361949008,0.40479785493278087
359.7146670820684,0.0124551025587607
351.27898673495486,-0.21471610871560642
347.16916346595605,-0.10106683350477397
341.2566799719704,0.08527955599606685
376.54041068634297,0.4071704866935306
346.4093043380066,-0.5887586049420861
322.5576501179725,-0.09507265907734563
338.11841827019504,0.30878849347573123
320.17880774748033,-0.5719482157740003
354.87404085744345,0.8066052128838237
355.8193515049689,0.12476368407567406
369.94592541897174,-0.10101767172704967
378.4918117025913,0.07601497635209853
325.4759428122307,-0.6330843861464928
325.4759428122307,0.48310405344170704
315.3889978455479,0.13854758297429726
362.59054861596564,0.4559402125132692
349.9494668699098,-0.14365340553933947
349.9494668699098,0.3679191529449781
312.9375633427321,-0.23933377291461966
326.6281189398936,-0.05170965068271016
358.3228809202011,0.6549056353615015
342.4809056514922,-0.10050227310682658
347.1462455578723,-0.3449030816118466
330.77706728380036,-0.28710513258261017
345.23718125983885,0.24656333008670117
354.4011172170897,0.075283880749339
364.2608349919765,0.0575243684521638
347.2222728126886,-0.2321062901047526
369.0462691219478,0.535942018470223
347.863643944246,-0.42578330311016543
366.51570844627474,0.04820839771048213
375.2966216421708,-0.1494785032900836
353.45010376570684,-0.0817147504874356
377.16379858118864,0.3533720525585977
322.52083270386106,-0.763524331636404
332.27073599854236,0.6571303195065639
342.6393668018425,-0.07064454371095508
343.4986344195479,-0.18777092210859792
352.24936319967253,-0.24973988330964403
357.2416246653553,-0.021890474163569706
370.82815820620925,0.27017168668328395
361.9371333083903,0.34319960190237
387.67625144406315,0.18893482269584183
357.22545999335523,-0.1322739697192219
371.387338393331,0.25335017657755543
330.3604360268921,-0.5764647421199243
373.1067710465164,0.4700499634074049
371.5939443059442,-0.1188810990413458
330.27637853379923,-0.22838078395102457
330.27637853379923,0.3423855384826311
365.44565135452376,0.1335416264550986
370.62318583937184,0.0359799873559723
377.05689731443385,0.16740495301849023
359.23090174870936,-0.17721687799382835
340.922474731186,-0.270785484982639
340.922474731186,0.12572210121516036
333.0848549032232,-0.30162837765033146
339.4868331642583,0.13339317124723493
294.5826607774456,-0.7214210000773846
325.2015342152802,0.7353363313591217
325.2015342152802,0.10633144096561864
306.2954430668092,-0.2948960739353197
344.15114186146633,0.39164025889169807
350.90434466595286,0.07767337943482744
345.2062128612321,-0.14796835539061703
337.7072156989365,0.25743702993656825
343.40479344863036,-0.15480747550873275
343.40479344863036,0.10765371684306047
342.7363731072793,0.10433705899424695
342.7363731072793,0.4029108105553405
364.73620195734327,0.19943753841312173
321.6641627765973,-0.3978076130192676
324.8412700940927,0.013539577972778716
355.09443308067796,0.6030536229704921
358.4044400658787,-0.0978462461549725
347.28214396557775,-0.2166292283667417
368.43817781234054,0.46364758767617786
373.87242683167426,-0.031135856890387004
386.0091716368682,0.0720758740758356
357.3928414094607,-0.41992183199613464
338.5944818604041,-0.11839638625770021
349.565856257046,0.1414296474723642
363.2288622484761,0.2280266384540255
363.2288622484761,0.46071701178266267
363.2288622484761,0.2825788767755739
363.71260926248544,0.26286647198276114
388.737190226622,0.23984623713681685
370.5797890534271,-0.6560569293864091
363.8964796567791,-0.06978523495524769
350.95795320671294,-0.4320925215530451
350.95795320671294,0.5345172934447646
335.1157598748537,0.43624781977700877
319.82454583125957,-0.5695781459570526
344.5593159698762,0.2822983785735005
358.2433040139716,-0.09055948140712644
351.4866338616961,0.10126616361469587
330.3667281120142,-0.11823816034689116
360.2918849981706,0.5087547986036043
369.9162134410392,-0.10542291331353226
398.6859494640439,0.41694167906246093
374.4619366906022,-0.2932292256848541
367.4970797287938,-0.20149090724555663
371.9841134779138,0.2500452290228168
352.63056773286866,-0.01680844652742053
368.92493907095906,-0.07377362990507663
348.5332074574298,0.10515968500953932
353.8606122046615,0.23063751967322332
321.3405871105697,-0.4183835799241251
334.03660625466125,0.1684417698170364
347.0919191628837,-0.06941583460343281
377.5443778157734,0.3980554254239905
355.92097337475377,-0.31488950603329613
334.73654565424357,-0.2858500964052837
334.73654565424357,0.38040169884197894
316.74451041631676,-0.3048285184756878
333.1437857048504,0.23460799845952351
341.289524196691,0.11619386559607392
353.7494257823883,0.024871632609006156
370.10520996302233,0.2501142798764704
377.5064834035163,-0.22663517419118762
358.9059174238918,-0.2392224694175411
382.10667502165137,0.44747605089253284
382.10667502165137,0.2739728298377031
364.0659587063872,-0.031114608912730546
346.6658128133175,-0.14971481297106948
346.6658128133175,0.5811082225022801
357.1874181551969,0.22796350827934475
353.10665836128055,-0.25077989549208723
355.7304387182521,0.2446739901957926
377.08109596156373,0.11591962777856679
342.1841446906669,-0.4175181348039132
347.11504975784055,-0.0654637259269748
347.11504975784055,0.6235133810739626
356.366824184004,0.05413739140476537
355.38923273680274,0.43409243263863573
366.7779196612281,-0.03757980857551502
357.2781252450385,-0.09941642974388287
350.4002758150301,0.21190198166573282
357.3199508728715,-0.07095931936021316
368.9878064984763,0.07495653859177764
344.994323607078,-0.35808083526012524
339.3813578586811,-0.2373123850649108
347.3690313366039,-0.21317411122231533
365.32088368934353,-0.024178693072485657
360.5769177712227,0.41281897038868465
315.86711777182694,-0.7137335532165707
335.96887290440935,-0.06816954557370991
353.6895927789655,0.3040220615389444
348.19439192149423,0.24433748521516918
332.6221816762297,0.00890309696217173
321.1951076732207,-0.09807200631348678
296.7300365691104,-0.5051702965122331
306.07121499778486,-0.01962582911721711
312.70118909766336,0.2556652104932482
337.88335398618904,-0.2342724212325038
337.88335398618904,0.4454850603342493
346.587243892928,-0.38562708663619105
316.6137535513425,-0.16594306676358883
318.7278670643248,0.22380245167857993
323.124122362499,0.17427469344522706
356.4403864561899,0.6098830750838715
339.86266396578674,-0.7319476443419717
332.7769851612652,-0.05313236130109544
348.711952578382,0.1252361011119092
345.33384809898564,-0.15189721993351668
370.1315075811106,0.3207517153146
377.0873439162206,0.12950629781971656
387.01972728401716,0.15261456304210697
353.910663954011,-0.16320653267518992
355.7827162688086,0.08244303483616022
352.8351575028831,-0.02992529466234828
325.0592241668363,-0.24730522404297517
342.37922128717645,0.22209578685271936
342.7795842767724,0.0859974245356625
350.811982583738,-0.213285692542172
361.7926342764365,0.10652017656161661
313.62999696796925,-0.7168928223893545
319.36134646884113,0.03877607502386127
319.36134646884113,0.23806346915944232
314.93788087588337,-0.06553349726993929
337.09808701355325,0.4875687260413315
321.9814832935093,-0.12319173639150449
332.1099341082841,0.1312394176015914
331.15353805412855,0.10326383198776057
360.4301174347367,0.2697366390135585
355.2520265514665,-0.22778211359559464
354.67008627874117,-0.047177722734659255
376.20875579584356,0.4541510658464176
345.9103071709775,-0.3582530684525409
330.61086426345486,-0.43105300538411484
343.4000578237731,-0.24696643140634933
343.4000578237731,0.24045036509335205
345.53227769138374,-0.06473295183286609
345.53227769138374,0.5500604203659805
355.49223299249354,0.4057820375301162
355.49223299249354,0.5609813514565758
326.414820194332,-0.49213908283491037
322.2499518395987,0.1210368405340887
336.1219124592018,0.003369591235241387
295.62950597268673,-0.4527113349005276
316.0935124854158,0.3282807805213679
321.49208315302286,0.01483168620802644
295.63507257658017,-0.10416535085732903
313.5454538119035,-0.03273317209061588
319.50972157728677,-0.07680502306004655
304.7010288106113,-0.1697229987053106
332.20801677921594,0.3206739328419417
351.15541767026883,0.15907641413218698
353.62611314198114,-0.24942464078719695
353.62611314198114,0.28630448941964914
330.232985577597,0.10962123388253531
327.4613611843283,0.010334863898947333
348.515787911284,0.3204878608918307
372.82843770499807,0.26442819174008036
367.7587854841232,-0.1226267567819832
361.9340396891158,0.061317664793250515
352.67250398603636,-0.26257324098128265
352.67250398603636,0.1371176196612396
355.3173993779156,0.18744792981772207
348.41125898107595,-0.09038406404511079
359.72622527428547,0.1634268730755366
383.51625803623506,0.3774790188525685
361.17634561328276,-0.014895835055540374
332.20528217938454,-0.4436542821636067
345.5607857560022,0.1666636572687139
348.26434284311586,-0.00824037748259343
368.3199865191304,0.25811924356003146
372.9225820034286,-0.07664999398014061
360.7752251809242,0.07191320057029316
358.71826005715224,0.003291508747906846
342.2285755296375,-0.31851118030124326
341.4867451128615,-0.20205118825765567
330.6214157050978,0.0142155758176159
330.6214157050978,0.6750256692669154
328.4516195261479,0.1713657246433513
322.529783791893,-0.13509546353100177
351.37232272031787,0.3784261790506207
363.3714306923007,0.035695356944074774
341.09183426738974,-0.23574119119268744
369.9032101860148,0.4746053084796813
333.27203758871013,-0.18740713346210214
302.29985582949354,-0.2597973514014029
302.29985582949354,0.6679950726672814
313.5734389156489,-0.1758392640905413
366.43409616205554,0.977670945934392
373.4655474796703,0.009001724262816424
359.7598510763115,-0.24145687433576768
367.9287524588653,0.3175028511458322
345.3564531293304,-0.05001873177343441
333.1899895282609,-0.6330851546339318
309.3555332785176,-0.13249653392347227
311.6660192891816,0.23060327569260153
311.6660192891816,0.1387476748309382
325.7300131234446,0.07005280117414259
356.04165487208616,0.41283794800438045
358.7144260170835,0.41007983169504314
357.1374017732069,0.34155643681117454
347.1310768750593,-0.3393047469295425
366.10907685956016,0.09944989007749427
383.5254189116667,0.08802363497943588
382.44839210172324,0.011190449882747089
376.93202161896613,0.02282964609469218
403.68149729483304,-0.06571985500022492
402.15042302733514,0.4467833835562942
381.62676973691424,-0.5213095100934879
401.7759615077357,0.1780348811279282
373.3555676598618,-0.5467051569252135
400.25696688065926,0.1518855638515788
368.6794208304656,-0.08742588349321068
342.4640246677395,-0.3340115485453907
342.76534674142874,-0.21252650145925145
329.4230310458431,-0.3564338061939907
332.3650902804606,0.14665386412286807
334.5782249027171,-0.0014293492401975527
331.3751156595293,-0.09059415108117719
346.4475710582075,-0.05055665466375103
339.4707821101902,-0.06946221814121145
354.4965664682193,0.023719754341755106
388.6834293195081,0.21052108488413523
374.1683793441165,0.2217759844536431
344.696572810693,-0.3532080039516359
344.696572810693,0.24079607514534018
344.696572810693,0.4440920372145456
386.17074194904586,0.6919718221042785
366.5929801466126,-0.09832732416464296
349.0636037504802,-0.5293655329853664
344.8620061330247,0.2358160249731327
344.8620061330247,0.33288126050774736
338.72526681072196,-0.4204458821739081
324.4434698378627,-0.18366048398161183
335.1212630513144,0.6189623621528426
332.54369536491055,-0.016064466364696273
332.54369536491055,0.10201735356088193
355.7348657362992,-0.02628626327339134
353.23004895538986,0.3219050391981
360.0373445091596,-0.11075302699259737
348.76100608355677,-0.08998160613236905
348.76100608355677,0.5383061183119935
340.69370792839976,-0.24317405052147478
334.6285257679555,0.11168251077958757
360.60382382077995,0.45685544436969394
342.52845804576253,-0.09321800819066084
337.39328538484034,-0.1121487770967633
368.3963031503041,0.667391271830752
359.28642705444656,-0.40140737430328954
351.6418904189764,-0.19686287825550153
355.3904272439925,0.04069681760734056
350.5185162494471,-0.3381998859815667
367.3352567834362,0.3023510265185223
373.41361755384924,0.04984393701556655
338.7081859440363,-0.38144363288370187
338.7081859440363,0.2994828087390715
342.4357641281991,-0.14215915459510597
367.8384404805655,0.5376170244139757
367.10697879478045,-0.17284994095894035
385.42200128413225,0.03402733852908568
408.6541439851079,0.4914355300411444
407.83439671539077,0.17606839176039557
379.6560646789581,-0.481548552174786
366.59471505465837,-0.09208719655907771
380.9482358081371,0.35869370445698223
358.707483885229,-0.42834331605899933
346.8188341949182,-0.2345007701112536
342.2681693140359,-0.15318636752692782
346.55456324540785,-0.0008697259744394614
338.0053977012417,-0.27807781103547313
338.0053977012417,0.2571214485192286
334.5089838889679,0.07392292091208219
345.3827418732633,-0.03195316632036338
345.78067991790743,0.20397394741394237
384.8841237574234,0.1986062057211484
370.3634802630568,-0.18016838067978824
370.3634802630568,0.29144697988567714
388.7189657630961,0.5602893696157025
353.58683038823864,-0.48348471970984974
376.8672135349493,0.25892378272806127
351.3191480893021,-0.5352601347708514
360.7024493049338,0.31695484451415723
375.75377072537094,0.22359703315794377
385.94294825597575,0.17267167823001728
385.94294825597575,0.335309633537463
388.4565918000816,-0.29259769128202606
383.5184836095262,-0.002022668862878163
375.4224175716733,0.13497522896750525
372.38546989331627,-0.2358402316954198
328.908558443608,-0.21727983736741407
345.9926394003266,0.26292525131748334
356.7083523230428,-0.20783988736525316
344.5971849929631,0.1362404265207715
344.5971849929631,0.6582680203450764
359.0635109676463,-0.04533248582674787
366.66229082749277,0.11958769610100717
366.66229082749277,0.4660853193421417
366.66229082749277,0.1904858253577686
347.3762089838605,-0.039760248152447275
347.3762089838605,0.668926093746677
375.07354197374957,0.2838030866947747
370.4047586551667,-0.05337844075290832
355.5246079237535,0.3002701627708575
381.5624487057008,0.16142458038177665
357.7114378075212,-0.1684936260168115
358.67630368434226,-0.057152858531594575
358.3454531170037,0.06273018833167043
328.43494417391685,-0.6243955025671539
351.72388307225907,0.48767696263621474
355.88799114443697,-0.06459861413031831
363.11423091085214,0.10564390399872536
365.4244976482742,-0.1189387739104859
372.48155688761807,0.045631366011321006
392.1919374354338,0.568896522000955
336.0828156862606,-0.8288374976128807
336.0828156862606,0.3454252320004798
344.94124229194483,0.41630681562207883
329.6078685857602,0.05038524643589426
367.5639283998427,0.45817821268337866
339.8928187176247,-0.2781111546827333
344.6498805157142,-0.2637973306079857
327.3831566268974,-0.14184388096430212
327.3831566268974,0.2707777926968902
326.2327744691311,0.17444514288104074
326.2327744691311,0.1985926379572902
344.0295345711345,0.03326313626371302
354.06711666213545,0.07832567910645594
354.06711666213545,0.5728124317718084
354.06711666213545,0.5376288882262088
354.06711666213545,0.5492993536590802
374.0014050263289,0.18068706951271452
350.3598531054337,-0.25291492020426176
350.3598531054337,0.6093197554066592
376.71762666911985,0.3486748899390477
365.00388969119115,-0.08741218048669452
332.9946497146647,-0.45305019758598064
351.69766327830047,0.15761939144204007
358.450451523664,0.3524688279902648
337.89381354476745,-0.3816292475133878
318.41661925178386,0.023182286545988973
329.59763551230594,-0.0706459602462246
329.59763551230594,0.12763532946041778
317.0640217805798,-0.11043501399956313
317.0640217805798,0.7627692453791042
317.0640217805798,0.35283086474100855
358.77039391882374,0.6953307949660257
384.63662067452333,0.1914536891951002
392.11133604047455,0.23710845406981207
351.58780984095995,-0.009733719733162616
344.36211486410883,-0.2912853298753362
351.45345812341526,0.02010563209648808
330.1816934987549,-0.24646399986454526
350.9721228011013,-0.07053029760243135
368.81986949972753,0.3036989753512671
328.80175506489326,-0.587166755283306
320.04473717048705,-0.03725638899561545
320.04473717048705,0.3111007431809867
320.04473717048705,0.46665432980444166
339.1110981577663,0.5453464627789799
321.26886857622173,-0.47093022171452503
321.26886857622173,0.5124922544373476
321.26886857622173,0.9047827007416345
354.3112165769474,0.4845933467920531
363.37955342451096,0.04692275388231337
340.5349226714069,-0.08472712683123973
330.38817001695315,-0.012365196491032293
347.08283935916,-0.04776019830762834
337.4080453227952,-0.059062845207449755
338.2031647404354,-0.28982102505983676
338.2031647404354,0.3744818399579799
379.1620870755832,0.4888670380464646
384.6891217997687,0.0684654106491962
398.0468281276458,0.25665818149229835
364.27496172268985,-0.526891692915342
330.1493344873786,-0.3018565408531231
346.1134600850006,0.2665827184622458
343.51874086906275,-0.49780102967918083
335.5129782271943,-0.28906074770623036
335.5129782271943,0.28903220035647337
314.7641719645223,-0.12706315955551872
314.7641719645223,0.5891396087733938
335.8793585617553,0.7979910371789174
345.83985406995237,0.06763350099231502
361.12512713658043,0.09861544442605918
359.51412613803905,-0.035232737463957164
363.5203715898023,0.5206059700851711
343.4846006147588,-0.08073779338405984
365.63366373119965,0.1632905133623126
370.5244478502331,-0.000835181280535835
384.52065100030654,0.4023525969981847
386.9627469096837,-0.143870514207606
382.56156692795696,0.03616611428924443
384.7916010300025,0.4662792025756062
368.6775233997086,-0.41322751907000566
349.53310543011145,-0.33138343502355383
373.67885392434766,0.227663139164747
394.17672681236905,0.46522101900586676
366.76528004978275,-0.21497968179551208
376.12571610009286,0.17827846920204138
370.3498463767101,-0.04422721927642215
393.0636814695256,0.2775306605192327
391.35722613949747,-0.2946607232538554
391.35722613949747,0.24778894049882183
391.35722613949747,0.2282224195529352
363.02464719061845,-0.2608876528163364
363.02464719061845,0.1029485898106941
374.31849737107484,0.3780464657393168
381.6955941292702,0.10514799198563196
395.0738206492073,0.016220805180410025
395.0738206492073,0.18349216551143854
359.591055272777,-0.22720039043258566
355.62752588819933,-0.20190740640566673
342.97539528376086,-0.16671106334251817
342.97539528376086,0.4282018904089
342.97539528376086,0.16304353840484964
366.6604432549964,0.604077799222523
353.78332728944076,-0.36399975824133435
363.53683846281564,-0.07608835021790128
355.01111433485306,0.04970043932496537
355.545852355719,-0.12329187846216882
393.8752103859584,0.6411396663656888
357.7582515481547,-0.5133629168021798
333.6428925257565,-0.5509860858476259
314.6502623112408,0.03089804120077133
314.6502623112408,0.22799102749047506
327.00197134614456,0.22454223178726807
306.22772325245273,-0.26836203049492724
330.53354528439354,0.27060001278084655
331.7571750243766,-0.023718530627547807
353.17465224709593,0.16300322505298936
352.9204509577282,0.15040723982428972
345.4460509524657,-0.1379200614421734
335.8393332165422,-0.08878087839866566
354.00012290891004,0.12955003944910004
336.1763779302009,-0.20281176717423932
353.6608155150276,0.24096164511934148
358.7104284483702,-0.03341683564713094
354.8306221699935,-0.34574088095348543
344.38613511903736,0.02668865436453416
313.8096456050556,-0.05007583831502416
312.5925602253511,-0.1323140262434208
316.31859096180284,-0.33026079149817633
325.9843282435423,0.01478693231752004
347.162700248331,0.12492076669673224
337.9990706165806,-0.0751178021278065
326.5253475121314,0.051325244178087814
350.4306301272638,0.19789569992758516
350.4306301272638,0.5665626894983689
350.4306301272638,0.2930150420629616
358.25452120197923,-0.06940760134011725
358.15505744009965,-0.12066574146808762
368.58415306625074,0.12778196684962495
351.1868624035339,-0.07299954437178258
369.3603209948677,-0.04020969854809664
362.40949272666563,-0.2263000274691649
392.334997604879,0.4313489117201925
412.46916757799386,0.55148882135029
383.71436975575756,-0.3678980020428071
370.5733621665765,-0.38499954184749186
368.4965536179024,0.14055281665946495
337.79144628735287,0.20734379319344498
355.9016262656196,0.39005140605877386
353.48285223154073,-0.035891878813231415
366.77984250303456,0.08946536581731834
385.7785820611424,-0.07403958384952603
348.8788505257289,-0.3536003285150855
362.03721510291615,0.20456922131745614
347.99314220541515,-0.19160826790084684
350.0007766411814,-0.28944703042952824
319.9500762960572,-0.2771010478960534
326.9681699072287,0.03888440817911487
321.9297514104442,-0.002723589044876462
321.9297514104442,0.6574738038136729
321.9297514104442,0.36720226190777794
321.9297514104442,0.23553655430328035
335.13729591118994,0.36466660536848394
336.5783379443812,-0.25409780431277795
336.5783379443812,0.5277516910562099
336.5783379443812,0.24589973879926674
320.7087450658449,0.1314982902177917
323.5160617787805,0.004106966130166256
323.5160617787805,0.6278387561117142
353.20906342189363,0.2679733326592668
337.2661803627763,-0.30551565442851825
321.2346382581725,-0.18696173431169427
321.2346382581725,0.6228932192026377
303.40248919110996,-0.381199287312711
303.40248919110996,0.3781695601228421
318.9259856647082,0.18552902571082086
343.7974943715054,0.44769184131905604
320.0227544094367,-0.3925382210460384
344.56163411768904,0.1833548353547485
341.96697209060346,0.03336148889547985
338.8568928001792,-0.3164341749989035
338.8568928001792,0.3715201313665375
364.62142480817414,0.5668793281024591
371.610826142541,-0.23717373914769269
339.8741946917979,-0.5195323641154346
339.8741946917979,0.24683293494854297
339.8741946917979,0.38260878635446716
326.39862476045056,-0.02287806870674558
343.7551279006976,0.4503857107033582
336.63336242316933,-0.17371190725464203
322.8512771286947,-0.07196803364183779
329.60217669677866,-0.18684293532123775
330.1489210304745,0.16781013437173442
325.4433534428575,-0.16676173652103898
322.8001235918097,-0.3171121055091817
322.8001235918097,0.3638319835853281
322.8001235918097,0.7955126449380714
331.09021009553567,-0.09830292401500174
324.1712158731556,0.21019978778133463
346.3055970420593,0.6554717327808248
362.43636437789587,-0.08685223529221275
355.8016423673477,-0.2420762747876779
335.17092746048087,-0.5507997137920029
359.47801497423205,0.7194528960911839
351.94454419159115,0.1832113603527432
341.87126359146333,-0.04720321521904225
360.3739504737075,0.16569186851575068
369.17006799219314,0.1440549620725733
375.85672821582165,-0.2841824140519975
354.07742228368534,-0.23931610981799167
386.1956229553121,0.14128036213651285
377.1411521735874,0.1791746513843009
360.5044651013392,-0.478593024664292
360.5044651013392,0.25886939935264763
361.4436087742326,0.15569449760289444
370.1743863013387,0.06900591712303594
367.7670858354047,-0.24071040994272153
355.1650689774598,-0.034377773621827146
352.97203579079724,0.07190910586132304
340.65045119126023,-0.28804548600930957
334.9188752521515,-0.11225398661349573
334.9188752521515,0.351908959779621
346.7129574498779,0.6322045318352139
369.8999767674735,0.07747340637467914
361.04274964129337,-0.05708217372216495
345.0649946965156,-0.17194453463025638
372.567329019744,0.19535446549184599
374.092332394266,0.0629729574435487
399.1304232351089,0.12567730021578427
399.1304232351089,0.27747316923489507
390.8038620769159,-0.4436567703455694
383.01614200176965,-0.05892371641380123
351.8650667344484,-0.5708610354229222
351.8650667344484,0.32468693303530927
342.0467469357188,-0.20101305524656254
342.0467469357188,0.4547861179296433
403.681815060924,0.8304686892690825
351.94010014403636,-0.5558865879967243
341.44571746234476,0.01491521142372676
335.75553998342104,0.041354251271741305
335.37969553843226,0.11114263531555935
335.37969553843226,0.6883329826987392
360.7657932081717,-0.2935046676689126
382.9364162679087,0.5370254628616067
352.24942592012457,-0.18534055160057505
354.0865858515478,0.28102357729198957
363.60181133525396,-0.3296708590991102
346.4339650010723,-0.32119378507718466
371.26361866424594,0.4536532445066541
366.3693876901491,0.21291541497066646
374.425306083062,-0.045356166035276146
344.1912557935349,-0.2546163266625854
334.111169789744,-0.11059158560942706
365.2833688074053,0.1206132496099599
380.15605142063964,0.05960044242419826
380.15605142063964,0.8348736449079297
353.6571469045379,-0.23357435481887023
371.955997656268,0.16609957381319873
376.4506123622917,-0.1507526435134423
405.35951838291595,0.14120700647413287
386.3622089547374,0.07407960999898933
377.25525934720616,-0.12412411753678043
357.02660343730054,-0.3395668015074307
355.30486155652676,-0.17453880937216582
351.4973850643244,0.18067817460882907
347.57065582252545,-0.04857798818579795
346.81152131263326,-0.19027202726113046
346.81152131263326,0.2924484289960674
332.9858261206325,-0.2675259596833257
332.9858261206325,0.6291920145772565
332.9858261206325,0.7958414208056865
344.45606113565344,0.54400436057756
349.2288182062828,-0.02699135539069175
344.82000392571507,-0.5896815757135982
343.5915308130195,0.20157680515171705
324.1291037535241,-0.3246801294594661
351.69805348900445,0.6755409149701563
330.8204855995471,-0.4571406890009939
342.35070609971547,0.020535122153091834
336.6477172234841,-0.08463715426330509
336.6477172234841,0.22239343232104147
339.2788535145421,0.18500197964783638
297.6212669264761,-0.6249264412563207
297.6212669264761,0.5807571861453198
297.6212669264761,0.7193824632029191
297.6212669264761,0.31929203081881496
333.92459289549873,0.3910800449840508
345.19926552973834,0.0544760735537011
331.7884647230575,-0.05279952332341509
352.14643197562765,0.7533374292011104
354.3813558761609,-0.11643489141169994
377.4925704491141,0.08552795020068515
344.20210643774465,-0.5126167456696749
344.20210643774465,0.21303216314709061
339.21554930852363,-0.07401666726377698
339.21554930852363,0.5192290651380063
339.21554930852363,0.7424476526055059
350.7298102732829,0.19752969670639686
350.7298102732829,0.5341170246496176
354.81111093984,0.08825165180951444
342.2966636710977,-0.22131321920858227
342.2966636710977,0.39377655995679106
349.6121891910032,0.09964229353113296
341.8480301791394,0.15062478098013798
348.62766596465735,0.027708288454618923
333.7013388397512,0.11190759414284912
373.9899906245673,0.3362086528350119
370.8921385112037,-0.22515118103501663
360.34363353508826,0.3014482950945876
333.1208183382996,-0.694134425674747
356.3254586734578,0.32621303046232697
308.4831914136783,-0.6464332547016056
354.14784436659517,0.3280272624438112
340.4187608256218,-0.23515342541691098
338.7499587576321,-0.061251063125723704
338.7499587576321,0.25749295240871106
353.6326956801176,0.0991701760513024
346.2556781981586,0.08993809598337066
373.66089603209537,0.4605416120549535
382.0679894353449,-0.16577704279825412
358.85478469326654,-0.1292486760630709
336.29209340129535,-0.20074899844871652
341.27330974712305,0.2567056701010415
348.759413808155,-0.01385294875285581
344.49063450871733,0.22543905367592743
351.315954242265,-0.11742798923694409
346.8220105137272,-0.10801837494148003
393.1663023722924,0.6535251323836064
365.7168673667933,-0.3506926324645292
373.30656447846025,0.1537932831196258
375.206931590546,-0.48529811891364716
381.5108399420848,0.06305717321038173
369.379007587681,0.2166363582368831
378.90384081503146,0.05886881554727097
387.3738980005457,-0.14679683811164068
407.22488611163925,0.46620611634261877
383.963573239644,-0.29381634709147875
356.247741585341,-0.31242099197106654
342.3981857338664,-0.38953016500909143
348.0845101008388,-0.0012622888572195734
346.6395073090792,-0.2577321989756456
340.62461258214114,0.08870612842497394
316.59952045371324,-0.4262238601154422
316.59952045371324,0.9175862913601804
316.59952045371324,0.5804070442314924
316.59952045371324,0.6684192432683176
316.59952045371324,1.0530273248798494
332.64292482184504,0.16311101292558305
355.8923338635755,0.11466105776935365
331.04564604932654,0.03644046777469612
331.04564604932654,0.6005328203104909
294.43879099323465,-0.2794771129797482
294.43879099323465,0.37649008983862586
324.86000510254945,0.22685459542685749
327.0066542549268,0.284024629271471
353.2790294720991,0.23472517028494622
354.23368625952776,-0.2222102562635655
353.17613902029024,-0.012922138169301434
353.17613902029024,0.15504856775919507
324.9900805217382,-0.08012337375544121
330.6223259919983,-0.21845699742334546
348.8151779233863,0.20789942217470525
338.87337886661015,-0.4606554867534669
338.87337886661015,0.34405789771381023
340.74679797863087,0.043419632573773015
372.3240441260224,0.22030448609245923
369.7199252229098,-0.165215482145868
366.87113243572725,0.05298938741100301
423.2847354552447,0.8009458757161383
396.8800300385132,-0.2866961676201072
407.7890604627823,-0.004421024262569517
332.37396802962195,-0.9970092066512279
361.1600003135495,0.5199288860864044
333.7795691847052,-0.48405607559664077
370.5812910566801,0.24513522451616154
368.4224658725065,0.3026854870221314
370.33371789260667,-0.10219256168284119
361.77486180678824,0.186119596457047
342.0197669302206,-0.6245318381038487
382.5107466511766,0.6821864745645598
342.4112805506205,-0.5935673883750496
363.35910977692464,0.275123055237259
353.3360880453088,-0.03471327966701665
339.9612401289049,-0.0961584665258215
346.3709375035826,0.12982205881996833
372.819990507328,0.21531747814890423
318.7826165749564,-0.4721944201577344
318.7826165749564,0.2616193176475008
309.511218653095,-0.05310746298187041
309.511218653095,0.75441006772121
309.7716425529203,0.12383106038760161
309.7716425529203,0.48803980440629857
324.36404522650633,0.12077584793928509
374.4392869062644,0.33674932337123664
343.86935132962026,-0.3281178573112129
332.5722942777143,-0.015063905944316502
346.89865238346033,-0.14434446369705256
363.77815747016297,0.23563771688327506
380.3048764143179,0.3418245325174212
370.511598251013,0.16558118882653616
355.7342416333357,0.13798434054990594
346.07198086058224,-0.14136535191482835
386.39416168480335,-0.15442866509556552
338.08047055514413,-0.7460425671183657
266.09927591098875,-0.9092626458212862
306.4351566246013,0.4063998997894487
315.661758076376,-0.0029362049351675523
364.60851507983216,0.608974735148422
352.9728541182342,-0.3599369045186904
365.7146808860543,0.18961875278819207
368.87158563878376,0.13075566683301076
322.5947843549762,-0.5117616048814853
347.3748695672102,0.22353372695351936
339.40037486764624,-0.35174751840781937
339.40037486764624,0.6692509313575101
338.44968590245344,-0.04177961028744903
338.44968590245344,0.44518763354074053
368.11394613443866,0.3785837009922943
376.6465985712244,-0.11113728243640253
380.84676908904856,0.2595512692757893
385.0616662276058,0.0037699083882216655
385.0616662276058,0.362628621761246
344.8819939503455,-0.41551549928340137
322.5090144857664,-0.1750990523754581
343.16275497682085,-0.1348568087237254
343.16275497682085,0.5669728940277992
362.42414873828073,-0.24529866694865632
344.9301991019123,-0.08241318300804323
384.8473758006926,0.6935030111424112
384.8473758006926,0.21349340712561116
391.01238148452484,-0.0023058386755110405
390.50660672665646,-0.030959088561075987
405.8707311817634,0.18532413313891993
376.5209249441277,-0.2881631214521576
364.82170579244365,-0.30536361475662943
367.09212658255177,0.013248473905605351
356.09446339235194,-0.38766340787105946
336.75480426886594,-0.17833407759565034
315.61804526651406,-0.3398946520590016
301.45470096057517,-0.185716612559645
314.41242289096124,0.0449815523260213
314.41242289096124,0.3330704719891173
343.3876633440741,0.21655043553596443
326.650001593344,0.20812324016378625
315.0553444337401,-0.22919868329768178
329.92866773536235,-0.16892266800346079
351.83345025216113,0.1862850237530438
351.83345025216113,0.2303580618365686
351.83345025216113,0.32538045821092965
335.2835630034654,-0.04223608818358571
344.4463035522029,-0.09645898004748688
344.4463035522029,0.6304152664599769
344.4463035522029,0.4300051236651825
334.19299165720383,0.10086210887936886
323.05108278624374,-0.05713435869040495
323.05108278624374,0.18999192494607087
345.90182444395526,0.06695004923176384
367.71843930628364,0.2319080384309018
389.3888663609492,0.457261607240639
369.4897761818675,-0.42284367574688986
369.4897761818675,0.34881535026056554
368.449271984405,0.08826272817725567
362.1222412283975,0.04122540581465728
400.55974777910643,0.7848080965088684
345.403425511752,-0.7432991000009679
343.356083216078,-0.10455011139367798
332.2756799314287,-0.020324917363382156
332.2756799314287,0.32522738809677776
354.09966758477606,0.5232256351052911
369.42878039486743,-0.15061913374393043
336.6341848048529,-0.34958983169121893
345.7308207862011,0.05773307863023547
358.56121655588964,-0.11090471782245004
314.53573094020294,-0.2572106010227344
314.53573094020294,0.686444175002066
314.53573094020294,0.26470879307566975
307.4601436361046,-0.48079109162563327
329.9718075184231,0.5222823789339373
342.4402087757122,0.10578038368919351
325.8519988463776,-0.27091638563308607
352.36936408302114,0.7613281324890977
343.69092164183854,-0.6230433386747336
353.75976831606,0.3048874697624342
346.7188431385982,0.049069866299873866
339.32364888361434,0.09099099227091756
343.67146004691193,0.36856056450221786
391.5945675620242,0.4049816557893564
369.1901827870889,-0.5443968586845358
334.1260332137312,-0.4019689091813916
350.0012341426335,0.4408427063808631
359.20280824172914,0.147282284446419
329.1441022078975,-0.4290799716083029
362.9188171462045,0.42172901879064284
357.86498706798284,-0.24671812365386359
342.3887470513628,-0.030099251237970748
342.3887470513628,0.26106280174849417
390.3129243952062,0.42997433961568277
345.1660905706344,-0.6679034175210745
375.6426584201521,0.5606429544574212
361.6097493014008,0.0033002580885295174
344.6731566171685,-0.653961648346467
339.61227461861426,0.33798362187940256
339.61227461861426,0.1336198998648115
345.41780525006243,0.08467743016672102
339.8125328693609,0.016855714076996264
313.5030496901404,-0.3424309089938333
328.02766806871546,0.1472907484959478
357.15842969414484,0.41310505910882966
361.6248325105228,0.20457603892828047
362.8284119195107,-0.13435763902668896
362.8284119195107,0.5308735837022596
357.0953150452553,-0.25487271564190905
351.032207284335,0.08611057608118244
372.378909392631,0.12028902988276968
370.8836546891149,0.12224205439190428
342.79927067892197,-0.40141577329586653
341.38264296266186,-0.09130498275976606
366.11419856518614,0.3866085110824997
360.93797919857985,0.01907460594134136
353.68613357499316,-0.15941488247847246
342.11930665696497,-0.19053168000391452
312.58902100369386,0.19216603901975304
326.77852476560827,0.3203273625590555
326.77852476560827,0.45999487327787847
328.48739269578164,0.2404959220418732
328.48739269578164,0.29643498247105526
322.7745163606078,-0.3232800098978714
335.92408416998137,0.533412814257531
330.3853210934188,0.11883446983574686
358.39008958131546,0.009406151591520029
355.5146111179074,0.06968021145632974
355.5146111179074,0.6027992093986541
348.7265719522759,-0.0327411303100007
362.3921952037226,-0.020424846724495183
369.76417596275854,0.15681300344090232
366.1947407938484,0.12693962712535267
340.1322854422257,-0.3681397572976266
340.1322854422257,0.6465852523487001
370.0335464849475,0.6542260332604428
386.04615010666566,0.038285789500832834
384.9257590042143,0.16020908436689751
354.79863865285387,-0.20683082634570837
353.87059492986015,-0.2070429154211979
341.703579575206,-0.2232850221867011
371.22987346660454,0.4938855103154083
364.01802525013926,-0.371712246752395
359.6575952501455,-0.042691892426887534
318.459042471331,-0.5188702065735242
314.7169567446326,0.1649354183257401
338.6928213444772,-0.1997591159199601
338.6928213444772,0.5965157993673529
319.4315578047393,-0.3532452009158078
319.4315578047393,0.26503531946286785
331.8709535969768,0.049837153739645146
331.8709535969768,0.1608159383479233
351.2208735041828,0.25303352620517217
335.21155664774096,-0.0944307107710074
350.8305182624824,0.17136695629346832
324.96197452124767,-0.3650023132992146
348.758663678868,0.197799486132908
324.75558400343283,-0.5234682938985316
328.20267979261456,0.47252746964954895
324.37364124814064,-0.03468198224777552
334.31393095874165,0.038460252827690056
334.31393095874165,0.5873152963431494
311.420308821243,-0.24574943182062725
335.9801927812729,0.054351143095686894
335.9801927812729,0.33526478718590624
336.336152791322,0.06416496919359815
331.12035575249,-0.3508634287560426
342.2927660718503,0.12248871450992738
356.979911327228,0.31359934350746244
356.3380539975943,0.0021296600233426943
370.3529401581767,0.17097521811297156
374.15176520984613,0.3635520479142542
353.7460901956099,-0.3123034730501786
358.2790280071766,-0.08932860294294187
335.9725406262095,-0.31726196977672316
357.61509264703875,0.22965224396784834
383.96715574507635,0.47282259993596654
375.3230715356696,-0.09806573885339276
388.68815492758085,0.06860301132599034
410.9439789348701,0.19281797769883724
394.36405697342826,-0.5127010389335283
357.296542583066,-0.2943892343286052
376.5268248295356,0.18825011278488546
348.26408350965437,-0.3031228267713004
379.7880581136488,0.5719798028609375
347.2138487543171,-0.34784363026574283
346.8325410310177,-0.15832343154613682
331.3146931455048,-0.276055563133923
307.6284576076481,0.015711636466903656
317.2639039931496,0.23870787348050726
330.328189143371,0.15609109139802513
328.57324962027104,-0.22627421843401407
327.1115190437051,0.07000014707455193
317.99316270672534,-0.19101714494695443
344.4270052577841,0.1576875850290662
344.4270052577841,0.39820443010489726
358.30683464792116,0.47166111046897186
343.96260567816114,-0.2010044612600268
374.2091595569694,0.1165328971916324
385.1878533698198,-0.04153804904683511
393.9626784824013,0.06440764675301125
367.1859606329666,-0.10982249520293408
313.01088792182895,-0.38227498744595323
341.62581056569127,0.19837082899618963
385.44315379639045,0.4151508106173196
358.714875542602,-0.10210454634693633
341.32300151912733,-0.3934339276387391
361.4285408145572,0.06963698707340882
376.8820258731418,0.46007962019461957
365.2085261646128,-0.4910643203334075
363.08006104189764,0.019429184858267945
390.9263082540502,0.12754277071519482
351.5911998480814,-0.4661923391880691
367.2614041715285,-0.04676783849208732
334.6528666585731,-0.37780283667723324
347.7934631362799,0.34682710574054454
361.2518251933345,0.33786936210140084
330.86139513030986,-0.16122181748244202
303.20344920754644,-0.4789820853858373
342.2710042617536,0.7404273391382503
328.7676814954303,-0.5267418958908365
354.3400115720398,0.49067423553071876
360.5895218789758,-0.03740557062349126
359.35030705131487,0.18368244634029907
408.19109456499154,0.45308747131173277
369.66486169046516,-0.12552344751361488
382.18159177332075,-0.0348572022769531
356.2760712461444,-0.35112259422248826
362.55842887027376,0.2759082127892043
370.12955405554675,0.13758601016775174
347.60290794050303,-0.26979911077864926
348.0659016578822,-0.21698052769011156
330.3246145687596,-0.13060536199895978
334.38273671279165,-0.12476097979242695
347.6754900713598,0.030977197728702777
337.69869599823653,0.07401167105444983
395.01659322451314,0.8955744098092282
353.9928084531364,-0.28662357605287525
375.3255481967177,0.3230012936822959
387.77906083992065,0.09324117366429618
387.77906083992065,0.3844703914821821
391.10022394440017,0.11504208103087876
388.68362236203023,-0.04410986997004329
388.68362236203023,0.3604473151739285
381.96631584183586,-0.23313378020657183
356.9997524688858,-0.1329845222876429
343.4141739399708,-0.07441350099679767
366.17900197552075,0.17778964867579816
378.4076554948252,0.38618514933114056
357.25962417795336,-0.2252324732062334
346.79462266248953,-0.30232905816501443
366.4986869065723,0.47473800841157754
380.70247215052524,-0.04025080099938805
374.8128384911146,0.11588498883315879
373.32693251996335,0.08612126307320978
355.9615417041944,-0.3712747381562167
355.9615417041944,0.10161063890052446
336.5924469181472,-0.13604535845888677
338.1400687776502,0.22102804804239895
341.98529792525056,-0.12069390798035329
281.1013131456131,-0.6781050538475029
333.3944554774716,0.7031396412949107
333.3944554774716,0.4948123927575807
312.630998212847,-0.3610469178585163
317.14343659208146,0.022492257628414336
317.14343659208146,0.683650778383253
324.79306083278146,0.0698957378592695
342.9019702060264,0.25968106159393756
356.88011504225335,-0.152493882214344
352.1546886357059,-0.13936400903071444
345.42608394988736,-0.32323801821337383
354.83579803986777,0.23623250165485388
310.6089464548851,-0.2977032507538979
344.2808813282969,0.4263885933239635
359.91879904046675,-0.09015880951619692
373.5219441718581,0.34641210613085605
373.5219441718581,0.8160576095295937
362.19281296649626,0.008792702849746092
352.463325305693,-0.3403275485094355
351.9361196197596,0.29369515833332116
345.8853861618329,-0.23764639920341324
363.69547403198123,0.6425749081831782
393.08437233833064,0.31821883760324
375.3700087319772,-0.027960001023075165
357.08862066018213,-0.35034411587821523
345.5720486503615,-0.18403660485705586
367.70123750801247,0.4006325979446501
336.0755386134246,-0.40718911025408033
349.47338160678834,-0.17222693557391722
334.2469283071537,-0.07557685017968652
329.8337561502365,-0.150999003198649
345.1730499242347,0.3136356852012341
376.5473714578434,-0.054481864742569996
361.9637562668765,0.04473916444544557
342.92168560878963,-0.3212414611633676
339.9573335633108,-0.3471808421084006
342.7641709052792,0.028562188692376367
342.7641709052792,0.2942635870367667
370.77794669454994,0.4194622387367417
351.5685333860536,-0.13984975466155447
392.91568032804383,0.18364163443288817
388.4840485457292,0.3769001144694357
354.80611764387913,-0.4490714913829379
354.80611764387913,0.8168139931112819
361.35074957270865,0.3116592909744895
371.8164701978436,-0.05266662263250055
356.62073235014105,0.16957816581600582
372.5781604181856,0.2322408768020523
324.60156031984803,-0.688288692714309
337.6938392658854,0.15573144486575075
346.1537941513332,0.16517090011348046
328.6383218986934,-0.025197439529165422
352.2447338144045,0.4096327432450835
344.0717361453648,-0.21045293022905298
356.75959738441605,0.27499775529031467
336.11691993371244,-0.41761724086563845
328.9553080095916,0.05507153420182931
345.84154004803554,-0.0784672717192052
353.99884495926904,0.49887550765288324
365.8770702905002,0.27090617821522756
373.4709762395153,0.08489198189920444
368.57275047034545,-0.06301459493602124
365.98292946391473,0.21957405382329398
342.72371903306123,-0.31064054991691137
328.6946337096768,-0.05365892119345972
364.2641371953574,0.5278848236641807
357.7675091522702,-0.6539074325619367
357.7675091522702,0.5841327321612653
369.29562942394,0.3275841720783319
334.6860893584279,-0.43044880673210173
352.9834203263325,0.22469469559098343
365.2774592369736,-0.08352711428756265
372.4370756298502,0.04864576464115089
375.21098001685107,-0.05776336913754676
315.38117699743634,-0.9475414744691761
320.54889084453833,0.05043639582981996
320.54889084453833,0.1532576343153096
336.34176587770213,0.026674582913528866
336.34176587770213,0.8729174487421005
364.5396526347549,0.33447803648243735
350.84265335237353,-0.20846104067823035
344.05221404517505,-0.1357325357909076
384.2918591244545,0.279443086677702
371.49201595725157,-0.02726146238705951
369.74049272681293,0.0023326894549882127
386.2295556905066,0.4807245476707749
372.75088665261853,-0.6091544695482298
355.7575377898326,-0.07718510155439162
355.7575377898326,0.35771335347885724
329.10781505747013,-0.10054943810985151
364.77057069976456,0.49644807762808796
326.5851720230668,-0.13778940058534772
307.9977386323211,-0.29051815578714013
307.9977386323211,0.45527320662324655
308.7720136697926,0.3016143712069379
319.0294473933353,-0.281218642934391
328.1956946767145,-0.06294474064566202
328.1956946767145,0.44641602316551143
317.3726547024819,0.27625162354956956
318.950239189071,0.00632246051770835
345.3343845418787,0.22807294799758893
315.92436401479506,-0.2119927147598446
344.39377444979647,0.200499667037775
355.36502517270225,0.018879272670346836
324.42464336325537,-0.32907526797077935
334.2522302598476,0.021940236170166827
334.2522302598476,0.7462782743110665
346.30795551259206,0.02433353921753678
348.86602199452176,0.09693653857243589
377.3384160577494,0.2832935559663383
375.48753720799107,-0.20890402698967137
380.3359869066303,0.1991424429216977
363.8362584722064,-0.47305909046929173
368.3048293266393,0.5572147029339476
389.4018810460571,0.051437491310935
366.26808736032933,-0.3401928572709494
346.54549336617976,-0.1759587819949502
357.7745261523453,-0.16715270668703397
374.13794732255445,0.3197947573520423
330.4647069415864,-0.4072602526814535
335.68660219361476,-0.0361138226918456
311.962099177795,-0.31583849827006816
349.0639043476288,0.4256900567473849
349.0639043476288,0.11032407816981049
351.4894224528489,0.09849279136392397
343.1832943118422,0.1463634544109027
382.8900703125292,0.058872808309843094
345.5132982793304,-0.39700332598454224
380.0756351037508,0.4375008794952464
352.64856534608106,-0.8652333792067566
335.8935058137223,-0.3357134617006068
362.9774504034511,0.497945715133028
319.4859710378719,-0.5836742502682455
327.1540119252709,0.2565840423009149
344.04931032979596,0.12210646777100465
382.3630169957326,0.5250282060853806
374.9147211603267,0.01830469410765545
368.4148766655288,-0.21560314236012346
383.7020796281102,0.30406838671262904
395.1978259696235,0.009584445190171209
416.2634069555366,0.3258526237153774
417.6619770573139,0.11104060216769085
409.8603517712077,-0.2500589860733271
394.5513963168722,-0.12006180213563766
387.4292848194471,-0.0846167182563704
373.74968166753933,0.08653070416823994
373.67292480592295,-0.22885870221398363
348.0657079788485,-0.24343175091348712
346.1875697886675,0.18251301262989728
329.7672851119056,-0.17462022145593892
329.7672851119056,0.28161354207099976
338.8126606418754,0.09243965532073162
336.49192819578326,-0.10324360263371091
336.49192819578326,0.31062001193186006
355.51577606501826,0.33662018437371444
366.7730581994707,0.19259867150208265
344.6141997926904,-0.33508255315973656
330.17260167771747,0.0339824953596235
330.17260167771747,0.27728179266227926
337.33494463519565,0.1510704612852578
360.1535222926755,0.08560381944039364
347.2169897627793,0.01728599578655121
363.6637974027451,0.19527596682132753
376.8375636615957,0.18690791642245586
358.43545630718404,-0.3110485656940227
377.9554120698454,0.35972168796331516
390.3245821301349,0.21869668724662006
365.88771591361234,-0.1966658883194441
331.23373995900687,-0.29561581103530443
331.23373995900687,0.27080846316698626
361.9500131561196,0.5970679672366259
372.86872928307145,0.17879657064634102
347.20718897567104,-0.390932219850356
388.1462521027298,0.6291017016651494
369.0080276322867,0.03175078149217825
370.3605820497621,-0.029047059276877008
317.2330529206449,-0.4849743618209459
317.2330529206449,0.6809865959963872
360.52386117160285,0.5576343785712652
391.398541548582,0.5248319221606152
384.5428842393069,-0.42116807581112425
389.77823345398247,0.15135058308044336
368.1427243437371,-0.12375016985004095
373.07767740651053,0.22778175337919038
361.6447745569326,-0.011077626718019928
356.3831705456581,-0.5827559059911209
340.70128469898,-0.022076894485849152
340.70128469898,0.9750168732297197
313.7488764515155,-0.47306380694612926
313.7488764515155,0.6222821115545685
350.427530720002,0.6183516926043922
353.3343009072748,0.05586883729756664
300.56451483509244,-0.780808833954552
350.0748082364671,0.4781809150197205
321.12914572468316,-0.36916300797292934
348.8386664418146,0.5262543155932917
348.8386664418146,0.5258164216891146
338.30688366900245,-0.3146566461534803
354.08958465642905,0.505491686280493
354.08958465642905,0.16034598793839905
327.40984469430896,-0.14665047425546618
315.8167863937943,0.09623161146919301
304.5832685986444,-0.07870330777086565
336.5312098429788,0.3308755767367302
321.34470455275266,-0.3872172671433418
321.34470455275266,0.40884436687952075
309.0020347795914,0.15395004892570796
299.12434742484345,-0.3476521225638862
303.61597111645204,-0.0038451351827006874
318.607523469141,-0.049398823171031836
345.9781787328063,0.23448505962926447
324.78012190229833,-0.14636494917454002
330.94715676429365,0.044734307700423415
322.34937843883716,0.16274184709732253
322.34937843883716,0.6510944341493996
348.6812398028892,0.20144436596035575
370.6757312734709,0.5400552932861729
352.5168317213301,-0.25649290935496083
363.8100849274327,-0.08924582218048727
328.1941752318727,-0.19306689088818985
339.04180931682765,0.1005775185734592
330.6362003416412,-0.3790869944223232
316.6895878181992,-0.12880888221604891
316.6895878181992,0.5266178266634824
339.7076601997985,0.061327190685460664
339.8578264106599,0.08484663083561372
341.80634915204513,-0.14911912062621013
309.46520717705835,-0.4241258701983952
322.50586088141796,0.034994127526260854
322.50586088141796,0.641732408580765
328.0613787694825,0.3007476579030026
335.2054549662338,0.07973458398885214
358.7419323409011,0.16211108418895037
358.7419323409011,0.20460315339994395
314.388865240735,-0.3195360509590728
314.388865240735,0.48058849742108123
335.9736277654022,0.6259944466063416
325.4120116222593,-0.3214287131711444
306.58277543158783,-0.5819476502583711
306.4505378417186,-0.4099922586980256
330.1996427643805,0.3645605330177659
330.1996427643805,0.7468708174351377
312.1771502315,0.29408833602701634
296.71736519282115,-0.38396545123600845
341.09814093265385,0.7254274357218264
321.3053223136467,-0.15924519241798407
356.93792394454186,0.03319537918582682
379.616457158542,0.21004867284057127
360.2180904782914,-0.15776754252351566
357.52623363747625,0.095474406015569
351.944568642598,0.15551717218249905
354.6138074776861,0.14218555464253768
358.1268147884008,-0.20473758027389977
353.75059343661644,0.23426382164461756
317.9508960457778,-0.699213896934566
315.5903480762013,0.04856304970212477
350.62597061942705,0.5444055758448485
356.0247818648969,0.2980333264596311
382.98664457847383,0.18508152875540418
373.1367930696857,-0.0756257173566155
373.1367930696857,0.4187527608776236
353.7782283861655,-0.05472350602917686
362.8780663432485,-0.1786703908671825
365.75782978900287,0.04843985119862282
386.63201098860645,0.559301967645979
364.97118841428454,-0.038117977536103353
346.66321081295337,-0.21895837114675487
376.6946409499744,0.38038140073433624
364.3423350723655,-0.26583499647938424
329.971032853776,-0.6338899249977885
329.971032853776,0.18638542017345117
335.6729699491454,0.03019525493357378
339.57428510551546,0.24819488304081005
366.8460033944357,0.6979585144686098
365.80735440570743,-0.313726321658919
374.92257173392136,0.2843857580171516
387.9247961901062,0.13320590278453892
400.52702074799873,0.03184209101164015
391.5960619436119,-0.42314514321742536
394.10195263358503,0.12308730556810588
374.2291067454814,-0.3670675613922185
366.79037497040423,-0.43627034203075254
357.7042040172157,-0.1881501829386707
367.889936298803,0.09773903050836452
353.3073693211297,-0.07223148241541821
323.76735703951374,-0.8017611567877339
364.73103840612794,0.40117851507648083
372.99704851915175,0.50860440751444
361.0695059181507,-0.19823229417158927
357.11639988174204,0.05584561325122195
372.64136216837136,-0.05296470957591737
357.8677539301405,0.051600792974454635
361.7703117740488,0.06819502876965089
367.70208187503323,0.05000459790608147
367.70208187503323,0.3571068620354936
377.53107676515026,0.4037599512092811
347.06129484675466,-0.6244131134968711
335.79839622146307,-0.01863208620648038
335.79839622146307,0.6190920470692163
378.1327109829465,0.4297816022440202
395.27461128509935,0.43106740079747397
357.1115670939218,-0.3326081653484607
369.0861978387109,0.1588297055888006
367.2373314073488,-0.24199816859163548
344.37842989226954,-0.2669780544965761
345.29661573683774,-0.06363856318921535
370.1714170228186,0.37927416143645587
354.41119214232594,-0.411813351219962
356.648987593732,0.06618025479451717
356.648987593732,0.2122899657006201
310.8394808856888,-0.618525937493132
339.8862687216354,0.3253439896409418
329.94319924001474,-0.11563583923043552
329.94319924001474,0.16185352202865033
322.6905909488583,-0.01088390466452438
311.4740270843064,0.1900216075073331
336.0816115681572,0.23206059317374184
350.98239259672897,0.038221593807293175
369.26511347994017,0.05257776288908644
363.9170157960626,0.025714778775522973
368.15273697767634,0.02401461427234608
346.85811857227856,-0.293900803389306
326.872174225063,-0.44117612482386903
314.00622754918254,0.13259672262324784
328.9916559906811,0.15916672362902773
365.973520279943,0.4163508943740908
323.327225034619,-0.4053543650568372
342.97079708285804,0.422801317665062
341.73887786329925,-0.014616971975101478
354.802307777147,0.551273959490004
354.802307777147,0.5461989426875107
358.64343106370626,-0.10200503165151531
357.6810140410058,-0.05222626914655848
382.39492833127105,0.5501388799273172
373.0967093787078,-0.5672452389223963
365.7283236476353,-0.09332414705818337
374.16843019658916,-0.0258504710645866
374.16843019658916,0.6649934688866779
382.3918001025252,-0.09403300707958806
388.03879510072767,-0.025669150196108603
388.03879510072767,0.22769034607881622
374.2986363440682,-0.03154649548605448
367.201977273373,-0.24613427695214796
361.6940191353691,-0.08416621799551649
358.3632338811577,0.2358462179460048
372.17657785026825,0.08400933579071079
372.17657785026825,0.42948188713251056
379.7162058589984,0.04562412434745511
389.6824683904153,0.45174063986360125
405.7561897323495,0.03881575993102615
401.2709229781495,0.00550378320008349
403.0443745162625,-0.1045973268845728
405.1983377360666,0.16302521851525853
383.69405406528307,0.07709043061754528
399.41667345693355,0.2164612759161173
357.4559490603655,-0.11382437138104251
385.8966600962768,0.37129937411918945
391.118975206386,0.2412882760318098
391.118975206386,0.17749346775610775
352.45657617261884,-1.0722047974555835
352.45657617261884,0.1543856854761998
352.45657617261884,0.2686819214040952
369.28377630500154,0.753745261117956
362.05014757974044,-0.37468593351434265
361.8419331052499,0.01880845631478678
365.79275577387904,0.20240354764735002
370.20391822355367,-0.09861138866472174
361.9121617291442,-0.2340050755133234
367.8304252791295,0.2952902577419536
358.2856515890374,-0.25976596146460906
340.2882802332563,-0.06837469886841063
328.3127339629042,-0.3254796151039727
371.84403579954494,0.7779659741441947
332.0305477958148,-0.2864280792077807
332.0305477958148,0.263304875010931
318.6562820894648,-0.3418621814319067
348.42225229592043,0.6350860222455594
337.20825548792806,-0.20357466757786824
369.69687335287307,0.10005800835642731
365.15405686455915,0.11349733844474486
337.7202150041525,-0.6023103554741738
360.0839053815511,0.019400761983206394
366.02859330790363,0.061124463822579855
385.2725861934086,-0.06290302833087935
366.4257770214976,-0.2956490563533407
354.28583207929717,-0.3648632901597466
358.1674670666531,0.36081707759865367
346.75830605961266,-0.1203988741365265
351.1210324172246,0.30407691720370167
347.01393367706424,0.03678828527222322
378.0930394685926,0.26148471049452837
349.5926484917519,-0.771366052324197
347.98319057808527,0.14621250095672167
341.76410680012754,0.09611505732937076
348.63450752973296,0.020222275450805682
343.9812387627104,-0.021182442783128863
348.3066784310824,-0.4232411970203884
332.95334506162686,-0.09928137373276513
332.95334506162686,0.43709187843126074
346.06701106886544,-0.046636013602665116
333.4033398669291,-0.5566577190023736
354.1749198708246,0.45982049420990734
354.1749198708246,0.7720399303724435
347.26786047382745,-0.03535449726223305
346.6867902354373,0.09788125939587644
340.4707496202696,0.06363825292805814
336.8804231382856,-0.09559519927620386
369.91208226982985,0.13693479032394862
351.27239664552064,-0.09433146573667273
349.742038920495,-0.1569109373263018
332.58252711619696,0.16690838405907016
326.1989306146269,-0.7168371911350278
310.06624774116494,-0.16020857908085873
372.81674261544697,1.0167815387110295
367.4974860906188,-0.5524824625008478
370.60002815691786,-0.050328554140605775
368.4913721037448,0.09511927885500882
352.60240674191186,0.06389078371137202
343.1630241316863,-0.41100814044432354
367.36010203534016,0.17381569224562554
365.8675968832758,-0.055746531708109615
344.9889764579239,-0.006503322591015603
343.81159316859134,-0.2239568892114221
341.4483165701905,0.01402372478446523
331.30296436760756,0.16856153490368797
363.795504426114,-0.12110019333783839
358.8440140730972,0.29899382941698605
352.51485168598475,-0.2802664892271878
327.7177828051062,0.012005326360849722
351.6625504702006,0.2772824249793757
314.79192217278927,-0.5657777585514623
340.74529404283425,0.03077873738970993
324.4194199280337,0.018509184782146804
333.8968793176228,0.22763481700951615
337.37681308000583,-0.04066809618302614
331.2522257111563,-0.2005631187189465
316.9512459025478,-0.3138218726157902
325.702654115147,0.2636497280614094
325.702654115147,0.5250462157362108
331.91345112407396,-0.16988184343006196
359.1077054045638,0.3487758665379488
318.82422286342006,-0.31850746468671787
321.5615120800397,0.1587508738427914
340.64498916554214,0.6063646386691062
337.3554235267459,-0.32220915469031297
341.4496370506211,0.14981812641667602
334.5226069146702,-0.24645773081351763
329.2971139461809,-0.21309271086443005
349.47845381757435,0.08578506392541385
372.28974682634464,0.7239875463950511
354.8189111097611,0.02973912462550743
335.88125024639777,-0.38749213752555534
321.47114946258887,0.05090542049526903
317.65946601660585,-0.16308486365744557
310.7770201464565,-0.3552197678839093
341.0576541732081,0.533166597815466
335.90650964430597,0.3194916291171239
331.3326462513485,-0.33298374284481724
371.55776895856417,0.566763825354883
371.55776895856417,0.4670013953027592
356.0112648496567,-0.00023655563279589842
367.63695406048686,-0.11936363057498056
347.2073752906932,-0.27877241736405267
350.7893566033361,0.33324464081329097
375.5856809376932,-0.2962234120402627
389.54523377600117,0.278393236977422
402.1604580018649,0.1044347379465762
348.0017815500184,-0.6140846252035317
364.5074935191711,0.37629468195655136
336.8492772276,-0.3823070602509233
340.715475232985,-0.2731665580944309
340.715475232985,0.21557175583802746
335.5738328411833,-0.11020124094625317
320.424650726481,-0.23102800492813458
372.47639299418427,0.4707242723975469
349.7354938027434,-0.25304435993200514
342.57681979272513,0.021838836567667386
308.52502080943543,-0.6580148913975563
329.50148794117865,0.34945728443130974
338.93239964660916,-0.06430119052527061
368.9017825370851,-0.062126974627517484
388.69366245074696,0.06534005308367341
373.92007492665476,-0.15296524125051292
362.4431597880521,0.20482321902954936
398.75396084923995,0.5179960289917744
367.4935892866706,-0.35979486825704043
352.713252050282,-0.09125376600854906
352.713252050282,0.2214809907794688
375.2712085491244,-0.007830039514828968
356.8564447405762,0.16889637865313034
361.99673641308175,-0.11302116989179467
370.22384460297934,0.3241753699799119
389.817478665928,-0.12907449256772452
378.22228332056386,0.3411496544158581
400.16057617652507,0.2735826134386343
389.9556042285989,0.00968822867127983
359.46286793673664,-0.2835794238390008
350.0886491864567,-0.2818016401232626
367.32607809461354,0.25619570913181633
344.31734441897,0.012287106512189894
361.2419909120263,-0.1534013261587006
374.60777553878637,0.2150017218270932
374.60777553878637,0.20272920647812498
374.9238465199597,-0.0714943012940239
342.1977147727321,-0.5289681671360995
319.1546198792898,-0.20375687737805492
332.3169402425741,-0.14899050753683696
332.3169402425741,0.19510434339235871
343.8586760222845,0.24880039337392645
343.8586760222845,0.9564805378525989
331.26354998696047,-0.29326926756402827
324.07323194274375,-0.1744980646692511
336.7214006855808,0.11353159177031102
370.62595814618817,0.5660332551918827
347.3011558726991,-0.3919316803520587
338.2825529259423,-0.24599024933536384
330.4875982577731,0.0398093722349131
356.3203118188388,0.12832251389909288
350.28338039081314,-0.18084891864532437
371.26069064226675,0.5428146004662722
346.5731219466239,-0.36087802207521236
359.02551454465083,0.27451156479594374
365.326637523424,0.08431634524652054
365.326637523424,0.3214944824628674
383.14351018762665,0.17967220785567406
370.93467612026615,-0.23741070136520648
364.0245169062379,-0.07725053494073109
387.47920601498373,0.35788236017401687
391.9782786486958,0.2577693198286397
372.6413720264481,0.0017775219505438145
355.1863011634016,0.05140849628048727
373.37986477120717,0.13465623931494974
375.67379263436015,-0.26803153918967837
358.7688305573504,0.02598690108197843
358.7688305573504,0.5299248962759293
362.7588171657112,0.4150653415853185
352.5092922830365,-0.14688443831983022
352.14310022584203,0.2983551242584781
364.78935352206565,-0.05395830779582411
344.2956769265937,-0.1898655383613459
339.808998109963,-0.38296533706329683
345.4893275483555,0.21773369603033643
346.0644854107847,0.009803556898305033
360.74691935324785,0.1332235768765031
360.74691935324785,0.38199607572687455
366.6133716372911,0.01979533623716634
352.9071095593592,-0.18086193472686318
360.83645025924585,0.04930120079916378
336.6918897366957,-0.12746721801522654
339.30726775629273,0.04573193769795125
304.03661956730986,-0.5124913601384833
314.00099993663656,0.13944702976709777
331.22106130321447,0.21046253258577963
331.4388914207975,-0.239136236762306
337.09846116627523,0.3649538836123156
361.7450584264096,0.491325184400921
376.73154200843226,0.030585747228428772
376.73154200843226,0.33606447300110176
369.58057420303606,0.0010762645617887756
356.36995899131534,0.14581234462298198
379.1006675692274,0.25824488163686965
334.3427276182361,-0.6910576565480824
347.0904883418907,0.3269317307147048
348.35849823707326,-0.2028999651132608
301.4231900667293,-0.4206590495605269
301.4231900667293,0.39013956734265776
304.14981119741446,0.1643922648025864
314.86246585339643,0.2599374115534374
321.5376537514934,-0.26683342223725504
294.8192986139284,-0.2785331526858954
325.5202564499544,0.4043015993265726
307.0477484913066,-0.1698031676608025
336.0096652661851,0.18855711849369072
319.20232830852393,0.016754899649527033
318.8863931370213,-0.06251294571097787
333.54433895737833,-0.040909163048809205
340.21593220467145,0.002399182574549741
339.65749036234877,-0.2007542109396354
316.9943002197242,-0.3086363147310749
316.9943002197242,0.37858898238903294
316.9943002197242,0.4567613984944501
333.01349349887784,0.14270688010606136
350.914610530698,0.5320988852727169
343.0870915135353,0.0013994747781680417
339.5943445732281,0.1763668275953023
339.2886019898001,-0.14541978310967352
332.31488527325524,-0.1619444206037315
366.5048983746873,0.2517456584282627
374.31668307601973,-0.19485757585357533
351.8448854095234,-0.20439785692849455
344.4053607510568,-0.3460243597646695
361.5861357436861,0.33253201191473636
346.90997662004554,-0.46526917179687644
346.90997662004554,0.20668451587641812
364.1461434262764,0.37746067822342866
371.39689394063845,0.1122994945260416
371.39689394063845,0.17161925910409082
371.39689394063845,0.10149904361867357
370.59636538749083,-0.09691256767348477
369.6167315409472,-0.030077150977604106
350.0433847574738,-0.4619512931533336
384.20187394681597,0.3140773063355482
387.2859746042608,0.22863619550071235
416.76803259468915,0.5121525207051718
409.36916892170524,-0.20396935305825536
413.55993097777167,-0.08044188214819314
400.3923837798402,0.194890893671527
377.7474751610016,-0.21578332720491744
376.9985563804199,0.3894250298474162
376.5178748602421,-0.3019053772515008
345.1130496956769,-0.3110967689424342
347.1265146729291,0.07202893255180243
364.0788616310911,0.5807388874409298
364.4538462231469,-0.21037908937410066
363.48730305511276,-0.17565816013643598
363.48730305511276,0.29708092453665813
362.16155709648444,-0.07655797842426182
362.16155709648444,0.12201138340128637
362.16155709648444,0.4036264799769924
364.42607062473496,-0.023265472114189834
347.1733782142231,-0.00826494704540437
352.68964219076014,0.026651654583929485
352.68964219076014,0.23962676918472425
352.68964219076014,0.7018716216995244
357.5825157142833,0.0015884894910414005
338.1496496222914,-0.08946894455630172
338.1496496222914,0.6035554839376118
339.4357959875798,0.2532914017284611
335.6952863939395,-0.34919363777316903
326.527757977098,-0.018781391285074278
366.4607221970964,0.5302972035531184
348.17701244516036,-0.40396539134735576
327.58546402731025,-0.008092191129435378
348.8465567622733,0.40726462530699337
366.554287235876,-0.10359842538161956
337.71655905332034,-0.24284111674899123
337.71655905332034,0.3149821982104868
341.235530328348,-0.09301301520986271
378.5670150452392,0.46403200169504544
338.9554070774279,-0.6446161861208566
340.1142818988637,-0.03630846876592386
345.7201237722261,-0.20560406499794226
333.38423539515685,-0.0621245681070377
332.9468570022641,0.17292933159615131
340.70483402821674,0.2165510874147003
327.20220223466566,-0.26373187331967074
329.22292554688755,0.02294730225571584
361.6030506971568,0.33952216663601575
361.77203311615074,-0.028586311773437956
337.3080848252015,0.15811727429559141
325.7007930152882,-0.5333526481264244
323.29308017406913,0.061373481244004324
319.85250187776194,-0.22936304019276577
323.87653326119687,0.1753993273348442
338.6975364164765,0.36673922602221865
329.13836152329566,-0.4009603971629758
329.13836152329566,0.24971104505584663
322.45684686227986,0.09110962202271367
343.39815978239193,0.40233670707357305
349.49443784096036,0.09653408091196525
329.14005331622184,-0.0964665278272605
331.2789505979355,-0.27971869104032976
334.39043339688044,-0.0653651396355599
337.6035129269113,0.24159904032740087
321.4339185891002,-0.38309616078140607
340.67216263436273,0.3902929864143516
317.5300438288354,-0.3979545369908237
325.09620666813703,0.4049629930811989
317.4435023073152,-0.17903742637065534
335.50772539205565,0.37343750577133505
342.31035934787207,-0.17010885595084346
356.8700677667013,0.6543989506584467
340.9989192043817,-0.5899345596772037
340.9989192043817,0.46416710315702403
360.4440088991826,0.30947507601308644
354.99278389486983,-0.005953205505420556
354.99278389486983,0.03434138516854546
340.7032725874196,-0.18452618974583856
315.7002440763804,-0.1650202958940099
315.7002440763804,0.8928653670367339
330.40636118351466,0.5105614861867025
315.2876983113434,-0.167905224416927
349.7662949520892,0.7155453057215482
329.1180418905913,-0.27222064810189295
363.60638056870073,0.8022674854245224
362.20678703003836,-0.045629085630480404
362.9626168692469,0.3374064682370772
368.46129713981117,-0.11151942235687784
379.77213610736516,0.029405097429958005
358.635127005271,-0.02531857663984738
358.635127005271,0.21340532989609073
386.88342194950525,0.2888598075103346
397.8974034600885,0.02784998684603579
377.44986291467484,0.11728756813272412
352.5787696742266,-0.419015677297466
371.5894817269965,0.11526142218042423
357.3949030951402,-0.06487921673760866
357.3949030951402,0.29006620314999054
375.6432314998698,0.2963578811966272
355.57480897498925,-0.3268896965815884
357.89586617679566,0.592304912352347
350.13385621150053,-0.4047773499514733
341.0928267727674,-0.2731255092619449
350.0976086075453,-0.07763590572903922
367.78382622497696,0.2240039750431606
378.8558258234744,0.09113111852298061
397.1910541599836,0.09381672776726191
370.19694129846374,-0.0435336593923239
358.7564723132279,-0.25051981416731905
346.6312639782612,-0.39993598649721207
346.6312639782612,0.31275529688423376
351.66687290928814,-0.04573849135931596
351.66687290928814,0.19057171462213773
351.66687290928814,0.2657526810631907
364.9359182097766,0.3155169826331985
337.4226104935729,-0.3336888670639837
332.0162766136599,-0.15638731222725255
342.4715912165578,-0.13519784982611327
353.65965993056767,-0.26981579559833335
377.2226051583306,0.01404943689681204
377.2226051583306,0.7078523749703436
377.2226051583306,0.24073575870511377
373.6276615748718,0.2784775902905494
378.0142137005906,0.21681284369174136
382.39598646429965,0.020240163135895273
364.56400211157734,-0.001979565086344337
351.38082738924226,-0.22275144688342152
301.6190177325011,-0.6178916638123155
376.9912748183066,1.3468088315802333
347.69119036669707,-0.44666989851111794
357.718820601125,-0.08123651033065471
341.94922613743734,-0.272171859862965
346.9612787988673,0.06188471188931999
358.32535624813846,0.062208031022578325
364.72121992423826,0.12612163496578432
359.5145578481962,-0.2492207173818315
347.5862016518331,0.05942110568298631
347.5862016518331,0.1506613046435632
347.5862016518331,0.5585939134281261
347.5862016518331,0.577612596249196
346.3074894542025,-0.2820954005293288
346.34637071633284,0.05597696425479626
328.08371686133233,-0.2743044663452565
328.08371686133233,0.5116636043260314
366.36152623481547,0.8962222196049652
344.68475725793746,-0.2949049294388715
344.68475725793746,0.401249476309431
341.60579639200444,-0.015108416061593744
334.4874568893143,-0.2606004804293889
350.75904793626404,-0.0007445510113939235
361.12749357361423,0.4939894215069671
378.28199067226126,0.11596233102045517
377.7013503046535,-0.01029473612777565
377.7013503046535,0.15889724837234098
382.0332608317597,0.20401899316743766
347.8270668456746,-0.35595510045584433
354.30677170455465,0.0024624259434631313
346.97214163872013,-0.09613826655481716
358.5330994179669,0.15571924567757378
358.5330994179669,0.5724691390960288
353.3317945405379,-0.1713519386413509
333.56260257006267,-0.2164903570264869
340.48612219987615,-0.10311581835026118
373.70467160859795,0.6599117804624939
373.70467160859795,0.05895098634891838
366.2491375699503,-0.18177616871366808
334.13348990652867,-0.44848521273286224
345.0965617791857,0.04712456764411854
345.7548209703484,-0.37086047544437406
324.8843970148201,-0.5580976918141687
356.20167423501766,0.39204049875343117
323.03002113557466,-0.2689531225992141
349.18885892126593,0.40594794060712047
372.52459766852434,0.21759273246152588
349.04823536551504,-0.11908410686123716
367.4480712027179,0.16722233542941467
363.6111339457851,-0.43932110545677006
400.3557035633753,0.63315891126922
405.41410095412454,-0.4656957654690359
342.25377377851976,-0.31315501898268394
354.69001028937095,0.16954156984820656
355.6267151799272,0.28073360491839594
358.5207330750028,0.2709551816903968
341.20729216013996,-0.1561521062947122
324.9427774296485,-0.27666554434131285
333.13610821761756,0.037062766658095825
357.7424931982271,-0.008724828603817514
368.02195014670286,0.34497836123705383
344.98641975051214,-0.47611986779304516
374.1959248344893,0.3075006177365367
360.3750018151971,0.0639424546545797
361.31813705184135,0.19318993961496744
347.82441288283763,-0.2672140072535285
340.2151010804191,0.15049043473050006
343.2545789002461,0.045782037212461546
337.34318542464194,-0.26327180860539556
368.57399015717937,0.20006770449560918
370.8071668596624,0.29835765680468285
360.20760937297393,-0.27368532073001006
323.54786584660604,-0.4295742681320007
323.54786584660604,0.3917713871645674
323.54786584660604,0.9828210055910631
323.54786584660604,0.36905084297745816
321.2036523474547,-0.02573291939097544
321.2036523474547,0.5056301282951381
341.8559670615253,0.37718342629716517
331.43535573187995,0.05994610789480248
348.27235203467677,0.30597568559187494
342.88591065770197,-0.560093290253235
342.88591065770197,0.6112669552068155
314.27834341221205,-0.401993989769835
299.40050190796006,-0.1886394441946777
306.475694420913,0.5807590305719259
294.8350561780194,-0.5596882387574169
328.10088148100095,0.5102204779108206
336.4125449670195,-0.2712117065018447
351.92636343854286,0.28274011316557335
340.17860925722795,0.04824370878384343
342.4763877388467,0.007237288144665399
339.29851784640243,0.012090137949371638
322.3130422926164,-0.21293575552476796
328.6268442728068,0.17051014815115195
342.677132685774,-0.21137534409365344
336.1633476363773,0.04041129362758511
332.4848865525002,0.41251729859789066
341.42298736830196,-0.44805536728972584
341.42298736830196,0.2796570701135579
356.8095293693757,0.5030439176786103
336.18908721944115,-0.4068808064583891
349.9447044965233,0.05601235822200579
375.3963814200611,0.03504144191117575
363.49187877136626,0.11217079439097688
355.95961482752347,-0.20846212876381287
346.7542889346896,0.3695277206421679
378.004168850499,0.1136592102185432
329.248686552045,-1.1352372222982012
329.248686552045,0.579482102529596
329.248686552045,0.6423573176016362
337.24781045279224,-0.00871565159718557
348.0500204125999,0.4483585758218851
325.5304792264719,-0.5759261575113896
325.5304792264719,0.5383284096691341
325.5304792264719,0.0936328961900017
340.0891884291506,0.2296597131080489
329.9693222666193,-0.015414202808869959
330.8106069293715,-0.19249421462859573
330.8106069293715,0.8082189301500193
306.58339257679336,-0.4256259557852218
340.77295985763243,0.4334940821844384
340.77295985763243,0.15877158548175885
367.1547462435414,0.41356318676366755
339.16096593505847,-0.6533921602136843
358.75867820417153,0.06693246152599386
374.4169971736018,0.09322075963950738
360.0220435319623,0.05842484596792019
338.5689214901107,0.008930009668119965
310.65172105370027,-0.5326066658274158
310.92305311403754,0.1348657892783649
329.1024966454105,0.13496464702677713
348.8248612377002,0.7160041387247702
337.4740472797899,-0.7175159963376245
331.2605040458824,0.0003651519725735852
323.91854507995293,-0.21021200329960266
339.55919588158343,0.36546545430746846
339.55919588158343,0.38204657434539513
364.18134757244775,0.4528346877698368
369.1862205499969,-0.12869390472371833
353.39261866902467,0.024003611877333242
353.5829928191905,-0.33992738248150545
359.0857280056533,0.1409125286430708
371.45241042468103,0.11579495646390114
355.95582716062927,-0.2719024600941111
367.77562245536615,0.49367528715470144
355.2872722689766,-0.006726219544930245
342.98306535980345,-0.06350651927630224
351.04927648789663,-0.20297993663712077
324.620809668323,-0.48039313760705227
334.70949415630326,0.3140910167894617
341.7706715826228,-0.08681532446325946
341.7706715826228,0.551676261358125
325.60406366819944,-0.3264205274476808
325.60406366819944,0.7122422553613887
325.60406366819944,0.38047263814496546
362.31299866517554,0.4890830694479291
352.03908726398186,-0.17906295671821226
325.55229902607783,-0.4052388750025102
336.65966663133594,0.3706683841356835
318.9212892833243,-0.3664931572457135
335.4112881599326,0.3836927549843949
328.1565870408543,-0.3107529171511487
353.80110769131437,0.4147839115144052
338.5203616469405,-0.5035982572021567
365.5129241325505,0.09336927107176507
361.6654693791131,0.24712013785017461
389.403349839334,-0.0408921514638223
422.4661438495751,0.53604800436608
401.7820574434431,-0.4391695335007171
390.72818799408157,0.15632263053794304
354.7233723625728,-0.21341687862809522
335.2730422147246,-0.2170721881981308
329.10112414913567,0.1725723728701496
323.8363711737518,-0.05879820076938813
357.4064916269676,0.04945917959594226
374.4612982240672,0.026734334749335176
374.4612982240672,0.5125223201598601
372.50672027472694,0.2960539347698159
369.7029733454405,-0.5009277483354708
359.819810285514,-0.3227294265045657
365.07383350096626,-0.08566042679103703
366.26956512593523,0.19587370486851796
339.8089855673289,-0.2516857971183981
341.2944477099425,0.43239437894646926
351.3628980592659,-0.16408073328136652
356.6008070865063,0.03674825198891085
348.4879065272143,0.0031165341201813135
361.4455715978172,-0.026045764001423777
392.3538277329385,0.3327881068693159
371.63257494039397,-0.17786509597544864
367.0464399289506,-0.4388946695703453
338.82533298366945,-0.2970982584736248
327.3109772759164,-0.005842554408104661
325.68280270395474,0.04196006907636729
343.98988255146577,0.5170889690357399
339.67777330930517,-0.15812413729145192
340.77715429092825,-0.10710807549241963
363.43576834776627,0.5676018717128954
338.3214763675763,-0.4320378669386855
338.3214763675763,0.2908694603775075
325.1210306672182,-0.06716944072070419
323.5427030760193,-0.2389682126107573
323.5427030760193,0.7100873421260303
339.17957665166745,0.5131456090737174
358.55881377566016,0.016795015384104772
349.5682540391797,-0.25869669257360783
348.94382411873846,0.0865886421685218
342.26297027123894,0.07898733007391456
331.6292109846,-0.22164127225528318
335.71308422616124,0.35240024982306295
349.51062471238566,0.30930155164924145
364.5831554311475,-0.038069727247602714
368.2640780513194,-0.06613885571209721
374.63429502919985,0.03475571838828273
363.21421977334813,-0.09946564034498806
335.4315104619338,-0.27937487010251516
337.8993714167925,0.002884361883047859
339.2015662179841,0.17652408163212385
303.4462760340497,-0.8925440921443624
327.4144185907765,0.22485327316314851
327.4144185907765,0.6325252759700106
347.3760442039508,0.3032121144415214
337.6671022697121,0.01718123527973603
315.9882944108642,0.04105230279344596
315.9882944108642,0.43086755128820187
321.03103387324893,0.13328525538270242
321.03103387324893,0.5846088954899642
335.8035024141223,0.06337373114968159
344.4191676614895,0.24731642156245925
325.6059674028635,0.03724429311887434
329.4300840651401,0.06990401891766851
320.8653898576467,-0.17889576932361706
315.4907851439801,-0.0801498550888482
315.4907851439801,0.7074970915072072
322.72849846337203,0.02750187228161849
322.72849846337203,0.8347783173680909
360.6602462759656,0.6477158485600967
367.8856824538104,-0.2960394970842799
380.22502435335116,0.5442532875001689
346.4050780815812,-0.42692056666328426
357.4360536844885,0.10270617556750494
369.19473460247724,0.16593476985349298
375.9476381857011,-0.07595727772581995
352.48385706906373,-0.5907185406788358
357.5751767104127,-0.14987598151606107
370.17882836997524,0.2525716044044657
348.3776740836712,-0.11777308814237131
351.5869029173999,0.0657849524213816
360.84031684914476,0.3251652698425005
356.2420662345668,-0.011550398147278429
382.0096112932868,0.19176456724676427
355.9407097960106,-0.16333795021591868
352.40040628322544,0.10297124353758136
358.6511474167233,0.12338340656322089
356.57848378006565,0.2984909042779691
340.89534008036634,-0.05197209174377804
328.28722983966094,-0.11887653363896789
396.36841027756685,0.48063322359666927
373.15741982579584,0.12578488962367373
355.4790443720292,-0.32800139423977726
378.286911187489,0.2709198604998164
364.77846437019605,-0.47894338240041634
341.5494924513475,-0.28018203556928256
352.13741178847187,0.13871903510880657
352.13741178847187,1.0601989226950082
381.13641386950763,0.3998207736542554
394.9785493769605,0.312676383242092
394.9785493769605,0.6836704111460676
385.775487676235,-0.12173653503407422
391.3604705082683,0.053148212446330945
380.65260703591133,-0.041327565373194375
367.8271280779943,-0.1705168064913778
382.82039839692357,0.22205714514223018
360.95180286187593,0.057436720843497824
357.337286060297,-0.5031463319306795
358.9881202938205,0.07840591335229874
331.44579621679213,-0.4007713394983057
376.83147301340324,0.8043427991802901
358.13749114086625,-0.24673093797503043
346.8603477370798,0.08747211633203733
329.72516281051963,-0.26058733609852425
340.2462752104223,0.10977604049060119
349.8234242306236,-0.1614534188968264
348.3657629673268,-0.11663073136332969
342.9970883477415,-0.05737245583179629
344.7264508808417,-0.06301936024999577
344.7264508808417,0.41397873703613186
351.177712790815,0.25055218393538325
364.83812979166333,0.3627296147839161
407.573397749288,-0.07220929191407777
395.5167394346593,0.05802134713076157
372.4252310454311,-0.31274931636357906
373.7729726150913,0.279949343315252
390.3180984106579,0.3933041739176133
397.9205035960413,0.1390738729928671
375.48509769282043,-0.16627644098002747
353.40053532901084,-0.49546858349333434
345.1983608800147,0.46820524039321754
342.98993189563447,-0.09531620207485503
350.75721023334955,0.19126586041647897
345.480861996392,-0.07674133386080939
345.480861996392,0.2925607220479378
388.85640464189845,0.20659512157544668
378.35699781105984,0.16956732771382121
367.48963438216884,0.18487119435474142
325.8816007577932,-0.8853384776913344
329.6283101254856,-0.12185268456971698
329.6283101254856,0.3161449245919812
329.6283101254856,0.44553005177886007
336.97233347380177,-0.003382653811286218
316.55864997371015,0.1364516537049667
316.55864997371015,0.36893124792186427
316.55864997371015,0.2591314879227866
316.55864997371015,0.3226779852416257
316.55864997371015,0.6193254612242072
315.06078402116435,-0.08488371595944955
282.4504929252107,-0.26079947867481224
311.9629691867984,0.4450214700507331
316.8651369643344,-0.21023081257453669
346.99893827023936,0.9512351386796354
318.4027626321685,-0.7145792193207399
344.7858268381716,0.3731493397315262
333.68788593209166,-0.17452707590666705
364.7773703487513,0.47743291911172037
355.586603737314,-0.14929156913342467
333.8990508728122,-0.22168346847251996
355.09375232307093,0.05938380961629264
330.49864263225896,-0.5566953227893237
366.53325144668156,0.2869417191351431
377.8183967529496,0.16444370978683764
402.9825974018749,0.19970021319272746
342.2645148138747,-0.46931814675360783
347.7650553902212,0.44855267539207944
329.3593719216308,-0.44721895970417336
329.3593719216308,0.7200982357462635
348.28848907130157,0.35422962018265025
346.61774757531634,-0.23619906841236116
341.1632010107802,-0.176991518782188
341.1632010107802,0.3159328686998606
336.2678566497373,-0.07558418539679224
345.590112493475,0.09539624025319426
329.8068460072985,0.13369241770635654
329.8068460072985,0.34900306784084023
330.99581684961834,0.21046868907990302
332.65773137006306,-0.10694220358300299
335.8788990309247,-0.009864411957892116
335.8788990309247,0.38239663758963616
331.4700610103595,0.006667667638566854
324.1688368490853,-0.1292274349325453
321.2131884829189,-0.13557872842568486
317.28807304288426,-0.14818458186459793
329.11149590451555,0.2560751483073318
359.2329618037109,0.3628287455122745
320.95065206329076,-0.43507174452065556
313.6875088334856,0.1342690732533356
345.38607508439924,0.19680807285055835
345.38607508439924,0.44008579219098465
365.29894994498363,0.29270379419619985
345.7360235926431,-0.2960077688240972
349.68916245915125,-0.0632418655161473
335.5836125156104,0.0872985445228096
340.66869435758196,-0.04677239955390178
369.3053944133112,0.3100760633102482
387.3631430865532,-0.0028558566175433953
388.75871493130455,0.025963735695995638
386.51671974809176,-0.4880594694005822
381.91289218844497,0.6087542382213087
401.94867531293454,-0.07157079977332614
320.24254680245986,-0.952556944393109
335.6601401510369,-0.0039059413592212877
345.17800453282456,0.3741206164945652
367.48205031423123,0.4079345689317506
338.9706612560926,-0.5936467197628872
323.5419438107698,-0.2028621073384329
323.5419438107698,0.5032351693963619
343.5499105502903,0.3126259726269609
388.22194469420725,1.01481061952461
378.1694783767966,-0.38801023320479544
384.9798912336369,0.46199500098259705
397.1914119338746,0.026611000301727472
369.370483233232,-0.16542844334094298
367.58142283867807,0.052790981118732816
348.5938024145384,-0.10183967068383026
364.0487899030357,0.32285136602513376
344.38587193177403,-0.2526758052961213
344.38587193177403,0.07863930561052257
332.06435556596256,-0.13671786825705112
353.79902693563304,-0.026906641749746996
371.2786449436307,-0.07108283663751536
378.95981706559587,-0.17744065344470528
362.1133341555202,-0.1567544473155067
390.7309600174486,0.3437446783473206
388.84984690323984,0.0010123811887297052
386.5243708429547,-0.12856642987514988
334.0617842684441,-0.790320166118363
334.0617842684441,0.5275488417346423
344.27269950742306,-0.2173794648194871
346.61863988017103,0.23636720296792646
357.4355880293489,0.18896252984973216
333.1131719955665,-0.2816412811291684
333.1131719955665,0.2872719065876481
333.1131719955665,0.3188612833419029
333.00018800245925,0.1061749577035016
331.9572334650186,-0.28344492421513223
336.9149149339462,-0.06988839456323603
351.481372236801,0.09259786194172648
348.6255278164464,-0.16510532565575886
363.33569079555815,0.6219076744977201
369.49303454746496,0.0788408564733345
347.3322148905075,-0.5597035240274408
330.75477383505455,-0.31596342312423076
358.148170774367,0.6350159413175334
352.4805290477133,-0.007229300585322562
319.97301254486723,-0.10861241700081337
341.09682313984524,-0.07397461925256721
341.09682313984524,0.28449954142604383
333.6521227050249,-0.1543356012299455
333.08816400893164,0.1291334370931736
352.4726910080422,0.17750292073651508
371.8786020597984,0.2561172064594075
365.1122683311116,-0.165243073693091
354.27120303015624,0.18868658624569434
369.5658310782531,0.12646576657402875
339.88066074792954,-0.5206168304943048
326.47404558496254,-0.1045613953093607
304.4435847667977,-0.11900668219789168
311.38685951454835,-0.08626535735049856
329.6424963734554,0.06409680186072819
288.645256255619,-0.505293262560258
288.645256255619,0.5955611944846169
306.16273809014035,0.2094639010905439
306.16273809014035,0.2743493356479121
355.00912417206854,0.27239096137714114
358.4550776747961,-0.10723666871967907
358.4550776747961,0.6824976922874839
377.55720880414344,-0.056448574361070314
359.247021046682,-0.08215568414425434
325.67873694608426,-0.26540619716365654
345.3417486839293,0.30073031886388435
327.52638248090415,-0.3640002911583906
340.30651407089505,-0.08320946788035144
353.19747340593125,-0.050397546339127075
353.19747340593125,0.30256100836527366
349.3968340029859,-0.2843560787999877
358.704391858784,0.44945194520892073
341.9028765689987,-0.2531397092577663
320.38749014792944,-0.05375946723290781
338.1683122345046,0.24378791679043843
347.0827831146204,0.08010992932247518
348.2030771794527,-0.1324331453912464
351.1968720636565,-0.048794038166988685
342.9839380039771,-0.05983024090210165
354.8142534996174,0.3921181588601712
368.82038382821054,0.03751899908195355
339.3360652229786,-0.27277763241613684
350.48647185234466,0.19434332222692774
341.1468088115861,0.14820785378810797
317.1408739858459,-0.5900844181353477
327.2623407696795,-0.1213645283785354
324.02274776631197,0.2037811131340277
324.02274776631197,0.6489691538199622
324.02274776631197,0.7033175322693523
347.8506985789636,0.32244228616593773
334.83105256654324,-0.08971765816556854
334.83105256654324,0.49225172553747143
344.12114920771387,0.08346986385402033
359.29208991931716,0.3909011228918189
340.3491385912535,-0.1612330428797577
340.3491385912535,0.48688136708938146
365.77844095083793,0.500205561814937
373.3309601046327,-0.10144176790799975
377.7495877603611,0.120261237655086
340.0827833682897,-0.2058509492559324
340.0827833682897,0.39712426604569373
358.6126823841546,0.13192505934523524
380.1664052413171,0.35934109593381436
408.7334015506633,0.29146479520375124
372.8523748897648,-0.16923338146659717
363.93527194712783,-0.22915373468413236
392.26782851949065,0.8049918337686677
353.5368414422605,-0.5885650013858594
336.1436270425593,0.26307057349686147
336.1436270425593,0.40462947664263993
363.6560282411424,0.1821122668686712
353.0284714687307,-0.29268572390094505
363.21562921749216,0.2402147572317972
369.12055010147753,-0.08289875507966826
358.08993516895026,0.06405263140118223
369.6019033443081,0.11857070598875907
369.6019033443081,0.4624132621395347
346.3079253428977,-0.10153430209197722
348.40680311879765,-0.010381064360217351
362.73641460599447,0.3878652588213072
362.73641460599447,0.19008066520461853
355.7248847840653,-0.4229963027597705
360.5503119246965,0.09827611248510948
381.19483152621524,0.19357864587198037
405.0470724265286,-0.024591865284151027
362.4699262959539,-0.3172203575427375
344.0967832773098,-0.09074838289211584
345.6340264107853,0.12091862257148023
328.4259491333985,-0.3868723284189173
328.4259491333985,0.3249999848985681
325.7086039977018,0.25716636088657197
329.17392337639984,0.13044884807789003
350.14782128875294,0.054580114901227716
349.68242766029385,-0.4976390173145546
380.2534437322261,0.34033482071413346
357.28535493090783,-0.24605760338818072
375.84491713607787,0.30704424991586166
351.12078699584134,-0.3671292620310851
351.12078699584134,0.38506582604190953
342.65784015488845,-0.18935389344233045
341.7428616488773,0.1683475617642216
344.468798151028,0.05327515210342426
344.468798151028,0.6331321381094313
344.468798151028,0.5301386669900694
341.3528434948075,0.1478786741802196
325.93432884330434,-0.3617239019738463
325.93432884330434,0.22419590672950562
334.6213026495201,0.1967664643009357
335.49595133518096,-0.13433528894631763
335.49595133518096,0.20636507381436786
323.1696326739595,0.18428313988192713
351.1731138680862,-0.1275027230788055
337.4184055479737,-0.1436426046896031
364.0756778407435,0.4187150385089353
353.79270828339395,0.04798448331143845
366.96938541784874,0.037039345926586975
366.96938541784874,0.1867917749825665
368.2029877146275,-0.051087134791259814
384.9558336006784,0.18469578876067771
357.6397486719874,-0.4278029780050474
361.84453755699406,0.18926110279289787
357.5481571994691,-0.18957660624903383
350.7029655773095,-0.7498388085770102
375.65827683795607,0.4552097158359629
373.0531031020406,-0.11547242693893622
366.05285607713853,-0.054636603437302256
361.5283192728966,0.3575529584627475
340.16578439004326,-0.5605956368731313
341.1528343440777,-0.05491475528720002
332.6489711338181,-0.0711584494536055
332.6489711338181,0.6123301925408668
335.6917626080747,0.2824405660605862
336.55978839507355,-0.0975595069312476
344.6480505606767,0.36096678303442786
354.61122532522637,0.19812771692761544
337.11074024132915,-0.1499646474162546
329.78120118966325,-0.06376376485468427
344.7125644784386,0.26472533872117765
359.4226898010644,-0.04834849222470439
340.94127360191305,0.12890317215124014
342.1233842006165,-0.06184997542459314
352.41296435485447,-0.10345327259710757
359.39401367437404,0.27640032988733765
346.5493097743721,-0.258303874031526
346.5493097743721,0.2486631731774196
346.08119054179525,-0.02595252586741026
364.8562157301553,-0.03643672627390515
362.6627189402165,-0.16754637984331566
362.6627189402165,0.7328761822614069
364.95864307910625,0.22313486818393358
355.94613480802946,-0.15577904166502776
340.3787017006952,-0.23887620812581645
340.3787017006952,0.09353974034763723
333.3522893502669,-0.29812987253899337
333.3522893502669,0.8267524069517549
333.3522893502669,0.04680343126403841
349.7033188378771,0.31157050829028776
349.7033188378771,0.5100792381418842
362.9743016720096,0.2056486354789513
341.3905698269292,-0.6534770100017795
336.0687627448516,-0.03532547329916724
336.0687627448516,0.5164426063195151
355.5318473983184,0.1132182080664279
318.35728912074853,-0.6686524091453521
368.1113017120927,0.8408560851191851
369.35750029441596,-0.052919354462005685
360.99404858375067,0.009647067516425523
352.07341042777654,0.06208444937578861
352.07341042777654,0.19292964114606548
352.07341042777654,0.16558827784251662
335.75957876274293,-0.40306736124273357
335.75957876274293,0.6965966313409808
334.69380765093564,0.15568828674440738
345.2788964058815,0.32055664244717264
375.34366827125126,0.45822574254350457
317.5313574750635,-0.6116621352159655
356.371017782424,0.45470819604975077
392.32796943693467,0.5428781967693794
392.32796943693467,0.15405450461810233
386.717576736108,-0.45743051007366375
400.7425700364162,0.03242771839427405
346.4734071427604,-0.35879022624556
385.00050947134133,0.13550668786399456
369.7990709329049,-0.15707073629630486
369.7990709329049,0.18183540788947994
366.32830062839304,0.11081331973070974
399.0136246415555,-0.19302851725421988
428.1410024631448,0.5169312291427559
426.406206488825,-0.13912414887863633
406.2507754830966,-0.01519896930426512
360.9684562456902,-0.6525805773408138
353.04993855998663,-0.12791675979246975
359.3079499240134,0.02267045899452569
338.51153421144153,-0.15350465910671574
327.4461825775303,-0.31295637860239367
345.830449210533,0.14522034896799596
361.68781521551085,0.3390851939066124
344.9759247887654,-0.03828093833158164
353.0530536952977,-0.1694374227647586
347.8913451706054,0.03782993009826896
367.88124445379043,-0.14919092526213262
380.3636817399945,0.11963413837156622
380.3636817399945,0.17513207836896072
380.3636817399945,0.17180891723864988
353.10370110753735,0.08058087461733976
349.06392536897005,-0.5625940268921568
359.19082217726384,0.025775318199634967
359.19082217726384,0.8554037626653326
364.9014152037038,0.5337485198733702
371.11311227357703,-0.04548816137207723
359.37426367764607,-0.08372734969759676
351.4549782669106,-0.2887652746760523
351.4549782669106,0.3609426053274092
350.3224375594718,-0.15911495771933915
357.8289933747487,-0.27658183298001404
329.0065719321905,-0.06565242735064203
329.0065719321905,0.14230724320532318
337.8701624328283,0.1459790248363788
349.66812758396344,-0.027097866820895433
355.7744131655724,0.18483317979234926
348.647605374389,-0.022843989036118728
318.2907952287054,-0.6262925852283843
318.2907952287054,0.6923213541433597
318.2907952287054,0.6429352082021751
318.2907952287054,0.907211449438023
318.2907952287054,0.5899081722463961
318.2907952287054,0.2971807841768168
356.13316301915415,0.4031664725205246
337.4980313329447,-0.1339443413041863
337.4980313329447,0.4131148865112664
355.65928064310964,0.3330303251644864
375.1003613873075,0.4915089013142051
350.8118211015727,-0.35915101509931446
392.0288913182917,0.46720718993049104
372.37467851055817,-0.3476140366585696
383.9308298497784,0.2393887514809876
355.8285960161289,-0.2503606921255823
354.03225487071785,0.2516401406664954
381.6336703408784,0.029305693675155453
363.0053865010751,-0.35582712669508965
312.85770435853937,-0.37961296628088803
297.60931239802153,-0.14843788814880554
307.3067945826423,0.10447024935740501
307.3067945826423,0.7336995267501152
307.3067945826423,0.28217250320983567
320.3427285479433,0.30736387977731283
348.9023353627671,0.09109941117674225
329.7761994432352,-0.08969023225290584
304.9530632742921,-0.19205294398079786
292.4322844529892,-0.3341287341336283
292.4322844529892,0.41251159949752036
306.6613247197855,0.1727731863545614
306.6613247197855,0.5943958017591058
359.56652752999463,0.8400326788341772
321.3650818955503,-0.790620955325835
328.0522253526042,0.35093947212692456
331.74218995041264,-0.2578124470961711
311.88128146883207,0.13809729792330927
311.88128146883207,0.3636615036633657
311.88128146883207,0.5498511868623837
348.10267744900807,0.050806849015543776
347.1441929486939,0.3158970855863572
347.1441929486939,0.39185731007364666
344.3710014613184,0.08405019676331449
331.1460556891264,-0.4709533559735064
355.09562336250383,0.06938507092581858
355.09562336250383,0.12758131192288147
355.09562336250383,0.5871482230214724
367.3987072728187,0.4930367510866063
344.578509996612,-0.5606564772798492
324.7862013142112,0.18367252632049258
347.693578672167,0.11889052701656055
362.43721544772114,0.5845368807924842
387.43189177512795,0.442846355129177
372.8350513358294,-0.5086557185904894
369.4399933487922,-0.06933006851852497
351.55466995956556,0.06484026237785656
347.0047685522356,-0.03720382160202007
355.1881166515701,-0.14249836482292721
352.97227423404826,0.22593811612091486
352.97227423404826,0.1564697304524998
350.45628174822025,-0.09436232055429628
371.67194300918806,0.2321371844279838
398.51626492288983,0.3093885968480663
374.52656912339387,-0.14508065189204444
356.3482643392663,-0.37941837211189977
356.3482643392663,0.1809305676298436
346.9006135809257,0.011046629347674752
359.224916451629,-0.05414939825277543
359.224916451629,0.32286580673121534
377.14077947524873,0.3748031722666383
363.6444326346976,0.156194986094647
329.5295456215933,-0.46213157180932285
332.384731126562,-0.06738845216909795
328.71591398811546,-0.12421963731162577
328.71591398811546,0.6686729297268812
335.9598590356314,0.04111053424344391
334.04099212968987,0.24721959494468138
338.619650924021,0.16365159640815818
340.0528968504082,0.09556261383306719
345.6515195900365,-0.04200641730915322
330.313989030427,-0.22060141834219849
330.313989030427,0.16154264959470765
302.970521256799,0.44910790884409835
341.5990644618773,-0.21385905367822033
330.5701914180876,-0.14185445008968145
360.04338541575623,0.3359182249263313
368.53132847769956,-0.05777779947970885
399.57940137165815,0.34173621469517457
399.3818207451133,0.06630892459497773
378.11518837166005,0.12700315449797017
363.7277730527189,-0.5177321019459669
391.7219547202385,0.6168096651950918
365.03449468836635,-0.4930781611687962
377.74994310243767,-0.22827398737695148
338.8996302391697,-0.08678783394202583
338.8996302391697,0.41056764593190564
362.793892139684,-0.15030398425813019
342.26331748205314,0.009750438987794041
354.57144776814755,0.1457610069915063
341.2603678301931,-0.33547592901607004
356.88720796110147,0.10344408767264213
325.6948803429052,-0.22254945088184286
325.6948803429052,0.3174537419703256
332.49155758316084,0.053924467905062556
332.49155758316084,0.2295225801349261
349.99262861938837,0.2930080852240735
349.99262861938837,0.055668681866677616
316.70302433215,-0.22892377741561631
352.9693553810454,0.2992525609290624
329.69288306354497,-0.34124337815717354
325.2533175649813,0.13531645862667574
341.6908665205375,0.16912758967998798
364.2081355147342,-0.09128210529718217
383.5473076735679,0.3130958512452935
352.81376648389056,-0.11998659468463302
348.74700543025415,-0.3704273757592773
324.02029560344704,-0.21827440195022518
324.02029560344704,0.6694347835666576
349.69497756451494,0.40133120367647734
347.05011909385206,-0.022242220374891986
350.6001372839619,-0.12495953424138406
361.9579977390354,-0.06469035319491923
357.7580409905882,0.11069839806805248
353.44215835266994,-0.28747214379586694
353.44215835266994,0.5545777126254734
329.5587194429373,-0.18705626999496872
334.95778746260163,0.0032449716716200783
343.09831943821564,0.11836339587273415
312.68007302020567,-0.24667070636746757
310.5848786912649,0.01092873270738437
329.92389438213166,0.3837137898021865
352.1394305167594,0.23702521169684587
367.2271659117597,0.17896240522770768
375.3320570220816,0.023782934805922196
361.17880606213544,0.043537605985875416
372.83737431802933,0.37281847952192493
369.7934048889805,-0.6930554104836801
359.608001422393,0.06945767766546851
356.8320437646848,-0.2942776307818349
354.8725243074802,-0.172641471167708
328.44669100318725,-0.026936518801448983
326.7424207426691,0.006047427290127416
312.3426873050848,-0.14556247594327942
312.3426873050848,0.5000624877892506
310.1101351135886,0.20669431598207666
310.1101351135886,0.9319931257405187
352.17202735881875,0.31973927940885005
357.73610381478585,0.4669795368984069
325.55952801063296,-0.2573926121463046
356.0554700583126,0.40841388587728034
367.05448556144785,0.1029193851953778
343.7992967012691,-0.49644564248978895
357.8786199643653,0.03374665604656002
385.6920540033805,0.2348472558899175
370.0714811305384,0.0873915143827162
376.75052720063053,0.09208363712491519
351.8141056656742,-0.5565259644619118
348.2009622246204,0.2389711483551764
384.72365644282996,0.4217161369533642
348.61904759081574,-0.7922669076841657
338.5298438617677,-0.23461402024361178
363.7420383138106,0.5953650068809111
389.72048136986905,0.2276161831692889
331.4338984519626,-0.5050970186921404
356.85142169153767,0.07272836251922854
346.4166710660567,0.06504070232745107
353.4468470779976,0.08044932742404853
344.6904644576563,-0.13546085319421763
330.77516860376977,-0.2067959011083076
330.77516860376977,0.776515718532437
352.9638228454669,0.34592668092534495
357.5573723197732,-0.11474748057617035
369.36007316584215,0.16288504470480802
364.8803218872075,0.22132477923332772
369.6985967177817,-0.538777018547421
337.8401319753028,-0.16910499011430602
338.2782520725521,0.028296825348547827
346.90627895130723,0.018793481898455866
346.90627895130723,0.24128620824762947
357.3041687752009,-0.025055792450075387
364.53204922786296,0.07906110309340875
356.9442204302541,0.1355672204158509
342.03008967214726,-0.04098442313056694
334.7110267942316,-0.36822001647374236
334.7110267942316,0.2642177549671487
369.05298620403573,0.6463142975464962
359.63324690171686,-0.26641769028628914
351.57399526320467,-0.02043084182525945
347.8891732622022,0.17766955672709628
351.61085011797115,-0.019106200698956854
344.3916886808671,-0.1595156461012266
338.7708949287337,0.07577950040615633
368.65058957334895,0.16828802150064348
370.45250165956844,0.12394832729069094
374.85276593977454,-0.3889259060445056
386.6558529384214,0.3820896244268397
362.7367341253814,-0.2752760644495993
346.67247453904184,-0.39705684541957
362.4715143084237,-0.06286012253281115
336.53076446863247,-0.2653418123046549
336.53076446863247,0.5406077573435368
336.00939398093425,0.1639565813950412
359.0327608313873,0.038361946593113316
365.44754079930254,0.23425377237026623
365.06038339681555,-0.13108866825780296
326.44914979389984,-0.24328618967911098
359.1247823552898,0.32220346834128577
336.18219824776764,-0.3301710582529722
329.35831428186697,0.28775145239774247
340.3068462604354,-0.24431542769934822
342.0647459460315,0.2537563082953511
357.0515634762658,0.5800619233752968
348.9704206992524,-0.34753761592924093
332.3848902301568,-0.22889170086625654
345.7584686063477,-0.13931186917966443
384.89069723395505,0.7590716671968494
386.18022832570796,0.0795639031812243
381.6322185098358,0.022048243241670207
393.4913239949454,0.14033941407956263
354.90305970432223,-0.37554216049852585
354.321347738986,-0.14107841937482135
384.0147475743516,0.40357275611063415
335.12342173280035,-0.4686511186798725
339.52157797976867,0.08788266650969945
338.709209124273,0.3185537559816112
339.32486917343573,0.018505946556388153
339.32486917343573,0.44106109356084744
345.39933916867125,0.31772106249172793
376.29030701208643,0.32487676855623704
376.6191664186212,0.43600100312312406
358.6365336812594,-0.6553070136092174
370.30947668984317,0.24253027478278
370.30947668984317,0.2391216900072095
355.65081471016344,-0.1099686327904692
374.6900369991947,-0.14010211389484084
355.0015403263183,-0.30421732661545775
357.5317672967549,0.3266954483869995
337.99165909083143,-0.3991857403100312
337.99165909083143,0.3368341737930223
367.87306366366454,0.18629735226795674
402.5949835011118,0.7147558333700772
365.3807117933865,-0.6294702358428594
354.9420758620918,-0.2790996589974384
354.9420758620918,0.48700542339418007
332.10482920697194,0.13077764218155608
331.0712389590167,-0.20028633832941978
331.0712389590167,0.43460826307989464
341.6789930784265,0.12078169783387693
319.8928588680742,0.20018089948644047
316.8229759857769,0.08425803884938432
328.60531170257275,0.1821087784962856
305.19555356012756,0.21068827024521397
313.2489282866777,-0.05946423739862894
330.7058268693693,0.35086949377944165
318.65260835486794,-0.403364133926857
342.1768756606473,0.14288218527917707
326.5983317453692,0.23277872384187503
311.2993357400644,-0.35399941900266185
336.14066196870584,0.126936847181355
354.99401978970945,0.22425709582319087
344.91030437687226,0.051902799425874946
357.28289017872436,-0.33451776917718234
332.20526046630283,-0.011139824622887318
305.3224098232181,-0.42756817015742854
305.3224098232181,1.0186383262910113
337.44848830599506,0.5177931642580234
336.72518705970043,0.2742640048861631
338.6793024561321,0.10442199681187958
320.05010902924954,-0.4068564614801744
336.3950647682213,0.2994321532619324
338.1375210741965,-0.16271073186157992
341.55473590390955,0.027510637024192874
341.55473590390955,0.5276054051568053
314.94432264186804,-0.1622119742172572
356.86219515096695,0.5885055924377411
352.567534056555,0.23371954144238316
341.157036462553,0.16353289276435135
352.057369743729,-0.07556998846359875
337.58589871234824,-0.2768130985555217
318.91133305893237,0.09345712980803
322.7310838725568,0.0693604946401365
322.7310838725568,0.578910246259511
320.6279200036613,0.02059550368096552
331.1504167045243,0.04057497721521486
332.2754054008861,-0.01991918755129518
307.6153057834544,0.012567372735929894
307.6153057834544,0.43023701893650923
321.7789294260712,0.14682853473777868
339.3595211841675,0.006912664081028197
314.5227973840831,-0.13333093964013187
322.17868720006373,0.19104039291789832
326.77362524265504,-0.10476058083099815
332.06112240302514,-0.36146818687541327
307.3585401403933,-0.008811712030137642
349.37808998032614,0.020605878107289755
309.88253312514064,-0.35099464351685583
303.8852895910536,0.44034438785740804
303.8852895910536,0.2831678977577212
329.0887942468733,0.2605757784801881
335.31765262887507,-0.0019162549366456005
333.29063211834875,0.25227121189652735
356.0147316567516,0.17818862286310377
361.2898956578499,-0.1659358082139306
351.43902800393755,0.05481884356674982
334.04374164143314,0.17289041813376116
353.06183913214454,-0.010668296328617544
353.0252298727587,0.0331370576190011
328.6602046295411,-0.5100450336648237
328.6602046295411,0.8608675279594991
334.06080039531076,0.37373438393728975
347.13577387920725,-0.018470997345616524
347.13577387920725,0.29953878905519105
363.22116503394335,-0.045645949258755536
347.1680702338241,-0.07667890278059986
358.3128169313118,0.17834277473264137
358.9405276667702,-0.19909028023676
345.7624634852427,0.07517594420039586
349.084351099555,0.2542938527997194
347.2766164020793,-0.31977293925001504
340.99419078248764,-0.16598865902597026
340.99419078248764,0.39915603251836274
344.0213533332048,0.08973855231670314
344.52928728463894,-0.2350571158827961
341.5707384989204,0.0002822556257342512
353.9698752380043,0.27210225647502284
353.9698752380043,0.27712920124326956
335.38065332525304,-0.07028523614144433
352.3596149825173,0.11590298828696177
336.59571073741074,-0.34890462163434677
348.47965371301717,0.29866590939195703
344.69087636810025,-0.49816629254962663
361.07467767379046,0.3814891282934241
349.14250048289654,-0.2701401070291922
364.24589378496313,0.12973624890298652
340.3632007809074,-0.28772023116641776
338.8997519119654,-0.2708802856075181
327.7625652645356,-0.1543393063681151
332.24426659347625,0.14211540616770435
366.5963428549158,0.1965703233036038
333.4021568240825,-0.16282210334043157
349.3414901235214,0.10732567442892105
342.2913125506996,-0.04772606520134559
335.26998408864085,0.17405148094553624
316.45641568578384,-0.3076986351876485
350.0389891130787,0.19424908800669982
354.97830650334697,-0.18199764214932657
350.14500099572206,-0.32411366333917613
350.14500099572206,0.603692410876306
351.565910968406,0.3494847881620444
342.1738235786138,-0.3620396964529391
353.63309213224056,0.12751710723728138
352.50645125319295,-0.04188727657253821
369.84352064610005,0.1450801875552088
366.1275932486679,0.1344423947210771
367.2224375017118,-0.18130707757927667
367.2224375017118,0.24905767195514272
367.2224375017118,0.5101720502717626
368.47278702425257,0.31034131278465793
363.98120431848264,-0.09989313602659422
345.0254452669657,-0.053053926764278
378.01754582227693,0.5362894450893236
374.04187304993064,-0.09999571474452296
401.5142403595796,0.324838283777126
400.1797797721886,-0.09990489112169598
379.7120835007564,-0.6221032965922859
334.8199307926203,-0.5080331817708839
358.8516924491056,0.2849414526878036
352.52413252982547,0.15582499936169825
383.318712437314,0.20768488497787985
348.803491309703,-0.4134817793684533
357.78169645123614,0.32168981695122056
358.30161466796926,-0.12927445414675276
346.00873652492254,-0.2453173206728252
346.00873652492254,0.28031906174794585
362.93268588968743,0.40577450266596315
387.8521361597194,0.4550677482480978
370.2745619097809,-0.343943181982695
366.7843019218952,0.03530820618766484
363.47385842516644,-0.21955354388364867
352.3113199495526,-0.11260331227913412
351.4066860932725,0.41694500823177805
355.6244656680875,-0.15431850677714465
323.44485803249427,-0.5600222575770886
314.72910113531304,0.15247948917021859
339.76465322683976,0.3343202726363188
353.5144831935643,0.19659664443031488
338.97868723553694,0.2320745136652249
327.10218281514835,-0.3730811195928254
319.66825669474014,-0.14407263930240788
325.78685735034975,0.15310310673453387
358.29045223129344,0.33957835821001936
342.29424314055325,-0.4392571499395217
362.7960091503939,0.502628718712117
361.24377435115736,0.3818787176776368
329.51526170767204,-0.17942067216824853
373.7037517141315,0.514548165884321
352.97764214341424,-0.14514719139515364
357.67696187077297,0.08053161736654602
365.7672371126567,-0.05240898303986796
365.7672371126567,0.3957501548361506
331.021840388265,-0.6716983472283573
335.3399311947467,-0.16720124994981234
335.3399311947467,0.6195173623297023
335.3399311947467,0.4958149841145314
335.3399311947467,0.6246075252929586
327.6709710998008,0.2974486160651395
327.6709710998008,0.7573246439600325
327.6709710998008,0.33394056694066876
357.3805946057348,0.5614024824330954
356.8760796614114,-0.05435526279131864
364.0274210984393,0.0043776907763231065
338.19190234800305,-0.4619459702489621
338.19190234800305,0.5448039390926169
338.19190234800305,0.5169832462531758
335.8630216324212,-0.05325245491576425
343.56355423710625,0.14961413158584946
357.2470408350859,0.01295891556492279
357.2470408350859,0.733269089957048
341.50349971450646,0.2860970047652245
353.6861234367537,0.04513767301045846
392.9377930700809,0.5471869033258372
361.6803704427436,-0.3854943013382126
356.71545819892236,-0.1917873041177245
356.71545819892236,0.12886376382698472
340.5616146615834,0.06988220428013392
340.5616146615834,0.2722001907543472
356.638047632599,-0.15422547716457302
385.50031294528316,0.24086288082787632
385.50031294528316,0.16735060824305492
385.50031294528316,0.37789125871381657
387.3246800712306,0.06373338675280138
340.77051201732814,-0.7937634583522595
341.39941771396985,-0.1575724931149125
368.3582311056835,0.37571177415929924
355.7683510414907,0.054848806501695435
363.4629100107214,-0.07369778718316411
380.7700502957248,0.1250170955838712
394.6568070654798,0.2271371081316147
352.64921626169854,-0.7120428966989039
357.26262680285913,0.456314993068645
354.92355002207756,-0.30527571658615216
357.07948066459824,-0.08455674618676312
311.50876133263444,-0.6454994057367003
336.41372753826454,0.38157345598426673
358.7967813717312,-0.0550907521778754
349.2413020451003,-0.08906750375581396
343.751637359208,-0.26588242492630343
363.8942573907746,0.36297788716979085
339.05240538496963,-0.36929232194961514
339.05240538496963,0.26042368677826744
347.64598307732797,0.2772594640312036
347.64598307732797,0.6756952700642387
343.8743367456227,-0.21770139238242336
351.77060838484624,-0.1790129945688932
368.2396590125975,0.071112479733074
376.84874927466825,0.061406573172348544
376.84874927466825,0.2135706961746564
376.2824817240734,0.4830063589317888
338.2921984524721,-0.5542448079597762
378.4773742411676,0.6254727349936502
362.76664444809603,-0.2611710005747909
361.7457404298982,0.09316637053075283
343.47295093446706,-0.0007610200207182061
339.3709407844803,-0.28662070281586693
347.35141615656823,0.1331322601603233
357.58280032157893,0.11667263701713182
368.03490892999093,0.14358854931947462
382.13940259288336,0.04413884517032329
375.6309017466757,0.2417452035823544
347.16454007920595,-0.5218640361780444
368.41016553133346,0.31858737742311405
363.8467908165207,-0.052519502244081195
385.28339111598916,0.2341017242686121
357.58128695686446,-0.33115613129962185
358.4269056364962,-0.2086232187988344
344.0186195746374,0.20151969455992003
330.6088217348087,-0.5573427893968983
349.7470489810435,-0.006414196279820317
343.0218834598551,-0.14728699802412848
377.72628871976883,0.15381302289551968
378.0252677316673,0.4642048646214789
381.71295769657814,-0.02088380982684157
345.39893119075634,-0.46919039719432476
345.39893119075634,0.3656620166433413
354.46503761853785,0.32491301406776074
357.8373841878269,-0.3068793497418483
379.6311587719963,0.6388971577267739
370.18263359813045,0.07529154818905681
381.37137151355284,-0.24340758891787573
381.37137151355284,0.3126860524245103
381.37137151355284,0.32681906754010015
379.90017452240386,0.07723553891059964
372.6131333781432,-0.031072762999883707
352.38908933565097,-0.6168418507271554
345.85227781037753,-0.015518692969749281
354.8619592340884,-0.03383978469014437
376.0188045885548,0.539227136746149
331.56118409940495,-0.4807191808741891
344.2867359555712,0.45160130624094563
331.6566100887139,-0.209078983112704
331.6566100887139,0.15273923694257974
331.4942736093688,0.06945647138479671
335.6733822024345,0.27365446898784285
325.4555873297775,-0.5324560694004958
304.73377730917815,-0.29009987204381105
320.24171407171343,-0.009105554945449512
338.4233925630858,-0.21499298536230071
359.25290210322675,-0.0377513661028388
359.25290210322675,0.7788536272082638
359.64262944332677,0.41867892327479694
363.60477517980297,-0.09094766530790821
366.085846548167,0.13253558304256785
398.9117980933018,0.5041570474824084
360.94704046738366,-0.13126592217838606
340.7594027587116,-0.35246783329500886
342.3201721323589,0.2436143101738253
360.5586394390998,0.3059965277421952
359.2042097282693,-0.23949809256373555
359.2042097282693,0.3304017012599161
361.09073529832114,-0.05380347487607651
347.1503503845432,-0.0766088313309865
347.3584918299154,-0.667980344237094
347.3584918299154,0.7674945589847084
360.4463224269509,0.4211808560353347
325.9274362413132,-0.5828893449578345
324.62803213761305,-0.016977051204889904
321.0741027809358,0.14692814076488503
349.1637131781798,0.3520947084055024
362.0796732672044,0.21082056418401862
381.5957632606957,0.3197840979983084
343.53857013242214,-0.5406865046094254
333.1308257595004,-0.11630184009891309
330.3369874425599,-0.16795128252863378
356.1342823272392,0.19862132485877737
325.19416260952755,0.002124295420571798
359.2400754086921,0.38802338331777264
396.1986065516118,0.2497364499640753
379.08461623453013,-0.1932475397043163
377.2002867463974,-0.24811320118510594
358.3982267242769,-0.30584450293724785
314.46608808746015,-0.7152353974414609
347.875555823229,0.5029038447278253
347.875555823229,0.41708202079189505
333.71608172730174,-0.3620540367066951
357.9261042142375,0.8139654806607268
361.8610234363237,0.1588781438829301
339.66390199213134,-0.43281103830486245
336.1828817029251,-0.06595525085572262
350.16971378118086,-0.040799875553034326
365.0400242217,0.4439954506134427
349.7487900197203,-0.24442136027982997
349.7487900197203,0.34657727816454553
369.26213859634726,0.4393096467902069
363.019582643183,0.04919727175195021
353.7522135791402,-0.07721780949168533
368.27815083441715,0.4049578862047838
356.67029889960014,0.18741081838834361
351.9793683243655,0.22981143451852404
331.92652894945934,-0.5916247403634998
331.92652894945934,0.643854822372532
318.1157142832958,0.1484093043801522
318.1157142832958,0.10158803285548856
323.19784998070367,0.21401941301655825
323.7892057867209,0.1899704696045319
313.6242249423968,-0.151905258403076
313.6242249423968,0.3694660928495068
332.8212609905747,-0.20498758823180196
339.75197081483793,0.183044048495276
367.7032177287239,0.4292506021142799
369.93972895571477,-0.3692624271277509
351.5529554317312,0.08801216009965174
365.3748258477074,0.19590213304059034
360.8139898511641,0.02875135250360472
325.1317639496857,-0.521668102433182
351.750537924965,0.05843825554200066
359.11715656427816,0.46205525795232916
378.2962973094953,0.08620715566553372
383.3911894614355,-0.030248630170945034
342.7542506083981,-0.27525397316787803
336.5312616821425,-0.01316526810137475
321.0522735171091,-0.13657276235585414
309.5859391196844,-0.3537774704579988
322.89866282583756,0.3379493772142723
340.7966558930782,0.15307503876658757
380.7033923836554,0.19525145962018087
376.92864423632227,0.28829254112270064
374.83717373722635,0.238813853246711
368.3464436437588,-0.20416038985797513
368.3464436437588,0.5010165417999133
374.9498994922713,0.16269354752728304
349.89920979027414,-0.32237008977995174
329.5582002889238,-0.09224025781020373
362.81739292463556,0.2361303008606228
349.3886123131337,-0.33133223078675655
381.2032289811657,0.3969557284202665
398.9311069114201,0.41061323943324624
397.14720845893436,-0.10055625151312597
354.58629161948926,-0.5237337601984109
349.68236677109735,-0.14783436382617765
349.68236677109735,0.6898337419285099
349.68236677109735,0.22698663016240062
383.2872046024552,0.5375805667264331
373.40791017118033,-0.01734493730077702
342.1127552869814,-0.27402647910275846
361.0289113633853,0.23424764136507292
361.0289113633853,0.13365929757969752
346.92369386913487,-0.003148653500261389
334.24294978616484,-0.12922731868911796
364.9542719452432,0.21715446214170697
357.06491675768444,-0.006642589409921129
368.7786844661338,0.5928553255491806
345.3295591430645,-0.024345815847254926
356.06362117094403,-0.21112234744316538
366.493386800426,-0.5034382077491273
329.2885576008062,-0.1690668944590925
325.2010697862052,0.01114487224538152
325.2010697862052,0.7080012037681627
330.7515862637239,0.1345078864444531
337.32273573252854,0.36514173715670495
343.9916919133,-0.3199288349009066
371.94961955990436,0.7278088065986594
392.8018261466258,-0.13712710114964466
406.2711940715473,0.019869318551400283
353.5989110170433,-0.5207413638324851
353.5989110170433,0.6575549003164269
364.5500630671906,-0.2516832963056004
322.7769803206708,-0.5849485265030125
343.15149416973657,0.2894151279609787
365.23181591473315,0.04848437677344464
350.6601410063949,-0.100805538850409
347.33433785513455,-0.22714679754756162
347.33433785513455,0.507764351875494
365.5389739892082,0.2952944327867044
362.6488461379236,-0.08453823870195265
362.6488461379236,0.02084231655089752
328.1591235537007,-0.15022715997793057
327.0493228536572,-0.03665931445721071
327.0493228536572,0.20809594748425297
338.0904303644958,0.11663888248904186
353.6163963684673,0.26664702706125354
356.532579363963,-0.1457292545387645
352.9706817059445,0.09525809852470957
361.39063832961637,-0.11044048984672372
375.35461658140724,0.015583870565023972
375.35461658140724,0.5477746822593872
347.60138798642794,-0.23831887706137422
334.08366097269385,-0.2866492408031718
352.66270340244046,0.36331537212652165
335.9964554199233,-0.20565094002154183
354.84804619500585,0.2008760456234313
344.0775617706745,-0.3005907793699407
349.6194618625427,0.15813472026479758
349.6194618625427,0.5842689513530104
355.5655130189047,0.5209997034320395
361.94239895985686,-0.014170933842592603
361.82901265078937,0.26419930803513125
359.0214586463524,-0.24481159630954608
344.3465823289986,-0.31024534298762774
344.3465823289986,0.28102414498494
344.3465823289986,0.4088660858739104
350.82210427796815,0.215138108120982
325.8599560785669,0.27346588982447884
350.28019934751273,0.2447851451901215
356.9841361083847,0.049433470836220295
374.2566691701059,0.043417369143753604
360.0597232899822,-0.32626915655441735
406.18498143209536,0.0020404893577961047
368.22590656504616,-0.5980594896120692
370.23858258631793,-0.1316417878683751
344.9709017460131,-0.06665207338983237
336.5864167413055,-0.14870882326795254
370.38688198648657,0.4177019522525143
359.04564144669604,0.22625490396740133
333.68422102852276,-0.45062648688349327
364.91779667474066,0.06544350225738071
365.8991656517407,0.14448577833911713
350.7463641433559,-0.2795015801248155
339.27408277434216,0.05480486723774902
348.18609648334865,-0.07766296590716593
311.49627927606485,-0.17013601495591502
325.62884768325796,-0.020892736581117788
325.62884768325796,0.3671345688127303
337.0302774172564,-0.05436053937808083
345.8645123580608,0.14721392014564572
349.9089415997224,0.5648875904535089
345.9938424526818,-0.13679791863137325
345.9938424526818,0.5674326333034969
369.37085831045215,0.6547936058616415
349.42257480093383,-0.40110700437037394
368.3419425162387,0.14334204994702304
332.9278866612139,-0.40415289468501214
313.5460013782513,-0.25914911216489145
336.84409266018736,0.5844923403046778
338.38344021921074,0.2233798682411816
328.0755463121921,-0.2431875066995417
329.5912050262071,-0.12236546302506213
325.15428116796664,0.19483866400764782
330.17532965553033,-0.13628004337715538
322.44903322596235,0.2068766098946071
321.5530000447452,0.216336657598049
356.95253710087866,0.6244088356185102
367.54691251014384,0.09976575846962987
358.70884048882385,-0.32761025065224203
358.70884048882385,0.7276470996148419
354.5169128931805,0.32859767979186927
362.5578912172665,-0.3566974092586861
372.19163467690333,-0.012954980744552813
366.7129558418129,-0.2893233907150261
374.885147194782,0.08699036324651388
396.006315010527,0.5251282261765482
405.30315062043036,0.1252382218681305
415.58799574640676,0.38283690440164264
419.3674514362243,0.08787385670279946
407.3367583041543,0.08505076044582438
378.46495968287417,-0.5994766827529929
372.2607381518614,0.09283076424458159
372.2607381518614,0.16356312086168145
334.65554664497137,-0.5885064071378565
333.5341862045708,0.3281964940265425
314.6883397142848,-0.6252250698979651
325.16343115689244,0.32684752000602657
359.1357621823758,0.4757515864010884
360.8483607316695,-0.08590989218055256
349.7470708800105,-0.679891901886549
344.1974265831581,-0.36709344092503216
343.7394129598517,-0.0235790159648559
343.7394129598517,0.46099957356932464
366.16100618899617,0.27212293118191155
344.5150886577459,-0.221168062253696
365.04535291743446,0.3256965408357928
370.02720917597185,-0.1785141801675536
370.02720917597185,0.6649498606063844
348.9929249539551,-0.057736736996616855
357.86432013840897,0.3183416516054649
347.1847752515859,-0.10037393981588139
347.1847752515859,0.08049174801692516
352.07328313935943,0.0445909944324967
352.07328313935943,0.43053248100306973
335.02757799146167,-0.21476857783841297
336.2833014584016,-0.38115447556128856
331.15125600107535,0.08019183595195045
330.73297766912475,-0.40405410580774515
330.73297766912475,0.3350279153049769
347.9371587778457,0.35046724848632493
334.9601306585033,-0.2529591306999919
356.02705154352776,0.2706470100565639
370.4602459526963,0.19538408960465858
381.89393398765816,0.12700561482620287
388.662271674366,-0.03433954221213753
387.7987491686033,-0.17351483855759398
370.0329394244445,0.011808588453391167
320.64063458467496,-0.436618628716019
360.9931387859667,0.09247696675970474
357.5041176876314,0.008393875900992498
385.02855137554394,0.4151256091679443
367.9840057777986,-0.2786989158104234
355.07872466355894,-0.12410559981799452
338.3988747141606,-0.2651261902526585
358.8248221939956,0.5671237332396686
356.35009087428057,-0.037944763624295774
376.84298071091985,0.010142369670802509
376.84298071091985,0.054002782883912914
377.82885912059976,0.4513807979764124
356.420666053688,-0.14156854860584644
373.44973660671207,0.43354754514791694
352.0934638132087,-0.02612403963428278
370.56592137723413,-0.0120749093489394
353.8310026714144,0.09131462141783686
369.4653739164177,-0.14825316443170777
369.4653739164177,0.6101061271236858
389.2157208533644,0.4637059921517448
360.43908780786984,-0.133065943597785
355.6270218494721,-0.26160419379880295
355.6270218494721,0.43629141302926655
369.37950088924015,0.1301245725995841
369.94869873262684,0.06587556822819352
392.0495092384713,0.30038824286998533
383.7680145645434,0.02788458308407371
345.66336549388694,-0.3380621052775723
337.7655201322829,0.022805064653994123
317.0078383035632,-0.21364033834606744
331.20450873994776,0.2583077065191901
344.5908920766859,0.3646217881951088
349.51444988146216,-0.22506330629153126
348.6440034277728,-0.19330903085688078
350.03696194197465,0.09154095594931277
366.4256685792495,0.545783599064066
366.4256685792495,0.1680509567778472
352.0859231507551,0.010661787652907151
352.0859231507551,0.14141142831851994
350.94890524439325,0.059291586471999835
362.0311133378239,0.06452059194259618
349.67463658816536,-0.2942088816953401
328.1255309498502,-0.47220867194596394
341.2116794327553,0.11664252259174646
364.2631695691408,0.1529026073209252
355.16706879080476,-0.17459492529098952
365.9590706065081,0.3843683764225716
345.468148824099,-0.07087406386847306
340.60365160541096,-0.1186732423666399
356.2701700360875,0.11780880841729413
347.89255377583487,0.04973108248634617
341.0018505243266,-0.06841610422554822
340.14446081279317,-0.2668116883946823
340.62556460298356,0.158878921648693
340.62556460298356,0.15173510029592308
336.3924383415693,-0.16876286665365114
358.7693626496102,0.18960527037586417
327.2748202590144,-0.5693999902168798
324.8696079114288,-0.255213916127218
308.8744165101517,-0.040986368074413804
308.8744165101517,0.20830499821431658
310.4720786633796,0.1468953798257644
310.4720786633796,0.8778000996044284
322.1851821645076,0.16919481344484666
350.39329419437996,-0.02869715353836
329.7613052895106,0.1268664607722485
298.81387441877047,-0.22258079541620646
298.81387441877047,0.45256326397066005
331.0514339664136,0.11137381629873744
317.6325578761483,-0.22542656110920234
325.9917215163721,-0.2771981041564686
338.4119316922053,-0.09536679658231151
324.95801737868516,-0.25291003818881563
324.95801737868516,0.6259433916703756
346.25373957380344,0.5225827515711217
322.53394639391644,-0.3699182466007187
347.6003122931858,0.24130983157419905
356.9355615819716,-0.0035286053108620763
341.6071913267542,0.0955249234485791
318.9254637773235,-0.4187498901803792
322.9620220393507,0.21559243732974664
352.8495269786835,0.004667338849799307
314.5542330822188,-0.18948405432990967
332.8976640083428,-0.00512769842941907
326.53147737092905,0.037581805685476866
301.8141085164815,-0.2259847177526808
319.5439333223553,0.2564292670697341
327.69876714557313,-0.22888716875422688
327.027965836875,0.12450941038480323
319.78838245350374,0.0702217768312039
331.65330823349404,0.23180644114017923
348.57512849816135,0.1658883195642602
331.5552286302315,-0.29276079966246016
350.8580345123643,0.3148929958441613
339.1115507472366,-0.08972750812904451
375.299971336804,0.48501714577651
346.8691300188893,-0.397728200427764
353.6531384338404,0.04170291282321159
358.86282416493094,-0.02979129358004684
338.56726184753904,0.027081363705519834
338.56726184753904,0.46150394674123163
340.3762752965369,0.3195981122046305
316.9334540434091,-0.07207011038872224
317.8379876892318,0.19999350142268213
339.1110966441568,0.34490824489682836
330.0855509444564,-0.1814145038594006
346.5191315664418,0.30916947449725285
344.32471971232945,0.11539973852825369
340.4448081956469,-0.446223614978976
377.42789482045134,0.10635752888470051
377.42789482045134,0.3292387435777755
367.2120978428234,0.40175257192322533
320.04153807787054,-0.6564961456009542
320.04153807787054,0.27951672805602357
355.0025006903917,0.6299159934454792
316.68785383966076,-0.8086267209484959
353.665925739547,0.47376846605652645
333.2600394690552,-0.2797343810378834
314.937322449198,0.13595571901419135
314.937322449198,0.9164722051220906
325.5966831731633,0.1108924752228404
297.83505528479134,-0.31526312509117815
311.0873263519734,-0.039113186335725914
315.54364584226005,-0.027502904884386226
320.4697013311466,-0.06424933217738271
320.4697013311466,0.4966008753360711
341.94047363239474,-0.02434029100800217
319.418929875401,-0.14145595002105438
322.63389664488676,0.2915258605494273
302.878658942465,-0.3517377001069235
306.25933753398806,-0.001173354094134993
306.25933753398806,0.32389498810903206
293.7273397487611,-0.21699523577854052
329.51030357251074,0.3933750236586775
347.2648420285875,0.09064189270748102
380.0782212342377,0.2965616429604552
384.18896121181194,-0.07428248535734383
344.9052436870834,-0.39919987715097704
319.07781429903594,-0.2872472117240932
317.8428935970312,0.016042317748429014
326.5466848183092,0.15821862794393837
324.6021351031641,0.10956125573898134
324.24555476634777,-0.22819868359385964
324.24555476634777,0.3129008597165921
336.928648473064,-0.04620508181506011
336.22521123014195,0.005140653696116715
334.8563616714287,0.11710389709537594
374.59523211941325,0.5070115637814752
351.2438213478697,-0.3219230216922142
327.6995462193421,-0.1333954434558109
330.66316823217574,-0.41377041213843313
324.350456540766,0.14779556495386714
332.3692249641,0.18099010230639578
294.46339128338855,-0.4563682430010658
338.0458024526547,0.3849411437128083
350.22701373440975,0.20751892752582535
329.0889428518783,-0.14923807117213528
372.02657348565435,0.2715197719621756
379.64847821310696,0.2303260493434891
380.7648918401049,0.10421348854447388
375.4071033317607,0.024136292033176687
368.53403474882685,0.420556362092384
345.9387670043187,-0.5601928329110706
352.3226173652047,-0.3407735485889134
352.3226173652047,0.39395099824605495
376.9731131685753,0.8146141084811234
358.0197875044735,-0.17466484155772832
357.4529053847949,-0.00046669921812281245
346.43627860534946,-0.4278989772926707
347.1492574070922,-0.1742120271277372
398.54149513577886,0.7802258708453564
377.2862747711955,-0.30601458666535564
371.5609907620547,-0.37044585632372673
341.70227502573874,-0.3336787140964361
369.12587710996,0.2343120088755768
355.7249720903321,-0.0629371958931415
358.91240982982157,-0.19034699742564953
358.91240982982157,0.3061881454700597
342.2409014315041,0.04106034533469938
331.434030211804,-0.1638294613509288
351.59173454753096,-0.12529144452219043
336.18871484060105,0.12219261634743361
325.52041771486057,-0.04732574725494487
307.5207864025533,-0.09147833406223072
333.5036572963582,0.07246307862897083
352.2869670710939,0.06994908785941334
352.2869670710939,0.21752771849298824
341.61303214031835,0.04685207851764517
350.196815498539,0.052333039272639326
360.61854457280265,0.06564877618598075
355.42833295448855,0.15978231947201493
355.42833295448855,0.3913615038916305
357.06698784111506,-0.08995972740933667
342.57785471875064,-0.3376009509737514
358.88975697249396,0.11627202870636211
366.21320184459665,0.20243689236838236
334.97823994807766,-0.5464461219780787
345.52832006549863,-0.2060120493993054
345.52832006549863,0.2701467236439612
322.8162353010773,0.012527287341754345
347.0083120875834,-0.018730206015902695
333.0869490131551,-0.3047039650496117
333.0869490131551,0.5181547773670445
367.34730173491516,0.688213215154633
362.73749675873984,-0.04941044190320554
335.0473783122469,-0.4114742396741349
324.5423790975192,0.07162391024780845
326.1162926684049,0.11859874999436215
300.32256166469034,-0.7278976799973407
325.68377354312804,0.14508854226858148
332.4002287384846,0.7732040777960947
348.06255066349706,0.08440629643644115
335.2465107311342,-0.32758295522785374
337.9712755559684,0.11778793739711091
333.47831613469555,-0.22024764548677922
353.50767101244213,0.4895671558564345
337.0726991595434,-0.17297308750710272
354.9748019638465,0.1623047934748456
354.1643757581017,0.2605183159078024
373.79062540963304,0.02637872917398454
369.0943804310888,0.023389284688278167
347.7078064790289,-0.10820119741492817
369.0907079187124,0.3396775175185667
364.2052496528819,-0.08120227997244456
337.1543952452764,-0.18209944293937497
351.02741527995295,0.009514440222460507
360.4562816433279,0.2061171923232905
358.91823306912767,-0.32469025648174465
368.07002799313454,0.03921105773508771
381.02543805377934,0.11069872202494935
355.4965785744492,-0.23999133276061002
378.6120513620124,0.45232104905289816
397.58823750529297,0.44481147571775637
382.3883109388689,0.10498655053049788
360.6219224618361,-0.511646043528799
355.00300035473265,0.20869881446333238
355.00300035473265,0.30708984370482995
348.05193728522323,-0.08133341587938503
367.56235724413324,0.08745397524216969
387.3888517444824,0.193019201835682
342.438103014446,-0.5134918744024617
366.18207341039675,0.5465348856180299
347.12067766085454,-0.21194250838061635
361.35186830920463,0.1382330221125585
359.682919378354,-0.1910063758036813
363.59087857044835,0.4097682124649964
378.70053879825895,0.0014270812625909457
405.3896100590703,0.38775906556702466
367.4825685581623,-0.6156467159183876
360.28030933592146,-0.4285042575688749
410.90816302379267,0.7813493760761503
410.90816302379267,0.16979269926252982
410.90816302379267,0.3597429079129597
376.10769580798353,-0.7282965448403047
391.24065121763715,0.1575627946320992
404.2961902604548,0.5078944426976477
381.4274525744363,-0.17825135577083984
354.11007398452915,-0.21134030129258008
365.3307694286861,-0.23327695338025478
327.3891037894553,-0.19447224543046104
358.9109086861029,0.6523391883697514
345.89639153737016,-0.5457863761203043
352.4952861021505,0.08525903494955855
348.2364673361554,0.09912200868814125
344.8694084334815,0.11164769591164259
352.8098556507516,0.006691233927540452
347.9755007471069,0.08158143091316106
334.33582790716184,0.029453951539153422
317.67762650072433,-0.44340324646145746
313.0496832441826,-0.011405764897517656
354.74534040219453,0.8034590178762073
356.4943768442315,0.5193800265703885
347.2403017049636,-0.41563664008185697
334.89850567640286,-0.5405135626006086
334.89850567640286,0.2844664455711836
360.7546278976518,0.6814878001924853
333.9720530269179,-0.3743893132275389
331.62575733518537,-0.027958786133694957
333.3595256069033,-0.28728920688172366
333.3595256069033,0.3318936366198386
310.60869742194916,-0.24638648399889007
310.60869742194916,0.6039211623494793
310.60869742194916,0.9060098309813611
328.1460202986589,0.3898689530316233
340.4925068146459,-0.24994108630585288
367.22057549495,0.03873656397274772
355.0447043540434,-0.26609268231186434
358.45393088271584,0.1102263075040355
344.19117896593946,0.03847737412434071
346.3420396117275,0.03358561274023941
331.09432471921764,-0.09850246122005046
377.9140898411777,0.5250892905785349
374.1837461507572,0.15231769052525124
384.27386283413614,-0.035662611728980664
356.15774090920576,-0.07110463083529339
356.15774090920576,0.39128557607932635
352.35958706117015,0.024704800906647506
341.39372087899375,-0.24620656343472547
348.9363509532897,0.03943358807873665
344.0271430328422,-0.053343129790391686
375.8497462682656,0.3748223181552248
338.7142623264282,-0.34470678546517775
316.7179711447596,-0.29834587038328664
333.19968828677145,0.23216870653266142
340.4363326784369,-0.015559752600324828
338.1743934532903,-0.16714260120966173
341.47798707085263,0.5388276555186167
341.47798707085263,0.6167891674077737
351.94714442954563,0.3408846103700398
327.9997407311885,-0.5451820332355055
327.9997407311885,0.7399059613808276
323.447716995217,-0.07918570264496338
369.1364692296682,0.5341056342081174
375.84596220156993,0.32105228537989206
372.67411646513443,0.058190209312101615
357.1267406916095,-0.4444280199451214
341.6523648475872,0.04593585352233731
355.19501490143784,-0.09720480563976253
349.90199142476376,0.20959333460950802
349.90199142476376,0.08911434614969949
347.2853054132047,-0.16687535512551221
334.75751237188837,0.0347464289097843
345.3057602514139,0.08775611823023155
345.6899758386396,0.13017362420498557
359.3123901686559,-0.12455628855968826
352.57277566844584,-0.08686283949748486
359.28648876497647,0.19276889289869814
349.178329790494,-0.5525038132914233
377.58608326634317,0.6856630526066283
390.48414824397065,0.03669156462967749
386.6571099100931,-0.1707455929806656
367.6652714347039,0.010172809824780416
352.5102483895808,-0.2011989688973017
377.2443502404307,0.3124296063433576
375.69766035976505,-0.059856463387632175
350.5329064866153,-0.5863204187080555
350.5329064866153,0.22370685634484744
350.5329064866153,0.6099263157493624
361.278626142729,0.08733147765860849
345.56345291929097,-0.15243116939006995
350.89279362914743,-0.03205136051269619
378.045514245203,0.6862923594690074
389.7730671907714,0.10434388675355422
373.2787752484099,-0.5770780462214589
372.1842381697918,0.004791806939351773
379.39715196152844,-0.4265403823762881
372.3143152985644,0.17120022567758042
372.3143152985644,0.3855202294090532
344.33318876291395,-0.42515124777355595
358.3151808317425,0.3171037486889645
358.76506390394286,-0.07821892070342074
338.78941132336746,-0.2923248439622057
329.096161598872,-0.12979835808505413
352.2738765965879,-0.009300711948867502
352.2738765965879,0.2789963900152088
349.13670084691756,0.06133065098924817
369.07987855530376,0.1951159937208331
350.43819198903446,-0.3678041187956751
362.60946806922357,0.36644933264710744
346.6783827273618,-0.2565681005988836
360.5752627515632,0.38183071221783393
371.7172832376671,0.14606931122580136
383.2241417742856,-0.07828326524236218
377.2192231087205,0.10294944945678708
394.23117436140893,0.07250147007812302
393.0660491483082,0.10913801590311323
392.5943178539136,-0.4116274320517732
393.3301229105221,0.08302798049203375
363.6246001196054,-0.25398160916881807
331.3008551676532,-0.6575933682404411
362.13709208213135,0.5154512226429233
362.13709208213135,0.1784556292633397
314.72064030735845,-0.19742145521729526
325.64002256447293,0.24625080593989424
327.71084583351194,-0.3425038065562376
327.71084583351194,0.8564704367461218
346.42855704889223,0.1565447805619442
347.1725462471281,-0.13945323913230823
327.84105644141295,0.2099279850435778
335.95088928613796,-0.35012651842885134
351.99432201003947,0.35384146929391136
360.12496682258023,0.34772806004934864
338.0121824122857,-0.23567861941603496
358.2563831718042,0.38159135742932904
358.5182393000414,-0.2783176397316538
387.7644061298364,0.31428066754460815
346.14805829953536,-0.45501939406312886
357.0019801832866,0.10317638963147147
334.293776742045,-0.628705536495545
333.3557353113793,-0.050202325867985564
335.7798095428966,0.1457174182135077
345.4424291512756,-0.11623976915768708
343.73263603747876,0.10233378394741521
371.35830902672586,0.5089089177698725
355.33194356579753,-0.25420504691624046
353.53353443774773,-0.044338223433669555
364.43799786735025,0.35010782445226596
364.43799786735025,0.13494996483905197
359.2645613079906,-0.31190701746140803
354.77412900245696,0.4352978071783582
360.1933842362593,-0.10291556814013347
350.1972340588538,0.08919533838798088
350.1972340588538,0.40208580229727886
333.9204554621714,0.13369135359448592
348.60855741025193,0.37428009188806755
329.7037044669618,-0.45425217668423556
369.3296667376353,0.4339295453869454
363.37746916506603,0.06479119013226864
364.13346425053277,0.40978048950387347
337.07184419993206,-0.5644918257523841
380.4172021128512,0.0944376356256953
378.6062274164429,-0.21056376258411547
379.7115994107877,0.05624985278245731
368.0571760058169,-0.25073964726573195
396.83548724452766,0.21906366776534014
387.8134199141155,-0.03442885511105942
414.88788273585004,0.048317573078747955
404.77586483759313,0.3628400253878681
357.2282198409726,-0.6678661415687657
340.98444987378326,-0.1835634686915455
338.94475687960346,0.059950945984155624
365.42858691186575,0.5514531444013073
368.01554487128146,0.08817279596166827
342.0441255251768,-0.7217805070383747
354.8345286398063,0.37437596843381016
377.5349660601551,0.34228828230016006
367.3913643234425,-0.3589007566199598
350.4667180144901,-0.8458000558332515
340.1008700743381,-0.11017038164584392
329.4992667509897,0.198838904780132
334.1896499071068,-0.17279734839473804
362.2753713098379,0.17606390572370856
356.71757158678435,0.24179635345683437
345.04278237525244,-0.44478192642679915
350.23036256859444,0.4164564505765611
355.2280718717342,-0.304380054080184
362.64845997605437,-0.05878672200162782
345.3147186514446,-0.15517146499962564
334.9887010566148,-0.23428494888776186
343.28642412230664,0.1678909280623202
358.0241822150946,0.2819649404698339
372.59551125660573,0.2358977223614147
338.9365007107092,-0.28291785217004417
371.1730319560924,0.2882225601167647
340.7473120715589,-0.40284522463196026
340.7473120715589,0.4080498391724632
356.8516428399076,0.16108938921252047
362.6872253571887,-0.04434142722550405
362.6872253571887,0.34487299597594756
364.9072917087565,0.007709849364687216
352.0641637096603,0.10618569917073728
338.97673682548776,-0.48413672630567817
359.8155442682714,0.3462662958315832
359.23359712709544,-0.08426873737903406
378.779376046364,0.029551158653816856
358.4072441658458,-0.11954078533585744
332.9563564433264,-0.19184917010181834
350.88479660613416,0.036942888303428845
349.11241917924525,0.24670669631836972
353.83033936830435,-0.03980983756969181
339.35141148622915,-0.20000030428036553
332.9937700393382,0.0249154530378064
337.55804219974954,0.24592672285928074
337.96100385610754,-0.21539355359573165
337.3683340194933,-0.06585636785496263
337.3683340194933,0.1152350479777624
337.8426837414468,-0.05173264229642882
341.631054440663,0.17632206383996163
344.73357763427543,-0.0024643355907301157
376.1141276736381,0.4573818536669023
376.42691188792503,-0.2352457254116871
360.02309012891834,0.01857466295996346
361.3778728853073,-0.09719762203064874
329.3228657162728,-0.20188762965085516
356.3139365074468,0.40618247631232407
331.42897051771035,0.08900596482442324
321.05698039182073,-0.1439997313531194
367.9408451068965,0.3707469855982026
363.6956181671325,-0.07755115245572597
405.97142813449824,0.294321377543838
340.254088315173,-0.5080102901067676
351.1912098816119,0.28022168955203597
375.2818162549926,-0.09787043280698526
364.5994274864285,-0.026702107242272177
352.7830000394611,-0.25042664568286455
349.3724950515328,-0.03409000869532974
339.2331196640866,-0.39015988467281204
358.216321503649,0.17316651153009843
344.61330310732535,-0.05557724457969471
312.52750660303076,-0.5741844076063671
340.1226118953075,0.3534085674564267
340.1226118953075,0.6826295270794844
328.64231154419866,-0.1562593188630217
328.64231154419866,0.7521931482013997
323.3506310409037,0.0354326914033436
337.7029648361349,0.61454446095604
348.56288855032545,0.14336106793609815
360.07465602817666,0.21783613168918237
383.7484629330909,0.28464941730794635
353.8408510929973,-0.024208589214822496
362.1314134492136,0.06406887654952698
372.22724189003435,-0.578414528689791
413.5633316450527,0.6460559145102707
371.3026893435936,-0.7412564618045963
371.3026893435936,0.28510532354175666
379.6578195231136,0.5129268922794381
402.6812672805624,0.09702770249896275
392.71636425998037,-0.01421917001903239
375.0825376454543,-0.1570227986884447
350.49645618171104,-0.7065591790053531
349.5526688424419,0.11126527831356725
338.400901876949,-0.16027161850820448
338.400901876949,0.5826613959831093
356.4648096613927,0.001871158436188125
374.4194551161689,-0.1384800944967992
332.1803621301953,-0.24342986801593725
338.77387384864477,0.09574442852954235
310.9949180214375,-0.34894102212467715
313.6605312377166,0.25027768359132097
298.2806944213647,-0.34407403505986167
330.54787362850226,0.42643401449140583
374.5572344933465,0.4565786280082875
358.77784641031803,0.1287987680346987
358.77784641031803,0.5238855334250729
383.9582167465287,0.3450380367021353
364.54926897264454,0.058814220717408716
357.74462977428084,-0.18638223512630248
327.42865626270657,-0.44441417105042547
327.42865626270657,0.48466680214585267
327.42865626270657,0.8256685512160402
338.9196789426474,0.3804884641303943
348.0615653441259,0.00694647717909902
339.26554105912055,-0.311250939960928
339.9496382592716,0.34410000239324745
364.55899250256834,0.4859208770949408
347.7220143260931,-0.3458585165711838
305.6721469718628,-0.42651853575375753
305.6721469718628,0.3714591247392036
305.6721469718628,0.5421901824647648
337.6321989658734,1.0241241230246487
365.32627449965196,-0.07939244119097566
366.24241107370904,0.26961566607917575
360.2533884304959,-0.11038197080119971
345.50295118096824,-0.46745525692142564
345.50295118096824,0.25314019677375654
345.50295118096824,0.5576551038886919
365.42411171788376,0.3643726728639649
365.42411171788376,0.5351577605434841
374.7708751390332,0.1309182118326362
405.241737584443,0.5806745054615021
386.73735592613554,-0.472591914911618
393.74580060998045,0.33608800903948577
371.1398518157005,-0.2139622107864625
369.5746863265257,0.03794986362549935
374.8408846383296,0.08349484133941587
353.64799899143986,-0.5133478242294132
339.673489957979,-0.2101801481712755
347.32183688106574,0.13765957212717694
374.4032835419461,0.6821757061496783
377.23046030285394,0.25489816429012535
387.0066340807703,-0.2273029971397591
349.6363124864979,-0.4352694264426873
350.04987742871475,0.037377614055913
360.1108854215865,-0.11705284958202355
351.88197374163997,-0.21754931394616506
348.9122417420289,0.0017932818872168355
357.8601745393303,-0.04574587701324617
333.08112286908886,-0.18272470260342288
333.08112286908886,0.3786241556628056
333.08112286908886,0.35920115350518245
333.08112286908886,0.7403463236087191
333.08112286908886,0.4969353541246164
350.48520987225777,0.6306296523875972
354.74956164453215,0.020945823317333634
345.93522419635144,-0.006673928862937828
347.84237034433835,0.22491902677904818
348.35602130388946,-0.12382557286105111
344.84334115193536,0.1606671950449936
347.7289246091723,0.36666507314453156
344.6197982225181,-0.27203979922239796
357.8738112244876,0.02730556962455921
361.7378375754414,0.1521270724955457
332.31502604063803,-0.1899688460513289
346.27672918747356,-0.16052980738038514
346.27672918747356,0.23485495814270507
345.09157929457183,0.3769641755036446
348.74995380685203,0.057527984713601654
328.04032602028144,-0.09044572280765806
329.6398596913662,-0.07317163702566631
340.73639887486075,0.5117615038718668
340.73639887486075,0.39211994978018083
340.73639887486075,0.40511550009910025
324.89087293054354,0.0617036697722142
366.7732636531627,0.12227261003431522
374.4406358802119,0.2137569330561746
354.229272655469,-0.3950861018104206
348.7637493998482,0.10868776196571162
365.1834282929293,0.08116449448448293
351.64065849865125,-0.17000297189451885
368.0247048826233,0.24244636744356285
342.88366536667445,-0.22642759882273822
333.52042214093035,0.25167036965513034
333.52042214093035,0.40954508106392495
318.4954879417652,-0.18962479891752082
352.83048230411214,0.23224381416935103
368.3589114066443,-0.06382144007261559
333.89852789506466,-0.2569870243880814
346.77303551101903,0.2925137664871045
356.89772309902565,-0.2141776421922259
348.75952693849536,0.14357876411759207
358.8755397552601,0.292119104838207
331.37951708314364,-0.35454794963811764
331.37951708314364,0.6539899241017793
306.33099116219864,-0.3917512046498359
308.63821950003955,0.20946818750360308
324.02712680667054,0.2611017718944595
324.02712680667054,0.4347034706706836
352.24665320831207,0.15050605003784767
340.5030396719762,-0.015620770493114833
346.7143151543827,-0.015152461337720524
367.5489383890118,0.3788229195567965
366.5554700006365,0.08888000321985601
347.1383820559261,-0.30114646799211187
354.60483745653335,0.4207946204551263
378.7413911861776,0.26961531560084495
356.11421085343954,-0.2631523171395429
358.44721961512425,-0.08226228343824005
336.3785178688739,-0.018007764737831167
358.7825580390006,0.3348644228625517
359.9339353645441,-0.32181228020135677
363.2101675221978,-0.14843688357109386
363.2101675221978,0.7628533551768442
363.2101675221978,0.5080052440155214
353.6937301141361,0.19512085605015272
335.2815500132388,-0.1526667654953826
362.3494613770315,0.3324338937068205
369.76743675617337,0.20999425335401156
372.4437081277598,-0.31176968342083455
348.2792209929188,-0.3608168142136492
327.0870729002133,-0.15270266508264285
349.16236490291976,0.6413266453769211
355.4625067091412,-0.34542915092674775
367.0806205776525,0.35692773306664094
358.7639269649422,0.16989856753548338
366.86599042016496,-0.10517834708321061
382.9169627824395,-0.10506094783193021
346.2530770668142,-0.34806932584592687
343.72210018953166,-0.023769434199493844
335.65087680820545,-0.29598737751916815
355.0698310255817,0.21034096042296824
362.4791393009666,0.026193393796575037
348.71141683659306,-0.4464250376512382
389.36404555059073,0.41213766919895534
389.104915266123,-0.09784056056389545
347.9675406290244,-0.44602098139262125
335.8779872803725,-0.5074129369836555
335.8779872803725,0.5959396942294006
328.78395781293887,-0.23898694139882082
310.4502311369938,-0.3806822742961913
310.4502311369938,0.8184967734002839
310.4502311369938,0.33259931590623637
323.5852299072365,0.1574125434826783
366.06383631008504,0.6398857663630224
315.96960779700294,-0.7198116774685559
339.3482826446741,0.317143038975928
356.0316177201404,0.25911600151050607
360.16878661946816,-0.007225005362215597
341.32010635518037,0.02041429252847138
354.82396151051097,0.10133248716442722
351.5084218883315,-0.13825674722920667
340.90298836558736,0.11900442480907714
373.9694502213855,0.2780813839486882
374.643894566423,-0.2826883885420557
361.1883106610516,0.2413587171428162
361.1883106610516,0.5947522599749391
361.1883106610516,0.28226903600670994
378.5425740421755,0.4321687097035465
361.61329055596866,0.24045311636189126
351.66818542458617,-0.40355244944760216
351.66818542458617,0.32418346902727535
366.60256953606654,0.21238805316352227
360.79787718003934,-0.18853177431913082
386.10959583947636,0.22927514832713314
385.05678385550306,0.1288352667010031
394.15475829676706,-0.42490908322270116
349.5696356336065,-0.3947907283419454
385.910831956845,0.4558276067089082
375.17005550071326,-0.11281219151157984
339.67629112120756,-0.20425998344080654
342.9861365758852,0.08329948559617151
352.79128938464066,0.1003529445906679
356.354972870971,-0.1949896149980077
356.354972870971,0.3243664309167116
366.6814029897702,0.3018361214159313
360.8258511723988,0.06619891595732952
381.00640007778935,-0.0019221683810428658
332.81728201720335,-0.5821527444034018
348.9487691127827,0.27322989953177057
374.23999641068013,0.09505857945021035
362.10255613441313,0.36204747265412607
331.52316812160416,-0.20856854417115755
352.59109761230087,0.2101066222553527
374.2689771773275,0.6406480305549849
371.9412285441165,-0.3932751602267217
412.1389572355219,0.11679376370966565
387.98516977759914,-0.26409854737403293
374.3771869575172,-0.2543075566833295
366.7205479478119,0.022111322721912074
418.0067866418055,0.03794064805038033
425.91009395684256,0.2530321310050567
408.94768615289956,-0.4524203111022871
371.4634895541835,-0.40337222664379624
352.3528574825163,-0.5102635249556897
352.3528574825163,0.36203649323499576
346.9206545159262,0.4050014772792565
378.83536934090944,0.25714847313167866
362.7052750216077,0.06867009790823886
329.44047771308635,-0.5676550977893839
329.44047771308635,0.5404523829167829
315.1493372127376,-0.22696493535295303
332.91796931165413,0.24633763007011567
325.07619512646846,-0.032710963468161935
319.06381402232984,-0.5441328809765764
342.78368501282057,0.36579080424473887
367.5566569645726,0.3407090504712187
367.2627618940866,0.07543395656830398
366.46656139551493,0.0731444055143129
356.11146573670874,-0.32956585111446657
356.11146573670874,0.3895306954093485
364.7207724277069,0.05037372124047579
333.30487547361355,-0.14515234814848554
347.4296652513247,0.03885384162913397
355.2753447132986,0.16601352416762438
331.49620784965515,-0.2592193343079998
316.66074995709903,-0.212543429636753
318.90136729082445,0.01606275577194083
293.30700349342186,-0.27893515412984016
329.2087068895992,0.45440887345034753
366.9393259438282,0.40134812622090976
368.3380295538057,-0.18197236734954458
376.6857941228477,0.2070811106742667
340.6268117365978,-0.19788636601583676
340.6268117365978,0.5155752372429561
322.7106351119261,-0.18604547272218497
343.50422171697284,0.21689389100663448
337.6348753550606,0.20474067741463386
362.59645424824316,0.091835858804302
329.65071468583494,-0.8587150000042811
319.11611348521086,0.12221848840511029
345.5251269903553,0.1579293528643575
345.5251269903553,0.2671537409216853
345.5251269903553,0.5879895557559394
342.35230231282156,-0.07209316932699039
341.33376023218324,0.3700429710096387
341.33376023218324,0.7947293088578817
343.3259927010679,-0.03440160884747456
352.76909645298605,-0.009549553878287043
366.10668614702405,0.030940918260057515
334.91182645594165,-0.619565206977768
357.69598848717897,0.39605591455438116
377.1972062647092,0.2489656900161208
390.2185604198209,0.03518028212511126
350.64474555369276,-0.703692549290281
368.40101668975035,0.23558054662908035
355.67653806983975,-0.1532679321599062
333.3798886040527,-0.6409114631360353
343.7974598028161,0.6137468280026042
331.899757999285,-0.1405016430253454
376.30600126258724,0.6637864223580436
364.2079824679632,-0.15579394362657695
362.7250420818283,0.0620014086645142
331.25549704876,-0.17844709334463005
357.0099511387781,0.21636256264628173
357.0099511387781,0.056770714687445434
346.29281336565515,-0.3399976800849345
359.15837995734927,0.43284949516510096
345.8698495391089,-0.2059418760600238
331.86473635329895,-0.08744983955398311
348.35734260280293,0.0763682283579783
366.42564147127274,0.12159561301621125
356.6724002362962,-0.385494723451302
352.83152165976,0.05679556299696742
352.83152165976,0.3943162916453957
378.60621301221016,0.3634116250492525
386.991431729589,-0.07166662809277113
372.0186224150852,-0.1312696958466404
329.1002414936443,0.09961724691038398
350.2840174956468,-0.06229189913869959
352.0394601151185,-0.349078840666607
352.0394601151185,0.26766438122945146
351.0280080152346,0.21315393325505738
311.90680004550035,-0.31869399273750787
360.89924281254946,0.35844119791852336
357.0759013373423,-0.061949390621407474
367.0934608023478,0.1367173232896448
347.8613536088782,0.02103816518661006
325.32459298250154,-0.18170866972536714
325.32459298250154,0.6097961861987642
340.9213906855606,0.14035026166368425
340.98288495271555,0.10901598247801303
356.28412014417086,0.5132464506759788
341.4957868012371,-0.4063795314852996
344.03984412214993,-0.01671715189695533
357.9497146370128,0.2534010793167454
348.56307252173394,0.2655964644818596
348.56307252173394,0.375419516922193
351.49429401420576,-0.34769054298317315
360.6500192281461,0.14075780960956763
366.03416819090177,0.30534493330685564
362.0180098794669,-0.31659116479386284
379.04445004053235,-0.007277751724927839
357.4854463406426,-0.24385222902526493
356.0932565298412,-0.04309284813393788
393.6611973261112,0.2553834736522731
394.2960330987461,0.1491096777654093
358.3158123936397,-0.863841030252388
382.748137289199,0.24040342644946122
377.913461907161,0.14407002728034968
380.29524158944344,-0.3296634179752118
360.6943147256904,0.015522959112217904
376.82762772648715,0.20107960630980415
376.5235513170526,-0.06502667400320661
342.6463735330428,-0.5051322855679246
331.3718020434383,0.04632401773494621
323.6395278563467,0.12297237023346952
323.6395278563467,0.18744872899287657
340.90228065187347,0.2880945496615368
331.17638011372884,0.08991194800091762
330.428093543017,-0.21554489109939823
330.1162266775629,-0.07478857688965945
336.0670725960956,0.16666919953445358
356.12059529588726,0.15741157787294924
357.90339703876646,-0.21896858626496396
319.14969378574426,-0.18544559682209183
372.22003729936137,0.47739249378605564
356.649130026124,-0.10357799901828457
340.3519444522142,-0.2624356872512408
340.3519444522142,0.0498637508964066
340.3519444522142,0.3746792904605627
364.20296518342514,0.18216674543282352
361.0836356012107,-0.23825971827920966
366.598303719041,0.5092042516073434
328.01470653664927,-0.34389583764402687
331.15076518157616,-0.12133286438142932
346.40725366932736,-0.12243865153470779
320.23518709703063,-0.080959902038785
319.6694737460007,-0.4122339278466143
355.36368603902787,0.5159632676463843
387.46817489823854,0.7541705498482543
378.48257367253046,-0.2496087256752162
378.48257367253046,0.47475793945818623
405.11417538279505,-0.33806729682783043
408.74862863775496,0.2269262325132786
366.77166075453107,-0.32189803419032614
396.10945698253937,0.31805337632158626
381.5419396304162,0.06558314195001458
351.2397364554503,-0.6762848299595134
340.2629129926227,-0.2018525195641132
340.2629129926227,0.6495191572068961
350.7921231895632,0.43847707093050303
340.8526143367298,-0.24927783836233175
336.3057994377481,0.038537638471780156
336.3057994377481,0.3838834852772379
357.4715314442486,0.31674808807235877
352.65908912257146,-0.18924756792091557
354.14742570173104,0.03747141920393915
390.576924033997,0.38754222821580697
373.6645484510229,-0.32318632980309303
380.64614231064843,-0.28004203118098303
355.99885573634,-0.6210720084770855
355.2308938678182,0.3425845960755396
363.4664232526805,0.03985358580416687
362.70729052167206,0.10188295270131675
358.91447833293114,-0.19125999523009796
343.80513368516404,0.08807284887836886
343.80513368516404,0.37954352685994763
338.0039297410353,-0.09741348184945764
338.0039297410353,0.4084025691668103
367.4843043148501,0.10023132686228564
375.80252662490255,0.018663649451923447
376.9148168143947,0.0979004316350256
377.76925193763367,-0.08912477738147118
364.52204995675044,-0.30617975194718383
338.05915036051294,-0.25301512218879907
331.5029308259482,0.07933421718576028
366.46970766350734,0.48724674458253503
391.2976041401109,0.3525601032895338
321.7773726694651,-0.769965071606407
325.70219058782476,0.372161173205086
325.70219058782476,0.39501289872430334
349.88739660882175,0.3502804248701068
362.04114181158343,0.11936662658933983
363.50223877943586,0.16726280029001828
350.1215375130253,-0.5347750954913408
348.9519525553717,0.3732526786488961
356.0355175885955,-0.014083600570302224
356.0355175885955,0.5649609386180146
381.17733257572826,-0.22832216972460628
392.5900940697945,0.24784970196071754
381.1941514909255,-0.15766496722289958
350.60419578898126,-0.38228864604559476
352.62739918652795,0.01451068706114711
362.9827493617352,-0.05739629459867501
362.9827493617352,0.12580507148754805
353.1617865431697,-0.25018664014373826
352.2121716659441,0.1509893998913867
367.65463545936535,-0.045484591145395825
363.5012986706764,-0.1148618638105745
373.2293382176263,0.29406978501958747
388.31964296047926,0.270229800267316
383.889524011439,-0.299502126123798
374.04232780148084,-0.14197448156164683
346.71343985811484,-0.07156895688717668
338.39180385080283,-0.02085197701683228
363.0074584763797,0.1526120371804609
355.19750864122824,-0.07204871697354065
356.9294922709562,-0.0415852519378177
366.21225241849106,0.2369649911556735
355.5118841271991,-0.20049920337044114
370.75398061465336,0.5205635582353807
392.8814846066745,0.0949358752977787
379.5372595052958,0.12820281820859236
378.41829741863353,0.07821797064730163
351.2179077501224,-0.2133505506437814
367.8007054138849,-0.0555930408875156
340.41399732962225,-0.4270737865570027
340.41399732962225,0.6993500472225378
381.9029456522658,0.488710875039601
336.43425031472634,-0.6475821594706304
361.81387152441994,-0.16990950223873824
384.39412532761577,0.5115885133017173
360.24706516796834,-0.3680479111734485
354.6167330931356,-0.0613863306065241
338.2562486906963,-0.00583014620974609
349.89567458237275,0.3350948178456292
345.42909481954047,-0.34098392089106255
353.0103050069041,-0.15819692595914603
348.290115937361,0.0676544443513194
339.9070818611062,0.05212811844694443
360.37506636273656,0.3175222078357365
345.06191564470936,-0.2759485925686249
308.7545293473497,-0.9975132154654602
340.34367536343905,0.7931416552873998
355.13321316750006,0.0955238959450071
326.7013526908153,-0.36768820396855517
335.98176454479955,0.23812999819278957
339.7559984268647,-0.11334226248061441
336.68797496084795,0.4202178534255836
348.14069577401887,-0.26006671244590507
348.14069577401887,0.1637230070220994
354.0541715854259,0.4042737851102629
331.6522188560337,-0.6888840173667177
347.20857960387997,-0.10432224891508213
362.11189999401995,-0.03205785511488557
367.67382008613146,-0.058755141620167706
336.6132510761376,-0.2909806678471796
363.4046911843154,0.5810413596988155
381.05330022581916,0.3245159202992909
374.01272766365196,-0.1647548355105073
366.1675572367412,-0.12691168533706332
358.61071665553686,-0.16550188006726785
368.5404843126695,0.07073425587770998
353.13572183369996,-0.3521355613402193
369.62826072919296,0.10369659028333444
369.62826072919296,0.42273311388350976
354.1549669161617,-0.028092176060681595
354.1549669161617,0.13143794535426423
354.1549669161617,0.4416074710052271
385.4383349456119,0.0911490713698413
384.3997448040283,-0.016892236110152226
384.3997448040283,0.4729900833490319
404.75881824666504,0.41687362843026676
391.9784475828267,0.011201853030115672
372.5017764645463,-0.33482537139536817
375.91407758627065,0.24525753271745998
351.9253869398301,-0.5446101639440712
351.9253869398301,0.6905974396854617
356.02846453395335,-0.01751625940210033
378.803081605008,-0.014855907701303295
410.41980472865737,0.2856852436345889
355.60345699587236,-0.7631282308062737
358.54695171089634,0.29213184673733394
322.7206481386292,-0.3308006793141658
380.34785076926295,0.15629264515791874
320.96162794529823,-0.7107498590163459
318.8346169150974,-0.11669922120506726
318.8346169150974,0.5628350190609126
297.57870988358087,-0.266586518531426
340.5517701297712,0.8101009398711767
333.90410460847176,-0.257028050790268
320.60737143888855,-0.18377624877928156
320.086803280158,-0.061248933826732355
308.3416843946695,-0.4222071670690184
317.646650975123,0.09457193607124736
317.646650975123,0.6594137242709621
333.1604710135568,0.46321805986201525
333.1604710135568,0.1183957846951671
329.2851470796331,0.3495910558982587
349.9922081082818,-0.1816703812585274
349.9922081082818,0.6264805464292067
349.9922081082818,0.4010433960190767
366.53223529771367,0.4377441263803803
360.02975461637425,-0.3822937647762501
355.8533156446205,0.04587672996240144
355.8533156446205,0.5826906339577818
357.974490414743,-0.2767283676766965
359.67544017227357,0.039030463659400993
383.23443498270984,0.7369390194580774
364.07453632988546,-0.10021924124043835
388.2617450014613,0.3498332231392851
398.38578601090285,0.2387083023671721
339.1718102580273,-0.8106456584233683
332.1542203748334,0.15590657264397123
342.6851162094274,0.021457465227626926
347.3567552812228,-0.1981203310276669
343.8974443407645,0.05803474255662877
343.8974443407645,0.3508639225213983
324.5973221537491,-0.31338377810970997
341.6472747021618,0.6368340077955281
351.4646765365274,-0.008999228898574074
346.17910546890573,-0.09788474329025121
341.95686536662197,-0.14166525660016305
343.63437441165433,-0.024524323565742634
343.22623948065535,0.1037658545768636
368.6581474851251,0.22025459686369686
396.05285951905313,0.0214412938521491
379.96367854291367,-0.1609348573765601
388.1030602454827,-0.14686899108335183
343.3606797940169,-0.9023460488888304
322.8047508396554,-0.2392022762455781
306.5825221014871,-0.23194708074765913
306.5825221014871,0.5996734069560716
306.5825221014871,0.969245540091606
306.5825221014871,0.8893529172942181
306.5825221014871,0.4807273060130228
329.9502565433318,0.34709748113868955
321.46360533360735,-0.027313191017015015
318.8636513759995,0.29717633946916067
342.351129582156,0.15926604556977964
342.351129582156,0.2842557469065241
347.94076092770365,-0.05299023821453375
346.4192397435847,0.19823670838309226
347.5903697244714,0.05556519011702221
324.8919991606021,-0.8089840120388772
324.8919991606021,0.17220923778984343
373.57927205693835,0.5323288439983571
357.9004469065944,-0.22182844983103678
367.9331337488868,-0.11634020151745972
368.465175407427,0.008878368647060597
356.26504214328656,-0.35944773668802554
356.26504214328656,0.7665897045455949
356.2066884245264,0.3279647837596258
379.1363597743261,0.49558134130415965
360.56366759335395,-0.2620860064664612
354.21520868281493,-0.1191733373000261
346.92855593008466,-0.38695411718867945
315.40847585776186,-0.5288396336186452
339.2321466635403,-0.021596845699491496
356.5879170828296,0.48141802654686217
387.47860123635417,0.44658033095879546
363.2777289484576,-0.014696317656898827
370.1460047748553,0.1928358862995765
395.97178458136125,0.4503350995061055
371.6072685097141,-0.0472325374561251
342.62452665280887,-0.6093558746327972
334.9445699460922,-0.23745527796131682
334.5040478704468,0.07403940511210294
317.121115996722,-0.505177238215424
317.121115996722,0.3405622794213059
379.6603462895322,0.716443241195293
336.7330673539228,-0.46888238162932794
341.2530738227106,0.12011231937492539
369.3494669017909,0.11888786840552257
376.3713764557641,0.2979972232005821
329.39816537580765,-0.2946469179885298
329.39816537580765,0.5105993334525465
341.7693442354228,0.054375873603476066
333.2561713626829,-0.07086727424348283
344.43815737974376,0.05633066173732004
327.7843389253656,0.07933551151393203
325.19824432138466,-0.046303307601760935
353.5014944824835,-0.03852587027051868
345.85751921460104,0.19491309628620002
385.2724256168583,0.45157869360014047
375.86695177160414,-0.1759851260864025
375.9225127105092,-0.23577191649894758
375.9225127105092,0.29521503148919237
380.93594379008096,-0.009040201776883805
391.4510692928448,0.23620467043542703
447.00242260798257,0.21355930656284272
384.1879762967087,-0.3437111926537
365.84791142042246,-0.28573118833605804
370.06442480118886,-0.10413304284611513
365.942681600206,-0.19980993041178863
357.70211182377614,0.1776123770059712
342.97683100633157,-0.3113795745709922
390.3482127626699,0.9250377118787583
383.71038885550274,-0.24412733946701337
380.57531113503956,0.21897188289096903
416.02422836152607,0.6407057934711702
395.78629625046756,-0.35741180266586525
395.26278120666035,0.07092207171206155
367.9561167646286,-0.061561827667219404
369.3033114655677,-0.09736755426411037
362.5862965722445,-0.24466006144029961
367.1142312091249,0.2387922682947874
353.24643103638067,0.11775288197668488
364.2874068590301,0.026972486000431672
339.0218372949705,-0.5285284442803686
349.9009734069527,0.25325903146415385
338.6495213451871,-0.12686671352639678
338.6495213451871,0.2738033804923816
347.5107748997727,0.17951237393594965
330.0062796430625,-0.012762598303424966
325.0467273933068,0.1032746106209288
293.80162272115575,-0.10054387979948842
318.92062296283126,0.213266644355258
318.92062296283126,0.46509997028329053
318.92062296283126,0.24943739572870527
314.905726369338,-0.06630637730188482
301.4309121369508,-0.24411694651621474
304.2820112560638,0.06805585837878425
318.0743344084579,0.042420907573614386
308.8109614616185,0.15633788713989816
317.814013600292,0.005951614265427452
322.8942236075825,-0.17422233382148988
343.18617819829444,0.5710379089302933
318.927217550405,-0.37527558489057355
343.3781400785456,0.39678599800413394
343.3781400785456,0.0468697498072288
334.3601671586214,-0.32118539861221507
321.4587650597194,0.1806284592217935
316.1627962896581,-0.011382148677967052
319.98693162931613,-0.0640132790709913
294.3222760322932,-0.4449915802247233
294.3222760322932,0.7474467640248577
319.3383446632665,0.5323976296460842
301.75984996556105,-0.27512396873885336
337.20987538432473,0.5073969022284928
351.1581730358686,0.3330890190786704
378.7413257200741,0.15593598536747777
394.0155010556079,-0.06335726662939578
397.7520517933425,0.3307182263215509
341.5006340695975,-0.6108922527315599
350.64111666165047,0.045589517268922464
359.1783510008958,0.034373795818964936
350.664364174819,0.12636868436402438
341.34408244816564,-0.21230607842824156
348.24985132808496,-0.4835280444149248
314.5461838596424,-0.06763193821461755
326.0420034696383,0.023236244537883977
334.16261539570854,0.17068880455462931
336.1939758695068,-0.0656907775886566
351.72002492636506,0.07554713077274755
340.575406097354,0.1015816338372133
359.69810696953255,0.41271353307683967
369.54686125142996,0.09988760220210224
359.2484400283562,-0.1992611326658107
335.7507302163208,-0.20971982760909214
357.0007095891128,0.1176571531270838
337.9658300524979,-0.08919227070941815
334.01523573577873,-0.2125096595063951
334.01523573577873,0.6328571433123216
348.5752720603504,0.4529889886334786
357.1846757895547,0.09509665977179793
361.51988966885375,-0.09991420136304896
355.49034297236005,0.046271370652675614
371.4278587950068,0.04056141084004139
384.4281950764193,0.030715286460235802
359.3540725206739,-0.5357237254854681
355.5594051930488,0.17085202947532707
356.13452434295004,-0.07873972240975036
342.4328119917936,-0.09206886556330574
342.6924366470329,-0.43562474761745307
342.6924366470329,0.47110357974042927
346.9194895105655,0.6146047837708011
322.2355560975581,-0.16322140557190323
337.7994479331448,0.008146696588482882
374.58837620951675,0.47960068810584744
356.52907771124126,0.07455356703849247
357.5440288050268,-0.2809677338242409
359.6990930617252,0.5080600104328141
327.03096933940407,-0.5248789333461445
327.03096933940407,0.6198422736341627
341.3720667868008,0.20660176258536467
341.3720667868008,0.1974164823469664
337.26418199336763,0.10550900519331208
340.55389897832697,-0.11013920356901963
344.1755089803612,-0.24339865789022497
382.2596708500939,1.0131968302233645
352.1731779337974,-0.32486901445565763
347.8303553667938,-0.015576351629988494
352.1577750243221,-0.013041113984968433
352.1577750243221,0.23296760956964135
366.5851581244849,0.49435562864641724
348.6370261418205,-0.5078719558557623
337.4716829887151,-0.23112266928319514
322.87770787415127,-0.12055150009121007
325.6633141494829,-0.060915729836438004
329.3613462607503,-0.17788733162115022
333.5471655702386,-0.17501198715422106
319.60117404811507,-0.16131794017417178
346.3123024391628,0.5770673226734289
329.9778596829931,-0.373602996290856
304.2744724809697,-0.20709636742708426
327.14897057984103,0.04588127320141666
327.14897057984103,0.3274341692267626
326.34910354433816,0.3020271423220038
308.4783155705039,-0.4735298800859482
338.35633225485134,0.5185070217345356
338.35633225485134,0.871915586489763
333.67706068334206,0.30152631683972686
354.1823800844132,0.4078552241014677
359.0805093909053,0.16216785822166457
358.6949127984387,-0.006109995215865638
352.32712618504473,-0.23555247128251722
371.1763645634277,0.6665046301366147
347.56097646240545,-0.7834603719524011
338.40786570090495,0.005710226239898475
369.80425323896293,0.8075559965488992
369.80425323896293,0.4340236762020595
352.3566813301135,-0.7107835375554714
345.39571543331374,0.22709470566508116
299.9257773304271,-0.6837133108596163
320.0511520354477,0.23706317611015493
320.0511520354477,0.3341551707578674
340.12831732029514,0.32329831472475234
358.17649308155933,-0.039735235950047354
340.8347290579833,-0.32836835263037756
371.4051879918171,0.18120298823566827
357.12369601839885,-0.16579829891179543
357.12369601839885,0.7460520748586532
337.33971269729847,-0.33194446847858217
361.0104800557787,0.4446759741522328
366.1718105424417,0.021061915606992443
385.9822264641954,0.41937141022424385
352.699156823889,-0.3234396448319785
332.6408716795397,-0.48049931807565827
340.13023640103626,0.0975985284608214
346.08939491892005,0.41476596152688217
375.86643278691895,0.15533969134855852
324.11810532153737,-0.41798110901322616
314.7351230662334,0.05508972472443929
330.9424512234969,-0.13865890349529764
334.9325912808674,0.16384667894681115
351.73301223773336,-0.30716612924777564
331.1737025410551,-0.03857673005984452
343.7367367446441,-0.11505344600072931
341.19178097585655,0.07736427242070931
318.8400011976204,-0.01662659476630779
347.42153186408814,0.47136791219008956
344.5292616613195,-0.12191085519464195
373.6198087871752,0.18794737665018602
374.8861750011317,-0.14268133033931463
366.1011170544162,0.2422659845706221
357.23085106527554,-0.42410007346302336
356.2123927315527,0.14867429010701017
356.2123927315527,0.30573645580443554
356.2123927315527,0.48422187765754643
341.6946806189743,-0.6318322977690514
375.1304060160449,0.76704496669322
367.55121982782765,0.0009726067771680391
376.03134336204516,0.3121861259612615
384.9545300146261,-0.42282312874351646
363.63941169740957,0.25308739250533563
369.02297487019206,0.18012346854220596
325.91242205368616,-0.8156195585664818
333.95776101508477,0.16955214211770908
333.95776101508477,0.4475348840383049
336.3737699120391,0.32272653125733086
359.6794732333996,-0.06594483874346224
346.4014673631313,0.3435491697739508
343.0621130968508,-0.02989842561964906
349.81983109340064,0.14967018455752168
341.0297261750416,-0.2467704618281914
381.32318630505375,0.504106810319854
344.2166602982476,-0.55561355889688
344.2166602982476,0.37442254991083246
388.35321240264363,0.7644836664921968
376.22904199719557,-0.2516580459625857
374.2311611305456,-0.1382898374610022
374.2311611305456,0.21158498237218737
375.4115023006653,0.22000741952490444
375.4115023006653,0.4022053402379697
356.1350932540423,-0.07926970975654513
376.00783597636087,0.16765541571294307
379.1993146721108,-0.03414448120133784
367.6256195773234,-0.42388146658652204
344.49066622276996,-0.3146061886271809
368.28105286506184,0.34494545715097047
368.9169060160684,0.10568709469703208
368.1959536671752,-0.08772457520228727
377.96590115615015,-0.11004387458854126
378.4311725358113,0.3968798459578693
378.4311725358113,0.17834243753873125
365.9005835458264,-0.14038553990383207
367.7071677907146,-0.23637658510801884
342.16248150090206,0.03592648467918025
362.4631931161904,0.13973158936869368
362.4631931161904,0.2636835059504392
388.8841892018696,0.195269740872277
345.2129964321268,-0.47508963817529093
363.04718249995534,0.45836137632545615
363.04718249995534,0.38201730632431463
385.22236550938317,0.6379810184516828
358.5856878466133,-0.719933221159863
380.8579365087773,0.469323225235712
345.8257948598807,-0.4751101442205936
328.9892167209337,-0.24909914157990443
325.0923649801138,-0.010200921297382592
309.95051465979947,-0.02074182635192301
319.085877574277,-0.038406300135875426
301.3225388225675,-0.2894840943509962
326.830249190938,0.3540561841853105
314.8973230574834,-0.17051045332243575
318.00429753263427,0.013457000463859004
284.9704357138283,-0.5085692195524416
340.8851177794236,1.1455602106379956
329.36182533775536,0.04562649397257701
329.5967678960532,-0.7300772669373146
354.28428361279225,0.42368332267278674
333.39938816999046,-0.46030120243733563
360.10822431364613,0.46436681763987053
363.02735138903813,-0.10497468639596264
351.5654479153858,-0.15390256611294717
315.95469096719177,-0.29712725450326616
317.53229144744256,0.04809571799546575
348.1177695887808,0.4478630194653306
359.1984704113104,-0.1530872293859602
376.80984329863804,0.48145240102985554
329.9922219890858,-0.5264442202393411
323.6896977023853,-0.16411199601225235
320.33569290331025,0.12787239580279675
333.7719801497618,-0.19786402119314062
313.8562450777445,-0.21393238763448608
355.1423584295483,0.5017121930424082
360.34830538015626,-0.47185028639876236
347.46970492121926,0.019150474981415755
347.46970492121926,0.09004121184671021
355.72806326689306,-0.11508262087500043
363.7605220424788,0.37387625939595637
346.39882697977475,-0.48992243758573295
320.26613455333916,-0.1130642963404398
283.76793991650885,-0.5140428456896871
283.76793991650885,1.0357243755481704
314.7239014411945,0.6004586147880673
329.9283899002411,0.2672306647878031
329.9283899002411,0.45976904885537806
336.5839010501252,0.05092985920305182
342.5438184673084,-0.18707022061789758
342.5438184673084,0.5351404760647256
343.0170304990445,0.011662846579383768
359.97968311025085,0.37282466845567797
374.4872330107417,0.15829727977325092
359.26284311693394,-0.19032996110217937
361.91209058970344,0.18571959231985602
344.4751223301341,0.07711917883273145
365.9720767846843,0.258278567323714
355.7452635817599,-0.2618072558275344
380.9644939497198,0.17247932055897763
380.9279032747185,-0.08077291383995089
348.1120363281739,-0.12912475974269455
356.8175414719578,-0.06576488490645716
337.4369266904095,-0.3589907557982315
326.8641542428767,-0.2706310806465808
330.9891570363887,-0.009876861869543063
329.5076005400142,-0.06557732846522413
325.60440540867063,-0.10363536121121797
348.43938826389336,0.15142684646366433
357.57769371792847,0.38858721456131207
337.5322832608292,-0.2727734816694465
361.5245852495083,0.29777826551662656
343.5041692203617,0.08343833003664258
378.7361558368323,0.3799995185967191
378.21328289776403,-0.2817291142475824
378.92116458133063,0.06485268101255315
358.82432235452023,-0.026116543122952862
373.8656433043438,-0.06096903799129905
383.8437731302169,0.30125224259745664
365.52096856033955,-0.09504900037120478
357.12499394655117,-0.3390174889559603
340.76900701562437,-0.04848578999462916
359.05291260243894,0.007415632399442984
342.0105509143751,0.029301290312105266
333.4538373591787,-0.1559198397816317
315.5674630071164,-0.277287570684166
342.5711245497438,0.23394041835229018
312.89539096552124,-0.3366464475684552
312.89539096552124,0.6526011136170382
319.5596816074234,-0.0010718482485572167
324.94908022885846,0.36817086829898926
328.47523694589677,0.22716207740620575
337.36853402224347,0.11100144516342425
316.16017678524827,-0.17672900824140925
341.62777579489557,0.222759412563164
325.30324888361935,0.1792415135880674
311.61609628048444,-0.3173506820609191
309.3355079601718,-0.16691610946077162
322.4243195381865,0.2881622056553397
334.2796953968629,-0.08164174468026886
325.53591292736076,0.24897815115366484
337.0854269783947,-0.06277791123693532
350.9934829882134,0.04998820345861077
349.3925623158408,-0.06603518972383426
341.87864692783137,-0.15797585084840193
351.38181767205344,0.2964793639077925
345.06130784641164,0.05852501232891427
327.972254180903,-0.33056460026148216
327.972254180903,0.375005434589184
364.17936176832524,0.6361630392159441
326.83021465819934,-0.3753970652910539
335.8829464400619,0.0735514223571272
351.5850940332652,0.13691906788767483
352.58041218221337,-0.09645933559909281
383.1102560621883,0.1697991558871763
376.33898295630655,-0.08354858211066585
362.8355854258912,-0.06704990822026957
393.05119411536305,0.3314296083391355
353.7626781832839,-0.388286498572711
353.7626781832839,0.2559581791516621
354.4107196348922,0.17758654019291953
354.4107196348922,0.5847857212030476
366.0348565212511,-0.14040324100972157
366.0348565212511,0.4943131360269035
336.9585833132384,-0.01731173643997863
342.13928283189534,0.4106020537137738
342.13928283189534,0.4689357472429947
359.0057193743731,0.0352432025216558
374.28199404682937,0.22810827009652712
357.2336409970549,-0.09858954631113193
371.7834970880217,-0.02967308013899128
375.6713763172674,0.1386929716262557
390.9043960035494,0.49186072547752246
369.9120700775151,-0.06973207884141175
392.998752365713,0.05552021418532149
337.96036750138677,-0.5819364782159937
346.25443762602555,-0.1686750057183417
354.7279016720218,0.24979560221322572
371.2359035245849,0.13057769930230734
374.9763990569476,0.4296272318561023
350.85595651014853,-0.5297803027079908
327.9141036517542,-0.38217432617409486
327.9141036517542,0.18411383960301464
345.3245505422202,0.06695894809013225
343.384714284436,0.16362681639498078
353.850519507923,0.1488735456896393
363.2580397688737,-0.19789971226964553
363.2580397688737,0.4803742096589758
379.17728017286515,0.2801889008277385
379.17728017286515,0.21708058472086122
379.17728017286515,0.12203428465488741
382.92770255991,0.03348693385146362
388.9957110934083,0.20019281347936158
387.66886577059125,0.14233118405456935
398.72983256708557,-0.04195077915107959
362.0778750590306,-0.15531125985262406
338.45178036385016,-0.274712965177514
338.45178036385016,0.36989980818771073
305.6832615696426,-0.44538961526859566
350.55923806926785,0.09984871857398048
350.55923806926785,0.4827283809321443
350.55923806926785,0.3148183357807284
350.55923806926785,0.4922084226050174
351.1371062851065,0.18198371814992242
374.8774162285651,0.5353222279773036
338.51085203196396,-0.4643740248970971
336.5848170649734,-0.053104906922726514
362.6357351380271,0.08249547305149463
362.6357351380271,0.5081134908616605
352.5060019358474,0.272481755539161
328.59641490893875,-0.4189221903086491
328.43460199791343,0.10889345165560371
347.0990909826811,-0.07468852973022422
350.02416377279116,0.010566046461917722
333.47663469809453,0.11662757557382974
326.84492802201225,-0.36029179539559664
335.222264696939,0.008066345707675282
327.2959597498632,0.09458404300983148
360.9331758328249,-0.023693622294331362
356.16103347111533,0.14041896456228642
362.9091317839216,-0.06024378851930123
383.0903652312471,0.41548100229681495
376.1945192358754,0.14327721204006139
352.4919664455016,-0.39425572224683947
329.1063454705669,-0.2001188116113326
334.70331060282666,0.1470294828841361
360.2028033748632,0.24424829043641694
334.11955464103613,-0.3446385361231705
358.43673181480347,0.23667605362288668
334.30689544259326,-0.08015232765865221
330.69914628480353,-0.010949920440452843
330.69914628480353,0.28785748899633745
328.1880037901129,0.1900806551027472
328.79667022757997,-0.4498487196649421
315.4069165992901,-0.014101145478321087
337.2828150517514,0.0350801594161112
298.88970087263243,-0.23436984114414372
298.88970087263243,0.6527894488922357
333.4694754660463,0.8274808058451981
317.39179706582456,-0.16560883326440035
317.909905960361,-0.03585877609327781
344.17079758398444,0.4533260619836028
336.3200670805413,-0.1859695936556136
336.3200670805413,0.240841540356314
336.3200670805413,0.6848354318281054
336.3200670805413,0.3084849368437972
339.24713930309355,-0.0013068617861335952
362.98722650457574,0.4202226548411545
362.98722650457574,0.6456990301672931
337.76461296916165,-0.2667425499789715
337.76461296916165,0.3013994369221109
376.81716260394074,0.42368382709219077
365.5727314252839,-0.14619171487265703
353.88164702647174,-0.533628579747301
360.00275495377406,0.010911327907365376
361.72872203260107,0.5475800151932617
363.6112995697558,-0.07700462485513526
395.3762338813639,0.02845012824082005
395.3762338813639,0.1615793331761779
374.2373809694624,0.06103287955261294
353.4519636861378,-0.4111479818221824
380.1770543225899,0.801360321987886
363.69358017729496,-0.06582944935223622
365.9859940879001,0.45693643420577246
351.6932568219751,-0.3090657042796465
337.3905978578546,-0.5145251850324257
356.528428105328,0.14844200929724138
337.86813542422306,-0.019043479956849296
364.83574413315694,0.7973974138894846
365.85991600612715,-0.19271968584575916
400.8296578771874,0.37467470730257446
364.7835201897599,-0.2613319773806779
356.3239774013955,-0.09487940534370409
383.6927639383024,0.3764035745275578
378.5746971886424,-0.1264137185837626
317.7138209197443,-0.7409337806789154
337.7237857957136,0.6700935892802136
341.5136955611189,0.31308567291455347
372.9727029511664,0.24310374364654308
342.77455484810986,-0.5248549597274632
328.3143984122828,-0.08031674124254096
327.9930276756649,-0.20066617598001812
349.08860750766274,0.15066784588157134
326.75931264258816,-0.3536698472031503
359.5580861126374,0.1333514941205749
367.5925928805042,0.2000314025466423
374.2367770985751,0.12353275993393709
348.6717057995656,-0.08065828683095333
338.2231275362348,-0.21237788718417505
351.9090153570535,-0.18089655119376857
358.0916720252695,0.20321937805783818
350.6596387658798,0.03666130356668873
359.3876455124873,-0.31659613894225913
359.3876455124873,0.4126081495521703
353.2377936033839,0.12013870393423076
344.89783766166096,-0.21890598117022364
347.84169286514333,0.5642922755115478
359.0116001475091,0.0798855925152111
383.6205293430765,0.28721922393560817
377.44767522237385,-0.09997454143956475
379.8516400528394,0.10842353612883926
363.90847632759824,-0.29911703470475004
337.0612667811621,0.12073610107347577
330.48902133371223,-0.2888134363563495
349.8253453113704,0.4937477462597144
345.7793436504796,0.1328552603379194
362.3053087740134,-0.16734343509347127
385.6229768095581,0.5042771445590688
357.55663220167656,-0.5822629012384368
357.55663220167656,0.18960313045761268
346.9891377819883,-0.035245567818265044
346.9891377819883,0.36198290759216434
355.9300600856701,0.041684839701247256
345.83840928054786,0.04322942116664308
349.53501388923286,0.19160909689026084
319.2861759380738,-0.8788380033554404
311.2041850600248,0.09916053377287426
311.2041850600248,0.7565537878151645
339.94649157378257,0.7049984037390686
326.36528255073296,-0.27713285537549837
307.7193429008886,-0.018120734247077053
325.30371685565746,0.03856548694625417
333.98416576971584,0.2373460287889202
333.98416576971584,0.3070620564603814
324.093220007674,-0.27760099444822117
352.87977924081224,0.3575019264247885
361.1233932782796,0.10943876071053182
339.67346719205585,-0.4089069350382033
334.14424356010005,-0.06218209004327946
356.7881099594499,0.030945584068831522
382.13841698493104,0.4666605005098745
405.3690945620577,0.33336862762234887
380.514669399378,-0.22296653926798626
374.9907422960482,-0.019830875727393504
366.80163360384205,-0.18410204367592087
364.1042603445008,-0.11399190280610583
357.3080432402528,-0.19718104265814418
378.5117269159314,0.5340806584295024
333.756284889313,-0.7922090203206835
344.7446174707563,0.003413534426613296
339.04762816934374,-0.21693905963638827
342.0914374411645,0.13541118037187516
347.9670968969306,0.19784869926661486
379.2702048490138,0.48189608919381044
343.3989955210229,-0.286672405472018
366.3194188155202,0.07755414339374056
350.04746931041416,-0.08705221938885188
343.11761836659537,-0.43072368683294826
344.987807040465,0.16363441661621891
349.18185223777175,0.343407039130625
360.11331344373116,-0.047748392168500686
362.6092695958883,0.414375810632464
371.69481826485105,-0.0012238226273666442
401.24873839816104,0.9258358484275959
387.25003259074583,-0.32223175653416547
367.22571934730075,-0.29714915534907504
365.85113393222986,0.30072767335218487
380.7467015305585,-0.02528101350662837
360.11652582560043,0.024242273484787802
345.2864988952565,-0.5144147038264464
375.9162068885593,0.2780729321190165
366.04973022428476,0.03470521491067302
346.0845827705233,-0.04091915607341434
348.5220394258489,-0.022441649120537477
348.5220394258489,0.21578597140205602
362.6007051857668,0.1814726999425602
365.21603397141996,-0.058576410837076764
354.88399429063634,-0.07603647201403874
347.66876526414507,0.006575314148676625
334.6974985999318,-0.3599315634553477
351.25252371340196,0.45145760807110946
357.06081535038516,0.17526163890192947
339.86978166256426,-0.1075782417034361
329.6302102432668,0.20685864095037232
349.6532706709522,0.0773197435869406
374.8120642467043,0.43174695384539064
354.9410025326253,-0.29878771596781917
334.28648956523085,-0.19586859790501876
351.3638993385632,0.44402276279379294
360.98111860585885,0.14626489963552558
367.50781423735754,-0.08582976194361436
367.50781423735754,0.1262822165642774
340.00677865893493,-0.25257172589113
363.43005624862525,-0.28666087943338425
334.024902114061,-0.13102906354663446
334.024902114061,0.2569523367436659
334.024902114061,0.17390734460877866
304.3673929206861,-0.44686265137715964
318.7711910985609,0.31500559532651096
348.21411552478367,0.5313376506302347
352.0194669771078,0.2156230783424462
322.7463239070773,-0.7599963955087787
345.0249464920028,0.4598639105724942
356.1699797213789,-0.02075433202014665
357.20606944812187,0.09986080829696675
355.25137602593037,0.071870068956855
330.72925323635815,-0.6282328196816707
330.72925323635815,0.983285485009219
331.23181786757334,0.2530703388223401
316.03622690079743,-0.18160191528522773
333.14374481593416,0.3481819230717065
345.30114334327726,0.18442548401833392
341.0099997016869,0.10412667974719625
372.8877654511449,0.022140336391885285
363.10142112813946,-0.12546034077979584
363.10142112813946,0.3536930980615125
366.618522558426,0.4952413159276148
372.94846752496,0.17153323838329015
352.63427047551136,-0.13377204046582847
335.3191105559851,-0.2973764740812612
342.0785046157747,-0.10843715808584875
338.6923260709994,0.22024816403882141
348.69005954854936,-0.14274687693728083
349.18384884989274,-0.31611036335471
360.601859635423,0.3208973155942658
360.29989213465,-0.2843315348300166
360.29989213465,0.33253406251105844
361.0073631267861,0.23883406203367485
363.6741205747383,-0.0494104786519074
363.5215976282702,-0.06037044793254154
363.5215976282702,0.4370567503276561
373.0714998895837,0.4389512474932644
355.00344869352625,-0.30726707526264363
355.00344869352625,0.24369633529647672
355.6640725366325,-0.07528564573146923
339.2398642699643,0.12558736336723086
331.2614675857171,0.022760316794574464
340.1799521761028,-0.22525238951686788
337.1955922748647,-0.09380761663123849
347.3615166348351,0.18997405825427904
363.4598191698326,0.29525786494366457
363.735378918763,-0.2262236841856975
368.28104346443035,0.09553776281256887
347.33079518782546,-0.2853012532593766
390.46535248897067,0.473073109430743
367.60740028383776,0.11469525209156473
375.86618784858825,-0.06297139760863502
361.5810141290669,-0.5071155562017111
377.01298604475113,0.6528869225212475
361.972909793858,-0.5897106294079322
390.2774664557068,0.617570400062732
362.17442719441897,-0.059347287644982316
363.07043871560523,-0.016893234735334772
360.08849897709956,-0.06362105728555889
316.00846619842855,-0.6942352402586494
316.00846619842855,0.9315902511985996
288.48597700728556,-0.2047973422766063
288.48597700728556,0.7913149470322196
288.48597700728556,0.9378434462478253
308.7531994672974,0.4437456194850711
301.53636708342253,-0.13906338967171905
329.2241119332949,0.42115928700604854
315.8015909049986,-0.29120451723656515
338.106739088161,0.019106463806792817
338.887819212898,-0.25332308707982065
338.887819212898,0.2790212326390247
340.4827646725783,0.4191471328767875
342.09699468897156,0.3200289987561291
347.3715416386594,-0.40203927436311915
360.85490670200704,0.17711575748990072
334.40733657555455,0.052669757334115275
362.3065139461065,0.2691345058086654
362.3065139461065,0.22470060806995207
359.5198205299585,-0.21183575521081366
310.77332989325316,-0.4173752896026599
316.4627049112619,-0.015049615636030467
364.5205156614528,0.08148088252471553
381.6165538933255,0.18162238037575662
381.6165538933255,0.26770873202679013
369.00660093298876,0.032930878602655866
351.22974391191497,-0.25532879071204206
336.35786959304596,-0.09403037906213285
336.35786959304596,0.6234924408391862
362.99074424904245,0.3024284877615173
352.8620687480091,0.1634583372316456
364.08827528504617,0.050711352486473515
331.5799552772978,-0.6024863266901548
334.8252602176672,0.05791643011082215
365.50931169088324,0.1413307496413836
364.011940835686,-0.07768596539949613
351.24417066299765,0.049682765303714405
404.45894154071004,0.6579667625584307
379.21811729843995,-0.11829565474636183
358.44606608845714,-0.37155789088376423
366.0293636774468,0.19506779575795008
366.07450191810784,-0.4012517022863449
358.42435708286433,-0.24634252714827198
331.0639284977086,-0.15552266545887505
331.28808593449537,0.19237002760030464
333.3576522952949,-0.27636534465364093
318.8604363345957,0.21007367008428446
336.6380769286931,0.1730051044260108
295.7784957061101,-0.6244353512804537
295.7784957061101,0.3138998196686771
295.7784957061101,0.817430084278385
295.7784957061101,0.43193509864386215
339.444861823657,0.21995303689686807
340.3755450805236,-0.04864266230833891
340.3755450805236,0.4523160355707887
377.1811188437026,0.7014966825572628
341.1996431783405,-0.3499929611043626
337.2559632706066,0.13938015232270118
337.2559632706066,0.25134933711001395
336.18580161173867,-0.37191152182049336
323.7491244447499,0.21118657887257086
341.34982295282197,0.21253326766247937
334.7622044540226,0.04350438081712582
324.2928844591715,-0.4448911767780146
325.4231274063046,0.030016942438578553
317.8678706462594,-0.1709392929153637
346.65590989276757,0.4578430414843524
339.09413478485084,0.1590405871334042
364.83280115977385,0.302096908506428
364.83280115977385,0.3915595929411211
368.00174029325865,0.010985005167754025
350.1978466067922,-0.09945555584056365
380.8088257905562,0.16592562836399338
355.17295268715407,-0.06948793773699435
377.26784313934127,0.028479242867547327
372.73785781311716,-0.13385323550107842
358.185953616649,0.016952100653838897
352.90960182138946,0.15976728861483025
352.90960182138946,0.17569685526802914
353.95461411403215,0.06851650984049229
372.5152908166765,-0.17092423127292022
327.6924359939717,-0.6869729158964901
322.137637413029,0.0480326273089986
348.1321058185452,0.11072322084874031
322.44356373322694,-0.2549250322587113
329.90541209779974,-0.23869287407831052
334.3442257900688,0.20459132386611145
345.2809085551318,0.4931050259835956
307.3002417895103,-0.4800673120321335
330.4763191354384,0.2214722788448853
345.00776256734804,0.11405046416223286
310.00235116733853,-0.3951568323599304
310.00235116733853,0.3260433078734195
313.974225867671,0.040906077813588126
349.4974234147619,0.5408393843514432
334.1798510258004,-0.20415016268805175
328.22982624299914,-0.14947898389561942
348.22886652274127,0.2704096200257027
358.6187729293836,0.057057003715158316
356.92289815410953,0.23401836596872272
344.28084489923833,-0.11577086144006898
354.4971338509997,0.4643681013078549
368.25328835283926,0.29164221941084634
372.06961102563264,0.41094872674750604
357.65235246902637,0.027614632249537863
337.963912263315,-0.00345549217684038
337.963912263315,0.34850728308390444
339.3480419470251,-0.20610223844801112
356.1140556798637,0.2102834751365208
359.4230708596257,0.0818744072194022
345.9785017367223,0.17285878851339476
372.90004050159723,0.17642416160833818
354.9115372759386,0.013725734774652665
358.7325082041536,-0.07187751956257671
391.7943616450595,0.2551268118711505
370.2222631831186,-0.09288138319334394
349.3227007253019,-0.13387124353016588
387.5720188399168,0.37277595248315265
395.62577924813337,-0.06613044338860163
386.6233288397694,-0.3261551151581443
353.35468109817344,-0.44733798856930207
367.45912944245566,0.540118396522189
347.5548807620457,-0.43080806555531126
343.83287435359813,-0.19270180364435419
343.83287435359813,0.4387557385823584
363.3061604276072,0.20603589702284353
333.20384568706646,-0.483625354986998
320.60304884099173,0.19322550221852453
323.9835854311803,0.18553182921027656
335.01691491055317,0.3813657241570354
335.01691491055317,0.42481125113545204
336.324977905781,0.01894076243820564
339.48568866803873,0.21142115516738613
335.6018601085008,-0.10765807570146535
324.0161373709957,-0.2984063867432951
313.2186120299047,-0.29060303896960704
313.2186120299047,0.36735045282091505
312.00715624781424,-0.20905305493010928
357.08586454066324,0.5462211972030673
306.9395455869118,-0.5971418957850574
316.76028448138874,0.21408535837394993
354.416274566993,0.5823682715661107
342.19126538626597,-0.5549639964010566
293.3420006103951,-0.5501039734916731
312.13202634553727,0.4720183507824913
313.36975688033164,-0.004344795018823788
313.36975688033164,0.19593332671956887
349.78193849120294,0.12194733221156184
389.46378223270403,0.3517001847832262
334.09936416863445,-0.8653281164927193
319.9264727227898,-0.06879986743024347
343.37016725253903,0.12246212861396089
346.40505191462177,0.35380593074455646
340.7201403384185,-0.00059150301626687
339.0615721971341,-0.39354706033304865
334.6386485760243,0.3075753649712851
320.00953875797694,-0.1355573936825749
324.9998700075367,0.060179028279321756
290.17867361669255,-0.6506879652689577
289.2428868622929,-0.09988490823764096
320.56612219732324,0.25597410015495825
320.50109586371525,0.12884693452576812
295.4595408821812,-0.28211975297062963
335.1102707724589,0.6072300201069538
340.3805538069187,0.060812803474959765
373.60311282192,0.4121047871567498
348.7793268271551,-0.4749205816954145
374.0444548081978,0.35384177651565096
376.3654080553915,0.3263013484707926
380.9019878116308,-0.09582900144823725
389.34017532944756,0.13733869372367735
389.34017532944756,0.1398258104367187
388.13326904861924,-0.3681255680717186
360.9118622784178,-0.2847090719018297
380.57825093185744,0.012475733428573221
326.03331451301835,-0.19801177961062422
353.84266051406354,0.35689251801943556
372.3867278400047,0.08034782952336172
363.8630342794686,0.2511531405078813
331.0702800494269,-0.39303603994198966
360.0446281441156,0.08450429991648889
362.98034803597426,0.45202086657491236
349.4490419421012,-0.245054427007517
306.86033656461314,-0.7783572609216662
306.86033656461314,0.4242418776655086
306.86033656461314,0.41330274839958747
306.86033656461314,0.9319989174903185
306.86033656461314,0.7995939002413479
324.7924406019224,0.5124236972955032
352.9481642530565,0.3047103343130857
339.4203791152583,0.2502549806445131
361.21707235460804,0.21680732546371928
338.1471288714942,-0.7029401170074152
361.80317242853306,0.5047005216385969
382.5722312368057,0.2474724672620141
362.3478269700088,-0.3112212579178504
334.3059256777959,-0.57815547702603
334.3059256777959,0.376944660836557
357.3462541493522,0.30174092463369107
347.3363545370101,-0.049031459124535104
347.3363545370101,0.42811804792722796
315.53093931601325,-0.4056851643643995
336.2371715106419,0.06746550073762592
332.0756452076065,-0.1662782302148571
324.49786666110367,-0.01743714011524844
331.64886184357766,0.10361842964584866
332.87165631245256,-0.04666142433438836
353.1321515797286,0.36887724276084555
380.53243750724465,0.5452617377653723
348.8981330578422,-0.4938706210999726
361.48533985804653,0.2800974318954559
348.3700708421313,0.14359913460873486
339.1184110197585,0.01594823557138625
355.9468811763914,-0.24002348101453208
388.6292347035696,0.09400136802219095
372.4538071198603,-0.049998577202131855
380.913556881914,0.3172986187865945
363.98517286752593,-0.1602964460879548
385.9785621356185,0.23793208791425968
375.3453370885535,-0.428175813408302
367.3295195300772,0.13530566349231776
346.88967676680267,-0.4631526882592425
355.3739711645436,0.09138655091066994
366.92565215831365,0.4093560797958844
363.77928233897455,-0.19746025623635433
363.77928233897455,0.31673016256047504
334.0397861678264,-0.42264026951818323
336.4529455470094,0.17392838304976976
393.50540617468926,0.5869154729407455
393.50540617468926,0.6158457376196793
414.1138598253219,0.23733081778470932
377.8023788361245,-0.23670501616834372
329.5381424345842,-0.5998180151950692
343.2678514854689,0.1491351822003253
347.08999786383384,-0.17323602063777344
330.4823116774141,-0.1720402397527323
333.90105546780467,-0.03411381384842116
338.80974534904465,0.2560924055801479
343.52313388174395,0.15687496635314346
343.52313388174395,0.3811681221764047
368.47233356635974,-0.10138616348797314
335.9113690115692,-0.3262682512406627
335.9113690115692,0.189419742973314
320.67647185482036,-0.17582439873103795
336.3259522326196,0.2915084758001285
331.8837162467854,-0.25603613924261026
343.7151353901447,0.25894249037833106
361.55021334794935,0.601937698402935
374.61659383227664,0.19982879779718132
379.5093864479109,0.08778818260327625
333.2067185142318,-0.8003094438132621
323.4844002631953,-0.5175130555342093
303.1504069877723,-0.14595255437131982
303.1504069877723,0.4014585737343168
324.9297387253339,0.440876577424433
327.3496615267167,0.28643685559632104
333.9364025617532,-0.3154046874337837
340.61101638235635,0.35347453552071784
340.61101638235635,0.11470404715475979
344.4620077020895,0.16258834825748636
358.5351698807541,0.17232690630487468
337.6656357811713,-0.27615382194494487
319.287846937669,-0.007187826640347339
324.134464386547,-0.13965090207068442
354.23309622099885,0.4936563200888031
342.26792797349407,-0.4874209131596672
342.26792797349407,0.5196418361201722
351.96189768612027,0.1426314837631253
358.1154452791766,0.4864919495895492
340.4605002072929,0.08539009139963127
349.91527620963814,0.2729379883699039
338.10313794392476,0.02634794032087484
346.2031888587846,0.03909989246267287
349.2919140437752,-0.1557892209284546
353.2350434304714,-0.20537364966935456
317.5340342244684,-0.5932720415994481
317.5340342244684,0.4337035398872331
347.67884565651747,0.4439466370763512
354.6094137522652,0.3152898360153813
360.0745476324169,0.0006217314862624335
351.7664488542502,0.0017042791428139026
334.37679476175884,-0.4069610189096693
334.37679476175884,0.6145807773283423
334.37679476175884,0.4184496480297639
328.3772237417188,-0.005856961737322308
326.16968765444534,-0.18293102298969188
337.57977419782327,0.11705981496197637
355.77887136184677,0.18839069897649097
351.3590168623746,0.015064695831256358
352.55077167633357,-0.1289884848318934
348.6847045390777,0.16837902452357412
339.4363998191495,-0.07104988541959756
359.1237470522161,-0.025389901069956977
352.2676688964972,0.5349410341671046
334.4371398131789,-0.4278282049150448
375.56538874734434,0.641505492223132
375.56538874734434,0.27055959783342587
350.727940345856,-0.3444678895823472
318.789846396447,-0.3503246962850426
351.79905942645905,0.08543036448054409
354.0739072224665,0.047788250487656114
384.3237704341148,0.11132938296043449
364.39390077631106,-0.02676230857809969
366.31202948870526,-0.22044968950194743
331.16482156066326,-0.12743444740942778
358.5537846021186,0.104234391682553
358.5537846021186,0.46392359499202485
378.52598403721436,0.4784277058678299
361.1381412712625,-0.4552222049399006
342.93430597320304,-0.13775964856984046
342.93430597320304,0.4840476868441783
342.93430597320304,0.25026814056218427
342.93430597320304,0.5317841167604911
360.3848473339649,0.3862161289729329
365.43814449353044,-0.04220683174685291
379.9777905961551,0.15648065074583428
379.9777905961551,0.31387146835368185
376.3951232800575,-0.022301881119346945
372.1171758341966,-0.17166559511667856
365.28982010745483,-0.005581613301615107
364.1285085593799,0.2113076256404156
355.74870993785675,-0.2172688592625036
365.6304898953332,0.3408168098629858
360.53926641476096,0.04320122332012488
361.0269810609326,-0.23749807237140885
361.0269810609326,0.23316415681154012
367.14932671028964,0.08756689491895031
343.65551695632416,-0.19498257088935134
320.71020545161343,-0.22605023774360689
362.7846426498409,0.0989641038585205
315.3097746696225,-0.3312431133217615
301.383431969827,-0.49979470344010224
301.383431969827,0.48013538813052037
330.12883226586695,0.48630796138445476
330.12883226586695,0.1224099425245413
330.12883226586695,0.7753713268332376
350.31959033044484,0.2534998024182187
339.64091940214695,-0.10796843850584992
351.3931362459014,0.279341044993771
326.7906803865141,-0.13068949636715388
326.7906803865141,0.19746395973606923
333.6121865960794,0.1944369547408087
329.24910005510753,-0.1781699272496553
319.1116344356321,0.03979404508982043
321.6886205203207,-0.3305663524073452
318.17482396760386,0.30238473343081296
321.24095241976744,0.26471483176703714
314.07594172564643,0.03849980857467017
327.6144645245282,-0.0569309920804244
328.6398248377316,-0.2057012737595869
328.6398248377316,0.3938965397252332
358.0984025353344,0.3829899080149062
331.2469699578139,-0.24219206274449334
309.54031943198623,-0.026075534551978308
346.47392263558544,0.4292190389268171
346.0237604960649,-0.38176238897904113
352.6591167015405,0.41543948122466645
328.2595501915694,-0.4997584806966415
330.5417957091218,0.045790626154143865
345.3273407638244,0.22743883082182492
341.68278300353205,-0.13498519026222766
355.3925248892904,0.04715632206966802
371.1677284894879,0.17298154570039515
332.98801044015875,-0.8256137994994788
348.10539540563667,0.09390634120143204
348.10539540563667,0.6219285115871571
341.02468774837644,-0.17492023612942376
344.1387408605168,-0.08461114027772965
353.9054995474354,0.7279431515473789
360.5516658860605,-0.16137805033986297
324.87470093226966,-0.5643019983541535
326.2867956085129,0.22049005234964625
323.3545868572261,0.032175315743643296
339.7735000038809,3.826405645668274e-7
354.02337999210897,-0.09232300360338286
354.02337999210897,0.12787335277505463
377.9316695297289,0.479294275962161
338.3916577413683,-0.4370154367568375
373.8085610383053,0.33775546335436957
337.88679639049286,-0.5874212014094837
353.7497416496902,0.3590316764000363
313.90210255989865,-0.7668953242548469
347.8312876588801,0.4779438577709243
368.155447235906,0.2802891397669782
361.8738814081748,-0.3800683527590536
329.632021251442,-0.33366380041036336
347.33429597560297,-0.08438145028026156
347.33429597560297,0.9279403272407762
347.33429597560297,0.13949591328525912
339.6915553684723,-0.03244131798317085
321.33796080713927,-0.5417621602240388
360.5898364963935,0.8649487714922088
374.2049830545969,0.20882048640737594
380.6331058114176,-0.10081113636169903
365.2075848135026,-0.5916014861695658
356.86391272487316,0.14338689794544734
361.36022155024074,-0.148776817213502
353.82360606241116,-0.03458283145096175
326.19651517150123,0.04194412424794791
360.95325499820564,0.09916166311438701
367.2323506406455,0.19799928274505874
357.9563089714241,-0.0636439627502341
371.05863896360654,0.09366139087251213
349.5770003401673,-0.22867701870563906
352.05717938948686,-0.03093407226367617
352.05717938948686,0.20257037951330403
377.43192946838417,0.07901491213704048
332.05466589666946,-0.5575732808737257
346.34740269031124,0.0866485139051747
345.860568450693,0.14131666055914138
345.860568450693,0.32752593034490474
343.8821594195878,-0.12798510058905777
322.2407226374905,-0.2121047676487251
322.2407226374905,0.30003272455871866
317.6718398775239,-0.02440923939627737
311.3128537825111,-0.1414549489784349
332.1012885834505,0.012638281997169543
308.2886000788685,-0.14607120035270782
336.2665583024054,0.273823616039067
335.63819295412605,-0.11550717306988645
344.5451792859774,-0.16751191765968088
354.40812260967357,-0.09679103264227251
360.32265539930034,0.70703551462816
357.6168659649069,-0.35382024024625025
357.6168659649069,0.40789009457762404
331.00095480074606,-0.4056452214502997
331.00095480074606,0.576060174772465
356.098766878784,0.6027799723830185
339.4813696590268,-0.2162574150797809
339.4813696590268,0.24836726865976289
339.4813696590268,0.36421588828920903
380.9728522207521,0.6335579198535015
335.1721156081479,-0.43202767937157205
315.8398786664425,-0.42587834396283597
331.63700868798503,0.12792550205426778
349.63300474649213,0.13747029949547596
326.6370398814039,-0.2456733724844753
362.5558234896867,0.31268067466930916
370.460414297119,0.24396461922913204
354.3533060879541,-0.5617621978262832
317.88274654894667,-0.11008300124615289
316.2359542164088,-0.025169587743675947
322.02524945003614,0.04119661444099165
350.29823271663764,0.277725887573979
323.1329525159169,-0.40200903037816715
347.74870115872665,-0.027118349087913884
340.101326697123,0.37317361638099555
336.90282626115334,-0.05910427779190286
336.90282626115334,0.7417148085949066
357.09817009456,0.5627449660772754
360.90776465168034,-0.2640466584548449
365.1365992974178,0.12511217297628718
371.25320820191655,0.036796592857058386
357.089528722623,0.02693115733029572
340.34518304575295,-0.21269064540001636
323.63206039128727,-0.17469900225546553
311.1885310644133,0.059917370557514005
337.918203174417,0.6266937053471793
370.1386231475622,0.26307229871417803
370.1386231475622,0.38837427073815434
365.3381102023745,-0.1226584649994038
353.2068861777405,-0.2724163489639295
353.25745909542167,0.09815115462083668
375.57415268718296,0.13932763226921452
353.39273791228106,-0.20573569618682086
346.93641731577054,-0.26510692856197693
351.4800526440909,-0.07774701215214463
373.13879764230296,0.18387586163544256
375.2523373556455,0.5009501017663069
344.7808666324234,-0.22826779774686656
332.2486091698086,-0.605981547833153
384.69916110083574,0.6454860197709422
393.4796606778045,-0.23007608900684318
373.9294027287938,-0.06218099911416175
359.5150698902422,0.051852304824933526
364.13981182915427,-0.018920342078331487
384.65434208791663,0.2483702077286125
397.3888420802759,0.3555833625971445
393.56521962658763,-0.1619733721186094
396.90511358505347,0.24243731487513287
377.207812837591,-0.36949347428128476
368.63998730767986,0.0922679061072813
338.11381686053835,-0.008114847484193888
352.8242439305174,0.242241529048556
353.2078409770759,0.14415246727503472
342.908172470021,-0.2986193028494881
321.5604604392894,-0.17341468439440177
375.4041358510069,0.7882493367568486
310.3224490895396,-1.2537150837675881
309.8656158758393,0.15882311175732866
331.75184637271906,0.3758952868246297
331.75184637271906,0.3293486908353316
353.23579217389624,0.252926823410462
383.64149367792857,0.5606350398460336
354.2659709833033,-0.8074899568347291
358.05778358524583,-0.0910446102715241
360.436375488987,-0.10674275688802481
349.5258923688874,-0.39279250123558995
337.60257469569234,0.2398802739904795
337.60257469569234,0.15869119269552812
347.90614913703894,0.20273216266571126
348.9876604469662,-0.09283518398672186
344.06886115336147,0.049406504939952356
393.6524128091036,0.13541392530078156
384.87405101857996,0.16731039159981265
371.14923795431685,-0.1342655258022205
371.14923795431685,0.5150339499531356
357.05756110008093,-0.21648808181510049
357.05756110008093,0.5185309321007026
330.64165011472284,-0.6265386760669571
330.64165011472284,0.7962179304872734
348.49074771505093,0.24559289468027146
356.05937509457,0.29855897521497354
338.68488311611515,-0.18170535347155692
334.8228862617341,0.30227885400495325
334.8228862617341,0.8057619428728913
356.19329926748367,0.08567423100544147
356.19329926748367,0.518693626394338
351.41830901976004,-0.033294995468509114
355.47309271646475,0.01683247998312254
342.8948999242602,-0.25129977804238024
361.4565329085035,0.07390510912989612
347.2728245307519,-0.15279978182536524
369.73631574461456,0.6870061198721942
355.1498155210174,-0.05499396121490463
359.4865429074077,-0.11613560201976725
346.27003097029274,-0.28578723824318786
369.59292848530293,0.4546294486976876
350.700350714392,-0.09801993195844716
326.7747307952422,-0.5808043742933933
333.23174837326604,0.2324789194681216
356.85170404125665,0.2858284685767103
345.1737062051232,-0.21083218313344787
359.3167774696455,0.06314498538699809
359.3167774696455,0.2853922380650147
359.3167774696455,0.5121390291932357
344.34619581434134,0.22249167639699863
344.34619581434134,0.7654467861054854
330.2352711957159,-0.16347859065217563
300.62263156064034,-0.1346985720650764
344.33233800773115,0.5064942452597734
341.799204503313,-0.13430136287661298
369.1347765470789,0.5649902177407284
325.44585211515613,-0.5709813510704862
344.49662446419444,-0.04905391228305689
346.64321458139636,0.02243144281135301
335.45619317626944,-0.2597242658014238
337.2624794114823,0.134987641767907
344.10452656988633,0.05958865017635162
356.472248932272,0.18632718764877154
356.4323016453943,-0.2752178311446869
339.24301903866757,-0.37061675669338
353.8796749758748,0.1084520330923624
349.45255948169597,0.09145362181993733
348.2879208396403,-0.35292423324108313
325.0875910568766,0.10159230764520544
325.0875910568766,0.21819766852433986
300.9022945215725,-0.2489699391682052
321.6208071979405,0.42235732212077437
319.13538487535044,0.05223012090073098
325.99284431016594,0.20564773691535265
341.0510885957971,0.17957151199016153
341.0510885957971,0.07699329735737592
370.71102648717755,0.7269473181054309
353.21762486434443,-0.5702793121490686
345.04020569183456,0.09567131886433344
313.18858341776945,-0.3155539313661393
328.4585027403328,-0.01911272138931963
328.4585027403328,0.47303880537629084
318.775489596257,-0.138562141027478
314.7058717634235,0.1657533088373384
318.8036613821414,-0.09169080311437483
311.440283779721,0.2221132984951737
357.2029933868311,0.10131762159358004
349.1598615812403,-0.031629119877493395
333.80903169015096,-0.1067187529944249
361.9391104971463,0.5009695517519503
361.9391104971463,0.7317108163218791
379.29045539980973,0.35865096172631183
343.19550646684013,-0.5968955327155072
346.94031258330807,0.5338657350571339
368.80984754328244,-0.25093839417161234
372.11377813058397,0.10538127650670503
388.86722121080743,0.035070457115466525
361.0990924146216,-0.6999499777307392
371.45836408494927,-0.07918610958836325
355.78950257512224,-0.20588738843991905
363.7357893644126,0.17124260859520746
392.70519543493873,0.06714731601937274
388.1202609413602,0.066177757779883
355.258262823942,-0.5013498004711892
349.4053133275358,0.05458129952342006
348.2846290220078,0.12587815627057353
342.0185180910373,-0.08276696267796524
378.99596147665847,0.8281878302641417
344.14262434199077,-0.7371187872614655
354.76669462323184,0.37405729034674096
353.6972128023302,-0.15118989885684186
336.2900053211294,-0.5720072508163412
330.0633618653637,-0.06463125169227624
339.5789437841929,0.12183130501057349
355.45475879293394,0.37935569641217626
361.48339144925865,0.068257706039617
352.97782259400196,-0.26464119276602105
378.3059135024888,0.18363079697508056
342.6474394750521,-0.9287654742604445
344.85982778468224,0.3239282405394306
353.8252345100856,-0.06998216805163793
356.18998811341953,0.1053078672251786
356.6135391852352,-0.0018984241063435547
358.5961916555878,0.236253644063936
353.59908370146803,-0.3148261555559202
349.3777150452112,0.17243081580249964
347.49447169408586,-0.022165425725688692
396.5859376863567,0.8419319484627295
362.7615659901757,-0.6682512978476325
329.17107418041815,-0.3630706368854817
366.3163016644804,0.3999444463506734
375.68661466060917,0.07282705063607864
390.7392975387696,0.09735485081966999
358.6703403539413,-0.2092281210696001
367.5940418110264,0.26797811353094403
326.1980147548908,-0.7353923341513564
334.64521845209913,0.14095221073989705
334.64521845209913,0.20158533613050622
327.091034322466,-0.33386834000612
329.58342940821854,0.11708849152307721
311.60401061242777,-0.20514902759498455
321.4350255892158,0.44463049659987064
348.9230167923991,0.24381154797765703
358.57100413148123,0.18354981774155021
345.25601590612894,-0.22718430187444483
350.179186261294,0.033303378550840534
324.25529990307115,-0.16928786541973295
313.31153909885484,-0.367654875016342
318.38882839090473,-0.056017335376964184
318.38882839090473,0.7791256150585468
353.57544487699226,0.5973290792951502
341.94879063638774,0.06496082383353041
347.76945787422636,-0.09827270389405385
349.3114276260982,0.07582814942622917
298.1054832777894,-0.43668374419428346
324.63880899454955,0.2195662255053321
353.1424341998399,-0.020404363853344876
336.015457557227,0.12016929548042299
346.7830058486035,0.20248386852631484
343.544553458661,-0.43815035600755436
343.544553458661,0.3579949497263897
369.34578227523974,0.39343575341865744
391.93578840470275,-0.00307948746205966
388.15231187465713,0.0022281040236293848
382.2158961044413,-0.12238237317455969
379.86908651364047,0.47222755210316336
349.730711295318,-0.5836670947837774
325.1780837036112,-0.2173786039757033
340.35520933191395,0.5461452233100772
348.9566591255154,0.11750104530847238
317.9625694242188,-0.32309869195717056
317.9625694242188,0.586704083448808
346.8599950806429,0.0036922055521699804
381.1800893584648,0.7612820608854918
342.9678734300276,-0.5291357524068871
338.5229575255658,-0.019053187840881947
361.6121433363942,0.06228061237857219
400.04359234117265,-0.2500535394083272
401.30316928232264,-0.08072319523137139
404.81322360037404,0.37570667489171683
365.774978207922,-0.5311082335011861
365.774978207922,0.5748398367045411
362.6800309793564,-0.2279773742902762
378.5940607037369,0.398120375915596
351.62045262304895,-0.5184164261733031
358.1114361278704,0.3652329207774301
340.51264526547817,-0.03617682725416671
373.26854681389364,0.22472991266101872
358.9585997008422,-0.19086239040314013
345.7591744632685,-0.22893007339871474
353.28094676616325,0.06376768904101482
338.4048187072836,-0.3894028295287626
341.52067966189225,0.1909409660707979
340.571079260436,0.4871920761582942
337.8492857066109,0.11296711483805666
353.44519727452536,-0.14735086144219167
336.3405884857687,-0.09287448830889389
382.073081026172,0.49023215617239657
348.0557211867873,-0.26548724015469816
341.18158141415984,-0.24702193773975978
347.8703728603646,0.23039102740995077
333.72174754126473,-0.365255384305442
352.17705846341175,-0.3389552257591504
372.64058271022316,0.7236901796539996
357.57046657809826,-0.31521088193062496
360.96254829038924,0.014903569020475516
360.8687447373449,-0.20522703289179844
360.8687447373449,0.08211996538898347
359.18724210761656,0.47776706713079875
370.6869338734623,0.14022004105913766
362.9374027279216,0.11628311104129807
324.4194422263024,-1.0310042231685657
326.7849436159565,0.011131008163260958
334.0589681891371,0.13414765256106875
373.2435585194007,0.3490774716320857
362.6816583471442,-0.13818141748117796
337.1162559064124,0.09699199616113674
332.7427827433217,-0.14513619205126815
332.7427827433217,0.5113205827573211
332.7427827433217,0.5594786620367813
349.1458252377842,0.16883076147951215
323.70613497126385,-0.283009111736078
350.9873785007508,0.3741144604080091
344.2143628039009,-0.19696017522767306
326.3218256877384,-0.24320089820650992
338.00365636121165,0.6839229588227909
356.95616469428336,-0.02298071867744511
383.62238638795213,0.6523161521261045
355.2407793942661,-0.1295089092672015
371.36411267819994,-0.015971762475714968
365.31629069822895,0.29808110999420023
342.85991189963977,-0.2909275296456144
354.72846969652244,0.18039221158585406
352.24055602603556,-0.29096506598739325
356.4388679504218,-0.02211111523956788
299.21044245699136,-0.3296191876705734
330.2905785127898,0.15067576184287645
347.6880358502512,0.3632533260552009
336.445835518653,-0.15886000291743585
335.55190155092646,-0.3066950732928717
374.64420831231774,0.691283514602901
351.3089338994369,-0.02442274081818141
343.04882323352444,-0.33087177333527507
368.8392530635748,0.014710026538978127
368.8392530635748,0.366922156197802
363.27968562607134,-0.29623971476758015
363.27968562607134,0.31384766044868684
362.8744010940334,0.28773638056111395
346.9487411818704,-0.12824921592039118
357.6700003766271,0.11891343588013115
333.3929202913075,-0.587936089165396
344.3883224258061,0.0799271096487928
307.47678255396306,-0.6292945638631409
307.47678255396306,0.9223644776560604
307.47678255396306,0.3670842460497852
313.04935317205667,-0.020505946964476607
313.04935317205667,0.3443989543286534
333.17583065254024,0.6040759000447906
335.63687367673396,0.31885292641163687
345.3677128818352,0.2558390215884856
359.0748199751903,-0.0921273033043235
354.0592191174823,0.020828599860124086
351.8172600726041,-0.19645600221883797
351.8172600726041,0.4217493609479561
382.97865701298406,0.4778422398336488
358.9203071981814,-0.16137307333008266
344.7418062814265,-0.2873117731797947
329.68605292085834,-0.044982112739717195
319.5138712683662,0.01974107069247566
326.22298886683626,-0.23935463512520982
326.22298886683626,0.11569874015481219
326.22298886683626,0.45538276602530914
326.22298886683626,0.2120869972895889
349.4484529670475,0.13074217981204583
349.4484529670475,0.38732603338905847
318.8440279291805,-0.0060165605766542285
343.21739098368204,-0.3923992584877851
299.7439156195714,-0.1882925927885708
316.51804927351685,0.12124615629363689
327.1471021349516,0.5104010239635954
348.31794020110027,0.005277858478393682
340.1944257944575,-0.04806340144011756
329.11920910822346,0.05429908711050757
314.52596298410407,-0.3345636418042659
320.7612620275827,-0.11034472246115001
336.45537686160895,0.3734563544701359
364.9099132764729,0.3231306644156575
355.2010614166012,0.16087414472701766
383.4208342032933,0.06601554242752172
370.29148857045635,-0.2335435708669138
386.43705087148226,0.16666437298363235
389.14414137746,0.29185132868724395
371.70772213094466,-0.26838697499715636
379.6946670553223,-0.08170973651431268
379.6946670553223,0.25505815208373406
353.60614262624955,-0.27053621014033524
340.22132725022817,-0.19448761057174124
345.14554828199635,0.19720037796048473
330.2129391530313,-0.10027240661270298
330.2129391530313,0.9638316361996431
330.7346620267568,0.019798489764525584
329.7824815582677,0.10124194262130004
335.6811197327858,0.21070543563712363
341.65712417780776,0.02249539460763117
333.52773372003696,0.3764658212003269
333.94378612546006,-0.27700987673290456
352.22273348553136,0.20778865549948478
360.6151289760822,0.02435572179274459
364.3481848285743,-0.24979668772812147
349.7706661666687,-0.11124512939852593
349.7706661666687,0.25441249746847916
366.3446681107694,0.3508003095919321
348.02196413485177,-0.15221390220062858
345.7665208439725,-0.27552821565814156
345.7665208439725,0.37083773569872847
365.666845629964,0.32263541050645017
344.65676427715897,-0.5671920965113486
357.67546980699257,0.06987246681887882
361.50198364735337,0.35287821238648576
336.0863807891994,-0.19966540590621662
354.8167535194196,0.12944047326868713
353.7168697683864,0.15407469695151121
382.80292508753655,0.27210348311382404
383.99268928652026,0.11885181173965975
389.7229656126295,0.025911123688501903
372.2455186266463,-0.337413786786783
368.9710349410503,0.03686225500132423
368.9710349410503,0.23414606497567547
363.6347740271911,-0.17923358545590418
363.6347740271911,0.2359370781606458
364.0252778175507,0.36043641043329444
352.86632771850026,-0.5918824858049447
349.5247328848705,0.2681600016946959
365.3184317081927,0.20859550104160007
336.39905193910425,-0.525411470171548
336.39905193910425,0.3811927867823215
336.39905193910425,0.3538072514288615
378.28307172508454,0.6627067977091201
332.0286647465043,-0.30810311414848
332.0286647465043,0.10792703985111984
332.0286647465043,0.6467744744321635
355.8498732160963,0.2209706383662251
342.0143033859519,-0.2671723088832323
338.5180255912464,-0.1706378816055576
379.4488092723519,0.7583912605023215
372.1204354765703,-0.3523385830105781
363.73156871821914,0.16765145901115375
357.3116020564387,-0.11939113566199921
355.6122993437707,0.014464459042756062
342.5132484390478,-0.3724095919700403
367.96660009839843,0.3012752069078033
353.1963363294152,-0.20125417737779117
351.9330789612411,0.17366710249257267
359.10968454317043,0.31202514800963854
353.0656321516462,-0.22852994225138445
323.59004646806926,-0.4524546310003643
323.59004646806926,0.34580095725721094
336.11992168980106,0.12022860636807309
364.5998005901295,0.31720897258946934
364.5998005901295,0.26160535981739486
362.9707578014937,0.20794052097016902
360.84100909804744,-0.09709266064351141
344.95875835007735,-0.08081978279142277
344.95875835007735,0.2725502163895044
380.62954760820935,0.31924066550561747
371.4030856223932,0.32342064238446255
368.8296841898081,-0.351276683982519
332.824692584542,-0.3447709968129402
352.58977414589225,0.21112734441999237
325.5729765268649,-0.6233253647026231
337.9719715394596,0.5814046668231185
337.9719715394596,0.4207929682282838
337.9719715394596,0.570852091106758
323.05351064604616,-0.3271565709776496
323.9106935085771,0.13541736136301097
352.6138448480064,0.19255957704615412
361.3502707624546,0.20869419301106973
361.3502707624546,0.1923702892484016
354.3387161256745,0.011217296754239214
354.3387161256745,0.2554690774570645
356.1144539509253,-0.36434021930642757
362.6967069933917,0.0505414937202886
362.6967069933917,0.5459660567253195
370.0918997284593,0.09864186509230422
348.1752693875864,-0.13065375244991628
348.1752693875864,0.8086357860488533
344.20263837619825,0.005553205388878268
368.2525876440899,0.012804868627313226
363.192983175869,-0.08174273633733264
370.3992947974388,0.33591262329252913
379.65816430318296,-0.24441060551566807
379.8571408983953,0.24650824959314832
400.7053642044536,0.2556518570256685
377.9438985951865,-0.4463916688116569
377.9438985951865,0.3733516904571843
380.67331555214616,0.3418268441764667
364.8321764739127,-0.052432536309424904
359.57925115248815,-0.04855797008838181
360.1249930385845,-0.07507113170640878
362.0010315186883,-0.17854206244737725
370.243534525955,0.1148360408951703
338.113796678701,-0.40312287148515225
335.6985249982796,0.28158193145191035
332.979097564022,-0.3171151084158055
332.979097564022,0.31074978669153097
358.0662193167746,0.5617113842502022
364.2489869792106,-0.36011069978826526
376.3718969387813,0.21077437315602765
381.31494611591256,-0.16734713867140272
380.2735388370105,-0.007116013016457146
380.2735388370105,0.33379364884649476
370.78972552089704,0.01066147431436093
366.78180467627703,-0.13004462745152523
377.52573699254356,0.5120949290843555
403.9858304703833,0.19333548227746178
425.3479271231536,0.15133333038488672
364.10158515611647,-0.4086927028639593
375.39515301031236,0.15081071851045635
385.7968826400841,0.2939261443943906
386.02650583679747,0.3078773698191526
375.71654467367483,-0.25824331602393613
375.32953180872295,0.03875449572524303
373.28344748254426,0.2586935370848096
385.0154250374812,0.4889171578214473
396.05732405606096,-0.16720685482459885
375.3192326876953,-0.23575529679101237
409.3215118658276,0.4188233436879045
361.4198803826565,-0.7581288252108607
379.92248335691414,0.19631991960397954
394.9264909674587,0.4611401107176789
371.1141881164569,-0.25786162578447147
345.97502320980993,-0.3629035774102931
345.3935257559803,0.2718604507407463
378.3266210697481,0.20991132972699234
387.1930009111631,-0.10602265010811607
371.41700519013466,-0.11108489624098183
366.8639510788873,-0.007573395188387622
364.0746988865728,-0.10459610276848252
346.7043451082178,-0.23958767816634463
357.9022491158273,0.18828613283369577
379.03130862283194,0.5104036594916579
391.41619698329004,0.059773338579020674
390.0720236327983,0.14224344603906047
362.95032790208984,-0.4806623758023534
368.06648739772584,-0.11799419779504206
365.6547701594003,-0.02374747353053408
356.52076826118025,0.0003657347170928915
337.39166376776944,-0.44177360144863087
352.875987398567,0.29010954680666146
352.875987398567,0.24941387081867106
358.53493739595734,0.32223723975266694
348.42037559378946,0.22800672571054292
348.5606553241166,0.009717742894395087
359.3472791010792,0.012937595363609944
347.4447544997134,-0.22863735709688626
375.445271467125,0.33646925874006683
361.64169119554987,-0.24808443743927455
355.5296737305049,0.12049574720447254
375.98162377659,0.04870161708606702
358.0979068068221,-0.06914516907113466
340.31522636398114,-0.10677057670091017
364.83655953063294,-0.2350116788786636
376.9994351524989,-0.1907888712659087
360.6779835683903,-0.1446809976721397
333.406705380011,-0.4173319775205755
350.1628149027701,0.3022249085166777
314.966410101228,-0.3058722049170228
314.966410101228,0.14146396745479706
314.966410101228,0.654901252796094
314.966410101228,0.41677151801548007
314.966410101228,0.5817798428133756
301.224205436921,-0.30423961064468585
301.224205436921,0.4726739117146508
301.224205436921,0.16718353904582273
301.224205436921,0.7467077636359818
301.224205436921,0.43275105182397056
315.5371224352356,0.29686698932641775
323.03763972181645,-0.32217096126078104
311.86700927638526,0.23958470475702143
341.78111449315975,0.3289888984870686
315.2728215720724,-0.36096644337430916
303.1384821028742,-0.35776909732271633
317.449617746684,0.06116241264896871
295.60360013550854,-0.22663154789415785
297.8948034526524,-0.1212980336098326
284.36000233647434,0.14883285559471915
284.36000233647434,0.5378717947235145
312.04030857145165,0.10590036489134036
308.12807207470087,0.15916845755771192
307.0818207749705,0.04724061292108672
327.91376777726987,0.1440777470880903
363.55902754856817,0.21175577159135628
340.5418138779164,-0.44446861844051
360.8630535546091,0.3960765698277555
323.93683570831905,-0.42181290421990525
359.36658652692785,0.6636257818207696
359.36658652692785,0.376057939969769
331.78542076429113,-0.5661343523051983
331.78542076429113,0.4989661530119065
332.94040440964625,0.17885455608131906
327.8421874680866,0.2986495453885709
327.52099926865696,-0.17964426055903004
369.5010430547335,0.8140966313339959
315.2867570145199,-0.9241230993909539
342.4129586028048,0.275363706242274
357.1093828194757,0.1478145905131214
339.65269781698436,-0.13514448728346906
333.65505486041184,-0.016624639555175236
351.8651980900171,0.22237266310025916
342.3609814085534,0.07140329706726334
348.122460318644,0.10038725578715457
312.5263926611394,-0.5199523943975919
327.8318862581227,0.016755035641722316
327.8318862581227,0.32960199767023823
327.8318862581227,0.12871604210954501
300.91946867698084,-0.018018531992652242
300.91946867698084,0.4556461218894583
300.91946867698084,0.3381176797479384
314.55490915389106,0.36451668303061524
314.55490915389106,0.40058016544958264
316.5834814762291,-0.2611592215109795
311.70133770300976,0.04637793265487744
311.70133770300976,0.4693156484534029
340.7419518601894,0.3606952904241325
340.0440468725157,-0.20182503920295858
326.41196411577096,-0.027266544435747164
326.41196411577096,0.29248605320412935
326.41196411577096,0.7152420198627851
304.32905081212243,-0.13037070663540362
304.32905081212243,0.54695959466153
309.7777333325858,-0.016491105788531968
347.25456061350906,0.3479008490843398
338.66285450343224,-0.16099737160845962
352.78802764911705,0.24497045809221163
326.70772264281055,-0.2685323824819079
359.31681440600636,0.13416773714743613
349.50795618650244,-0.12073065951176432
368.51416636484305,0.3299212942479244
369.21684234891376,-0.07687901061513003
369.21684234891376,0.5092764746974581
395.3684680093862,-0.1011535637912857
384.1219538217995,-0.0664520033728877
373.2788592770351,0.029753667136105832
320.28045102949244,-0.4740949361485036
320.28045102949244,0.601269003383095
315.7403697199403,0.044348997847237115
331.81211645707936,0.16159819593735847
331.81211645707936,0.7761612038161729
331.81211645707936,0.5744531802678239
313.7717065784829,0.04258616032120699
313.7717065784829,0.5035479283872064
354.17585303579006,0.7737738204281186
339.5945506643728,-0.049152184712056624
349.38162320540164,0.08296669458206907
332.8336390707517,-0.13251466583074034
348.536272555985,0.3070922454506899
332.5693361048599,-0.37405759818091155
329.3439977095635,-0.26699911597199844
338.58192705055114,-0.01140559389318696
325.83100375561185,0.014212910682886104
330.99937680634326,-0.28562364709682697
362.3848232642115,0.44164732758144964
354.41292195478024,0.21314321751185616
361.3981212534031,0.21587408148536724
367.8758019249863,-0.12008035251756155
331.7910129062242,-0.5669428052935928
341.6270731049096,0.08385033516128715
340.8059343049539,0.07274163112026599
309.9684881549253,-0.4577719967564917
349.1852734702231,0.7332826440183453
323.9651952065693,-1.1017492756855063
324.5479066795942,-0.05563195530430676
324.5479066795942,0.2999104490932041
378.8087491700052,0.778966855132353
360.45507562243654,-0.3036661827179614
342.68515217988715,-0.3735082067892108
350.6033768593557,0.08515887510702669
369.40755560714865,0.014080451818813344
364.55702266977306,0.367137869885255
371.275054958628,0.09455114017578126
401.9934894255353,0.19783179458261202
393.8455768385417,0.18103489742816237
393.25268466263543,-0.2336175561044911
398.1869631715914,0.036037354303061875
387.3010085502174,-0.22474481572191962
377.67471194846985,0.041470439463637376
388.8881151646291,0.20959484895092828
372.1234336054879,-0.3710981676499614
372.1234336054879,0.4086684712102624
377.8014198794237,-0.1363294159822317
369.6390644603664,-0.12681433837042277
334.9993777730993,-0.3753521158886315
334.9993777730993,0.8944090905906705
367.4836678059734,0.455630286673113
357.40709434078656,-0.2766935262982315
339.3998996289091,-0.07941092500107061
339.3998996289091,0.4654104044284395
351.8594247683574,0.03758245595122389
389.3239039062908,0.30750180176335107
380.868269713446,0.1842924533260657
398.7934018517899,0.09153391363770425
371.3787005627078,-0.46514245949458655
385.808120648365,-0.029170781968559822
375.1270291858499,-0.4055272653798738
348.4629090464078,-0.2648661337663043
348.4629090464078,0.4613845549101825
348.4629090464078,0.4087327027743868
356.836268589057,0.0003604650877377935
353.60632353173236,0.11736498043353549
338.18003974889996,0.2397588323801756
346.182123580956,-0.08316077800520816
329.3344577639305,0.020053658718779843
332.24729956400836,0.12106018765348381
329.4783261692654,-0.2177687821674681
350.1983736817013,0.17595023351668715
368.32923504207196,-0.08866834493971965
368.4702233951051,-0.10639847161257876
358.2933086384345,0.003908554659233232
368.76493691399645,-0.13937470742303049
361.88819188262306,-0.12951704339729986
368.28097264296616,0.04342288425152674
340.72467891114354,-0.4228718058096774
350.2690308381071,0.3773555725551887
332.29439153008104,-0.32713176062554794
335.205831887881,0.07040036581577169
293.19291954048623,-0.40320325000118373
331.6497437140987,-0.047425617466160475
331.6497437140987,0.2476464814121755
330.0460534445471,0.24760609047962134
330.0460534445471,0.47226153451561004
318.8521661865299,-0.4822280059120203
354.77081199898305,0.5789113498224197
358.8413100735349,-0.3040486069335202
397.06341345113054,0.9125629558611763
378.99749296581587,-0.6907540608771114
361.8992804231746,-0.13998107123188674
374.376452715943,0.3296198526597891
358.4376640355942,-0.42238209888569145
354.87433735361753,-0.10787357958236043
380.0084013003513,0.5122543829963888
343.0877558499859,-0.2430945750884348
341.0852674667403,-0.30090341547304433
341.0852674667403,0.4820615345590795
330.59241302852496,-0.18281228068690325
351.256011228531,0.16920330925654525
336.9003046654465,-0.4555764756307781
308.8851154883704,0.07248935106304089
308.8851154883704,0.1874258345965245
311.7139620652129,-0.0921366922557354
342.48083407754956,0.23505593221500476
342.48083407754956,0.34799266810273366
386.8361022048835,1.1652626321896378
389.5510094316982,-0.05308842232795996
369.465261697791,-0.2654312005970496
349.52315683475246,-0.1470348960318688
349.52315683475246,0.20656112140773075
356.2334592822683,0.1962182028130428
349.0645525796162,-0.18536579126282504
369.8662708037064,0.4642072178246508
375.7613997088248,-0.08360707966221526
358.66907391427003,-0.015163511331707014
390.09245193042074,0.6894170763506509
412.252708004548,0.2378389496903992
378.3413770134569,-0.5208552246242562
343.56162723915,-0.27602466139228454
349.9991634461632,0.12436143235686359
348.8211660053845,-0.029244279514159643
341.8243390188947,0.18747436748515156
313.83765499927387,-0.5751494207549968
313.83765499927387,0.5421188256458436
313.83765499927387,0.5486443833340218
353.68572429211315,0.6237436449698635
344.9753503203857,-0.13750056856383708
361.1489773811625,0.15233731585476562
333.17465028133665,-0.4646403383146662
333.17465028133665,0.3968241837867481
333.17465028133665,0.354806805462772
349.3452219796098,0.5655800035509628
317.7714036339354,-0.07607445619851205
362.2746431707533,0.8440975892901861
350.7569041743381,-0.2966007308962162
342.98427035394917,-0.24974514847792761
342.98427035394917,0.5624155977399141
349.82682723662157,0.14076322010646436
358.26362893513476,0.1369626915952722
356.469034578383,-0.23114520151386841
383.0666502440476,0.5525030343317212
401.0357048395278,0.3105159555213959
379.3168605920557,-0.7909420257573174
371.4077296793257,-0.16836989274747793
359.36736251811595,-0.094535168666539
363.7841451403931,0.1449480997541741
363.7841451403931,0.17989896393191884
348.4353490885165,-0.2826457319014253
355.2266148213345,-0.36819581461372763
355.2266148213345,0.3847511277792819
368.5093449137918,-0.03689578263947624
386.19834901583766,0.48253495669791846
377.5036670524958,0.18503612192353103
386.68670275352105,0.09390999827178348
366.48511965557117,0.15759787284400772
371.3744211924756,-0.010290541643826145
380.6870459675938,-0.01290033323255102
373.7577125175718,-0.44556802592796885
360.9216711340614,-0.37689521936010806
359.0954096981845,0.2740219373979471
331.00929841728,-0.13313369695492838
337.4946943433015,-0.21496176173047843
337.3448700317193,0.18186810924851216
352.5368722447972,-0.12059697699112348
324.6315155192901,-0.5507457941835128
324.6315155192901,0.6620206907078909
349.86872776356046,0.4631055743637944
366.6248390523313,0.11672655558118095
348.2673492513642,-0.5337153177467826
338.3081069617468,-0.07417258850591679
349.2303025138187,-0.20442210687951956
338.5843571479769,0.21947134877655117
338.5843571479769,0.6095868590929285
327.19229549795006,0.13102767751979627
342.8150673976096,0.11795839411831821
341.887901687367,0.02593310387112524
345.6608846462773,-0.0302711017970978
336.7199864750309,-0.09726829993087449
329.02771286960865,-0.294897471654167
353.50325980421655,0.07522233169311221
365.1661188548635,0.02940281198266348
356.27454855400964,0.13930538638305734
337.73052780816136,0.0023712012606438293
354.2568314590742,0.022435015890550858
361.448267266406,0.13425358935251097
361.448267266406,0.1476811035939818
361.448267266406,0.6670711349736393
368.29614503445634,0.13753702915460053
379.45266038303595,0.08919865769871649
369.6175651496911,0.08614109500445011
372.29291109680406,-0.13608275850333484
323.59625791761727,-0.519345566176753
336.44477700743084,-0.00936525581028036
348.96266275203095,0.4908935653476192
338.69481755527863,-0.2664082126919993
338.69481755527863,0.38807837569390813
329.7694703449185,-0.28776628547495875
353.3943527265557,0.24417150854003467
343.0643594964409,-0.12126759872876391
340.99215674990916,-0.002079108470297797
324.45575575531524,-0.208296945865186
315.51489478397457,0.04774110248899888
331.2032847178655,0.10960719108061312
351.96624594107004,0.1001206878739822
325.8283331853288,-0.2691304687355114
360.09547333626455,0.4648612092420308
342.3239980644991,-0.18373838184561464
335.2921321747884,-0.34415195059966663
342.94856495278464,0.18844580831250823
350.5834540199502,0.14676545664860896
350.5834540199502,0.1568285237743794
350.5834540199502,0.4358901844183265
350.5834540199502,0.3456292502423821
346.2318636955569,-0.10301208239525295
361.7649943669096,0.20203321258861706
327.7560461520564,-0.30130361301155517
322.70496706282387,0.004793645594531881
352.98109944376256,0.5064088129335005
350.54145034589317,-0.060982985748296414
358.68038316620886,0.18483105561165303
359.5045731406313,-0.11185254676297518
374.43689588610556,0.00112090037669077
369.2418604859659,0.03310823578908639
378.1269681892759,-0.11529018860426277
370.1276241279422,0.04877583447375855
390.50671323627404,0.1651623764047372
384.3525934750029,-0.3984629589610904
368.55891698712634,-0.23258356721146356
376.9170219594302,0.6489048490968798
370.1045405450572,-0.07554867878559435
353.97700810283567,-0.36426159250277124
349.4938771250158,0.0980393863583231
333.0030299284665,-0.07872830199198688
340.27156427986284,0.4692316026211074
358.87102612076023,0.14752838287108716
358.75485330801587,0.3820675372178357
373.73023496265813,-0.25312065876175893
369.2081254489437,0.009736211791732785
366.66559984548695,-0.04714156109753276
366.66559984548695,0.3625101240586446
350.62148247614664,-0.2672361120827418
332.04149541272704,0.0116122066161779
347.2282291797894,0.19532347218603263
340.9245432755009,-0.5136635994663266
358.5164887943275,0.4296311563787185
352.3142423669997,0.03157234972218248
350.2400068858045,0.32088802943121664
380.01078428914855,0.21888118500919518
373.49934261195455,0.014242830802913886
373.49934261195455,0.7156180332228814
373.49934261195455,0.40475314247146343
374.69817824122737,0.07163353381702109
362.9286385339728,0.18980499129611417
385.12477774203813,0.2519522717411746
345.8196431166159,-0.29942654480305464
345.8196431166159,0.10047921987427344
381.82833831211735,0.599046009889662
361.3582790099473,-0.13773239996169195
415.06669019386095,0.7087989506676422
392.2429069284211,-0.5412959335836831
387.204490400576,-0.30151380904044345
353.84362042598895,-0.4550703674891565
365.03050807609054,0.25701425157535596
365.03050807609054,0.36423680657878776
365.03050807609054,0.1376153230461341
371.7862572684131,0.19093383856466062
371.7862572684131,0.08915432273965962
368.0454445189909,0.11245346520104249
384.11699621204923,0.38647682076737055
353.52717441951376,-0.579766239536184
323.96430081181785,-0.37486646865067996
335.83213048278515,0.14360288153613965
346.9826818969477,0.14722295081867287
345.5769687762901,0.026464289069053848
328.5375949675203,0.07883093242799077
333.57528292976355,-0.13657925943493865
327.777976330195,-0.01929588110908753
378.2876238943446,0.24622736568380788
362.5452773674612,-0.3407248770577098
362.354131570196,0.15004843706037718
356.2418616945489,-0.16922992817876548
341.5395636185662,-0.38439118501923986
343.6933044167633,-0.00012758192269757274
348.2218887429494,0.2034120756836728
336.94893153828633,-0.2592696412195892
358.7377522132386,0.06764302104306807
358.7377522132386,0.5314508696576468
380.09617895533813,0.4600132338595131
363.1749707791817,-0.2608860491669702
354.80453178163236,0.07166051783895
341.87025388091945,-0.265112441037445
351.5467512995707,0.1913116164348594
362.1528085246008,0.20682309363564855
334.0193225244715,-0.39315518547675765
340.5319904285148,0.12346430714273993
356.6740854794769,-0.10022541903936144
324.5216486344191,0.056727113665829165
345.2539437397644,0.005210022680103066
348.390456575309,0.03223349520987995
340.7422217141626,-0.01610528204014372
373.26844754065996,0.4254893374435369
364.4122656274211,-0.3895314659076803
364.0497534923125,0.07470973694785243
309.651775237753,-0.594823750017099
316.5688528428787,0.135941774548769
339.11547549959295,-0.03641445681046207
354.15547781288996,0.3673634289227721
333.12335828153874,-0.2822279639401586
333.12335828153874,0.370674847877126
333.12335828153874,0.42344758370381896
340.71303399296966,0.16904978957916228
345.6200634322803,-0.2860944374202745
322.1770880842042,-0.04943405468691253
322.1770880842042,0.40621202552517843
319.92856142682564,0.20722348714411964
321.3719903725034,0.05827445046224966
321.3719903725034,0.28698768037770606
321.3719903725034,0.0793355258003885
323.8897327606213,-0.004631882164403578
361.86675654490267,0.16207992656393344
361.86675654490267,0.26514056387702567
361.86675654490267,0.35807527861504695
377.4105750605723,0.17112287844656748
332.93402684372404,-0.2749251981397265
370.8123093420326,0.5351727869960996
370.0386129146674,-0.17838312989954375
358.73943176792807,-0.00845403941434597
384.674861108797,0.29801692508806354
375.41646281739526,0.08648587807283548
357.15198715623615,0.13921566328326662
362.8119698732418,-0.2514935291354732
362.8119698732418,0.3765985002714842
367.23973016895866,0.037128929273535505
342.49936648145905,-0.42937556387005316
341.09671897384754,0.05070336062306069
325.70950767337985,-0.16595053109926994
343.56228021744414,0.29382868101811255
334.6732015090302,-0.43755073264458133
339.6730072085664,0.3699056174104953
339.6730072085664,0.5808960600757018
375.0746157155638,0.3080088906287983
350.6554286494804,-0.266576212160885
336.0163010228779,-0.030380534728806197
329.8036600670838,-0.29266073767939815
332.9797661511985,0.3375637748981717
356.3716292266741,0.17907005733320602
376.6487410733142,0.1499153068555188
354.89797407096245,-0.7791655514795366
375.5273989997098,0.4260735130701505
381.03056238282403,-0.11516517725408448
342.48607672285704,-0.5202904684384748
350.6712453254793,0.3259225200712308
336.56221295192836,-0.29124269234648636
380.45352427787043,0.40638190361630677
349.5479942430163,-0.12379443883514796
366.34532878950785,-0.07759001025624457
345.57446893005033,0.1083638173139434
360.5252107986162,0.2231282011306348
390.80979974436946,0.17471582069936176
369.6595358619398,-0.03475351743486499
357.9936703714677,0.2789631834322108
357.9936703714677,0.17354329690624581
326.3340300681097,-0.3798484245121472
326.3340300681097,0.30785506837821686
326.3340300681097,0.2908506734401044
334.4997943347295,0.5568644102692133
322.03611989807735,0.14444903820958643
340.11198366541856,-0.07616551763658208
309.14306647489303,-0.2734797108394105
317.53538001148536,-0.050145332306215096
354.2643281818118,0.28169943076159143
344.0504094062109,0.0757225905354062
339.620154267826,-0.11454386516913928
364.4199508164966,-0.09640066065549036
341.71876409450266,-0.3564235430928875
341.71876409450266,0.6358825424949828
341.0793786000437,0.053392326715311356
367.0297639316449,0.5123537997923222
375.7790532547684,-0.3767004215316092
368.1838926163181,0.13456943494975349
340.59259059906833,-0.23846383450916164
328.11636663869643,-0.30619694306051315
347.76463732099256,-0.17702355303663353
329.91389875457793,0.13428416609735905
321.5929275104796,0.030129888654755632
319.6870938438538,-0.046438598280701626
325.63703904003125,-0.21119233675631222
287.87424410903395,-0.23533009202287758
287.87424410903395,0.5943316054814431
323.39795275961046,0.7058788880383418
317.89680330087594,-0.17495440899494952
288.29636292389347,-0.5401250436947294
307.08409478449454,0.19776583074394694
346.4812597285637,0.7164953763423227
329.9719068669861,-0.15921598583668128
327.4934392852087,-0.29880658111869707
320.40345954155623,0.13149786112307993
346.7371193071009,0.5906873792966962
353.56885870873447,0.4152682915914738
339.4818188292719,-0.23295701535857916
339.4818188292719,0.34108218655296696
339.4818188292719,0.47951857467580794
339.4818188292719,0.7082484637065818
330.81207977836675,0.20510731046658748
314.42324278184356,-0.04790999213196301
309.35202223660866,-0.14173385867820798
343.16975142839203,0.13859232516915654
323.7244032253549,-0.4433574221714025
335.2439804471214,0.3870965905516641
355.07005261220513,-0.2907153153272475
379.4664266023166,0.4057271393379551
369.1353863772298,0.366087324644468
319.0078551582648,-0.9016458613692748
315.384777814394,-0.2872162774242497
352.3531168578055,0.4534439452377228
352.3531168578055,0.6389890311018007
332.77738532858905,-0.21977383704825115
365.15221138176526,0.2789784370727375
342.9732572731165,0.05319625474987788
325.7859601020273,-0.13334501881024607
325.7859601020273,0.44067151885258227
355.63327543412163,0.17344245594767926
330.1242115701271,-0.4619277061385674
368.54731440952014,0.7054700982855593
368.54731440952014,0.10279949087714613
353.42796381775247,-0.45681186131923823
368.02344205542715,0.085883097106489
341.83992062064385,0.027492810714534244
323.86166366508417,-0.6512656174796803
323.86166366508417,0.31227686165993873
326.38814655666215,0.34541444210447025
326.38814655666215,0.18366493464986888
317.9752695411753,-0.2000243336526637
334.5467986813387,0.019937690755568838
334.5467986813387,0.17022060493673052
334.5467986813387,0.7158531179726424
342.03841116405243,0.0648272528724192
341.70785414941116,0.018871830250873245
341.70785414941116,0.6063408330285256
368.6715634103097,0.3213597219280473
349.0655591753896,0.19881501653696887
335.7438941547347,-0.46981895291582987
335.7438941547347,0.30940659026384765
336.7427693676447,0.5090499603583112
340.1670420100983,-0.024675859111880527
354.5066502461594,0.033531878126268566
346.4220851454523,-0.16988121082249563
356.65331137283835,0.04352691608028181
344.23497859445945,0.13467891398840948
344.23497859445945,0.5855264879101014
326.7183450092384,-0.31213019728375
352.01043350462965,0.4651191702781716
308.9595597895866,-0.7177527774293821
319.75344361570166,0.3133960417159187
347.97847857553,0.4253394725233193
360.52807624889397,-0.1454163426925561
367.48148526036954,0.07012109592938032
348.3627169963626,-0.07916120821391814
343.3150065654389,0.13080027093849367
361.06490654273364,0.028680874441533888
357.45752695245227,-0.35124423786510306
343.3973711586235,-0.3320347050530472
346.24212727505903,0.3118621313433323
331.18135210079043,-0.07699669751525562
332.05832910728486,-0.3799124387817301
343.12819032736525,0.1724284923917594
315.43326502591407,-0.29851007119032147
314.2486699807531,-0.04681336928501878
330.4063357612864,0.3897906697656026
339.6036849061753,-0.16656016817978525
301.96632603670656,-0.783642137387119
311.58428325710514,0.26233521228596146
325.9302957898638,-0.04832120497053438
312.75431637212404,0.05094581998321246
337.863997471993,0.45088152184769115
337.863997471993,0.11962903576818462
323.94467843847656,-0.42027593926047757
344.2058071379672,0.011081608830522782
349.50097933472205,0.48886605502718794
346.93332131092495,-0.19400424279945128
370.90117793299834,0.12787515513196013
370.90117793299834,0.10997045010765305
358.5603615482971,0.005648677192539253
358.5603615482971,0.2340833630241832
364.0600692281731,0.4230139528935979
335.38826557931515,-0.22518434434380197
314.31458470728916,-0.0737243229748401
309.26645278861906,-0.25083711088996097
337.9988479603312,0.1271111891446708
337.9988479603312,0.18378035168075257
337.9988479603312,0.03827648325102473
356.935671913696,0.22881399985953976
342.78311408773146,0.1477278242321063
348.8811372433312,-0.09688688054234262
351.9808064169718,-0.05183698552491478
336.6002906052812,0.001567558890201326
356.5234062999147,0.10255970586786134
341.4234183800357,-0.16657823664240823
341.4234183800357,0.5745566853486253
346.1144619899391,-0.06106237475182752
379.95484087677255,0.30905406762633447
369.1582817118674,0.1917273484892803
385.5215008101839,0.534210285409813
339.4382405589587,-0.9438611702303206
339.4382405589587,0.478321922854434
349.02477577355836,0.48463096050261356
365.22445156304235,0.29125105205662294
369.8755445853198,-0.21303598473764396
373.27391252443687,0.05778524315383038
346.2174994679537,-0.292882923566367
339.0995688462699,-0.31539850109140843
334.3542766152819,0.02607692778872206
348.55659757936195,0.011383527929751835
338.1910647993575,0.07925593360187122
331.0301207531298,0.06740033028847847
341.3313695333237,0.14434300952700596
341.86426860738874,-0.08863246201588026
384.8251947737159,0.7432903111849782
357.5670109261684,-0.2611500382338363
372.1647211588564,0.2773759498916206
387.54942133029533,-0.0312504225378234
347.2714187178647,-0.4832987071883963
347.2714187178647,0.1152105822455951
348.9438154546308,-0.06370663786833575
347.2719967947553,0.14640966100091646
322.45637555279694,-0.5974935096403442
322.45637555279694,0.38301149766937215
329.11256037966524,-0.071544175429608
328.760058758357,0.04194381035938477
336.54247690523545,0.19836648436273663
353.7014490701558,0.44349048681579006
366.68785926718374,-0.4123161818688459
361.16978558691295,-0.05279844781580323
340.83185823704963,-0.07896276366773236
348.3151069719077,-0.22428650882193324
374.68552939731785,0.1876604927789458
374.68552939731785,0.3508216818446499
347.6225717452186,-0.015777453016994514
374.23885197765514,0.21401460945810413
384.1491378571787,0.05914572555684572
347.4681557736475,-0.39653041015287727
352.0873557820663,-0.12784198458996343
377.736758001445,0.2571871603570344
326.1286712437748,-0.5993735605441088
326.1286712437748,0.4487073543976976
322.3638199259012,-0.24735720651790416
330.9768586080431,0.0249442185040607
330.9768586080431,0.320609093593589
315.98957287435275,-0.34711900001616414
334.01415868990966,0.2929524103763015
339.86607887279223,0.15537985419825873
323.6681627551257,-0.04481830645681839
355.7131800838996,-0.052167537303034806
356.56605766372473,0.10163451518383226
354.94474942032167,-0.2550843759397594
358.60003319457496,0.5987148275171421
378.3289482943907,-0.05274180685432839
362.4374112105623,-0.12066360226594952
337.839176266172,-0.6619283018516171
392.63498946373466,0.7365726108434956
360.2201928138525,0.07299591102116665
360.2201928138525,0.27343694664352824
356.81382751830614,-0.05914687120593953
363.49089177110534,0.17698176755766326
365.88391573627695,-0.094820296799071
369.1209972539957,0.06431984184769135
367.1118869272595,-0.02033108030900621
387.23053483290306,0.40941812553410273
355.45691016111897,-0.30774195282833716
339.813108285384,-0.20390014487941244
321.7819602299436,-0.059588960209453035
321.7819602299436,0.4571130058188828
355.3233554022864,0.39947765007264024
377.87326143764795,0.3193268551156052
366.9566308396032,-0.1346048175710166
366.9566308396032,0.28760059328988063
369.5929936883028,-0.30656839651669543
386.68458095866737,0.1732310942238655
419.91169455320966,0.17533687958280098
373.26254642987664,-0.6192766283434139
408.8475254303269,0.3441980476899289
406.4921430556942,-0.044274004871454054
406.4921430556942,0.10957501612699616
383.30600244468405,0.027066598155329302
399.11554321319466,-0.005036138912146271
396.23843296738653,-0.12158597248060232
396.23843296738653,0.4574267060013426
381.61071143210637,-0.16253900233971308
391.044576445104,-0.04376765876270383
373.5965159028619,-0.5042565761555124
367.33592841383216,0.08526321222097977
357.3621083500271,-0.14173723801332017
366.364011028297,0.10456160992714558
351.96134017109154,-0.22331757837650912
343.8665465376482,-0.15684853015795852
351.64849103382744,0.011764426946569984
332.43315676326387,-0.019197517969814726
301.7689000248845,-0.48011553658625417
351.11399396118276,0.5332753167299416
322.49278675894993,-0.12715417046524635
304.40993913112965,-0.16302084914195802
304.40993913112965,0.3255039050307005
318.14796452145947,0.5798415622177799
338.0401933565085,-0.13699243638757252
337.6497462595068,-0.19340598622727612
330.9834496734858,0.21590889117578627
343.2831495713336,0.11761188702757863
359.433537944117,-0.01889709572196807
346.5611832506984,-0.412260307714746
362.8165657245291,0.6005320780016064
348.25235244529574,-0.60553942350532
355.63874499129366,0.13837991980244624
384.72989872727175,0.7841975758047965
359.2899911340918,-0.6508508245651683
338.22213572652885,-0.31402357693434624
338.22213572652885,0.7810021081140803
369.3591920377958,0.6366254800668685
343.82338102571515,-0.3474521199718765
380.490358657419,0.5689462366692624
331.2388228171079,-0.9131862941094369
327.7075788523308,0.36558330712955467
327.7075788523308,0.4510782258001882
360.4696153572364,0.13005447324167108
347.84916524418264,-0.415805691812011
316.05145286074105,-0.40209167386001354
332.8422491611519,0.042109734559858225
303.920367586535,-0.35508876018934643
309.7513762134167,0.217411761494418
309.7513762134167,0.583683592351349
357.56561213912977,0.45408573475447156
361.16977509159153,-0.1944760782037065
340.98670835437025,-0.3383048686606571
350.4249244324206,0.19397921610266167
331.66686596107996,-0.12643803969672263
321.95154860678525,-0.034629973989467544
375.06463915482306,0.8413552755858973
357.8555893956798,-0.3390392424290667
385.0278922390726,0.2546725655456612
362.9196770402102,-0.2558406095271266
372.5324934528436,0.20179598904928753
375.9822990084722,0.042225249120633634
364.7565999451598,-0.004883531820951248
391.8474549044638,0.5156399518472199
380.0322343900533,-0.37889165224623866
388.6909207468194,0.35540772796014153
375.84709979759157,-0.17367134267249185
323.27907008069207,-0.9842154377005272
323.27907008069207,0.6674689398942064
358.99861127566913,0.5129823689001114
342.77402919980165,-0.498701652910313
338.14112781470214,0.09031488905475271
367.31292255675567,0.21189466449925476
357.7067447206784,0.1696928131173081
364.9665100462884,0.1092369585940105
345.6385873097599,-0.07492012706484275
338.7515092388494,-0.3366191267607519
369.70881900267545,0.4040680397096139
350.2505326172066,-0.14523082738992343
350.2505326172066,0.2403551317260053
342.298611040437,-0.322013200181118
342.298611040437,0.5919462163659546
338.4956247338701,0.2711163647984449
338.4956247338701,0.38032206222101195
325.018072654659,-0.3625831564825148
323.8678055730372,0.20017230043140444
323.8678055730372,0.760183936816361
343.0351162628826,0.29749685799606596
343.0351162628826,0.4396992858058866
359.521823269952,0.1625895415402283
370.0938552374344,0.10158512539737785
331.09689061579496,-0.2924411787394092
374.64706422668684,0.11360139657506352
352.1751553353396,-0.16385860065383895
314.504159499358,-0.4550392345548744
314.504159499358,0.2435547809370746
333.0110836592992,0.5018019694944087
336.74258327980954,0.11037993387185452
336.74258327980954,0.2956461651914424
324.8297257514562,-0.2520887601394861
324.8297257514562,0.6761750078911746
353.44218927378324,0.5464454916234445
339.5143871328717,-0.40950728030850314
372.74847911258246,0.4387987997527034
369.94206880109516,-0.3987487723748018
369.94206880109516,0.3196888859762339
348.6165723588456,0.3150783049494521
373.1517295668138,0.07054517773713087
389.18125300968,0.07897609037468101
368.2278202884329,-0.17970085735964858
366.9701402770942,0.519580874362191
366.9701402770942,0.612251496503518
384.2597804329305,0.213376178333192
368.68894754318785,-0.023782610293096695
369.03067034465505,0.29115033982657224
369.03067034465505,0.08428228670891258
378.81891867852625,0.35801575432435584
358.8741377065056,-0.4345253610240434
352.68275458070997,-0.2225380971364075
342.7916357235485,-0.028414724714366457
372.7998108955319,0.4492678683398026
382.86905160273693,0.28218096327429976
386.07430795820096,0.08780575351772768
353.3717603297371,-0.35645828375174915
366.05950763407833,0.2700804763019278
372.676088939391,0.1502536773277825
356.2506439037304,0.2106446956754553
351.9605767453388,0.12239909341951716
329.1862191951854,-0.25654794512990975
319.0148731055327,-0.06049352055424606
288.1869469185019,-0.4347932584521459
288.1869469185019,0.6351782636743337
309.6177536648616,0.6215343871758705
314.5897304787893,-0.18083292665392037
320.57699931941954,-0.17124818636125383
313.08141177032,-0.008124375361035163
326.34137266930634,0.3407943990196145
355.29407309998294,0.11803214733458844
344.31981970727406,-0.2648399567380011
326.8523957492592,0.16639464759123257
334.5617480954695,-0.05608631721634083
357.22928638792706,0.2837212435387073
359.174576347044,-0.16699735098768542
359.174576347044,0.31354066312417217
377.4888289709331,0.3338875151426919
368.5914489478751,-0.30628533273829817
369.7053982504941,0.16159346318238477
373.7120017615829,0.036223379945454326
365.5257758204996,-0.11290926229048637
365.5257758204996,0.22337785648301178
342.04634860997675,-0.22695520710010442
330.50523669018054,-0.42957523041241075
348.0856013257589,0.3741306294689366
348.0856013257589,0.15795157796003423
358.1451898142914,0.15345591948585025
358.1451898142914,0.30437760004201664
369.76705897812803,0.039688701263457915
369.73640714998425,0.2767684825150809
324.85132898220985,-0.6009901186537263
318.97271891944325,-0.05669534255241615
328.6097073308512,0.24241161067357098
314.4175692326361,-0.030228075468812676
323.7991182539248,-0.1379375881128908
346.48629136441747,0.02812742490311848
323.5013433383051,-0.1103854134556741
327.5192009146233,-0.11506045445185009
327.5192009146233,0.10327437611817913
322.0142212212064,-0.018547089555227103
319.5504138044457,0.09710097494644288
319.5504138044457,0.10347370688919
319.5504138044457,0.43670519659724505
332.7075208967533,0.0703293231358657
338.1344928298574,-0.24854674314883596
301.50107127081964,-0.041715172574186
317.9812210306277,-0.3509640313836826
331.066727622842,0.579120162123445
339.4450562845021,0.11824947494619664
352.03435420362246,0.3892278634092463
361.4556988863906,0.09193206115651265
337.4308129197286,-0.4054551877740096
337.4308129197286,0.26289055182428456
371.6575663919031,0.43990876727934847
387.760886433144,0.10867998891467323
366.9134470794781,-0.2777109854596347
366.9134470794781,0.3574399565238764
366.9134470794781,0.6836531557505623
366.9134470794781,0.3743810837759156
373.7959857594759,0.21744942659165645
362.1712982097664,0.0537133292668841
338.81682150103785,-0.17220890867758953
326.88819546627246,-0.19390849930823606
326.88819546627246,0.504877164669324
359.1603202516424,0.23503130948233775
347.5689616988437,-0.026661277944413087
342.7718352376726,-0.028335203984852342
346.2797498581651,-0.17216010242952962
346.2797498581651,0.6205380944970784
325.96575528724765,-0.10239215176147809
325.96575528724765,0.2073335455340839
325.96575528724765,0.6666695446567701
339.9447592066162,0.01774039664337579
362.4934668032396,0.38751215327818045
341.2146921360081,-0.430574354773853
323.12638630090925,-0.39185940071070036
324.973175712993,-0.10860811634699985
349.9446161916913,0.24530624644819454
317.932495310554,-0.37442154090513213
322.5630241350449,-0.1332100395834459
337.48804557250503,0.022155527927452567
317.86130513637016,0.0814406144112354
302.69037898715084,-0.11629222080159707
316.83270323221495,-0.02923759430041173
321.364728031331,0.5612500293835865
306.3224607854578,-0.0002048276011237249
306.3224607854578,0.5616049941351093
307.9539301016902,-0.07288538886359675
299.70500616685075,-0.05651961991884491
312.3904881773192,-0.16835357058300815
332.9978960774372,0.2039242315717047
358.5437469441644,0.27473555616370504
340.0622300982588,-0.037691326241429124
355.79072505830766,0.13615025520903146
365.2901131857657,0.4000410825015024
384.53339871850613,-0.020700185026953477
374.84208098335836,0.06051288841376845
338.6441267389971,-0.22222717696718064
338.6441267389971,0.7952596454259719
349.41592344666464,-0.004374823415901119
347.38548012867295,0.18349797995506378
347.38548012867295,0.35852506865660416
352.9613404949176,0.08339394528024968
310.5532316594788,-0.6914709861184747
310.5532316594788,0.5558622500353749
324.5403559756901,0.16526417586601383
318.31343563870337,0.1266107447942204
334.70082502182686,0.04489656085536353
339.8187043357036,0.27346742645829636
333.18636211627535,-0.11346336100439203
349.0519853857566,0.2836027038933935
343.85565567022496,-0.053933459918084736
329.0711116169635,-0.2329246193983181
368.08979741081566,0.45544509860485505
377.93419843669994,-0.15066154587577785
330.97125576244423,-0.2705753402276514
358.0155329551643,0.33769482373577375
364.7671193897915,-0.20302189692074535
364.7671193897915,0.20413985525624412
369.9172798286017,0.3037703841085886
367.1305793390772,0.25183070829427834
371.42283031889826,-0.1635665053511275
369.99321985803687,-0.05204120572909687
348.6159028769223,-0.6111256921761878
332.7173180879369,-0.16419557080996583
355.67266437457283,0.2074368632398773
340.47816546532744,-0.07781348230571439
315.23053151687367,-0.4183119000322222
365.9272819349704,0.47692999323203367
373.96798359821236,0.24706996012560012
299.8603193658867,-0.9557320542367052
328.75881881220187,-0.21192187301130616
328.75881881220187,0.3192537311365413
328.75881881220187,0.973516965542558
338.585899760926,0.5851815732893328
317.09473592934006,-0.43163862734331815
318.6539767499977,-0.09893130705415842
355.8905499208456,0.11164706240310807
303.0744398645575,-0.702564221452576
308.3938415392253,-0.0018435854035487864
308.3938415392253,0.7404745867095244
308.3938415392253,0.4550243881569713
324.22586765396284,0.616501655181537
352.9923235757421,0.8431559017983545
345.9614295749492,-0.5622229908362897
345.9614295749492,0.5574156765227372
323.21022228219573,-0.10192192134252309
356.79050469433383,0.13394611591343164
356.79050469433383,0.051882293179914996
369.71255567346356,0.41329206217790215
369.71255567346356,0.34247825305897095
377.90400844273273,-0.16624349690550844
370.85498983332866,-0.34716076845575117
370.85498983332866,0.3172063469637578
353.48182900117604,0.12162452347195085
337.9475658753638,-0.3030304298511055
337.9475658753638,0.4379280575824396
392.59942622889724,0.521377761884878
358.872280270592,-0.3986905489393848
358.872280270592,0.21998216728059106
283.06293357233625,-0.877011365443991
329.02911250065,0.27722934657936094
368.60375322466143,0.3464868129134402
379.65074565721824,0.04746738118274152
332.21691123709553,-0.5533671279596319
311.43325206413164,-0.26663461780253783
299.27134824072954,-0.04324585679921711
299.27134824072954,0.40764464589904037
343.228031915414,0.5523602699715866
362.1466149470647,0.16767821034977715
376.23199496391675,0.07313575537989436
365.48081450049557,-0.39522047642299185
391.11146532728816,0.4283854699629046
366.14173687982924,-0.4339215618565504
370.99384428079964,0.296383263320422
370.99384428079964,0.3970704724825964
370.99384428079964,0.2788261980814468
370.99384428079964,0.44498656820644555
353.4837010919128,-0.23017330069603759
361.48232628792977,0.006835185736804306
334.8959220713016,-0.4801068396034225
334.8959220713016,0.42587729157878584
334.8959220713016,0.3334350461466329
360.70930413824044,0.36046822015225644
360.70930413824044,0.10148112203114579
368.8703511981447,-0.18035730879205403
370.3476102822849,-0.022372334677015715
380.59455310853315,0.20650197316717822
371.01058088007807,-0.30604083927801184
343.52435817014634,-0.061649149154391125
322.54075636403235,-0.47883277976450245
326.8444974311409,0.35473174522212503
330.83586159747705,0.04364119656611365
342.28161411666315,0.3700719785150568
313.12398025568916,-0.600982940144263
313.12398025568916,1.0778137880130316
315.1884735809013,-0.10700138509275803
314.37641099314743,0.11338856394900176
346.6146510410028,0.4160564559709883
340.6103857697738,-0.35346984575801343
344.3740832209327,0.49441844387263245
357.10301435176257,0.12115493633496044
357.10301435176257,0.28584346841478236
342.21304989281043,-0.2677904441075043
332.0260932775194,-0.022441211018303875
339.7620800386149,0.09412872588973187
302.1011031798944,-0.2630181672411709
320.8002662746984,0.4762703633463161
326.06533536592684,-0.1327738844539681
345.46785745897483,0.4462375205309854
333.8466531174632,-0.3464999809280016
317.1573754206175,-0.024149254097778794
316.7369949824794,-0.12366101605766744
338.14216649346054,0.7428454054095255
352.9527429332056,-0.3850648203183482
341.42431325775965,-0.060826992097304355
331.10430225584383,-0.21681745071055047
346.99560449138113,0.4668002101043385
374.4083779864969,0.3776293574755982
358.3329575889458,-0.6652857259945222
358.3329575889458,0.13971953564737305
356.38019838914255,0.13431793986910634
380.9273831464592,0.07977316724384309
358.7914580929162,-0.5356535044973043
386.62398524599604,0.6323366700706856
396.01577101719295,-0.09969539174460351
380.12625772105173,0.16521086177044708
372.82629346340946,-0.10583907187560726
378.9649780929212,0.1822335897558105
356.5189254665422,-0.09383598819249528
380.2062829502823,0.08731821303842935
379.25669951861886,0.07716410980128785
364.1619348658257,-0.22710883278000438
416.30411751488583,0.49710949187465303
371.3074902149902,-0.37002233352268377
380.38061286835256,0.12585654786312261
338.91217137149414,-0.19903142803923402
334.3093364753229,0.03276979093925547
353.27629754644573,0.2562053171163825
338.80063628869686,-0.5868919952947635
372.74890830127123,0.6311795950778105
343.1221967621425,-0.5577870876188626
378.2081753323526,0.580095981549448
366.0080673980532,-0.39622663602619923
355.8834418043406,0.009253344026546984
346.59808056375846,-0.5254490671192116
363.9018187241498,0.15914818352791826
362.82748652244237,-0.2766373263061723
362.82748652244237,1.124858925197941
362.82748652244237,0.32609076006644955
378.62639814443116,0.3638787172639013
378.62639814443116,0.6355612863195574
396.18247295740076,0.4263849768735781
358.1748111620827,-0.2109487320728931
347.6808161902283,-0.17969186226105194
363.76956709531095,0.1860693183168678
343.4414883888165,-0.13660466314331643
343.4414883888165,0.4264111988250079
349.69675723475575,0.402028151644231
353.4078865212388,-0.005769804665419542
361.4038145106884,0.10466128074745029
361.4038145106884,0.3099529667774732
355.752926659069,-0.17193827955850338
322.51490405345436,-0.44196957437770834
324.12461974268757,-0.10662653731162663
333.13209806997315,0.47804119883630847
354.97237221378487,0.2949023186351951
333.20325519060304,-0.40677809273927323
350.97200170715075,0.2981902481386669
362.1308223351541,0.054533106724534264
360.0218328000991,-0.09360865557550824
366.6647570791646,0.09979809712547194
360.0082879224118,-0.08662673869605442
366.13409645083004,0.38842810460812416
383.0909886690409,0.18448290543778967
389.9300017315998,0.5056331099340241
379.59297451202417,-0.3172844141886344
397.9954776948083,0.20788394687713208
372.2935871434461,-0.20087624732093445
406.5864093473497,0.4042306873346888
365.7352436225378,-0.6874039575247934
381.8981417319705,0.3256871428532122
371.71869366471685,-0.2924602004402459
333.7335763363249,-0.40004514021040904
337.99649913586535,0.21730490407321668
333.15988630599037,0.17629481497920096
351.93703621828473,0.3084275170372166
313.2986136056936,-0.6907523392810617
341.2870358610953,0.15034231199763326
369.9373928740983,0.2658052525318908
377.9218338554306,0.46931274673693224
362.86007925640314,-0.12345834672350975
335.9531807742891,-0.46596892268655665
321.6372699892063,0.09985450724593647
321.6372699892063,0.5970735470191357
323.7503472958208,-0.18286345741591958
338.05200724101576,0.6000058668639667
304.7774626463116,-0.4960359146483597
305.4581152108063,-0.09481293266333068
353.75257565498697,0.9126174029245249
347.6756056917325,0.21527301749597427
352.10080242849705,-0.25675697276642495
344.2814436040778,0.24277655114428853
343.4705467201057,-0.12134745288494742
328.5170392808179,-0.35488816754366326
328.5170392808179,0.19507074260354784
349.5180187384115,0.41172282299567087
365.61054114998535,0.10994821864346704
364.5892374134308,0.041693920230500225
356.0824191311806,-0.5700347926394898
365.1433939369883,0.24976056757122933
347.52256906820253,-0.3750271569213055
346.70937398424167,0.15866368787021656
352.6226653269796,-0.21412342296696352
352.6226653269796,0.060170567275918074
352.6226653269796,0.130339930666878
327.48366945030057,-0.22885991820351137
330.5159262866977,-0.2169557134814113
337.96631002468814,0.1781755369165694
363.1170562763858,0.06466076251263075
356.1630131621842,0.03945302398744843
351.4737411690784,0.15858392134737187
337.5811052360029,-0.15740340133640984
380.9762259070916,0.7333258819897992
351.7681283151034,-0.5435775858393299
338.141304954486,-0.1492250121921188
322.1381185788327,-0.26433685964798315
342.58730197728397,0.2851568025374718
377.0208561490776,0.5112064689541285
362.90558445705767,-0.21432304124675738
362.77284209229197,0.1389949358300555
357.1678731729727,0.019845888450959137
348.98430446306395,-0.16701510977702583
358.9447687270514,0.041447904325764284
339.8403874215852,-0.40781323686280757
335.1878479228724,-0.05874150191573335
356.3318407833185,0.006886373077804819
343.89955376093724,0.2147624658557561
323.5286084140381,-0.43726759851085717
306.5656958955624,-0.4951737160040466
324.7750132609518,0.4635659813206985
332.57523526948916,0.2706001356687011
348.9092900125715,-0.13402251662523668
333.3869409521273,-0.3812507932607332
323.70514072937516,0.08916667263986255
310.2459589714218,-0.5345488060145271
310.2459589714218,0.23527862025582635
323.16200448513825,-0.0279822862396486
323.16200448513825,0.4144678913694406
340.1825393609653,-0.04487357464813613
348.2445510479793,0.37455782714914676
347.73204053047067,-0.05500018049463051
364.9880184716353,0.2530871521305471
345.37921497200153,-0.3032437586468859
336.96845970734563,0.122316088016305
341.8300205812647,-0.24788960088073964
329.9028137362128,0.04081958682979803
337.7639581757927,-0.19343146605785932
308.96126047586233,-0.12218306551517344
294.78286741358875,-0.6427317598896707
294.78286741358875,0.9920311341979868
294.78286741358875,0.5772048003545933
282.3861404350488,0.24782791326799725
328.46604225074503,0.27276700851325586
328.46604225074503,0.5419731918532307
328.46604225074503,0.37771446507190376
353.5641509620602,0.3162692939264389
345.8866222989406,0.07489994258276056
351.7780572769082,0.02617204544139895
357.2439046760441,-0.06647067043945754
338.6408207562521,-0.3474230974995862
338.6408207562521,0.38107685216220943
346.38372342629776,-0.16570295090571108
330.8325793181675,0.19041788399681536
368.02114353615275,0.14247009338600947
367.1919710039611,-0.141568696739796
342.5879016087995,-0.07986143238122168
346.10829848592783,0.02754808946428966
330.03689444999185,-0.18755055852784608
339.50801450947773,-0.027325883255798544
339.50801450947773,0.40592454520447063
339.50801450947773,0.7095765366210571
325.1878283986526,-0.13911813915854054
346.795624860591,0.3036836825538103
360.66929066783706,0.5510987066463713
352.43567418618653,0.022533365090794177
379.4566763792844,0.12640636847447695
370.2549618786296,-0.0032813906059345754
340.987559522202,-0.4419593416319003
351.1029904881602,0.27809958491320685
369.6673363170195,0.43162792046632603
340.18895292405045,-0.6598933833681713
340.7755165467487,-0.24610038058312966
326.54671060492353,-0.18068580107456
353.3321390471405,0.19285721761957575
332.4743363330144,0.10808012892334773
332.4743363330144,0.4799618101287706
323.5345872716184,-0.12017940701821317
302.89809237154594,-0.5174511871862251
301.79261070690075,0.03371754411080019
319.3170053278148,0.07628242747398417
345.3042714616851,0.247646240697577
345.3042714616851,0.3877729434171897
319.28547342775937,-0.35091772113173647
333.9928286337086,0.4869713182945361
342.2387037627464,0.020271093888140967
348.6834640900019,0.3916313081911085
333.31973904394124,-0.39311817236557545
333.31973904394124,0.5601227743974277
385.5847590799557,0.28920366369743533
355.47178314216336,-0.33402131915022437
355.47178314216336,0.25442142348720154
355.3927261472494,0.22568745919818411
329.04256666189485,0.008831334661294932
352.6545397925437,-0.12386742998614864
385.2973046079754,0.3041223340784427
371.7412522614248,-0.3861945770327111
379.22416722945843,0.29523822284784274
409.1964167027223,0.2303820286768996
407.15978504932446,-0.0740494083121348
380.6319227347443,-0.22959603474919277
388.9169646411513,0.31414440962316803
366.25812924965015,-0.498766926509461
339.06900058358815,-0.3186286783165997
317.6926548352146,-0.31227682171902416
317.6926548352146,0.43106210406767786
321.91735421216623,-0.11490116900927205
328.8115750729885,0.038610314451034355
358.5048657414106,0.11858230675875348
330.77372405062175,-0.3828362458959873
330.77372405062175,0.7814962391455538
330.77372405062175,0.7746323168100844
316.54536378394613,0.14486846382715157
345.87767603517176,0.3515129549634821
329.31336680600526,-0.11164029238784678
329.31336680600526,0.15688309902179753
329.31336680600526,0.41431756538088393
346.1833980317217,0.2652471245112338
331.9868093329315,-0.11219929460969524
331.9868093329315,0.17844654825614725
331.9868093329315,0.48014221991559225
334.39364779088856,0.07563515806509713
350.88968112764513,0.1840561763031019
350.88968112764513,0.19896668237743143
341.14530111777106,0.021027018219797355
343.7032612828234,-0.34476992263137163
343.7032612828234,0.6129256690825287
331.72901123067896,0.17611537958111967
337.72460058617423,0.23704245861699746
361.9170239282383,0.37536577706009666
380.11922431682274,0.37298085911697854
359.1140544793089,-0.26497157266589966
359.1140544793089,0.8373831009498645
356.74481440014705,0.23974322050548835
350.8286286181443,0.11306325763916902
393.54756676405344,0.21107451426837542
365.05227791733233,-0.974773779383213
365.05227791733233,0.6064328547682862
376.40091525525145,0.11840034579495295
363.87834361584197,0.2065966427778676
363.85547520587306,0.23604907230992467
364.46166540007516,-0.581574347464425
364.54533841590023,0.021878886112290274
359.03738607906075,0.04794531731749885
371.6221384924721,0.11097393193551852
361.2764041463226,-0.3950089816896707
348.2854194209365,-0.20649916270917856
348.2854194209365,0.49668985958101075
340.8316636627074,0.17979635847677855
348.40840840525004,0.4876938809237572
310.76711331349736,-0.18227378019128082
312.49689188444773,-0.05188463570607382
313.3832880762776,0.08003704248324084
327.95541862729544,-0.38206616498348467
324.41689287007387,0.20436729889229355
318.59661118377545,-0.2933867899268989
329.070995742257,0.4663705379196017
340.66939757001387,0.029111076077242615
341.1703188729109,0.23595919636045437
340.2450484978593,-0.05645002197127269
344.19752177127816,-0.25406721439094326
344.19752177127816,0.4640572377488752
359.088424405108,0.679404626602377
358.14082130875556,-0.40978093389344394
316.5404425624394,-0.6129225935453633
318.6255534638242,-0.16992762112261062
318.6255534638242,0.7511651225555624
318.6255534638242,0.40013293064055233
347.1275060608542,0.6584303330795365
357.007545689324,0.177584849258551
324.9179995973215,-0.4938740503655481
324.9660330808973,-0.1531098062816909
340.1793256543091,0.20924458435945326
336.6079584286668,0.1325277374256757
365.7536844240955,0.41455991152679417
359.72485337560073,-0.22280373647345186
325.6577333080909,-0.5830882783391189
325.6577333080909,0.6134420977264199
352.49569095827735,0.24786494000261428
341.39154906070286,0.210537313838131
350.48349645948264,0.11781786095286861
364.1455706850738,0.08855485007893549
335.2154851445412,-0.4021341214745462
357.21028042706996,-0.11934844767336017
341.67918307250125,-0.13479347923168916
354.77443985173295,0.19173427363693918
371.3287121354716,0.39785601466803655
383.5918038272797,0.1668175731580277
370.9126802403192,-0.15189984802668732
373.8881165358726,0.19271072129447475
363.7543540553966,-0.5235466556696338
370.43037172200223,0.2196489306636522
365.9289941066945,0.20688098629125307
365.9289941066945,0.7409330368509472
361.50388081518486,-0.04715574654096599
371.443123989905,-0.22463947911501236
347.75326416013905,0.23150225606468666
347.75326416013905,0.2202034708179781
335.2266810935185,0.032484414801047024
371.07159525874545,0.4853366611682759
384.37250640295537,0.18724104858324608
380.6286301295491,0.26429244695600573
353.72166210284655,-0.21554593211271822
352.73955122855904,-0.20674430814688094
371.8843020114747,0.30779830897711236
366.2568020438983,0.018077205433542076
365.9846858098209,0.1331849927219082
377.2985852988483,-0.08122020043322209
387.22955610453573,-0.05122298160381433
370.5028378323649,-0.07063242176138829
363.186358758421,-0.47216492555219247
363.186358758421,0.4733307678438905
342.38585805759504,0.2152477345096031
342.38585805759504,0.5193355111982783
363.6452748714917,0.3752592109401576
384.66349835158724,0.2208411634865115
396.14554463517294,0.14720536714344234
367.8541914934156,-0.04885826889449163
363.28830330758245,-0.42021995962988967
367.8666213648186,0.056059771185118734
361.71359833492954,-0.04988521832808601
349.3440873061524,-0.3462520909428122
352.8335827114796,0.35428934177934934
363.91074193144016,0.0796358057418729
362.87631365119387,0.20193911634157757
364.66815141512075,-0.07153823327644204
357.9719125139734,0.15108771245968455
360.09665628131427,-0.4903155715280718
357.22860149257303,0.2697334514950853
349.41204229160127,-0.346957201868463
334.28375074382495,-0.08935151122329898
349.3962823122987,0.41318259782542555
367.33709154700466,0.2969358879227002
355.881725523829,-0.5250509979090339
389.819413926366,0.5770429909603081
413.91612159000465,0.3168236877988875
413.3459249092713,-0.017220138164930177
389.8748028293338,-0.873852286411875
382.87493354638974,-0.21609398781504296
363.19747619646745,-0.02468916704503954
339.3078415878573,-0.2690878398565246
344.97917491600543,0.0329020554180488
323.08644785959876,-0.0020846045841835803
352.32253406117803,0.5799843648580918
380.1993313992622,0.3264649784100584
366.3340330337894,-0.3866286053079193
353.7858418806793,0.10931835734766082
353.7858418806793,0.22312071851081328
378.27265919138375,0.016718524203383822
338.0825023442084,-0.18394039839427023
338.0825023442084,0.5360188080536545
346.87515253394616,-0.15784490863006795
382.2762054837885,0.4295887586348499
367.1571111731268,-0.30709110209886603
357.7287922251253,0.09404810719411216
385.68376783816177,0.2583128294506878
370.57465279991555,-0.2410252036449947
372.2282392339106,0.03671237737262345
407.11287345676607,0.2992584599471684
385.9670520464108,-0.10856433805338384
399.2096422884072,0.4799983802862471
404.0974783222322,-0.2763997050785747
355.99920506379567,-0.63864903373792
349.0096240588341,-0.010028844753378507
346.74071562954913,-0.21107339137108738
346.74071562954913,0.3157671276724159
316.4469623286736,-0.22012843557331507
316.4469623286736,0.48193145158302286
329.94390598999803,0.0759840748055467
329.94390598999803,0.2421001763420918
344.55705834575184,0.3318935003687784
344.55705834575184,0.09406195627161651
306.3423387272275,-0.3938645780344814
275.13609224068756,-0.499789875098827
307.8148342817356,0.4180274747780004
327.3540795188743,0.3234141017478578
327.3540795188743,0.45683956812524684
339.49989358753066,-0.017943468399835183
322.60705427772143,-0.139419249667867
348.6316509883481,0.37194817084798615
311.598494230751,-0.2226988351549153
318.41355560316697,-0.11211611003693633
318.41355560316697,0.16714367858855894
320.6581901622164,0.016908383144937034
349.5610444105939,0.23232051047091318
339.6843424551204,-0.4064164058017923
331.93983371457034,0.04665015382693127
334.6870893855632,0.1632178827262578
334.6117227545207,-0.13108956566702545
352.4936727708156,0.33551087702562654
335.4310644100055,-0.10076823033739402
346.3446150835442,-0.3676552916469973
326.5254409626192,0.045994149616944924
340.752388128204,0.1664146892021563
321.2704613501595,-0.44041449949600064
303.05684850110157,-0.06848566764119823
340.29649666350633,0.2933760511723449
340.29649666350633,0.3933898268126086
342.28214569461545,0.1279658739487104
310.24944025117827,-0.44520061229354724
303.1349024105902,-0.4253407068803199
320.0668086208951,0.2284144652071518
320.0668086208951,0.3528704473314974
319.7158785964598,-0.19956288476669215
298.84237243515264,0.024336638755926288
298.84237243515264,0.63410029646775
298.84237243515264,0.811417475100825
314.63181464408063,0.2502215333490767
314.63181464408063,0.2980506114660102
318.8154219879119,0.028978462280747408
343.62687194450297,0.2371397299148157
347.18473072814714,-0.03842390129057094
340.2760608546083,-0.43251640473442876
352.17602006492007,0.13496035411401408
337.9998889230085,-0.12537821685873496
333.99179505039154,-0.505395151880407
333.99179505039154,0.6560189805325081
335.62821497376734,0.116203022677837
348.41612237055796,0.2539200793967211
303.22701303701734,-0.5799587773105941
330.40816256051494,0.3486040516122557
343.64689628163643,0.16603778105934452
343.64689628163643,0.264999911149971
368.78055755571756,0.5722069742741951
366.74590159829637,-0.7343731105086135
333.82755165527044,0.11732052828222095
355.2901392554776,0.6867417345343938
361.3787016208241,-0.25234666127926175
334.43461411633024,0.09894898897027815
349.3576041243299,-0.12439351463308412
368.5156241952079,0.7036293592932452
368.3186353128509,-0.22742688672121858
324.9923746962026,-0.4593919901838035
324.9923746962026,0.5177038548368955
349.6533352144029,0.39695882221951706
323.4056328677558,-0.37202199295427363
360.50781638628683,0.7224229723524331
358.5127935342201,-0.15004900848487068
377.26120221123665,0.2951636020704882
354.99051762829123,-0.4287104579301513
353.05089810827997,-0.1022042086494821
335.6335619030188,-0.02788010983181266
334.3843925461656,-0.2994480857913686
312.8173671912568,-0.1700723768296939
329.79167171371864,0.15144554150083422
329.79167171371864,0.7738996413226005
318.9995669441612,0.10799188914359092
331.2328587867413,0.29906531367737443
331.2328587867413,0.43545824253249066
338.23019558285813,-0.07386483145069178
336.1872904845478,-0.11410062733557425
351.19334818884704,0.06256968739046442
337.7843026684017,0.129713991648714
344.3630692375658,0.003104384670223226
327.7542272835267,-0.33200408539698856
320.45864024937487,0.040217003721181754
331.83378556105015,0.13213527257005353
341.9530544110333,0.00016983301486561686
375.0949952316584,0.721231170691226
344.25524780195474,-0.97795795602417
344.25524780195474,0.6125995594786673
362.307550833895,0.014034946761285028
338.7528562045693,0.07095547964536308
339.11974744003084,-0.01575026467673979
328.4031147237489,-0.17260571300619176
314.1503119984241,-0.17275996604064403
314.1503119984241,0.20886448379724243
290.0943702444925,-0.16235778259897415
290.0943702444925,1.0525228478894633
294.2217514945679,0.21265811691671388
332.4786589684111,-0.0836984509614922
339.0628027650801,0.26132649516694073
345.07244781516397,0.27675085164310076
353.5820931110624,-0.14828354104815844
382.748721606201,0.31879249931432696
377.03300231684517,0.05012917023782393
352.2189002806456,-0.05155885406134075
340.7708908751175,-0.1762353060410078
337.01610282145475,-0.309111499561709
337.01610282145475,0.13115994152917665
352.09778325098875,0.40234838400670014
301.85422713678884,-0.34083478153320357
355.844541273293,0.72563714433727
355.844541273293,0.5283074060776016
350.1031180465075,-0.05493626640236471
356.9242496487957,0.032419610451142944
370.905202397038,-0.1332207450629994
385.2930633754205,0.4914765143007571
342.7465071610395,-0.8294139103254565
319.71440192075505,-0.30302165342368426
347.30605864156155,0.6499057949939697
345.1423957141036,-0.24945424216571155
348.53649214705905,0.39888205489717166
356.35291073636853,-0.0804993861688672
387.6998892873062,0.5511344839899266
349.8383871217769,-0.39348101197060714
359.71327121670924,0.04454544257441739
349.64840610047764,-0.25951102333579
341.2951652825195,0.01857243093627403
331.62976277781524,-0.11606365721991097
331.75218628475704,0.12571572503634343
354.2617258164435,0.04092725595000957
339.55046198828836,-0.06416845134936011
318.36831688741546,-0.3867384828511149
337.3868370806557,0.1843395789535407
344.9328697671201,-0.25084720776419545
336.65825067735466,0.26998111881857767
305.5009465244225,-0.2735644182196211
337.4041248139738,0.24779052958035663
352.4651733860164,0.25513800814007936
383.13496928377435,0.29568072991389727
349.6303697382693,-0.8824706801543698
330.1574736822741,0.4075360806439221
345.9639665325907,0.1279621504518218
332.6160126437079,-0.2932319341875882
380.8147618326233,0.49323861934362867
384.82408287119955,0.0025814677854896217
393.3661402337973,0.2427087462505142
358.5679870847538,-0.4137456465713285
363.79378921091904,-0.055599558031303786
359.52934754601296,0.06589364769422446
354.359313047903,-0.3033577789841502
364.10401293271985,0.2801478795578305
371.12458656275743,0.13207573625504665
387.0898177824973,0.09352909423796518
365.5875735214994,-0.047379721852280454
369.31136406377766,-0.0964836993651943
369.31136406377766,0.10555384009978752
355.5517122268024,-0.433251394222566
352.3726260429536,0.21458617756684362
347.44999220921164,-0.3635582945588567
347.44999220921164,0.6546889874423414
363.4115150800595,0.0675246319648295
364.93543750540226,0.03287027866065273
359.5650755067813,-0.2798638860401752
368.3435479636382,0.17471809575215502
371.5153959209828,0.1347855470878585
369.3573815715513,-0.10404381853084033
369.3573815715513,0.2897875796841163
393.05945914900815,0.7063185984209213
383.2799378681869,-0.09809482124558144
375.8496256263574,-0.18681212681121906
370.2160980164123,0.1744865525259911
392.3317872123441,0.061478118802710924
337.6876205245124,-0.8489934330943925
337.6876205245124,0.7564338620716171
337.6876205245124,0.8534882307518501
348.0710651311434,0.2090097679416658
315.16752327783377,-0.3137891494092173
315.16752327783377,0.6071868843528136
315.16752327783377,0.8135515194414893
335.33956585903377,0.5519878648061649
370.08558025523354,0.11511611556193202
386.6080897375454,0.2869873338314619
373.6157585847077,-0.1034323284866332
386.16361133410436,0.1717153947456609
352.7902594641257,-0.179062247389993
391.6672212828481,0.4315457810847647
363.72511279161336,-0.5032606412332825
363.72511279161336,0.3594493745612226
343.79477789967405,-0.3288319517364471
358.335139388442,0.3499975056357698
340.48128061366975,-0.07238007246860434
340.48128061366975,0.5559095821399751
379.8497795834551,0.26151753880776596
379.15781255877357,-0.47637104378407
379.15781255877357,0.4233603721891086
368.64486426534427,0.1882055021060296
357.2967257868869,-0.1435375396550853
351.074957934255,-0.3387384450256832
342.7358464473282,-0.32234427653827424
314.27959055726996,-0.4322214058230429
314.27959055726996,0.41550010106720947
337.7172896455751,0.3466456860953713
351.47528071793107,0.1745919453849183
354.17311696670055,-0.14729768200572835
343.3351256391021,-0.12936332882486568
336.12895684274173,-0.3652117371824488
370.2784014217684,0.7286770154777287
326.5033884187746,-0.4828496889535927
326.5033884187746,0.8787203445806426
358.57878434045216,0.239930218579957
371.2603934996823,0.23962395678711346
361.0969247656765,-0.3851113102149384
340.8792634549675,-0.4846174362481861
350.413478968259,0.09033017556987488
331.59344579786483,-0.5241130147231843
316.50672613479816,0.15634773504666555
297.10170016544583,-0.22715139443175758
322.0989652377245,0.48049486258241814
342.22642280639013,0.12735731566976938
322.01424941115465,-0.4076260375353513
320.6039561981719,-0.06269289187662253
328.58262088463994,-0.08409687497055529
334.55674994300125,-0.0100890672586047
334.55674994300125,0.45389142998556053
332.40032155419976,0.06994450118054374
316.77395688083675,-0.24413561703966025
329.63265308431716,0.5600088686387608
329.63265308431716,0.4596471605972283
341.7676055674031,0.06642593944468445
351.9633375038085,0.2623537198808208
354.9942327992738,-0.11553026255717214
356.3003147311728,0.06890462777039374
360.6372377662214,-0.18385160602724682
354.9915745087358,-0.12268626098193636
354.37904712559197,0.19547526164672036
333.56699491263464,0.015404021564904724
316.4643182684141,-0.3523229685777096
334.3485834935896,0.5248478086667774
334.3485834935896,0.11089033498990375
331.32418620085457,-0.19837302252494737
366.51888399986206,0.17198195557557483
366.51888399986206,0.35923763549897103
355.0163457245619,0.12347284744191711
338.5163139067592,-0.15673898363297667
330.6305126869329,-0.16489676712149048
330.6305126869329,0.8662154294909215
333.83793557347906,0.11444425673494152
333.83793557347906,1.089589541116652
343.28049117657383,0.19447617062940026
355.7395147040741,0.26920364138277364
355.7395147040741,0.15554215735141952
371.24141504334517,0.28419037060689334
377.99570621963306,0.25191095723562285
373.1842016743776,0.019077482547800173
363.9819068698357,0.39687340064506316
345.168679373414,-0.3288029148186524
375.6332764116468,0.6966882981405433
367.1993139459698,-0.42355214964641164
379.7561475263727,-0.006722157204421819
354.3774675760875,-0.35228130734390106
380.8325564308391,0.5238309860778827
353.13812662575236,-0.20978969242651146
364.91431643802815,-0.06129385583335534
384.001483637484,0.24326241075186772
384.001483637484,0.30415469114223015
410.34006423993804,0.504223688246384
388.57153332202944,-0.501610843625258
384.41778232300396,-0.3450299407619468
366.942418421822,-0.07044899519110004
381.15904167212915,0.2536509652532004
336.81230810425507,-0.394129525724793
355.8527783055094,0.35746639610056263
332.5038094603119,-0.5707882446043868
332.5038094603119,0.4644147511526171
355.1319872514248,0.6347725467682039
366.7650232650193,-0.03491322968568511
369.4414451705298,-0.17723449943582636
356.4971447833725,-0.251211336349229
348.03638452552326,-0.11916748622650175
348.03638452552326,0.25271069130155865
351.67619487024916,-0.07343977184075356
368.22139857303017,0.5472784898838654
366.45405598338095,0.01597870444572891
337.9834262711141,-0.051798188509337706
349.21037091733825,0.08026943983645651
317.60633745201994,0.01110518417658568
316.2501676965058,-0.073735098769248
316.2501676965058,0.4734919057228808
316.2501676965058,0.5486115805110785
368.5387355710246,0.31538049477455843
366.21177874089926,-0.11573201307351155
373.306330656076,-0.012976339687043037
379.9033913611879,0.36836363179259024
398.85677905992964,0.19077788777406113
318.5642749203998,-0.9303237364147208
326.53030247494377,0.07462451841308848
338.8666293847131,0.2694251838393029
338.8666293847131,0.4933776612812153
334.9622681283914,0.009552511067454361
334.9622681283914,0.46150396040980013
328.1446803657882,0.06554787191805644
358.305133933748,0.1052654742878758
353.9226751726808,0.16010939219631837
319.9952549262882,0.06510404015386939
319.9952549262882,0.6781916548147819
334.3309243057125,0.28819593663536125
351.39403510908664,-0.057028102668368774
320.64822042386965,-0.2174351188411947
342.2716375063312,0.24105033653302144
342.2716375063312,0.1257242276699344
347.8292692843434,-0.1389454505398362
377.54038669588317,0.44608157265599857
366.89712297876895,-0.04695611268982702
366.89712297876895,0.3853135882270635
351.89074313231487,-0.20545659797244298
337.1648527722745,-0.17051638597877172
309.5623520432645,-0.18603225687002123
343.6157458414653,0.6927677063222291
373.01930547619867,0.014071569972429643
364.63374772050497,-0.30286820698597694
369.9989050414451,0.10651759770473745
363.71440706816514,0.05920464513974366
332.06452765439326,-0.3969984452726294
321.709361636985,-0.22227687554425302
365.7513819396547,0.6539475071861034
356.53528376582875,0.041770668855861004
351.94369728660746,-0.014761337068875946
353.9219393992493,-0.08061049683328747
365.6857882212928,0.5823186779965681
351.1475458591596,-0.20804421804712092
337.7248775147035,-0.22128278325271822
375.69918312720574,0.7374525994190435
379.33152647493887,-0.18116826389245944
363.95607240638367,-0.02946731981535322
352.2171510698384,-0.07046329115257777
330.63567897508,-0.487543058025949
330.63567897508,0.6000921172725384
328.5589976846969,0.12458643803438463
329.7354101465836,0.05506630277614022
329.7354101465836,0.15912197048044163
348.15974698631845,0.23481969322472196
316.9993138115581,-0.432863608416028
316.9993138115581,1.1669997091767073
352.2908331468637,0.23742629279013272
356.0406306173693,0.2913937096121799
346.087287417745,0.014243875464558187
350.7742683491766,0.17516692098206477
340.27827140961784,-0.035172125390772635
351.0485582579988,0.031385034227923825
374.4094083920104,0.36808886578967304
374.4094083920104,0.31293393420321536
371.2104875065054,0.11849794041745554
377.0881254796504,-0.5047982284918362
397.2775073714427,0.12069713708615382
378.92129314069024,-0.07841092850617315
374.3266690525793,0.17297690856503323
360.36206963554883,-0.010759958768176148
361.5374312758053,-0.07251283584537305
348.835201933923,-0.18129049752826631
353.6836653715888,0.1820543485144981
346.5401156741903,0.026561078470422217
346.5401156741903,0.23949837125564954
358.51120629882985,-0.28479172865434066
324.2901094388047,-0.45532393811845395
325.63979690474133,0.31536171984907924
355.5420483886278,-0.043807157484707204
355.5420483886278,0.3016907959868149
355.5420483886278,0.4664613849597572
352.05725204812785,0.014532240691778497
352.05725204812785,0.48593669066212897
360.8138845526064,0.35695076254762625
373.16002844069675,0.17698870420861113
355.510735496019,-0.20363600988298458
328.7760415260404,-0.15209269623983346
350.53543160680573,0.04231560850973892
382.68646630016775,0.22408200397399014
369.99687152258844,0.12681981067669312
358.2765462255359,-0.04899579244272445
389.71286029499265,-0.03499716925011853
382.74866274845743,0.09603005445455892
365.0333226674191,-0.4010448855983668
374.5717274327424,-0.10082034864080924
330.6887310489634,-0.20721844753074947
321.93672860566824,-0.3239007840635395
330.90050616093663,0.10517856549586213
326.02682870504464,0.12327946105835963
326.02682870504464,0.6586653363276582
326.02682870504464,0.7336557245027961
331.85379078908386,0.14968995413187258
335.4084618654712,-0.1496673122063612
335.4084618654712,0.44689329011953305
344.6814374372603,-0.22036959274282708
344.6814374372603,0.5077700221789883
344.6814374372603,0.20157098835568377
344.6814374372603,0.3430924527821162
319.75009342590835,-0.1210135144507376
349.08499910310786,0.2433158810815712
345.8375691922873,0.02297051081927748
328.6061219667797,-0.15577849703697666
328.6061219667797,0.6712026576258268
334.489255400886,-0.05368105238130738
321.3529444592307,-0.17272933511731026
357.18465796043375,0.3891013008523032
331.0764373041075,-0.22300101466930755
331.0764373041075,0.5482260529764744
347.80980932194086,0.389908859479533
340.9907276661887,0.07466274269074802
358.1492293399221,-0.04926670477459538
349.77463471083774,-0.14365318468230726
349.77463471083774,0.32617038087755645
360.37939425925356,-0.0078384824208797
370.51952409540246,0.029102023283485323
324.9464781274994,-0.41215985329677096
324.9464781274994,0.47521309928822575
324.9464781274994,0.6424164990808094
324.9464781274994,0.4182018761338213
350.28308986672175,0.19784705280289927
350.28308986672175,0.233831570210441
338.37498916983657,-0.19691704108129215
336.78809203408593,-0.017119684271051483
323.9010118947575,-0.43607261311433376
328.93215146307875,0.436174821756822
363.8426543445116,0.33220729115123504
348.76257996209085,-0.33226990435559856
313.8200404854589,-0.36585750900826497
341.90932084385776,0.34007913315736005
341.90932084385776,0.357944931610632
339.318781533097,0.0041739666428384226
346.48647888154187,0.11837550829193333
310.61572362312614,-0.5585502306929584
314.77178585200204,0.06438057950902021
367.06202807527353,0.9051768155718491
339.83828774125766,-0.2404745778526376
326.7044916659239,-0.4501312960953783
348.08728782145755,0.5143998883725089
360.87270459926873,0.06334089100323581
360.87270459926873,0.4271011053166376
365.0577109441524,0.2098647323732621
365.0577109441524,0.15578647283621194
334.3542882660208,-0.3658577075816538
338.77124402557587,0.25179150378971826
332.97604025608825,0.3634986159537448
348.502600593133,-0.06915043674791832
342.3369609503081,-0.1817938498862759
349.62244067860723,0.3210979344860334
344.1808934763616,-0.49545471725627976
387.2412313925863,0.3570042854307758
384.4407795014439,-0.16849108900055398
348.5228642868442,-0.45477802874984263
334.96273845035546,0.12563678349670226
364.5967159246992,-0.05515339805288022
353.93442080326554,0.18071064043078877
353.93442080326554,0.15006824579222666
362.7380558371512,-0.21925648963940603
359.68865284168766,0.12574682037620732
379.4963944655798,0.38826224463446124
379.3654790151309,0.1722159208687799
358.870155086737,-0.4621525320338833
341.9312687461373,-0.3117255854920131
341.9312687461373,0.49894135118279337
341.80379892225835,-0.30292214392943606
350.83136289860414,0.20731094316317922
329.61591123415155,-0.4488163434075432
345.86484931083567,0.29007167903250775
338.95857802577336,0.0232534008142693
345.5909158918402,0.17205114203261473
346.50999654080044,-0.16098988098360678
346.50999654080044,0.7155056773734714
362.45959127642635,0.12266815746647808
383.19065643627846,0.7223287684475963
369.4692727044402,-0.15677757140440463
366.41689300094095,-0.08229319981762728
353.03737792538004,-0.12909667491135224
370.99867866166403,0.28037851287479043
347.3657448582534,-0.13207145037802093
351.256464066961,0.12669959531615405
350.7929921564349,-0.44017916492066433
361.9186480462343,0.46578284662177794
365.0133818832881,-0.03905852445666369
343.1410532374524,-0.27480935906885406
301.15404865722496,-0.5661251839592296
296.1245027331129,0.3764400378220216
302.7638781969392,-0.17456260649214528
329.34672764364166,0.4865749205590646
319.1284587584906,-0.2230600964661562
337.9333316559977,0.08757379964811207
333.944146171976,0.11222683747155315
299.8753007710644,-0.679945826525568
299.8753007710644,0.6313516479532382
326.7207399940134,0.23592598265190645
326.7207399940134,0.5544996019386872
325.47715893576975,-0.45756460086954576
351.14751161732437,0.06565932025728216
348.6624098704952,-0.0418726122213684
346.58201380027367,0.18996785909587288
362.32071791542546,0.20179485987637236
344.7211421223731,0.11379338381129855
355.04380150145545,0.22532819090247358
355.04380150145545,0.45841528022356215
355.04380150145545,0.3683934961270552
370.32658906495084,0.13430272634832363
370.32658906495084,0.20488409183985823
379.88475713645465,0.10431622539090313
327.65942131933565,-0.7375887207093683
327.65942131933565,0.6709678924053151
324.8074679583584,-0.0999647728860964
328.4992328570733,0.29099253351284915
328.4992328570733,0.6369127484072123
355.85469230716416,0.033688007218415805
355.85469230716416,0.690696331900881
355.85469230716416,0.2568125060079183
355.52578880397374,0.2685561738114757
315.04938495353815,-0.6387332296720842
315.04938495353815,0.40338030340001296
338.1764630192124,0.38835277498958476
346.5293285904817,0.08059762424784367
369.38715756962966,0.7029442180385104
369.9437752155629,0.08161330122993604
354.3181834045828,-0.6115768750788675
327.63485370437434,-0.0779036701341056
327.63485370437434,0.03680588943711882
342.73501759061986,0.1286619908873945
337.54431139597784,-0.03468067329413316
337.54431139597784,0.2601444181578927
333.0988599395168,0.01420436314822382
356.74517580940216,0.1680962345071748
353.93227253230884,-0.15722146649068236
352.5645847661163,-0.16019608402746144
360.4862154925561,0.07617024863702682
379.3174215530006,0.07675558880850986
361.3568201320783,0.23838001907154194
378.41935004667175,0.26497441562321455
370.9244411642566,-0.1660767374861507
357.5169381232088,-0.2565584627990347
357.5169381232088,0.3290852926054413
347.1531577223169,0.14925957207901774
341.6467972045446,-0.17582448501275394
341.6467972045446,0.26172864731847767
342.87099413022906,-0.22407379090520863
325.99686958451383,-0.13747261580238046
363.30176244743365,0.5500256356431237
324.8058329070916,-0.6230777372516059
323.25933483382204,-0.1481436747543512
323.25933483382204,0.6014806031932949
334.59342850722237,0.03214145355298115
347.2806957879941,0.3274773998998626
335.02863349853845,-0.6247510923457185
340.9009881756704,0.21253728768658675
331.7378638065741,0.015204365925910679
374.1480579110398,0.5186440739050795
367.67979469014915,-0.2630360060999237
397.2385355942975,0.6614594628514396
395.17106379345086,-0.1810644081595001
363.6128483949529,-0.35937281322139825
358.60236704865514,-0.17683550235983603
355.45290238095686,-0.07838000151582492
321.0270748857322,-0.47178788884593814
321.0270748857322,0.293844579623169
295.05976250644,-0.31887671671074713
295.05976250644,0.7053716587727195
289.73481690319903,-0.30108146761745047
339.2745533875063,0.920721371511263
330.65540926811804,-0.206547498049531
344.41771401650834,0.16165171000216105
338.6693162305573,-0.24116241638466818
335.17943870060583,0.023576267398311757
351.99301173376955,0.26684943675218165
348.26955051946265,-0.010096604630916772
357.24036809919113,0.16760717264492087
395.5170317157596,0.29651217500793337
373.77904947033795,-0.026998076418863093
345.53989186826124,-0.5575236856059291
358.87318157824706,0.12964401223496225
362.0848004257856,0.09490790694542284
362.0848004257856,0.30914674971973
359.8053346753092,-0.26428411871847857
365.02705146513676,0.36537597415917844
359.6844887836269,-0.30124787236877637
353.688408189562,0.01675534968944703
334.3811975219996,-0.0967998888834245
336.08174671911104,0.2665801989811598
343.76979250469947,0.3065341580927452
353.4122685083142,-0.09321388016007859
345.2568829620705,-0.28066159799118395
352.37689447554436,0.4882758120630797
367.1909658153317,0.03827315205080595
377.50329247985087,0.26964848839872957
377.50329247985087,0.42704160965013216
331.0264979484943,-0.4820311979950702
320.69359352941007,0.04148006439004348
320.69359352941007,0.7939423856016674
336.4174986099687,0.13167920690079882
309.37969786200165,-0.4476037937519095
319.6720243691252,0.10306442786486514
331.66613431165234,0.06514685341085169
338.7486589186043,-0.054653515402037556
354.68755926653466,0.41381109953192663
356.8205444553856,0.11610724501906589
353.38966952786797,0.16231145306312555
305.3740227136391,-1.0622751417863583
326.3734937055775,-0.02481673269642215
319.74326208177916,0.09123234962351034
308.13974806110116,0.022563000764307617
308.13974806110116,0.2233526926045215
309.1892791597953,0.0806862871930889
333.5231546414919,0.004501517463836535
346.62788900720204,-0.0279457893595918
358.52981554450866,0.28438000415076203
359.6356170525107,0.19135095751209974
342.4617646005185,-0.42867829366571186
336.9455687934854,0.06431463175817953
337.7716314905153,-0.004153136202148744
366.4593285957929,0.12959532207810298
396.9673519859244,0.1724972333659025
367.48739854385224,-0.08113281615749202
384.84458582599075,0.10821515363954859
360.131152570755,-0.2033474504038395
360.131152570755,0.4600353622821558
373.0694138075963,0.11329166509017341
377.2785881215307,0.3176563811066444
373.07864042523465,0.15234752228786874
388.23155690520184,0.22145647276624914
359.4307522881237,-0.6894773039861093
370.96426841630336,0.3934307854829058
366.89060354722835,0.015980065276039568
370.8674001282077,0.1931034532249214
372.27114373378305,-0.0818195466869156
352.19095087586334,-0.3651594581126574
322.564111037128,-0.5045187753644313
322.564111037128,0.4004893268511296
329.98799448889224,0.027703727992502536
336.1532368374268,0.1743886802897805
329.7133889193104,-0.16967305003686306
306.4701094652991,-0.20761682206591558
327.67361110170185,0.37170567194300475
341.4256359886868,0.8413850188626384
353.40684288281494,-0.10593351297188747
337.67378002954234,0.2186140130889953
346.7063174164366,0.26666734200648534
346.7063174164366,0.06589283725054429
356.83394394574395,-0.37260941334113795
357.95032468506537,0.020576282308411464
354.941118433304,0.17180818156555233
349.93221911403987,0.18830966976986474
355.0089458390438,0.26811667917809245
355.0089458390438,0.26151337982832956
368.19435364442,-0.07018545439120771
376.14808964091463,-0.02555476698171333
376.14808964091463,0.44169352452900057
416.92522160292737,0.5157145134112397
418.466740908759,-0.01802347748810007
384.18754810247117,-0.4823172287748321
387.29999587651236,0.13540594775122372
364.7742532639886,-0.23619055875587947
357.34372526898306,0.3216125884706571
390.8292596143602,0.3094131023740374
362.98944364568115,-0.0898505420705078
371.1976583631547,-0.08209052142603923
379.53739563680824,0.543281351525934
367.3817404821807,-0.5274975025746471
389.1764466027766,0.38180484395093117
394.6531963197993,-0.07025360081433973
380.52357484564743,-0.2780377421618141
395.0024551588761,0.41448120376958286
369.0805064447617,-0.13217344186625724
364.00968235265333,-0.4762069848354713
364.00968235265333,0.2957296870567916
370.07290857509537,0.421565074431669
364.7355080792718,0.2056461413494617
373.3204686935915,-0.09670685810942814
345.04486261067973,-0.5653425738107671
375.69786402740084,0.6859742576012877
357.05225435534106,-0.39258134135604905
357.3793695089409,0.5119661700128972
341.0605382007999,-0.21553791601843386
323.969581951703,-0.07687151552158866
333.85853304001284,0.02997593926022546
335.8112952321071,-0.06368583224286795
335.8112952321071,0.6435766598124246
314.3511588901791,-0.0466506244562197
330.8487186437948,0.10008201761456803
332.47985183907105,0.18513016910526403
336.1270182863945,-0.21625691296230798
329.7830838911947,0.0453947849027827
344.3237100028258,0.29517778793706384
341.0189864466383,-0.35546351198354387
334.53988864692894,-0.03863489603782
318.66027077214585,-0.3616923345592795
318.2178519197939,-0.18544480704247235
349.1673166376662,0.5283122667970019
349.16618367460813,0.03397048122474189
324.94590995951967,-0.23199806021784752
324.99493536637476,-0.011946348521519212
324.99493536637476,0.5964541501095937
324.99493536637476,0.3786883892004198
321.9852671969883,-0.17212564246972306
353.43170600219173,0.22359392507803477
353.43170600219173,0.2017033524089129
317.2399784664855,-0.005033877071355164
354.70841147542967,0.20936631750998913
355.53746655612423,0.13330810541629035
333.6609777157015,-0.4319454132142937
319.27951383606836,-0.09588700844494724
306.9550856655757,-0.30515047380868054
310.8058438562746,-0.2796899713973744
327.30670443198676,0.20752210210036992
330.6906787724697,0.03546829674644414
373.31178020641687,0.4738756455407156
348.9869794108557,-0.056873720538192174
343.13214415602147,-0.25360035859625896
372.0833911915317,0.20929750041466377
341.89675942420587,-0.2688799418195913
341.89675942420587,0.520773722991521
396.3265841004677,0.48028164043398647
365.42575631617876,-0.43554995382987727
366.531915681425,-0.12002428822825095
368.3097298929081,-0.21483004388664995
352.22999785882183,-0.18939950455535381
359.0994013569871,0.05878366151659975
360.2053757314926,-0.02159019755833924
360.2053757314926,0.2786528970589188
359.4438006571766,-0.21969035278880256
359.4438006571766,0.16436859074076438
361.5547795912134,0.23465867710251587
364.9292989172507,-0.09569074795444976
337.42593222250525,-0.4688646396371041
316.9561886074404,-0.25791995351437436
316.9561886074404,0.6766543397234273
316.9561886074404,0.6980734026622031
341.23031567301166,0.4649416936515536
362.2176437271462,0.06179419696684363
327.9070077091358,-0.12246400942672153
349.3147701039627,0.2865943436861471
366.69390167839026,0.36837256211777003
386.9583184674055,0.4685715748387338
345.0430779246063,-0.4616241077966379
334.4270814139487,-0.2645672101866694
348.25855462106915,0.22700619172894676
352.9782351375993,0.2476437726389804
366.73323405881035,0.068303347215533
372.5632078310871,0.14134654962549575
367.7597675071984,-0.04648270997165582
344.31785827002324,-0.3797698806174594
343.9802429997323,-0.10802898735050803
343.9802429997323,0.7037900735668927
340.07521958540684,-0.3191451724374019
345.1514057789599,0.12482224676818987
356.27431038992256,0.17618036680062232
342.5098792635691,-0.35419905864819157
363.45510951118945,-0.11122345084140761
389.13326036711743,0.14457547625499956
389.13326036711743,0.2773748376707772
386.32071381063724,0.2095397537543704
348.1639479200995,-0.09428797332350314
384.2849447460573,0.3800680320364336
393.93685379465506,-0.09214011327821936
354.63691243094854,-0.43249471484762125
404.98217922482644,0.5566285438866316
330.5014974768135,-0.6425312637991283
349.0362716282013,-0.05471417085095709
342.1975191381125,-0.16936183531709048
330.946476894423,-0.02460638298794038
313.2825909360887,-0.27632650275870674
336.0507811144502,0.14346906904347634
349.26116381872953,0.10435687637959745
358.7895434959521,0.06260718991859449
375.43533314096214,0.4184863383245556
388.07063141147535,0.168107490244779
371.75842362153145,-0.3483131683648253
373.1482616480321,0.24553399430044465
361.39139448424777,-0.3964200307412966
353.99834404326486,0.3040888034628324
407.96716367194426,0.5130403731527622
413.2171361205182,-0.07179149035482624
399.5091556468304,-0.30840646151546025
366.425539435649,-0.28334934303097725
366.425539435649,0.37841749282893034
369.07240068753276,-0.038744425492041046
346.9554182319919,-0.15204726609999852
390.2851332889937,0.4425271917000373
391.64030442416424,0.16088915191994602
374.14167247726635,-0.6582415608002066
362.48925545603413,-0.20417263479089343
378.0625617757102,0.35883883186204457
377.6269171297666,-0.11626119248978739
370.8657005442156,-0.028592225152351602
365.20964392365113,-0.28125078273876625
360.82981653285384,-0.09384103306183533
360.82981653285384,0.30522163320370055
377.96040892907536,-0.034373714616322104
364.1148592165845,0.004677872244428727
329.18161800146106,-0.4441355897442918
324.2337041915815,0.14745543360254487
322.84912189401854,-0.26663267783044375
309.8230819251556,-0.2749005734633556
347.43097619865273,0.5636940338998784
351.50469242433627,0.05202623249772387
356.7932292000246,0.16139333889009322
343.6921864254715,-0.23686467769050523
327.4313059426113,-0.25371591268242355
331.321832944538,-0.04005826939578583
318.948698246127,0.08962254552545801
350.82889780308,0.21911549129254126
353.86409835894284,0.10744326247413483
355.042087288751,0.08057648980798149
358.58517913404444,0.29119843221997144
383.95973551037514,0.015159184419189842
391.9425232383107,0.07503318215538002
356.9945306774185,-0.2840230025717574
323.10000549297706,-0.1774955405039691
346.3914529696121,-0.1988684182264251
330.8075553967034,-0.29749038245154225
330.8075553967034,0.7109451645694662
366.15250023984805,0.3796222538258007
365.3676410359902,0.088338293549441
360.8797578134304,-0.08867019067326964
336.5986519539162,-0.23454393321298994
336.5986519539162,0.35249188796774433
360.90572573561786,0.7243947945919444
345.1292855531264,-0.4102673568133923
334.83115148381137,0.046585127570551776
334.83115148381137,0.605614589959373
358.5403756981836,0.12549514876604917
345.1980812152826,-0.12471101824996822
349.58115727926247,0.0919645228416357
389.3329703541912,0.18009994581939281
353.22046772770534,-0.25083131226801925
323.23294391205394,-0.5882498960069142
353.7331295552756,0.2339792303455397
345.931349168766,0.2883911254521081
345.931349168766,0.1532876323144592
333.57364977285863,-0.517098230215197
351.1340488448503,0.21086678416111226
362.90667767620386,0.05289893590042993
348.69620431390075,0.08858112548773533
342.62988933420246,-0.24743819117782095
345.19702448274955,0.0726757834286218
351.48577893280776,0.15860789954012944
365.9767214556498,0.27528118516306677
354.02170135489496,-0.3401970901659297
363.30710443809915,0.37239761226658175
350.06880574443056,-0.16297426904986878
357.421235154734,-0.17001626456544727
357.421235154734,0.2843360687375025
376.57683064044994,0.5798370549487117
326.98052011030376,-0.8119017526219068
347.82517095426783,0.4875861597951143
345.48979953447616,-0.34363395779939765
317.1782857579404,0.12716877749858213
317.1782857579404,0.38362892747318256
310.2071647768659,-0.00435178601435382
314.5734180096295,-0.2918778163279967
339.49670220329665,0.09822485264862735
345.89569350811064,0.1668769643052883
360.0600883160347,0.1328773895369295
388.7953580306403,0.008235532481535301
380.750567341108,-0.10560955833523167
367.98535350814007,0.07446358618710747
350.09902399523713,-0.17396103632927407
341.7446372220197,0.020050958451747647
349.29981192679395,0.05068273881465757
377.10840164146015,0.22311950045400408
360.0095622885087,-0.2571099395354395
360.0095622885087,0.09104340171552394
365.0043763912089,0.02411136625562449
359.94475094924184,-0.21202166048317395
347.23209460113964,-0.15042405748988585
383.73984399955503,0.7467270255158382
380.791576739191,0.021741764860166768
400.4620772963397,0.18523020972008908
366.5314967007088,-0.5682782751634932
366.5351714936803,0.46643732584800546
361.15470628452584,-0.19436912066237255
365.72334233768083,-0.07579306045158773
332.9568987475044,-0.6898568131611
336.4305963929436,0.4709671125265231
364.67121365912163,0.4375295295969863
359.26613104059254,-0.048131780100789
359.26613104059254,0.3997355756800971
366.13100797897516,0.6977661186808746
387.59204882681115,0.1383589920576469
370.51094047828946,-0.22325086831006047
403.4814423960782,0.44869116973040946
380.2559293764849,-0.4114678245775849
330.6453317332356,-0.6646609721376535
354.19286135566443,0.38225175912486975
318.3132600630328,-0.07951359485070952
338.3853023363602,0.6038309732040261
344.2198912736915,-0.18333596027059684
344.2198912736915,0.049678570699825286
364.2897530125493,-0.002597141371666112
359.43011768019295,-0.07094564593899122
353.7463788847192,-0.18069811494206078
357.98101239141795,0.16104754186653736
342.5786016896132,-0.517493146865263
373.0267280222957,0.6377410012227074
373.42886723552687,0.061440204070095206
384.747789774019,0.015399572092974267
359.17244730314405,-0.3664644606794809
389.5163252413803,0.01648435294475803
341.0762600652432,-0.29521194836979703
374.19611149969717,0.22825059211299958
350.2897876202578,0.27999484469307845
349.9586479989325,0.0033531487474647292
340.873452428538,0.23596445079624573
350.4223909818079,-0.20353491995888362
380.57066049972366,0.0720969218288019
355.5454968325713,0.23591595675327426
373.2826813945048,0.052457739303349626
377.11787817363177,0.11598048582584397
380.7881754571046,-0.09146769938729449
378.6056132131141,-0.019683505867078566
362.29155653548463,-0.03171270816017113
362.29155653548463,0.4023106206261673
384.00538247809794,0.10916374443570476
384.00538247809794,0.36749670542144486
359.761241868767,-0.18139076878844662
381.13935944695015,-0.001984142913670439
356.2099333652757,-0.5948015304118144
371.95733167796453,0.4296786101037924
350.85232850697014,-0.4011547959661357
350.85232850697014,0.21832539206889123
304.86683503873076,-0.9765488142639924
324.5764043819982,0.546168059218985
344.47369874683994,0.47264517561552566
342.00538944964666,-0.05217996580597628
339.30666436444386,-0.13786920854454365
349.5447417451311,0.30191810069948133
356.3628109255465,-0.1502628516537925
335.55810537850226,-0.641482306209582
361.45796839068083,0.2828454444625095
350.14788834821337,-0.19410485901221364
371.9781870906647,0.23385197813490777
369.81926652497043,0.0311303603076567
355.0517906580691,-0.40970614904119884
346.4906004140818,-0.22430076411615119
360.08265118372054,0.013691169396224723
369.62405960025853,0.4925271616637019
351.58365963564586,-0.2994836050743288
353.4991340904062,-0.010829122181576167
339.76199793055713,0.25824836277922714
334.853056751814,-0.14131514268206047
339.09537310981597,0.17970280919894321
380.6626940889027,0.5332637740548307
369.3686304713398,-0.26459039689234487
369.3686304713398,0.05739283754803637
376.38738621874876,-0.015855533215699325
360.44069601005435,-0.2920181317804236
379.5112796736494,0.17121470961592422
344.18431522355354,-0.033334009957115995
344.18431522355354,0.3086931274380049
358.4519066826161,0.24111307859220688
361.1488548079185,0.02374711016011588
348.0653923321513,0.0542061452301823
340.7158116648507,-0.12190931709403685
343.4653471857856,-0.08353929929376136
343.4653471857856,0.8602476996977657
324.0209963074498,-0.4284433965848393
342.2856425185596,0.41442290863471953
342.2856425185596,0.08168448660649119
341.03084003921083,-0.03315022402534851
346.2158863730306,-0.16935798552708548
365.7943227581233,0.42425547932225527
348.69691335627977,-0.4012122719752824
358.28271891646847,0.28163496088598095
370.5242970127212,0.07553748263546822
345.94949915974036,0.01210162808035875
381.3030781362878,0.3891044147380853
378.9974668519006,-0.5770385421734545
377.37342442621576,0.6013105452948366
377.37342442621576,0.10559541260897731
371.78786991451386,0.0718478879146005
376.2164514431744,0.11947734763543849
363.0208099569662,-0.17900792496709528
374.2183197850381,-0.30530587342661875
368.62824808842254,0.0026360554355733257
368.62824808842254,0.18358443112526857
372.1119143252497,0.2280807672109404
346.9535045219559,-0.450550259532406
325.8057945889286,-0.3180270723293006
320.27303557033605,-0.07638210449067628
355.48258747588005,0.05008430140026121
345.98450514297286,-0.2222893714795191
360.7058995557204,0.16106811488236872
377.50338083856406,0.06954744959375603
390.9158867585282,0.49864825978988847
366.5711982554382,-0.5332739390455572
373.6557400816044,0.23944337928696768
343.4513745790558,-0.3766420717377059
370.01355056614585,0.32924931255195133
359.12016188643355,-0.291507265192422
359.12016188643355,0.5099234907620485
370.9321507992755,0.4116965590653763
362.14076016457943,-0.37176621743469696
327.00264308085303,-0.16932076169644006
329.3244562250504,0.025704967171122917
343.037447133815,0.14812710460000744
322.87291373713185,-0.024742345695244694
312.84082826575144,-0.36329896244274096
312.84082826575144,0.12300405493101607
338.66231174919994,0.307032130926018
338.66231174919994,0.412691534005603
340.0860143234795,0.2582093527205416
340.0860143234795,0.14176903095199123
326.2437330170345,-0.1323017928535819
378.3912333248299,0.723755080494584
394.5556817105077,-0.07446061252971958
373.3360929047109,-0.19008811752451038
400.5199390345283,0.4581228410057747
384.4649126094477,-0.3624233905335359
367.08163543108896,-0.4070564455942076
375.17099146717186,0.6570004297868763
355.072330939217,-0.3276035439159841
393.4222399820526,0.29756648479610703
397.08660822311015,0.1707946111578167
407.03168082948025,-0.31774165941783394
373.44356627904625,-0.12751909227404212
360.50416670465194,-0.17196679507628687
324.1608694483922,-0.3968557346997841
317.72765664436844,0.09350270092420487
310.52515120015966,-0.14747846569810008
310.52515120015966,0.27018130805026885
310.52515120015966,0.3816253208605076
331.98790276147037,0.5226245204232782
326.4735650227722,-0.2520007028501823
336.788484169217,0.1250721120062508
336.788484169217,0.20851139133321794
336.788484169217,0.7737075769558714
372.4375984837391,0.556634202521991
373.46566386091,0.09042561739886423
353.11090813193357,-0.4170154816491731
327.74241251902896,0.27130728294321216
319.7426659769772,-0.016992643370713267
332.8396727319304,0.06480341786709687
349.0200577645076,0.14836516931904953
306.44419609090085,-0.6453680858649022
317.39347869673435,0.026393050376782412
318.52824264549366,0.37606753292800477
318.6767723355871,-0.2727313378081817
334.33119947288486,0.18667945030540523
334.33119947288486,0.8174228165236173
343.67822521031513,-0.15909511360541728
373.0194090892307,0.31590223757234526
382.09471152697705,0.27079952595204304
378.40575651876986,-0.04482383690890401
358.8116732055571,-0.4298621724331042
363.32872339123116,-0.023585819977711253
359.3674462182816,0.005928719448775155
341.86236626702066,-0.48806739305678093
360.9132790038861,0.2979266867171191
339.4369651574815,-0.20221360295045088
344.806195150334,-0.03654692170664475
356.27486216527114,0.07694663908625898
386.41057540567397,0.07095172078902579
365.89986849680844,0.0710695149419962
339.5833500903132,-0.14683130311107107
332.432472422901,-0.05470795957364771
354.3766828134375,0.13084310440581248
363.3925840007206,0.13599333973513694
375.9126238877567,0.316195425597698
356.48978902693386,0.06159445645926098
356.3992367993161,-0.011838238800464751
359.48487806962385,-0.05338288414282033
375.92441495696085,0.24715279774716237
377.51724595604884,-0.14383952451180448
340.8995635265447,-0.5436633680633349
341.7950495976803,0.28805513011957373
358.80076421937343,0.04237026222767781
352.55669747176177,-0.05159099847514881
361.4788909319597,0.44262814709782106
328.71599056885776,-0.5268640763010808
314.2132137654492,0.07663147267373915
343.1248786912172,0.09098444292851582
326.69777979622626,0.01909197546103769
366.39127872120287,0.22392647368394591
375.2827602218444,0.511327409964224
341.35477971612124,-0.6972270313427771
353.0124293628841,0.11571453328690495
341.755080734979,0.2766569510490626
341.755080734979,0.2826501273711983
341.755080734979,0.21563452004102146
341.755080734979,0.252991001429109
351.7550207975765,0.3643192475736896
351.7550207975765,0.443119655193982
327.09335912790453,-0.36582554948290635
327.09335912790453,1.0634374141667422
335.3192423014119,0.05791456720567112
358.5653776110073,0.4511957647297322
361.05061431886475,-0.07481597588127897
340.8438447795631,-0.09827291855970088
348.15955637104247,0.4475781189759118
351.9511410273859,-0.06968090682050843
370.6589592361237,0.07904082956599723
370.6589592361237,0.34463570765387885
366.53561626436016,-0.18167665956207202
340.97080124039906,-0.6340028261947737
325.6778482779352,0.2460876882065577
363.9409246674238,0.427921402290508
337.6501124519748,0.05179821050728606
378.02223004172873,0.49214669487173524
399.2104833681846,0.2448228172711424
380.19416099525523,0.021304035708567426
357.5683255519388,0.3117868261501826
349.27812658569934,-0.2695009269782531
328.5915247867046,-0.3025789292257741
328.5915247867046,0.3725124989498454
355.30106030240364,0.19918469629237734
359.66737143347666,0.3026346533586093
354.8105735284162,-0.1938617230972568
369.52791726755447,0.03025465707651165
359.53989698591255,0.18661672914913652
363.5857835772759,-0.36749698941821407
343.9723282411032,0.17094556267636563
343.9723282411032,0.3688508744328374
372.6158326867234,-0.20817647407807272
359.5721557643792,-0.4904120919638899
353.85952409567494,0.03317619235076563
364.2859036391183,0.11482269728401207
387.548982901509,0.011587745848146369
351.85629525117207,-0.239857420772978
356.08627408453594,-0.008900948422478905
337.2389059865032,-0.24968298740327555
357.23508283249066,0.2675117328159331
356.1832687827781,0.28526233242848775
342.27689728947473,-0.3598424056483509
342.27689728947473,0.6430260976316049
345.1518088656134,0.19232706815978418
342.8402103866471,-0.16352046547069676
385.6179155072228,0.6791810183118514
359.6064400324014,-0.385527297605222
381.0697018312082,0.17682085551246018
378.930504774902,0.20564759626927298
384.87150741824394,0.09738777685959121
366.59704557811693,-0.3754485413551265
354.4842477323437,-0.1414936182401334
355.3575641337395,0.09980392988188669
343.01585053763915,-0.3911903952406419
339.95127110435584,0.1808346274823407
326.54138579852173,-0.01614692319833466
325.6079397729312,-0.12383096435439711
334.94242847260404,0.08854712782203933
322.898836197958,-0.12769689272261076
332.67318265131104,0.47858549153284
332.23659033181065,-0.30438144146592094
328.9977417023824,-0.3232804081425229
329.86740176425945,0.2962561770219736
359.7571022574212,0.30917632717569177
362.04647654687517,0.18741824634253135
323.3080165991495,-0.7440542061210635
323.3080165991495,0.7280073441130526
348.1959981554633,0.3173294072511226
368.712011053065,-0.0064266430488260085
368.712011053065,0.45715816638698925
356.680451438322,-0.017189237836760185
357.639513133003,0.29931749145396225
339.11632832854497,-0.18863954643370562
334.62012206633347,0.20373586742766747
328.51001378101057,-0.10356959486728101
338.8680990801943,0.19024006793063108
358.8831669887731,0.21434206686649304
398.9852546039942,0.16938704381573189
392.0972664201833,0.31438098021385485
386.35072788628554,-0.2868827735190962
348.2975811271976,-0.33500712493696483
357.9250637986159,-0.038749915359289844
354.33977952503096,0.1810569440611971
347.6654173066047,0.01578149449915145
360.19718245384234,0.07388595263046227
361.9714882011955,-0.13218385582729297
358.3284717574868,-0.0985695191167224
322.147369120799,-0.2897611609843125
344.1920597906075,0.12831829865933742
354.5910491942762,-0.04732021347194859
354.5910491942762,0.5744636568966826
354.5910491942762,0.18261389873612188
331.07224412120746,-0.2528799333654206
305.45104736590736,-0.46081556298429405
305.45104736590736,0.39370444228620727
357.44293966406184,0.9314854196472879
388.51654836837906,0.053685495703234665
356.5975095518011,-0.10507782288652834
361.3970541450758,-0.19754963490277078
361.3970541450758,0.4199498482931858
373.6786930017885,0.5317277272204137
378.2206925062162,0.19478048937685344
399.87647807276437,0.4901065821927659
382.4798308149632,-0.6393366567739349
382.4798308149632,0.3139347859996633
367.6795383170518,-0.2741137163352505
382.98747357287476,0.357790537884739
358.8953420421646,-0.4678712985889888
334.80209629938463,0.17058541477422295
317.3358359711006,-0.1491459515208362
327.7278627908537,-0.12819264930271856
330.07759750098217,-0.04515258577146142
327.22917551282217,-0.08528037969199431
321.78191401225297,-0.07762728945408526
337.1974989670075,0.16303506950202973
311.0861082627224,-0.11200993810302862
311.0861082627224,0.6875536017341801
311.0861082627224,0.4870845296434254
342.08993840682786,0.502053681272173
345.2885341399261,-0.05820867008992536
345.2885341399261,0.5676220984594238
298.28082251585977,-0.7483696582950188
332.20857587949223,0.6789413412848262
334.43267124721166,-0.15124644503453055
338.99728065448323,0.2273348315598014
351.7564157215117,0.36884647916770064
334.81150751444625,-0.18936266662137768
337.76665495814757,0.11520604654151612
341.0498448672501,0.1978417402863215
348.23430116625843,-0.2924641243454289
348.23430116625843,0.113163160412455
352.6256527105347,-0.04231203079052648
346.5131778265719,0.010072944302123688
346.5131778265719,0.44142807844741583
354.5034280851604,0.14017692528364023
368.8047398402146,-0.06599411358422458
359.0723975967799,0.03486881887442905
359.0723975967799,0.3892252936298064
359.5776126977421,0.03028096884702336
364.69740627982446,0.04349538846724954
373.6410986295127,0.23376179388867513
383.0127786861546,0.2062674654082457
378.70872588088906,-0.21569081923735212
384.7327369131519,-0.2849230347624143
384.7327369131519,0.8595821277054938
387.3009671664223,0.5036256469974205
384.56309639461597,0.17606514907924975
345.24465424938825,-0.459265489978975
359.8812702081815,0.32207397397610293
393.8571255190519,0.3551003750169457
414.1600145270752,-0.0067712434297391155
379.9255595865068,-0.24851117362516106
376.0595700697092,0.003766788396319498
360.1239020765347,-0.07162212172647742
364.1399760075537,-0.05205521845346084
367.645525053314,-0.11239745345051233
367.645525053314,0.35675457760009976
366.2641355763648,0.24785580102070526
366.2641355763648,0.36017332001677005
363.7022516927573,-0.303911637708552
341.04986369478854,-0.04552682713733702
371.12485446914985,0.7618430110389909
339.22728248902285,-0.8186515100923089
335.74936657136186,0.10227960315921791
324.6547206293736,-0.24180404956928214
318.83508059711664,0.018633528785130693
356.4424066651666,0.6281590992391557
356.4424066651666,0.4607237809786966
371.881855171225,0.2556374062626219
337.6280150458907,-0.526879017212309
341.6376747192401,0.02218982978956774
342.34534927399164,-0.0493783916049324
342.34534927399164,0.5260777373189285
342.34534927399164,0.534316870077646
379.2761610592121,0.4971438861637125
359.05451521134546,-0.042779410664479656
387.44132190418463,0.39985401986223224
360.02929320428353,-0.49996853498907967
323.7609621662367,-0.3904611583783435
340.5875468536191,-0.03911415578863853
326.3005861064248,-0.16501770312947883
357.2634287202332,0.20334920320112815
355.78551736680714,0.11600214324312219
362.94158024438156,0.36520564245711284
348.78722689914605,-0.19149858924151886
336.517370595546,-0.35440284536866784
336.517370595546,0.6735131145156856
364.40164322595587,0.2961056943146332
361.84940862064155,-0.30249559884862265
361.84940862064155,0.40323719140428693
323.4562211110906,-0.297592712129358
302.9583800828534,-0.09503132425084004
340.59004910848284,0.01719723828421138
328.0097892811166,-0.14927072466025493
335.32239539186804,0.38887459316651984
332.21475515229395,-0.28987824323576206
343.27663665335524,0.38559344541283735
347.2492389748471,0.014151920419749331
312.6208168021011,-0.3520415765498228
343.0515481154977,0.49183204489031596
327.9609085477716,-0.16318371492127426
336.7308345210986,-0.059692498333447475
346.51957875845466,0.3674283870423096
346.51957875845466,0.762229337610961
369.9123622999169,0.3748366048750995
365.96711565800297,0.06054483313084802
365.2776949142969,0.0780194393033753
358.25950719910804,-0.40980154012618186
368.4208216552274,0.12548215465108115
372.8351778528694,-0.14098156942236528
347.9435020624812,-0.32535125504409734
344.53383546147546,0.1423869370914872
318.4042470902245,-0.7464167615670476
322.91973987597123,-0.0932376612246344
294.0485329114048,-0.2514315618601586
301.07653984143116,0.22474397316273098
301.07653984143116,0.29384965579163236
301.07653984143116,0.33980091493162945
301.1403985649365,-0.11465086823750426
301.1403985649365,0.1907769879874195
326.4324431082488,0.4259233028875542
325.2965377775171,-0.23205544535471745
325.54427436504596,-0.11800563270367093
325.46108353296006,0.2719413199235987
353.1731385881042,0.3778469260366819
346.603131935044,-0.4002461108054831
317.7449229296479,-0.3472518839419081
348.130336206808,0.5238792368745635
362.1164312083307,0.5293179684622373
358.94700568005925,-0.07317825213874585
364.035961576348,-0.04793880661748062
346.0250000331218,-0.26745754434796254
330.17509532565765,-0.2469958703516113
345.0874809483721,0.6416812717503717
339.8406368771478,-0.284489269311166
335.66175399278563,-0.07958128032259992
361.51147992307676,0.3817142718700097
372.84646144593904,0.07497365174413062
364.3962737460545,-0.07042152281394465
337.73927646705664,-0.2758494524468915
337.73927646705664,0.2182845031686611
341.129193174856,0.10271947132582682
336.10341298410697,-0.20142473755197443
313.81023229561015,-0.39539474838500155
337.1543934284503,0.473605530880036
337.1543934284503,0.5140610915032084
350.339750977347,0.33907231192870313
339.5750594548395,0.0288618371512257
353.2840923094741,-0.12320433163358757
342.76188352096807,0.07709577032017023
323.6940338687813,-0.3993302295881449
314.3725224172922,-0.3283413315546113
316.3937559169183,-0.08124901326198142
316.3937559169183,0.4349545389463856
341.4932275239123,0.5551414837414086
299.906610909482,-0.25200241023549097
299.906610909482,0.16304927805038005
274.76636249470124,-0.6599530449560689
294.2906039793612,0.07735267071302587
328.25731960008795,0.553318460035257
355.78537547708584,0.07738443385426308
355.78537547708584,0.3364889993528095
331.64958409740325,-0.4394223867091114
331.64958409740325,0.5069119948277603
331.64958409740325,0.16179088362991934
338.3398535857596,-0.04793950601481356
338.3398535857596,0.7308187677034539
371.4657344460089,0.6181868968636763
377.7229301460519,-0.46569045076705606
364.5359602988716,0.15157157360943074
349.12010940003574,-0.24019075909779986
370.4186161847074,0.10146649331954904
370.9170155991147,-0.06039360249701531
364.07677226836347,-0.15302576392730316
373.9226846647537,0.6098251908071006
368.81158407919554,-0.31823720364582186
360.1241393533742,-0.13787123450947547
355.79198381498395,-0.11745116238125775
375.2406255121788,0.29979764511597295
339.50281313602227,-0.3685631617680656
334.7708648065302,0.21079724409196388
351.44363076075774,0.41213235704901763
348.8501598739959,-0.23572569509542518
360.0360815299571,0.1255443479473115
388.9417892460345,0.36223813440642516
376.56466840109016,-0.2602708205527051
367.5165239508136,-0.05200004671485203
331.23474813186533,-0.3664940970295447
358.2648513736815,0.3199744119916659
355.37734254189843,-0.009086228590035716
348.072342907295,-0.1533555949665697
348.072342907295,0.3977378160120679
372.30905592091506,0.19837028441963866
396.7233033195503,0.17493379635311612
388.82446205587144,0.17492675459129714
370.5966096059557,-0.5114444467209296
373.0833746825407,-0.04016882734470073
365.93677393307433,0.08665140414814232
367.9300728667048,-0.19924206759128538
372.4955336999866,0.06094566483136532
377.6103598040922,-0.3051091547265514
391.13684413240253,0.40579482523628485
385.55960153174345,0.051992759184827264
355.87257222968816,-0.4748478335703794
341.3731512533405,-0.34871380514618977
326.9647902579396,-0.4471501289170874
326.9647902579396,0.5156744684039722
326.9647902579396,0.4491326516542813
356.12891296321413,0.5524775162409696
360.695909620654,-0.1800232555403909
347.0419773709487,-0.3772000371207014
337.9889863347211,-0.1260519861816647
345.1623278770065,0.3555070879365303
345.1623278770065,0.38995683770701817
340.211195723184,-0.019743231858569743
340.211195723184,0.6433156840535048
364.75611046756376,0.5934400672934999
339.47200073814076,-0.2417847965866713
325.57327207845213,-0.20823758123651714
364.2278594140313,0.04115395591338711
363.10846317591086,0.13782989729782003
331.9100001157583,-0.5961552865901467
334.78151459557625,0.1823945043928461
388.0440987477888,0.7014220141413716
359.1602307272735,-0.13061515057086126
359.1602307272735,0.5861757859871659
316.69720497924436,-0.3600096831629571
344.49127508664014,0.5810763789098701
344.49127508664014,0.2977452750488965
313.4685678113178,-0.7052544509238032
352.1114009898463,0.3051541470066468
371.5383261871001,0.04429346332926798
363.7007094289747,-0.14571205266292964
389.30404941562756,0.3847799174437796
401.9112278577691,-0.1193289975543621
391.6240575493385,0.022299514158930833
380.1873713721849,-0.19847150845725992
337.263181431876,-0.5893317761375556
298.2838585417981,-0.16162078374986777
335.9889204973642,0.7083883290451922
335.9889204973642,0.6560617730976901
296.2952475556215,-0.5399248983234202
352.9785331041657,0.7876522773186707
356.90843908280215,0.03428949886222199
323.4881947359853,-0.10641391977412695
323.4881947359853,0.5244431697815344
313.8979330515496,-0.1951184686495253
311.1060883402859,0.02520248649034329
318.54140199601704,0.0952083049724024
342.7294331050059,-0.09741997546166203
342.61134947345545,0.08188368161006565
361.0586095057482,0.26978742419782975
341.7316294721013,0.0033419856255250124
316.78183983771163,-0.2724982596123482
321.0534314770746,0.14079019354358024
321.0534314770746,0.1678284008535229
321.0534314770746,0.3024925193844865
332.56271329521815,0.13922460496280564
325.7288554816753,-0.6338251678153028
324.44582522508756,-0.08899186091525735
324.44582522508756,0.8842800442300813
324.44582522508756,0.6441207848992008
324.44582522508756,0.48025511957041545
324.44582522508756,0.4217425958355534
309.1153288680026,-0.06923269242020069
336.1993695254257,0.4203308771072898
340.86676184676975,-0.16245121342819857
346.4985475059601,0.1457523903090987
354.74521086568257,0.45237396015056675
328.3943998111687,-0.3671523694354164
366.45566244575434,0.4191164355941055
366.45566244575434,0.5230204055335435
376.19202179182656,0.04207506367959013
344.4134289500364,-0.43356081409297076
360.00499851338196,0.4084354823451122
340.5900759714513,0.19859849838053378
335.4278537665546,-0.6050533431600797
345.82749131686916,0.2727929483974094
328.9782587779329,0.017999824664684638
341.8520248249493,0.0473996108588608
328.2937306801376,-0.3008255169249878
328.2937306801376,0.40478403220822656
313.42957112653625,-0.24559114809449056
332.1122513954142,0.3441321051278692
369.3715829613221,0.6803890488350817
366.09033871459206,-0.09832734999599779
398.71473215800984,0.26535292974710956
345.3484750710765,-0.9730128242558749
345.3484750710765,0.4797922907864631
343.9686323473353,0.07559866783503821
359.0335642259223,0.41881570143505087
348.98028188163124,-0.08031222233955759
336.61372301671116,-0.32046156055548636
336.9156556818768,0.24477310127940655
365.9373251836487,0.41413105958235974
378.0198048168385,0.31142940640745564
366.0044978148723,-0.2639920607937256
355.5582843866168,0.06966301316856516
373.7701317265231,-0.0002728819235926494
385.783937185646,0.628838892797944
362.4247574582882,-0.28859329514443743
356.05204484943124,-0.18550013260983178
333.439845528612,-0.4786017851197357
369.66833566500503,0.3090564315239135
369.66833566500503,0.35650786576616156
341.8769693312391,-0.41918804060901493
344.3496810694115,-0.19072152842852574
341.01927788599,0.05114600870979302
346.1244150419554,-0.2202359094055737
344.19859212162015,0.24589303597758772
331.0874351619391,-0.08331491922410805
336.89011076215183,-0.2660513622070084
342.0029728677947,-0.3166000708674801
366.52895532969535,0.6815680841241374
370.9832727319361,-0.2226472925760845
370.9832727319361,0.2438603916757529
372.4141058155229,0.2794569243239948
371.5868914570339,0.2724749666383559
347.7989625985947,-0.024684470567763128
396.97109870401886,0.45157307566319105
346.6898589585265,-0.6364132663632063
320.96223360991166,-0.24333104943434591
320.96223360991166,0.5061715544887875
320.96223360991166,0.5354733171581074
320.96223360991166,0.26102608147368755
355.11708197540923,0.3100704988912639
342.891486950659,-0.09991360552953665
342.891486950659,0.21956476267871494
337.4015428961656,-0.34884680098468834
347.2871621153902,0.16527872665687937
352.9614776532616,-0.09139783669820645
352.9614776532616,0.39516223227997216
408.25949839510787,0.8814390425892498
364.7161420727701,-0.75275877893705
364.7161420727701,0.08512025116669975
366.51395463882835,0.1934654209760538
364.08979914642214,0.4103910205678858
355.2400429802855,-0.16495916113433395
350.8860566422371,-0.3239235359953909
340.1148721289427,-0.1826911291180977
390.74674909240855,0.5410903820126123
369.58461579822176,-0.14016668242243213
359.7536138133322,-0.06757263672602676
357.018303413155,-0.20332274470024458
336.6051766930925,-0.3981183327814506
336.6051766930925,0.20993422591357103
366.68911648787724,0.3442423554153038
367.633108298558,-0.04999567544496131
367.633108298558,0.3573492270594443
348.1214300943818,0.06360959910171005
365.1623805400799,0.20040659193318788
343.49952540954047,-0.4555470040189675
351.96262145681294,0.1940773453309248
330.3845178621423,-0.4247732928511141
377.0726944401485,1.0325852783258824
369.1253365326771,-0.4907995480239151
359.93084236189424,-0.051036086718227125
347.99668992562044,-0.11863961800145262
342.344181092304,-0.029861445178880786
319.3915273622254,0.054583876726383096
319.3915273622254,0.23732304097791257
342.1907934916009,0.0030477321155331083
323.36466097424506,-0.08323806535054246
340.3468184865201,0.23225406066330834
340.3468184865201,0.5489951050548143
340.3468184865201,0.7301738448488777
342.71023247412876,0.07123447422986828
322.79419531600496,0.07878250546741583
327.6839856190891,-0.16489867381949352
330.86584430841697,0.14257033766398308
319.6918726783044,0.00395539268936318
345.7119095726518,0.5237513710219446
357.71455903984577,0.23236857061601768
347.7204072208847,0.19257239533635584
340.75299711373884,-0.4950072956362419
332.3124695679235,0.051685441319364145
333.9931470700988,-0.000429897226013054
341.2644905501738,-0.08312096007307446
330.5795152522885,-0.009788438776240582
338.9200612698507,-0.05007218332582397
340.3061854245847,-0.030110395485735353
352.3104770274699,0.043118208219198095
333.1428655357437,-0.3234399470943572
348.7055354381937,0.20402654619977056
347.40746043228773,0.015745555952094037
358.15699484981286,-0.035894230603162214
388.93556527001294,0.2202378949461945
388.93556527001294,0.2202423619307865
385.76824218602746,-0.05941753134266037
363.7323142997579,-0.020226220070185263
400.07352288331555,0.3477675914120937
387.45643075122024,-0.20017607153010886
394.66822019275054,0.08096580428366451
375.63352309718624,-0.6175599631578734
383.8412853512468,-0.1102035681955158
355.4374905153581,-0.4143238863401848
346.7086046742582,-0.07509924326780038
329.5833036121928,-0.4005477319960846
360.87249516429694,0.3891998439675035
390.6700885805439,0.6689134778288235
405.56109847596593,-0.043583759927741994
410.0475531574182,-0.14772462328244274
386.31363548146817,-0.109908918529527
401.3839925149456,-0.21274045047596246
384.69930469713603,-0.015412752126280793
367.207225906712,-0.2159025484590984
386.02943533386633,0.8294203490751215
395.65653213737414,-0.16391431169483894
345.4944244010423,-0.49263068571167423
327.38802433243086,-0.3514748671457255
373.7458761393324,0.6023016077464263
373.2000565406656,0.08165269349342452
398.2517896793162,0.4588598804941739
363.256034597573,-0.31388881058592233
363.256034597573,0.23390004734324066
362.8042853985667,0.21686640961991088
367.99001353057747,0.06424739209137442
333.4113788787335,-0.26029501356026685
326.71893815054517,-0.0077332838510528745
337.55763092414094,-0.19139004887711053
333.35588061392457,0.05389279767712196
349.5110000415597,0.4178965534139252
340.68131627770975,-1.8364247580393567e-5
335.84104782808305,-0.18922319093394435
323.59038789832744,-0.10030522422096055
348.1118179403139,0.3470479582609869
367.87126180853176,-0.03264288024740836
360.10570226216856,-0.06840557279838322
344.06000140593517,-0.5038700791233168
371.2385641253801,0.30749670568548026
328.56796879967607,-0.46826058087151523
316.8103793058206,-0.459093016523866
336.5803895930463,0.24933554971971716
336.5803895930463,0.5692874519971838
339.35249333331103,0.29701226685369875
317.5491289734303,-0.33337836611326566
313.5561232217363,-0.021600285476324643
313.74709673054736,0.015736068198521025
342.4492992180936,0.1940638245325772
341.8692459464575,-0.023210800475453652
337.8811172121745,0.22630083792262212
361.56285481880866,0.16930306264271167
369.89742535778765,-0.19543633030548335
368.11805514264233,0.20894190460603568
355.80468820853076,-0.03449112117425557
345.9281364350474,-0.42932321093189785
365.2716365993272,0.4901099473644308
353.9466314590759,0.09662803588537372
359.1241984797828,0.12743814498708161
327.7231521559431,-0.4209562624107548
361.2728718457545,0.1612830005537944
378.4343812861866,0.04017371465783981
394.09464534446977,0.5274762983801793
391.3517656997421,-0.4915292543215628
391.3517656997421,0.3144218322863708
365.512527140904,-0.2616773615166039
352.39673213399783,0.16673120373786787
357.4899662773363,0.08184446178165672
370.5474880538141,-0.08428804287223102
385.8746269116558,0.21175423108047653
382.272187618168,-0.018729960036125703
366.1418710943912,0.06333505661586969
340.3546730099542,-0.5072574269889856
359.64867145277714,0.22028919163221872
347.10232118659786,-0.1350575897881754
347.10232118659786,0.46467520297574083
331.02005263929635,-0.07540071979894947
341.10145321589187,-0.06731840191059746
323.1020891886269,-0.11064703351689786
338.50413867183295,0.049052001140580614
317.0301079549302,-0.20343260260722218
296.96244682593175,-0.5084702299643595
296.96244682593175,0.862251413860804
317.47771242573356,0.06900895822423081
330.4918402434251,0.25482476403863075
348.3821396424364,0.14786283385979004
365.3058336928544,0.0643667881906822
373.3760605765972,0.3858359463558827
378.3037824160263,-0.05605507765096718
379.9585327508809,0.00873379220388415
342.5003365717988,-0.6876928317931288
348.4179099632052,0.016215257628232393
367.18890985388913,0.5098052870587253
372.8869383643853,-0.36002441565722165
375.51097115540324,-0.06980169484165799
373.4343868902689,0.297254931039447
345.2876733213789,-0.34089172251697164
363.8437132144037,0.2046447249058474
358.0801581487811,-0.23811847760089222
372.1020751809111,0.1995543723303399
401.0647961198322,0.19147460515227976
386.368145297597,-0.13336756761316337
364.0097138366632,-0.40103043643364344
389.53309475173467,0.3851942961575787
367.53057974474245,-0.3423930509724187
367.53057974474245,0.4953557000407045
336.1190268844615,-0.12144022747827421
357.2701752850125,0.2962304740566424
366.8063113794847,0.07417995707919545
367.3358135264029,-0.1457277583974701
368.23319743750267,0.03936305426759645
325.4464561967487,-0.58722401392356
325.4464561967487,0.47388410987559837
325.4464561967487,0.8064780071593987
341.7399485029237,-0.039643147272158785
351.84910967126706,0.07014223224109628
351.84910967126706,0.4980027333546104
373.5205215049016,0.2508084300650353
373.5205215049016,0.10867680746480346
330.58070521115656,-0.34664274178533105
322.08589672894425,-0.3517096337775456
308.3224723367967,0.09919640976545452
313.2029274069324,-0.09289767033476437
321.7393387555003,0.05175282562038319
343.744332635071,0.5835581190581252
349.0705314489285,0.3471155159732007
333.94092504072677,-0.04449625942925195
351.39680123905447,-0.07397564106872778
351.39680123905447,0.6547256718984045
344.08360161461644,0.20273583071900703
340.4195469915981,-0.2130662736776685
324.7387882393513,-0.24220426693318586
368.03845206926144,0.5171723493242553
389.4428050311925,0.0028608574211830273
387.21098107228,0.13012378229723254
402.5919941742638,0.07611106391868816
382.90077619699645,-0.11808904308531964
365.1281359578911,0.018395838293486122
344.6453416454948,-0.10308810345657093
329.28596086075544,-0.40237361165679886
313.14419949993214,0.024489866800422533
348.1221279794641,0.43885908217225733
353.9393083204784,0.12743571558189615
361.88528235567674,0.13144725399388335
338.14644289061073,-0.1604528312060438
336.65767215027057,-0.12671163183404133
348.6913029837357,-0.25810362302888734
352.313993161775,0.1725472640857788
321.60803900435224,-0.40318561970264
321.60803900435224,0.48762989486567676
315.51640070106936,0.0677745470705986
338.221133842034,0.35697481132069697
351.04249145187913,0.19326200588204756
353.1278207264616,0.25252789473961457
319.7359024907792,-0.6204984413641341
368.34726148492024,0.7629030413572764
349.4935459063639,-0.1918328523559012
371.7498518885003,0.2472744651776111
337.6387274158421,-0.5191319458419912
341.8353506079641,0.2679516471058605
347.1870786952185,-0.2875829560907732
353.53783651119596,-0.2274207497239331
340.60654120571957,0.224871388153133
367.64614787199014,0.1811444399818356
336.8239335581837,-0.20308055883026555
336.8239335581837,0.41665566323490566
336.8239335581837,0.7633349661288094
356.5324601849044,-0.11732231979044627
366.4230711417751,0.05816150322141311
375.7041519739617,0.47582948137733183
347.7622591589994,-0.2916764204643414
368.2021260934234,0.04837956148071498
337.57744601019755,-0.24847213899533926
358.63682124051167,-0.14008430549461082
340.04129606487083,-0.05755390785520831
353.83864147824164,-0.10226197108829638
353.83864147824164,0.6211407884061373
345.5208882868228,0.20021199470102147
345.5572428643489,-0.28521045195861916
341.28848260209764,0.07048965176500133
357.3989658701595,0.0928632111092611
356.17140297258175,0.0743783618369207
324.53016674492113,0.09778300104221671
326.6901675481687,-0.11372289450127937
345.7927722977704,0.11357705990133127
345.7927722977704,0.6233377538678724
365.45541562205085,-0.05493794392361906
365.45541562205085,0.7232080712193465
369.9329652670068,0.22809633035353727
353.2920416696464,-0.3390981814297902
356.83022408737804,0.2654890594229755
363.1204023281485,-0.3608917521892181
372.72567157472605,0.4801541819645081
391.9890076063563,0.2303110674436084
363.14258253484405,-0.429518175114481
343.7973433734765,-0.329590007680963
343.7973433734765,0.4200276103390479
378.75013512010986,0.3317122804946848
392.1530901362574,0.1330492879440044
381.8951046800759,-0.30682348238383383
371.9200422597652,0.1951564765688545
360.21227954582196,-0.4167908185719398
388.91003596795747,0.33446846527158414
351.83812687960824,-0.09207103609651313
352.2626691192637,0.1292989849702053
348.8147442042063,-0.2407698133138183
329.94589280081624,-0.15157546635293784
329.94589280081624,0.6479433346773931
322.20057931047296,0.012863570003446512
319.204115641555,-0.20128950205321416
319.204115641555,0.1592318346238244
330.58975189303516,-0.12405009140923084
330.58975189303516,0.26345814910132503
330.58975189303516,0.41548184636963015
330.58975189303516,0.738192418400331
353.5148122717027,0.3917918220680576
349.14274567803346,0.19784062738926878
384.5458488093321,0.3782128835981666
375.76528565697055,-0.6446755283859602
389.6785417402772,0.5317724945366535
362.276147163352,-0.17073712012415854
356.4222131070378,-0.4929329747686779
324.6506721692708,-0.23753872829308875
329.9755186436726,-0.01536503377610643
350.9845910353999,0.0017688897801235726
328.3263500818027,0.06821220600522793
330.7756033974797,-0.18683174642706035
315.99412435532224,-0.16341920820173073
307.664906370608,-0.021820141476837307
335.26251052078294,0.47385056573421025
327.502717475668,-0.021664764073989318
324.54122780165557,-0.18091194414296297
344.2534121333171,0.3851681938571119
304.1742203219075,-0.9639709436826251
304.1742203219075,0.7527118100204007
304.1742203219075,0.38097844035326034
352.97694328325946,0.5309845436572687
337.8247284511038,-0.11395233630219082
336.0234242501355,-0.2529135013637642
335.56109111862907,0.1564774233324897
335.56109111862907,0.6968674752122297
312.93709125632915,-0.1370807142122885
312.93709125632915,0.566392274267514
335.5744534477517,0.5228141665181738
344.5567153490856,0.025455500591192504
360.0025342747509,0.22666174840310305
345.50362767173857,-0.2818252453379273
366.4839865563811,0.6960557979256237
355.32943729502034,-0.312005780344748
342.5626760834133,-0.06716345964832726
342.5626760834133,0.5745741556578423
369.69004749827764,0.22238986045181264
330.61066893892786,-0.40593051138966985
330.61066893892786,0.4778332115295143
350.1847154397355,0.20581199904017922
361.8737485735801,-0.1811329287377248
353.8819949402554,-0.5424469456058887
353.1615074913896,0.41778217362048053
338.28793212970015,-0.14975411209934464
334.43660106034383,0.12249159056739245
351.1429279545787,0.24926803069377002
357.7921560714392,-0.12956004057514292
358.1731340029001,-0.24796122453699354
369.48645878668907,-0.041095604924976215
379.14364097249586,0.37764313361708446
354.3076649178752,-0.20139696147464292
365.8673152960574,0.07884863051162938
355.64944713345733,-0.13925421434362306
394.8706688518954,0.7414889258607218
395.2226007947927,-0.2879137093849522
390.4489800849802,0.44396201676477176
409.34839826052524,0.32016568482333696
381.1747670503604,-0.3155022008592141
384.7496817789334,0.05896744514757302
373.6462133092339,-0.0545048752854882
374.73127262253087,-0.07476657625670668
399.47118490820446,0.2274383507104858
377.6294009846329,-0.006872794823721051
388.55094112883575,-0.25211762313733743
350.63373874738545,-0.3754329016343263
369.2594262694517,0.049448053404489656
375.38889873348,0.28682896355655885
391.48001148235915,0.15362731759682902
355.26501064017964,-0.6859356714660407
342.3492124662543,-0.003660908985352762
360.81440536228814,0.7267130954581944
398.27543183990684,0.34470854951200636
389.663449413118,-0.24311967565722625
389.0054478855783,0.0012189219337415125
364.83614505169453,-0.1479117164839181
393.37252737679955,0.33550057712966463
407.3049314883338,-0.09569618165585325
399.20501675853296,-0.34918684545732503
360.2941850819432,0.07275690111509903
366.90149623221004,-0.09910424898930614
389.4894327326217,0.1747979307777996
402.70169612286844,0.07959606652150342
377.146057017224,-0.3132337599950006
377.146057017224,0.209189437355235
371.34940920766167,-0.013145817091412937
351.06161890029847,-0.35654417713988096
383.7235196988865,0.8678378325762424
394.00356909369583,0.32170405017768644
369.1866485159629,-0.7541883166602474
374.38724006115666,0.34939585371148496
390.32981209595005,0.03680358215535762
348.49911716459945,-0.6287080046575966
344.23828780288704,0.10934623457069392
353.5607924324524,0.014901780684681398
352.4597748102317,-0.043551875536309126
367.9971928795734,0.17477375022122033
371.0620537098545,-0.2269797862144287
346.2854053309852,-0.2644068604389531
370.1642582710585,0.3933029101486909
376.59940998384053,-0.11673946384530609
372.61049244013543,-0.15935216432205834
360.26880715017643,-0.18956306371114806
356.1887555276749,-0.07702221315332736
356.1887555276749,0.511729278764733
367.5581945614097,0.28353753805652104
367.18242627300356,-0.10487620452954616
375.75352625468923,0.20726465064774402
365.0591087537309,-0.28593892029380186
366.3581077787471,0.27335673568052243
347.90294997124425,-0.3317083069881619
312.04623763030105,-0.46880703571900995
329.0995793590416,0.389023255396296
329.0995793590416,0.4229612193958019
328.772263789735,-0.22776642547626125
323.0363812096953,0.0682160796595781
339.2968422873952,0.5768842899936999
356.93013924573125,0.11036286243586346
356.93013924573125,0.21055737612232406
351.1554519895677,-0.1969600835534493
364.07487520200954,0.2501534910722967
348.13703012407564,-0.024499489027675736
335.5976249443293,0.008561096907669707
328.27908873375213,-0.3332330310793168
334.2857832135867,-0.03742972101156283
306.2263838544353,-0.37634539565294745
306.2263838544353,0.2592772105219865
308.4987274241485,0.12163146373245581
348.73572985625435,0.5739083297173693
326.1252907299932,-0.15843897351828673
320.6587501982961,-0.00727370857657661
326.02392551150865,0.06366116198842064
326.02392551150865,0.36025720126735905
320.4186553966348,-0.16544554199811046
316.64107426300893,-0.1486375279960157
346.52103201926826,0.29417147934202603
357.81261949036735,0.10360020093503408
348.57208346809375,0.02551956614968276
372.51489940877957,0.24918396562884482
348.50552366414524,-0.27115615929278647
348.50552366414524,0.6048315479117718
387.79272936753654,0.3823710111738592
357.07440098142456,-0.23583376726242022
371.92256469285604,0.0663186093817103
339.09806036058643,-0.380616489467684
346.5283086734576,0.050140179756226644
314.0248768960655,-0.40469934125280815
329.7156327243467,0.1268183725300105
338.13135483043527,-0.07704088458785918
388.5043689662354,0.52126850288073
369.99977623078814,-0.14812331841505966
360.1939412671646,-0.08897832755405943
344.87090087829307,-0.18597238079155431
344.87090087829307,0.4323688645818038
331.75626812854483,0.2615622151901107
337.33384270148764,-0.2710254227831683
342.70075781303944,-0.2193600372607989
351.00384603535724,0.36240284728592087
357.6199278679516,-0.02387569424263347
373.950707230423,0.5087818017052541
341.8844781678219,-0.5748994645441599
357.33157604597017,0.3443982316940719
344.8610081163996,-0.05945218120336904
372.6694556716024,-0.14521422840346077
393.8506782461094,0.3254429157684626
387.1802109922824,-0.20682405921888858
383.75984782133867,0.40265614926579474
399.8343934486871,0.12529619991141772
370.20952518196987,-0.26500780833953286
370.20952518196987,0.31493450233620024
353.5058256269053,0.1530421555646626
353.5058256269053,0.6910832986652622
328.1439466091523,-0.35186935305387124
328.1439466091523,0.143344619878917
352.5267821619686,0.41640474061489385
388.98447914045653,0.6825053657894387
371.4597220574669,-0.02389136304270778
372.1005165334148,-0.0209007409350761
354.4784903953487,-0.04831574275658568
373.3209697869462,-0.2299372995134945
363.31464005420503,-0.06240953448229902
375.56220595938925,-0.04700155586601795
381.4907366997412,0.2231726473934259
354.8985264241273,-0.5845892471967318
342.2588886561415,-0.3888904629448007
349.65666988142334,-0.08755749432248194
330.64407988851457,0.2802841731368062
302.8765230541885,-0.5143725147898977
312.26154906442014,0.33218249073661354
312.26154906442014,0.3261520463211127
336.02959049330155,0.6526177169276934
348.6511769739099,0.1559209028710029
358.3318820586152,-0.15861648396548844
349.2143098162644,-0.28030742326404834
349.8833469195032,-0.09176513147463083
347.58580097870947,0.018274506320267392
361.31654336444467,0.39957258510696647
373.56337324293224,0.22208654926350846
384.3709677148563,-0.09592882446088424
345.78096609078574,-0.47811124939357796
345.78096609078574,0.7383906558507078
347.9097513926661,0.11573958001690698
343.6072222654461,-0.050870155084339785
351.58045801225654,0.30249446478910613
384.10971989548716,-0.13501219734780534
372.27455502971503,-0.04024176847565286
369.17923586108014,0.27654666781177184
358.359014296138,0.1984602809327498
326.1139971282963,-0.5084768452619528
317.57597084137274,-0.007508439311322945
323.03537589812703,-0.18004259931149136
308.3348237961384,0.023866528842404477
330.5865007090733,0.06946763131338685
330.5865007090733,0.1650879438532229
371.4615249198978,0.6344445615499126
372.2257271227154,-0.06275128340166702
343.34349634743864,-0.5136778935916482
329.4700927782283,-0.37249280135074514
327.9818637043574,-0.10524462410012347
323.17106417150023,0.1866110606467828
323.17106417150023,0.3569653633448979
354.61173989594715,0.6165228599815009
367.57564182651925,0.0903676411539891
340.3677443337795,-0.19764916524627552
347.7303618219486,-0.01906886796746221
337.5890490553732,-0.25255326650358256
347.60120241919753,0.23538140965683851
359.7058728880159,0.030058765897365447
346.27889594723206,-0.2728540958285066
346.27889594723206,0.7172118944055228
338.1229464756463,0.15957131071945696
345.55912724671833,0.34209065462823673
348.92041144072084,0.19061407680919729
321.5296856837225,-0.5033627567653411
345.20217203728515,0.6511587462358648
332.26236557360244,-0.36416080119624894
357.7375818020665,-0.08904158574580379
357.7375818020665,0.6722944364576051
354.2715552336427,-0.0018031382375056637
331.67690216846324,-0.4972979788132079
326.21500685977117,0.07886940933610731
364.09725622791376,0.24251966728547814
346.72225983921186,0.16403277654808335
343.2090694330539,-0.28296893300284864
342.1757561139153,-0.2548043952614307
345.03743545036883,0.4047295681585865
359.54765022997276,-0.01674251354529588
364.7384054955419,0.16936610981770173
341.3290150415593,-0.32948942872360476
346.7752092248478,-0.12579248426970935
347.5548492478442,-0.022361596483392532
347.5548492478442,0.0327071736637663
347.24369343394386,0.22396957085970826
347.24369343394386,0.23490822769372244
347.24369343394386,0.2036586810419294
366.88221183505004,0.17777978130482097
344.39250272851496,-0.010951904438570637
364.9951216510615,-0.14722635398231887
355.2698632786959,0.24573787845133666
360.58661222025256,-0.06259032598370595
375.97992583055,0.028118396140257573
371.1675291919911,0.288296981170447
340.9648641802453,-0.5671788412189471
353.7505219350353,0.04269018128809421
340.3517157619101,0.03506735996268162
336.93095488764897,-0.21898866809704032
322.1830906331207,-0.31336976761667756
339.1139034715329,0.3416115166257896
328.4603385398468,-0.033620846232793156
362.6488253646709,0.7186610032634917
311.57876270709323,-0.3462029117729344
328.89834812036855,0.543599893416058
351.5469109822673,-0.1373667069954081
351.5469109822673,0.10199777885486583
336.1774401537782,0.1485016747658392
331.8806774413967,-0.2597128209498578
297.1614445768021,-0.31009697090985355
308.1256584083727,0.398252166509792
308.1256584083727,0.3138506743389371
333.45611548696144,0.3758924591483037
335.1780670094366,-0.20593613597156946
358.41985550185103,-0.08950559823438198
366.8574718670398,0.35386141320759634
367.1258010338966,-0.16666037728748506
379.7765237762949,0.14339327472839614
359.1910883124499,-0.11773646495578305
359.1910883124499,0.5304799766687438
346.6470221197187,-0.0174687753692524
370.087322879417,0.10095587954117491
376.8771172610032,0.0269543177956848
355.62537778886684,0.09649845899525644
398.1450301000499,0.2908148108174373
382.32255425531594,-0.21107309611591063
397.4325766534362,0.15353029180459998
366.818428857326,-0.1879141864342273
370.0456028835902,-0.07300431076532732
375.2607828826753,0.15224756157840602
402.8137682824457,0.15301804721411827
346.4810700417267,-0.7980480486399983
376.4655101659502,0.41341238746611
351.7161847000167,-0.49847145408512006
368.94485323715014,0.14969849501108
356.7866350195496,-0.4241607988379883
376.9328178514304,0.677237033557617
375.0325006164473,-0.09465911248344128
367.87448879439324,-0.10825581186577438
359.76819661215666,0.23184827857892287
371.5588845591747,-0.18838112632079174
351.82029844313354,-0.1392800558558065
387.71157299947726,0.1933838339838303
357.3153603093858,-0.4654244824099578
354.0307931508081,-0.5906439851569303
360.623419702865,0.35906214923136304
346.2349203594856,-0.2820189201248695
346.2349203594856,0.6924336256671495
362.58643939930886,0.04960984167598781
349.55432788280467,-0.1955283219639341
346.5192511465073,-0.06598090473676166
338.51922537266967,-0.12105913556501946
331.9321309450389,-0.3097864350809232
331.25559418747963,0.11870453828760219
363.82004249943736,0.33919374049912676
327.4461563217214,-0.7368471572589215
330.5910804533347,0.17870490564655483
329.4308132134682,-0.07095391503548854
333.7285795475697,-0.060883891856974515
346.4603687854276,0.23791797270598636
315.22307162606387,-0.6440409622778134
328.37797359757747,0.33654697153656343
374.9125273009658,0.6424936132742687
374.9125273009658,0.6936128711172387
340.7449616469651,-0.5104157190972956
340.7449616469651,0.27539549925370466
361.5577877393799,-0.06436633059524866
374.388001846349,0.2029857740501484
387.75753880327346,0.2853026923626203
347.34989662014056,0.024366100362612997
321.85805827499195,-0.08194042342552166
353.24363213570433,0.20191931558395027
370.8169333341811,0.21354719853979987
354.5373724287497,-0.35301996503994815
354.5373724287497,0.3549657097908039
357.5511769584588,0.14283557667772584
358.0137915408702,-0.20922474374390276
352.64487291465827,0.20945187682866617
374.2043528637028,0.21719027022822956
360.4087266470192,-0.29409158921203016
396.0559357054187,0.5616791502150136
391.8873916683136,-0.040039717770127936
375.0736511166281,-0.14420948129497901
393.0785082439799,-0.2623189610658301
382.2939700879049,0.08877107531304773
354.61286933925044,-0.49787715979414315
332.69364512224945,-0.0249218417972088
332.69364512224945,0.3205614209966825
349.0546007865276,0.15015741858849196
355.1202224511241,0.1232845918283374
337.57078657147804,-0.31951331231937274
291.81239321153913,-0.1612131959927865
325.77352764108304,-0.1463745354440107
325.77352764108304,0.7410981327581112
313.8260178203106,0.026973300273311906
346.4755659483329,0.2162424818961881
346.4755659483329,0.5378691623590157
356.9029514264269,0.6011828499438252
368.72216246748,0.07284654080763175
339.2073777696651,-0.44592781424773875
338.5581399322939,0.12805979806023515
366.41407358576765,0.33174232245596613
355.73398810950806,-0.127403868411875
378.69148260736,0.30481373718703253
378.69148260736,0.15655690398955358
378.69148260736,0.12450006788071732
387.6317587534789,-0.21258293926882743
377.02022486557456,-0.35616487460208646
379.66304231396583,0.3600443321329294
360.76081619235134,-0.2949308712520633
360.76081619235134,0.34658409044459404
320.0245534325198,-0.38352415111694427
332.3187068558217,0.3312468724284372
332.3187068558217,0.08863600333097565
356.9327640635611,0.39317400537163394
339.5124281430836,-0.0038226072857696636
336.42393215787524,0.037271851071636775
331.93563127110144,-0.1412125976949028
370.3631593297711,0.5606568738320448
357.8970792933667,-0.4356922299066355
357.8970792933667,0.6491297846234829
356.7344008021035,0.20021767606306184
346.541203982056,0.022126903206299176
355.06798749511063,0.11629472765457649
361.7094096679287,0.07779765210011647
371.03531945220544,0.06138624362563405
347.2104521847256,-0.3143563843507309
347.2104521847256,0.5220941619537598
347.2104521847256,0.04057075675677879
336.2839938150201,-0.20619647340117808
346.8033145152842,0.12225109935457112
327.0315568678825,-0.5307825338317116
341.0810636231138,0.14352388274426175
386.12571665223925,0.48639277621839483
346.1884923890965,-0.4207157925009142
337.3002657592574,-0.09832955287163259
337.18600771617605,0.47881892010138927
365.9362197570132,0.5550130725760027
333.6889640200016,-0.37383128091346407
310.97502564944205,-0.04797208938020958
316.619112829217,0.07722929683723123
322.7166080398451,-0.07389736932429969
331.50794933681874,0.39220864852188697
326.0779110924594,-0.33720863625046604
345.2772784480649,0.20284335069879944
352.1195976080871,-0.08380708693948691
362.30283000128264,0.019228508880814843
354.38106902802684,-0.2465618512758283
349.9896007954342,-0.29236830284480675
348.8423284739592,-0.11912879539067944
344.7196970181183,0.2465760692277854
352.6581467286121,-0.17593279688355778
316.63717190277526,-0.18219464803269148
318.6482997321945,-0.08974902218074021
318.6482997321945,0.43388436929581076
345.4641130257851,0.37086903368651747
317.5046944544167,-0.5031379648554548
317.5046944544167,0.9720483229372121
317.5046944544167,0.7210115176898171
317.5046944544167,0.1605272653036991
317.5046944544167,0.3434102164029582
369.3200178422154,0.7263715393553412
363.48424519959,0.07927784223033996
317.721126155414,-0.504590729574943
304.7813295394219,-0.5239330656110042
304.7813295394219,0.7085800690117594
300.31954180352136,0.009947142467012782
300.31954180352136,0.7908097762591524
355.277017157014,0.7476307079306252
350.2774874422375,-0.39380278168073346
371.7868067081572,0.8649426506229929
331.7560948954441,-0.13358402027881766
310.6440831885823,-0.42410199843789087
324.7310526784721,0.2115997022206102
323.2164824247999,0.2468138494842833
313.3788174436936,-0.49756391258927124
355.7844299675208,0.34297022914563513
347.96374790487107,0.015354278880522543
362.9902528039994,0.21514258514343965
374.71783140374475,0.2058112063967883
365.6467291184403,-0.13996514880534505
387.26365930256753,0.3286399737814918
369.71152436799395,-0.21293235934081167
359.07125958158565,-0.4098652898155706
356.1410518248637,0.046329624923828305
324.7101751015739,-0.37925990186033687
326.78954959872254,-0.18769508650836997
326.78954959872254,0.4595712472021205
350.8753417133783,0.6877029935383234
344.8712714095482,-0.171458808359489
344.8712714095482,0.26081267713266243
359.011827688873,0.22735383871008708
341.1995994053088,-0.009812271124474137
323.5069959168086,-0.2715594531698571
307.2244886931915,0.10041707558377766
307.2244886931915,0.22310621872986758
320.7488798405114,-0.16124260081801367
338.90777998612833,0.13201742845399167
361.99318784877767,0.0477675330372449
365.55051882646717,0.3975344866220212
363.41707584547726,0.052951292285115414
363.41707584547726,0.8495855395506169
363.41707584547726,0.6763996638746903
352.04384739265544,-0.16091747518362354
361.6036741069729,-0.17148669305242947
355.8928617941567,0.08859755388232315
355.8928617941567,0.2287593480917849
369.56582395634376,0.5901087381284924
360.9530019217266,-0.06238790965653607
383.93912404511605,0.3477515711053911
378.10241550496204,-0.05325241667867431
396.39359918732174,-0.18525621418336868
363.3005310578765,-0.49961141812423193
363.3005310578765,0.711189839087865
390.7262267194444,0.7378986062649346
359.47775158062666,-0.7370423659923517
345.64301327246534,-0.1964296121358302
366.6942364476048,0.18364249241358266
346.90197286518196,-0.18898064670190706
342.20598092018423,-0.04577880206363716
346.3008937360307,0.15322992231449462
360.7971192410025,0.038525439552699936
352.0536772230148,-0.1249944187914025
359.1376999018085,0.28178012848854905
369.68929037160297,-0.2774201506103964
374.10743384400035,0.08897486259354537
344.3682516898623,-0.5446279678848214
322.77675591749335,-0.26210594971269074
336.64298351793497,0.6871557318027044
320.61533984998175,-0.2544956902992226
320.61533984998175,0.23937503317972642
340.08503461112355,0.2956408095878942
360.8245495779746,0.3150568415710495
339.48977960030476,-0.4453119973347839
330.58215842181454,-0.3941366988556183
319.19809195386904,0.05446222530531486
330.1029574964526,-0.40264904845753335
337.72824831815,0.34644697314638506
330.3272807576024,-0.24969207560627638
330.3272807576024,0.03255024242810123
336.8849439121244,0.23219005813757576
353.1607273547945,0.24760967777444876
353.1607273547945,0.7073952009781124
350.66878468641784,-0.15795996188649042
351.68919010267774,-0.1861118106239701
351.68919010267774,0.6999911916916517
322.6855132721513,-0.11510409395486931
322.6855132721513,0.508457983012363
376.23786317524514,0.6016282230411889
376.23786317524514,0.2979430369018701
359.97176722770917,0.0012298621426225509
359.275936514353,-0.22110538688070847
379.8157577574064,0.1408196457203985
352.4165337023051,-0.1895597987193014
364.5009726125566,0.47401139820976823
379.10712704842416,0.15659482943271996
410.59899178065933,0.09170927839113574
392.38608502661674,-0.2430520092069628
393.74538125080244,-0.011736409658396951
399.92839534545396,-0.06743338200988092
390.86388784180656,0.12096215712404046
368.0250839473736,-0.4150797989146895
368.0250839473736,0.1700173613289735
348.4219383246596,-0.017795364028643235
356.92089558612406,-0.16676438705485452
356.92089558612406,0.5065779149388163
325.1307903449973,-0.2839845979326583
324.1323191348664,0.12352968071922987
313.26265145567396,-0.06823764562818724
313.26265145567396,0.6611220417514687
313.26265145567396,0.702450982738128
319.0006793478068,0.19131136983548913
326.8359598720098,0.3796137614417603
329.3569956948489,-0.2021833563552491
321.4202663652937,0.023543326701656042
355.8537027765746,0.27322308027191866
355.6510609561342,-0.30476332797275063
343.32189967005684,-0.06559473855008946
353.2208912982627,0.03483504172481844
351.54999064030545,-0.004689035765863991
324.97703945963207,-0.6119424521407382
307.10216015601094,-0.1596086116967399
326.79698046388376,0.11706026188892338
326.79698046388376,0.8330501025261583
326.79698046388376,0.6147671506292909
336.1974498198447,0.18108095600632623
352.8087082552685,0.17324476444252923
351.7641603164742,-0.3050389875002111
328.24759518126547,-0.3148814926310024
346.18939284039766,0.20492024069540093
346.18939284039766,0.22616468269222878
346.18939284039766,0.10493084989457202
383.87551180333116,0.3708730538675127
369.2408039646984,-0.18770696114529528
328.19645750276044,-0.5231313426320412
328.19645750276044,0.5938493829154368
334.38098658113665,0.07383957804313468
342.3322947274166,-0.13695988613733334
345.8695154982465,-0.0820842627415459
368.4414289184413,0.22022586263722133
349.0168949102554,-0.016992084951425568
360.02584203499976,0.001030389401762477
391.360418585738,0.3937609137144591
361.9278315827946,-0.05452233566813902
345.7002745903427,-0.1922379771898477
343.9102903897871,-0.0057875595266523305
355.5636973047124,0.27945263220885863
338.6475902508794,0.236306772917942
311.2417830026461,-0.5816628183292778
313.5266329893735,-0.189292991279558
349.44882804475594,0.6218189475936242
309.5500288787324,-0.4041134812167684
312.40067569478856,-0.19131706770474466
343.13436285584015,0.14952077170516986
350.48955142867203,0.10283760500294647
351.8852393259304,0.1251866670521622
354.46942509750437,0.07920305071206712
375.12660353399497,0.5160445995479677
343.35171902516754,-0.3068527683018374
348.8554574661204,-0.21557217891597702
351.1767027851564,0.20402227421254793
355.636731986434,-0.15771839659043962
348.74157981152894,0.10915272790282415
329.65392141979686,-0.50517207082396
327.9766849807503,0.12445372744036831
327.9766849807503,0.41207408970512915
343.6659866592309,-0.22916988112046965
343.6659866592309,0.3191806428989139
371.0344909578331,0.4597855927082719
371.10282471423494,0.044177395905990124
359.08490308280744,-0.5481924307864574
359.08490308280744,0.5654604561781298
363.3865416376224,0.2929390132202343
376.2035334193465,-0.28007853665258153
352.1524190684835,-0.2597336160224586
343.86846774437475,-0.290115652473105
343.86846774437475,0.24582172378438827
347.5625933146492,0.29628852760015434
363.7815061223167,0.41636619743405845
341.30152291623875,-0.3477104450952311
345.186720735264,0.5930825964517226
327.11445954568785,-0.42845054406029703
307.7486371734492,-0.06565173220178622
307.40582346726336,-0.00991847787486222
318.881832951363,0.21831696098070097
311.93460070261176,0.16694001249425128
332.17458873032706,-0.02763892907432819
329.81493890308093,0.2522841404174869
354.0321262027792,0.3115424066390915
345.04141718292476,-0.045547619415970075
331.22738535288113,0.08427410426850201
314.4264157210977,-0.5608275728566241
335.9990559053509,0.14770771311486897
335.9990559053509,0.3185997761843282
337.7210695206696,-0.044985870023879215
381.88589823930545,0.4812419427169061
364.665618090046,-0.20463726463981402
375.6565551204534,-0.10187222643446603
388.749117859479,0.32980991405486293
370.8711344799636,-0.26205270960736016
355.1833847325459,-0.16449662036279733
351.13685836313,-0.4784879997032476
369.3212769161741,0.6440710244772845
358.79983788468985,-0.26982639062919134
358.79983788468985,0.24978917075952722
350.6342593757029,0.0697379801271154
355.14634401006936,0.1100560874040184
376.4159312007898,0.024199695644483654
338.60856519615004,-0.17119109999737248
324.634321991397,-0.3833955934352389
324.634321991397,0.3012225005190885
324.634321991397,0.700182624872582
389.68944600819015,0.8304657360613419
387.94372030058736,0.22882994700376003
349.4316855285257,-0.5786403738551371
341.3848231059619,-0.0039896943353596726
337.1298870846481,0.21891948005543327
348.646453029483,0.15009211450353632
341.17144404504216,-0.27317914501657015
327.8327619403189,-0.0801225562770469
325.9948179789118,-0.09315973516004306
344.3269094631178,0.2014442157388885
362.2254091161677,0.6211640406398828
342.52023146397306,-0.2802608944758731
331.1789189655713,-0.18216183322920187
369.4299755113725,0.46197467750369015
363.93209177777896,-0.051722118100428816
360.10902152951087,-0.3684018413098329
391.9108828013305,0.7157084656960251
388.3534232198252,0.009974979848152543
356.41256820291187,-0.3569518813188779
386.623946766227,0.14506147234578748
361.2317473232594,-0.4330915645271034
376.0181211355008,-0.17079765974062866
360.25454760000497,-0.38766669595725034
381.41949081644816,0.5715923030710428
372.22475254053427,-0.14885361229221417
377.5361074068994,0.08900372103664722
373.17977317070154,-0.11077161463413177
364.90414221161706,-0.03845279701670279
353.5317309015766,-0.09815055356784796
353.5317309015766,0.2625272821337603
366.99408724861246,-0.08724565255113248
383.59274583317665,0.3218010939187934
382.5080936716685,-0.12936605479148966
400.9266574426142,0.5142281698466604
392.92760818197587,-0.44478867907309905
376.0408518136848,-0.22655531936527495
385.3849898395137,-0.10024502668193236
375.79575415033247,-0.11729248405799808
346.30724577776033,-0.6350040420331879
389.2729248441498,0.24624069687138217
362.64629540692005,-0.007250949365243287
362.678858597663,-0.33562654979800755
363.291045282072,0.22375309826088596
363.291045282072,0.5782959187894221
368.32121708969004,0.19229063488171505
360.0719101680855,-0.05514721556301083
385.01727266642513,0.3188508698651731
389.9991103013439,0.1828318342043076
408.3512198559414,0.05088690881450475
389.7162952622395,-0.29544401118187125
370.13698305452994,-0.15050600335496256
358.9651774142982,-0.16958477711591513
356.9053871032704,0.09921677686827479
348.8265386288749,-0.3233040205778934
370.90229939334216,0.23868740269972477
324.75410068790967,-0.5381899044648435
320.37839855683546,-0.24844594769717787
337.69411517001134,0.43478939490137236
328.7469372016609,-0.20299993075809653
310.6195448540318,-0.2286212599086639
328.7648015970229,0.43302566283387023
325.0424234022663,-0.08027416505763085
348.14453607316574,0.2537777598106459
382.0490338473582,0.26824792954334953
363.94866376948534,-0.14286429395713185
353.8088636891896,-0.22772229313943626
368.81478750698295,0.43239783630838247
368.81478750698295,0.3496157854098101
372.88845134174153,-0.030602469140035282
364.66909595624077,-0.10654029711599833
325.2282636104117,-0.5279848147175699
358.5678259133833,0.3694899742903317
351.0283925953513,-0.14382108633526514
373.20281052252557,0.07764802496217271
354.8092684578347,-0.05596001840694953
343.6450994936145,-0.2026890931086882
377.1522650963254,0.4332751761708096
330.41483540679815,-0.14988936631743854
346.21706533055664,-0.24466835332304981
315.71276893114964,-0.4717578906605695
315.71276893114964,0.1738587732841097
320.5485971474159,-0.055610181696579275
358.4680885189707,0.658073142072567
328.2490420734175,-0.7011943518070893
350.1714164148365,0.27512530098101706
361.9419771455878,0.03000599401934778
360.1966406474274,0.1162900246024492
354.05817112658843,-0.31674636217053376
336.638409333647,0.17804898442000194
340.24667890151323,0.11012682286002473
365.1257091105797,0.05069327067849372
342.00816400138143,-0.30289743552646087
360.87929098957113,0.07995142356867291
325.958407805621,-0.7515032885180517
325.958407805621,0.5716386998856251
333.6230311615423,0.26673603712242766
342.7940309012903,0.08296399833420764
339.081525504712,-0.22525790093254727
372.55217882991707,0.4931414706322812
348.93776227374497,-0.4556334618631581
324.98607124822075,-0.5874403553852972
357.7877189791402,0.5092419285967935
350.77631807751726,-0.07859098583401192
327.79026426132515,-0.5029748782803836
333.75306605028715,0.09948538272738006
351.6197040486028,0.35068100343085007
330.72111892014505,-0.6146348645661419
337.97575270582104,0.35519203339458727
330.3631913042706,-0.32080238684909546
329.2029419556341,0.07676203363132572
329.2029419556341,0.7569995185810967
352.75619272464445,0.5531906397272905
317.7765172826153,-0.5352526003316598
323.05950519833965,0.17452896380927996
343.8594287997025,0.26865026885889165
323.8153672979504,-0.2959346185097047
338.80217513170896,0.2337416713919538
338.80217513170896,0.11161410038573649
359.7336523212778,-0.18978615238279417
303.79649581634004,-0.6091041427046093
317.565115561833,-0.059732513399239906
333.4699222750488,0.7361412922582531
347.51598800443014,-0.278757154874711
334.3593188481002,-0.15202256324107566
314.39332797762086,0.06247232264831837
326.04139104273634,0.0888122612944926
338.1229531057803,0.3340315466418815
323.5361703470287,-0.3275236996937565
319.31882515755825,-0.2430956035638019
351.138527805049,0.5655806584527454
346.61472872703956,-0.043512260059628716
324.3657189248924,-0.21415064913571769
340.85311624893325,-0.13019481013293444
356.758540885003,0.4410142893681268
370.9175706743678,0.18594756545121527
350.5444122914816,0.019517669798688075
357.09544378848653,0.32502076477021546
330.15764220778544,-0.3367824624572222
312.38999364060885,-0.40730093582669724
317.52390987065434,0.4541959883022173
316.47715932418896,0.04293040622610533
300.3916816476833,-0.1667234976562213
300.3916816476833,0.63977691525713
320.92960873447765,-0.12669044865560863
335.7027594435981,0.14336979471579525
359.23427266255925,-0.36549371661953955
347.89575241116694,0.27233187566798733
355.85883925538946,0.02136032038868052
354.412146523363,0.2518788708291595
354.412146523363,0.1809846484833315
350.655864777867,0.11583819631971437
338.8689847154184,0.04428520674855463
331.8042719785794,-0.08084465924650885
355.85732166301864,0.43318628425254246
365.8527540588834,-0.21785165361688996
334.33277807945046,-0.3707838551796385
337.4100241639086,0.18591267294618774
368.5637284614587,0.2365564637030957
357.23696312831765,0.11806683477595925
342.78409850946036,0.09675594944178556
344.0370421549314,-0.2962360662776291
336.5928072267076,-0.2671308268044186
335.56123469027017,0.04339058457503597
332.05516065849145,0.18922799459539874
375.3146070621866,0.060524600983171695
380.9716876186638,0.29998560630224347
403.74274559981774,0.14399052533644863
382.83141814690157,-0.27373289106924403
392.8595705623273,-0.35872650328906275
383.8035866574981,0.13895506615210707
391.53530203735795,-0.16406897459069114
360.6036220259848,-0.4053445646353566
360.6036220259848,0.22933777341108907
360.6036220259848,0.35384543810391733
383.61247879114546,0.3586723194558772
383.78256102482476,0.07102389569831757
369.74456223124764,-0.3734139399009564
371.38264149331127,0.3376363514140621
370.0900538546209,0.10566652464547133
370.4449194452325,-0.34403365348896386
343.45238989979106,0.23692136597082936
357.6042980054811,0.1483789219486198
387.2232769848268,0.4935024643579027
379.2168683624932,-0.41475501660602276
353.85871115920446,-0.144027300263474
364.7451511177249,-0.172876291716193
344.8945109548712,-0.1687336075760868
340.8606165785898,-0.16722890401376844
374.03960768692275,0.8959930960827478
333.99042788120624,-0.9583328568060097
345.55159897604165,-0.059514165973155286
334.5547221241594,0.4154329879366969
338.0048433178153,0.23491558577495653
360.56980536111627,-0.09810573255776944
364.18047196717396,0.6773642262510293
401.13103914710933,0.3791634200925955
387.62190116896977,-0.30963126282017583
341.9043954670323,-0.3872030731238283
369.1886511546443,0.14830565783734073
332.62928705641866,-0.395547552878611
332.62928705641866,0.5033736586460691
333.3633443263267,0.0058115135236676
324.29210236222593,0.26322940996840316
324.29210236222593,0.5609850887898347
364.0043788734909,0.11272151538014441
364.0043788734909,0.21448343151746485
377.25492135900157,0.5612004551744576
373.1423157224542,-0.20836417657346828
371.4678096819803,-0.22929387358942677
379.76901962043365,0.1847890825695231
392.5103824381062,-0.08994614124105738
355.60331770516046,-0.2641686698079866
384.6722858261038,0.2596927167538752
372.17062989135195,-0.1824884647694489
370.80051907733207,0.3313534871330148
350.9897035447428,-0.7002773535589313
358.19893065768156,0.21698110467013976
363.39794472134497,0.26900082867507535
363.39794472134497,0.6726443606214616
378.3412612207735,0.23166694411133903
348.4836761083575,-0.1277929735279031
375.3871453653087,0.35545114994783944
399.8866786251189,0.20799274219643848
378.8868694636534,-0.13567824331630618
339.70754034541517,-0.7294363702840201
325.55306053922345,-0.3113502859340542
294.6892652224686,-0.8314488269919593
316.64041383580457,0.07630949344456894
316.64041383580457,0.43680091954229283
319.94438288027294,0.1488997581525382
349.38858459477945,0.22204236615141326
327.48635423392733,-0.1670174168898484
327.48635423392733,0.5782254476014259
342.44018201405197,-0.038197435097799826
342.44018201405197,0.20402760851197854
329.0169429399313,0.0769322679209381
350.95856822029117,0.12904721212271397
342.42333545718435,-0.05946929811386781
359.89773617486463,0.34599826672501877
361.08190717037667,-0.07327755017070103
356.86682478006816,0.09124242586347009
371.13656417073884,-0.037550893481579806
378.31394656167384,0.2033759104215278
335.4304848753241,-0.6482859244268866
326.23762121085565,-0.022836561149574663
326.23762121085565,0.31237070843326364
319.3580257585268,-0.07408790358863371
319.3580257585268,0.5056692962809848
309.40259976540443,0.06028569729846822
309.40259976540443,0.7079484453038276
304.043955180802,-0.08616762126689537
345.261212761655,0.9319261045283156
376.7670544053994,0.33243073811456725
331.5119441762148,-0.28043143020920525
335.3496540357524,-0.12547375524047766
344.7956717261044,0.44132557573652775
358.9340645522293,-0.03659515635990829
355.46271743930157,-0.13464253265692605
336.8893318413843,-0.15960950389262507
370.6285375527047,0.3542292272157965
339.5621924823285,-0.46000163078292644
339.5621924823285,0.5048812985151017
353.8641511652009,0.46967988218045775
354.66676317200995,-0.19477127759614632
376.0201024377377,0.08606977129227289
358.88318985750334,0.0519618875625838
342.50396818610557,-0.18133136771757563
367.4384834700905,0.27786291801714924
381.951704826731,-0.08172267317047499
391.1649966119879,0.06348827622832687
354.94522552275464,-0.08493824439005948
354.94522552275464,0.3410802590191224
368.4199813483791,0.35382378376198176
349.6484907209689,-0.17609171760545905
371.5972656096048,0.08150404575337689
354.47218707830643,-0.3814384966600528
346.3863879920338,-0.2954271354042248
336.90157459395334,0.1616421259393519
356.5201616399909,-0.15163525793241206
356.5201616399909,0.5955872910435573
362.53697559073663,0.11541785607266775
408.0508199940516,0.7878218681594262
355.39520482341436,-0.2937288641659279
350.55878080779667,-0.0025224289574907743
335.17043954554595,-0.3011153782257452
337.33607312557575,0.17841653694426896
362.11054434042825,0.20648983845387647
356.63334367442394,0.07075387075587969
350.2743990915612,0.11442569979169548
348.9510097189635,0.037385525453601076
349.8425019758716,-0.023550877827005934
353.40982825398373,0.14300528319188288
332.1666559856985,-0.3242456560330993
334.99548891148373,0.17601232847209758
357.915275696343,0.34186130344767207
339.13761583743724,-0.18067016945178693
316.7493449347725,-0.36283027310093985
316.5855892257109,-0.044621416634072375
316.5855892257109,0.5801222087640099
327.80167224739677,0.18722646489106864
360.1242271160647,0.36435913352602256
345.8332471168724,-0.4299799223260834
340.7998010002612,0.18713319947482887
344.084839364574,-0.1144306218515112
338.27959359129807,0.06227952322672081
343.1863142285087,0.31419571246169653
319.39743503386944,0.11231067486335178
349.1033634831241,0.2307462002045213
363.44647946465034,-0.055807221499662774
363.10362144606665,0.057611999251207635
335.68136449899634,-0.2766397188566998
339.70776442372005,0.3099144025723035
372.28977101869344,0.3842447894049883
367.62642955712573,-0.17473049243801597
328.89125353882736,-0.7233961005686069
351.2672787082505,0.2736211438125338
351.2672787082505,0.4448723577277178
319.6411968708489,-0.38219955342174217
319.6411968708489,0.9952429379202385
319.6411968708489,0.64025949965162
303.7621727128794,-0.17343833204211023
302.69418824983717,0.10825373608099653
300.75604268787697,0.05354158699742584
339.26847217924166,0.5670535240733443
329.99214424765483,-0.2725561421580096
356.0478435227753,0.216132445110361
368.5818371918835,0.19052434663990425
365.4798033207228,-0.06324254432911403
336.87632675111365,-0.22734320475217373
353.421033487557,0.18751885417589165
365.2656197150822,0.2332428413251364
328.5314109695307,-0.23920011481072834
325.70636631362305,-0.2570085325778564
346.00525839868544,0.288963873097714
370.36855562333454,0.5572816316480385
355.46182570867296,-0.25977995419862054
331.7548699868181,-0.10536358959984682
377.68823531416047,0.40517651527193266
353.26555947884236,-0.4319669661744001
337.58577575260506,-0.18259721017420816
336.30954927413137,-0.25102408731379455
355.8413473820678,0.40520771232854713
348.5950949462065,-0.3588623415752181
350.9541489873866,0.2915347563485966
371.006217203445,0.1839711756476845
366.39837765578534,-0.02950415301108933
365.54572189872664,-0.004603253387017503
360.2775913890252,-0.40411707272528474
331.1501431132574,-0.09823662588246407
344.5316045930509,0.2810405094503494
365.3537413716014,0.2003496777304008
344.16408328129944,-0.06264483039740298
373.66987430626637,0.2883027637960822
350.5629008405529,-0.3807246994762181
350.5629008405529,0.1411363603482414
340.58187148810987,0.44412938252003187
340.58187148810987,0.6161581023693543
340.58187148810987,0.22433023829330523
372.1999132808029,0.46889463215745764
371.89848374607914,0.3940542520967938
365.93276252659217,-0.0241013330437454
365.93276252659217,0.15310897500717147
369.53919230018874,0.0333085071899859
370.6157955355322,0.1635195733947512
347.1774427135103,-0.30561309221275224
336.48914512292765,-0.22901145749415264
347.56365793765565,0.18744928250907833
371.0092366674056,0.11794970342361921
346.50638753803923,-0.6437759077725786
312.30794587525236,-0.48881270799631693
305.7422451699482,-0.05286247122478471
305.7422451699482,0.3312883454001394
349.4403967479902,0.37239265242180863
333.2378049927485,-0.2002263864322913
351.7476475827056,0.3518195143029743
326.2666658636427,-0.48838510480345576
316.19709437168433,-0.0444232056815963
337.54961423713945,0.4514500926884466
330.8857038028514,-0.3862954140885222
330.8857038028514,0.3313652857757461
330.8857038028514,0.19184425016067053
341.27864574546805,-0.15827177766743716
319.79909795695835,0.019683696692823105
319.79909795695835,0.7315896926862706
335.1097508079659,0.015018231895055578
335.1097508079659,0.5347326310665039
347.7737177442681,0.22863131069800602
343.6359455821306,0.3055947190189272
333.967640233373,-0.23820351993936129
347.86030638285354,-0.4070271868547479
344.535243136525,0.31804687555779765
310.63161489220397,-0.18915182010130138
292.7035482637518,-0.5148479811449533
307.63617873866457,0.037244054865709586
341.5807505684313,0.5243588335654294
345.93685135735285,0.0016159898465275546
344.8810808160424,-0.173578790172769
371.7745005922554,0.3128995171784936
349.1238021207026,-0.24133599132687777
335.6583074973652,0.15710121759241247
319.9590268958776,-0.2273785060206137
342.46468477555374,0.10616330222353554
346.99299734563186,-0.09914149330620603
384.77515794032615,0.3216479655807234
380.04391482547135,0.47775359369086345
354.68443283561095,-0.3011501480724519
370.54601104754937,-0.1480739774876838
332.5771554241855,0.15334196671187783
348.89909665498686,0.13270045345143444
357.52582088398776,-0.07506333197932236
338.11902573230753,-0.11625726193949504
330.9153220819971,0.049384112259758695
330.9153220819971,0.3973136958879877
354.9339239810255,0.5168262698198305
329.5086487143461,0.1175366455730682
336.8473374198077,0.12827678120106611
330.44055045821403,-0.14013597760435914
347.7396195157171,-0.013510186246435296
364.6262656579719,0.2228698029609859
363.37664363084906,0.09502265259516207
365.273087677955,-0.3546875141246346
373.36793185680875,0.23242780335942825
376.4715475142478,0.07581031365191393
397.9042561039944,0.12112835252457899
376.93669470310874,-0.5284936122887984
370.40408006332075,-0.04770861964823325
366.5367644559272,-0.15319466511368773
389.86639345342013,0.1947093683475032
404.1069035312891,-0.21733815083644004
345.7733851886476,-0.656373790754742
388.344000283563,0.7721696759496126
373.2434800039136,-0.5433241934952093
344.51219056464635,-0.148339798098732
331.99418286170146,-0.025273671908507822
361.4753971203357,0.4022684283900162
354.830085681206,-0.33923750110716355
354.830085681206,0.0645454840595221
361.2476797791693,0.36883796795200396
331.64931862736364,-0.2119179675119085
349.8348230485702,0.11975160470069568
333.92402383158293,-0.16564271858715074
307.220751033953,-0.413772501055405
344.47114728320014,0.5165453645594198
345.95813082187874,-0.15836834234642083
345.95813082187874,0.7623416230283055
338.61217826646737,0.21991449446261413
338.61217826646737,0.27718404745439784
338.61217826646737,0.3803076868491644
320.9528157390349,-0.1873187938896308
349.0477127952243,0.31713841349790073
365.39999444898496,-0.17449941869108443
371.7943029337805,-0.041175131790396335
347.9434827856537,-0.315759561085315
363.5144839713432,0.09393361810646184
359.31010758718674,-0.03252363057652019
336.60765041390397,-0.3295998758330825
352.05464123686323,0.054380366986833906
335.86943681861726,-0.1001167103268017
335.86943681861726,0.6962279281876818
335.86943681861726,0.5158488940063535
347.53463250099867,0.32343614910541874
362.45672433532565,0.09601131738804725
362.45672433532565,0.22831699112657589
343.8424836198268,0.26493331738083725
333.14528023383053,-0.12109987784185705
333.14528023383053,0.38586982935294145
333.14528023383053,0.32799138901987135
345.71176302889194,0.047938449326693444
302.5542394307214,-0.8420696916482484
316.82139194468107,0.03242752858068343
329.40980995610386,0.1268866332889047
335.2309234692708,-0.08557245450197115
315.78108788277945,-0.16452080801730062
315.78108788277945,0.7500747205646121
302.84298211032365,0.02692251143298563
355.723569362755,0.6797989011990921
342.8087220727062,0.04313683432314974
317.65078758242646,-0.4450989266308625
329.88259473011965,0.10399315903725892
340.4787511047527,0.23955132283208513
340.4787511047527,0.17077354317746085
343.4705269854769,-0.008527279615691441
343.09049126208646,-0.1551792000942669
321.84460512180385,-0.07701469375058423
322.93680443569446,-0.3142901097781987
349.59740037607384,0.43470887893977306
355.08068918969457,0.1207970711377584
333.50131608707363,0.01868672274417804
397.01452452188886,0.6235909226238618
378.4018442535873,-0.15463057406373082
362.3308376814893,-0.24825284057601493
383.96829626899745,0.2616844376211702
402.4338591522832,-0.0680888605850214
384.72659563033886,0.3485068511878353
384.5228790552429,-0.42346686626297014
379.8213400878537,0.015137868890747086
383.0872818421568,0.326220300489922
383.1516900537867,0.06235823199654078
370.71583255048705,-0.1713426262373332
360.93598650598204,-0.33860010498869997
366.3958663314716,0.44538229874001445
378.5003289350095,0.03555376645306296
354.9555755052049,0.13377831312095623
368.3503687477132,-0.253998706827133
354.51120820086015,-0.4084582713636564
341.48885264143587,0.09579436120532137
327.4067022749816,-0.6980465617513119
358.55860468493177,1.1280729842738992
393.30339626278743,0.10963285377556531
409.3732842034727,0.09394504617227994
389.85080490700676,-0.020905154243791912
350.5025364049069,-0.48562182790499264
366.4478761133172,0.003997225365196755
341.92122721572724,-0.5057805305031025
338.64032881465033,-0.06262486044784055
331.54256442537786,-0.2382825485506146
311.5474023343113,0.012394678015766658
297.5081591521461,-0.11180783275653994
319.97139493483934,-0.10482010486362014
335.4564826973915,0.2186885297326171
336.07336436295606,0.05663600969421623
333.31898729639704,-0.046924076453933594
316.8692271481949,-0.24235278289756934
333.550311966963,-0.010343346248191665
328.0613746411655,-0.005434899954025241
347.21382264448386,0.4622032293916618
344.8807706325191,0.027405894747516868
365.9792584869895,0.21344599816143273
344.20848671839065,-0.31783453356581504
344.20848671839065,0.15575692070615332
373.4020371660799,0.20826514533041518
350.47208589832184,-0.1821764110568438
357.253160214242,-0.0110485930571258
338.21525359066464,-0.14857207926650062
328.0917552625664,-0.19970064149504196
328.0917552625664,0.5281982093235911
340.85997958417505,0.09694057678234458
350.1287600440465,0.2878883332243731
384.68388280417344,0.8286322104397641
339.33171992446785,-0.5665650464071632
327.68111335360777,-0.502328847483227
345.89624285980034,0.26498141646800377
361.01015449297046,0.06267671454031642
361.01015449297046,0.11208024910433778
340.2792170942289,0.043517390998886185
365.4020526201272,0.4130661224802452
382.6772515382778,-0.18468148701686005
367.08338203984977,-0.09395069285960744
351.71045433154,-0.13352597636833252
369.0612795724314,0.2930058914776055
330.0864455861912,-0.46589132592316673
363.2626239895414,0.4443474071949822
372.3811091792357,-0.23733985205967656
380.9195021267551,0.16060175308348335
392.8688991900634,0.13431940980979107
384.57278656239987,-0.24703084775717343
406.2806969943702,0.07837633465089766
378.28556005631236,-0.009356021314943064
398.8900783046043,0.4494073505245524
369.1486655118564,-0.5856381317449859
351.93059774125726,0.16003931220564027
366.9791583640033,-0.08274689920688161
343.78054338167664,0.09289677947208475
347.2016418944407,0.3133219182574294
334.84363122965914,-0.2689061735377436
350.91960273308854,0.12321077180672546
339.37845689760087,-0.10590994952758592
342.768631051849,-0.03755118343144659
358.86237052910684,0.2667423064308423
366.87496607729634,0.31654172682647186
366.87496607729634,1.1639885564760561
343.8817539765532,-0.14621688828697188
343.8817539765532,0.24448655800426877
343.0952736137934,-0.08501207564995639
308.49239496996717,-0.40696659107811683
308.49239496996717,0.14441058610771051
314.0477365559189,0.26393561416705325
337.3428694826188,0.28988008911346697
337.3428694826188,0.612922167036686
378.14213560720094,0.5579593892462071
365.4483813040602,-0.0292092803504147
368.60769679222597,-0.2643371632979097
362.15311613582503,-0.1181565801960005
354.3275854719138,-0.20873859204448308
321.1933377366815,-0.02101990908931839
323.2656607172337,-0.20139715860500473
320.71809709113995,-0.018677122888902886
320.71809709113995,0.4414041674890541
390.27288165186366,1.2704258175549512
373.09990758318327,-0.7278713969589035
368.22406762628464,-0.22840232148587347
352.76401572564714,-0.26213530457414436
351.63356415360056,0.24189662407138712
356.73403543244746,-0.0673821219365891
340.3907690904376,0.20612826511694493
351.5739702536983,0.09721249542758414
349.64660074947477,-0.42746646405203137
349.64660074947477,0.44829676610993374
331.13744286845775,-0.6164663905317411
327.5460974390012,0.204304745804734
363.62927170766807,0.31189501078893045
331.1556263550309,-0.31573213548585954
331.1556263550309,0.5526416514861694
340.30853859969295,-0.07231173814795966
354.1099116769973,0.5779985719378828
333.6525247955852,-0.3334862180344089
332.1197383248242,-0.3827170292189521
343.29536496154304,0.4042249487353047
355.3722622998506,0.1577820724725143
351.4598330836684,0.30981410501476603
376.00488632682544,0.36045724127870926
349.70451597093404,-0.1625866041986228
346.9583205919503,0.08634324755269063
351.2953813098756,0.08546153479142049
374.98871604750815,0.3188436449387382
373.5984260745162,0.08945818823804075
363.45136816290517,-0.00841072597108905
356.42801086746925,-0.16228475392858854
364.3933837032268,0.40474050445823195
360.3346064268005,-0.0032093288256191954
365.78399073919434,-0.29547605195932647
365.78399073919434,0.1568716338106242
365.78399073919434,0.41470781163798165
343.41918783116614,0.1623233219715985
350.74756440012254,-0.16811895647867914
377.6448959017235,0.16429952068415332
345.31109259813644,-0.32950136432305044
307.6868169294991,-0.3835365912467523
346.8610887231219,0.6358609261483252
347.7498906443037,0.07690016471201488
384.70685808738807,0.4600031337522523
393.6504690355759,0.08075100432085947
373.9187732200674,-0.14209016247195905
402.4204684342244,-0.007298880031726185
382.86694431926276,-0.19084701876920462
353.84818091413354,-0.13924199998007225
329.0123721631757,-0.377896312757116
359.67042197447057,0.3838179900601517
351.90945211713796,0.23699826915299127
356.45511878041214,0.2877623991789733
355.93568116868005,-0.42743008503953206
392.7090273338602,0.39799340174420195
358.2703056077587,-0.08866846289583918
364.34053758493445,-0.07533715618660608
378.78137866966483,-0.2249911780891125
375.85522730435014,0.079912508283428
390.6136643316873,0.5536925913781943
365.25155605989977,-0.7107412272455349
352.53428017141346,0.0035442407097434625
349.6323019514734,-0.2292222693703252
349.6323019514734,0.35344773119879846
374.9766708990247,0.1824370442786858
326.85329450917703,-0.5762805543012064
356.3326923738136,0.2703358364053656
379.0616547404764,0.3517564078183568
352.27835378344184,-0.5037534819754228
359.09483192834074,0.08568091090148755
358.72044835806156,-0.03939026264424683
358.7911614436768,0.018029010833060966
347.9457817784197,-0.283489561366423
357.18222533853447,0.2467108488882559
398.9501447422616,0.16122752380681504
380.4612849442003,-0.2660412481209278
355.7426316248596,-0.06908441081145611
351.71083447458193,0.16912305263463168
351.71083447458193,0.20389547582908563
363.4172743931538,0.3415992486847017
354.5677431757327,0.0948248618648222
354.5677431757327,0.16734951971830014
354.9716729413768,-0.035785957089274234
354.9716729413768,0.22890403791586778
355.7859423248382,0.07717178964082905
355.11209803616254,-0.06809873834799873
318.69695990238245,-0.2440339831783831
350.91892924117775,-0.20790247193690448
374.9191599902861,0.1444997728033286
362.30483902497417,-0.21154782978123876
385.78876564005327,0.14682216445828544
384.80281141661493,-0.09225586609341008
345.05735066415025,-0.4526047569147522
337.00934277285575,0.08738644239087989
337.00934277285575,0.33500997614805783
340.4415964997052,-0.2065625880047719
340.4415964997052,0.7576837521103243
355.3465659522529,-0.015862165544604068
409.97484439045763,0.4319716179036277
403.7714854382653,0.10010551022321579
404.3442200106614,0.058190621220546745
383.1881424344621,-0.4521487141414582
383.1881424344621,0.048594590748052724
361.2533513186222,-0.19700807841468304
342.6926725564597,-0.49689956416750647
356.45426511996754,0.14754891038705864
356.45426511996754,0.1741312651673752
392.59953678827344,0.498340438284572
359.2067887108308,-0.3734973432043489
372.73182097163686,0.048183205320128764
361.77924690925937,-0.10420952778895298
386.2110969172236,0.4842454850985405
357.9376670766037,-0.7045261556772857
336.251806146779,-0.028179219837738856
339.7349992463431,0.11319839961629441
340.8636590207122,-0.016029597203214507
330.6709448877538,-0.02029137151271243
327.9982890984074,0.18187190030766942
333.72965205902926,0.15489911415625102
339.94342428314326,-0.07705740783626425
329.25153981901536,-0.18850473810209678
340.9739251690222,0.2153173554688692
360.3433222520432,-0.10617063804033933
345.3911461741284,-0.026892381532206855
345.3911461741284,0.7068090806719738
368.4704412027976,0.35165832283166765
342.45306833751073,-0.4876317368270975
354.30967209133803,0.385137685077666
350.91662793324963,0.12398819243890102
332.8152302322046,-0.5950709333978921
304.2817043092107,-0.47153635559573104
304.2817043092107,0.5264788448166655
282.18667476203143,-0.2667433760842641
313.8130217583294,0.6682324360153871
300.033260421531,-0.5279035716882845
337.5012677349364,0.6471032661394247
358.81281958611476,0.5029996776995631
355.5905072716351,-0.21908026331982455
339.0157862601951,-0.05675696201410574
339.0157862601951,0.8134146191083573
346.4275549761955,0.07202761579162598
346.4275549761955,0.43933115205220474
346.4275549761955,0.635561296366518
347.2952473696641,0.08437381473891037
346.2047296309626,-0.21395311792889515
344.5140491204233,-0.12183507765507784
344.5140491204233,0.4137533947097154
350.7260013438273,0.27068643861662167
360.0763940384187,-0.22028108361894283
337.38748585446154,-0.38462674382060413
357.0566149345966,0.08944803218184916
343.12578899888166,0.1379993242923092
344.01550494757265,-0.04202650186618939
344.01550494757265,0.2855841117766431
331.9374561269399,0.12497842941729687
338.8989622599338,-0.0824906669183747
328.382112732479,-0.018757995729856702
338.632984967561,0.017964306207431946
355.40015068648495,0.4925129032858422
352.021725346087,-0.534940384679885
347.8267875725944,0.2857263237449388
348.4006413436507,-0.30457159470279294
373.1332103063553,0.45786928778193214
357.2917471164048,0.3702197755128509
346.7100989136756,-0.32506759718557987
355.6781644349744,-0.05439664806976907
355.6781644349744,0.17535993502417568
356.5876290858127,0.11333227435670779
348.1730930860581,-0.03732468374005293
383.6390821088403,0.44617451848012024
369.6835235548357,-0.08396396203761469
357.75119797157896,-0.07713131953835273
358.00310162464325,-0.15915997829199569
333.6412715597948,-0.3207650677794618
346.344939010495,-0.07108119759948295
353.47934627713136,-0.008958931545748783
353.47934627713136,0.4630714210215956
336.0032626407015,-0.20516585273321652
317.3307790490745,-0.5315906617463497
317.3307790490745,0.5599742666313432
318.29716688607624,0.06020413141970948
316.28413146598257,0.039967549011748815
313.86056062068576,0.008066739989999405
303.68560571342977,-0.023138388938491516
342.4987853442912,0.43297491025646195
345.07354089505884,0.05789865687552265
348.94904327545703,0.3531792758193433
358.36889941538146,0.4085901580456266
359.01699645544085,0.15950583392464068
365.1146577055014,-0.19426194213406234
335.3294756671346,-0.22682206313243114
353.49139904977784,0.15015465145916096
344.71308025588246,-0.03762041656977999
336.139145213927,-0.3605313451424763
359.9392534367203,0.11752928255259576
359.9392534367203,0.1153018404671684
365.93848861582694,0.13415020294542046
390.78249671439045,0.38981208852737836
413.8786548230552,-0.07537717537820754
392.2591470865265,-0.1762450348121547
392.2591470865265,0.1578639634518595
365.5577273395152,-0.07779267393425471
368.3082228705632,0.058506029969294104
396.60374503485167,0.20801720800341172
364.90768331132216,-0.3699249420990327
287.01958151732646,-0.968493506656273
342.6266447971672,0.7401035361226604
359.5068101347407,0.14992180867000116
360.74460339330034,0.13763381367141392
367.5890909191972,0.31771218515291366
358.3485524587366,-0.12239865598166944
375.9806234777036,0.5398603234901884
369.02199472585,-0.6740255345273454
372.3646345495037,0.48614495476317643
332.8291156649114,-0.5194600722356881
316.8968597945391,-0.15295248066695422
368.38532754041955,0.8715492670885396
338.01240130635273,-0.511898785374683
345.01459608365246,0.05001127977311626
345.01459608365246,0.5347813907492309
353.3675918258674,0.23517084228944896
327.7536989740405,-0.42272927722933673
323.3509235318493,-0.23564138023255055
310.13590164948096,-0.14760903959813731
310.13590164948096,0.693349345448496
310.13590164948096,0.4463385447405699
335.75175830216455,0.7264762241827611
347.7476588181225,0.40707341852623813
352.0302624900957,-0.0626641083586037
350.0302858707298,-0.042048250498737616
346.3388515400357,-0.5142458352108861
332.8326022634457,-0.4711990533119206
323.65469179694566,0.0044682182390261005
323.65469179694566,0.5231848467464033
330.60661906742314,-0.005686076915139893
356.46948802358986,0.2541297848654267
377.0757371789067,0.1905954765105662
383.1910074487979,0.17858560432614468
378.7877233135663,0.3043640975527069
362.7168427841452,-0.3357619338198674
356.30206181175646,-0.042566842927271864
353.2239473981126,-0.05564905174105661
375.61606271301656,0.2832653556002924
353.518568761774,-0.19141546639798435
382.0343469567375,0.12669568973865353
355.7795863971197,-0.288054780073594
356.1942508466507,0.015638276571280585
366.2092760366632,0.031782270315943606
332.1266956895316,-0.2504427319397564
373.9802952555778,0.48573872147380825
347.64860312309105,-0.14895883678582322
345.65602637914907,0.1130183163933225
345.65602637914907,0.2653818168827229
352.5573433931304,0.25365201749480093
352.5573433931304,0.7077899819005324
327.2338733085515,-0.3423781422009142
350.3727343246706,0.07394453176198112
366.13432660150653,0.3981406228239166
361.8593961487364,-0.11819588950947946
361.8593961487364,0.39494485232023635
367.26406256850686,-0.008984105552826804
368.70101904607293,0.005663339836473824
340.52557384024004,0.014042773780715834
340.52557384024004,0.4498926530895915
384.2450075024395,0.3848260658387517
327.68303054048084,-0.8452890835712878
327.68303054048084,0.6179917971977602
342.22766235325855,0.32492458855847417
339.3552886034663,0.049912894271187724
342.2594345769138,-0.1027727146901043
335.309343125769,-0.3125711422214863
339.19598300968715,-0.02497422060878307
355.260558114868,0.10101834302713542
355.260558114868,0.2302446053249696
368.3164030648423,0.36687476169959155
348.80551232570224,-0.015451779063596405
344.42111631467645,-0.2639110617063807
327.6096764011198,-0.21152412617470873
317.4575232662468,-0.4023765866664917
405.0104959520203,1.0187691808987438
373.1296126307289,-0.05355141631889637
364.0459716835055,-0.1921247842676621
419.3704725168961,0.13442354052858718
416.8380500271962,0.23736619936357783
422.94011312470195,0.31708346051209446
374.37735224104495,-0.6758103535073587
351.83006054492586,-0.6163159808373848
360.1382088388442,0.7607289978141125
360.1382088388442,0.2061004866991425
366.4039148061006,-0.031188734881197888
335.93100051812615,-0.04359037177164282
363.8133854484684,0.5048458558903803
363.1071671672152,-0.32450323632383515
326.0493404418572,-0.36183350010333015
384.52821509895045,0.6368421214160662
370.05048456476004,-0.13865982499612528
371.4513381567748,0.010770321557401985
345.8895026593759,-0.19776590682840833
345.8895026593759,0.502646308185831
345.8895026593759,0.32176469746730163
345.8895026593759,0.29730269661513375
345.72789946656843,0.31791311944516565
352.89925876482675,-0.3818481777445868
394.61740409429734,-0.11573461185662381
349.51506483502925,-0.39771705639202537
350.86544786920706,-0.1740113491594002
336.25855685406975,0.05778086293594242
349.8152731572193,0.37375662555552935
341.17280168728064,-0.04675640189805108
349.2721580621609,-0.38538803382300557
338.8062620279718,0.15490575051114774
325.160079604928,-0.05005766566011971
339.0082572887454,0.21143399716504518
324.5895351844104,-0.4829690462053122
317.50816261827794,-0.07893285324007593
299.81834352096723,-0.4065070066147882
299.81834352096723,0.5143017706270712
330.97600410764284,0.035289582569930644
325.6478740202983,0.014972048704294139
354.8288999784532,0.3603749536534906
342.25290831772276,-0.1524998107298643
346.12004055321097,0.025229027598925313
333.5797848522378,-0.07841268258732725
325.1514776284495,-0.11915297107179867
324.8284036350296,-0.06528596669170383
346.7664679101675,0.4120884224311112
341.47366691520637,0.04700434409346599
355.1650505839697,0.46999310352271095
355.87453055837955,-0.08969730661988251
360.16723964504433,0.0728394794742826
346.66433218354496,-0.17910882230819425
330.7865950980591,-0.3101017284120644
311.68634533040114,-0.36987756917244496
300.1753590016103,0.1493000186549125
301.98718096185837,0.014664947755477442
302.0077169969046,-0.06283575943086817
302.0077169969046,0.2573180142703677
302.0077169969046,0.14016864333450485
281.9712166130145,-0.3093464942337505
310.75219468196417,0.48268305378837795
326.316584820543,0.25230896986192874
326.316584820543,0.28786822700828907
336.7158663116069,-0.0954872658048771
322.9905715781619,-0.23485705684788627
336.4756355162876,0.20719302016755137
324.2132141055785,0.19534948015575537
336.9512857099883,-0.10898468572509046
339.98538814341697,-0.057406859444881775
371.50683683244165,0.5155071832496105
372.5955661052799,0.1427771745076143
352.74906403181046,-0.37732268746060527
365.4026485529826,-0.04655506530298226
338.70231914149235,-0.04247096982544463
325.8548045089492,-0.06576474557664369
297.7189527815908,-0.107817406400045
322.94352762163,0.15763225848240836
318.3617337216864,-0.022589481289969626
318.3617337216864,0.45032252827206776
305.4347989164541,0.21404032974805887
341.62265375366195,0.5384693460412109
309.904083268189,-0.2763060604271459
304.32772504279995,-0.0009710013694075315
305.3578511560934,-0.06689624569173702
305.3578511560934,0.3912012268245917
309.96905785219167,-0.24693162954372383
335.2912560353644,0.06424930623927594
344.3404342487345,0.34456274690546707
333.3573032493912,-0.3212864928672161
354.5665715071189,0.3883421411015888
391.5700547271913,0.17300815272312775
347.15817423821466,-0.5090864766273171
362.5236296244715,0.5747809572891356
342.49567227477917,-0.30205160421530763
345.1298419036406,-0.013101611858928663
339.3553885633222,-0.31014392465885976
322.5928756109512,-0.05423111149889337
341.25574098000385,0.43052205749904715
340.4839452433225,-0.3491572434253385
349.4854726071707,0.33841143310132793
351.39573277293385,0.02362934128723282
346.1382255670594,-0.19179157069947905
365.18818263998656,0.4874558823030384
353.99769612706257,-0.18756428032020267
339.8950965037141,-0.5349478240067356
357.38897708345104,0.47679605210396403
366.18235398291364,0.06325652536611415
343.40321199362415,0.022742553472426152
359.9748086141586,-0.020102756240135022
368.5677355247785,0.3137685354449786
355.4134124036327,-0.4349149420751246
343.7517686597717,-0.1289082507078092
326.2897784740729,-0.15879495112426412
354.24947199322105,0.7062306758363093
334.92313753761977,-0.3484450550051861
370.08515819022483,0.49717118317187214
368.0187131575507,-0.19588472537668622
346.88552381167807,-0.300724111364957
340.3517047220854,-0.3532470926879796
326.6736145857871,0.07882355199899393
321.10448390161235,0.10821887085035087
326.13397824765,-0.16299174673110883
336.5011140733463,0.15156741028351917
334.3779515268943,-0.26064474027236884
322.91940788602057,-0.0664455699248947
317.8972517617954,0.044761478582699965
301.4032387152496,-0.32438505252468985
297.8101464189462,-0.18465069060596306
317.7313295590082,0.17196568960548575
335.82417208852405,0.6714371966309045
349.592370362004,0.038448340405579984
367.7526212239508,0.1685201005474255
365.90280188764524,-0.20705543875419608
371.23466583376256,0.4465786350770031
366.3423583898876,-0.28492668340277305
355.873711369792,0.07736445211378395
358.4280722257137,-0.013771630399901369
355.49376763063475,0.07048992983141034
353.01073668628135,0.015087658447782815
330.1421468790441,-0.5042823311051734
308.31662610066047,0.11769675041728078
308.31662610066047,0.5799666305210849
324.69264476486643,0.380180429033544
332.8906055824886,-0.20041124286626655
354.7205318834056,0.46186328154112744
352.93306592560987,0.3705163495395709
338.95249364291027,-0.1727680281562698
341.89824182382375,-0.02137046001462295
373.36092866442266,0.1884418820064866
362.09898354656457,0.18956863892663023
379.02815421768884,0.09017260886071199
357.02135707626593,-0.0694285151225813
350.9271867617659,-0.1647919218290781
343.12220786541997,0.18045698878790972
343.06052840431096,-0.20379912151543067
325.06994845355257,-0.08159278382470347
334.34758523482145,0.26700668204671274
342.499404875247,0.2209627603856461
362.6870702731995,0.17844152880797992
373.7648353711497,0.2955585129740257
361.25704866145844,-0.07147671261873256
367.4721446282405,-0.24738872328396155
373.713649819258,0.07082529863566833
376.12289671043726,-0.17590259756025262
381.03176792077494,0.26051187022380873
363.5201938096184,-0.13703152969901566
353.8259686124351,-0.12053313204319238
335.5127831411843,-0.3506525594401637
335.5127831411843,0.3250513286571959
340.5049901915479,0.3680284621394776
310.3896078303973,-0.5849390248242798
341.0015018147636,0.39927323784445434
339.5130692484433,0.016225137447236193
335.13350210749564,-0.1258110578612559
335.13350210749564,0.4060108515182037
349.36130198754415,0.27528663524424246
329.4685663828911,-0.430259058079173
334.7643697334654,0.45070494069750566
337.5551615383804,-0.06412495223526093
337.5551615383804,0.5954207327965833
317.9452293000523,0.07612860477490813
325.39622151844145,-0.018374294390696377
325.39622151844145,0.23748745153920936
347.07099302613227,-0.029363158986370763
362.4064122052524,0.40642282387466366
355.54172158557594,0.296614541285976
361.5755731350157,-0.10062610813213269
364.0444348072159,0.02729056936914276
327.7919012495965,-0.4452119727478703
328.09754563177336,0.13037289079693437
320.16195952483804,0.03157144772842457
321.59338726714685,-0.3920696136052584
329.7753163823295,0.28519489598716063
368.6977875792447,0.1979426811741405
366.7712587619605,0.2673599446292201
348.77853466963467,-0.23789040094516167
350.174755322951,0.19574699428380882
320.61819208410327,-0.14596719236487843
317.1215065841353,0.15831124567318966
275.7398969712727,-0.46098373963036465
275.7398969712727,0.6998524680213905
300.22794994394235,-0.14524547571727453
294.6305143726224,0.11303754406935695
319.52544645528906,0.27031096885798434
303.0404596251346,-0.18004482905519126
351.1532929046806,0.7800569585306221
331.93486887253283,-0.29299770642762724
349.55577212432235,-0.06856445770017672
356.4088315994174,0.4318549361495343
367.2991688968758,-0.04038968301540535
356.04061250531214,-0.03613904862368145
349.23124451792347,0.011854715660774673
346.27569431945653,-0.04897880755902406
335.58859445001013,-0.2862978607406603
356.2280893045573,0.3885356241023601
379.2522280690982,0.30301710866865506
356.63324888043655,-0.6917532980528449
356.63324888043655,0.5449545676412981
376.0292492169311,0.3711878103482604
367.2525455018208,-0.19367018423554327
375.38374650863113,0.44077270644652344
369.78245876679637,-0.06702850614419731
369.78245876679637,0.07959174058339613
395.442749890524,0.2900705294457566
356.95351902445293,-0.6691873271113309
330.1636978393717,-0.2656243220869783
322.1016547297962,-0.10801287351966948
355.41706176412714,0.018105497819760785
357.1754233104965,0.26812863685086086
330.98710408262707,-0.28327431891352717
333.29933996539444,0.10675207095619044
341.36838310925026,0.10008928512002058
330.09728105847404,-0.29533902856132954
330.09728105847404,0.3806307801373805
330.09728105847404,0.3906251775160854
330.09728105847404,0.20827474968893966
380.3680321091069,0.5153785607556074
380.3680321091069,0.12749007737988904
369.7343977640866,-0.2074325703042632
353.97095678119894,-0.00749945033419408
367.04966620653187,0.3879610141948433
353.97018258563605,-0.20770833580320414
359.89051241384794,-0.19039963818602246
374.12759591078026,0.7219376596106031
353.96775514564035,-0.31663181714213806
349.4979023747379,-0.3290587146195776
369.20777067339014,-0.02434828927516719
346.5420619120591,-0.15298077668830956
346.5420619120591,0.1679437443108327
379.21155950047427,0.21143920575150332
355.38342281607385,-0.05497339697035386
349.3532954132173,-0.26200304585370304
363.1517742366387,0.2751359896959684
369.69639007206774,-0.25447405499437536
347.5588481298742,-0.14523083631661393
328.92964166599927,-0.17461547031803093
348.0237046800882,0.34597069169103634
370.55792043698847,0.47036898664941873
360.9698498797175,-0.06979472900059136
351.78615827741567,0.15187802127422856
340.0953972144694,-0.050007851750933696
339.11857195966337,-0.3845508642400546
339.11857195966337,0.8494691226915165
373.3190969981363,0.5226862558824905
400.1203987815709,0.010624993142869243
377.17759826131567,-0.15984736676955436
356.3453682567169,-0.5401085260215268
368.0708030704214,0.41896354943651204
379.42024135050804,0.25244790684587315
374.169833751243,-0.06581855358581379
374.169833751243,0.14886013268596798
367.398270297758,-0.34033044658599465
350.05098098233054,-0.16514803583299908
367.0238138601237,-0.1814892034587956
367.0238138601237,0.685042517398756
347.6750405543863,0.20764830197424544
337.2773084613841,-0.128683822972107
359.84528753795837,0.22826063286049703
376.7658022128723,-0.13961480506634416
381.01620802242775,0.5343119689307514
370.1739125507006,-0.09158839395081486
370.1739125507006,0.21894366367746443
367.1363415607851,-0.05768961652302096
367.1363415607851,0.3572860318798803
376.2793916659025,-0.021081499276874638
358.1879203019108,-0.17864437366529273
342.6930758275461,0.017617267556033767
334.8976331740629,-0.10166735109396541
332.39310054596757,-0.034652266374905594
358.9229157094889,0.3962704515887481
358.60615386810343,0.3593853013926491
370.34218128003334,0.08598977795440987
343.23156321222837,-0.5014480000940011
346.3724026178699,-0.10680284346199187
336.00753020754985,0.00023350336573457753
355.424523801941,0.09877097972560023
369.9652236754575,0.26285261240866475
353.8562120654269,-0.409280780323229
371.0709562632023,0.21952140282689925
412.7999241033338,0.4237908061620601
373.02705963447175,-0.21743758614366016
367.3597336670158,-0.16923540966297423
379.0091188833258,-0.005815054461777436
379.0091188833258,0.646515899357496
356.311778011861,-0.13645655024390635
366.5129636365619,0.07262686634703641
389.4076204685968,0.12745028948222625
375.83478506786753,0.3156331141397004
373.6470788689103,-0.28835410430099273
373.94594854763017,0.07258010531290893
347.00951756143564,-0.3730749377303937
346.24178598208294,-0.029549571991083212
350.6421638599752,0.25964610492201246
352.63165100333623,-0.11820037524194049
335.1134386639666,-0.055029550235076385
341.80501664116093,-0.14340201890172466
347.8627632965883,-0.0005651289693560102
390.5516233970338,0.671301213286597
346.05140667182985,-0.7737998532370511
336.6876917973523,-0.16870651709155027
348.38885316790606,0.30620432602825076
343.40613027246,0.04797998690617078
330.6145650582218,-0.02436110088819987
334.89067466784604,0.12601725789386364
353.364079046945,-0.18530844781400901
325.02154065395877,-0.3215381819553613
306.36580129895975,-0.23811409278062
365.8469954462913,0.7609228030090662
378.10207033675067,0.4756641191103199
381.06660107226963,-0.2001495537513165
401.4397664147376,0.11613435869446675
372.6620133644402,-0.25315776002366874
378.07545874172934,-0.19807076224708453
359.99315638550513,-0.09185690380570577
336.05686808724494,-0.24187871661706595
378.19507323993463,0.716711562196565
374.00162124199903,-0.009716069382875503
372.9757290132123,0.14817423486329062
365.892988492816,0.10922389544657563
351.48190410127114,-0.0659499205096381
351.48190410127114,0.6449155442051051
378.8475415884058,0.3795764717226575
337.77074909122695,-0.7261150652134347
328.1185839992609,0.09712777079369062
344.6526005144941,0.18746358153509846
343.1850617763697,0.01342171439023332
320.26735807546936,-0.26570702354786135
346.73720681456285,0.4756014661311383
358.51704210151127,0.38782108601651544
371.19795940444044,-0.18052536366053573
371.19795940444044,0.3570761405551366
359.62200419784284,-0.14484558592891972
327.26955671719037,-0.19429020067218516
336.5433100915465,-0.31036646193365414
336.5433100915465,0.5998369713605598
356.54339931037737,0.045726185146577336
356.54339931037737,0.33347568415206297
348.85954801423026,0.44684126053834916
334.25564934811905,0.0024765206081838187
319.61356031299266,-0.2956565898816734
320.8889806329092,-0.1474246053760453
309.01720536865895,-0.3406169442305327
343.4346111157444,0.5067998584625002
362.7226970763167,0.4806561450039908
324.0760105892679,-0.3829391249173568
351.5229454805044,0.5982752089088308
351.5229454805044,0.43208198875822745
353.36185922164566,-0.23152582191346482
353.36185922164566,0.28176085306938603
375.84199125688116,0.5884658804048968
354.20065564600145,-0.5903987247764917
362.36277548366763,0.06462567009145914
351.4434495782942,-0.21334602524268576
359.70913972622446,-0.11911903151712977
345.5866261482325,-0.10501403850798852
350.5251152408085,0.7298390983829677
343.10689349478173,-0.7530709102632045
343.10689349478173,0.14198304811623075
357.7716443323378,0.21405669612806832
355.73535137002403,-0.0007916872590385537
371.1550001746253,0.2311979883464801
367.31076613580257,0.4429051862680353
372.4282575543951,-0.16298861077257243
361.39112865081023,-0.5412798093173024
361.39112865081023,0.12823433828452835
388.29503093098924,-0.04482173709277504
376.5211433567715,-0.08701265092031463
376.5211433567715,0.08021552382876962
378.0847578039468,0.030800007861216727
369.8484194690802,-0.030113626483853295
397.31366127524046,0.5246980996823822
335.56338302868517,-0.6012074703952521
351.2279803169951,0.18452477638197706
382.0062118973316,0.13495863900038785
362.11665326844854,-0.05017000208431455
359.91393953128613,-0.19371484602800138
369.95609121239244,0.05518185295841249
337.7446639308885,-0.19500520275323652
337.7446639308885,0.12336952047803607
337.7446639308885,0.5388322068685056
380.84522142914227,0.657545539077887
378.81892553909915,-0.09697532296661393
360.03959185566805,-0.09342326192279415
378.7727654835447,0.08518584233672755
354.9271313790116,-0.39620493936399725
354.9271313790116,0.47215601168397825
352.96071241924255,0.09054464707060106
365.3297882472104,0.26253140080575577
366.25492395472065,-0.5358757853684892
363.84613086393017,-0.004568709905584001
347.78479156780537,-0.39238348801052325
334.2180793827539,-0.22202852674467977
340.6959199196939,0.04966046090430609
325.8069343942587,-0.12278828617456838
333.743926467627,-0.17297765870421244
343.83454202204445,0.128784419593444
342.90735408777357,-0.04029308085137018
344.13150022660653,0.1093264507302365
341.2517997688621,-0.2197430194116805
341.2517997688621,0.43465334129564326
324.41339335970486,-0.5658579389017859
339.7958967425918,0.01361286637916237
325.69786893489834,-0.3869009783796855
325.69786893489834,1.0347077655602561
296.77515778636314,-0.07641280424002161
327.65374322391966,0.22440784250090928
340.8311579789281,0.15517046785726052
343.5157763121615,0.2274481692459176
384.66576123874574,0.5264457976599033
387.08344454108055,-0.00680711884331231
418.86583792136395,0.321647558685072
379.9692926748161,-0.5315352513146081
383.65353320143726,0.11773914187574519
374.5881462257488,0.18795789685020736
374.5881462257488,0.4675029480605417
344.2554314656405,-0.14278121942732014
344.2554314656405,0.505570915506155
329.0760847122522,-0.4095439861769137
332.8839493277852,0.3949239987590545
339.7438464417629,0.13508632023103928
322.06314377475036,-0.28254531823540674
337.33560043425814,-0.010689812774330676
347.1858709071586,0.30019951210249474
375.334010172767,0.6648792797536771
305.24346839492216,-1.0083676134265716
326.13748332704444,0.417850788914393
301.1944741727532,-0.5103489414293563
308.81727663183534,0.08766298795012517
324.7531351213555,0.31421607584320554
319.3943612130549,-0.3131121582648575
312.1784642347894,-0.039055884805407004
312.1784642347894,0.9647341531278926
353.0262618746377,0.6147072585763453
346.00916471555416,-0.41372294452048664
373.91853286599354,0.3438172102540875
353.5877035967548,-0.07984429963971706
340.83763000101135,-0.3368642660943806
340.83763000101135,0.4309489472277619
349.6669174247409,0.07031133621023855
382.9482529895724,0.545963477946998
384.5463710097892,-0.4734549071630454
384.5463710097892,0.4119679578452633
384.5463710097892,0.22340772944448872
384.5463710097892,0.38586789989881254
343.755546652023,-0.14156863389428054
326.61498813928887,-0.49031044080288666
326.61498813928887,0.225427872790533
319.0160783370944,-0.04765495302353884
355.99434833377995,0.45421706716274457
358.7370598686601,-0.09697398406888169
394.4540245856268,0.2755758746595802
371.3747975104789,-0.1750305433633912
388.88165763897774,-0.0673395965719692
424.1655718160517,0.2923363218137638
381.77587963960974,-0.5126104603407384
366.1485556318681,-0.3388805376559958
366.1485556318681,0.25161358238904086
344.98244087895966,0.07922018974375078
329.1088030422623,-0.4080884002619314
313.94128770034894,-0.4139206962734079
368.5047533587099,0.8840330842771209
374.6501088422618,0.06750963879301253
342.18859876225576,-0.5844260667482786
338.34090093780856,-0.41650173583218475
333.2080255915495,0.2656231835851486
392.28406572582315,0.5496925524242897
353.870850538981,-0.2417837006640866
371.2326652123174,0.2053868520033575
354.04891682632655,-0.10319502753122833
330.58462122055,-0.45725689486096144
333.3180162395067,-0.0052842209937580265
359.8810401406669,0.5489120909230678
391.42478938715226,0.26479545844335917
365.5318098412547,0.04820019837370637
363.8430830003061,-0.12973417834655265
347.5149983476936,-0.4789250462204109
347.3275464774163,0.16807629820709735
379.7413304248003,0.4116048021589904
368.31389476937056,-0.16948774378738563
394.04816467596277,0.19733207574904554
373.95151055682567,-0.3487979641640777
381.2746227731549,0.09558591110192083
397.8934232196429,0.11084327159255736
394.26524900242555,0.1306998166030553
349.3789631602859,-0.525463976983815
340.90318173866825,-0.26147952792939577
340.90318173866825,0.9166390171340026
367.5280427398187,0.7349384340922143
375.32392631030336,0.19750828936878406
356.14902153165855,-0.11099748715696478
341.0185268366943,-0.2513992284082178
341.0185268366943,0.41832869586755805
348.17665964901914,-0.1614172866093213
361.08086059421026,0.19328040337654784
381.4992730166432,0.05445255458437259
381.4992730166432,0.34788059481707023
352.6987093922049,0.10809182935645367
376.6111587298652,-0.006390793194327671
370.59792980612843,0.2379075812945075
343.6637774295822,0.2664041388084115
325.3457902415728,-0.9378580191732908
316.89219437040776,0.554624487799174
333.453460236204,0.05889632655646437
361.47679995759887,-0.2449119272931739
345.25461407924683,0.13821314284700748
380.532267059251,0.45564690037326727
370.3039136571461,-0.19985797711206033
345.9403662622964,-0.32528172481113415
345.9403662622964,0.35803743797498555
387.250094966037,0.6604992270304137
375.8288902927362,-0.4049163299009706
367.4649655525383,-0.07198610735042621
367.4649655525383,0.1270464952618795
360.68721681369584,-0.09929960573469998
370.1770009378636,0.2632325453730573
370.1770009378636,0.40434133782787285
355.029441583957,-0.17625969871096459
324.4365676350328,-0.6987486939505061
306.2742379741142,-0.1787076648332686
350.23455425469945,0.7198104572698867
319.27298040359835,-0.15631629840333972
311.0980641847155,-0.22979100496513638
368.0595506549218,0.8338095739584332
357.12717587280696,-0.11242402760262848
349.5462763279994,-0.0669456912755777
351.6786526888986,0.06581422621206912
351.77794618531,0.0847062940649721
336.7920854663056,-0.3400599381093343
327.7389104399696,0.2489650352250692
367.55929967270026,0.4706950746547136
375.38622622846486,0.4893506284178102
418.8282395206176,0.35630127699505465
418.8282395206176,0.24757570922668037
394.8303902585413,-0.18692119292950338
375.89148401452354,-0.4198513353596809
351.29388488239346,-0.10561296519631469
344.1963042836165,-0.33946603022673116
341.79176592433885,0.02401780442312429
354.0570847126881,0.2116466691993537
374.8492033342598,0.0013165818556899467
364.6243767381445,0.012813722565169883
384.4333825446777,0.6351824764249159
344.11389132870937,-0.7829948013010153
340.83175002273197,-0.022970150128912792
360.0075845217489,0.08209018644913613
358.0910220070681,-0.0714461228313894
362.54911223675424,0.2160855111503679
382.404813141908,0.09765119284679713
370.3914236415816,-0.09170293694285192
392.6108390075408,0.3109490924629199
387.6597395989075,0.0906023354809804
387.6597395989075,0.1385699552065489
418.842324818487,0.2847116428499703
428.38438204341435,0.25116573606203474
407.62600891317595,-0.08921706534340501
367.91192503118566,-0.5434363960318933
336.1231294160851,-0.49235129069745653
361.89297082922633,0.4646399449201226
331.249296826194,-0.38633086927416116
331.249296826194,0.4236022340027148
331.249296826194,0.5294363281784626
335.73853405490644,0.07975538220659928
353.5485638676086,-0.1203054184368284
344.36298313177775,0.11555172638963995
356.1344868869683,0.2891045547660269
355.0552320898972,-0.036599107477513826
358.7296113678534,0.0691868129310933
373.9854257724604,0.08483380933182616
349.40205476153136,0.2756774694288424
351.91859212267985,0.014164872794367511
351.91859212267985,0.2394864710818183
325.8096938300915,-0.1255641583451279
362.5317214876339,0.08093958760264286
325.821436678276,-0.3794048206550542
358.37934692285484,0.36532045867056695
369.8652060041234,0.13175646542890718
314.7048996225884,-0.6694647475079591
335.7312682812773,-0.08490298983554112
317.7105453479279,-0.13008153021473845
333.01375338632766,0.21612814176296524
331.6816329158677,-0.21711633199288372
344.1864879757589,0.4186586914668169
344.1864879757589,0.3717267438119052
366.65996205764515,0.26847846540283626
385.239547210039,0.5561070142182416
365.2087134344398,-0.26077945414658643
351.755347732674,-0.22734338485986427
366.42756864155064,-0.15076137539904266
363.24021001620747,-0.04293564067540956
352.9989091254706,-0.3629735382628496
363.5519117627773,0.12742608489406848
380.6825370367427,-0.007120161529883262
333.29383639078077,-0.4057865032035579
331.1576118905952,-0.04481355286861799
357.765211002136,0.2734558733729955
360.750356392039,0.1853915837709792
364.27058334487504,0.04067420406761357
372.8396821859872,-0.2532140990984999
380.7016306501074,-0.09525863966575798
380.7016306501074,0.14984261852430336
357.73939187366733,0.2566185372417067
347.7919979240283,-0.05797967216562938
372.8351791308957,0.4271532107781013
388.5027355318229,-0.09482837564382862
361.90253688237874,-0.14697582193934977
386.345147772587,0.19066719735531024
369.5070607156951,-0.05728444725480131
360.28013219107675,-0.24356882278300418
345.56306596722715,-0.2461579126718334
347.55791935332945,0.11730993933497302
356.718923291834,-0.13623109616821694
332.5420016299955,0.09204382943676137
352.04707059613526,0.30266903889150854
343.44711012705903,0.02254220006534524
381.08723591927316,0.29251090744890007
381.08723591927316,0.09339049854236237
339.8320992500705,-0.5264171571425322
324.9514392595056,0.2447770781498093
314.177452226298,-0.37637330037898664
314.177452226298,0.659152136662783
342.36641384453605,0.5203332465339372
343.726186048807,-0.17469372284676865
312.7709742230841,-0.15642908654069743
334.1313230023865,0.39140881148546214
329.6118845154248,-0.24212124436985505
329.6118845154248,0.2379928845836048
329.6118845154248,0.4276377301280263
329.3030079419289,0.3465132170283596
339.745351644894,0.2591831210257851
347.75924635705695,0.14986226199130215
342.59819343618,-0.398490709339967
349.889413272443,0.3026120254971829
343.85262071563477,-0.3433297199931076
328.2657930970984,-0.6572991538434962
354.4508061704026,0.5551827756764851
332.7288935375263,-0.2694901292330769
347.27031874115335,0.13206300653064318
365.5142134625117,-0.041488959148864524
333.81743792173927,-0.2090573500922801
310.8623345524993,-0.17990370704183078
310.8623345524993,0.3681454373619317
319.60713020788796,0.4134292153205479
322.4411546898725,-0.6378834783547518
358.5614731055955,0.06813875446425754
355.8285909084127,0.06832496216986783
367.8972179869281,0.3755883627111416
371.3855528298319,-0.03362019681321726
390.93781542529274,0.012247252099541583
383.65914369603394,-0.09893773632506964
360.5624225487038,-0.45783925633281797
388.5238135299961,0.5441201468432837
359.03088759616344,-0.2915785717310655
345.4179884701005,-0.03863986262695107
323.98641102117625,-0.038502580766135
328.2511988280491,-0.00035386932859182707
362.03997048989356,0.09631358613546581
385.8396560823348,0.2243764855494419
376.53002405285287,-0.024316050449215254
365.91349230016647,-0.1805225490694511
379.62125872075404,0.1805741988181353
353.4355339716827,-0.37708721914509624
345.27647658757047,-0.001899073839012999
340.89547571709613,-0.20239033923633087
340.89547571709613,0.681521441385371
340.89547571709613,0.5030623212559249
340.89547571709613,0.5913589949120706
340.89547571709613,0.40187849611629645
367.84973245734943,0.5578069183935668
354.3749330479341,-0.22381011429615683
372.2095699008249,0.17959088546285784
353.39783949942404,-0.2794305985871688
348.34846275385985,-0.2485954421116503
365.00260336712523,0.07403379086895256
351.821147743377,-0.04074908828056323
333.9991960900793,-0.4421394374862757
360.74043162741987,0.7284361204904144
352.7149007996528,0.06513912705827352
365.42933166314765,0.16041273978373738
344.09801536283277,-0.176080159239973
346.76495463482416,-0.29336844287081476
334.5272085636774,-0.1658526795670241
346.9677725382782,0.4016442581596493
339.2577176117729,-0.12472138476982764
339.2577176117729,0.2599156304548842
343.00324533065356,0.3741679174682986
354.39013585593244,0.35109548442369487
343.45814728484527,-0.2240422854110875
343.45814728484527,0.24088581226396855
321.6974486981811,-0.4512390597437843
323.8581794703453,0.18194025981165396
343.67269750501083,0.17891463081593884
343.67269750501083,0.7353737016458126
343.67269750501083,0.44227938202027417
343.67269750501083,0.5063470227578364
354.75124245212953,-0.05568009025455467
343.4536207460416,0.04351189325620908
358.5804141886107,0.3317558072283191
354.6089824543846,-0.0198288833088327
369.7551503115448,0.1270820764527798
369.7551503115448,0.20288859386744207
350.50434112618444,-0.4534274592675729
368.18087629542873,0.20263728698660088
365.07053121287873,-0.04579149945402605
329.2960021513177,-0.6553207227462963
352.9527213429036,0.15288574473538574
326.6809264718528,-0.5529279354041137
326.6809264718528,0.48477426272449975
340.93017503788525,0.36141876206215784
366.06395421379943,0.1326808614046513
365.58790960368776,0.20279232084260457
363.64989940641294,0.02649748191049639
354.0374510033145,-0.1355825317017434
354.0374510033145,0.44611806980412894
354.0374510033145,0.6759039214518907
354.0374510033145,0.444900713598372
335.580824790247,-0.18481713914923148
326.5163938855419,-0.09559978754577969
326.5163938855419,0.8537449442675324
354.88438182622826,0.6523499659823528
354.88438182622826,0.2683129172526151
353.03462941391984,-0.22517361328175411
378.36727658811895,0.6904650485873844
387.96402221373256,0.23657083630212128
371.1940057293329,-0.2682097945851183
328.62870717629534,-0.5013940962040806
328.62870717629534,0.5326897539002857
338.63048594126093,0.1596788479191673
344.04183438513684,0.5819912626903943
364.4860719486112,-0.09665060472775622
342.79572985437255,0.06268133811909138
366.4856931677265,0.45606753334914174
346.4593233136623,-0.21388955174029434
335.56388081414445,-0.2303679939225276
359.7281019170555,0.0807634785164737
367.4297785200853,-0.015092101482991893
360.2631277023369,0.16487840669799425
367.87403810147197,0.6658106176793126
358.16302970221244,-0.2779184116302531
334.97839628527305,-0.2768587328803278
330.09667102324283,-0.06186413610328145
312.481066362053,-0.13338746774616084
312.481066362053,0.4077033086821302
354.7162284465647,0.29122592833414274
335.76388850520476,0.11273788338644408
334.46345094614315,-0.15468762112004697
353.1393172353761,0.5087386925098372
339.401255270949,-0.3326320994796106
346.14459998158577,0.2438727152747333
315.81528429271935,-0.15439528845445238
329.65846943985616,-0.1678078169844639
353.5604315185617,0.13530492146685447
319.2880692545718,-0.01611484830914378
337.1649503013373,0.2890343376168403
332.9428578385117,-0.13715402211585115
332.9428578385117,0.5641888994696274
335.71883646697864,0.2215546853055912
320.3057098083089,-0.4666880842618184
340.5116344197537,0.12240572799487381
361.2480348023037,0.29007332689889154
341.1040284587551,-0.4298328765722772
348.6153538752244,0.015923785374752697
348.6153538752244,0.3437408051117927
348.6153538752244,0.37691507788167655
340.5807128014387,-0.13162716394197105
324.20021092338555,0.005327002741296383
348.3577037876799,0.20987409349390873
348.3577037876799,0.37537695947560223
348.3577037876799,0.3896501021786207
376.5571017287361,0.2666012959409727
375.2851063828597,-0.38549889753608113
366.7691884274015,-0.25687627784532197
347.7234657859499,0.09427242671040403
345.1331640721758,-0.05057240182748046
349.8179719532945,-0.16783281512357462
356.29839548032965,0.07928527045123701
389.407463156613,0.5794191660901333
389.407463156613,0.28108419980651433
418.47080748556203,0.23861175275919777
403.74961172725705,-0.2308232724286654
391.33389073321996,-0.39845811209886506
356.6332325307761,-0.02326377532654078
372.7864729204294,-0.01170342580724082
369.09783425508806,-0.22745270526979766
348.8618822813674,-0.3389368515836395
365.16169903555095,0.1558084760335987
383.5812812977667,0.09738343988396991
365.59243408167134,-0.03525549018320362
369.5115030495828,-0.03287187102364442
385.9566664692857,0.018378447276063525
385.9566664692857,0.6503133214564514
370.172392081147,0.12008459666412818
369.5104057236663,0.38248954819334813
357.7684258475163,-0.5567710149206277
357.7684258475163,0.149888181868846
368.63043124779995,0.20175376712074922
348.0713340960623,-0.18397092422151218
372.84261778678945,0.33280922250776257
357.7458690001094,0.22289394035306032
363.896550694289,-0.16118666699583173
353.86673096154567,0.11281940340677465
372.9510136397088,-0.11031413529508427
349.65776605473684,0.28376933816275596
380.8950615709193,0.32684576627673323
374.4619224258707,-0.2308345536030174
348.0634622934261,-0.33166402956896945
373.0666530784654,0.28794889523385336
374.2431174245298,0.048527322047675625
390.51335012421356,0.2052343675617294
374.1158190987583,-0.17650221775875252
338.95894972665343,-0.4748607184271805
335.3900781835076,-0.05551501677587112
345.30056111723763,0.2083697287864652
367.0957018196381,0.21701066442301453
339.58678944225386,-0.22490010244109726
365.47886601908465,0.05952178828749766
339.23893184640576,0.14587833929067529
342.99617861258207,-0.019626590361326635
371.9453980014242,0.22381871270977172
348.822618336989,-0.06836849372439247
381.26827105917334,0.2892139882064839
356.07277069375425,-0.11822570633376017
356.07277069375425,0.11647178454802543
332.79904380993725,-0.02159778223540343
333.2369763892946,-0.21934294972379575
348.2947597825864,0.35664919917519455
345.34369481399796,0.12134306025029673
346.7705302561142,-0.29403549345693136
336.82953015604323,-0.10977641496219803
322.23109592261255,-0.19801906886573306
312.4660804164007,0.2563089819564084
300.6514969975841,0.04300480818278629
353.0006128697616,0.4200099327567841
356.9133949179464,-0.21254421017124514
347.16602992890284,-0.08280530635965988
359.9651140930904,0.2931101061391246
359.9651140930904,0.2473827890830762
356.96310073592537,0.04316687695325072
369.3432063972558,-0.10885733876489212
367.279416853111,0.21135719445737777
339.40957347763117,-0.29046404680605065
350.7513688112942,0.030086919203199614
350.7513688112942,0.6111412709494743
359.33525932818117,0.10756332187224871
359.33525932818117,0.6110105441207452
357.7007054913847,0.3900869260091895
362.7953933066517,-0.10403976602799503
347.36536104618887,-0.22721073583682028
347.36536104618887,0.07507973788005984
347.36536104618887,0.22495150732504499
326.23902008639504,-0.4021572464237124
326.23902008639504,0.9203911052986768
331.8655652573563,0.209061721951457
354.7667851052098,0.42906124455055306
352.3081808707927,-0.017106761520381042
346.852815574659,-0.07524611170242679
345.71951526204396,0.32957779033904444
356.3653975565909,0.06873398547122633
354.6844900691458,-0.26791160611719533
357.50031487740705,-0.12723964264398546
357.3624225704943,-0.018394086387502284
356.3455983414417,-0.07421305607988415
356.3455983414417,0.38003526497948314
379.51549230762265,0.2724314447169718
398.1558599643359,0.12607543899912343
380.2233741601699,0.19028062935228718
362.3308815732638,-0.23677730329222868
352.4373139329927,-0.24684144310162992
329.8140491085744,-0.32077985786008867
351.69817980156705,0.3346792874597213
364.1531289056406,0.03906802282699573
381.4428343425964,0.5978267994073576
380.1962651383059,-0.12071750228597011
356.3378369995571,-0.3495629522484478
318.5551891394203,-0.39847696187007386
312.6851819380843,-0.1615867854482076
356.314012613398,0.8313977213565522
358.2545525499216,0.08546105674736282
323.488420997255,-0.3175934975038217
312.7485582485421,-0.28323906373157115
312.7485582485421,0.285803973942393
310.58836360203594,-0.5046314179262481
369.85876709150443,0.9044150981511621
372.6738065267714,-0.06179745482540966
356.4205410574694,-0.03256524603955313
371.49419757711155,0.533325553936038
378.45685048147277,0.06343107230850364
384.5902564585818,0.10554110385930926
375.455915272823,-0.1601875254236802
337.5058526904414,-0.49720688541924574
340.65993558084597,0.09404676584256322
340.65993558084597,0.30564251518285346
355.283471620412,0.17853930343767388
377.58147018328617,0.1330274734170871
380.6157234494414,0.2155421946633851
368.14220002864926,-0.35262273060197913
345.1881722713831,0.47330186787496586
366.63116106704194,0.11816066037124529
353.18644025235403,-0.4912146326562379
353.18644025235403,0.7378481575009346
348.50289269684106,0.07686011078351385
307.0272675279657,-0.6749715428539957
307.0272675279657,0.4280408617418061
320.4055826050674,0.2890211802558724
356.79079487346615,0.20597076186072627
320.3476916710245,0.017552389448155736
344.2264722780595,-0.01980568867816146
330.45552492024683,-0.10638005391024308
323.6985293492307,-0.2643889273148261
318.51015489782054,-0.2884438798796509
304.7632252681027,-0.1762437136015933
304.7632252681027,0.3900570913457386
304.7632252681027,0.5199753643775011
304.7632252681027,0.6702298018904003
311.0653371919083,0.385393809188713
324.38723781862734,0.12372166661089068
331.72646491696446,0.0052773751669974445
332.8198404455173,-0.32437048710710314
328.3436534948199,-0.2002197069275553
328.3436534948199,0.4736615795875423
328.3436534948199,0.5129237506071149
342.5974870113823,0.35061300219422264
320.24229344256787,-0.43013713285074573
335.45569828350193,0.342312800237778
341.9093198261158,-0.36374296246322046
341.9093198261158,0.8701679964976847
341.9093198261158,0.40826614130969574
341.9093198261158,0.5490285558094001
387.72282534812865,0.49726613981511036
351.53821595227816,-0.3878447009002457
345.9205626121115,0.022256944560467673
344.07459925579843,-0.11576919162439481
372.38275436885436,0.5387234840272868
380.2891905238157,-0.1424004956608087
361.5957989887153,-0.07095738320197142
322.23736039628903,-0.962276389205158
364.3667689609353,0.3523355525102261
352.9047774617097,0.08919346023208163
350.6005838010667,-0.05505369820218675
358.16939621381783,0.08622891986192371
343.6261070276526,-0.20287493059504413
365.5236066880762,0.436387513612317
332.68156952343236,-0.5936853427069764
326.22644480892103,0.012481841096473545
317.51452062013493,-0.06739843038201343
326.1083330056944,0.054542306466601076
326.1083330056944,0.3516946741445963
345.76685837524536,0.34887642770581806
342.3000508487331,0.03919602547728118
341.7715485436767,0.3262384814188408
320.66366138561864,-0.547080399300512
303.59779603872164,-0.08938134604204606
322.7560785524673,0.4318267574171841
330.82104302816145,-0.28412958168587465
330.82104302816145,0.7765840276083509
346.9859616592082,0.6315580946679802
367.9634866862012,0.05429483532861923
341.70176359412125,0.002340643759453087
332.24000536490223,0.052333574057456644
372.2928521362729,0.9099643757866716
372.224049981056,-0.22032935120728325
369.35503918952327,0.17367203745970983
386.6621803152591,0.10628928644632651
367.12149757890086,0.13891479443361732
335.8377028968573,-0.5171754104048887
334.9792849198002,0.09592513905829492
353.7075555288683,0.1986734915725492
357.6338091960445,0.013806373292140961
343.28278181784833,0.05284212504761854
343.28278181784833,0.3246981184847755
321.62154294524373,-0.6129075275514424
335.25260964287327,-0.21227265696381892
352.54190152782314,0.637001009992332
375.192879774789,0.3159357197760073
355.6478820694273,-0.6440387480369054
358.16566357362774,0.4060563902821741
358.16566357362774,0.12337233637913414
356.91770150303597,0.12853300489530284
346.73061985530353,-0.012103902325975469
348.7688432123811,-0.2728346072022987
388.1981036454247,0.6927742188045158
385.1004329818102,0.10222916107125002
372.1789583687162,-0.2539587024782577
357.26117183401533,-0.3499668590169449
346.0745191088361,-0.3376250053399872
363.2606075851131,0.21355607498685458
373.76747722302446,0.3718832937327079
385.1808448604447,0.03137754124145431
391.05137561444684,-0.15835658235744177
382.13024435511375,-0.31566082120116334
389.6487414132768,-0.16352761802534133
389.6487414132768,0.3016062997816107
394.3673214482392,0.17035251278241503
360.4725872959774,-0.30192228864757453
366.63350917884526,0.3152667886793097
358.33941946186013,0.014560317555947222
313.92961694174846,-0.49673742813456556
341.06381905911127,0.5850068851632386
335.22300765313594,-0.27169456639683176
321.17223170231966,-0.05187480461120231
308.24753940728766,-0.4316498517682703
308.24753940728766,0.3668110732742207
324.7866181622826,0.33220549272948574
337.1966483040616,0.26739551690070584
337.1966483040616,0.41328480316701643
324.96131502541766,0.17123398023375103
352.2941149620744,0.15665514424188132
359.8468600261872,0.1266653133230875
355.14361501570664,-0.27308321030852767
365.24613540515696,-0.010396593356063022
379.2721548003718,0.2753772773594392
350.46746286834167,-0.5446510735729362
346.2166254043325,-0.15207125129222732
346.2166254043325,0.7782411822925042
346.2835967031315,0.28084737070912524
345.1153380791061,-0.17800518695150913
345.42149373857774,0.06540977541851589
334.4758231357893,-0.3098234586726676
330.8158449371922,-0.006369006254431042
327.3373139479184,-0.14233699340502426
327.3373139479184,0.30420459610093076
351.8871364935055,0.20052535684214945
365.47357733306495,0.47023093242307823
334.87084234849846,-0.39202872974999536
338.855481758054,0.2196296451852504
338.855481758054,0.5617394671504599
361.702714745425,0.23862373535712322
363.4099628028468,0.08579855763127853
382.0922692025168,0.3977132425468426
348.76692078328,-0.5668070926377595
380.5408284007306,0.7037611034647853
350.091527367239,-0.4770651538914308
360.55518113074476,-0.03896280159278831
366.37842348278326,0.2223999674015431
355.5030487539226,-0.25646577627412626
329.5154950035503,-0.06408528905865296
334.0709545300358,0.3921544055602908
348.49441500154853,-0.37862084533946927
358.72776641803443,0.4161617718237949
358.72776641803443,0.37899590420818186
364.04806801682923,-0.0131082287460913
360.8027159331848,-0.39015219494604025
354.5841793868159,0.15756192731623742
340.71143897903124,-0.01996424165542976
314.6138270472901,-0.04661157214525247
314.6138270472901,0.32336368415212746
387.99484973910563,0.43895545992722873
406.89025071233357,0.0986951649410912
405.1184368081499,-0.15842028525003116
359.1240805447375,-0.496783833894483
333.82164845047345,-0.186402145902548
333.82164845047345,0.42819799981145934
333.82164845047345,0.25166820949607427
327.95998640324075,-0.15449147924891804
348.6639456578711,0.5051098132976222
338.9943361458092,-0.4084522889323807
338.9943361458092,0.21608430693254377
357.50195058050315,0.3715659269215621
320.03493512874326,-0.6348323128001994
301.68712200443366,0.05564774976176068
321.24063362075736,0.25272185289225035
327.4223369088326,0.210883645562717
327.4223369088326,0.5059856648902041
308.7153112275492,0.02198200023440222
314.26158978782985,-0.5336405717546313
314.26158978782985,0.494719754202265
333.6364707980937,0.629807268296986
321.046978699671,-0.06636860356024954
322.8471848538857,-0.02375648327597446
333.84566207536477,0.16784926454579363
334.3126586815471,0.047751863826874796
357.49982239225557,0.18086271548384047
368.6859817381134,0.17024475612947754
383.9994080732189,-0.11163314142686431
374.1308868439576,-0.32836870350627123
364.89412374420397,-0.0007290551446885729
383.01266587678805,0.5459820342421153
350.53957084938855,-0.29849738371308376
384.9120594616935,0.5061878400498472
342.38614919343024,-0.6787688868674877
349.3057241022945,0.49242896774808287
349.3057241022945,0.41908687975637804
333.1397955523871,-0.21845884755748557
335.7701598457474,0.020426488405860255
335.7701598457474,0.17601017806578056
342.4882529453888,-0.30157400115786004
342.15784095260693,0.37392535923459036
350.45533648091583,0.12714472091045081
350.9517744576416,0.280996163644204
355.1377121410179,-0.22071879670443195
349.1977105118929,-0.005305295983021097
359.7234409472211,0.036158342467501825
339.0139424948411,0.0957684097990068
358.9009400726589,0.1726275233168053
403.77201240367003,0.6152689566553136
373.06837475356815,-0.2064160852742134
361.6456059717781,-0.43152150288335633
383.5205548308575,0.24718120514319253
353.02951304781163,0.09027938328824803
322.90107872518837,-0.04825563475560557
341.5929516538319,0.24242072824881689
341.5929516538319,0.7473222779201478
364.22789113497623,0.48403122562626777
361.49145371625923,-0.27663330357688665
339.9387692541573,-0.1470248308854707
309.0126797075447,-0.5245866761855495
337.52447461073734,-0.004323808814774566
323.7217451453348,-0.29675063583113115
323.7217451453348,0.3442820006949887
323.7217451453348,0.29452954780401797
323.7217451453348,0.23633216677160362
344.3867702550166,0.5811392556024657
390.1729555271205,0.4380611996615471
362.81927748096876,0.041470376766369554
370.0174791352242,-0.1916207742857523
361.77627845722515,-0.3184205424919355
377.2430627003771,0.2034375352677671
385.98654804984193,0.031259529900125926
411.47861505175115,0.5483424037493023
392.24374131201574,-0.24603775370849235
345.60306689324324,-0.21678018511238406
354.4208892211957,-0.04744329052255125
354.4208892211957,0.1170402204909351
380.76808644426285,0.19863407833111069
351.98393403057264,-0.4747629602031793
357.47416980551765,-0.05278892516957967
350.5350434316294,0.04575084732391588
365.49468616929886,0.08797430350682589
355.66027343309287,0.3311583745673943
330.07712324498334,-0.4496253320468213
331.83292884412293,-0.013680721696459841
350.49404468589853,0.4002580191282732
372.69682346045,0.6352667062197952
333.5174961179398,-0.43825185770288044
351.6526142995511,0.030615203897923493
327.1441469978498,-0.17548557130612608
360.94792052866086,0.05493300250839184
343.81666661831815,-0.1930279260819816
343.81666661831815,0.3944355358834173
345.07191701136645,-0.08417420021737598
346.1839512894413,-0.07532274820619023
344.7321130542933,0.01070205844098382
358.3567791934181,0.021746618398310602
335.0404304269194,0.10802596517180518
344.5496783758504,-0.1486615941837499
344.5496783758504,0.3852974422582065
347.39576907123427,0.069013515468896
369.86288767176876,0.7157707510330056
345.53297916801415,-0.5168113271927268
351.3917697856617,-0.1731544131935152
308.7155779229487,-0.5078501949342353
303.36131967172315,-0.05809306814376214
317.9603640306753,0.3624963403442507
317.9603640306753,0.25241224790192973
285.8089444837898,-0.4018569753168322
321.72658242084543,0.7215776636343207
305.23368163368303,-0.3995543345124588
307.03437863808176,-0.15975661804714036
307.03437863808176,1.0417095262778275
299.08173051465144,0.290262168117124
298.93850299536314,-0.23770528792465484
315.3728413348965,0.4520063767618012
368.2583109509736,0.796099695006319
350.98823536218316,-0.23584076684278443
393.65030547906014,0.38569587483584655
381.7566438666236,-0.05877306676381977
359.0911329351258,-0.2845280608946723
348.2214411704115,-0.004960902592642924
381.50544103134723,0.1742219671541534
350.6114221945638,-0.35419520372420266
349.01322185192817,0.10031327987996974
349.01322185192817,0.34964760797947747
362.8159026233489,0.028821745609661775
362.6730832204799,-0.009132734001582321
350.259519257152,-0.06800424958555595
357.40024577575485,-0.012035894467544495
378.71511647064125,0.5012111170401568
357.40883079998736,-0.5549581966483856
358.48349017581046,-0.17943612271346865
358.48349017581046,0.5236868142108051
368.2852528414572,-0.04363403309741898
342.84404146073024,0.10323844208073751
365.72057088437253,0.2064621368455164
362.3347480232846,-0.24952400864253832
337.62844030811516,-0.5252703097377207
351.01735209903273,0.19130261442148822
369.4116904355839,0.18582213242370926
348.26526710928545,-0.17864290912336855
367.05763823120225,-0.20893408124959478
358.2832240155477,-0.28713278808072573
334.89537324340597,-0.4319676758816513
337.9116884124306,0.4768405976502663
360.6116947016127,0.37102511191915255
356.2830885732857,-0.24383625525808839
353.62546772496614,-0.2509486533749623
318.9249475647683,-0.4222159116447983
338.2492382649015,0.35311880237065907
359.3776082744328,0.004269473245358313
367.1569726013491,-0.002585200917792463
367.6703337926582,0.03908462460003648
367.6703337926582,0.17824028889629062
335.2550320647597,-0.5562575040044067
350.7877548478789,-0.022690550871288906
353.9017930182441,0.15085247249430722
346.26778829950456,-0.23005272837099255
330.67932868659994,-0.21875273960688446
350.53927589476655,-0.0054400791193529585
351.348815199035,0.07399847007684457
319.5765362509366,-0.47901050073960505
312.52391595325776,-0.03384356981757719
312.52391595325776,0.33748446804520427
352.8246032720666,0.42579631321791567
357.4092768222378,-0.009430857275901872
347.2174402853317,-0.08852675897537665
352.01044266559325,-0.10797647697518187
331.8453768866594,-0.23937192578034683
370.44472424241286,0.4000738124329928
372.39463325293303,0.09905979351037786
342.3856019817372,-0.19926707325305415
339.4689667843668,0.06218154971804779
378.4483533912603,0.26053838714778976
378.4483533912603,0.18323427113102753
369.5555794982514,0.03375099538584436
366.20033545047664,-0.4213433354929066
366.20033545047664,0.2067102249122854
359.5970276764879,0.2131710335720527
359.59279320406523,-0.05977218705777432
356.466435488129,-0.05084325767438713
336.3607737088519,-0.3802448460855885
336.3607737088519,0.3765167789365478
335.13696838325234,0.07903775893987586
356.450211816069,-0.010710434037719097
351.04164952898384,0.09664112044106332
343.55619666454555,-0.03488046028894587
322.16850633847616,-0.39592679228053385
346.6479493140677,0.8698486733301252
344.44709960838685,-0.30293953074328783
322.5110025114797,-0.22034283240861896
315.4184435306239,-0.32246821030707906
327.269484158636,0.3479338022873435
334.85155160892094,0.0407917471534347
334.85155160892094,0.7929991216255985
334.85155160892094,0.4278635166161848
334.85155160892094,0.7406340208483471
329.02311355248395,-0.3747137330699388
332.89765353486337,0.4263788986700092
358.27329720724,0.25067658197122
358.27329720724,0.514391553356063
358.27329720724,0.543269802131249
370.2586933980203,0.3775501644902306
378.5886761618998,0.09771693822904126
370.8226251831701,0.17672398774175235
351.7600103769081,-0.20823373684299895
318.82834404838275,-0.1065081881780543
324.48738158633336,0.08166114430412108
341.7287868953029,0.23385564469583642
347.62031182517325,-0.25240237008824806
376.1889800671222,0.4043993033440074
353.6775195835275,-0.5204417667486041
355.0003418576656,-0.11092758548920756
381.8612298147282,0.050622898603705835
357.97852787703494,0.15233342802832794
346.3509930920756,-0.11493341228083409
341.3813170855264,0.11016265783359813
357.6633460082306,0.166871980879705
346.2025847712655,-0.03678297186866075
361.2911285800365,0.10480842575202587
361.2911285800365,0.7527392785455049
381.5956808839798,-0.04331737873144448
381.5956808839798,0.22456449913795495
371.76613350063025,0.17905256150356763
335.42909538582063,-0.5507312404988625
361.7252686290793,0.0839713055820539
364.94251212833797,0.0921609057012347
367.9589636473096,-0.3374322241527352
347.70145899339866,-0.22077547212484205
347.70145899339866,0.5783377955601736
335.0454927771154,-0.030272916439230357
322.6094866937272,-0.25215201543335297
322.0747600724087,-0.01631241838299502
322.0747600724087,0.5999209842336768
337.16820704967347,0.3808154966559414
320.12152115294685,-0.24798279181629823
320.12152115294685,0.20520436484252969
331.40848597459734,-0.00037660934253835876
318.2670242289497,-0.13723428608295762
354.00509290820173,0.38932030562773434
354.86915529518205,0.15809041284569503
372.2764193171937,-0.03517972692930016
359.1113079041091,-0.14838372546171286
376.46257775091385,0.5652810544215754
348.95045534812687,-0.34006113768816704
320.935211260793,-0.4288278403737422
320.935211260793,0.30274139463415395
303.4197260334517,-0.502802966917443
303.4197260334517,0.19475707777962725
324.88798990422504,0.5696333449267286
338.92179441379596,0.34778101970937314
309.76770566845863,-0.7138165389500273
332.86738475661286,0.30490477196678967
370.2819954955672,0.7035299694421155
356.0577135012415,-0.06646237861241389
372.3734447753229,0.015500234182809436
372.3734447753229,0.3691441461451177
374.8531272043673,-0.17283436737307056
387.4653648358447,0.03275138139099454
351.1997326926624,-0.48170637964494745
330.80148602673125,0.023999792690233335
342.37693241074237,0.13192447642950356
380.75110553808054,0.2529251702530928
368.52608013029686,0.02113008890682977
350.89792703888327,-0.472571820067742
341.8446492819349,-0.37341636030862446
341.8446492819349,0.11566732392748236
359.2934030492661,0.030374927613479485
364.77178554814884,0.043155770080147704
342.99224095484635,-0.060544215997765605
347.28709125216983,-0.10799063831734657
364.13030812495,0.06868805358089958
364.13030812495,0.4583600229561853
353.82913839711483,-0.2774282139027946
342.3512577092132,-0.19442145834818803
355.83207188495004,0.12676731474550706
355.83207188495004,0.3852828575722924
356.9332274546892,0.26605376257111857
400.54538940601,0.9931521808557591
363.6717609583546,-0.7051283699593114
383.53762224477856,0.02162116729493846
383.53762224477856,0.3210887636702182
350.17224497863725,-0.046186945936142365
308.34281555737084,-0.6952746328731791
308.34281555737084,0.2850030788628146
308.34281555737084,0.37113785951635236
322.46250699575654,0.38201258693197815
335.88948751634047,0.10753391050820937
330.40797262865635,0.07112244830125292
341.05496634312556,0.2151631431097485
345.94900596000286,0.07381484590746368
345.94900596000286,0.5189973744963936
350.2817547550385,-6.634336762090243e-5
367.7041120030559,0.14707875020530992
366.93107447117677,0.15639509784023176
366.2933683238668,-0.24074718691201724
366.2933683238668,0.43589604207193133
379.6959954747146,0.27672187613370625
359.35353060256114,-0.01955368725828066
360.04484883992194,0.29518993947806393
376.87137955988504,0.22798270699831846
349.1375316208685,-0.19311603145160916
362.9856893414112,0.011119984351125822
369.04315124616625,-0.09248696547922464
356.5939874456968,0.1858260306145212
374.70003673715104,0.3551186094455261
331.6650572008954,-0.49549184155330295
305.6424511781075,-0.35729405408051207
352.71706257162737,0.5292362209839894
372.64864365015194,0.364384704197505
368.66762359187004,0.275568065573907
356.3758878913291,-0.43299582570546136
356.3758878913291,0.28076230912165556
356.3758878913291,0.08744925950759352
344.0070476350455,-0.021922933052223925
330.34777399397126,0.09434748906949153
350.9584763408508,0.043853763978859206
313.17244872154583,-0.25796178666234937
316.6839146041775,-0.25850846937225924
337.3225741315719,0.06078445419041145
337.3225741315719,0.3943492414184675
335.42959912531484,0.049310990514868536
358.24662855672693,0.31488547619278506
337.06509973056495,-0.24922468438001033
335.1921515838201,0.3153822995628843
331.6343375767946,-0.2790905571100666
362.3439838244181,0.5041248825787079
386.1300933126498,0.29374721613362453
368.01722262245283,-0.2290004523646303
348.666410390964,0.0848049021622046
371.53414468114994,0.45298958587704874
365.28504456297793,-0.2994921541662734
365.8404443795015,-0.144115667917049
362.47836814705676,-0.01828692426499856
363.5605248827682,-0.17977447987141204
380.61173372749187,0.2660951960258444
380.61173372749187,0.3240766472888481
386.2063941044036,-0.11330875099156401
382.84710069996936,0.08123312410725703
369.9636758985126,-0.0953723757301077
357.7092618172582,-0.3682556430621844
350.33750312676676,-0.29820026729112215
364.33014734042376,0.31516850477567004
364.0110053818959,-0.21175712993635898
342.9488406529088,-0.17236323792849362
386.1253580953548,0.1479603555394533
402.30626880922205,0.3450982798503901
364.15663452513985,-0.6001817502558424
359.1639329461731,-0.06605494949428703
366.2375981774948,0.14958467639780793
348.30853731936946,-0.28841123296035676
346.9051547586453,0.008037391349716927
334.56972235346956,0.015338215442852743
334.0339174926948,0.2998818473050733
356.39959398638564,0.1292867486047271
356.39959398638564,0.17517356279461183
322.2513176688474,-0.3054872184681017
322.2513176688474,0.20895307424291332
343.71247142839496,0.39856408501782425
368.20597216532667,0.19669527133896736
345.48924580580336,-0.483288202891913
368.8515654164128,0.261202782515511
359.78715947532885,-0.3714664184508365
359.78715947532885,0.25086864806530684
367.06059476869626,0.1006364072454744
355.268112959539,-0.014102527976774581
365.3913283557908,0.0800442358553255
363.8881886602539,-0.49320339759151466
364.19577930082784,0.010094235465885504
377.21308736566016,0.32200944124076614
368.15806792578695,0.33629897191656255
360.40548598111036,0.1276343625924028
373.88524659042656,-0.011620407721466108
358.4985781985493,-0.14375019120154775
358.4985781985493,0.5217987147981376
358.4985781985493,0.3975465891622889
366.43600493177075,-0.012061087428719475
366.43600493177075,0.2352793425109212
356.40887562899206,-0.08083107893673969
372.63573468629306,0.1232357610094823
372.63573468629306,0.23526400305047446
372.56429111413104,0.4066682743596175
361.9469246305836,-0.13021210562999386
348.58055078833627,-0.25650159926249216
354.22149193723834,0.2311840964747489
367.9132648929306,-0.03571869592474286
367.9132648929306,0.34021228686174254
367.9132648929306,0.30068333201484165
354.55539677793973,-0.41549953919934524
337.03087302009465,-0.07122675404752954
337.03087302009465,0.9220933428123317
380.285346890882,0.2703965098072558
389.63550281838184,0.1877511949626296
391.5518786492144,-0.24200087320969033
391.5518786492144,0.3812969095179142
391.5518786492144,0.4758192525357572
391.5518786492144,0.65946793619446
391.5518786492144,0.6060875242487782
405.7631441034678,0.200762560574276
411.39065761332364,0.25461927982269117
380.2128434341372,-0.3215954903465672
388.18198637976695,0.28964842835557647
389.71869696127357,-0.13124539004786584
381.692922589249,0.3533092691300226
374.8461845428484,-0.04767610285568935
387.07572313317064,0.14182158680944212
373.0490441998374,-0.24930747569032974
413.14738342226786,0.12764455645287853
365.84568869261733,-0.658965970870554
399.429636528488,0.6322730879612664
338.2935127097629,-0.4487985684021396
367.5199500261189,0.3949788042664295
349.5373134717567,-0.08975752890887634
311.27768991810575,-0.7809708830068303
332.0866337577828,0.5695217923021119
332.0866337577828,0.21304202648866521
377.5183878188307,0.40518172607062297
362.25225944662145,-0.045215646677320365
340.9790505866975,-0.32472401548091057
354.22068606726083,0.13665641239890647
373.7749972291024,0.39825247181533996
395.3407586370421,0.14591725156378743
377.4594316490454,-0.25109093957951245
357.0674902715929,-0.23268270192124874
312.4058137306311,-0.6806694540113085
335.2694947458085,0.40922519752302833
335.2694947458085,0.19977581730631755
338.50449518843647,0.12379501162990891
336.37204850904277,0.3037842582305075
374.79029211276514,0.4419605050655946
369.7841479019941,-0.055336331223770685
383.4165466071631,-0.15489296239661599
371.72536527897347,0.06254780492565715
336.00277422923205,-0.4073237156767391
355.997311099879,-0.030550132348480474
355.9727991916851,0.27587682238606703
337.0189552961565,-0.16638830911097102
330.55330057919474,-0.036301369694228924
337.1123208265344,-0.1061612292241989
346.90195631508027,0.2043861998970442
334.03339646645355,-0.0004861281286139274
322.77231537007356,-0.05023664353075219
307.34474833962065,-0.25981082107261955
330.81873020032543,0.19952201943544878
344.68127090052917,0.34674948251631577
333.76946264120846,-0.10332298486184754
333.76946264120846,0.49086433608499647
354.1097035948497,0.3239116018044115
339.82649572544267,0.04819205345665978
341.916394493609,0.1766527583935158
353.6308306727973,-0.16837615542704043
341.14972130631503,0.07215169368885199
361.6537129294227,0.0473540135044459
362.51882165141996,0.03659238201521475
372.5637558264414,0.3574483712413894
354.1057795343123,-0.2546965590389618
344.43244828398866,-0.16544340239022404
335.3747276040736,-0.21137521533546533
318.1049450796311,0.2040092709764849
341.8348635505188,0.009220648362884276
335.97109857442325,-0.2858471155980169
335.97109857442325,0.5823400887702519
335.97109857442325,0.6886723224802154
319.4098183237421,-0.05669344849400204
330.34188838451064,0.11174481066200315
351.0783714007862,0.24058530708407488
351.0783714007862,0.24883179083769846
321.3859101864573,-0.10926926467209341
340.09522875081745,0.1553862346175947
323.51896826156974,-0.3882386288878479
361.084295181718,1.003542196714534
363.8104620096562,0.1550082981837022
341.52316923932676,-0.4056700193816596
365.134153282478,0.588358900111416
370.5544587411419,-0.15951465523312436
355.18613869490855,-0.17251721933871522
345.5992180516974,-0.2981943108013638
359.04256171898794,-0.015885245537901937
315.34965596152693,-0.49946435313836446
315.34965596152693,0.5833156057336737
321.17407373010974,0.046333130213611184
339.226426145737,0.34739472350156575
347.7195906667343,0.12412310694912776
334.13009023767637,-0.023188411723140234
368.00279684478147,0.3065680568552125
334.0668666992134,-0.1324254672663301
349.25805640599475,0.15363655751866645
352.67934693179564,0.24357095885875424
351.81756941280645,0.009645024814631142
343.95093236398964,-0.045728216571319535
343.95093236398964,0.2947913620738518
323.2828132258913,-0.4571779369173328
323.2828132258913,0.19929618175683572
319.74749275835876,0.20151561175953248
315.25324796776687,-0.006817279423785294
298.5288970466911,-0.4147409029390019
355.93555867209164,0.42648598588539244
351.63255852256015,0.25975615131278573
358.9718337493905,0.044431282486357304
321.399502454536,-0.2645598698234153
384.0188604583576,0.608315375538723
390.62620304122595,0.01769392401092773
391.3403161646555,-0.17450786962535858
409.98292544891825,0.1768870033336043
368.9943786852055,-0.6359752014564037
389.3543884858969,0.5316608603875466
387.3814335294614,-0.10273590291080836
399.9482104351799,0.1848065447774161
366.90737510222567,-0.545251334013301
344.0562683274956,-0.6765389917646871
327.4416803778737,-0.21120194902687217
327.4416803778737,0.4871989559276244
358.0865478429578,0.5964944934790992
357.2496278192973,0.32222584177634417
353.39976386490997,-0.345017074453267
341.3337853462206,-0.06313193815526574
361.81610672884767,-0.06715926739298084
361.81610672884767,0.44114718318212454
360.4019192746691,0.03593356842952744
348.9250582617144,-0.0018361620161613246
410.59250516957906,0.7989799546593304
366.81177613281847,-0.7130441142455766
373.83754011879466,0.11867993976306934
363.03756326595936,-0.42494165735058687
350.8161685685927,-0.2865366225514663
353.9878338092228,0.07601560014222741
357.60148668677544,0.09726184040630415
341.718963023255,-0.5459722208886433
357.4226529691569,0.2024760858088257
356.298033935484,-0.1727210176563858
352.78190967641183,-0.013759878912992463
321.5179728958158,-0.4960695111718678
354.4035868119494,0.2879354216363481
378.0273025982366,0.31200287688011485
381.67520773697726,0.23114593245497872
373.2650238529687,-0.09146891205159591
408.0334548735195,0.6493637577002573
362.71776465755494,-0.8777158510058598
365.66851824594596,-0.058207074982874474
344.4765620656042,-0.4309993393399054
352.81879648040683,-0.030131854359524368
351.422963751236,-0.04130357077508506
355.4903494007493,-0.06145882916678147
325.21383316358396,-0.38177934417433335
309.6121111957548,0.3459147990065503
329.87813536836154,0.06450339259231441
329.87813536836154,0.3914713190015391
339.68576566636614,-0.006822902612498183
352.83895931215164,0.07903384416772496
357.31024792491934,0.055010020244480984
357.31024792491934,0.07854008363199227
354.03498485923006,-0.41459493907086653
345.566639740558,0.09677365401580573
324.73299938824147,-0.207182740703729
314.0158548298024,0.04925525843930245
298.29792681415466,-0.1684545871383989
313.6892607606659,-0.24966649337318358
309.6772481988574,0.22884142444627287
309.6772481988574,0.5849455478022492
312.0343992853125,0.26498300141508935
320.5639172204622,0.06397262530640546
346.12388364978045,0.1738668086695725
356.26840529360817,0.3440444291077256
344.67889508185993,-0.054353599476485215
347.63203403755796,0.0014730604559645144
363.42567655608383,0.13333062944582252
382.3302988613222,-0.2850456414631708
361.4198435261148,-0.4245449565164563
365.80419671811325,0.606346284928577
387.845101796417,0.28050381442835715
399.47207715938293,0.32591528348382326
372.4468371274031,-0.3197974697529844
382.38415968450965,0.2697551325798031
389.1036755690166,-0.1121559656505724
391.5115150058391,0.028998765847404684
391.5115150058391,0.9146527404922153
404.55989026238115,0.5138848417666395
411.4044498842762,0.01884988860570047
390.0857594452483,-0.1257220403399515
360.78682721276374,-0.3398827451054558
344.30607150884913,-0.22196756718176403
344.30607150884913,0.4126759863289635
327.2463854733655,0.007582028914953298
354.3402889728448,0.34773549507781354
354.3402889728448,0.3322333801594368
354.3402889728448,0.07908585783957278
353.833288743888,-0.2317723865589869
372.48039506841695,0.2920738611192064
377.708239261066,0.08542835915636715
371.3674494254601,-0.030011125099804303
390.6267443679951,0.4336939950261467
393.28561171705695,0.04738971633628353
369.0700877099168,-0.29665954711185805
356.9038589256126,-0.4370811467921385
373.0501566685001,0.3669120211442305
355.4678932236606,0.19382313679500385
359.62478149972776,0.12273051591398598
359.62478149972776,0.43415672469654965
375.8739052589638,0.023507001641405623
375.8739052589638,0.3817298725434739
355.92222265953995,-0.36199292910555414
364.8028180332465,0.20398710387996744
365.0222140832055,-0.18318992562296899
330.7714520193509,-0.26244264141178064
332.62233271449435,0.17911770009493466
332.62233271449435,0.045947871863745604
359.96834704323885,0.10790568936431555
374.9174878821881,0.1620539784577204
362.3537356648038,-0.06252214699259184
337.5928434757838,-0.2583341968941113
337.3121132688526,-0.32091057644106513
325.0314309744825,0.041028600211575394
327.4318566172043,-0.04569919544735512
316.6474385501123,-0.3774978119191701
343.0950104086285,0.3875490228340368
358.62594487270565,0.1946035351733144
317.7886013763713,-0.21100165239317903
335.43999717711756,-0.014605739400508355
351.5348399342387,0.16896573354915745
353.2322638904386,-0.020484717447743606
351.8351199423169,-0.058291382643460565
354.2052929543021,0.23599438635574188
354.2052929543021,0.2858837371761638
362.5569242531181,0.09293201554203279
374.87483509856014,0.5620629681274067
370.25276649009555,-0.36797982924440475
353.1238429733917,-0.23937824508618633
320.4332074164774,-0.3244163940709086
320.4332074164774,0.8669317258406863
316.6476244103696,0.1657269106658532
316.04369509900636,-0.3551927903251908
328.8674638788063,0.2534448853818958
356.1422316973814,0.5426918421085247
324.5736296560143,-0.5195455084694913
346.9706378300352,0.17814167832693784
359.98961953500043,0.04828358999111515
359.98961953500043,0.2496847784051397
361.93972513573885,0.20472718641360643
375.9274017984629,0.14197955129100137
368.13916260908957,-0.08628784493942021
366.56323831545933,-0.036969994933087946
338.0031608661504,0.0685860379614951
361.4076399858054,-0.15900747425530426
353.3399333264948,-0.3965634640846929
363.93276589800195,0.23955694058827248
367.4057605388803,0.03518949730801069
374.7518613172462,-0.06582827138618086
371.3123276380745,0.09420537882544977
348.35219031068686,-0.6733157351494583
337.77513405052076,-0.12373151435008367
374.2642223532413,0.6049513392617882
358.86959722297433,0.19015341865542723
336.51837656162957,-0.38830937722161707
364.4650304861729,0.20177868629571094
387.015054833441,0.23686896845742922
387.015054833441,0.3216305818100409
378.3716652069767,0.2173225076704739
396.9618692034844,0.0033837613243576925
385.87863224106644,-0.08478125289934724
366.5311767589129,-0.5264287346385572
358.5976644711251,0.07912077266507822
383.43592253191747,0.48897120966614693
342.8532335167185,-0.7230529040643887
381.4795234462442,0.4044921606709977
398.425575501083,0.15267302070174082
368.53132378001817,-0.1957582979828203
374.9248557709264,0.13871237834632666
358.577987788332,-0.11342193575524107
366.90254545540176,0.04830016485743727
351.454709296764,-0.29508094641573734
351.454709296764,0.7854469732778853
345.3236934689846,-0.037738738803909655
342.49972843599085,-0.519729556925995
331.8228426854024,-0.00933319345642758
331.8228426854024,0.6304188450046695
343.215416873463,0.26436231424202106
367.2879085602697,0.205524061047754
391.32230062361043,0.48272946071278966
378.362971670733,-0.147601582133575
367.05260951775807,-0.29229751590992237
369.57234931849064,0.1652343795348088
381.9299658072016,-0.03408606702282668
334.0427094671762,-0.3038364293832956
354.92000292433323,-0.2272181240498412
347.5239232272253,0.18805821570572334
386.61675192874054,0.260208923324285
392.2596550805828,-0.1782111720095827
393.88555461607723,0.18586331732967665
352.9366941150776,-0.6082992009139616
373.8689408274334,0.4088861593816091
374.98187038833646,-0.34213385372629546
361.3261016260052,0.0842586208210605
352.57996419746485,0.33919808519419803
383.38154123082484,-0.1677203181192226
340.34719173329484,-0.5450724908690745
349.4468107965148,0.19173088286527218
358.9700731173954,0.14030534976052422
343.7632329663062,0.12458845137007302
345.5544166828836,-0.09549387810920962
345.5544166828836,0.3521010049666984
345.5544166828836,0.5106540096132903
350.1753502722786,0.2266833655191931
348.9963328370949,0.2240999410284985
364.75249698119154,0.3839330386271058
346.89177667552264,-0.25097115278686033
361.6101736460589,0.34136912382894025
354.8272889441279,-0.32026791020007295
354.8272889441279,0.568890914224653
348.83100193736055,0.41454794537764883
348.83100193736055,0.34089538584885304
368.55365358786173,0.29919561473252543
343.47064169576214,-0.0725623126991195
343.95145232401916,0.23377400229946943
378.93098051457775,0.7067455432600127
367.55344082844135,-0.2699231012572909
358.4323801272052,-0.5776270049703953
350.43330059605114,0.02984488173706268
346.5440568985271,-0.1376077420150068
339.58642881101946,-0.0733218262751052
336.53004768681456,-0.07794791040976179
336.53004768681456,0.6078255229467686
345.6574870993088,-0.13072596104245804
371.3727350706166,0.40978216387327393
363.6276188749302,-0.8033654825219401
387.93961277483515,0.6127128439180751
377.634844345105,-0.005743832025245865
358.7676960732451,-0.35856552352379367
342.5412739801888,-0.07358853284563338
369.4139301396277,0.28567119833542165
369.4139301396277,0.29541940756416807
357.90650772658284,0.017338455860112845
357.90650772658284,0.35002469806659064
367.4151697430908,0.285860596901216
367.4151697430908,0.5177533462272095
367.88870510359317,0.09388887604541196
367.88870510359317,0.2405951777750488
346.6775874853188,0.0013314833613549126
367.57341662626504,-0.17914307121361617
362.2549628620516,0.00820010811753491
371.3467073019979,0.28094149821947667
359.3756060785884,-0.349562073031052
359.3756060785884,0.2759230670986881
343.07328831338776,0.13687957949753127
373.4612757476431,0.3356821062993731
368.30735963707525,-0.24725188593629355
357.51663693136294,-0.4183624902155998
394.5332576333337,0.4460962885157187
373.0878829130436,-0.16079679782512812
373.0878829130436,0.42263583536725946
401.26218581913565,0.4826150409235197
392.30229766049916,0.4746860484310673
383.7340666438875,-0.5890468331829197
365.0699237335772,0.2690003421394067
370.8979726592204,0.13936152990163464
376.94556813255673,-0.04521438736514938
378.8970830081905,0.3451590458298597
316.40253938068855,-0.5894095616847608
307.2660414669576,-0.4044131915516118
334.86935470520615,-0.18486947171072643
327.32915421990543,-0.03917635578750378
327.32915421990543,0.2869968725988201
327.32915421990543,0.3404257124371952
327.32915421990543,0.7616745997293037
314.7534555809094,-0.20501871938211025
345.0080164460864,0.35351217918321254
355.71557508166677,0.22964529127739297
352.6071921236775,-0.18314632065198566
343.1911879117546,-0.05765502988947446
328.42143511102967,-0.4111189451152768
328.42143511102967,0.33715404640201996
365.13257954539574,0.8281765578276463
341.7202749549676,-0.6456175962426869
323.94887436438034,-0.0587579416655899
320.5276772638313,0.031079367186521267
320.5276772638313,0.2805337429476822
341.9307996500402,0.08154139939802008
341.9252831767785,-0.15885335870689232
361.7789715860253,0.22486333483834642
361.7789715860253,0.2669917111779796
393.9186898579453,0.4738269027420756
395.87435234241264,-0.137262533070043
362.7291960066993,-0.46287674457244066
353.53305938010567,-0.22663944238297518
341.71037977735443,-0.3106108617769223
341.71037977735443,0.6321369707598024
365.2891336025963,0.7064697651313736
383.4068640631691,-0.01997166882665624
343.3081758461707,-0.4408966170177564
325.93251506098653,-0.14251922503331116
325.93251506098653,0.22049441719241258
308.59880878638995,0.045925352282779386
324.33240051232593,-0.0371687763765749
304.8385534270693,-0.7262148761710705
332.7814965502782,0.5825599308805067
317.9642905936074,0.03280725162221643
340.0624655755418,-0.006722279707560119
389.7749313949654,0.49093247184396205
374.4602462326972,-0.42342066627566055
348.90862026924435,0.008653327756178442
341.0068382285511,-0.1471505163274287
343.4894819232534,0.19587404376511586
343.4894819232534,0.5666225951740671
323.47309429999075,-0.06358702196723698
350.47416308754055,-0.17740628629428556
350.47416308754055,0.7210486972634271
347.3806604379734,0.14101475165364263
352.3717505517701,0.04223347715287673
342.3002130671614,0.43533298328964065
317.9128642728777,-0.5282137941474048
320.0853866964235,-0.09184707607334985
328.56372926029684,0.18019906547965547
322.46133501476424,-0.17626748641214363
321.82613249617026,-0.040718614294519284
315.0712254329036,-0.1897429026514601
297.03734192190905,-0.46870873659599965
295.2517368493486,0.06766899841124996
295.2517368493486,0.19775260547135076
330.2680025607098,0.12845291922758406
307.61498178059907,-0.16262697490628852
307.62518587330055,-0.1994508783184301
322.8429724979351,0.3233296202637348
360.2428142983422,0.2579496943808408
368.1906192428054,0.21717592497589067
358.3599089260836,-0.10533924874482636
358.3599089260836,0.506770631295808
351.4199762907145,-0.374199659073156
351.4199762907145,0.1999599105198513
349.6166783559592,0.15922246600439394
357.3485515068699,0.3136093744075197
378.86025108244286,0.3483557551927561
390.60410060884595,-0.07333615162133356
381.12002301809974,0.041199529229515974
373.7810641014194,-0.3324751624111286
369.1806898401594,0.013822241629441123
371.62777688310956,0.09549174447283804
374.388731166987,-0.24105106207593963
335.1578432028391,-0.49117716438274783
335.1578432028391,0.288965516264966
354.1055483213441,0.3487218200489224
395.61832345768704,0.19056240304121275
395.9191229218463,0.10935052103650378
390.39616559589075,-0.2186806333829736
355.6234944778956,-0.24174111770742002
365.9131900208361,-0.02179625879375635
353.5445461680483,-0.19239247331915976
373.35289004518245,0.3179139531059718
360.4215108098953,-0.5012077920575848
359.70375047291805,0.1590105079641262
386.07578213175304,0.5751228168375064
373.5824230303477,-0.16184816433394644
388.92641857268467,-0.13192468157353687
384.94325485627144,-0.14400994559025548
340.05895523298335,-0.48008584862134285
353.27617090863373,0.04968895160993725
343.84658851227766,-0.23198270186207992
367.9917678824538,0.2742352711767353
347.1493610078727,-0.7983660647736315
347.1493610078727,0.5430465041898742
347.1493610078727,0.4520959279384442
353.12499408662626,0.4184988831825649
357.4746534408658,0.2315621158486465
352.931579773545,0.012476731152673892
350.4961815887561,-0.16195219551264017
355.5158818121193,-0.031073202859261073
389.4477367278838,-0.053859594514733544
367.57278628948933,0.22852608416428666
368.40582547601923,-0.1599259862684903
408.1104538150088,0.6563484249683142
422.02925475154126,-0.03895807982996757
353.9377197232452,-0.4885166946237405
349.0395016986256,-0.046333841943805965
385.83182883307524,0.5482367750278172
382.51031347500026,-0.06068894589793672
351.73779327730784,-0.44115149736467174
357.2523172848321,-0.00615682004536211
370.1188628772049,0.0066390416948252096
370.4671734926507,-0.07566823759225372
359.19376406108057,-0.0798963998859108
383.96238778341905,0.3392126456242295
381.8510670296779,-0.13853320803980296
365.55735356158823,-0.29039787589795196
339.68230824634793,-0.49787616803428136
368.924164429574,0.3093352887057108
333.96551851412397,-0.7141762398298397
332.33780647226536,0.11187276646523969
344.9634038764635,0.26702168757810796
342.8074308696729,-0.40087242970218995
359.91797210372323,0.199945349472614
377.62596674844224,0.3606061435175434
348.6798664290764,-0.07752712014030294
367.55909138458236,0.22988248228011798
332.3467705322515,-0.2448768766938656
332.3467705322515,0.7262600548497176
330.8038524688317,0.2625080185837305
307.1950254669923,-0.3581811767368208
343.438881109035,0.23554140260603162
344.80950320048237,0.4295751018737519
344.24132196946874,0.13845428020715644
333.1984178031379,-0.06775716522213315
340.0017686409772,0.00026431709750340815
331.09386999770254,-0.05364478223123115
340.48021342206385,-0.08145064481186637
340.48021342206385,0.2647963432150391
340.48021342206385,0.38599336199183654
346.9125697921243,-0.2125931454760348
340.65659238046595,-0.036220126502371386
335.28265011177746,0.01817470984758529
339.96210067161525,-0.3522597847363613
342.3126802928074,0.23974671364874212
342.21670397826136,0.009666456780223598
360.612784422987,0.07626698473927718
341.5564977068831,-0.32452707818140425
351.25482582015525,0.29914523815841676
351.25482582015525,0.6760471476864041
358.12784843524366,-0.044282712237190935
375.8185741835744,-0.06803577277185013
370.8196654287206,-0.42462085031320385
367.024800954959,-0.09417686482061072
350.314063017244,0.18698644089863592
350.8311531363584,-0.3366189639516506
385.6525587538598,0.43014094217301135
363.1294738207462,-0.5201269875856269
380.7157377834293,0.28876246944696504
397.1588657879032,0.19407406152788553
370.64823555103067,-0.432135041638503
363.2958718971262,0.13140035967114727
388.85243436108715,0.5185637372499059
362.2930832492494,-0.6821888803523279
344.10663146692605,0.04951230574465626
344.10663146692605,0.693223797757355
361.20917363548966,0.35500765988922467
361.1273814504596,-0.03407556861611738
338.67030259012625,-0.42358170988518395
353.13628370974385,-0.0034838024434975523
343.45815645168625,-0.03129139368354572
360.42449647052473,0.6648781494095601
320.33447293588455,-0.6596227212876329
340.07736874054336,0.2486911832156693
341.4921616855396,0.060742702771676704
329.77722164334716,-0.12989581639556036
336.81900349971136,-0.09088382102186188
369.38776911702513,0.5722126368458476
394.5555488349491,-0.150350881739314
370.0311569654317,-0.12572559926275062
387.08310107047623,0.23627915448753356
419.30031546000123,0.21619085517875192
393.8846806632086,-0.11015880869206285
379.29467804827027,0.06854586315057531
390.6971919060518,0.1770269340215691
369.18771666999544,-0.3834777310754589
369.6541615955821,0.396904589860128
359.7367343785206,0.40716385461632854
378.7740547652233,-0.2763984579821681
368.8612249481485,-0.048287255051945976
377.6039761730487,0.2931175660851295
349.75478034882326,-0.2356286643113208
347.81599602937496,0.011906516579983872
332.33859110808845,0.1490971940477266
313.3722425268677,-0.6118705710503036
316.82351259389463,0.2601554909604147
314.69989885522534,0.10028308170126365
314.1891504700963,-0.24454817919001925
306.5777232821113,-0.3492696928940404
306.21177513620916,0.23616463847974956
306.21177513620916,0.3288124311044385
306.21177513620916,0.1982359243462497
320.04265559469144,0.22132662344961318
311.62483553326166,-0.42866573588491974
357.70041912292635,0.5935244700945077
374.6208801758912,-0.049340401678819035
368.65818366301113,-0.07077839109331308
368.65818366301113,0.5454255682112716
368.65818366301113,0.2175553112202806
366.5224989158047,0.11539454833291529
349.7162013515885,-0.0975611695949965
357.44722626383276,-0.03862147724203169
338.0353719028547,-0.08187110938376918
375.5625752651518,0.6024402928896961
368.1995141073386,-0.3392675524231663
371.3452436899405,-0.012596360367069792
381.52247877802716,0.4328827496166241
352.2927379445314,-0.8646519802191506
390.62437754702415,0.5811460520375249
399.7528197489941,-0.018196041724081624
361.11688201736143,-0.07123904334650888
330.0052559328304,-0.5578784234612613
381.79282179245894,0.011312024941616983
365.50299466599046,0.09182049554124205
347.2550745684946,-0.09373182335798447
363.80727581538724,0.08004934515724926
372.57434520627606,0.015373131718433797
391.6566728634526,0.3006181457208186
367.41811159922963,-0.5065871808061502
387.1511004219994,0.2263368396190799
391.6291311207637,0.05384762974483692
360.1972351832,-0.25465139203379294
357.5148833317473,0.12205669870763813
368.3357237191987,0.04122487843642375
349.0665023570008,-0.14350436669428746
364.00481841678913,0.08827665395540407
376.38619029874394,0.1845814906743044
341.39766676923534,-0.41710859300701486
332.09916941607355,-0.4218141041006902
332.09916941607355,0.7573173342664177
304.9605137607158,-0.12987901194935603
304.9605137607158,0.6609214101051748
343.35494115328066,0.5401330719832913
346.85885033280226,-0.09809645595487382
346.85885033280226,0.4806510923517635
346.85885033280226,0.49621491768846226
346.85885033280226,0.5006161969023424
341.25493998424895,0.3099383805620164
318.9820737507565,-0.669566535961053
318.9820737507565,0.704396291441526
318.9820737507565,0.3875070753315413
343.5260806801205,0.44904883677133967
350.3494831073792,-0.22748181499832754
350.3494831073792,0.8218127939856004
341.8677511136411,-0.09157276192127028
341.8677511136411,0.25362233657574507
341.8677511136411,0.3047746766617365
353.20396364574805,0.32435763283911
353.20396364574805,0.7399967561104859
353.4083507548877,0.014160662978383698
340.8275872513219,0.06865277084284571
345.3396880002523,0.30549275379723895
308.5151110849824,-0.4574265954231578
325.0666645935822,0.042036894042894346
334.24620179682876,0.2325925863253815
323.73096967248534,-0.1620056983484801
305.75890701938016,-0.10493344654400971
308.47591423412973,-0.012216343280442743
321.73239781823554,0.013684689935416827
366.622646231641,0.5577043686951129
347.8199656029494,-0.43207601483732105
358.9618162350516,0.35342739678503676
375.61321766660177,0.32670072319206156
374.0671047419909,-0.1937698702158741
375.1207223159757,0.2717142935453012
394.2109681253916,-0.03703443420681651
367.58571895589864,-0.1661439991204361
393.3559938803447,0.4078362083639604
393.3559938803447,0.4598131728573662
379.8142799259453,-0.02230920338820397
340.3317914890254,-0.451978751285651
340.3317914890254,0.4551624037731017
355.96164052833285,0.06497754031670411
333.14760773341095,-0.4576693939179677
333.14760773341095,0.2560414227956471
347.1681751001402,-0.03862965879716285
348.8060162874453,0.09030791467080235
357.18222796880787,-0.2363504882119969
328.34442578137,-0.06545178996555023
328.6272365492991,0.0009023405547168295
358.6573575937597,0.5384152994561191
351.11010688064454,-0.21474723632536552
335.58834744788305,0.05121720357578852
323.75242360555876,0.14104887731571125
359.4480367811149,0.6480556853514372
347.77746965769074,-0.4213021205515588
354.0507412479927,0.023583632611575922
382.19939023354544,0.02530012263991921
336.9725596212573,-0.6088092959457754
353.5811473175866,0.5131697915976474
348.8850412359956,-0.2360888356996611
339.94753561358726,0.09770024903195917
370.1371995440782,0.5938044649253698
373.70686699809283,0.05313326019290798
373.8609687005565,0.3387298619586545
387.2143042928091,-0.1404336182906718
382.98289197143026,-0.06287012867528574
391.72294924817066,-0.1163281019578335
382.6742090419766,-0.10347426436510432
390.61817948159984,0.3574109223469577
362.8588642182834,-0.23828853286579488
351.0132053197028,-0.16423693169861053
368.9062194789724,0.11250814621371319
367.64814945716887,-0.006043862833848834
385.86240419059493,0.5989069463975056
365.3277088833027,-0.410780525247219
383.1255042983835,0.04394711798431672
374.9834782507797,-0.17628399696218366
399.5183561309515,0.6445771983682107
394.2686538391025,-0.007707710938461787
395.41252420114625,0.1264655745504797
374.23713243772096,-0.475148703122386
399.79886117702756,-0.3370725267911894
391.7103212095331,0.06059554844193826
365.9207716375282,-0.21828585802109046
379.44769540197086,0.23129505227154823
401.38391505116886,0.39179742434907894
393.4276487921782,-0.061706434681468636
402.0900092950753,0.3451088859098945
368.52045319437,-0.5456856205701115
385.33892843378436,0.5316007259816615
354.8836740836872,-0.4757971169542543
347.1716239977967,0.02234726939934717
325.72015573996117,-0.26506131647488473
329.2690397005832,0.11042460552607736
352.3439734932674,0.18165520714956074
356.0051489150519,0.19539991813178403
340.67688681006683,-0.5518768121514768
329.3264240606166,-0.3512719344201969
357.6697513122851,0.05158047170152713
357.6697513122851,0.7631606503302919
361.0743746213443,0.6283618821822756
365.01047086362627,0.06720540628884919
348.1585158538182,-0.2128976532303568
377.17310017062175,-0.012704160419048094
396.3903280088907,0.451431430891148
405.2541118761219,-0.49500463577169285
395.3738433575579,-0.23691597238541817
393.98703147961567,0.09849549242176181
397.707167718477,0.22277513790118064
357.5903453908304,-0.07951179734982361
361.0186545560928,0.04820833497296917
389.9159588864532,0.4740400344894624
375.9670447041279,0.22104117557591962
371.75966262462316,-0.32094057883546157
380.1590820875115,0.10025963637986024
380.1590820875115,0.2468536986050367
360.6551754165892,-0.005330063389806128
368.85251323430253,0.006181450982694514
370.25794756831397,-0.15148174489286248
374.44041212629367,0.32536460457015437
339.7738658277388,-0.5911198129383592
362.8467504107637,0.47076514289904026
347.28174349153977,0.06215995868228674
352.7630499234676,-0.03831817013769978
352.7630499234676,0.15331236817769422
355.5292938481415,0.16352540360469447
360.54517990387217,0.06795426744599808
331.8822280345095,-0.211756238027192
333.90523373940175,0.28688745880117494
327.11524881875874,0.11047362316219278
344.2235371599638,-0.12426135722000708
341.9060573242036,0.026554810837410514
378.23662680503855,0.7112792036808742
335.4856207991807,-0.3810501933591013
345.8994635085064,-0.040834147664099874
346.0536585764505,0.0498808123835488
344.1633261818858,0.039322572806781864
376.60576106007477,0.44031987868470424
349.3687445969448,-0.34186791164006536
338.42878419026226,0.34669996295770034
330.5390941107368,-0.03938191768133947
331.86634899626233,-0.01152969725899311
324.0541204210541,-0.29177043752213194
311.2526290488565,-0.011943043927999497
278.626901487427,-0.6902740509922296
296.41131348992343,0.21759245676605588
296.41131348992343,0.7934989255500113
334.60293830262736,0.5998590953761322
352.2136645283446,0.4093909432356213
317.56402302253474,-0.20414521517818685
316.4483645210991,-0.1629647362317428
329.8843987689891,0.19096743000682181
329.8843987689891,0.06498172724991491
331.52057422137443,-0.015083934164636048
362.47517096233486,0.6407633619119224
340.4242518299419,-0.1992879626498052
317.3454664508664,-0.3000485338999397
326.41402931667665,-0.10779520213827709
344.6471678448267,0.35614507203399626
343.2224199464475,0.307374299091407
343.8312646903882,-0.19832064652973713
337.27185161961603,-0.3746035774752272
339.82632399886364,0.09750924850914089
334.1396757044297,-0.2120463744506651
347.14850194707486,0.33894951199386014
355.82072981835285,-0.07165832163320829
364.75805579472024,-0.0491993787412639
357.29086546238494,-0.2660530751981014
348.87847309593326,-0.24255088049085316
330.84089073339254,-0.25624954855550186
331.43928173973944,-0.008593239932906727
331.43928173973944,0.2469710752766332
331.43928173973944,0.2725588423843419
331.43928173973944,0.5264047745326934
327.03811024794175,0.24929603877433237
335.5188919712532,0.18321731887306214
344.39175045527924,0.2038374490997512
355.79119493245867,0.17889894950189955
350.9672883046084,-0.3945033373129263
350.9672883046084,1.0818837764614955
360.69865225806876,0.046894467019569674
353.25819539090463,-0.39411064482226266
353.25819539090463,0.5046595526678175
370.2535247502365,0.4183674609496393
349.2125179775909,-0.11684537225676195
336.224338897358,-0.1876393376555825
320.37123848750593,-0.07246250121636422
338.80256464138927,0.33779351019586557
343.03679782861667,0.12662118365506103
343.03679782861667,0.46204347381967636
355.4973860904748,0.5163588166785757
359.69416908892464,-0.3809326381099254
343.13610672688515,-0.044243262787631465
363.0851144708973,0.19458558497808554
329.40180862030667,-0.6989151069308264
368.23082089954033,0.49055471683595897
351.47178993688914,-0.04401824695992218
347.77445738874457,0.26717017744545046
353.47320787164546,0.06649620628365938
365.0188785802982,-0.12322854781928072
358.553199788498,-0.02181137223465157
331.48592022158306,-0.44363066338939916
341.3467228208424,0.25754629610059965
330.2115912536804,-0.26724811820349714
358.20688976356485,0.4651495005641664
343.50647130981713,0.2776830107833348
352.5824664728437,0.14334241057576946
349.33145591150213,-0.09791222907028896
336.11062387832555,-0.13343673978545212
348.1125606796493,0.31264591606145586
335.46304104512416,-0.1262382936473614
306.0923236140849,-0.15683800560475447
306.7163191708132,0.031711789463656714
324.4952832126279,0.16400332032264942
324.4952832126279,0.5218751424430366
349.5330871233607,0.5373400869185616
325.6249681760885,-0.6706754817309957
310.66750926870105,-0.12866289027670064
310.66750926870105,0.6082616966114074
310.66750926870105,1.162488620852855
327.83114302931205,0.3801053305662663
335.3205985906657,0.030349277749792236
314.13327933899564,-0.2867416012056765
329.1447748972033,-0.03232422518988187
327.0766647023921,-0.16834522314729838
327.0766647023921,0.19301126634422872
331.3887449552182,0.39489023769749565
324.1453236037036,-0.4911387142122976
351.6537476230947,0.18167790498409886
351.77123522526205,0.11926407443593234
346.8335773061608,-0.29978949395251675
348.28459943600546,-0.06841386822372897
368.6474504087694,0.4534276517994158
368.6474504087694,0.17870594968178466
368.6474504087694,0.37219896033252553
365.8277004726715,-0.0395018743631681
362.9179545971185,-0.07675948312248693
367.1309222775482,0.01706869833901692
334.2539580621245,-0.41283570492623767
353.00706586978913,0.3274096970557139
341.78539198165424,-0.3257370267612032
359.69920176051625,0.47542164038873125
341.5671435543255,-0.23278157792879028
364.2563671807389,0.5208728871072026
336.586576421979,-0.5085784047946618
351.4394887582216,0.241298687938297
342.2577856645745,-0.3068802672033826
327.27808517331255,-0.1595132354210591
301.17227270333814,-0.3147804882615901
301.17227270333814,0.5411647669849344
298.8940013866853,-0.010326972106327048
325.91913553236043,0.39990263041636354
325.91913553236043,0.26964021579385644
325.91913553236043,0.39767884863306335
329.7834153260489,0.14471321645623902
310.26652940351426,-0.27719803986349234
310.26652940351426,0.4428461315981167
351.15131463049454,0.9353146464221709
342.6438440307858,-0.3809834984807594
326.03611707964916,-0.08121571583546938
328.87947809613615,0.07317138390703803
320.40884458787116,-0.3482264238834887
317.1983229505634,-0.17760628232952058
332.15986154666615,0.026762583560753228
315.14407183627463,-0.4077975763384529
297.75704694621726,-0.18479354961982608
296.70423514017386,0.3903658943559094
322.21342266489216,-0.09509925381996709
334.31371326410186,0.5915345826732619
356.0291850473307,-0.28602947289459735
341.61726486192487,0.030646638707366947
326.0018151974073,-0.37091858663131916
340.03791492388575,0.2677005067059781
377.16622726931087,0.6335137926109837
380.5209978922283,-0.15766745931068726
363.3406188185833,-0.1530719295584504
373.0837283835648,0.3224068345818978
368.97773400266664,-0.044594751497925245
366.56156252982447,0.0420769635409215
392.91271364418174,0.019073514147748938
373.93186744428243,-0.46390178328510956
389.87986004852945,0.054869719251655624
349.33430130907846,-0.3950969133620674
352.67847272430333,-0.05260199384917996
375.73835037324994,0.48721952478638286
372.10078421871947,0.0008863684561219998
356.8178047110014,0.21962736758814572
368.0593080744206,-0.025171382914436435
366.35806635137044,0.009327868802301964
398.43568646104717,0.10411594703487026
398.43568646104717,0.12144936880531532
391.3543817489668,-0.20694030271397423
391.3543817489668,0.1873424431513513
361.5199050736116,0.26228283383579765
385.6479109043741,0.10245919354042599
356.4092643987185,-0.40812233686301624
347.64626441600916,-0.09794924927996362
347.64626441600916,0.6327146560770416
346.4510142616893,-0.25668847948475104
352.67766026019467,0.14457000703976064
372.73655098786776,0.365809352131123
372.73655098786776,0.8068846356076165
362.1061053818373,-0.34311194525423616
332.5981228997328,-0.1580077963108124
320.7736641608641,-0.13222090241447404
349.73121947818123,0.4512808043646146
345.8232965133123,-0.3141696496113582
385.2746996022775,0.3766035116841522
341.99672473597946,-0.23334542319901175
372.15698007460406,0.22274825464955939
350.5653446438775,-0.173732977623672
354.14284182815254,0.0704970600801289
384.48135019057554,0.5604961941917281
355.5175298024309,-0.13572822000310225
370.2893476160648,-0.018218667809605904
364.13667148622807,-0.2883093693308183
362.53468018836054,0.18199095311365454
366.56462654218507,-0.031080433380111572
398.7490756881946,-0.05285694817962394
399.3723984407516,0.13803364175021215
367.6851448676068,-0.5607232729631733
379.7021780687296,0.641585833064255
368.2526017352044,0.030453269153099427
406.7030708090067,0.7210106122722664
390.92357223957805,-0.6747844690889906
390.92357223957805,0.29358396479233306
354.3936973836687,-0.4804978623059242
365.06597241305764,0.10776499905091441
350.21741214744605,0.08417628259337562
389.02412717968417,0.5481904988805582
382.124562246474,-0.21025309129186098
382.124562246474,0.35860799997362847
370.29482809507556,-0.052656473521778935
339.89461570824733,-0.2923424043287923
348.5202190527961,0.09055571922965555
367.8935630791111,0.5243001910009752
350.67053095502496,-0.3479568407650504
359.31376046978903,0.4469714407018728
368.34041918058125,-0.18614904756566375
368.1651447826637,-0.329929763333098
363.0922074191936,-0.22648667734370065
376.05070675897343,0.39324560481929893
352.38997732490253,0.1156139218124963
374.3661468101498,0.06385997456754922
367.240153753041,-0.3187469776235048
351.0893815383734,-0.07223008458777258
362.93338490423776,0.35045650268591544
372.98644084611226,-0.08920185019667315
358.81901779657744,0.21759507812214451
339.7658639498132,-0.32434359141996083
326.69752224708543,-0.08014058162427773
323.98921490219715,-0.12966243599476002
313.47400864966676,-0.03481718525142696
307.65954662656185,0.09079336163517837
320.6940178294358,0.43061541517204205
335.69563526974883,0.36138788181222026
347.1650600242035,0.20692220518162685
347.1650600242035,0.2052362084766628
359.0535214978824,-0.19100704655750178
331.270094335624,-0.32422623646084503
319.9274818771252,0.16243569148537063
346.2782112117609,0.09649606518155451
347.88827480400454,0.05793824535271597
372.65659950367774,0.2107621287107122
364.98840470974636,-0.581136883701447
364.98840470974636,0.08002696412484056
351.87792822817937,0.1688878589001206
323.81922031013977,-0.1710726561782394
323.81922031013977,0.3988932687552733
323.81922031013977,0.5790117359024407
348.82775802820515,0.5592495914622759
349.1247549442186,-0.0855477378811429
355.88311084228616,0.18454213968504973
368.08077047761566,-0.09331460725366014
341.41899123921644,-0.31533179185453264
338.90090408694834,0.14019457689676074
337.4829832758983,-0.4517101253505871
369.24713715200676,0.5486264725290084
344.2094063870737,-0.11493820406712985
356.05914980225725,0.2768404819059924
347.56645065259215,-0.49187413049435236
356.2716963597613,0.3363627055290408
357.51784869138567,0.09827641295828471
336.7153220782685,-0.20906712243311176
347.5640883891864,0.36965226954862374
340.685432463054,-0.41476281085988376
336.4218796649946,0.2072879977803268
348.51089182836773,-0.046759349294006824
365.95835655413373,-0.0719744221204337
321.7611227380492,-0.62997598698189
308.5762477507666,-0.30390080778556694
343.997058126503,0.6485881055683649
323.2706625033963,-0.1732955426485887
323.2706625033963,0.1507911914120541
358.6627121220888,0.3496047030830596
360.98864691403526,0.3003564451674947
374.9192375909601,0.19356788991944995
350.7156749499103,0.004085047182798007
340.41716423000327,-0.6429097750867641
334.99226353205444,0.06908141636449727
330.1183398020572,0.13299633006454314
335.47070217181533,0.017535777764692284
335.47070217181533,0.18408565707761682
329.58335803785593,-0.10234718566039192
338.3735409583943,-0.24352641444488654
372.5375319554363,0.10878595687495363
351.9431442078602,-0.11024509956882866
340.4376421853375,0.03907627685816806
366.94789310948,0.12588442708340608
368.42752338342837,0.08564758224224533
368.42752338342837,1.0366460088637268
383.85513038782824,0.48903741273329615
383.3851361779608,-0.1342242312076678
387.04659777856364,0.024808611350067622
375.31387754440215,-0.09382546066956365
366.096200356573,0.008299905432636479
321.10929681263093,-0.6514136369910375
363.3324671092893,0.4629943076276959
351.09389253036727,-0.3200045814156738
323.5169111170321,-0.025450705017533437
313.291200265583,-0.20708802738715804
325.43178120145654,0.27187801437969483
318.33224846902937,-0.0239034620642542
339.37595259594355,0.15833763954833557
339.37595259594355,0.3504906018268912
326.5987281930143,-0.326967819429683
349.40743581327087,0.119441979325984
385.23967095329465,0.5225776401872508
374.9784581678316,-0.11454344956814566
356.9959570987603,-0.393669766360631
385.35122976646636,-0.050035067527687715
367.33483341874273,-0.1326528239670779
342.1917471368944,-0.11209913299353502
364.2999126750773,0.3663058136892232
386.02422905174393,0.3517777218746687
381.2561270319847,-0.2166049582708638
357.9825048863428,-0.33863144168583403
395.51690869019995,0.4726622517013084
366.26200819912117,-0.3211806706837024
353.89472602066365,-0.42753243577669764
353.89472602066365,0.2196079849961734
353.89472602066365,0.5121331196139636
333.5521705599605,-0.2027028581704826
333.5521705599605,0.6330631154182811
360.71295600223885,0.5073455445412947
356.942565328248,-0.21824089244569223
353.9610307998157,0.2861316754779182
341.4410797860126,-0.2934350174635938
348.40313851991624,0.19692060267880152
363.24714478274547,0.034037009566191045
364.5381903390274,0.15003915724355465
344.12062487407786,-0.5249648621135066
344.12062487407786,0.7073961288115242
327.52262870459487,-0.25132913281413494
348.2797133555982,0.413963999814996
319.47800336358193,-0.5393595754029548
319.47800336358193,0.21731011561928426
318.17714644628586,0.18439990331819445
316.70961552353987,-0.17778836386219155
333.844399022043,0.20551009415476074
364.16275163289674,0.4495414556045034
362.6070073536421,0.12179240304715222
343.6192110862492,-0.11274226264049503
355.28719859771127,-0.06996571902482174
321.0022714059021,-0.16274610511970877
344.0242410372436,0.14034777504832618
371.6861434590452,0.5710475087762461
381.5630534440356,0.058409041373579385
348.41051849718946,-0.3300471647158929
331.7566022674522,0.004501398121647071
322.8915319302723,-0.20590598012518058
332.52655521591146,-0.10468803466721965
333.5971004673142,-0.14578294428008576
334.99559452041666,-0.01996063499450429
357.89189130406857,0.3155028432677227
367.7280556066237,-0.05916888931358244
350.5281800429903,0.18026265735352354
365.2065527248119,0.14482934520287927
342.20843971797933,-0.31445632698955706
335.4226350335605,-0.1557551478399546
332.56681756756194,-0.16459765548154337
353.9517383770085,0.2522826337740298
372.1789125356506,0.11465357172539825
361.22873042484446,-0.24474819076215226
381.1615750642588,-0.030852268694161467
383.7720237442914,-0.2652265162528238
349.8059105673743,-0.4955537786362356
361.9834295653425,0.7199751393385441
361.9834295653425,0.3706655062258051
366.41882501704026,-0.2815211188192279
365.57577503057007,0.33844784698078456
373.6861208316978,0.26242439661393746
356.5083925114551,-0.24608826540384143
322.07329618836377,-0.5093218484898898
344.2391840359815,0.28908681138466363
348.4921820387572,0.21967763256225226
360.1199595698127,-0.039923460407862876
364.6634189882416,0.061173330358542444
338.1553258328553,-0.35009834571781084
356.9970029790442,0.30811051871012296
342.17711867636575,0.1357301321554587
342.17711867636575,0.26419844156737327
334.99870072978354,0.04954692418891682
334.99870072978354,0.29537559792493084
372.8797371766296,0.27639669957852675
342.4498055228994,-0.32981686324308157
354.9325918916253,0.0872899458389611
369.448318518927,-0.1745600503102196
393.99090239230526,0.4011392903523756
377.6228348977943,-0.43069074189691037
383.25546523346327,0.001946174955492097
381.36758818404746,-0.10355307983184048
377.35069071448504,-0.1802910527757149
365.05744582921056,-0.031952820078231525
354.29696140416326,-0.06268898967573477
365.04121685702546,0.36435334315524415
341.02625689431994,-0.0016820364010072808
341.02625689431994,0.2112369534629579
354.44172687454574,-0.1947534525612582
366.2449978589001,0.1906357775453671
367.6849411993155,0.16882566987430891
351.3584489558946,-0.16139880214450386
311.322989565232,-0.2523411708432377
332.5494682494523,-0.17079846369745155
350.7118652052586,0.33367457482279406
345.66466414478845,0.2845799457729754
352.8242430027735,-0.10971923022304964
337.80915876359734,0.1211285481019786
337.0901214488567,0.10048176970349232
342.1028045909612,-0.0955446897900174
355.7138939084773,0.10032663200581737
337.3063199042259,-0.14598374880574738
355.1308188201779,0.33900966354667617
320.75791665117754,-0.5720637442969974
320.75791665117754,0.5493142406841116
357.6350753001569,0.3300096869218123
388.42273734119516,0.519772584780867
329.560180140703,-0.4789099845410192
329.560180140703,0.5057198039544346
349.5983006289711,0.31017260452495066
339.488231954553,-0.3998707420180381
354.6743473785354,0.2205299264680889
320.1796372595335,-0.9386547982444426
311.13077484322514,-0.037101816905305895
311.13077484322514,0.41897094592150097
311.13077484322514,0.5389866624394699
332.2466760454476,0.0150438260275223
349.8715737344338,0.7143435835782839
349.8715737344338,0.2612162685339854
358.81141092637375,-0.4088077495559901
370.12225702111505,0.09831090327975289
373.61660602724993,0.3550877138660553
358.8938157373113,-0.0671587436477239
345.0686879296358,-0.41472455508846906
352.5983685370741,0.23993930258598084
366.88819409182224,0.10302235003712212
369.71447586803794,0.24104630008241656
345.1164159209671,-0.34587700572274116
345.1164159209671,0.40010032746408797
342.2857460173327,-0.0432258639492602
369.31830230032386,0.11147495253715078
346.60138582384775,-0.3680473507180295
346.60138582384775,0.4682130746864459
346.60138582384775,0.14025957522267163
372.18579557023867,0.2526325063136028
367.5713763180337,-0.12530482365787066
386.66689555912717,0.21432775067808052
385.87413179553965,0.08386804356200628
384.29174454690684,0.2701994687181468
384.29174454690684,0.22527066761017522
361.54604909198395,-0.2807601809134894
352.6474727214552,0.2675164640492085
389.3176194055198,0.11195110883966208
381.78917461595677,-0.06336010109043855
363.08381271809253,0.012977770715792758
346.3704443604835,-0.3283047703238253
340.0836467406759,-0.40693570736618767
336.1447547887393,0.07097304431806606
340.4034616527296,0.20602621203727267
311.2197563415725,-0.2055749950993686
346.40132024566645,0.04970798568149348
346.40132024566645,0.4709187054115773
355.51622847889394,0.08262392620167702
369.5229521636132,0.37718961391351513
349.60642833507853,-0.19562464260502566
392.9782159592001,0.1619819493871546
364.25414773465434,-0.3197851507291034
341.32124732943237,-0.054665275296315485
345.3144625157583,-0.06780687843343003
341.7552577211014,-0.025063024365181263
343.76889040770527,-0.07253885556053774
343.76889040770527,0.3705751123764003
356.408527011897,-0.08114696620486939
352.9885525838265,0.1844491138054991
354.6897043024135,-0.16822419710615577
354.6897043024135,0.40907164065924917
365.3423486089401,0.20423470011019162
385.3291287302522,0.046655773499196584
383.5413132445214,0.13205468875935367
383.3153546932653,-0.1195017957827531
374.98815212295966,0.0011247182484339646
403.7093172560956,0.03378194927392997
369.4006482146988,-0.3978395377873767
363.47196970913745,-0.11101252969774578
359.9281343492601,0.04715705039370732
329.92445447219353,-0.37285319623765645
329.92445447219353,0.5059312524747384
329.92445447219353,0.5767727266905922
356.49692403339395,0.47058468091404393
362.92574246552806,-0.3108419329134904
363.96196461398176,0.3000919860429576
363.96196461398176,0.24228592372128332
394.50744595400585,0.04854876917738693
389.57559058945367,-0.1219585057842778
389.57559058945367,0.22567805811115704
393.45843970895777,0.03984480540043478
386.51628665044433,0.2129692937423897
358.64577729968266,-0.18880129297133408
358.64577729968266,0.15654033774103482
356.8353340268296,-0.2961462975709992
337.9513494478254,-0.30885335792993374
369.5376568261866,0.48737991373786826
355.93629742602184,0.07483568074781033
331.79272087567136,-0.23108271237197187
334.46234711061334,0.04341882747928594
358.99934749079256,0.36719247945552524
336.7891173966135,-0.4961467726787987
354.68597182837,0.3546466706316096
362.61702226118814,-0.18105083467116856
325.71440498496725,-0.1937013189500476
353.3522445971719,0.18547630941793614
351.4735257754778,-0.10816873967087304
349.56484913014896,0.30021520477021113
342.0790610801671,-0.39811733843157526
359.7673579519852,0.13835705931592202
359.7673579519852,0.46149223525867455
357.5018348606447,0.3322825853102813
336.22740277978215,-0.5181800760738042
337.381371779493,0.12454795371399996
339.72221579449774,-0.011961026767835392
374.78848938638214,0.19313616705926506
381.9178300005127,0.5618694329688196
376.20828300208893,-0.37301066564555185
354.8510594373923,0.001710550412781231
348.77369098665883,-0.015966966811220118
376.0120917343262,0.44796958765391537
362.9655671921572,-0.42776412718126267
357.4897214492263,-0.1131892105318002
342.17653449971806,-0.2017470434587949
339.49341864372053,0.29275128574374776
326.999559391215,-0.19626049605506068
351.0185068794267,0.20785732889578412
351.20861708401736,-0.030239395153785154
340.581258674545,-0.06953175454373195
379.9529985147921,0.7392292819974955
358.9105765560079,-0.693541272575203
336.9515985473529,-0.03873028149155289
354.2085006523618,-0.0017037882837485085
347.0916860409707,0.29930161993740967
348.17716944377327,-0.08477132392806652
359.125895589329,0.025097109811440532
365.0033908966427,0.020345301850397846
326.91167779184116,-0.4603171950595879
339.1029644768621,0.3775348116857913
329.9944359366049,-0.5284104583764702
303.88459827904165,-0.10609818395505499
323.0699927953924,-0.156288023911884
335.9823845981208,0.3253273501094327
367.57765597403176,0.43424432511312716
361.0503356223003,-0.13425432160784112
352.143978953693,0.2364000637172694
346.3882109250064,-0.26559383600954334
328.3591632084014,-0.326507510295869
328.3591632084014,0.8868524202366643
361.19959862197635,0.6721187181724417
349.82638844986093,-0.24512080159502148
341.70245150284336,-0.09328016331380695
348.203315084372,-0.023915210283689703
342.0250179486503,-0.019129691452121733
364.5728139808578,0.23266020689993638
374.10566489602263,0.285440858830043
374.10566489602263,0.4117009767796844
394.8769073117259,0.3240744273218752
406.4528667389411,-0.11961110209119852
345.03634455768974,-0.4872442350642814
347.8548744713081,0.13825221151080314
346.45904277154955,0.23309769308025352
334.379897648689,-0.20597973461940455
378.1247408157907,0.4444409807348393
368.9717422901162,0.0886556077472278
403.7912425656271,0.26608507920366264
417.7061246153046,0.30266135496299285
396.8936834400521,-0.3365713676381574
382.665231119192,-0.16607632467605526
384.6570771971942,-0.07373088942017603
397.71371001627426,0.38954643991246485
361.60378268047003,-0.38149723850233386
338.9922328224238,-0.45025765723630684
376.4549363494092,0.3958803749708295
363.98050877922304,-0.11469292012611731
377.6906604446932,0.19169364750905515
332.718090201228,-0.801943475172834
343.0612444832434,0.15772421198630582
369.89090467704403,0.5255054562035184
404.68770518387487,0.7525985545780713
380.0348823290325,-0.542088925894177
330.85515365494393,-0.6675930691440044
330.85515365494393,0.600810707624305
327.52428721396063,-0.2016731394691078
327.52428721396063,0.48843652137668414
383.5191790193057,0.6595348584697831
374.58654742493286,-0.329593123114023
370.1047974296223,-0.22144660455467147
381.76031814910505,0.2871360164944008
395.1645330838657,0.23180415097795048
363.01127143302307,-0.35842436987138626
359.7609757623356,0.1685788536265136
344.10878065411566,-0.04058056545727595
347.7272697700182,-0.07476505094655295
320.586623147017,-0.6405436679989407
337.87137589244935,0.15583915113711555
327.70732377193144,-0.21350402438736182
358.54817108863824,0.2777684406047456
345.4044551034916,-0.07299388327498946
367.4926684046131,0.24297815891145547
355.27449765585055,-0.4126941817877423
315.31833683526423,-0.6969696431285684
315.31833683526423,0.29918519428792933
315.31833683526423,0.39454590358718633
347.67887959049557,0.3333631434441031
369.5616305882307,0.17669302954209343
387.6878064350381,0.2593177077355904
387.6878064350381,0.30725303235078627
370.8302294291145,-0.1341152699359327
363.532745786948,-0.49993963485860604
341.7523039354076,-0.23190418448177752
358.74830137399636,0.32688607015563775
358.74830137399636,0.6180168421434473
331.1517092558737,-0.12259687843300071
368.24588036242335,0.40263568945533734
389.3867508794457,0.632127845770583
382.1422400241357,-0.19240409821168214
350.61029857705836,-0.5646580207628631
352.41220370774363,0.5564410465683522
333.13285256278965,-0.3241707570815606
375.71213621315303,0.4219108786851393
376.28048134091557,0.2911428674731269
337.1528984331839,-0.8374665333742541
336.8768746783319,0.3951849382809769
357.5100698129266,-0.03553837544734506
356.80414296662724,-0.06192698738107083
361.9684376791182,0.06981517424708272
369.44831351953917,0.21706500695790965
369.44831351953917,0.24546664006800256
369.83796954409553,0.008038440138193437
345.06402479155963,-0.10122462463527881
341.9621891989732,-0.3517879307827343
342.41589182459586,0.0020344269903489476
334.32110713323306,0.01949130251762199
358.3433963794371,0.3833884532546108
349.90545270131076,-0.10424045524950998
350.47596289884217,-0.23688172278968977
364.3192475237334,-0.08401750666575936
364.1797767445287,0.31503033737521946
355.62714553804045,-0.19690854392888468
331.6769398343353,-0.5667814239170639
331.6769398343353,0.44973848702341
345.92047811002095,0.199798949685146
342.92401279159077,0.03983995109342686
353.6856811872241,0.6461007870857429
342.7602622632078,0.03527641156313166
334.018681781256,-0.10869340303497665
350.7608170227988,0.2138792564473988
348.49574270383056,-0.25827212257274823
342.9889473730758,0.09306816529556272
316.5715519564172,-0.23475838636284152
310.78796314880697,-0.17216458223742848
326.9252559998169,0.1719666161893656
318.3558696656038,-0.22643638380282027
318.3558696656038,0.6721606673366978
326.5165828089135,0.1723174842060189
339.26883054618503,0.46741438281742376
307.266400774343,-0.3917518216735516
307.266400774343,0.5503934135060717
328.3196877854708,0.693782012388283
324.8563004132603,-0.3540679738240442
324.8563004132603,0.08681148849802867
327.82741130599936,0.11560820594229426
300.58093745952874,-0.19637262195044514
300.58093745952874,0.16977432765736467
329.48239051615366,0.25762448977911845
353.5377499852135,0.3486789260956584
341.5993040343053,-0.44903409691801244
337.9218099085717,-0.19172714367869048
337.9218099085717,0.06176079392207612
347.471859232069,0.17909237440755987
360.34886366814493,0.16660444999456558
353.7965610602582,-0.25150900723144787
339.8171736670933,-0.02865758605821611
336.53606682329644,-0.3057905551394242
348.2269305682179,0.3853233689219451
348.2269305682179,0.3927226581428158
348.2269305682179,0.5393812887417653
370.7111607235371,0.48478028689999064
348.6897446239814,-0.08209188570674542
395.8475514788447,0.7616866554229773
373.6089024183046,-0.0901725176263426
333.63639732457307,-0.7993648786105041
346.4135353802709,0.4419545201805022
340.8441121768086,0.1940300661395895
365.1557236973644,0.21043335541298802
351.4358163440532,-0.22502322653303963
354.70137719896377,0.026453068099385746
354.2524951034623,0.07429100373849451
353.03862494973873,-0.04382735183389741
343.5454684994789,0.1458122492908842
363.66300091424284,0.177985676162848
327.02140817442626,-0.5080141712373916
319.4322161305062,0.0439114581205331
364.0840936316658,0.9428418817713009
382.8059648847146,0.24349516830750417
367.09821877445614,-0.3163001452762728
365.71780685682376,-0.17680461815166382
349.925557243888,-0.3032262011631701
371.68143981875284,0.16719575027821065
378.4010993961454,0.41794899700630594
354.2791982002844,-0.8352284444409861
390.0130000675721,0.6929769896455582
371.5150392299632,-0.18979986479530453
364.7676384822832,-0.33225892346706587
355.9865376626784,0.011360432497667716
346.7767746473621,-0.3714278349957567
323.55276531924744,-0.39458471300395104
349.3956942239129,0.3381112532538282
349.3956942239129,0.4986974983662549
344.20592522538044,-0.01573455743505292
333.34514548441587,-0.257643508640399
360.7315412990717,0.29756561057877207
389.3483510287617,0.2591204644794516
322.01082760134324,-0.7468792634053898
356.25005407145704,0.17901366438832156
384.49954913192545,0.36321599166024043
378.831167395267,0.45200227620739497
373.39917061196826,-0.2745536942054514
376.575958056865,0.15290233931284547
381.2301670368326,0.14880692650581295
357.27566324990784,-0.4363791341954766
325.65166330851423,-0.5260707078191444
340.01825793327055,0.38922530168554204
342.35823956358945,-0.1041649142720189
317.70137980074327,-0.30255079713333544
317.70137980074327,0.5226030333416247
317.70137980074327,0.3028998205445532
315.0650836788116,-0.048048635726445355
327.38090658574407,-0.061792771672458
303.9045280155262,-0.022424633102332336
334.31433106318656,0.22922091805742184
347.06534773950744,-0.099213154084282
334.01755226906187,0.2459814646867926
351.5886243561909,0.05317772346734273
351.85931509323007,-0.05131251533384784
356.4119034503214,0.04162730030009243
379.9465768947068,0.02331812739680572
382.7835539106491,0.1401960854201434
346.6555065608559,-0.32710896920184496
342.7236413937317,-0.1936194065959853
349.58701023523,-0.0432244199090519
351.70438309830354,0.2000471244250548
360.2383501859544,0.32089758238964805
360.0358380267308,-0.3726669996626697
342.08365513940566,0.15236773940557669
331.0287399525877,-0.2448782544211099
353.21117817645427,-0.11164288581471737
353.21117817645427,0.8043038254784278
372.58567142446384,0.36354140566834303
380.38391353846635,0.36587445233112703
382.3895295949602,-0.31834778450183876
367.8388277346138,0.0029731711758813617
361.7345640911798,0.25356578132391405
348.9866015701636,-0.3791636197705657
344.04084743214185,-0.10005665493258675
336.7272160959392,-0.15730464487660356
348.0512629924394,-0.028633171526507795
352.94876700925255,0.08075935446481708
361.6269426782805,-0.11306160813046517
361.6269426782805,0.9808971978070531
362.7098508419908,0.20123792968911403
362.7098508419908,0.5475961826864477
380.5720917011416,0.4901213717303108
358.84307327090625,-0.09234020939629772
372.0709587769258,0.023523095097743862
359.5900240755821,-0.08830221209495903
342.2355578955363,-0.08368177345278127
350.6068623900379,0.11105325564358282
329.87542587679053,-0.6887280645372584
342.13839929844306,0.306830483536487
364.0630164755873,0.041256478813920694
376.00003014410856,0.1569817473864532
376.00003014410856,0.80297810869979
385.22157244662645,0.04307944860761381
347.90487352735823,-0.5207056836536594
362.5484641336916,-0.023686110077733247
332.8046452551228,-0.33382020621183983
322.6220807741958,-0.08629279853835214
322.6220807741958,0.5128399937981385
315.1049476049001,0.3877222009580237
347.7906871657601,0.3681678812222344
356.2545661919352,0.343288964011208
353.12111451049213,-0.4246924467944382
355.808486065475,0.12413976658615411
344.30638851969695,-0.4285858615454572
328.9314602415601,0.2554160321319614
325.12367142025084,-0.2513275805467856
330.3707540129109,-0.024237993994688622
330.3707540129109,0.3389866910785031
346.3734829348774,0.2993078692168183
369.6870926651303,-0.0911286099139943
357.9970702825353,-0.40177148270583984
362.8970025655438,-0.026218840564183665
356.355113537917,0.21519902537761482
371.0311181398621,-0.12184560184937254
378.81585824190853,-0.011392568570727235
351.4066622778371,-0.587998852611463
367.4306892929764,0.3853664035912061
334.21715895795876,-0.23056445720180818
346.40171828121,0.24149937014647094
356.9414446691938,0.14079472173227714
362.2614071888702,0.1750153033715378
340.4934111772034,-0.48269604521544807
340.4934111772034,0.602178893150608
362.07906865798805,0.16712498524009334
386.28405613885695,0.45088123817811265
356.5704701646959,-0.563795780426517
359.31883835167235,-0.04956122679266173
370.00344312472873,0.17547593955930552
384.2433222856518,-0.011764418381176256
349.6010865884035,-0.348021809674151
333.8004178550564,0.13773578861184888
298.747447061321,-0.34562702473999707
298.747447061321,0.45995716504103257
298.747447061321,0.4778071767752863
298.747447061321,0.44799120510583634
318.82439395017474,0.19177328449552533
338.00772261439454,0.37325114437010143
317.58003427700044,-0.10108220004860868
319.79479057035985,0.03562678162927568
321.51601527216957,0.29056751715916107
352.54067205008346,0.23357504958244135
352.54067205008346,0.6685063629809065
357.64058271875905,-0.08198633351162243
357.64058271875905,0.10153417838114365
363.9946577822521,0.15047798753948882
360.9167514197625,0.09031757575598931
388.3249405013446,0.12840641369461991
381.1155391505068,-0.12468332189700959
356.7997898392684,0.010174079824764704
364.3264273347203,-0.10637398572009715
358.7485390406242,0.03752992049635395
339.56046970062306,-0.09995635770496847
337.53806120147306,-0.24921289078599784
345.9506663251806,0.05955311357138271
351.4046830791535,-0.1558480865076035
347.52556125235947,0.09391428902335974
359.24986337092196,0.39583741028923214
368.0361123564322,0.1018160196701956
368.5434266472969,-0.19473056765218644
376.0655562448926,-0.02941689384874735
372.5278862024116,-0.12689592452693432
359.65198191716325,0.0010843818593002652
354.168528906663,-0.09015859162889228
364.8262249142077,0.6152311384751101
320.7646347037486,-0.6518016907941728
335.86516010782816,0.1736318436635429
347.7416195696302,0.1748772572505004
347.32016450970207,-0.19733668517699243
347.32016450970207,0.1338153924089056
372.90795816585035,0.39800898574912935
372.90795816585035,0.30556008326288975
354.5134563649924,-0.35507303399072043
354.5134563649924,0.16855899269307884
399.6741549340765,0.5005293265249975
399.6457585258614,-0.1542001166847058
377.98660692610713,-0.5053283950479681
390.3507714783043,0.03656436386268069
359.2365399474788,-0.2887844747415329
359.87828996141366,-0.03467054187865415
388.4274391024056,-0.013471019844928378
350.67371611572605,-0.2363238883467602
354.8071829809928,0.2212811764603657
357.3776296925719,-0.04522887283451382
369.20408490118865,0.6095568954964392
357.7018272982743,-0.5373802391145546
383.09509318435727,0.40816938096872946
387.8464243432044,0.3312739498778683
358.8099477951981,-0.6909614363612491
363.8335089519183,-0.0845001007337487
343.6866889333941,-0.37063671489545413
301.43187646431664,-0.8093092505716868
301.43187646431664,0.3969011095074393
340.0239153034145,0.6500289432726731
344.93004376004444,-0.03805773543660962
340.985238405305,-0.04079797073222835
340.985238405305,0.0719724973666871
357.6676449927077,-0.026277574541609283
352.8640150880096,0.2732540737556519
340.7148171619462,-0.18820357790207254
354.9099654707484,0.2947669231476766
349.42940474230295,-0.20993192469995847
362.14029177127264,0.11119247788781195
372.4023558939269,-0.22154404546768092
348.9924694286322,-0.056464422443696094
347.32955076134414,-0.49352413381689075
363.4706010078833,0.06254239100690029
363.3906746695623,-0.022083361321506345
366.49487213018176,0.19948673935471106
388.58242965337064,0.04531792393663636
366.10093771060343,-0.4412179464800374
363.9718391724595,-0.1302301639068446
388.3303209867799,0.3662947581933622
365.5157644564666,-0.16217026844765314
325.6179176575658,-0.42878317501879337
325.6179176575658,0.6624832041838999
341.2096860502286,-0.013827149531834948
350.399599403138,0.08825299948921383
363.05645723365495,0.14373934885759354
360.5577045785102,0.4362302793492745
353.47880305637767,-0.18571783713355217
346.5424866785946,-0.15785171877007542
355.1071377744591,0.18307450846225493
358.9063791104291,0.04079017599156032
382.72121883092836,0.2397363979154079
352.95376830974544,-0.11726580311324142
338.5447668529311,-0.14659226467347253
351.7295236830693,0.2768241182103566
340.995989556159,0.04215813713994976
332.1675693244709,-0.18444460880164115
332.1675693244709,0.6477817610239072
333.7137201049153,-0.16844789550123096
348.75764397523733,0.2568440910869185
344.88915601595903,0.01780593823377785
364.7860337034774,0.2917220381135621
362.64611067818544,0.04554632495739952
335.67273529372386,-0.1817984889140689
326.9067745504738,-0.7159337940652222
326.9067745504738,0.5191130684811469
347.1187257565604,0.5570503501812709
312.93262247869984,-0.3100955607335436
306.4888180267556,-0.43958803069847363
306.4888180267556,0.4804829569903859
335.03272021328195,0.5833988713955023
343.2209642171752,0.11241653899344328
331.8345877729367,-0.41301364608398217
349.87110101591196,0.4521974336767016
352.1604128162435,0.030367187489673597
338.2823632504391,-0.42739883294029823
363.21732121106396,0.04794191314852014
339.27993003494424,-0.18630903064786253
323.8497953110954,0.030696706315666233
331.28365619057575,0.18401866313115534
364.26878821323305,0.31493242066903804
382.33704062090334,0.21648166944851255
364.1449893478458,0.05188290386172412
356.7303384957538,-0.5048034857918537
319.4951291991928,-0.1946258495481743
319.4951291991928,0.1164748365978312
319.4951291991928,0.39376220830286
322.09551453142177,0.060285816739906295
313.72705187119857,0.00249782194839554
383.39320679920587,0.4819364501202017
355.911563638707,-0.2575173568803848
355.911563638707,0.32366382403097305
348.4902125667636,-0.002308168118361209
364.643925687077,0.18244615900573535
376.66466628622914,0.07878555399906872
382.56198112642426,-0.3762750952114402
385.53769290847544,0.22054015273999994
361.23844511128203,-0.5291998795674999
371.2674550528051,0.22897741504016267
361.3227079561074,-0.12538855361890455
344.7874096616415,-0.19151184793349785
344.7874096616415,0.4404250785271415
304.3558885969831,-0.11533164713728183
303.731762810813,0.25616036503424766
310.2611638336112,0.17071851747289202
310.2611638336112,0.3475774348382856
324.97883626834374,0.1863384753619357
339.2938163221871,0.2260468697459146
358.6551052883372,-0.04938464071619819
389.7912615982432,0.5144708043806077
357.7898744485427,-0.32199553589055085
351.33734163922367,-0.20419486625633
317.0042494929727,-0.4278422420454717
337.4219420043888,0.4022864539715556
336.72394683421174,0.24255441229729513
334.5602788518099,-0.21665592710985493
336.6893390714725,0.17018830160145626
323.4024696167215,-0.1297604149056042
323.4024696167215,0.429896043237477
367.3045167826359,1.039308034230089
345.95540897233656,-0.51123922565057
330.0153409505082,-0.5148551141572852
355.67260051685787,0.40410332317162556
326.5423457565476,-0.44666829373102246
343.57102843007357,-0.005891750666137341
337.87147246347723,0.10006400108829894
309.9367508016585,-0.35399875153632365
336.44501780657635,-0.029595871020319464
357.968503816681,0.6323434533519503
353.31277943529653,-0.2618945641163464
356.70537521423176,0.0024345996096144518
312.1908089384021,-0.38101503409302495
322.1861909032546,0.3353570105032304
310.5500632732108,-0.20218260120668674
323.3759125318355,0.17976802073087583
323.16445786201115,0.132902421824042
320.80413368595043,-0.05975375973878272
341.348415305206,0.5916813466184294
303.08282077448604,-0.6781183429052362
345.8863705767662,0.4790297613656094
323.59891402339576,-0.24835246942552658
386.94786682756546,0.4181121974852431
390.02326570503493,0.10168232698879365
389.33990638654734,-0.12120673298204565
384.59932478625257,-0.15649315178825418
375.8683498839526,-0.4266525487828403
374.17491881864066,0.26753512817549563
376.9871449174335,-0.4347898530114662
389.0319249249652,-0.21333406675864808
355.3513944347225,0.02717969487400751
375.3981306708421,0.11778428230252302
391.7139371921322,0.20265755581124267
357.2412957241641,-0.8294660949218269
332.20561286557887,-0.12038427087315995
324.28091543661884,0.3030837605551824
324.28091543661884,0.20510743616478067
349.5698408672308,0.14533323712043966
359.0998824428094,0.3713899573986055
343.54739213864235,-0.13449806416792853
342.72863118959384,-0.20484898461745615
347.84576342773295,0.48782273051870106
359.7149930354314,0.6707610246789955
370.5845950341798,0.08038150977017722
390.3093084258695,0.23659898455230177
403.55481449315346,-0.27578090425470236
368.5662166639038,-0.5726052886579964
338.79163783501616,-0.4042361708493445
369.3108023550343,0.030347854695037313
377.5685342279179,0.3809878970898808
348.8247331321782,-0.7728224171394231
378.3209266972802,0.4397561312464404
383.9615261636487,-0.07825628448063071
336.3195714151867,-0.4591320375715213
366.3675779892321,0.2813372227827813
364.52519887010135,0.02207383553013642
352.2502176344554,-0.397908157072834
332.2881962916185,-0.11904848407448299
344.52561047237816,-0.003250302326250676
330.50252040654044,0.13129940379189975
330.50252040654044,0.4820050689577329
321.8440348041325,0.02832945313161872
351.5491293426348,-0.09783151572685256
326.7828386508146,-0.24849369957053113
339.4908504487094,-0.04546038337684877
347.6136761598999,-0.07737544504448124
349.1899747778044,0.16332942627775537
391.89526408225,0.38123123068351106
369.2359222916878,-0.2757394522125196
375.730781153158,0.2268134687494694
335.37985045489336,-0.43846793277816687
343.2561944067183,0.05311222249088132
360.1061478764338,0.17859972059102347
328.6998508058713,-0.4352528567447962
334.48660500363616,0.108082069430111
334.48660500363616,0.37836413809873193
315.34309788106384,-0.05508710612923551
315.34309788106384,0.5020266496824206
312.1224913758969,0.006450562954455563
345.9995334732486,0.17363011396059846
334.4613179267095,0.11584972358696177
340.8789043819593,-0.08370374143839854
321.0046591242761,-0.2195416410869484
321.0046591242761,0.3320696567084269
345.2720470531763,0.3670941561711061
343.3534131661001,-0.11991663221112958
379.2956227864877,0.6781754674452714
334.1097347225168,-0.7940669935627511
307.37826007961513,-0.30436152326137744
308.8603747447336,-0.14980047171115984
308.8603747447336,0.13576360617298633
308.8603747447336,0.43497265252347006
327.446285437719,0.27300426980400516
317.3999740260991,0.29363385966985334
349.71773423227506,0.1803340187844924
379.9660921350794,0.44840740781307886
365.0908366328981,-0.33008613611139026
367.6807086992995,-0.015229513061967737
367.6807086992995,0.40333964365891006
357.5875274970781,-0.024101078298031098
356.1934842163739,0.014130842947793099
375.01183552983025,-0.03424217655344819
375.01183552983025,0.3618122325128752
376.47846996598906,0.06420483699025681
338.94509101163936,-0.33776006125413005
319.29350606788586,-0.0013903503049732535
323.301931830857,-0.20804406494266914
361.39234666197626,0.42696115595833817
358.9133743163438,-0.09237473910729932
362.6617651043831,0.18312348351014407
362.25674329618545,-0.08565236168442425
375.5118337526329,-0.03608006494289384
370.40668616912455,-0.19009713020238905
376.8289263368686,0.013767227816401828
369.36011440652123,-0.2727711245207729
342.87316682718614,-0.4678271711462685
354.45988185732995,0.09224904667485134
348.94360615728107,0.11291132337623822
346.8400540856391,-0.06440020699642446
376.10711245816094,0.3237233696926296
372.0899163797901,-0.19917129794589528
355.7704673285952,-0.22639807717587246
355.0808216116383,-0.19487454339264332
366.3773331662734,0.12034579011151436
366.3773331662734,0.15445288941327817
380.1404560656676,0.2916505262408009
355.2796595744737,-0.5750199597252958
343.64469219986825,-0.13811516259420387
336.7475853251914,-0.5114247562157743
349.4971885999787,0.1907742326815196
339.70255161986785,0.19236081723215648
350.81106497409735,-0.102595816848293
335.1665361444503,-0.41681379180863587
318.0399408631974,0.14470567365037823
330.23013684724117,0.5108983138977692
328.5292442586074,-0.2676911913963522
351.2030244222918,0.2316718353987426
320.8225617357187,-0.2929935675044817
308.3884454833315,-0.48212215545527215
308.3884454833315,0.4748459287577589
282.4795973733998,-0.19202146359452854
282.4795973733998,0.4173354634150428
282.4795973733998,0.38858572435572114
319.59711629654385,0.15558641963616537
327.9214472284712,0.17602702170108842
312.87758557310826,-0.2474640633627132
356.9727744416534,0.693650951405516
378.32803548025356,0.17655227922705308
360.5883386980031,-0.3735420624897188
346.70320454934307,-0.24254889497603926
354.57213204850103,-0.010927382194722668
381.4748692060099,0.021526881551267252
371.2954403341794,0.13935591108690915
363.4186150964521,-0.174142134198064
378.07445924221713,0.30404790738361953
370.72988618958044,-0.04258685785146099
365.92331193398206,-0.11436096970237486
367.88362606295334,-0.06728757770770244
344.6803376603076,-0.3081094787399934
361.11180571447386,-0.10133647663087686
386.8223935486778,0.47448281837716877
389.14470485219385,-0.17865038579464
389.415949013675,0.20622538800864731
408.3110623902758,0.333005802409275
405.8732935784331,-0.2597955517430819
426.7721939119732,0.3013843690317799
395.0464650334338,-0.15505563197825722
376.99011384344783,-0.26403844894912254
387.6021791427156,-0.050312138279196006
394.4950364999487,0.32208173969547715
359.7522544880075,-0.4145041738628379
360.2401003605071,-0.16942963462599891
316.8218590612945,-0.43298009508123414
346.44387643750747,0.3439553612606687
345.8099992620905,0.06181435899884491
345.8099992620905,0.3429989911709299
357.4151422330974,0.059341535575185844
380.5873946035997,0.6445376987605869
377.488971590122,-0.05549156099527863
379.5225102557986,0.28076393322407966
365.9677615816875,-0.048587600266500885
378.9544393561108,0.2526337412547264
363.3336140355684,-0.2494427978663225
389.2468544712244,-0.06884128261208389
382.1423459981297,0.31376680457037764
399.65855442782504,0.17431149139054014
365.89583984259366,-0.15219200669298516
339.4783667581451,-0.37961142823280625
339.4783667581451,0.32854221430397956
339.4783667581451,0.6042236033799782
370.48848335740934,0.2172937348304913
357.9659181184793,0.0416442618821975
376.8329562463807,0.06112031413204022
361.6306666106507,-0.08508563783914269
361.76594450936886,0.07012374042983538
367.0759632548109,0.18024480233964368
344.2425577312692,-0.4575930869777949
328.6906617662461,-0.01367594384714721
335.21402366143246,0.26238871777059103
351.3286805053991,0.154558653990307
359.0339683389683,0.219278255458903
357.22094698912565,-0.1480308020867369
362.6268961559439,-0.21947659912575546
346.33214213874294,0.04377156910129543
347.51625943109843,0.19813079769346587
357.7528533814435,0.03123550819373122
382.3428735114382,0.14862592791052975
385.0223556365036,0.10297089112168578
384.1447434911332,-0.015233153854296688
377.32746992196587,0.008509573127184922
378.9524474681111,0.029287917110991657
403.7827889040014,0.35345253414595845
374.3603813892673,-0.773130183181479
382.75048727032345,0.18421027035913085
380.26443966000664,-0.31473829882895643
350.9220901363283,-0.19621101409143193
350.9220901363283,0.28205637086739443
350.9220901363283,0.43551954132396986
350.9220901363283,0.7481974385442527
340.289908870021,0.09838499026704994
322.7799516814804,-0.30425290659877646
325.09675690507345,0.16988262636198215
316.34190166185317,-0.3468956709605209
318.5756664422293,0.013991218517617199
318.5756664422293,0.6330656210592451
339.4934892397565,0.22463051838610681
326.7056591598558,-0.13109851200977118
326.7056591598558,0.5238064504162594
333.3590468997403,0.33746300434836485
340.90566995529645,0.15734069113239002
339.2812962047674,0.0641984251235499
341.07134781003873,0.33965209797736406
332.84884965180163,-0.29290722758275933
332.84884965180163,0.06078964374239604
332.84884965180163,0.4485603425358704
346.5311546381617,0.37741097192986217
349.645395382523,0.0801741406274914
363.0878743782178,-0.18538395552172915
373.91106380166667,-0.058082963065771764
390.67073886406325,-0.31070355559893414
405.3005264816669,0.2767898357509466
394.487152752598,0.29791554491134775
380.04911516645626,0.16027197549942684
339.76831555396166,-0.7825801408901043
339.76831555396166,0.3896107518548888
365.524776549815,0.21619858355984434
364.01245879259193,0.05204122534757971
352.8017945948135,-0.03951854158185597
333.8317297617925,0.12275396800998806
359.32915974398566,0.29751210224765146
356.1131225183625,-0.0061399391800023295
353.4186155640219,-0.15209196812566006
365.09891411108464,0.17319081100765743
372.2067024230923,-0.25807909163927434
358.4328416639292,-0.41754321411281126
369.09008952898785,0.18070006098605518
347.14605894372284,-0.5299468993845267
337.68368508577595,0.19260261130602885
326.0185378040109,0.12989392320980642
363.0950933604331,0.4196692563122042
337.1002410166854,-0.007427062579381527
367.0059211101608,0.4525153881272672
339.08492098656217,0.11549510375300542
307.92484594684703,-0.5803707267912159
307.92484594684703,0.41555757029641427
307.92484594684703,0.41351762754652555
339.73682826482207,0.1613969721425974
376.3599896812329,0.4278245579603208
353.09762703134436,-0.1922708241414739
366.98057232457757,0.01514995053992152
376.0314827308761,0.007252424228340715
376.0314827308761,0.1328614822448344
370.5343505013611,-0.11192941642093501
370.5343505013611,0.1707026748736098
384.6794351947158,-0.09067238641284803
358.7969241220702,-0.12612735525169683
348.3314114973941,0.16778416046190614
349.82726612216953,0.04243480877903494
352.78372560408536,0.1683917770988046
370.4348127803098,0.1415204764119835
359.7921328180936,-0.09276408035771055
333.4363391889911,-0.21392214750176208
351.9613035131904,0.2688328481045801
351.9613035131904,0.33643437787702624
351.9613035131904,0.4371409376125257
332.50021480760864,0.0007417302138037485
357.4704189241334,0.2074083188667828
379.4072875860998,0.25641550103409827
391.2998531708575,0.4243378071658981
358.13569747442784,-0.670937773989067
360.9583743462319,-0.06373692800616482
349.7677108974191,0.0487926517548658
333.27985773140574,-0.24097920071187673
347.61935363792395,0.26933258234623736
368.67516222140483,0.5671821736460743
335.559929732874,-0.5968871225650219
327.87189774813095,0.09100181092640014
334.2721961027631,-0.08505772562091352
343.1747922198179,0.11042887639200671
334.31957955830234,-0.08379754091583891
348.27941220306604,0.06003400690747185
382.8391843647793,-0.07751613897085008
382.8391843647793,0.17345637352377707
395.2959001761319,0.3767270385964139
408.37879013217304,-0.06618892055189463
367.54161548560546,-0.12206265145061934
340.97799219432613,-0.16239588812516104
351.3823302714149,0.17974202865650568
325.4199541289969,0.07595778798622632
345.7772620866733,-0.08939923482626
360.39936160684994,-0.055350022893662754
378.8401478855129,0.2634991371895694
337.37171546729434,-0.5509666921699363
345.87453170914915,-0.13913569188139263
356.40027181816845,0.41073460148072627
345.57608106204447,0.19374407806162708
334.01210977290265,-0.3374977841890541
340.96143739953817,0.17479621019845126
340.2291372999517,0.0539395318608058
340.2291372999517,0.43973384842524865
353.6375238808119,-0.42810725057779564
357.17738917014367,-0.06350858717837582
339.2049503871384,-0.41555850634301805
364.16544532789595,0.3252752413516191
350.40637793028645,-0.25815430284512786
373.3716132402892,0.3357941061639167
335.5492669733717,-0.394313946641887
359.0693389201317,-0.15540579465186966
345.4440605828424,-0.11108919050502664
342.8575107747594,-0.056760993252396474
317.2249870249979,0.018791798495385592
360.3391541130833,0.50258608305694
336.27639606048143,-0.3135510884358155
350.20113848262685,0.26019882485024937
362.64146763243735,0.07007265138486218
341.86057521219055,-0.6054258785917455
341.86057521219055,0.07218810026188294
323.66915677542175,0.14223319166558213
328.5465271274067,0.054416487083699394
347.08833607300755,0.4135538188186274
334.8761021819465,-0.2931943766159293
343.14864680689385,0.23942316253214813
356.46099664600666,-0.23875028807651688
356.46099664600666,0.2964338597337246
332.29341546241915,0.09877237633600089
361.08859653569846,0.43279287216046214
343.9868113071763,-0.35900421062660826
376.88546365617594,0.5262574143072243
353.493788766093,-0.4496632155747875
344.0272793360232,0.11050093069297873
341.7230532347809,0.024844956048355016
338.646176643375,-0.2218022965585078
352.26065149035145,-0.13693616949262832
332.7667470449387,-0.08093352383752972
319.6998242214884,0.09691236232401934
361.87725229622646,0.5745327985080166
359.18058737688386,-0.332033116743105
347.2366053878569,-0.24084823666078137
378.922169208848,0.33583308889001273
367.8059322940433,-0.014633877730602762
352.91897834309856,-0.12022877140680066
360.8385941087312,0.07781632628928037
360.9906751001744,-0.03162573440420147
358.0000612794491,-0.2560938861165596
367.9665955060124,0.12437403412309322
339.44775938537924,-0.35816319541618213
354.0085520822209,0.05136243829520026
358.10380281507133,0.1940380408909732
353.4851380622006,-0.04077461447991482
364.22604248935335,0.018451783396585597
358.8734628791941,-0.34775862259061796
328.9726774734108,-0.541748680777232
326.81773958695396,0.005129462690319997
354.6400829576415,0.49695080516812595
334.0258052610473,-0.15760524738141157
343.49487422602976,0.28686364094482997
353.0383619318176,0.09811668182919675
364.1373397444146,-0.07506080708617446
333.4456051586469,-0.43004670014363455
350.80986343252897,0.2888503545640333
334.02748804057643,-0.11869023384724642
321.3046018665022,-0.4389651631020115
321.3046018665022,0.9134714452709431
328.3292454947914,0.28802202257713816
338.4183317532263,0.29528129204834386
365.71332225818094,0.25261796772133494
341.0380790882282,-0.5288335329727261
355.93311323632565,0.2653424086850009
368.04914970522356,0.35681576153365313
380.98938804247337,-0.25603825923030854
383.1607142319852,0.20234543613253209
364.63512469948074,-0.29168492564770077
357.748577008489,-0.29775130348116363
352.91964124015976,-0.0712938937014087
343.6820281268406,0.05480404844502118
348.01737590570355,-0.06262095658030375
348.01737590570355,0.4583343870833687
368.87579115902184,0.334199053285829
370.63248399726615,-0.2593134286780696
370.63248399726615,0.08830597737983226
353.84959155478623,0.06273343389887032
340.1270642112322,-0.21744357713805584
352.8773539264216,0.25543582859472735
312.7842096495544,-0.5377610928137528
329.00695384324774,0.39314732160630683
354.64027127891535,0.30726545919969794
374.35598070012503,0.07444205429339945
390.8679078721684,0.10694246233197191
334.5487142375678,-1.079800006897358
333.4694798031312,-0.04788287370911348
333.4694798031312,0.46481781828663316
347.1658090051658,0.5063779066852021
360.6500147961229,0.000506599186337553
330.8359546496849,-0.29345137347866057
331.3224847150962,0.043034501503825595
324.5104742128254,-0.04002550372479163
352.1978087663023,0.1966245373101856
333.7029167487951,-0.08346986215406105
345.8910486427454,0.20441208350234774
341.65823734579146,0.1481196977217678
361.466650579353,0.42670210549999865
340.1053611172767,-0.7577314522447978
340.1053611172767,0.5762815040279747
350.09727786401197,0.042927279456762335
389.1656862605719,0.6920080848426551
389.1656862605719,0.20220526428818175
386.06529119875285,-0.08400118745680629
386.06529119875285,0.3972272089265516
377.60374771722405,0.05028319520886271
356.1077045863381,-0.3094239716285756
346.8595722364303,-0.16860671329618526
325.5738930385725,0.06796276719342131
333.81795221204976,-0.010146452591015986
336.9214282351901,-0.18464695553075217
328.13148702989685,0.004717670506124705
317.44627588016965,-0.10641568436108173
337.22821668448637,0.30846822493958825
339.695028726385,-0.07679118798739637
355.45895244978055,0.09135738345935351
320.8106249945172,-0.11795191953206086
332.2594371793978,-0.04574761822277651
314.6806984498323,-0.3040434624779209
316.5119960960143,0.025918832778643264
316.5119960960143,0.47491684530007205
319.0131547889388,-0.03719876367370034
333.0660032017565,0.452607930570025
335.99739140097284,-0.11812195022548622
324.6152901238672,-0.22256881834471187
325.847015148854,-0.024563403763181668
316.2696779677461,-0.31962320423474466
345.9828256518257,0.19393520636799622
330.3627962697077,-0.1686062906250072
316.3753832245125,-0.36629816769561785
316.3753832245125,0.2502349567857891
344.0357578822251,0.5062760851592429
347.844608094969,-0.10679306729889504
353.9238678320289,-0.021559764662470116
347.6714185457557,0.15026824498545466
358.199932740547,-0.01194851815535003
338.64773503109376,-0.3787600813250265
348.6103637454977,-0.06418533137843951
357.27022136301173,0.5281698171702374
334.200380679991,-0.49718221345619895
388.7385551288416,0.5060743479721168
350.4727439849069,-0.14707762057207674
336.718363796513,-0.7173728344023402
336.718363796513,0.23999186652110893
331.32219597548,0.37096796286607514
338.47659544572133,-0.13860055295799611
359.8604575147323,0.12088422332089976
344.9602398519275,-0.2149856201900775
333.3708181782203,-0.03180302006683178
352.81045115911445,0.6209235122655627
342.9902409755898,-0.1182331660793352
353.2264054962415,-0.2851637457824836
377.0426158337877,0.5629980875388583
377.0426158337877,0.39824987485758356
390.762538771222,0.17338505935742887
362.3880888091386,-0.47070149387332094
324.0232292751921,-0.6646444523718174
341.5539423090522,0.4497882609151702
325.3259148090279,-0.08225820786071836
327.4766587000378,-0.11846171940328531
316.9797964443234,-6.87992003349791e-5
328.22634432282365,0.10625302842834117
363.60916910624127,0.25874757589213004
344.88987360572673,-0.11338164494350167
354.12805329706316,0.04554894259115372
343.4832287421714,-0.32873435223416436
327.8081286796011,0.16083167133342613
350.31580647883317,-0.18588357502142117
362.34621789524635,0.19405339943625677
332.70776544593485,-0.16978301290794207
364.9049147033705,0.5066339880354462
329.7862990222893,-0.5595755315652013
329.7862990222893,0.4225704126145047
372.29242505012934,0.5445181351416295
363.37843143161933,-0.2319745117574712
363.37843143161933,0.160477989466699
359.19370808738256,-0.030631110694798735
337.99052286448386,-0.3813922488366188
341.0681355825377,0.2964853671988976
356.06709616074914,-0.22306448627648479
351.5635380714828,0.17041766522618218
361.66043358465987,0.12491968221206662
338.4946371919367,-0.5108088490384262
338.01522229026875,0.3118915627660499
318.985918919214,-0.4375902914847529
327.7437612660091,0.46208028389173705
331.26048213165643,-0.19163424568137088
373.6915744323937,0.5742688878187892
390.60026238083515,0.2970544525749119
340.49821966295104,-0.3022271339426652
340.49821966295104,0.2336045612316866
357.2016163949486,0.4106276083685998
339.8189207732733,-0.5279957259616594
369.3517465067439,0.3883723090790454
380.98956378449566,0.06729851512113783
306.8587586981923,-1.0067707426953802
312.1264136698706,-0.12799675786254738
327.9524441488246,0.23872992117776448
326.0557490575587,0.10142425629919671
329.16608652897236,-0.2649053268504531
332.99328204554905,0.15708423033436247
332.99328204554905,0.57309973763995
348.7191854284403,0.286225867569442
341.3983234819821,-0.02398352618217814
359.47214097668007,0.31869016719417687
342.99490500378494,-0.3661365865935977
360.91641306150404,0.02035418862192273
360.43620287824183,0.07024611240854028
369.4983086240643,0.024688379740496202
393.7748486400832,-0.11440398956665376
348.5331012443141,0.11637220454292674
359.3971669665399,-0.40048399096622234
361.4146576256275,0.1780408049437483
368.2808593400983,-0.14375013081257748
368.2808593400983,0.41229972622352307
365.0262621171518,0.1518029501833098
314.027900934781,-0.7142419544306904
312.40167278767063,-0.010951999548296953
312.40167278767063,0.5774671086294347
327.8565102322097,0.10420139627149183
316.80441464657673,-0.03454317028672449
353.0363396481713,0.5156410073592497
342.8810090966816,-0.32526762340501136
371.7354552150353,-0.030217879797191927
353.0394102891001,-0.10362156390874588
353.0394102891001,0.3682638404577574
353.0394102891001,0.1990504630094847
309.67966144665485,-0.18035821799753649
307.4207643876386,-0.17406386386494432
308.0615421413294,0.057390570740153635
338.09273027863645,0.18824512611342925
365.88322917314326,0.13020011555545352
362.9758543824628,-0.18097747084129878
346.1752228663661,-0.05529278931066983
346.1752228663661,0.681177799037755
357.18828504641937,0.35792724766406536
334.32336462781325,-0.3898753613792678
372.4998952422627,0.18610474710430935
372.4998952422627,0.2391442093344267
356.76053306409506,-0.23646111663595093
366.11315987650886,0.31012265055130683
374.1156596177828,-0.04577510613569302
392.6551956517511,0.5049860724089967
366.1146576923292,-0.41251400555142936
354.6380976643566,0.4405420142962839
391.2909298931279,0.08535232775466284
379.7112152714437,-0.050361990741293994
345.9160852593937,-0.380930729873171
344.48566931504985,-0.024446239937560676
333.5943667066467,0.12339402380825959
336.5277161208678,-0.018338743346816955
328.9666747614499,0.23305211928550307
328.9666747614499,0.13435121859004084
359.0206781859527,0.06853904855245219
338.6539051766434,-0.26124419793268316
386.87147715746585,0.8211639060782545
378.8195075793146,-0.26122328878545886
357.19188502269117,-0.4754379600735774
357.19188502269117,0.2844236891460241
358.6422720736492,-0.09370742534406418
368.88378673340895,0.25082876806027343
394.9188441520128,-0.12470001632345884
382.87163832602175,0.38009352224094073
389.42800304814494,-0.3299145293788115
372.5424266455262,-0.0609200196195161
389.66169878558645,0.4265806964076546
382.2053213272363,-0.2827570661554546
373.62009903120713,-0.19567274183657446
363.06892082203933,0.10123194300308569
350.76532628777005,0.033898535847924904
331.752395618364,-0.39493523215628556
331.752395618364,0.16327809127756154
351.64617890420107,0.47527795452742794
362.735212974079,-0.36097372823803653
336.34957582240685,-0.8227540825703272
336.34957582240685,0.695086450030999
304.879914444287,-0.3475732417449535
320.6277335681011,0.019749431533114148
334.53631217139014,0.33731649260221275
338.6325383128356,0.13455769711072207
362.19487405536205,0.468881100501676
368.4487147797676,-0.012108061469689346
366.4847799092769,0.07534434935814716
343.2444293944145,-0.4531884251834981
357.90486038513797,0.13045641286612408
357.90486038513797,0.22116300795994448
386.1844779039756,0.5429256786449059
373.22310522618653,-0.06691984127394335
364.7388965033532,-0.5900978024403685
385.36466473017947,-0.00437269905728499
365.40116485983833,0.07684811331910169
353.3497674999128,-0.06191744766533702
350.7910892386693,-0.15948330097262442
333.74011068696774,0.2512188348568998
331.61302084682313,0.036781250083095074
315.32025656660585,-0.3329863708263474
320.6028434304711,0.24711076238929763
329.86043540535553,0.12281685349762483
322.2802447270712,-0.386910688395119
329.0720764292857,-0.24996720552303486
318.4761979515121,-0.11201251710326687
318.4761979515121,0.9410885310442154
337.1236334091129,0.4883628722400317
331.56986355500874,-0.21523927543557875
352.39515688480446,0.005264439608026805
320.09425892717115,-0.04171806414888124
330.49583304272477,-0.18594141433845834
375.37757851266855,0.44185634168752586
399.5360180393667,0.3610248549999824
337.73071388045713,-0.9496473192883741
357.6423631029897,0.1570304098759152
357.6423631029897,0.5326802648108924
365.53843404550383,0.025042685841071943
363.3688024843935,0.395649343502555
369.4283752372285,-0.2713114928341156
345.82952258338406,0.07586999784075488
339.6274323938206,-0.12166161109507811
365.40811966405664,0.3602163025620939
364.6807807736884,-0.2504274265997992
366.9951633483174,0.2809156687275163
343.7919346102191,-0.34118771852649843
371.9908718753484,0.07522956737886943
373.7892728531959,-0.05982705282326606
360.48587310109406,-0.07574219487901246
361.019470385494,0.16184820943453815
379.1389208691784,-0.26109920065823644
408.3626458692073,0.30210803660224883
383.3879464281852,-0.2531838043925063
394.4098279780372,0.19075808260754457
357.4806744641645,-0.4120492834806555
339.67482819837016,-0.4499888074755063
339.67482819837016,0.21050356969533368
354.494614367212,0.05902460391735076
374.5984952594198,0.5061285569881875
377.81636812991246,0.2504508437187951
361.23636908103356,-0.08312220316940966
368.56432085154233,0.17692974567785313
363.0265462228528,0.10427927600255771
397.893041937541,0.40496579586408643
367.9374020603388,-0.09789002426009574
375.3050314544076,-0.21961207258584636
394.69696447854596,-0.11127216321892774
397.27784431822346,0.03699127836125626
376.22445268585074,-0.19212584922229325
363.52503893715453,-0.20188293414958025
361.0336896056083,0.02262169735695352
355.981582154035,-0.35113196949316716
355.981582154035,0.5926057860016272
385.8419754764192,0.22821695728612212
331.99302926734345,-0.3744571002853263
331.99302926734345,0.24435448901976997
366.55330664066537,0.2177821604550445
364.0236913780601,-0.03488677565053422
340.75306771832686,-0.40101578561257156
336.6581709750497,-0.17834870045987827
351.96196357409013,0.8503468527974292
381.81645414826994,0.22325170581711973
396.3565798535684,-0.42984784137490806
394.2913175296262,0.5311395188124379
337.54694452435115,-0.9426486142592694
337.9939386676984,-0.06292879223951786
330.29369340215567,-0.06260444500026097
320.2626204241979,-0.10699215192801148
324.76460296064135,-0.08415894062591178
324.76460296064135,0.9369795952587765
314.13426563155116,-0.3377414867280777
362.7730793621265,0.3295064770011322
367.48517051341173,0.028431137185521038
385.5630615941519,0.3393592239330019
385.5630615941519,0.08259366446111471
364.0149640595002,-0.3912366768196307
361.2289317114106,-0.3166633337473286
345.2653324366156,0.3836070815002586
350.8602886903329,-0.05801435715579828
347.0613727316652,0.147386479288798
346.6406087196588,0.03194261010401078
352.4592721592542,0.31366883651435273
334.68198798518927,-0.4248933509112476
334.68198798518927,0.5759666293510008
334.68198798518927,0.5299987951476623
334.68198798518927,0.23998431474126392
362.75614615587455,0.058428651490203265
379.26324562570574,0.10951990190267225
358.7113441444415,-0.17863416646980568
342.6031141166336,0.013248603425267902
353.98960222295227,0.35074957108690796
353.98960222295227,0.12225880605092243
366.85024551342957,0.15933792708653982
369.1382960631803,-0.0804694917925417
365.2878215177951,0.10520717655754197
387.6194500170235,0.11500099492559457
395.15273903255223,0.01563226244491034
367.5773934651072,-0.6557853893486936
367.5773934651072,0.06646185636031987
380.08841831648294,0.5072481155608557
352.8716387705889,-0.6204021215670537
370.4430213308029,0.44532329700541595
349.4955176602791,0.32301427008292194
337.2649777944132,-0.7095784713905005
311.24696686355435,-0.3835322277325304
311.24696686355435,0.28660973871842543
331.10931593149337,0.29298020850410467
320.08484998250344,-0.1614693310310713
326.77322960732016,0.026692450302221005
347.3563760223368,0.28835056662228453
339.88186153007626,-0.04168841440662163
339.88186153007626,0.6146968875405037
339.5389561644478,0.2576204323795537
336.7783794736898,-0.3830589121699859
336.7783794736898,0.21732192166291497
353.8739420110953,0.24854644429069594
373.24396033003916,0.3394938918374919
344.5977230304624,-0.555006809059023
344.5977230304624,0.5898186977092337
344.5977230304624,0.5702641529891253
332.25787294171795,-0.06858583462224033
339.558589913167,-0.154889585140495
357.1072954077456,0.47320043001320755
336.19457768439406,-0.13954291302707134
336.19737279340023,0.1510053209885882
326.4060170686053,-0.013297682603820249
361.6911253897886,0.6780217413476066
367.196528600996,-0.0011749659445285943
372.75008591780363,0.17881681873564048
386.48111419108176,-0.023709935214810685
370.46638300572687,-0.21456297655367962
330.02883581041857,-0.3384645273795286
323.8502924824352,0.12796720183314392
346.05659575633956,0.10187818438794238
335.2086451193506,-0.18885732418573298
343.210645814556,0.23918166961823317
377.3799530473552,0.6188012330483161
374.0378265280896,-0.0800109211253357
373.0578101430532,0.11806135823007935
370.5916247334683,-0.1982659256372017
379.53715967254055,0.13030345891991146
397.8173130472238,0.4182235800186618
379.2541567973856,-0.33989159918144196
371.58826228797574,0.09869133858830992
370.68519204559647,-0.15930907112169734
370.27183758394006,-0.19767178609799885
347.3488356265881,-0.16442900731271948
338.0789200626779,0.13329756431494388
323.85946688090695,-0.47228970556398053
332.957573830878,0.08084602307803834
323.5021719011701,-0.5978762285537869
323.5021719011701,0.5898374186537012
341.3439017955667,0.008972427890853396
337.4077050467171,-0.0036309911475882473
358.7754964900564,0.3564905185968428
358.7754964900564,0.3398932527513807
376.37126186499694,0.6796591829649969
376.37126186499694,0.30509117360088567
362.97755192083633,-0.303629549111065
362.97755192083633,0.20007533737361882
379.6834905713844,0.3402782826319708
362.81184375812603,-0.34017312524508725
344.28396880691207,-0.1526768232571385
366.94663541910074,0.28256889537374263
364.23900480980836,-0.07044217629538707
364.23900480980836,0.29954040763050216
357.26336569859905,-0.32311747724577344
368.20879527765464,0.45920560355398266
369.67552634606295,-0.25562199838657307
355.03764337512234,-0.025038674209326928
351.1120916110117,-0.0005876139890688137
360.84882659948005,0.1669765214578547
366.96063869768284,0.022277871232972757
364.9563697317194,0.07260695705690523
360.1653847922733,0.10972144252559701
359.8673908281812,-0.04405108548598946
372.2449472468632,-0.23104941067003892
366.2091399312782,-0.044012292619868276
368.9809704051569,0.13179747542221776
340.60991606053574,-0.22358345556688164
324.84044303066213,-0.2886666930951378
350.2800405324731,0.3409856778256426
341.2864851882093,-0.01566412596594091
350.5916919364604,-0.03800705911271507
349.0379766362657,-0.2366236427428703
332.86224994498053,-0.2287626886078442
338.24900046921437,0.0636732121258774
330.91396723101457,-0.009671318778259774
370.3536104332663,0.3408003167588731
358.2612239075295,-0.04484761908975088
386.9532776705077,0.6106280779424651
386.9532776705077,0.2827683806126515
381.9383371047454,-0.2869006667274334
355.53274044854714,-0.26554215321857555
335.00339421450474,-0.08709039740017488
341.6391147064491,-0.07693700629999967
341.6391147064491,0.21012233731221386
362.24716663975255,0.18790235966912405
356.22309557014415,-0.23446605585991165
363.52468550408304,0.22515242454642248
368.9917079556854,0.17257348016255492
369.765349738682,0.012691987570747187
336.06657900944407,-0.630786231339016
361.22709127281337,0.615741271164552
357.57166103123166,-0.7039102458782054
357.57166103123166,0.1050035577586641
377.06219698888,0.23855776702339426
377.06219698888,0.3748126295391785
387.0349750198246,0.48169206237560047
390.87075037902815,-0.164885491362611
390.1493597795121,-0.1872690392391405
374.2419553911525,-0.03665257226157337
333.29127651698974,-0.6725416152651178
363.64636205998244,0.10396481979944383
364.6402814014876,0.24995748171636478
346.68570788087794,0.0992209064202143
326.73739051073716,-0.06873868186914933
326.73739051073716,0.7369167320246106
342.9797248333404,0.17882431894054207
342.24601626499725,0.07491117381630374
326.2640254788844,-0.16401819429609077
350.6814867564063,0.5796107731889606
346.3079253305717,-0.4265306701474856
369.5027503327848,0.32806731288803803
333.12443161106796,-0.4489740459400764
350.69551155627505,0.2177212429547808
348.49386910835676,-0.270248703413813
348.49386910835676,0.774177769762673
352.42260710328867,0.38144015313980617
352.42260710328867,0.5265434927950992
349.90688666361683,-0.0801864806744561
349.50199167584645,0.15210951283984286
349.50199167584645,0.18433845120284786
349.50199167584645,0.614793996217827
348.2820157791928,0.13684100622981532
385.95327517541574,0.6850666172585989
367.78673093843764,-0.23322760397275033
362.99816407393087,-0.07609462016921498
335.18921156422687,-0.21263524339667583
320.2432051785452,-0.5559340905048202
320.2432051785452,0.7669813178985123
356.58589348756516,0.532757309661406
356.58589348756516,0.2407999855529397
330.4883567657493,-0.20445208792011726
328.93580674180873,0.0940341898576662
374.1720479762501,0.2661875786542396
374.1720479762501,0.32688346830991577
374.1720479762501,0.4278629310549604
374.1720479762501,0.4061039480911859
333.1934305531497,-0.4771958718222322
337.724857120303,0.1650062881803933
352.6888113722229,0.0063518696982782785
326.29526249838517,-0.08636046150013499
343.1617148315517,0.040191269500837734
318.5967020312882,0.12095163565061284
341.42914707407056,0.1419346608553269
347.7216567881932,0.11498172772689941
347.65441494807305,-0.03358668826592748
335.7900735155177,0.05747041765266658
324.1032256994401,-0.20035541169556836
323.83470322323285,-0.0777785579432475
333.35011918697774,0.08237004358761624
330.2946623723133,-0.06460008488568292
347.0275034591982,0.5124133943700144
365.1789486526404,0.07297962761276722
360.67426237821235,-0.08752918230209161
382.5093433157707,0.10473305558321044
361.484946973847,0.09358209642857673
302.30200579810554,-0.8829686503150924
336.99921001874293,0.5334458941210869
349.0009772822551,0.058698441067917884
358.5315693911294,-0.30410279025466025
346.28570788160977,0.030099721723445327
320.8355857893993,-0.2445795766509491
362.2365703866604,0.2639292591222784
349.60893799839454,0.31764603722569973
348.9991492607891,-0.1893096651929227
358.69860270017796,0.3297751557324773
330.5134752831703,-0.43343131040273875
373.44443654755315,0.1339161022585813
373.44443654755315,0.39707492847423964
381.27498186985247,0.18881445076465297
386.4648847782993,0.18869554315108417
366.5428326684727,-0.4586158665304083
351.53290421478624,-0.1980828362286502
372.4531820485116,0.30711382935487563
357.95988131708776,-0.021178084071948433
342.05797388650456,-0.35611037969795234
342.05797388650456,0.1672002245963995
368.5944450243205,0.24033478447574907
363.6361929470018,-0.00034475755285257037
357.8688426309073,0.07936754525962897
352.36896584253276,-0.05144914598849937
347.6100185140623,-0.10267360039335927
384.14727887728293,0.22332648500719188
367.95161009912215,-0.22582365287132689
386.88768141715707,0.21414609327712242
373.0695519953715,0.0378316447834095
367.47200313706514,0.11974938082460085
371.498932325655,-0.06533136942698548
360.74245078766245,-0.2456785555366423
361.04528643308936,0.10702117471817019
358.5235218499043,-0.09599913578665564
379.34467801038056,-0.0037790055653204035
347.9185880884754,0.08984730991755896
353.72498113615353,-0.04159911522299353
359.969200233754,0.2736558878307278
380.3993045050405,-0.05859744934991795
370.23490738187087,-0.07965819562332399
384.2701725827372,0.21198827720218105
377.08862366783325,-0.30901486525203836
400.73854357533384,0.08969475711853647
386.18823361709855,-0.10076491631116369
385.21763396638653,-0.0928365265716593
356.76485948394037,-0.3798389466575145
383.8523564057935,0.38138147126278454
386.7768986984398,-0.23477196775229459
359.84704140223295,-0.27863425786529206
369.1379745466384,0.1934901656746888
369.1379745466384,0.3435545943539182
382.8359701239134,0.23087437773995134
372.22999888923823,-0.45998078338629966
362.09707145526784,0.1673762358680051
336.78582104640236,-0.5846382689079519
344.2537746584466,0.17427873724761866
339.20308576157674,0.1824781270229323
373.0930339762182,0.25716002930016657
353.0730058268933,-0.07679595192769284
336.539229224582,-0.35994004178462546
372.93402324295727,0.5000001565381353
354.5384072673943,-0.4915789124285084
342.72612396585293,-0.3119687584065787
330.41071245325526,-0.2894915547427672
341.3332021391958,-0.042564223548083646
341.3332021391958,0.41330630769436993
361.80691012966156,0.3805946655669459
316.43996860951427,-0.9430370779250552
340.64372349263704,0.25509503939247224
307.04643371511634,-0.33248847648224
335.42781143547285,0.37702849029108165
348.6275781517426,0.4538766404909893
336.7786192088127,-0.419363918699446
340.1785308211941,0.41942713299454226
324.3575033223682,-0.4442977195446929
324.3575033223682,0.4217735827961633
348.5262493725896,0.4315121503402679
375.29672816351757,0.3580683561785918
371.9134281486535,0.21160960219845037
366.66911317363133,-0.4148483235687763
360.83722627878404,-0.07573406463700394
328.72788582042483,-0.44977775451877733
323.16038979004617,-0.057811616495200724
310.8150978874007,0.18562132162719536
331.07696533129916,0.13585149069194813
323.12904696072127,-0.2231981216486929
327.83168104273165,0.12548125600756066
314.4844816237577,0.007460689393383291
321.5775733002484,0.2871888402875129
333.7586371893178,-0.15728918729632824
326.33730997680675,-0.15822058018875396
339.35497405739005,0.36269874757590514
366.9780037800523,0.20090560510050182
346.02470079346494,-0.35148423307646226
342.6296518513004,-0.28563805096951
336.91995027622636,-0.16899707540937925
362.49413803659536,0.17117657904316275
348.7002308156151,-0.2062096266589606
344.7309688944994,0.13556118853693988
364.2500949277676,0.09363390546002393
370.54981769678227,-0.16611493052539572
332.660407985475,-0.072989895923115
315.353179251944,-0.48884015259977787
315.353179251944,0.6172153794702808
315.353179251944,0.5807600154894317
321.77675366939667,0.04079263718722359
341.585856408597,0.28040628712972193
341.585856408597,0.5856190247666291
332.01968927453595,-0.11038583965932958
354.89040052203393,0.6102360979388095
359.03622726067937,0.025761577610978748
372.11448635444395,0.2998992718030422
344.23455134539824,-0.6376825637617003
344.23455134539824,0.13834994629098674
344.23455134539824,0.2035627704107128
337.55403168757687,0.12365328098201189
352.92432066497133,0.35668587665054474
387.84131347228833,0.04424364043620699
379.72705727392236,-0.03134017351669627
362.34831218460744,-0.14813246396499835
343.51612197796527,-0.2650546642678364
366.03275563167614,0.2509994742802064
346.2155782897916,-0.40751255926784324
341.87124038150716,0.06726195091687259
341.70558379284176,0.154928976940937
341.70558379284176,0.6292303051237695
359.7599364537678,0.0030776140929447138
348.40413047702907,-0.17956548273843964
354.9490900599047,0.06421793764275208
374.65638549081814,0.5064447967405385
362.09463526872423,0.07739813111993499
371.76004442127663,0.09860590251150825
365.3258869009694,-0.041754941167369
364.45128824863406,0.17172846859034507
354.6728457313281,-0.18639523315005135
327.7077214395596,-0.5737984397710534
339.6066271159806,0.3873182429085773
334.90921971302635,0.0537683827346882
344.2578925876627,0.007247169717970792
358.55463973868603,-0.09370173601030274
386.69777427608204,0.4176581826236543
379.20495674622157,-0.08001138721999723
374.8869505777036,-0.19163840426290335
320.59958923088095,-0.2959435733279179
319.0875450387047,0.017467166359779185
319.0875450387047,0.4396233814854895
319.59607930341383,0.14202150378025635
353.74577504699727,0.5983417681128458
363.34718981851387,0.23712009314112947
348.8898072709907,-0.4100772318753343
367.85636814767787,0.6320698560124356
386.23622651052426,0.21206704182122849
384.04895863832246,-0.05278364836385663
405.6875874746126,-0.14538752400960675
405.6875874746126,0.10540379244980613
400.2763024317288,0.15790829955778918
357.5729984159183,-0.7409110292155674
338.80061012177816,-0.00046447098759472283
380.21672441338177,0.5027173247348173
337.1995433334691,-0.4217664579225584
358.9958097171685,0.49168768928393547
368.93613460650005,0.34229964142230074
357.9738772956135,-0.2043422340991583
349.8133082254004,-0.15901392015382498
360.3460386771806,0.3153512266378584
347.73818462586513,-0.23304651068201565
353.2059685781284,0.34824835696463197
370.2942422584887,-0.13108405531363587
336.4282582712411,-0.3797391591285759
342.9762253960873,-0.09689537851033947
352.5263260477638,0.20712014823516256
344.59150670278615,0.11418139611521383
339.8161080942586,-0.0778882497925224
349.09548969925225,-0.027912302144613932
344.5891351004317,-0.1760660720491387
380.3451318091033,0.4273013594072381
366.53934946013754,-0.04541691378494761
345.85341516461244,-0.21212638535996575
360.3848942173097,0.4388646128184064
333.127038508535,-0.6635793104544518
348.1039829599807,0.4166219078689437
334.7707627541636,-0.03760452126061864
324.7705442190797,-0.14291680638280013
310.8375428120883,0.054563223864988686
317.87229956092193,0.32732547803868783
325.0980379243621,-0.05897236433031594
329.85342409145295,-0.5282037028640616
329.85342409145295,0.6740060980927183
338.4170155422282,0.29942948360871924
347.8558924354785,0.2990995825863365
347.8558924354785,0.3345885817367389
359.5819318223476,0.23557464384361992
347.3894168757979,-0.29060229077447275
348.35321577634886,0.05625351828177827
342.3986449037582,0.05749981283759098
316.0554520442538,-0.9594671861581219
335.67095182630123,0.3140103333423667
327.0712085525999,-0.12517080213876852
339.8900178299083,0.20347879787686907
330.8790411450747,0.03143090246067004
332.0817593262242,-0.3358100347902564
341.6721519695537,0.6023266311949556
313.9679030427215,-0.7065896154874736
313.9679030427215,0.21680099019215504
334.8536110974347,0.3195803992064157
327.6895989446751,-0.20198147390078702
315.84837043768863,-0.18945988484142617
333.8850105032634,0.44140266234717274
325.5760717034567,-0.5818418353619563
323.3649515400683,-0.015636852678085233
333.31374411484023,0.4765335540043907
341.0245462625425,-0.09552474212773632
356.8934228346599,0.6471528544877856
399.7626872019767,0.0885652050178578
388.6719773431535,-0.056490950659963346
369.73364564555663,-0.1520244757175533
383.3505271482347,-0.01851033596290108
368.5459245894936,-0.4249404098784453
362.9858219752213,-0.188544556824354
360.15937126226856,-0.06466962106412666
369.467312806329,0.579202940198229
375.9646684304052,0.30834850411793013
372.88663606571964,-0.10204693200876136
375.01787491362643,-0.3228551818112919
361.5769366540725,-0.18386489559361507
319.2098237688922,-0.5673643488187281
324.54455368492813,0.2951005318909665
330.1369289595017,-0.14826556752018405
318.0927360930676,-0.2850742577895744
335.8567845300822,0.6530298250653459
334.1462500083559,-0.2463574767278942
325.0523960975832,-0.025855179608925027
355.63217291412485,0.2945435302358419
341.3523827304281,0.08840362010062108
353.0311444187282,-0.008630204640667216
342.74156862376276,-0.2408420132264837
356.5295695046686,0.21118851137339334
372.27643161735233,-0.21503888568315688
391.5129072521963,0.015324449129821005
352.0981590159658,-0.47506567541847744
352.0981590159658,0.15552929593866338
371.8140891594018,0.559473328514855
336.98329832959473,-0.49635855173210075
353.08301348463266,0.05835781306768695
318.1517395042794,-0.18267526536089917
318.1517395042794,0.3161226264217021
333.63120451378455,0.08645751392293732
321.1674491744433,0.06473678978522912
361.17544633187975,0.3082735933630829
332.62301944086204,-0.14524586133916273
329.33425367716103,0.03491059600162316
313.92033614799186,-0.3750073129866678
332.80795582485155,0.5891845856200462
338.9205191378943,-0.08958459184509593
321.3410693524149,-0.23136627438896085
352.93853312293106,0.617637971875638
346.8470809590517,-0.06056563703236861
326.14114002825056,-0.07984425759150326
336.90617526326633,0.22770965477820937
336.90617526326633,0.4769571836354771
346.54135523257025,-0.026290014839787545
346.54135523257025,0.19956178538132008
346.54135523257025,0.6537379649432751
346.54135523257025,0.3019034569797441
343.6699306887664,0.0719276803484945
332.91931416770166,0.2723727632860573
318.31874620543465,-0.3316355753739799
316.9570978049413,-0.198533136257538
300.8217156531356,0.0005863448695890838
327.08278170912956,0.29617010860499704
345.65249921296663,0.08229227887056823
330.4244539691881,0.08889667881715013
335.4806388630052,0.1849417624804346
339.55868402497515,-0.03530731971272871
339.660234144163,0.1610658235098299
374.5023885036864,0.36004568380690216
378.56138358373187,-0.27973332408396345
345.2016100208433,-0.4317668856067485
364.32056749696414,-0.09587075077320151
351.51555862289365,-0.1007908696146842
343.96843052010763,0.21643528171011894
328.04370256762485,-0.2125356799219844
328.8496356810903,-0.15034300096567677
316.71371210317403,-0.1622131836988956
325.2194240771778,0.08662482704403374
350.2081865523609,0.43693498544598697
350.2081865523609,0.33163942830265114
374.30036723480214,0.3276453586556727
357.0089854740062,-0.23999188518132542
346.39700003102917,-0.06557660782459607
366.4737199709199,0.3022569321632318
363.27956597365903,-0.10922190721657898
354.72826458784385,-0.04093383483609614
366.2398181781672,0.17580040437985645
368.6339726366419,0.020188007457591084
378.49632935551585,-0.14087937995850552
382.69558516793643,0.1594127077705707
349.3445948586389,0.13365258305407224
327.64554312719116,-0.5654450641366111
340.5440781955871,0.32336480608842066
296.87513769760477,-0.630727224966904
334.4835518776182,0.289913179793416
350.70073105480384,0.31743783368699496
336.03866548103946,-0.018161257348992876
336.03866548103946,0.37103620978723484
342.96976790934696,0.27534433693426763
346.1873291854996,-0.07769454666595266
346.1873291854996,0.28378659669022
347.6910358219581,-0.3099736490610212
366.4831579175015,0.28726335837404804
402.4374103175917,0.686035110837679
377.0288118321285,-0.10901126027385999
377.143783113674,0.022743059783920216
366.227610838483,-0.11040192355847012
378.89919279006426,-0.039964594489447336
315.54300943472407,-0.21147760467090393
315.54300943472407,0.3219798084885497
349.6644308904445,0.046428097792386325
335.6044996395281,0.10776170949077368
340.0417202807202,-0.226821576520706
353.1064872652496,0.3052789055358289
350.2329795815616,-0.05238647584701539
350.2329795815616,0.6251736755177717
350.2329795815616,0.9036311812087661
376.9027743589666,0.1943728315802673
376.9027743589666,0.45674942891173487
352.61195201089555,-0.1738763630048652
361.06742101883316,0.24167545344471364
350.14775320659703,-0.0037916997174534117
359.8803872473941,0.007598154236347909
354.0637248066191,-0.08578577960872735
358.0463376742515,-0.026879877453666268
333.1878775006466,-0.13367060804466746
349.7328306227973,0.17458153586721892
338.93894958543535,0.038350434494304864
329.78189392242797,-0.23776952157618325
329.78189392242797,0.558989805421902
349.3643764396663,0.692033106861345
333.1675473945666,-0.7951664766742397
303.35144609950004,-0.30956625027374685
284.5020061099165,-0.12772819279825853
335.48109848384377,0.5045542294811867
335.8843746828784,0.03461134447900349
346.9900126863332,0.08008379265777421
346.9900126863332,0.16104963890154522
362.94867935267814,0.11037061431579787
347.82190746907065,-0.13937539685696265
325.462103418613,0.013299880720978763
325.462103418613,0.5843036327543132
305.07931066255964,0.03159114767322535
312.1472521393261,0.12164002376641747
344.56106748282144,0.568147335799722
346.8349204046698,0.07500874386948908
342.45019392249117,0.026438602219513996
362.3564756547095,0.28364985962718947
337.3508450010318,-0.7116557551919414
372.5403360601406,0.4501768304365896
367.91397414228413,-0.050375923029150727
346.94720089290826,-0.3264696150220061
349.83782959883615,0.16038563440486087
329.4164812269812,-0.19718148758420284
348.1266545874466,-0.0702013223655058
348.1266545874466,0.3455773136854532
331.51731253329626,-0.28527724440834845
331.8644222796296,0.13627874356393477
339.046603910421,0.07790735653975389
383.20525784539836,0.44997576973344167
388.84641470655316,0.17698190891508148
345.0255696486046,-0.6996758230313844
312.1541202239715,-0.3001132295287334
312.1541202239715,0.1464219016735342
338.6562049833518,0.31799860256671764
341.06006293863163,-0.22988163075160628
373.2656217503812,0.6943874329090249
338.7645319838686,-0.36509965208801987
353.69483692294415,0.42264029612022114
385.2765052512582,0.3469468063092336
381.1494547230152,0.021043714221150367
340.8971428477124,-0.27574509822932214
312.21499376271936,-0.5710534103744749
312.21499376271936,0.466009229421843
312.21499376271936,0.6839868188493483
318.5442157669224,0.19973114540448478
351.1934338773939,0.4080836747637022
357.64141082012503,-0.03640074706027008
336.7935052397776,-0.31009291744226175
332.79528558830674,0.13327761277332684
354.06808312101293,0.09562084981405405
344.2059223436414,-0.21684589258813958
310.3545401847045,-0.14947290861368856
310.3545401847045,0.49945266524650833
338.15664070443046,0.06851076716384341
336.85564626838953,0.24517991675281792
339.27645910460495,0.021730775336209263
335.52753106880476,-0.08379204113271044
329.8305162096192,0.22704988027419404
382.99180685237394,0.3835909913774458
347.02694107697835,-0.35507989252766947
323.42969174873485,-0.608388324433804
317.05925301181014,0.24451347172919213
333.1244173266484,0.2843560647123695
346.89615791605405,0.17026543928977844
363.36859860515875,-0.041940422396010035
330.2649347778219,-0.0022558156991863143
325.22572029254206,-0.16256634997864694
325.22572029254206,0.42181457143738044
299.19775556428124,-0.4442811123163892
339.5355016699032,1.0220062336431965
353.3173404630766,-0.306078883315422
353.3173404630766,0.15927866764513965
354.33282307616946,0.17462182179076535
317.69958764873314,-0.6210192294357739
324.7448055402117,0.24226450941137045
323.60366810120803,-0.09336580539934403
306.2074210420267,-0.19792004577652733
318.11577699723233,0.08530337101990426
306.8455324920597,-0.09083271004806193
329.61763598956117,0.35994813079685173
334.14322671847304,0.05431291537843208
303.6755899429541,-0.16024386501999288
303.6755899429541,0.049947432870226294
328.20612638891413,0.30635992039628945
323.5733067528081,-0.2598184630516016
296.7215490061289,-0.29602274210685664
296.7215490061289,0.691687816311628
309.5868718408579,0.21012490066038936
333.55846495081545,0.3773996480997539
325.9695005670598,-0.40184178151446304
325.85618950639633,-0.11345550493911105
325.85618950639633,0.08063437629584769
353.56700288303284,0.6311220030756886
364.36366705644025,-0.2085043699905782
364.36366705644025,0.3174467182674334
347.372981858222,0.06679764299610724
359.63052577579975,0.023734025084650057
354.37195409695823,0.26100625094659335
359.7437482985124,0.06997754770543452
350.2033963988607,-0.2685238992179393
363.15990028432066,0.08517284227320943
374.9687324153712,0.105347445593452
355.3941356611833,-0.3894364913564914
344.4371868856355,0.04349513047236542
330.18532551250195,-0.03374647280293175
330.18532551250195,0.07719458934093382
348.34938796478605,0.35077148885488896
368.94919743677406,-0.11528375696343574
358.562096216713,0.12728378251802042
356.4342085047707,-0.46816223554117187
362.2732639933852,-0.19572200179925403
342.39995057858926,-0.15118158837287865
344.74796420175784,0.23950040376507786
347.25722848177696,0.022904533664359406
360.23318293471095,0.14278743351394496
354.85911200855753,-0.28702588935800577
333.7639786710031,-0.2591400697657491
384.36679109940775,0.23327531144343538
387.6764294539287,0.565541808746957
374.6149966900642,-0.23256153369220556
356.65762958701794,-0.38947729333563075
356.65762958701794,0.136265181726003
356.65762958701794,0.2962057556636637
370.6615093769507,0.4785181311733595
369.0691103846484,-0.2771767682685322
360.7770922079621,-0.4736740411617575
360.7770922079621,0.5508301284237405
355.34330027759603,0.201921177734107
322.07565406824676,-0.49617344902344485
322.07565406824676,0.5106117808811632
353.1524406944177,0.4125221170686473
351.5668410615813,-0.2867914674727672
373.39907181174556,0.42777553264875223
356.51001952821946,-0.2085842249905454
373.41342681826495,0.1131262324574891
355.39727766292975,-0.17313505368622373
330.11058845559586,-0.4241626407399508
342.3358389495671,0.16004605794387317
325.9429441688136,0.19059851475878986
347.8842227538916,0.18783981158890128
324.61462969225136,-0.45143638158435806
332.0062151623432,0.11066544446487114
352.0921542311418,0.25606594874614075
372.50662209644526,-0.04516788605860711
386.85400885812425,-0.1406665090350998
372.2190897979904,0.04297528155473174
366.88581427718464,-0.20374987716422766
339.0353447932258,-0.25715366577571785
316.6486664327784,-0.3105819583217908
335.7535840964679,0.10134086306550216
317.23420216680285,-0.18018805823385264
334.49922692033147,-0.2768081093057617
357.1535423887978,0.16837340934296208
354.83457822008756,0.12036066749737984
335.3234090272403,-0.05485465342064799
340.6078285148349,0.001257632932265551
338.3986973610371,-0.18546535626785499
350.09201939944677,0.14067893896685746
355.24897422326137,0.2161904739629108
399.8572614932165,0.3794353248886182
384.4646844632602,-0.22442815098656865
359.9762715233204,-0.3322488282469749
360.4348985018996,-0.15628286636706434
368.7632044980251,0.12954870193811985
358.28366986766804,0.2768845562172828
361.4415730337475,0.3048878315582897
328.92784018057785,-0.15805490199181804
332.0639882919088,0.06286515745125598
326.22913352624323,0.2960536404038976
360.93904365929967,0.42543679221557795
362.3961621850161,0.0639995630622252
372.728990935676,0.21390927816173644
324.75634435556344,-0.34428954672057444
348.59637481381384,0.2627002807410008
348.4062220007151,-0.06698237999694356
325.49632305348695,-0.6134859754844229
336.7930294470032,0.0012738600360080454
327.84375421604284,-0.3490532440522429
327.84375421604284,0.1367901429111953
365.83472733917984,0.2948228106819215
332.21915552676234,-0.16041485792766252
332.11549880352715,-0.009063862961966151
329.94050010814294,-0.0649742209714077
351.73908860965923,0.36235585115355207
331.54224777025786,-0.14644450120317742
338.0858240492056,-0.003819904971123833
340.75813511052013,-0.11193255071736985
328.37729614936285,-0.0022152494710780957
321.4190569151635,-0.20200329925751248
328.6133814677771,0.4586381316105417
318.3997213575257,0.004511688057277752
318.3997213575257,0.5471136380967891
354.85147076352445,0.2104181249605972
332.63383647862315,-0.11997739070113767
319.5925049122196,-0.3996110937513322
323.45592935103485,0.38837186502109944
342.816162610806,-0.051562901569695896
333.06683211267364,-0.13994923978896168
335.76917967794964,-0.08632335487175169
343.6425236344766,-0.05675877801604656
342.16280427154834,-0.07343918679498529
349.7957825513988,-0.024900403622723388
368.3897789129951,0.1925457838821103
345.09872976639616,-0.3400914303138052
345.09872976639616,0.17238484856068226
332.0742903966358,-0.040008753787560636
340.660209385634,-0.02097982673990373
394.38729993702583,0.5420000193098531
320.95259891902515,-0.46505794035772396
340.76797077852325,0.15112124879817657
329.93598531457377,-0.0409994239404341
329.93598531457377,0.41268857493707856
333.9714497885863,-0.010063235920597435
316.1254594330723,-0.2948289305702474
334.7402770308679,0.3416112780886351
331.6186958521971,-0.4154369160501119
322.4316903784215,0.14135159858972202
329.9852117824012,-0.2561001222302366
373.8767166926371,0.4753486975979513
362.6412245282536,0.12499190982259734
362.7321276694354,-0.14434000076937537
345.15790958540646,-0.572557557391633
351.79051352528273,0.06021127973622242
354.41049387711934,0.15078643952165294
359.9076356128863,0.2048611798593356
322.90497440915317,-0.4884844055732174
330.65419663518486,-0.10945593575456769
345.7057001215728,0.025769738453391255
345.7057001215728,0.6255400052064033
345.7057001215728,0.14625617793160473
361.3508912739372,0.03554126766778154
368.6429108813546,0.3106060744948991
356.68829797879334,-0.18444749949651396
353.3437445908501,-0.6090716532161196
344.7577377295308,-0.17306758215534046
344.7577377295308,0.5158622283370278
325.4425196465342,-0.11413515372464644
347.7841064606007,0.38788117485296425
376.4360793865083,0.17350654360564022
381.79270346569393,0.20038277173807728
367.03513666098803,0.29938934457550204
345.24770843979127,-0.4804103379354956
301.9279552376439,-0.2849523746912155
322.7614048288548,-0.044305124492325376
335.982082738719,0.1662006704543728
357.77006366586295,0.28345185674891127
373.78317050741083,-0.37193022790484065
358.0770473009717,0.2066007351420467
366.499362977416,0.3148366288971829
366.499362977416,0.773229443087871
359.952643963289,-0.12049486724936287
366.04360061831125,-0.28351557689200035
334.56524722955294,-0.29571564622983715
334.56524722955294,0.6313137895858745
335.00947765257615,-0.09058055723482994
350.8947229355653,0.28619262424138014
349.66091712162824,-0.09373600087360501
351.753821511361,0.11337683288218159
364.603323400022,-0.20328232883275632
350.6839199736899,-0.0197621819181677
374.30646254844794,0.17662337415674756
343.3135542706057,-0.35868701160677574
350.5257845701812,0.23570537610567044
332.91609639683463,-0.5555029891936556
316.2477568194291,-0.4075528127651751
316.2477568194291,0.7640574995482439
316.2477568194291,0.4887176555776023
349.4928545079042,0.25747209814994676
349.4928545079042,0.37311024730195186
349.4928545079042,0.6589239757306586
390.0010390263399,0.8761348291111517
351.76460909074063,-0.7803677185052038
338.71322664070595,-0.275311178408856
380.86643867177384,0.6769112073752694
362.50604128502397,-0.5439165541155262
359.4641793391578,0.08044675318046757
351.979355980467,-0.31359926929451376
353.3702327723352,-0.258244148730455
340.1600078164173,-0.05610643248132874
336.48400053911746,0.010624070490052873
357.9766031445489,0.26963853414770256
363.4249807589661,-0.07678926619053072
370.46135648964355,0.21675339307421382
396.5131589148424,0.6095006026207557
361.9352378907302,-0.45959967564135695
364.1429027411753,0.5115867099111711
354.79044540210754,-0.35798328551209124
380.86725063403895,0.491114192474015
378.1172709305136,0.2670453554942469
359.0046842542834,-0.5978756201623128
361.35069222311785,0.4292482333390808
373.69961694100243,-0.15379646702115224
350.14050156408587,-0.21630666352257322
384.266719979464,0.7275851967619928
355.71151755282517,-0.5897941992942606
366.0456804742235,-0.2595838783504405
350.3282069131146,-0.17311150677301157
328.4455778294786,-0.1730226733462814
323.70822572239956,0.05119958680450054
362.49292572047466,0.5224947196160201
360.2523608552954,-0.2509053266229557
371.93838490913686,0.13225945658552973
367.83553204443103,-0.06330820930691061
346.3923635592726,-0.07788377863880669
361.0709383556671,0.26751874125716313
335.5450398783914,-0.6371957102531951
374.10463228308544,0.49238268736053215
336.128935632176,-0.4972250110041614
327.89919100578845,-0.18484915628425824
327.89919100578845,0.37496448125216375
337.4241385685337,0.27542482190597184
338.44035656611896,-0.11726488574390714
359.479878017309,0.1458616658808296
360.2057786813144,-0.13205335070040292
359.2647249213232,-0.12351657988085663
366.8953859058897,0.477601203319864
372.04644777460817,-0.0934902442963903
372.04644777460817,0.46930705513022986
348.72659430146774,-0.477104033866226
341.451014659031,-0.009067781485441628
350.6650334182859,0.19920209126405553
350.6650334182859,0.4612207591680999
368.36832860649014,0.2305681435857423
372.69406974506853,-0.10252326354247998
374.21609035108895,0.034405125617468
344.3452672037697,-0.2690893724543457
337.98600642652985,-0.04153287157532759
336.603557921855,0.30877903253463046
342.94107897060434,-0.000692434284474075
349.6083610618029,-0.1342252852969068
349.6083610618029,0.22757323007374453
364.1644315245262,0.23407391540945355
384.7882681680338,0.13381532844937283
361.91375478330536,-0.5419572572353673
361.91375478330536,0.4372667968489168
333.9370598171386,-0.2253189815114638
331.699426910477,-0.47526688459845445
331.699426910477,0.26828754425457646
341.99779978349744,-0.06414819524889026
347.21978379510546,0.4110569360559566
366.37327371173257,0.047595405767651755
342.98281602913244,-0.11688670778278265
340.84363978842634,0.17003446699141023
363.7492333280141,0.25680662214062977
366.2829683665641,-0.0469049723575381
366.2829683665641,0.2112788509712118
416.604580899521,0.5494740211250928
392.14995661644184,-0.7105730565374415
397.2428678353,0.24328900256989527
377.6764069443299,-0.16884772493915534
376.5533560868041,0.11676609330288557
389.73396734873063,-0.1195423980200303
380.5894337824009,0.06000581851640163
407.69156167864594,0.3701699461753378
389.9961139938045,-0.1841481341286908
394.9510536181146,0.22979963008219784
372.18888443037883,-0.4020815230126118
377.2059249009094,0.08428102681261862
369.7858278167447,-0.22425622525406652
364.16652410894534,0.11572491614151659
328.72938712453197,-0.5172710389542772
328.1980750743119,0.055522895617400536
345.24118121394156,0.02604756063703917
311.6819305705484,-0.28178417992808136
306.93352711288054,0.12300240592333012
310.4466710698908,-0.2485169238486833
310.0314222602164,0.27837013463863514
310.0314222602164,0.28882783364201714
289.85548656396276,-0.2580170936611239
289.85548656396276,0.5308058112444769
317.98169152676826,0.2919731528753573
327.3935222900545,-0.1739192792654194
339.8663984469109,0.2143061693202526
377.8364602129306,-0.009907159865178983
373.39406036084415,-0.22857208950892982
344.03563624579544,-0.5024857611341531
363.2252786237245,0.2100195548053989
361.6942051837126,0.11346790224922643
354.7586617362982,-0.2216208113892435
341.6541533614498,0.03900669944061974
357.2033215599439,-0.17814493634477913
363.7518808602393,0.06869548681390825
359.5142155552135,0.10473888468482073
372.50406035860146,0.3882998999964684
376.21339890979766,-0.05461112389320988
388.8198093115273,-0.18183631410317957
344.43900192392107,-0.6721069908687696
348.4162235861671,0.1466217938132104
357.22939346985856,0.31756540734716054
342.0375926915559,-0.08797034417659688
326.67893108078925,-0.37923496544271984
331.94798494774807,-0.009318951944010223
327.1434113082452,0.02700025572062259
359.1690006672465,0.399276241358848
393.58523093979403,0.24851139295037683
393.58523093979403,0.32945126010031345
366.30330462099744,-0.1506337575069665
383.44483335211163,0.3615909551358527
311.80400716004743,-1.0036918114082027
330.88829410308955,0.11430901005087435
371.02071855642953,0.3698231946511896
340.9476094162854,-0.17822580175413805
312.4664642456618,-0.3083087092423966
310.06848361779896,-0.1472226748326193
320.7747254635798,0.40104456336803196
340.3153833914988,0.2525237905384756
333.72746122164966,-0.21655886451287643
333.72746122164966,0.28678487615286485
336.0426255549644,0.3365627314263975
364.21232455277357,0.28510232383450784
362.84756629943143,-0.319546268443446
352.3214729174808,-0.13986869474820196
362.4548586528632,0.14125003023082172
343.5152308395004,-0.4786185739114899
363.19583212447975,0.19357526696205696
370.9398139531223,0.043222828241368916
345.7681064805405,0.20614968541212875
353.9582408142442,-0.4279344355477406
353.9582408142442,0.26190489374494064
347.817942744077,-0.07139872770403599
336.2940234842696,-0.4532562816785912
367.2939984873443,0.5524927378465918
369.31916422127387,-0.0890653029165378
334.23190183349334,-0.19285659585159465
329.43461819514044,-0.18132028510319742
359.68531124452903,0.5700323960145397
375.04280010973383,-0.39614628810886643
343.9414695902706,-0.07468522204692363
373.19476333249935,0.21360996884288852
361.37922691584527,0.18473798474622072
354.35435234061686,-0.32741666552044535
375.04225937998285,0.22488456554333425
385.64985489842473,-0.06113459913387942
364.6599430470994,-0.3245375646545199
365.4099466293191,0.063113765175558
349.8097921401147,0.23007658712776902
357.1336205463251,-0.14394502307266066
362.7250097497254,0.01803591749944644
340.6099099607881,-0.43356776335679115
355.52114088708765,0.1873433903735986
355.52114088708765,0.08391169513231489
361.96101649135625,-0.2449385048894328
355.30818018766615,-0.2544950983557328
346.8362004945975,-0.07051378520679918
313.7535642442985,-0.3294393169073828
350.2836713658057,0.4412139764663152
365.0037816303607,0.5733925884957216
362.45622918557603,-0.5676990750685036
354.0347634948561,-0.06756528481776058
320.52700559871346,-0.35215459507469404
331.79671029757355,-0.07277026644021589
337.5684008014833,0.10523744593206175
339.7011032223364,-0.12231886543713699
360.63104422565164,0.3821924795589666
337.0458804682722,-0.6779137422183794
316.3253765850327,-0.308500157353933
316.3253765850327,0.4616270033653791
330.3073999247421,0.15013258138924357
351.98307042849024,-0.09054067850070169
309.43426405488094,-0.16835869519854896
317.5565662959853,-0.07777361680132344
322.66869143551236,0.08407416654995359
317.5063042384068,-0.02431008164785453
318.97666933939183,-0.14715907846994014
310.918854696735,-0.19279994162525327
352.53360549036273,0.4382537719453694
370.74241713621154,0.030632233121650643
370.74241713621154,0.5659132538495442
365.0192340814996,0.22898752707556014
371.49598838378586,-0.10130637986890179
380.2613742695392,-0.05886027521455617
384.7798258675333,0.4156782633581315
383.30271783260287,-0.14271311997015346
352.0870270714939,-0.8503660949536425
361.6684936482167,0.6101891209294763
350.16993892819545,-0.05265807032844805
338.1634982923078,0.005907530297918129
338.1634982923078,0.3639568418437875
335.0584166303319,0.2218675180668015
311.87278673252325,-0.3316988673391279
311.87278673252325,0.4914358122559861
359.932397087927,0.7318477940601724
333.15943475571333,-0.3720392649170208
333.15943475571333,0.4981998357058046
347.4098240989437,0.08660102980411466
347.4098240989437,0.37780165363687956
370.29954238880885,0.00885462799715242
355.5575747141028,-0.055340117949640444
344.04412871733524,-0.14677678630619084
353.0525651954753,0.2114597723696079
353.0525651954753,0.8102279068330063
353.0525651954753,0.598992023340088
370.6868328677574,0.19737026244774825
370.6868328677574,0.16904083469523812
353.4468483931246,-0.09443488485430862
353.4468483931246,0.13985645134744118
354.49321546719153,-0.16573412331808868
384.21509035786596,0.3605840696012592
387.29172953979383,0.14107362584388738
366.5575465232623,-0.4468027716843608
363.8397104056258,0.012730581177720524
363.8397104056258,0.35449446462757805
352.76135218756747,-0.5388274251054099
352.76135218756747,0.045583659810290555
352.76135218756747,0.4664922051723579
345.7714141752668,0.18354139599966857
341.2460691854898,0.2046129796791547
327.17588376528204,-0.2842300599502323
327.17588376528204,0.5833474695022005
327.0570168736227,-0.22271184512328546
341.96909672290343,0.29108535430964366
347.51909121083304,0.23087259372778135
351.4585766231664,0.4524397552834216
336.2749119724393,-0.5545453224899575
306.1936084453811,-0.49755170949708827
310.3998957693167,0.06467686391852112
385.956977639375,0.812875038526272
356.5521772737628,-0.14094561703416275
411.9297337827087,0.2324232007106275
383.86713417317145,-0.22212482398617794
383.64052325228033,0.07947294592554499
374.07442175823735,-0.2638965242001632
390.16662888689075,0.20211783592458232
361.0647577553385,-0.34930359110512654
354.44708830634033,0.3739083325864385
397.99245887707906,0.5859136259006164
387.8462897239996,-0.2744715403240434
319.8687216788184,-0.8274673633266048
338.86895679829723,0.005967882533013835
338.86895679829723,0.25026579750556266
343.4679729398645,0.12009525506300633
375.0000882297179,0.4425558155402314
371.940112197478,-0.3690479968630598
354.2628951900251,-0.04572245761630711
335.51987841465444,-0.4796271081008854
377.7669612020234,0.5807415359354309
376.25691210183044,-0.0362381555473803
348.4204692284734,-0.17011658130513752
352.40504640898234,-0.17308679412496986
351.0734791479656,0.404217038936622
327.8772963473957,-0.537336075630833
347.78201195010064,0.37767152827200334
314.21894224529274,-0.43758689395679085
312.8471438726828,-0.03841911264510145
339.55700169895164,0.057150571542479156
360.22694017823295,0.29974237380361046
349.56637679700174,-0.04342436416231976
341.5498891849732,-0.030707587708093342
354.540830265218,0.15941620412809243
373.6727946784604,0.02699530041491016
387.5065424421517,0.36014928174313354
378.56416774331916,-0.2951912506705412
387.5181523187233,-0.03381476315598775
378.7591379811675,0.2132713335555536
363.7922898037073,-0.40179072950536465
341.9403454926404,0.026816970525942452
355.89457491636324,0.18946174227596657
337.0224117836112,-0.18807913332534554
343.5506488603486,-0.18851185335972787
340.51252104965926,-0.3226186838786589
331.1814173407727,-0.15896613406425786
349.5022934749689,0.17753214474532797
364.4332460797239,0.3375389179540207
334.12445174343407,-0.5281321282074032
321.63649512659157,-0.23775651554342403
338.1531667414485,0.13916917119854588
345.79193006344286,-0.2704682385860906
374.4027395425643,0.6108674549110447
359.86723895808484,-0.28274190862464366
375.27857218250045,0.10522415972491217
361.33687593396587,-0.0008763711863366552
361.33687593396587,0.4511925183034009
325.08935739578567,-0.27217377898830364
354.33385431033275,0.18255757792314853
384.9721087702347,0.3090967258499404
331.1339996361485,-0.8656126652667808
346.18877475437444,0.16631654094021542
361.21383151266116,0.19674865594231505
347.35410178148754,0.11103209755435728
345.1915897536748,-0.21166835128803996
358.6732924559968,-0.07988211688711999
339.11056160920856,-0.23775134197535408
336.80844509748175,0.4652730957144513
335.5627838423228,-0.22394788200153926
351.7709580628605,0.242732422289464
325.62597426512036,-0.21476111060269432
356.94643261588493,-0.06295530808142757
356.94643261588493,0.5069529219786091
355.5872413455362,0.22411561388582868
354.165465897699,0.022266394432108427
325.15900532748856,0.027069522751844488
333.07691016191575,-0.11193597538010636
339.8081109294935,0.15986788710449673
336.25865524746615,-0.2789931475991807
345.9578285316004,0.1622836772073697
342.18357348093986,-0.04688816548923569
342.18357348093986,0.22703549328525696
346.87483019667377,0.19693400342316636
338.8064807007236,0.0568003253858933
338.8064807007236,0.4531314759185534
351.9079196711809,-0.2354724270733186
344.7528957523184,-0.3169812504258971
330.5160392374624,0.028711555194945504
343.8198681199016,0.7271621599159062
333.7820875283652,-0.6261423060957441
336.6487167058165,0.17771020795350978
349.01366214762584,-0.15192906932225014
376.20236249860386,0.29913697509152826
379.432802746725,-0.21592673364341408
361.4413304571622,-0.03567542542236879
315.43958798837,-0.43420411938700454
339.9457149211118,0.5571611453176502
358.84613047772973,-0.015674012401518667
355.6961052775759,-0.18004236622471126
352.94445358247594,0.045862228876330846
363.96794732496676,0.30717884441469323
363.96794732496676,0.21442244102127006
382.2925368460078,0.16423147757188872
351.68194893074786,-0.5026785821780777
354.2486200669009,-0.22069842322468958
365.47175819975035,0.23096377537410717
365.47175819975035,0.32421784547500465
379.669029831327,0.2460318911162176
349.41850674546333,-0.5243541850713882
358.8598754441889,0.530523961892527
357.7212481136058,-0.6229376357816818
337.9592239110645,-0.23533056081896575
328.8296647551458,0.17668772501315289
385.32907364761,0.48258419665819474
356.0242198504838,-0.38814670054694034
356.0242198504838,0.3830286319723655
378.39454629489853,0.21844011087341642
385.36433482981994,-0.21065200848875065
371.0875432848288,0.2998604684299835
360.2823881662963,0.2178826840270176
360.2823881662963,0.3866631412655579
375.23573850095556,0.017401483230742087
417.568173765091,0.3301438329593793
411.3243151749256,-0.08714282424114117
369.10596447850145,-0.3747640530002627
361.3047788194565,0.04276240520459851
346.783245607584,-0.041295526285693995
330.0159488346883,0.11008883655665613
330.0159488346883,0.3819853016079833
313.56293132172254,-0.004007029534136564
324.035409013577,-0.07298181350256527
352.16005442963177,0.5630085898828838
342.7352576336994,-0.06063935465920167
352.9346204095945,0.030787947818453176
355.7531265770275,0.26269886550619503
349.14551749978244,-0.256123080042471
367.61652938775165,0.718306932631549
364.3575362764878,-0.070259350912238
356.2929733338808,-0.132206695447735
349.62332672517965,0.20505157784396033
349.62332672517965,0.2089489464988219
340.00726878833467,-0.04499281215294104
355.7395641031393,0.0529447247505459
381.99410118942006,0.15753014195797732
354.0476613818245,-0.23803858587382365
355.5165516715756,-0.0006711258021141475
373.060067584024,0.24980224787236693
356.78723827290185,-0.5145465734218533
368.6883747019877,0.09414299315608332
368.6883747019877,0.2247165449662134
391.3810587435186,0.14948141788647717
383.5531289478412,0.005568468371166091
381.0262157266453,-0.40157759463465936
381.0262157266453,0.3608268263141099
369.3425789103682,0.11630943152613327
351.0216894996352,-0.6983936976511131
341.15369920607975,0.22763320856370228
341.15369920607975,0.2283411201826766
364.5191238646588,0.3825565849904251
364.5191238646588,0.35751507594420673
366.56654270283167,0.2699773618337531
372.94243653159,0.08002713725477406
375.4587208538766,-0.20004310060994612
348.99872167203256,-0.06948733722879297
331.23881153953545,-0.045771728966315095
331.23881153953545,0.3259679958774768
337.1868782751132,-0.016169631913271587
366.00386926217675,0.4518545309547335
374.5918330418947,0.042375204332756766
329.93439963243856,-0.7117860502249869
308.4370418001996,-0.0681758562716368
345.48084081572165,0.5985800142619837
345.5263215735577,-0.16128662923313186
321.12044627575364,-0.358015962484842
336.04908541829684,0.24999337833219215
322.79524756891453,-0.4954918365192498
345.77861758921557,0.4031664042574903
333.8923807158201,-0.5430972726436494
333.8923807158201,1.0451993005741542
333.8923807158201,0.7862289247700573
352.0860927986451,0.4405878009755497
353.0885628929398,0.05208489502251723
354.002554024628,-0.507366448351604
351.83384893416576,0.1564816968108289
367.9418055707221,0.006032259115727356
390.3313102071217,0.600991752113714
381.44410258786394,-0.2384718915106987
390.7188364787435,0.12494246383653262
386.6864988103692,-0.09436130883636906
360.48527781522364,0.05103755775121499
382.82519158861527,0.14176724158005527
359.8823806055476,-0.4580137282962369
359.8823806055476,0.40629860517526595
370.2396925445351,0.3686498122044668
353.46647210831935,-0.26816712031063616
344.7756008644331,0.011542033500745674
353.97275853733515,-0.09396147567076696
353.97275853733515,0.531178417171418
332.15506639968373,-0.2531853492760092
349.0165347742969,0.4090142156450156
374.9703867084936,0.5942033558704907
367.98438266841924,0.16134372448857448
334.18664467133954,-0.8403548404423873
343.89245408792,0.28429401261132625
343.89245408792,0.2804462431582806
335.73703207414707,-0.02034977231164703
335.48928212663037,-0.17970859418949203
360.6163863526029,0.570226871676141
360.6163863526029,0.29895168056452803
360.64937592070925,-0.46496344237425546
376.18279254809477,0.6059085405780706
383.6940218266154,0.11004601533534242
384.84494087905244,0.10633124817525186
364.24804632201693,-0.041999257656470945
375.7087953710049,-0.09688284052708696
359.0349141271899,-0.6319221520416249
374.7123071805066,0.28124126774196156
349.1747213447673,0.09531978551160591
349.1747213447673,0.25403532009909213
338.1542002707934,-0.09062266991656998
346.1837874854984,-0.1949925105470811
351.9046101718934,0.41802979552915076
350.0227874524107,-0.42587287336050395
355.72585789876126,-0.1574892469459428
355.72585789876126,0.27528029204927407
355.72585789876126,0.3981236882581243
350.96569993493017,0.06641184931947919
350.96569993493017,0.4045708210326211
371.9121447063908,0.2534320776765071
377.1774298373927,0.27992720622296474
358.04707990732413,-0.09564192231584911
388.0701919961014,-0.07778924955175626
394.0961370061308,-0.10282933336736733
402.31384670340896,-0.053699100234098296
414.6400946836481,0.40684723633773956
377.8514344429726,-0.46945492572831427
370.7614546413779,-0.026081230286763457
362.96334069725367,-0.3343187874368141
375.3649037950791,0.07651986411406142
378.91417045427534,0.1667454093831111
376.33998637695964,-0.2602981567538336
376.33998637695964,0.3608489567996003
353.4458064639557,-0.11189617675529462
358.8109319226875,0.126434278524016
314.92270046197916,-0.30745472427338427
304.83219437534405,-0.19842588212975443
304.6643975300577,0.09839360307319112
340.1114081584499,0.5480516011627969
329.2024066026537,-0.3057991221901375
335.5151071840649,0.20306586340780086
374.7640517406389,0.25927535640471433
377.5724461321611,-0.36088196819582663
361.91878828322064,0.17805647646321177
361.91878828322064,0.6578504519312673
366.41191971037074,-0.027573339436571587
363.2882515412143,-0.04301990774172282
348.51180605402635,-0.11350715860066884
328.9705938615545,0.036080981240161236
328.9705938615545,0.024403070834068785
336.12175295811323,0.2183185989009644
363.64729628014675,-0.2624944300706602
353.63734112713973,0.05175756162225298
356.84480238374715,-0.0749793263759102
366.38869733286316,-0.0628090112567179
388.7122432103659,0.06133483791779781
366.6291265797543,-0.5108971898858954
371.0857867358517,0.25585756920600033
363.9972751868679,-0.33651083653353453
363.86337586954295,0.012955893807657048
357.03276542337437,-0.10731280117670394
343.24419746745315,0.00967110523856718
330.65419546800143,0.1738191639788056
304.59838713018877,-0.1507687545602039
304.59838713018877,0.6457424069152466
313.5557381886417,0.2898379649657272
340.7038505465784,0.6521179657053153
328.2652382457059,-0.35826705212105026
316.9112156228784,0.020287071370830745
314.5696271750981,0.05950043620646284
312.00049924486177,-0.020778311893650425
357.0362457355477,0.45892137543137324
328.30605262479713,-0.3620371033638321
358.8316125510125,0.2881493482534552
358.8316125510125,0.6108189506581994
341.00888753216987,-0.2876828730197758
345.1276279244032,0.12116458683203746
330.73544756874594,-0.31002585228884527
347.8030799283614,0.30871576863467
324.72124431438925,-0.19366419911830235
301.91444430777926,-0.19372016831221117
338.1967051724848,0.36543408785871634
319.8941278465063,-0.019134739383048327
316.3259980865682,-0.2028116002185243
317.7706914763335,0.030556160217997785
339.52789150650113,0.20745741706923582
342.265160650801,0.05794132747610092
314.4772994226341,-0.30662494029888876
342.1108195357033,-0.005131383535058376
334.5969873403715,-0.2196818726094989
334.5969873403715,0.5624157590241339
365.4984836816476,0.23494987640617637
390.08705540433726,-0.0065962132719050715
387.7539936765557,-0.18220823229910366
387.7539936765557,0.21461669105519832
357.622061742734,-0.21154972581518905
348.5705189075834,-0.002375165896864928
348.5705189075834,0.5290994448291713
354.6308252226822,-0.11065440985021269
354.6308252226822,0.40820601571942916
336.8607317436876,-0.27041683055313115
349.9204687606402,0.40169794375196943
323.6545927622359,0.09959561900757308
323.03175465203856,-0.015887224523567056
332.72727159956054,0.15849104781807455
332.72727159956054,0.4041147603597892
309.75375716432177,-0.21757504828747187
309.75375716432177,0.3235255999876472
294.5563192852941,-0.1674603092706093
321.06000472233586,0.23657996232600453
318.8925976512457,-0.1359828215880725
318.8925976512457,0.4249929728728148
334.18445414950315,0.4257559720674635
345.6691592323128,-0.2552771713508264
366.3598315246918,0.131238106177193
380.61703370286773,0.048057394380521146
345.0405566856118,0.03515442491880094
356.1755937383728,0.3161744421796584
388.15738162054265,0.19608543281185575
381.58215970433383,-0.030199690537756396
398.7579866741408,0.28459413616633356
424.2561849109928,0.41403771003342626
419.61498702042434,-0.09475384429788392
400.3081590255028,-0.18982351730198843
376.0781965340634,-0.10249848995738375
379.30702557367005,-0.07933126473665197
379.30702557367005,0.4844274011524021
375.57587201699926,0.1495018416798075
375.57587201699926,0.3911440905054633
375.57587201699926,0.16496497448724767
388.00612151020914,0.07219588503687646
407.5568852691323,-0.19927582646823794
408.4263317585518,0.16231311020942485
359.00966634555124,-0.7640485909413428
379.81605895183213,-0.07520641906785386
397.1220070740252,0.3283710911939579
387.22540770000415,-0.5528310062406945
365.5493481272963,-0.1513082358256952
347.5947648220287,-0.14092333503958798
359.0862566966633,0.0016811184518701339
338.6586047991169,0.11590498999612464
365.8105576395117,0.3339885201355628
345.28060965706084,-0.2525822903266999
370.2323265059391,0.31928600287074005
370.2323265059391,0.3932748765263341
370.2323265059391,0.12224488838921843
378.6191196069333,0.26144741109862935
382.8528226639923,0.12308846369319326
336.9812232725014,-0.908065122768221
336.9812232725014,0.4253908116902494
330.2659616668248,0.12749920377495982
354.5522540817867,0.3644525709623849
331.87888944252336,0.014976078317317842
338.8393823742136,0.20453098699351813
348.1916032511394,-0.2461886172669665
333.0120228359422,-0.3787091781982781
331.2046000155023,0.03512147840956459
342.32865567234614,0.31407828306168994
350.2526688071262,-0.08634168675644105
366.72630396348916,0.06587001252330538
367.0125681134719,0.1634697765476858
364.7357803320787,0.23627751833873845
334.11975270995,-0.5793763931276317
370.9337580814705,0.48213691210571596
359.9350595067139,-0.18979910101688802
356.9770083699049,-0.018165677215620235
366.2331905608294,0.28660735792846026
330.50755955407107,-0.3092723587251385
299.7151314593144,-0.5637499041941965
357.51334334385916,0.7301140694787591
353.11160552989827,0.06957043896318282
377.79930263346046,0.25629795124211796
363.6353373566015,-0.2873197541258605
332.12317470163435,-0.5047864747159565
336.80801203180175,0.17623559793946697
336.80801203180175,0.5332565689132025
330.15619369839885,-0.2773323231917857
361.58098465768023,0.4983531597329147
331.72472902607836,-0.610585323418718
331.72472902607836,0.6068039926124129
331.72472902607836,0.27501343174685644
303.56931467388233,-0.2378505326450977
303.56931467388233,0.6326589450604843
335.5957120113411,0.5743896561479005
363.6153843492292,0.3175324669704196
366.09604169228766,0.23306527515194375
394.2345091433384,0.23792917087939713
377.60314683647033,0.22307577406058954
396.7101170623745,0.22057821978773973
371.1206644505584,-0.451807010731045
333.4984451287639,-0.6954134496414781
358.4375265791253,0.5066759553081965
355.00404866197147,0.1373888291051344
372.22871312122345,0.1757430152242705
391.19820540525717,0.3465814891061427
359.52068074693966,-0.8145771018746473
325.8156856437648,-0.11623120320700764
339.7679780769116,0.10777081295668722
344.81310665852936,0.1726474047039801
329.25845898652636,-0.469847110493788
327.9980692726518,-0.2637323228522064
344.0908886475433,0.3020657116192069
358.7091152417794,0.1015475006458928
358.28825919088604,-0.02350883459837405
355.1346927510724,-0.008117089455367932
350.3369044900204,-0.3855151368221641
362.7764388819639,-0.04351552240939327
360.1447641220954,-0.20446002784672146
362.2338129959628,0.09148884672856639
374.73188903780635,0.07400106887803304
374.84503024004323,0.17591161839038705
356.4291665778779,-0.037223694363774484
360.81442104729365,-0.03152331416777088
356.9224245789918,0.1376129865702751
335.83007906137595,-0.4264411825129173
328.9053415511317,-0.18647982557456544
341.3475593356806,0.3608819247692736
310.63069863714765,-0.13144790752903646
335.2876626457643,0.5442331325066334
336.8435529305305,-0.3184417244999622
341.46159724165545,0.49029147528551675
341.46159724165545,0.1811594807614938
353.94682618127274,-0.04740744805610575
320.9051527922548,-0.39694001338841645
349.5880036022639,0.8016307468597006
364.0978380795142,0.201017308573455
329.56080270531317,-0.5972056059492843
329.56080270531317,0.09782141020764357
357.4622581376638,0.5198393400199848
347.0884241243745,-0.20778545308917273
347.0884241243745,0.43888187124298383
356.6965254283408,0.06875915531520604
372.4524810470509,-0.026119366490434004
352.9812576829056,-0.6453586818719259
352.9812576829056,0.18226707628673466
378.86899143345664,0.49893191270689385
377.64661615009055,0.06225289196208905
367.3088254217533,-0.4335867372371922
393.4713413425866,0.1830959961400822
348.18023701878525,-0.5107479413943565
371.8549811085475,0.4674232268080232
330.1149663082475,-0.6179383096108495
330.1149663082475,0.42810545094141617
330.86972133434784,-0.06958682499453062
330.86972133434784,0.667741955515794
331.4593511792672,0.29214611101394894
325.56863653466763,-0.13069691213831902
340.84322030757016,-0.05907780811480734
337.1523329224688,0.32203055404477254
334.5137559490271,-0.13835125608886756
338.11662479355346,-0.33510606456570713
371.9152355818521,0.44706056286463536
327.60849708771894,-0.2860466874502663
348.63849011350237,0.02140948548128563
348.63849011350237,0.19128464291372893
348.63849011350237,0.38785672724259257
340.78701388844456,0.15918992935621645
316.03586350833086,0.01585363669516937
326.80509132961384,0.0005234437301169237
326.80509132961384,0.05515535919107606
364.0271106563829,0.07193824560965822
375.53576963364316,0.3067035088422472
371.1742412374526,0.13214528813034576
360.5646773561359,0.23855667422674287
306.74058312655274,-1.1383138116791542
307.7955458599726,0.34761629322770204
318.332232294713,0.022805840136356892
321.4746161270644,0.15191299163097938
357.6248512976326,0.2764096121801458
377.9112633842782,0.1584171047180689
360.71954293279146,0.2257249644857211
339.17510518017014,-0.3959111673945017
337.05598339404037,0.12304133996451583
380.1229103064902,0.6431850185078929
346.6485959273318,-0.5703651158889897
353.1990086811294,0.05041086222593094
356.4236903224425,0.17172377537394823
365.07929110032507,-0.18186114782758978
350.1520591432803,-0.10031572942091316
363.45987071131856,0.33675009739079087
359.2031193344677,-0.21770378934741075
359.2031193344677,0.41919511019898437
342.4255309636699,-0.07400308513729215
365.2200081935999,0.3488575677438348
339.47337073430936,-0.222920939724645
339.47337073430936,0.39401992876616987
339.47337073430936,0.5303084186385831
357.02349665447576,0.17844157283650475
357.02349665447576,0.40886677550997774
362.29077582933655,0.23022032327594388
359.7773821609817,-0.05564343908133651
349.4335035415787,-0.09532204620484208
367.4662196832444,0.2331077509932129
373.83935877103045,0.08270172396294129
390.06076893452394,0.24744460920817346
359.33690587973007,-0.12781369928939057
370.5791499539004,-0.08364449666555629
381.9367757969946,0.3067237892101957
340.9485549684508,-0.6883431188462055
373.18560656222985,0.4160419615241153
364.219551377749,-0.18277652687561385
387.33277015453746,0.2900663392977094
396.03877703088295,-0.1139251171161959
397.92561508350246,-0.35799091918693193
397.92561508350246,0.2540659851882765
383.7567839526965,0.22277091438820662
391.74238860709437,0.02003820777963483
370.1034308378247,0.034089436661702166
345.6806284228271,-0.4477580852842493
340.6919725144798,-0.012664479048453359
353.5706436982591,0.1084284871062664
344.6464450039186,0.10787765049667541
333.3128760460188,-0.2569288964103862
333.3128760460188,0.5015803884959951
362.96475018296337,0.27752008521042626
355.3368913308204,-0.36655511545313857
343.2333860642214,-0.22561494486785705
314.22595890904125,-0.3521300106567651
314.22595890904125,0.4755816930869514
321.9961929350681,-0.03178108835436433
330.20816280029817,0.03949301383556758
345.07010747218624,0.39601005870042627
345.07010747218624,0.8890494964919071
340.7320734080815,-0.02825002708300417
354.00339447841344,-0.16112816379927608
380.3954234435425,0.8769937303700317
362.05643135251137,0.016503014967042873
334.5135151444273,-0.4489708454090078
339.8985274811477,-0.05125491757985401
347.2467353759227,0.3475463291858887
338.50133161916773,-0.1364196057332947
338.50133161916773,0.36322380609431093
338.50133161916773,0.6337977750696382
328.54184504798354,-0.010908812828120062
350.99730975343124,-0.15099075668672413
349.9324946943571,0.052377543208990573
345.0618237761948,-0.129615174190576
344.29823199090924,0.05086987316485647
339.7576425467907,-0.07105236335178233
362.104559898697,0.48283888814614784
361.32592361136756,-0.02346424100767308
332.2295022039346,-0.48916360386976976
342.61170198543385,0.18627348178551983
351.2590676709305,0.21944613301752725
369.7488969712761,0.3306352975472464
353.21222306354036,-0.4307652402962958
352.5132232646942,0.3044139732048734
392.34905989968894,0.0808091080465374
395.90386728688645,0.2859356371446893
387.4008768475768,-0.6348953504520978
377.4030017553594,0.04172721052691486
381.49365727017573,-0.04944250598407507
367.0494752119467,-0.4902883768521633
367.0494752119467,0.33996274495711987
394.3840915302839,0.663470471863775
364.1584477656416,-0.49777334271129803
369.4858333578017,0.34970419271951414
380.3289710393291,0.2849057056910169
374.47889141457205,-0.26737126546720447
340.8785010440398,-0.31039336066749
327.504936355563,0.013425945127664818
328.890160513534,0.10325045878812489
320.0336719998576,-0.19889898007647844
330.3663179280467,-0.14684371004591412
332.23878808266915,0.063388163892796
337.7813470194246,0.2087349311240132
381.24493917051706,0.5502471287247772
339.2035465869845,-0.6573191856966787
349.1250129241665,-0.29914043909548127
353.23543376697063,-0.11009788652404495
350.1476608594705,0.14196027051912097
343.4316644789763,0.0037590365955111338
333.28505379193643,0.12820268122527523
342.3897738434921,0.20010097298427354
360.40744107416333,-0.04934922142206233
336.79971532545966,-0.289480627443254
324.25537495933037,-0.15450511411097523
324.55166265908986,0.10005248399647826
337.75663167786985,0.1533029270511861
355.7798174161116,0.38883754315065744
360.6981823620589,0.15213591567021467
375.4529541132096,0.00407448038572511
350.68526978282085,-0.7381920828784132
366.06966027197006,0.3284107388302573
350.14679549490387,-0.2743065184467923
360.8533636265432,0.17336920240870768
357.7752630839856,-0.168838498937248
364.5121484689829,0.49860341716328094
342.44072246745964,-0.34770679985365405
342.64970538368254,0.18696147266837215
360.2708590784515,-0.06697629400002825
359.08228254766385,-0.0957049273326902
321.1198885817989,-0.4645278829183326
372.88615926094366,0.8424081424720953
359.64237232256767,-0.35901428861507156
337.704040522542,-0.1901016896871397
353.4709564801866,0.27216455667633
374.3730447683271,0.3279678963066317
369.84682963276333,0.09632182666348399
358.22517699509046,-0.450039019472797
367.93263290691414,0.33359010625088104
349.25540917513507,-0.31784772949788476
359.6920697685464,0.22971034957049596
359.50545271382373,-0.07984687265684443
359.50545271382373,0.2185900221512611
356.42798694845993,0.17698219264070758
375.3135140621551,0.09909428097773798
363.2085114394099,-0.08739672196918491
363.2085114394099,0.27783481864400983
362.1831212009319,-0.24086151701897052
362.1831212009319,0.5100989405646033
338.0222136803964,-0.3863269919661434
350.7288671642736,0.3365350649933134
375.8659992237676,0.23106675055100823
363.28510098014414,-0.1172347286758395
337.4137012352528,-0.4548883867871609
341.8083227969001,-0.149648638197732
365.6364455678284,0.8390361210443871
328.13617061593226,-0.7472210014514076
342.73485159460984,0.004347312282334315
325.91987028330607,0.038465682674086565
353.44114662131415,0.5995256433877785
343.1307781120666,-0.1783074646289151
309.91553474408425,-0.38638711751252686
335.97983895455496,0.5067881659138038
320.17874878998043,-0.006451026097579415
327.63399158664083,-0.24893363416208558
344.11147681071947,0.28726450762405875
344.11147681071947,0.5999434462448789
358.5089831944936,0.020719723806678303
358.5089831944936,0.413064936245064
351.4932305516347,0.14784244696647875
329.47051494272597,-0.09706063404701126
316.19789226412655,-0.19075750641559353
315.28278387400394,-0.13269474769708722
312.4115498720163,-0.27067938697132377
335.85558661903985,-0.09661676598238955
335.85558661903985,0.8205139716487793
348.71914450891154,0.3140049629346322
349.14217952715416,0.23665435108500787
346.4219802540618,-0.14842640686219966
348.3877668178027,-0.005541937547604903
340.78437288424016,0.053878809964203356
349.03348305953733,0.22858284414144237
333.33944186718287,-0.317196825687347
343.03347167312063,-0.0003293762925977717
339.694909862378,-0.25787060459344957
343.4483250494708,0.19190082489626548
358.784018206235,0.4093140925431271
379.1891342856414,0.44129009495713944
367.2808089162853,-0.06521369282302203
357.66851373577947,-0.37694225220991484
357.66851373577947,0.6399965663349576
380.12813737024516,0.6169257766339342
380.9281884905018,-0.0827852131567397
373.3983078455499,-0.4373465436860897
373.3983078455499,0.8102253277462523
392.4778247600077,0.4476002800028027
377.20606238230704,-0.2833097384965413
357.13637167695794,0.0004913801560633146
379.9518607849215,-0.09221802998195017
367.866046807886,0.17634369101347147
364.0354007544138,-0.35084352088051673
364.0354007544138,0.6208864321212104
357.20496577727505,-0.15903840823625615
357.20496577727505,0.32271003920232033
389.5410011229607,0.3617209376390065
352.52139924430884,-0.5175422453083911
358.3323274678226,0.13977792697187397
373.1965671094254,0.19297371581160405
380.5516454599618,0.21651793152705068
385.7729032931318,-0.4768765248971931
390.012700966661,-0.020966591138176227
386.8308497762643,-0.18358575995409865
353.464553906313,0.21364267619526345
353.74623425102186,0.15365933794350894
334.1327701290585,-0.18864903804137612
323.36567641357374,-0.26343691809188385
359.30411530534406,0.6013767137040986
352.23441116535133,-0.24411648262571362
355.48228700970066,-0.13517990822379033
331.0506657256422,-0.24258483541075293
328.44347086518945,-0.34593687311553367
343.6021935264163,-0.038521514301123716
325.0069214521769,-0.04452838193765274
335.0485844147696,0.3570673003362117
335.0485844147696,0.22214858617496702
326.66544579547514,-0.10187833196152951
332.94659471499364,0.2031295860647333
338.1015923043295,0.03037847242421776
326.67815470512323,-0.05558169945766167
338.68332261194996,-0.13819838038659782
351.6304207357073,0.015445537811842769
331.31055402953007,-0.17358703875470383
346.88460651174455,0.26717511423396445
333.2828854310732,-0.13970105302780667
367.4133893375887,0.2628669501814329
361.68584415748035,-0.04520098335740386
346.32910499245406,-0.10582957268331938
359.99044893109345,0.5196400664295879
340.6022563995656,-0.27551463441488977
340.85392236335946,0.061599229361718244
303.8197427565885,-0.3595194650903295
330.671961226919,0.32432001889810635
370.35148283092934,0.6727050572424105
344.3583216322537,-0.26592406331110396
342.46456253788216,-0.09415829288263922
342.46456253788216,0.8950628211283629
345.8074467652888,0.17655576327661038
348.77989721439076,-0.009681196210294729
382.7830469217554,0.8477497512267291
382.7830469217554,0.20282259593477647
394.034016164923,0.033342683788987415
377.95578979564976,-0.5806171529691255
377.95578979564976,0.41412883317707383
377.9287457268166,0.4635586618258003
395.7702741122793,0.016791966398955083
395.7702741122793,0.17434787023864828
403.4260088939137,0.12254350993600838
375.1107228601648,-0.1475307110272297
388.9549062213736,0.17737097049371187
373.5338036560087,0.057194294527562306
359.16004517731335,-0.0068964174154189095
358.2998908620781,-0.3560589561687948
371.5643441538671,0.16159430394782248
371.5643441538671,0.6298815806815128
343.0408413212285,0.11549647684159936
354.0864939036833,0.21076326272304868
335.35640410835146,-0.16627946802486804
327.6409989281089,-0.11510230441479052
360.8209137601266,0.4441082506533576
351.4183246078026,0.2774623383343169
340.0489780029134,-0.5417006861346181
337.2491415920436,0.13504609938183876
334.99290744675704,0.026561409056512275
334.99290744675704,0.416858953573751
339.420416189644,0.12511204084455585
354.27228519173315,0.2819407843295494
354.27228519173315,0.22126056319041254
379.7042885137648,0.11436798543093118
358.76998075290015,-0.09500944625392549
361.9872894626421,0.39604094754190555
363.353920490886,0.2458715223085619
361.20345989431377,-0.293750079594588
347.1561527310294,0.31960233648032954
351.6807308365079,0.0736830876313661
334.7248770230458,-0.3117260209332926
343.59663750398346,-0.12247101918717362
371.6999896780618,0.05062704976990062
343.3223979456108,-0.3502104234204353
321.6147768933518,-0.10495786888520797
332.4821813974534,0.25904381883901806
311.8924137155151,-0.21425084939210137
313.7195743800457,0.03005486502036092
313.7195743800457,0.334068511157966
345.8020860247352,0.5110175043000709
361.5515888900024,0.3547843357714555
359.69705900445626,-0.0803809863512015
359.69705900445626,0.23500850961340802
329.0598565470469,-0.22129730785536594
349.0528863218506,-0.16184095126709508
369.22813809432853,0.37341283204386855
347.17682338084694,-0.8220439734266165
340.00212146651074,-0.1661219260732878
314.4896440082667,-0.23281785493304596
286.6326217245016,-0.1594203667293641
286.6326217245016,0.5246039768578612
319.09028908641363,0.19430651058189596
315.10418249868485,-0.10689778874916556
332.2617724162399,0.20624928946972432
376.58447753808366,0.4003659178877115
386.37163516507115,0.2751995721256435
391.1142312895586,-0.20452772419230314
336.97370022905494,-0.5833835437462085
343.57510115652786,0.16463836091486428
343.57510115652786,0.29430975404795845
317.0041840847351,-0.5066620209754547
327.7263581267753,0.49672441929033084
327.7263581267753,0.6751053822410995
360.6643232506484,0.20944958700113148
355.86519444400324,-0.03914846280531492
349.3359667348616,-0.5420299187715045
365.8708802013013,0.5064270139442897
389.4278183808266,0.3963406487005159
378.0991458527584,-0.14193900877785381
367.5097240621165,0.04769588141107306
399.78162757886327,0.2308822592967772
385.54094615936367,-0.108717447107324
351.311188281666,-0.29791034331128685
342.5004370554665,-0.03660326748990883
321.7703308130489,-0.5211529861326198
321.7703308130489,0.3230564773198239
362.6015843579232,0.5875780355611369
323.1149189775556,-0.5021666805996574
320.2750641177115,-0.07809721884359533
320.2750641177115,0.584663817085243
313.7917932073613,-0.12194168542760053
294.0672596799608,-0.44166065526223974
311.61102288424087,0.12009654973496708
327.7522659619382,0.5193671943648042
332.5535887545866,0.27038284493551146
349.66437474126633,0.12946655270980045
361.25036488351844,-0.14682061926725964
368.75324010476476,-0.015725254591643534
353.7683198121173,0.15062016738932016
345.92616846231454,0.05551437742406051
319.6644315345138,-0.39222874056315504
362.10823874964126,0.25643630590491284
362.10823874964126,0.2894595954162469
337.10291577734023,-0.7823379201056468
317.33221918152174,-0.11753664470097647
335.8946556102229,0.35322769389176756
350.0283939586852,0.2184951728947908
378.3066526202747,0.4294807718905531
383.1451239404413,-0.018661492934597845
352.36436637834356,-0.41992064269902585
344.88412321983225,-0.13215469870965535
307.0647447340536,-0.2645511201453701
307.0647447340536,0.14666071823296534
352.6254625826231,0.8021756916928098
367.09492681310803,-0.08612406789416127
345.12398263750526,-0.278909137468645
347.7176492752092,-0.0017657363462149078
347.7176492752092,0.3705256727955657
362.19379632658405,0.1281674205536092
380.207964958772,0.4097338263130723
376.8425567261088,-0.2498314268203785
358.77278506858465,-0.26379083994766006
355.33787905013094,0.1771759824396213
357.3132225097658,0.016997391839254306
323.24116850906057,-0.20245831567763162
319.37938079115133,-0.058310834431154035
320.1375691922575,0.09474437462449714
329.75131674381277,-0.36045141279328163
334.67712092519787,-0.1389136356947347
344.18610751562784,0.3649878339086854
326.896177209249,-0.30195862177424715
344.15917296471736,0.06459820184113596
339.2277433443002,0.05797151287720226
349.00215309473447,0.23327070303150776
334.62765797005943,-0.5976389671061497
354.95076452738533,0.17498786929661492
361.7049021557292,-0.13580951120468399
390.48402688566534,0.788413139328668
398.05913468824224,-0.055569239248598024
369.2854585505607,-0.13391186190756343
365.3655547028097,-0.36577443525493436
365.3655547028097,0.6633600145795526
368.0196677792502,-0.22699583973849258
358.82950825782933,0.26236589171799096
358.82950825782933,0.3401081944729185
371.94831752303213,0.07281160823674782
367.4400272756301,-0.08473573593857964
339.9800309330616,-0.4233526377358885
339.9800309330616,0.29478142739560553
341.5143916359722,-0.019406108936664168
342.52552075645724,0.19609569026692952
323.5636459694663,-0.2505064964266239
323.5636459694663,0.6814991773632073
323.5636459694663,0.4350773345095149
351.781479069546,0.5540206341784142
361.52801687313547,0.16958534050820617
361.52801687313547,0.051718439157639295
328.2640866610244,-0.43664383727104905
320.6715905426061,-0.12980704866913584
290.37925525381354,-0.298185741934617
290.37925525381354,0.2187866878477962
331.463189580449,0.8347393745228828
331.25828691390655,0.3753122192005094
360.34770969737843,0.4872806700084311
371.8513862302697,0.09597891862790675
336.750910419772,-0.428758601181471
325.6919543901882,-0.5813019719554404
348.92542255340175,0.33190907657399293
352.6696677498541,0.22369528424383134
324.0436108727469,-0.36467747945812334
350.34717651342214,0.20638203835471813
335.2601465257521,-0.18926320038167432
327.48441983196125,0.005735155742286224
325.40886605090367,-0.046485052212119626
323.31017451147744,0.09893091949993504
327.5340974377523,0.05381412632914362
348.7399093466988,0.22111707346334697
368.8952558034178,0.35925047311275193
359.4357817659192,-0.28613514594349
363.16125993536536,0.13448353301964744
344.62274206345165,0.009121260593246916
345.28665127658763,0.24641569026039178
357.0452797199933,-0.023646149418937057
338.60327285275804,-0.5753259611417434
338.60327285275804,0.7704143280349172
349.8102379817365,0.39513096131418024
348.28729411435376,-0.25350429670402264
380.83498478280217,0.3853773238519125
394.64212736791467,0.2044974223341569
406.9528785676503,0.0700787530334992
369.68760599736737,-0.3506854589337536
372.8895955758551,-0.0810279560004119
349.49512493095364,-0.1047241919170574
318.35424722345897,-0.48254400010466725
302.0122679991479,-0.3389071193309974
343.85642790049343,0.4876290081369916
363.0995120821222,0.1635693901562263
354.2558752663255,-0.04681410564558064
334.19690128850755,-0.2034590047802567
354.86028567295386,0.2725167270851898
331.71131202084996,-0.2685256605058157
326.43826251605265,-0.10344513795610055
341.32434334988756,0.11162597420900511
325.31413191518544,-0.1738097390115172
325.31413191518544,0.15583965675318723
307.3532591431794,-0.17011489536457702
305.583591306707,-0.10867894730472472
332.7285321144484,0.18129978826527804
355.6749363504893,-0.043189774919710544
307.4178408852609,-0.6009296393558543
317.2746219482514,0.44321044372168217
326.11837682148615,0.47388860339060557
335.0017441888494,-0.3008044730815982
333.349291176304,-0.200518584289739
333.349291176304,0.7466908312785563
333.349291176304,0.46448858358928646
343.5439413651158,0.194664348627839
336.94506549005,-0.2667194385614948
328.7456144962587,0.06478440217233583
340.6313152610828,0.5428435854053077
339.8776707584969,-0.4818119872563784
324.47815979380044,-0.0952232716213075
343.95050428709555,0.431793122124418
324.21492223299106,-0.46464224295198164
352.94354923618755,0.26034410540853514
349.1009268444418,0.036142006490536005
326.17273198320754,-0.23113335063703744
330.3447679558371,-0.2088680402623595
327.4231801567219,-0.10925169605752671
380.8645008964953,0.9451944744012053
375.14784681552294,-0.019277794759659628
363.97413890446995,-0.37002420093620003
382.68552231309235,0.011797716036653583
396.93123491987495,-0.0559004216777339
391.65871196529446,0.21218370029146172
352.1202990585655,-0.053385072863420646
336.1692973468387,-0.490375717836514
348.2400049110577,0.023723682512695632
335.88069561003795,-0.1461113231418949
333.7599133499829,-0.17154120585621513
341.34112505617014,-0.059055922991319676
341.34112505617014,0.148086600077022
328.2737456520339,0.21947366945698832
328.2737456520339,0.4640084959141859
348.3345462203608,0.041897826806462035
370.8624676651064,0.42808045227434377
353.30083726357174,-0.29353996923555314
331.4023143719382,-0.2801744457959785
331.4023143719382,0.6709320198135629
331.4023143719382,0.4670409561992983
356.66009736960905,0.3420238539343927
343.0806703977169,-0.42542331687718615
322.431017066523,-0.34365848824234035
362.5516161341082,0.5833660630746635
360.0184594523948,0.25880982945068354
373.59109158770576,0.1708783675842369
390.4147029927604,0.36953974629625463
355.12855539979915,-0.6965396888581381
355.12855539979915,0.11830554077926081
377.0248025020648,-0.06885199673661191
400.97152099611316,0.5009335222026721
382.6988533701043,-0.07240099259695398
373.84133676471157,0.35167248800621564
391.43518264067853,0.21003382364210665
401.37939773815583,0.2045795278370406
383.4007525514311,-0.4176787897588383
405.03925957761146,0.11232774844756932
383.6098514321742,-0.20482575813616677
390.144826617492,0.40119505162499536
349.954074998847,-0.962142985734431
357.30899046338305,0.5902931396948361
318.6392615776032,-0.8095972069727395
326.8073281752682,-0.29369950767068076
326.8073281752682,0.34414823992221955
312.6787532033889,-0.23894950767248702
341.4866262173374,0.5679160329001434
341.4866262173374,0.42795337608367845
327.76084255323957,-0.22311166555437012
347.7922306178101,0.36160909783484385
369.5325575645648,-0.14724363247864858
370.9501835183358,0.24721145982766757
363.08674728495083,-0.2312000222793813
346.0252721124325,-0.16874619756879383
351.4741340972487,0.10454629653372649
314.0497639340611,-0.5198986184028627
314.0497639340611,0.5748143406968893
315.75686835907436,0.15734456813243014
293.5397752188122,-0.47321787162206874
310.92319998018,0.027521976447587804
265.3798632306564,-0.7729539468184612
265.3798632306564,0.8790041889714075
341.0632336169745,0.8558952170616294
322.3161273215118,-0.21513984543389597
321.9605849765668,0.05147898485404312
338.7709964591225,0.3315362843945877
366.457792593403,0.1262476524181011
369.90302663473403,0.3451338578800005
370.7309571259676,-0.6252640068009896
347.4962232005954,-0.05584628113751933
333.77030824902675,-0.7243196863734056
349.95095826996703,-0.018488824418909644
358.6049640307882,0.335227505978537
358.6049640307882,0.633230371827608
345.19669331968714,-0.3515172598948766
344.4402528633371,0.171251448853468
343.3960963470162,0.012232860694211922
343.3960963470162,0.14716162928243648
334.4614950447071,-0.024218346562065562
336.5399835371615,0.22521260382620767
374.23912791276325,0.18721717311098018
374.23912791276325,0.09042894023389181
369.76971371491766,-0.39918097273891817
358.40992042820545,-0.05833243578535985
367.35374755681767,0.12943785748382197
357.81129510559055,0.0015842550022853175
355.79575643418315,-0.004198978961312605
337.18420514453186,-0.26098758839111724
336.7576399879265,-0.09506167348149575
329.38404120298844,-0.08797367386534916
323.63507563680025,-0.33221378924099554
329.0545974271591,0.08952306152878009
347.0854443573065,0.11593164314376736
339.1043278079931,-0.021990897145656163
374.28509444192525,0.2198379795713663
358.85826071577054,-0.14906983594596568
356.3634880416291,0.0420317842950908
380.22955345433286,0.3283390210544894
358.7845683184909,-0.2760200974057625
347.864189169709,0.26345488758875035
378.576060110973,0.4866558398570078
373.96814801516217,-0.46695521715548693
407.52739362368027,1.0509775951292113
392.76714573036884,-0.5744298053115244
367.2149596442574,-0.7299972429256059
365.79191572061796,-0.09523910644657008
383.6806067187841,0.3712673695322337
368.39321436969,-0.34166373028688213
390.29223251639525,0.4752717773714039
390.29223251639525,0.20288219342387492
392.4597834230638,0.160604720923061
366.4277869658586,0.007871805300169399
357.4694948202509,-0.07855126175320493
357.4694948202509,0.1617930175282254
356.42123481336233,0.14393265798435095
374.9042225428754,0.4402181497521269
335.1240540042813,-0.6678722688553762
335.1240540042813,0.7149057820790858
349.2593449516296,0.25608699229769627
329.13727687228896,-0.025225442398550513
311.50494631676236,-0.1775132815936331
287.0292668553026,-0.2452635374086185
312.8814280396715,0.43155964905395194
312.8814280396715,0.7108380957138252
331.26389000255256,0.1418328838869911
330.9195110865191,-0.1788490433774541
323.18534895394697,-0.16709654352087
370.3601337164542,0.7882774099311973
333.9330837850174,-0.29853866722112343
339.6180131693164,-0.013543519428594664
339.6180131693164,0.447527383091483
382.2029092324172,0.5035101534617752
378.5240980215335,0.04796754623180277
356.9818287081781,-0.1353666295859739
343.94601164436517,-0.4988015042679308
351.07864764907356,-0.2454896916793814
364.86168675256965,0.1490943297087597
364.86168675256965,0.1597489956195659
368.8455093781287,0.26193793200013715
389.36052773211907,0.20897320041058265
391.53776152775094,0.2837028361625471
386.12603312819795,-0.20494444851681237
348.0826733934296,-0.41049204683326934
321.7708517047688,-0.27098061417495956
350.4789975390686,0.35066196033244523
351.8695424022317,0.41952530163700885
369.30755827747726,0.17631576728990694
361.96463564377314,-0.14077542310292301
361.96463564377314,0.42682388465868826
334.25502812393336,-0.5017048733985803
334.25502812393336,0.3763730525366782
340.2961126551766,0.12014571412214536
341.6494536252781,-0.002578508237547794
341.6494536252781,0.08107136710168561
349.07755602518256,-0.17417449877643776
347.05601798181584,0.024896874750993447
354.17125141262204,0.2956157740040908
382.5323929378485,0.16506317914650026
393.4669034886141,-0.1293698863865984
345.4718667139733,-0.7687968226565545
345.4718667139733,0.4360799293679065
335.5133879159984,-0.053765753708034936
335.5133879159984,0.4284888346014668
374.10014058969494,0.24587599818505623
360.50171799129805,-0.12289645044393183
370.90204831348007,0.020621790698783116
365.165046393554,-0.23062428801358692
355.77761294514687,0.047037824318522325
355.77761294514687,0.3008441861609299
336.9603226036136,0.38031148528011727
349.2823319919683,-0.08398234635671997
349.2823319919683,0.4268877800479913
366.1653633912078,-0.17151623212726008
366.1653633912078,0.3677340444305628
354.0375301784615,0.2577121639088773
332.80158098704356,-0.5790626674614714
332.80158098704356,0.2462466812112325
397.090495023491,0.545895904897975
397.9539498512642,-0.16982378923978558
393.0589166707391,0.018335450955873966
373.0470988446953,-0.22264367123761986
367.25488773180615,0.24570937680891802
405.46739869603255,0.4992791926310929
385.23020600885957,0.04821712551972723
387.6514432776796,-0.5722156372329437
368.4939302622724,-0.018286260304535062
374.45342277836806,0.1256410159310235
381.8026156980475,0.12542860502480835
356.08779324117563,0.04894230477793826
373.3423175935545,0.17748910325929046
373.3423175935545,0.34255796087916224
392.713650722653,0.5568177260221319
366.8387525989641,-0.5466857648913219
382.4463438126985,-0.12773540910427528
397.5534362627294,-0.09195728228996813
393.98589389355504,0.14509286997633808
393.98589389355504,0.24827289856159496
393.98589389355504,0.14151424232522913
371.1032779404966,-0.3947830767237974
358.2920511441465,0.08325772942714593
346.1793153644493,0.06868435856847555
367.43073330321687,0.3973117935818209
341.8244662698452,-0.5486534612854257
310.4591210260796,-0.34926318525992883
354.82241554326583,0.3660091789515718
349.5213816214162,0.08963724464774714
354.8825664140881,0.11023645075920285
370.05456298160874,0.09047666251240116
354.93651478965324,-0.14802518699843858
370.9015352059839,0.2219148188038389
370.9015352059839,0.43164499656325006
353.967204589633,-0.24643906717301434
337.6662338846932,-0.05081822065551478
322.7157465322925,-0.5507306431088637
322.7157465322925,0.4788163461196291
322.7157465322925,0.794413633592626
322.8069084029663,-0.0364378265473988
290.251976569832,-0.4641841814726604
290.251976569832,0.4868365651344675
311.5242094383723,0.374239334132767
299.5161164145412,-0.2583483534591551
318.38201660255083,0.33215398282732167
327.94563046446046,0.13674922096208775
327.94563046446046,0.3585786546282179
324.6404564399926,0.015212543912298315
324.6404564399926,0.5047067327841432
324.6404564399926,0.30171647785266487
324.6404564399926,0.39029297101365046
352.82457037783587,0.6001203913658628
354.9465514293318,-0.012463192120549138
370.95274878319964,-0.3183313117766602
345.00323537858753,0.05653383274307089
348.935469414581,-0.46822342672555806
348.935469414581,0.26476727455144555
353.9286673996221,0.01854606968004191
367.2583722369971,-0.016585674820021268
365.60909000282714,0.46801749516987456
348.66439712873745,0.1723132659744806
332.5039310863019,0.19241088712510646
305.111583232998,-0.6876109741771188
351.5902155984852,0.7098694435962898
316.7995639536975,-0.7862410438555116
316.2060980985792,-0.20943409273900215
314.33088732339155,-0.18537147433676182
340.8288410716868,0.6648578622364312
344.80767982734125,0.09123949477157112
361.4964714912176,0.20951188587036995
357.5553322821888,-0.09357744164935866
371.97410439204253,0.012654824245373675
390.53982959459694,0.41508038021720495
384.49224012274266,-0.18228837106005358
397.230431594556,0.21614362156117295
390.12327546419004,0.14873151846313704
394.6333561778106,0.03664448462495784
369.73829967496255,-0.6261323465072337
351.6357039037461,0.11036570694227521
353.15574656174493,-0.39830853010357714
355.5221150418485,-0.07602692113164267
339.0134450572718,-0.35888401967440586
371.7482030401246,0.5422054145833499
369.928042531188,-0.08744191751873132
356.4714439418767,-0.14322424173860782
331.43632480960724,-0.48421082905053936
352.3286443122357,0.00108103569357354
352.3286443122357,0.7091001292415058
352.3286443122357,0.19959666064062276
349.87726305553235,0.38721493567061316
326.609249585488,-0.6965785823435908
326.609249585488,0.8500753792673095
329.77824662591655,0.36943974670293755
353.919929837192,0.2683635938161615
351.0165584482168,-0.05706385764699462
344.6911906144749,-0.3467763863829987
311.4857316891041,-0.5488124716861194
311.4857316891041,0.21136957455405536
332.6698545329923,0.23578425944651826
332.6698545329923,0.4286429638880236
319.9519241100108,-0.24021479692737557
336.2268742113114,0.02637216122582231
341.6416517446366,0.004993713604790173
341.6416517446366,0.32753317518131553
336.4033392400664,-0.14568036066987133
333.71373208192205,-0.032839769156225884
333.71373208192205,0.3551444187208972
341.9629881613825,0.22222921129900897
366.2898446606339,0.1204438924897886
341.3045594794275,-0.08368842863364989
337.4907918848132,-0.10988148694457323
347.15618822420123,0.17576511306799603
328.5786573600985,-0.541197803138175
332.3164368685808,0.058202648580731875
307.26103439015407,-0.08270875868981875
311.8705763579286,-0.2274022295027862
290.08098336192717,-0.3404249985715069
325.94030649382296,0.6127671897927485
332.86273237248054,-0.033192839654361705
342.1426455401919,0.3343407118926507
367.8138765293862,0.5659648221212592
364.2220289405295,-0.43008538551816855
364.2220289405295,0.18870752144209746
378.63288725609436,0.14493787924766366
382.4154506968215,-0.30810986781784777
318.60128795350136,-1.079227404296148
318.60128795350136,0.5360396287757112
318.60128795350136,0.7757545588603989
318.17598545918713,-0.147945107091914
328.1110646682792,0.13033905691077052
350.17436518824877,0.4391344267621662
340.47107127579756,-0.014117242994643675
391.44890072678135,0.5241114338662101
382.49513996009233,-0.40138538635255827
377.10585616427414,-0.037432226824876125
357.77619999381784,-0.4989930619876759
352.9122981500528,-0.3049608456366286
352.9122981500528,0.4359912057858537
338.53008351570725,-0.08665403386237358
361.1777559894629,0.640826236427074
332.04130224306573,-0.21588366701882933
325.8261572591648,-0.28299912138595573
343.121774013964,0.24436290821108742
357.1957299798024,0.15890662992103444
361.2895794540758,-0.02269146641037878
335.7846777928439,-0.009324821882501055
318.5889430177392,-0.2795948423960226
355.1306041869858,0.5878650444363984
324.53824420398666,-0.359039237441948
324.53824420398666,0.488397251182505
364.04068194467243,0.8596910436569942
344.5925634533728,-0.050470354830963515
370.48622323470744,0.12440042044931943
362.55953226334066,-0.14363017181176474
339.88704274716747,-0.3825748758240479
347.61835830858445,0.2246729572265167
349.85976537703294,-0.2852345619552352
349.85976537703294,0.2577980386950003
343.28492021201095,0.13649238827770205
357.85416051305793,-0.023329531363515343
357.85416051305793,0.22826882166327778
339.4707596764522,-0.18239020470389278
330.3638158739805,0.06325134709766189
330.83744334360887,-0.06799854141786454
364.0299418878017,0.6833601329503836
334.6703238610339,-0.6390900850209391
335.0014281889557,0.17240368915167892
335.0014281889557,0.3355103417592318
357.50273213081624,0.13465241869334932
334.27186581869904,0.03181094874548762
308.17153091356556,-0.4853631807244483
311.9745365876877,0.040665930791533356
345.91273022555066,0.2312246219495364
315.5079264124981,-0.25390820621692
322.21219359930996,0.36371449668035893
322.21219359930996,0.5046368103517125
331.05458259759445,0.10422303620430284
341.42184992361865,0.15624213262549347
339.84430944908905,-0.12097000217920595
344.6690104188065,0.40145417110943526
360.44859712312217,0.05982563859856782
393.0669416544635,0.5477514844787947
366.4874472847064,-0.37551457524887155
375.10906540562837,0.11245959143911932
386.0503965918093,0.16115658732564953
362.7300673113658,-0.20017228051210623
332.18490614347434,-0.2765712814350536
354.25080852518414,0.19648078013483428
359.2939119584961,0.07867998941480892
328.6133771202359,-0.6966148363412685
336.83672200000535,0.07255256533846932
323.25472962444985,0.15724858172052336
308.1343596881909,-0.41068399002801925
307.8230117159829,-0.39796984409349534
329.64925483756167,0.24661930314198344
349.79767727599545,0.03301763095282695
349.79767727599545,0.4368400849355112
338.404707802405,0.07093618791441259
339.11419635606177,0.24272515753182233
343.2085540526045,-0.1525917392214069
343.2085540526045,0.4891819832367901
368.5338667626572,0.47559728542671564
358.1056616505939,-0.414080894389258
353.5347315744037,-0.013816085553116864
355.04856246234647,0.40383071744145127
339.7317008133416,-0.43939452988843186
339.7317008133416,0.4389241113813114
351.34823014719393,0.3422423054329329
381.12698415028404,0.5000759702999176
355.8702091233835,-0.0839757693829597
352.6326980540043,0.1968788676647364
361.628240551288,0.22449306545934178
371.93424393383765,-0.03709196373870327
336.75149389155837,-0.4395275267419265
344.2926592932941,0.10104050953304977
329.0270619317014,0.2333570295265872
329.0270619317014,0.5991488652418866
325.7434328595111,-0.06069983630959541
351.3964006520203,-0.04315829214090172
356.3953175553646,-0.2453607384973111
356.3953175553646,0.26511237307795454
364.29431296596624,0.3226451564025865
340.9921004725313,-0.13537747880388906
357.486934531596,0.1785897293277685
360.3403928194246,-0.026880481334046635
355.08497160051706,-0.4886055792813977
365.5529898607046,0.5606788178731676
347.56219448531124,-0.4821451279606208
355.3047012272939,-0.05884689578954294
338.9507395862644,-0.021180819048595367
335.10001314116687,0.18019042565560994
335.10001314116687,0.25459403157685756
356.6157115686895,0.20702838371516918
356.6157115686895,0.22397076735342125
349.2571861648784,-0.08302342467982271
349.2180381051664,-0.12529077483520723
341.75697290150504,0.0022767301870771917
351.44662757136234,0.010740408579522409
370.7598960761913,0.05752960680047181
353.11569375511175,-0.06608289823429914
353.11569375511175,0.22400479950340468
358.4353948337818,0.21277086322129435
358.4353948337818,0.05284184459117114
356.08710123177343,0.2745857882927112
350.56540158971177,0.09636389166757908
339.2317415079113,-0.3363860715635383
378.48321949813794,0.4798443369116967
378.0380395554865,0.12220848548099639
364.56430306055046,-0.24517041156900632
364.26689430130284,0.23418809747875002
347.7073805687638,-0.33482000884339413
347.8316215203019,0.1747037124189319
360.2977478778905,0.31690254286513664
367.5526373133009,0.04270560369593568
362.0492537382235,-0.1717679891211219
332.76291723002663,-0.44034844406712637
330.3694071123874,0.13196926775526663
348.7605349272367,0.30264184605948685
348.7605349272367,0.46473893252027665
375.8346678250358,0.3232540836412454
360.58528196797914,0.011245415157986827
360.58528196797914,0.361708291571631
366.2247040249649,0.18005521013594716
366.2247040249649,0.1252111236883593
350.87931902185784,-0.11353362088857466
330.83732670874446,-0.4485010205976323
328.1242025099224,-0.008697391547002553
358.06016081625665,0.19164711928726774
339.3990737329654,-0.47866069052543025
350.82541664849714,0.5151167357020086
365.81195969137724,-0.006443043473950638
353.8017173758528,-0.2688971485840739
345.0135953505316,-0.02671117541069634
296.3359370509665,-0.739199976753639
296.3359370509665,0.27115667663576914
296.3359370509665,0.5199051711974789
296.3359370509665,0.3741619783893384
347.87471488201345,0.7306025698874237
348.35471758632707,-0.053498173719958686
316.55429645831214,-0.19950230148594983
314.2673462924298,0.09447633473314454
314.2673462924298,0.13104876474881166
340.17734769387397,0.40567614053816214
361.65163280810134,0.03547301990613505
351.5296946115093,-0.0138618580193679
386.56377262342176,0.22824843920921012
382.7814924024907,0.04712475836527119
399.3357842092422,0.10694531442516109
352.4673392883507,-0.11503381019383596
363.58557505596343,0.11752443966247483
354.89931211909214,0.18810809090973635
350.5608777112123,-0.07761528719254329
359.9428551246263,0.3334842310116528
369.0046880849093,0.12554534102673642
369.7203406800823,0.15954753441917546
356.9465603992554,-0.07513258101721476
347.04425868470236,0.15145238776926817
364.41374089203396,-0.04871824749818643
341.9372340904792,-0.07432177359964953
351.32568266277906,0.05673611141025958
308.7972501224816,-0.5985475015068005
356.5610778231664,0.5125570293031387
342.9115809676261,0.05322755493807563
313.98057415368396,-0.5956293916905224
319.8466208155004,0.3832276210416694
355.77580433926306,0.19006728248143645
348.52367689825894,-0.30154383578030775
348.52367689825894,0.5082145123245709
327.27953164405363,-0.08737709056140375
327.27953164405363,0.2607312860068305
356.204046135552,0.37483173667169467
356.8061742131095,0.24908897006616826
333.46654593134235,-0.3490975542280239
333.46654593134235,0.28969711442175594
354.5139742212224,0.2482241241718839
361.43074641653817,0.2549613824938888
361.43074641653817,0.2672156587011614
348.2055101079713,0.1222983577317791
362.5088193917143,-0.1650314471960428
386.2941263994031,0.3388373959008959
352.9981787746339,-0.47860103995083136
343.1004273261773,-0.10179852704413861
310.02678330195437,-0.45513526807644666
343.10199642932446,0.5172696897344622
312.39226592696286,-0.12527759449255882
337.9116674318403,0.5381204203047218
297.4873664255964,-0.7271984917063037
348.062845894163,0.719382599970686
348.062845894163,0.4003808248802443
326.66579774242115,-0.45971556248537127
356.32527101374524,0.4293892763621443
350.13205160105656,-0.09794620836885315
343.6568085252762,-0.10361683271798938
316.1054737787605,-0.2017979292943437
339.709390138856,0.3424464591569176
369.49580717291303,-0.1317557535655851
354.28936110128217,0.11174499696676321
394.43655645274816,0.807217551372446
375.36302305826297,-0.6487561729959452
370.98950725280673,0.2899366434038484
375.7736089997867,-0.20168781317579487
355.26756409375696,-0.3623759402325959
337.3636536454165,-0.07049929810239064
320.34289080310776,-0.3330094397809944
314.3454738404787,-0.06479703988736674
324.0412831963541,0.17823774656403657
318.43787193227945,-0.2216872118495985
327.24563887525073,-0.07766738646705562
336.983129768798,0.24834817318230762
336.983129768798,0.3545577330245351
331.930899207542,0.0862439621099611
338.453091706274,-0.0523286809362844
347.626111735835,0.15162380550520993
368.4379556520842,-0.09840024234154043
366.09479050356595,-0.10815869958014446
370.466555265281,0.07488512774114042
344.49944053264846,-0.27497905892153085
343.78554682840337,0.0750010665294667
347.6052127290741,0.3136194218137689
325.1735190057675,-0.5959782413031007
320.75238271213385,0.2924192925385114
350.9005355904076,0.26121335210268626
343.28593478880794,-0.14350960862179818
315.66232726447697,-0.6342886554065217
315.66232726447697,0.6575755785903539
315.66232726447697,0.17336924289497802
334.48926205693084,0.39102193504572824
362.4751031087497,0.22674353715729012
362.4751031087497,0.12410545139164242
346.00541742540696,-0.21942696305904974
346.00541742540696,0.23711133301640075
318.81431234624404,-0.21359455178173903
347.59028039551555,0.46320313355283815
346.8757857623522,-0.04357378792326472
332.80013313790585,0.13167879696140972
330.0570186899298,-0.4772451478493167
330.3300799259333,-0.10087847309944209
343.89548206931175,0.6468892725613387
346.75650489144044,-0.17785862767300387
346.75650489144044,0.6035887117607217
362.96756858897845,0.3336689077503934
346.9121729011695,-0.1977707104813362
350.78164483773344,-0.20520394000379838
401.53605808711757,0.6277894496263343
375.46066419810654,-0.46682060938644554
340.4036885102372,-0.048103570967441556
356.49724978272206,-0.020450042150287118
365.87016707637576,0.19301497457774985
357.5876052643342,-0.06965709843404966
331.1074309327066,-0.6597894139555365
334.2128870644933,-0.035372343373637705
333.19923024378267,0.2523317111442793
333.0533474720477,0.050044842617353424
333.0533474720477,0.5858410789903701
351.157686043668,0.023091507905860453
357.1578019694573,-0.015455588873805937
331.3958948212829,-0.2664078564960164
365.64134725354455,0.3765620171043338
348.54478176854406,0.06979915766373779
357.93573237279065,0.23230876325987992
353.29269169017084,0.16592290806238452
345.7053122016857,-0.27376398288481596
342.56858872151736,0.3100758667308128
349.7042376068647,-0.3227448280341605
331.27883318094655,0.0024991862273964216
338.9287482622248,0.227216237227708
352.6037445236069,0.042653950980934496
376.1623241107002,0.36134519166648715
376.1623241107002,0.2285983161580134
348.15140662201895,-0.6152679789336162
348.15140662201895,0.2315546963484394
343.2398132803802,0.08876060171132849
361.71015015636596,0.11016303712960962
362.86305869958414,-0.09881478619013251
363.18298861827844,0.11053480710722852
358.0469366908525,-0.11090860979845729
379.87563723709064,0.21005340138572137
370.0968645210366,-0.5707434885982821
370.0968645210366,0.3756202856575328
366.6045500587955,0.044767403479454515
371.2096472660589,0.5123510778048512
337.8001073320869,-0.2706069964398239
340.9948025497656,-0.0058916699169913045
362.97355864657317,-0.0477407506759846
360.574539101047,0.2289784924240621
322.0302536088847,-0.6169809029231601
335.9880053667473,0.0563595884359529
335.9880053667473,0.5686016937454497
348.56389376766367,0.5109178112016934
350.3884433215807,-0.05107188283295727
350.3884433215807,0.23702367545365632
349.85827653362,-0.527888203426528
349.85827653362,0.20029670358189833
355.6709260577878,-0.1120238788835195
339.5499839479695,-0.11077159060766917
331.39884884215525,0.1552369988605733
338.4518295484974,-0.2534555872953206
341.5415820168421,-0.07390277070498996
296.1616410420651,-0.3998285832572037
297.48493833744084,-0.1675619167219793
297.48493833744084,1.0916494828122723
332.4603355808172,0.693553115339796
313.32679251278046,-0.1392255463526908
340.79919559174186,0.3082795520679156
318.11805841672464,-0.32435885625739047
328.07915457513525,0.06297265515308936
316.2635503941396,-0.03463226198380198
304.2843985492867,0.05926485394820702
341.92075406066886,0.5962892792340426
306.51655779889137,-0.7891461015865389
324.91024108360403,-0.07989086853740446
331.6413538193006,0.30443516734021614
329.25968210505147,0.20445105985345435
355.21055659746673,0.3322314839925866
343.0700840599636,0.076141578294596
340.87467047265795,0.08701784752634012
340.87467047265795,0.4612706149907808
330.6066544658699,-0.2835098058562835
340.3047523047485,0.38428002238606496
304.615923603826,-0.35068408525421546
308.1978875234686,-0.26850094120050016
327.5143613468653,0.41671204364502046
353.28695855566576,0.5431304404548882
330.36891855036686,-0.3787365909529399
323.3095390868338,-0.5171626068470232
355.9326792752624,0.4464526940308815
330.88769797290644,-0.17307461209406938
347.1418950888843,0.1641951308266698
344.88649478302216,-0.14624077738596952
343.0556354602831,-0.22874156862553718
358.46807738127296,-0.22747237415228483
366.8492660894573,0.2658953252233687
352.8892483295109,-0.05874599061178287
365.3430972415467,0.12093732257994816
365.3430972415467,0.37295116289033103
362.21979035365916,0.4049777670720687
355.3450814397511,-0.016622859089579833
336.1425389915291,-0.2789734156905297
337.88167370197465,-0.13817725301350947
337.88167370197465,0.8162321315742247
357.30949300037145,0.23554292147537126
330.9994232442351,-0.36119202512441007
334.14358963711976,-0.06447332586458288
358.16978739596937,0.4243531445044937
357.8576720359229,-0.254267999098829
357.8340274509101,-0.16304903441846363
345.91819888629715,0.47572939705969475
345.91819888629715,0.4065678178321832
338.5544261189139,-0.052957013465515956
340.8227967643273,0.4081215828432505
359.04977677069644,0.15685974588109275
321.7026590560173,-0.3472061000792337
349.10603895532256,0.21313753510662536
325.1250396659211,-0.370825306175675
325.1250396659211,0.47323821573013447
345.3255476843531,0.6170629608651552
375.96937080538385,0.06973870711306063
344.3416512499863,-0.22006225518362044
344.3416512499863,0.8633457919924012
347.88275695688026,-0.03792746449812512
317.7332341260711,-0.505461248361371
319.5776766148101,-0.1712792441919646
310.6343487857032,-0.029845543372175598
315.4153435351847,-0.2497912648317424
342.2669092442736,0.525331229099379
342.2669092442736,0.44132240266321787
340.3803744517808,-0.14407999872150867
340.3803744517808,0.42477051341143124
340.3803744517808,0.7713355080562678
338.9276013422636,0.5452861048609066
338.9276013422636,0.24518372687941792
339.163926112472,-0.2008513491427948
324.5335629848237,0.08967400070253007
346.12503540341106,0.1176109849027398
370.0056891846116,-0.1029707256977872
331.93698247171864,-0.20517256171388
313.26465423565685,-0.17406461812083762
326.8535420716081,-0.11486812445389205
334.8672482893771,0.2719889549952086
363.22697857255844,0.26002555569459673
354.7406835309887,-0.0814400887369402
377.57570412708253,0.1695774123860474
377.57570412708253,0.5077024029561699
352.26022552266903,-0.11512745230834298
340.77001527344163,0.09654326003305869
313.4690107990129,-0.6191329822972875
313.4690107990129,0.6227332709495386
307.65953708236,0.08084389502027989
320.5796829657202,0.019515123049814065
327.87462908195346,0.05914798710023206
302.2620853250996,-0.09548802604388129
329.6901223910132,0.4859527227977196
331.93465701619925,-0.02050948960493315
356.656423065327,0.3307327371381916
356.56370604075465,-0.1304029882865052
354.8142853426933,0.2600040396953318
378.51891597239705,0.36426619116593884
379.7144696400076,-0.02205300768775942
341.5845956417004,-0.5876988119983935
319.1153233244024,-0.036993785056097295
346.18759623987063,0.25962108488624835
346.18759623987063,0.16296129945646953
381.40403970559044,0.3135963267958459
362.2099243759571,-0.14888261598173358
362.2099243759571,0.22834089514878997
356.6581985053874,-0.04909973901249032
334.18241094905295,-0.37259560419352056
348.69540501564376,0.12093924132364009
353.25315059044476,0.17122660710731452
358.9445320297074,0.2781984613146733
358.9445320297074,0.4221727781939535
378.163238604448,0.44200810339430063
395.6243708877594,0.09613180176552305
393.7798282088321,0.14493727141973523
382.71690278148293,-0.015166267963877544
389.85509563370056,-0.16900809984986154
372.69098636993255,-0.0979070958524062
368.7738692794204,0.0656288080192553
321.94021673401716,-0.61596574634234
355.4332274703346,0.5433109168417332
347.4418589910944,-0.16557559682394185
339.0347365192679,-0.182176479394343
329.9239644817733,-0.08722224988946436
339.9721805257961,-0.02087827424122679
324.95379116916473,-0.4103034637082601
324.95379116916473,0.37180049149924344
309.12465731517045,-0.162662572472982
330.4559510998503,0.27548434369896313
297.78719402636887,-0.022862229813995327
297.78719402636887,0.5661176130108743
321.483000553757,0.13722289789393471
321.483000553757,0.641084956382656
321.6226983915405,0.49011724580975624
317.8631212258035,-0.3378739074925079
317.8631212258035,0.17913839121354158
336.27429652629365,0.40004153150073307
338.92104032170124,0.07234076844497395
339.9096932811592,0.03395521006234503
359.0752862362719,0.461028852514346
352.78298007382335,-0.4326902607348302
344.71181346113747,0.06341203350211799
335.68875062536705,-0.21754241036342137
335.68875062536705,0.3241077092126261
346.82400375547195,0.24834623574952275
320.96934873635075,-0.6689479758217658
352.1003690509821,0.7153569356405569
320.5883378584747,-0.5638828184485192
324.0615047892785,0.40112290852357546
345.22910057221543,0.09807718275078514
351.5892024115453,-0.09742804393829374
376.7942655619798,0.32687918818965045
365.1580490469095,-0.26578045931705674
391.27174026864003,0.34442769482575386
358.11853630189796,-0.4607903917750491
342.4390178931308,-0.5518804989769706
378.6186433332827,0.7718052053028259
347.9071765178636,-0.3513131752431491
347.9071765178636,0.6104324104542229
347.9071765178636,0.20616713939136844
358.9363912791697,-0.011225530414208151
373.4883944287043,-0.04555240619856704
373.4883944287043,0.5434014953525548
373.4883944287043,0.24878672162344628
373.4883944287043,0.34907538250331527
397.4115526319889,0.5011230485158649
390.4086105977725,-0.0700968425355768
395.3647789194403,0.11711148543588479
388.82250548240273,-0.2286257342900626
390.0673302574426,-0.06601520965864438
390.79742086694495,0.09653193921644743
349.7321100255389,-0.3556976277161539
351.8527397841086,0.11570662386895947
350.64459885150745,-0.0384642669519053
325.118230753627,-0.3936936812115164
346.34584181450765,0.8595345016154852
336.5321330159297,-0.5293460474824769
360.91187120102757,0.2951922966267375
339.53343048353344,-0.1010492526552298
349.9292951897262,0.3071980355358619
340.0624552480075,-0.29413549562241315
348.0890576304123,0.24020830184622355
324.79564478609615,-0.16812509185865565
324.79564478609615,0.2984975597532866
346.8944028128041,0.14809969203110995
356.13949066069597,-0.010147180748958817
315.62567179078326,-0.35270443764500214
354.0855128964281,0.5897712022228916
346.28547612746615,-0.23241130936594345
346.28547612746615,0.2785814837873204
327.16217277850967,-0.3114612838725179
327.16217277850967,0.19380760121430285
363.52922346811613,0.25557469930629395
322.2640339245038,-0.4100143373073024
320.86449650742384,-0.1906895611505206
335.04274635184584,0.48186755686958804
353.77507646806504,0.43403918659942065
341.35710861428333,-0.402420694307807
365.13924254893146,0.08248140506213986
332.7778555356042,-0.37696964139570355
353.73153953377897,0.03047723207509989
370.435688451562,0.20262044461401274
366.95103525805285,-0.0423240448424167
365.95840941142194,-0.09419790720346555
365.95840941142194,0.6909206334273676
360.270829260246,-0.033136221976519664
359.0719253641542,0.3023825640946143
340.1186752486682,-0.24122870664939455
332.1890557918501,-0.10855632701202467
331.0144869243161,-0.10841798702062988
329.1676939417788,0.06172561751827743
329.1676939417788,0.44528807132849124
333.1562548545698,0.29010471137030436
346.80608858722036,-0.3711737219900897
372.6009673925817,0.4725590590749107
396.6892018285242,0.7575581161802347
392.2891541542891,-0.5289011796403429
362.740403179105,-0.5052019192755779
332.74232163931714,-0.6035997064602725
349.40528239083505,0.3121393025890029
349.40528239083505,0.19522945707979034
335.82452585088464,-0.03784118601777209
336.5630397175139,0.005874490970086299
320.6407423766464,-0.02188861332581382
370.15300149446256,0.5406473406821988
380.5529631746429,0.19340434935361372
348.06276337967955,-0.6403195006976148
335.73795980067905,-0.47487379885342307
348.2935664513237,-0.1121823078582338
347.24782712872184,0.017531157464532043
338.0457935472719,0.03343005824035572
355.3314611127952,-0.0019679250140143267
351.06424182381767,0.15960022082799696
352.7742727442249,0.006808599750002031
352.7742727442249,0.11738775015305691
351.03361059282935,0.0017120952043114812
363.11893016083724,0.0869921054832048
362.16830716243203,0.18191795621544316
352.7199065221374,-0.10308314944791164
351.85506970948165,0.11160888146446268
335.7386682944477,0.0032726933247886336
308.85944523884615,-0.4069710269246798
315.79837350677616,0.050413835246672534
344.48668469805165,-0.19774139203968844
359.21268543060546,0.3591048728451369
335.9766643232357,-0.025878194360643647
349.8827877980728,0.4027213593861916
366.9821990426266,0.09841970207014583
375.9481940833319,0.028308721177040752
368.9894463919183,-0.07441498943865099
380.1254042495262,0.20615169955590318
364.83641943464653,-0.15555103220458477
368.60365014999724,0.17581223419688286
360.71779898055655,0.10677979581339514
351.4721402878708,-0.24434578718887678
369.8819882456645,0.607511294993401
382.2648280849316,0.06012265635104086
348.6348750891488,-0.07917460038061108
348.23814497053945,-0.02924775665019297
362.36420990011896,0.014108486419218025
354.3996797611443,-0.09495272095500695
335.31370783642893,-0.21689440138186455
351.2456051900203,-0.03661723224308844
369.6821527569907,0.18945774364715362
343.24120826116393,-0.14682893716974377
336.6064971917441,-0.04593384716474702
353.6150412161446,-0.15083071925039349
364.68060773790864,0.706211295335379
341.4967516515044,-0.43284666766010105
333.4667459250076,0.09321550586787453
328.08098241438455,-0.1300479730484767
343.1123750305608,-0.04806681831826154
294.1240222485572,-0.33102774012468217
307.20328424134124,0.14757743110203592
352.16323529676106,0.5332108736536156
336.4171644032018,-0.27552288416586634
354.6973129928524,0.05430614156841784
354.6973129928524,0.6364706553013093
330.9804899430166,-0.4695401102976575
353.70134162983925,0.46280110239786154
376.3307964983018,-0.16010925265482
345.60055986139554,-0.28456080347268653
352.5790291472693,-0.1544755388752037
355.60382284800914,0.2021151502833618
299.06468910396063,-0.9120535429054826
309.9318379133185,-0.0026761706085380865
339.7059620194548,0.7218469145519748
356.8029581557386,-0.028994734547723056
354.3767068820463,0.02031398716201238
333.1759638733229,0.04898775169294822
340.9157744835126,-0.07225369332661558
340.9157744835126,0.5924925339591027
340.9157744835126,0.7418034812133101
316.16981038953423,0.19634746064355113
316.16981038953423,0.4316524236260193
347.32792186206575,0.571120058710676
332.95598829122054,-0.33284044658807943
332.95598829122054,0.31928778168128247
348.5382584371605,0.12173321557133931
331.89835281211845,0.12354083198647459
332.30674417370386,-0.08589526825744542
329.7033451995471,-0.32749690030345846
349.14175182965664,0.5026461735474186
374.4161325634071,0.38928161845387876
382.3846863661219,-0.14365947621081432
365.940865584664,0.07879993958408704
380.0417679952343,-0.23387467486531932
404.0257828869045,0.4548886462966948
376.17384409370925,-0.23057467389503472
362.94568390449905,-0.2113276868824414
338.9889247805557,-0.16747216961471167
391.9843849584997,0.540781971436445
377.6195667980717,-0.3398217714864131
351.3518411946843,-0.12884880582282676
345.4341266432764,-0.12455435371248313
345.4341266432764,0.527830760175334
363.15475489771114,0.6955585693552848
343.06889002323896,-0.38487934161207704
375.16822069940645,0.2849126965107871
365.24313655962237,-0.07866003476499372
353.1949569721898,0.16891007025162708
339.5653784058521,-0.09648881636394435
326.54827835241747,-0.5880627033233168
341.68082362843415,0.09889334408308059
337.68756700991287,0.09679128368077272
334.57152217005194,-0.1234335380745506
324.40528673475234,-0.03987033488965608
339.30091687134615,0.2536804884130106
343.0148444726346,0.020173989527620506
345.8256215486473,-0.010931316232813515
339.1457305397956,-0.22256289144354469
343.0306978855565,0.272885178843012
335.7317139145756,-0.3873697257201911
315.24488325528233,-0.30727112161821424
334.3601731801922,-0.15862162798316604
318.10656308828754,-0.20819179584145786
348.3693942805798,0.7499043695447654
347.7062161417104,-0.23012527231503555
370.479912567977,0.08435048833291603
346.57217565337464,-0.32363846782118344
374.0180692596484,0.22348318723470584
360.3891238226983,-0.01370718626890266
360.6328597190113,-0.004574410809937035
360.6328597190113,0.7739910429463635
360.6328597190113,0.16779815438394508
372.23881002700165,0.3071331023234052
375.99473424606845,0.28104421465809537
374.363376885357,-0.3736998720203246
348.83500897487625,0.05610650690186958
342.6952538129875,-0.5450591362948671
331.23277747129254,0.2327069688112715
314.5014890664035,-0.22771847242961485
314.5014890664035,0.4103527971733456
346.10028307524504,0.6092380188168818
314.5048200494865,-0.5899016116342182
322.4970607710839,0.24720441006707006
322.4970607710839,0.3555895616492535
322.4970607710839,0.2550440889822312
356.2599488626378,0.4379832639274355
356.2599488626378,0.23275064963308978
337.0067522176467,-0.18399659100714416
347.84202221861483,0.02384050977093466
317.7763227502268,-0.47728348860130154
346.4157133867682,0.41435518603157107
385.74052167149756,0.6137096922049068
354.2267598704807,-0.6657500113981314
364.9883728593835,-0.02977964069987138
364.6528516938796,0.24882122502128823
389.49093388626574,-0.27286249097528525
383.85380804649617,-0.19110040686746288
367.9622893166657,0.16723830121190986
365.4866120744375,0.12815445884484689
352.6315266286789,-0.5756444004799732
370.7528341009285,0.6082585377027954
367.4785856815979,-0.3897783508099337
365.1957867288728,-0.0642206135368042
396.6879450904597,0.3119158207516648
367.4698059283062,-0.2226033846940254
419.3001408152529,0.8043841273203043
395.1142453135102,0.18283130956967852
380.48007240159114,-0.1577597108359896
365.509469803177,-0.6814598861109289
343.6839904948968,-0.5209206228232688
364.10289895172326,0.24594201522336334
364.72403698722326,-0.07191206988954946
371.083789633983,0.18584528645067167
371.083789633983,0.2784933776638354
379.95540127228486,-0.09347147635310193
350.6807780906586,-0.09813162568832468
350.6807780906586,0.19079571843337817
365.59383585667433,0.2712031521029985
369.3475322409852,-0.13397264424349942
364.0631082597883,-0.19716959102618148
386.598587208117,0.5428124995501094
389.07902331480904,-0.21101045277237063
405.31612484615613,0.4345492208435644
359.11053825720006,-0.7065839830806908
354.186863793155,-0.0345064084299338
365.8487160156438,0.04377429747921724
365.8487160156438,0.0701324174350475
365.8487160156438,0.25679266054100935
384.5559632044165,0.26853355927596567
353.1000376873733,-0.4575632085975485
364.826149739567,0.12561134522638895
338.43308771084224,-0.2536666319771257
354.4636859181964,0.06742151869184454
373.375678236626,0.33279444753225107
361.75398408557106,0.22249205532796168
357.294317944155,-0.11522135582549708
357.294317944155,0.21754789176634404
357.294317944155,0.5309680556724743
344.267327250448,-0.14912469226032954
389.93896020791675,0.7058741460309648
350.69551155768266,-0.6347912106894
353.34609384154544,0.12713822129069285
362.21054243592636,0.01110154165280619
360.32912020907673,-0.046543919400960476
363.61933465648264,-0.051780435140472036
368.5805611445601,0.5207275642760578
352.2794583374044,-0.32193377130920453
333.08205823990227,-0.09251046630686233
302.14135965059864,-0.10351173759818266
302.14135965059864,0.23015375867726107
347.28328079990285,0.6154206185353814
323.036972254952,-0.18216824427668143
353.6256985887803,0.48396974653928737
359.43549121307245,0.07007577234173823
349.4169255751475,-0.4063488883853097
356.27538764664587,-0.036241123189483915
365.44989393087803,-0.01663958824178735
360.4692757219963,0.253623217607128
344.6754352948765,-0.1903831818975732
346.2197542697205,-0.20519376495121833
346.2197542697205,0.45488365718210844
353.7844610633884,0.11767724951278069
353.7844610633884,0.3462752222870904
336.69980240515366,-0.22389049142566364
340.64152544770764,-0.034012019271131066
345.17774675577266,-0.13550504570105204
351.7570985467504,0.4606199856807507
371.65591319872533,0.2293844635678397
371.65591319872533,0.13490939073017216
390.5182050522562,0.40749205136205546
375.08665892421675,-0.2010227232227635
377.4949105866713,0.09332613712081184
374.6602537982292,-0.08210538851415095
328.2728299857327,-0.8025269790791754
365.73716466504794,0.7374898138011758
370.9236249755383,0.16763696402017558
348.39315643398305,-0.37408799269462634
381.360223433448,0.587105871264157
378.6320942448165,-0.22718127979862857
367.82265291174934,0.0009262742815963065
372.0108010577559,0.18517573874373738
367.05964085523703,-0.27538540323553207
368.6977822768533,-0.08614248336891706
333.54317777650385,-0.23096862750333003
309.1941396148624,-0.3445796128823986
311.33891338895535,-0.1599251578136318
340.51500636345907,0.35870707266713
317.6913727654647,-0.3915526102946387
317.6913727654647,0.598129743633649
328.48961217965683,0.45157182832781473
343.3014200086987,0.1853531797088408
352.86203618656117,-0.07012821833291127
327.08889991736476,-0.12977210742258194
331.62118999588256,-0.050063437978451475
361.1492586767917,0.29510958541584387
352.86431247682856,-0.24273236986721258
337.2919788673934,-0.03070625910970648
322.99575247811515,-0.30134258521457014
344.7839111144111,0.25274522114114006
329.9220623465829,-0.19215675451573588
340.4722621698405,0.18510916886270934
341.06436698833517,-0.25485221968438054
351.54210294633316,0.19775596501199288
350.6741983045173,-0.0762747691713912
349.7901856362548,0.08847751179428087
352.6054748634711,-0.12839766789932128
345.4118094411162,-0.1301745830028267
370.4400241482289,0.20840233301851185
319.5218257182301,-0.34980377896988557
312.1281329705819,-0.0235608514597061
337.99887538504186,0.34307213447470986
314.87043058798946,-0.2555769166517621
324.824872978443,0.021391810891373098
322.71553298596973,0.19107816252892462
320.6430281087986,-0.05442277913653015
312.0295768525711,-0.0997153073235495
334.5290345594862,0.34478109023780235
334.3459498628687,0.0070851538840770445
357.9430452010355,0.2620170903117014
354.45025876441053,0.2201053871217482
341.59561475439915,-0.18122089685061837
341.59561475439915,0.6413573088418616
341.59561475439915,0.11274962962556856
329.11608043301055,-0.12185008068922798
358.8665632618268,0.3829618513547075
368.68182223359645,0.3605711961278075
383.4431336016987,0.05052380904101028
391.62507438209866,0.21932002958430985
359.57888872139773,-0.4707020919142906
347.1430077254772,0.025270406931440448
343.48415635375216,-0.3248355008178123
343.48415635375216,0.7006520042001512
353.47268647339104,-0.07309746155056018
343.56367618174016,-0.2327850309434325
372.8761193931367,0.3814968967990353
371.7591958344923,0.09642820281726472
371.7591958344923,0.25676203329828695
365.8488004236166,0.2550764190450536
378.9068490472825,-0.35207815662590747
375.22338528974586,-0.08237235406761556
363.3149020225161,-0.16970434526422196
359.18754280476946,-0.37834434931630767
370.36220896340956,0.0022870530515319842
365.44290157880465,-0.42035718867430205
360.9823989859707,0.19124438282506162
360.9823989859707,0.32154590147695217
352.0391689283918,0.11668438557762784
351.7283054192188,-0.4541345948049411
351.7283054192188,0.3307409858466599
351.7283054192188,0.7965078968849184
356.33304525780244,0.22436711174304946
356.33304525780244,0.38190382423738356
356.33304525780244,0.6915238208512164
356.83888488014793,0.007245987245141805
347.6187186641535,-0.07339275871947848
368.21792280240913,0.5728394680488691
369.76088748695383,0.061954295945156446
349.07524503484746,-0.21845119316185446
349.07524503484746,0.5254158191773968
323.528953147114,-0.2228234962017268
354.49840423790755,0.19988760582737086
319.65136763752133,-0.42400018585271937
316.1027562114556,-0.12889939928311378
316.1027562114556,0.5431490657516633
335.2658875388169,0.5678771950996406
336.61338770358964,-0.3350992448187071
368.8607698638733,0.2684719812838239
362.7748245809475,0.3284976628920049
342.9023617649219,-0.1523026159870824
342.9023617649219,0.6943983577841664
381.99625151616584,0.5690317253340709
334.9503839072224,-0.627973662731165
361.88754882470187,-0.010301231836479019
349.3151290059706,0.10745671284894343
353.5852911515233,0.08942156114176214
359.5070603485366,0.1915765527774056
362.8420721262954,0.06393380653798886
336.2992421368583,-0.25041248745185385
301.22229551202906,-0.7603840736389884
344.6716309471249,0.3669451017649408
344.6716309471249,0.7111144488014816
336.37363595590045,-0.0490713787257846
369.2769493102285,0.36407789167878946
352.98674377313824,-0.2054852964397469
370.90651006203365,0.187893226454662
350.99739351565984,-0.4522765557458115
350.99739351565984,0.4342060713574938
350.99739351565984,0.46081050446412064
333.60569077321713,-0.2206342463140345
322.46995917463346,0.08189655238334126
336.99922485254314,0.07574777149727652
329.71326131166705,-0.09634727491402373
342.38397183517844,0.006826263645166364
342.38397183517844,0.41854107998221934
320.12620949423416,-0.12908579437964818
313.45699345565055,-0.21223473784016278
313.45699345565055,0.35428848141827984
337.85994894829184,0.23868709329963167
334.9697306237614,-0.24171481820553709
348.84674061370043,0.26108584111932487
340.0673117220526,-0.04570160610478524
352.3616940656885,0.03296954414145148
383.80652898497823,-0.08628002074556207
367.92130070700364,0.17059803532504247
367.92130070700364,0.07037454620535755
364.2561883090326,0.4109912985060191
376.7899237499805,-0.0845249484600572
332.74525958859596,-0.5567762390060125
316.64163814363644,-0.4241947865386919
335.72733217052087,0.382090417284644
364.3420462629454,0.07875075152810496
351.5905849153654,0.13520517734195892
342.1165873592494,-0.3672829345514401
342.0610237096267,0.3614905773644068
362.32882987354117,0.2535913912263368
365.79342283345875,0.031092466957602483
365.79342283345875,0.030430135149345006
365.79342283345875,0.3521937828884347
358.4958226238887,-0.610444575514066
358.4958226238887,0.4349575779890529
334.99803079028635,-0.03926854964993254
337.38630482698915,-0.16784747512804188
373.6969671855326,0.15194559931933327
358.6264259601007,0.012999532069443376
358.6264259601007,0.4175298764547506
361.4118357501676,0.5983501050072846
351.6738980319472,-0.3407314132078909
314.9371725087255,-0.42892627280139095
314.9371725087255,0.33834545707622965
334.3534430489766,0.539329546740646
329.7112941972702,-0.03408543822672527
333.24997273965215,0.413485562120286
363.4346234083931,0.1604006471758339
358.86223122170117,0.10820008554139804
340.08183067236126,-0.4530523329716516
340.08183067236126,0.4759902924840844
340.08183067236126,0.5507375513417401
366.67803947676464,0.3235809803790062
376.8426093584087,0.14252408885738532
368.5446366186979,0.20259525866549666
350.9006525407406,-0.13717082554637727
337.4419121439506,-0.3315756191818764
337.4419121439506,0.1409784991114975
352.66426258855597,0.41502080008092435
363.9400804670459,-0.13009783442817024
346.9486931680651,-0.2863472543574517
350.9032477593287,0.1945029078352718
363.09628595233545,0.1382799542199109
370.33649626554075,0.3249306115623085
366.30203843019507,-0.1898005154666862
360.66216792184224,0.035889207495074515
381.9150867895153,0.2932211479317175
385.96131724498304,0.17823325391236722
379.7363547176581,-0.2116124313834007
359.3788994496518,0.13168799369395856
359.3788994496518,0.7035281175469663
352.791628490562,-0.07583761931641675
343.5829997163974,-0.10624366245474448
310.79717323118314,-0.47086635126890997
310.79717323118314,0.1503191677848008
311.87199201816776,-0.18261921611372145
333.45654929607724,0.4110398847525403
333.45654929607724,0.33514085986632836
325.75978839291855,-0.2759032337158942
332.93957139651275,-0.0687825623426761
353.4555029406734,-0.0004420130501330277
370.0928371314546,-0.1136753102343846
340.9967264386783,0.049354221845533175
329.7081932141964,-0.35697004837243185
318.09853276252284,-0.18371220169831304
337.44875864452354,-0.04128490180266908
337.44875864452354,0.5966521369391558
357.07967772869387,0.17023960944345617
354.3027235282845,-0.06072531476138465
361.8489448214683,-0.13140012230155662
362.0325769921362,-0.12193778530672716
355.15052680852233,-0.28554282487755245
357.60628088613004,0.05374551227578195
345.95729608043126,-0.09720007193379843
354.46947329948307,0.11116336352404232
341.40590521633385,-0.4109834212597434
355.04329298446146,0.23396941675184735
345.84048203182346,0.1335332795067643
345.84048203182346,0.6090060525946228
365.80518313519315,0.2660219540211983
346.063619632785,-0.522883331489993
322.58691970012353,-0.035727854901551837
353.0524643332786,0.12587973698737187
350.14198533960877,0.08948314183135153
344.58809840155504,0.33998056566576906
362.926381552273,0.025288908256129616
385.2593216093612,0.43217988830667764
369.4311345244978,-0.28058284042936066
388.6868499711699,-0.005809838191453309
383.8852265754063,0.2102683479076859
349.04733450175064,-0.6088333724915174
366.5050358041649,0.37685914707549273
392.4892435039501,0.18222693759935282
386.97489257746986,-0.07165845294480278
330.76574856092185,-0.3679669718455898
347.7025104152876,0.09414953986060937
346.74319434171827,-0.020272938474136026
370.0054974813323,0.2712096431403097
354.93244618226964,-0.18628039017585252
329.75181454681046,-0.17490173364490147
351.8919244803072,0.27733709014933083
334.09116993672257,-0.38647692186987115
325.6497678950954,-0.2044257535928864
319.9106506015091,-0.2176599311155769
353.4410235998403,0.7442379372048435
327.2864931627934,-0.5383015697505016
357.2111383327153,0.2238535019871506
337.595359627487,-0.38784579242940254
334.8184131370069,0.15031407039361966
334.93432278591393,0.049928451409755326
333.27258348905673,0.19646675039086858
316.79886003684794,-0.3201789682401568
327.14981354870696,-0.2070578272146122
327.311090773468,0.16547320686549938
354.09338956937034,0.3801310235495521
354.09338956937034,0.7385236079301194
339.52650757282765,-0.40251583739620855
360.06743653181945,0.670479494424967
360.06743653181945,0.5098074448485477
379.8648103701936,0.17695454448244163
363.9924071925101,-0.05215787771135183
348.8170074125998,0.015977846296891585
346.02008903390004,-0.04047008028805976
346.22332444616353,0.13417736511564726
336.02647463628284,-0.1855635975396126
316.74760741134685,0.19415907364225404
317.4946491674987,-0.17557556703354749
313.79435315347035,0.06585370363882248
345.5497134352621,0.41715635743207713
322.0534509655742,-0.1460752062988604
333.5677139090695,0.16362182804039094
330.24984324860463,0.06018995853071374
352.2722106770477,0.08616426346134176
352.2722106770477,0.39450867450318583
347.04767001832425,-0.21216310641023028
382.33219135799305,0.8220489093539527
360.9585544757025,-0.34253616662294917
360.9585544757025,0.34587353733263626
351.0029695647727,-0.1686422798024978
351.0029695647727,0.4501122856437405
387.89371319798215,0.4165851984038227
344.09545770838895,-0.6413125583277406
366.4934796292335,0.49164834697558035
375.38039248688557,0.09895717152176076
343.94660109382295,-0.47039405129680745
355.76587494358273,0.5103046979377268
359.0871180836319,0.1247260600990785
350.4459151255382,-0.20344533273578236
350.7780513849579,-0.006637725855171084
347.4749100020932,-0.034590307122016384
355.2306119388665,-0.28971659680701123
329.59134181006357,-0.023448123495086293
329.59134181006357,0.3632274301887719
309.0476344458055,-0.24410272631121188
309.0476344458055,0.461472039957016
341.6876840184116,0.31458705812099197
363.23300860147503,0.6381940218435602
342.7607519420848,-0.35560255177847466
360.7789944788488,0.20094341332094245
353.38092346784396,-0.059402056386488766
390.36151267513696,0.6458657781716965
354.29458677641446,-0.5317883361040003
368.1901598162294,0.4145238093252601
368.1901598162294,0.47655580416085286
362.1868039896868,-0.11046789944634838
380.94507013663724,0.21850786565767066
366.82825827176595,-0.5823519100985095
375.00990649335927,0.2008624601151041
368.91710485980764,0.10556792794102421
362.2419661756512,-0.35760011986872087
358.75274426544223,0.30129025548035315
405.7065820341518,0.6324997785968662
390.5116545406124,-0.4902180016767943
341.25450298148286,-0.6343455435636542
341.25450298148286,0.2869299310223141
343.67316653765926,-0.11708865479818087
336.8372232306336,-0.01653998611300267
337.5885985577175,0.24487400365751455
295.01918318412083,-0.6465269303899959
295.01918318412083,0.6629258913259264
295.01918318412083,0.7645393281079578
321.99739348490215,0.2574287778517146
298.20321434794903,-0.19207142218999707
326.4292473342726,0.31575135294360734
358.3090038383289,0.5589231410536968
356.03092756533493,-0.1844177795186397
358.75063969415055,0.056820474710207236
383.0288895751865,-0.1731432546328051
363.37861562092144,-0.28352693285523856
368.7221103443313,0.18265618265536432
358.9246158575117,0.011339740253447417
358.9246158575117,0.15800073291723038
341.3725196731801,-0.26429488929352374
341.3725196731801,0.35380976643250506
332.17684502448844,-0.45591194754854314
323.9590974974487,0.32357229123567777
344.1885849511788,0.22708043022907987
344.1885849511788,0.8316770544666952
385.97635672554026,0.5160955707865469
347.3054633764397,-0.38862663944121323
347.3054633764397,0.3027662442818837
336.42968112635134,-0.24735460400745524
350.15519311587053,0.27233738604695645
377.6062141179886,0.3217095860286463
374.96043476250674,0.17200838357348402
384.09296906530074,-0.05438499258502816
352.03193638053847,-0.14986323468770024
371.2863685213408,0.29535636857940517
326.30239227824603,-0.8022676038809777
326.30239227824603,0.3373031528677757
395.37409597879775,0.6278987461919314
384.41544446380715,0.17433665689350164
394.3488174006348,0.3993806642833988
399.67514489518425,0.15127723831608364
401.84880087273774,-0.1420052656515054
369.0849545236808,-0.331244273192965
383.6725440632816,-0.2215578341761102
364.83565648198106,-0.2684294969876646
372.95771438193475,-0.2522947481202209
358.08257401005375,0.24658531182717525
350.09545862365735,0.052285232249346336
351.6360585573103,0.06557734216175959
356.90594089673846,0.25393144498411857
341.7203966401223,0.06346341599601146
351.6135085953256,0.14197640127599698
340.73443566799284,-0.4579972893820923
343.68872893374214,0.22394694545766924
371.55996123448494,0.2146664224824235
359.07162795288895,-0.11720017262643978
354.7852981480344,0.3958182355604549
337.53060038102905,-0.18276492719155613
336.47642086880626,0.014707539533105773
354.9385506397441,0.23005003290552395
358.043556498329,0.1120476459384463
373.535858168361,-0.00622681014169757
343.8241284398414,-0.42427628591781286
352.4934018144154,0.015752797375512273
336.79701700765344,0.017202349879426038
333.27900504806564,-0.19908473815303296
368.3305355796568,0.36010963448529765
381.27541606303504,0.39137649199960833
369.0698200503034,-0.029499360294266808
378.9891689763516,0.14808987954870645
336.34072539102567,-0.497634651213275
336.3773387916135,-0.00936434040727363
366.56512903529193,0.18922613329573323
349.13755649312975,-0.20023122044153752
357.42138386911466,0.20440759350594817
317.38196567959886,-0.5292169627083467
318.9036836238442,0.055357130059974224
328.51938333187155,-0.41783321711625376
325.53327664244597,0.1486190979795765
325.53327664244597,0.33981031824430374
336.0926030752184,0.02270826997664699
294.3860003891129,-0.2712211083778584
317.58286569309007,0.10366022106859418
317.58286569309007,0.1925640374415707
317.84793143626285,0.23713542637517548
332.96789463120035,0.2791873915512042
353.55806914306737,0.44941172153164644
360.05734865625305,-0.0697410346599554
328.6615821900633,-0.17772750440394702
333.4946003631502,0.08781878833099199
306.8487540381476,-0.4417629627968154
343.31265469249684,0.4703017906048217
348.0426140871264,-0.010443703499504409
311.7895790317334,-0.19454168093659518
310.02086810504915,-0.004218494905217085
328.3443429195678,0.024813521731061883
313.0607060720082,-0.11363508430497404
298.30266906067925,0.1142781133085009
292.5055841138364,0.12114537049365026
307.11926177553767,0.056837475311681374
312.25203909353684,-0.234638272388338
342.94309113498514,0.4050241574307165
322.2192746729585,0.20300967238904377
322.2192746729585,0.18014892009352934
316.8721557902818,0.09910351452344912
324.9726736961333,0.18980860596036564
320.0924690757202,-0.28368648098773974
315.18736206345204,-0.1474254888073574
315.18736206345204,0.6443216776433474
319.1717812831157,-0.03408414692705719
330.8576129006138,0.5089506639786805
318.52397403352876,-0.24102001462642875
330.177851324048,0.11564289687396467
346.4880722144394,-0.04523656489664063
355.00709092221433,0.3571320665998883
343.3634967980185,-0.18353179158293642
333.08163769698723,-0.2146286103508146
345.5925358048657,0.017905938205785787
359.02002109803504,0.11925162095485575
388.7205476840774,0.5780519525787895
345.946162848463,-0.3510600727138353
351.7425423770502,-0.3251700985582602
340.55644298770153,-0.06951198965180083
383.24745088164093,0.3022242943152378
379.97986380797727,-0.24941674678586878
365.0025279457049,-0.29804897281258036
365.0025279457049,0.28476666147196283
338.9773287214324,-0.31594872031530485
354.06755033191274,0.22021826541708833
369.14449035385303,0.10617379506368252
370.9219669277861,0.021963752937722347
362.62274373386145,-0.36505940218182786
386.03337707101537,0.4781307071749552
360.66437096154124,-0.45399609452783807
356.6195067789733,-0.008881012985966663
356.6195067789733,0.35421502982376296
355.0810186005593,0.11365273510932639
360.21066426434703,0.1358320554443253
353.6920113748804,-0.2754493267162843
329.5280442953442,-0.30631877538712615
341.6013235300226,0.17923858827100503
339.0418082128895,-0.13947436275452674
325.61835133410284,-0.22247618586311546
334.3428651064005,-0.06005145088988684
355.124139015679,0.5218018703138796
331.8303056323374,-0.2856552422922505
355.2810342228934,0.4310047510274444
356.7111505633307,-0.21113090650601407
382.0798577487502,0.4224114342429175
370.11810594724847,-0.2401660791683753
370.11810594724847,0.5516594355392499
362.0243939425278,-0.21416764666889776
349.25535271255,-0.3269045703611937
365.12312807965935,0.3706233229956979
327.14239716887755,-0.7203973400372661
344.7670952979691,0.4183939853139691
347.9141473836966,-0.20983819151422267
334.981252026966,0.015509007760442728
334.981252026966,0.0924404424141585
323.2000652898681,-0.17473895045020527
388.08989197225577,0.9534205718707653
362.87493831837406,-0.45270703277196844
378.94501636499695,0.0235463188362246
359.6434086485551,-0.09357374681030706
359.6434086485551,0.36078725202060014
354.2032802646042,0.18170271835560925
370.38007480540153,0.15547745150070114
355.0650062138587,-0.5331572295447131
337.0347259328541,-0.24326229959694956
367.98542680422605,0.6688964476572892
383.418181858993,0.05913109689402063
395.09437224205857,0.10239398885039463
380.354662752254,-0.11182168782966073
373.1938491264746,0.2573389353035509
355.71739613386734,-0.6660954982880867
349.6322647642702,-0.20505835354902047
324.06589299406573,-0.07097061463014143
344.06086298358866,0.41082666311433513
344.2296888076232,-0.41517464716253016
344.2296888076232,0.8038264818787866
364.6894414812078,0.41146073259210425
364.6894414812078,0.3229662796593402
364.6894414812078,0.44852420823735883
344.82049620754765,-0.27582976740825416
344.82049620754765,0.40543825751035456
344.82049620754765,0.09089331098346065
344.82049620754765,0.3748142086210464
322.8502883157612,-0.2690848191909936
361.9998674878075,0.30346537353977965
373.8615388402789,0.48545500999432534
343.29641490753676,-0.5044833020592705
343.29641490753676,0.580316827834622
358.76780794964185,0.07186771205374498
358.76780794964185,0.32286941419329196
358.3812549092895,-0.07950567673037767
340.28287196467573,-0.1638389355794061
357.1516073762756,0.5324719939736724
349.31931813846705,-0.3264271841426307
359.9480315639145,0.44247297059746415
402.706876969243,0.7299920324016966
363.1041770094014,-0.799668801303028
332.6729489764177,-0.21955324258999553
332.6729489764177,0.29590938531669053
332.6729489764177,0.21053112981746835
332.6729489764177,0.1287811479968468
351.57777646556553,0.17309480666745003
339.0591022611048,-0.15620018142783465
336.49383368607346,0.06334663254506268
336.49383368607346,0.2538234236884591
342.2785315394122,0.14427018960805071
332.26042819995683,-0.08171230933635343
368.46692401351885,0.25087430240773756
336.56519816328165,-0.2913195095768515
341.4377961782634,0.11665390582027158
344.2682270756055,-0.04515949171354805
344.2682270756055,0.5207890303446447
342.4721869606626,0.1971991327931164
327.8504919079128,-0.11508616547291695
325.0200313010172,0.17415871630748825
316.13817220009776,-0.37399848611835296
307.7443635005029,0.16874578594581635
312.6228633112052,-0.48502901373990426
311.04972765429665,-0.07185548056077096
344.04471427241845,0.677000103141836
350.61275671843566,0.05161880093953641
371.3339400558668,0.2590823420734978
373.1452265200634,0.09000650692837553
361.69105486174135,-0.0857317107702329
373.9395160955971,0.11914088670812362
324.4435429905144,-0.6240500508649802
318.2246147042669,-0.2497924490744481
318.2246147042669,0.5077383335236618
327.428575338754,0.029868030313082272
348.43541319914914,0.3780485605677768
352.772308823938,-0.2959161964855639
350.618481102447,0.35504860775768066
336.26934832345114,-0.5053310401574436
340.9982882052276,-0.016050546635824503
352.66305398853297,0.26008233831191774
364.0636319184346,-0.11209625032279291
380.1330604623992,0.396411083264411
348.08391718925293,-0.2621102570453786
332.54846855798525,-0.34005405922891896
352.70104899636493,0.16017549224545746
370.24773345808256,0.6364187152396426
357.0047362134054,-0.17503514725251534
359.54194627312467,-0.008240952046207894
354.35957087312653,-0.03335008149406349
334.67543729583133,-0.17310233838031763
355.79474579675275,0.3653210101059585
341.73271154892336,-0.13925782558385436
359.53624548549317,0.2701165519587221
337.48573850889477,-0.28387953567630575
361.204346587279,0.5384148539158105
370.93556323509773,-0.28083837465135275
390.7174867287776,0.49674716050776624
370.8653484522786,0.2400822439208241
370.8653484522786,0.7389848148812916
370.91957910865256,-0.37249735582634
370.4060122858399,-0.12454774475497743
370.9293374840121,-0.06832475058263299
373.0688721044859,0.26913094180031294
363.66584020920897,-0.18263861362675016
362.0337199584703,-0.11886562536665224
360.0243265660433,-0.04768591857884985
355.46400226822544,-0.16682158381286172
348.23180705165487,-0.16193389506668154
348.23180705165487,0.1608457675677073
318.6322281251927,-0.14342405244713063
343.8097955320851,0.13701319341214457
333.85010051580014,0.28734228189478017
333.4433256244048,-0.10941465672965478
335.7069222645614,0.07697002141435405
332.46480098017474,0.25951290421085105
319.56122625065257,0.005294358136438859
327.50806432658464,-0.20765510704472945
362.0400019151975,0.0014312162410305973
340.37942252326815,0.10131004871630012
338.0324289739462,0.13411555279208187
342.58293022554676,-0.17768553242854068
335.2299436214008,-0.16668104101825065
335.37594897280997,-0.14114425094373928
380.4154708418826,0.9321329046227902
367.52192692989604,-0.41395359116745567
347.81263401176443,-0.18243377422265894
347.81263401176443,0.034486520957443645
376.35482905131727,0.5358815108629642
352.7515417291851,-0.7769526178165052
339.1466285652854,0.15117790977365075
380.94957339936417,0.20932440775504801
354.8514063653658,-0.579122516997927
372.9889038610817,0.4806776321926236
385.13487972418636,-0.43265403639463784
369.87942843982864,0.14627034348677626
374.6832841521604,-0.013979819774931457
360.1798979396524,-0.3977551580284171
360.1798979396524,0.28337749157640246
396.9828036787981,0.559021041314054
400.6310295584464,0.0821587903216141
380.0808540527984,-0.1845890730805877
365.00652141750265,0.2059060259986154
328.816699215704,-0.7998559884096039
332.7966383704466,0.14762992060536817
317.3261565067761,-0.49433026628662446
325.08598624976736,0.028737535972140904
328.93432853264295,0.5562379977538967
305.1889615591831,-0.3758730314953027
305.1889615591831,0.5918267436080669
320.7802388388352,-0.3344876387689055
318.7638868000188,0.12647532357561886
318.81336325227204,0.06300203368152779
310.0386734413646,0.003420748406142593
321.4363321470472,0.32508330244752415
321.42336750393866,-0.09911614568534333
321.42336750393866,0.6196667099403612
321.42336750393866,0.2060851943886064
328.05023527078095,0.09073550458811042
336.3579515985785,0.06748709066800984
380.2556781918638,0.12955404413378346
343.00717682090624,-0.03490820725323829
321.32989376736595,-0.29395826509585277
334.3344250217369,0.30477131538032154
350.3228249067267,-0.004899082927181553
366.2036783367585,-0.12232714383821985
416.47545664730353,0.5623917566030059
383.3513174324994,-0.2781331570602106
357.59135031978235,-0.15200798385251346
331.5865250392092,-0.40509041682935276
385.1571149553444,0.7350801503280309
347.83410129974123,-0.22196979418890805
338.03850826644907,0.07688937050613731
343.94696487544144,0.14289578297632488
371.06063823711236,0.2990798761152291
366.7417683629406,0.23933047415891906
330.25242688761927,-0.6960220190575228
324.9134707923757,0.014046485459175528
324.9134707923757,0.4576228595632301
350.46755217835164,0.1495176531989273
351.7767619386574,-0.14743735627325805
335.35467041594677,0.06030148265608659
367.7703639607418,0.19344282505289812
373.0501473572876,0.35641058212718235
342.99934362463335,-0.3706391329676535
333.301480876967,-0.02224144494812208
360.0714329907438,0.43814441228641954
343.8654288011772,-0.038949250457108064
340.1280976063552,-0.0772724743087565
373.430695911112,0.33838103709001643
374.0293745361926,0.10811431062882093
361.58163319404997,-0.3750609297949268
367.3168390752886,-0.016880159313927834
368.8750074794884,-0.23372001513678242
344.3190434169894,-0.43018424196850447
344.3190434169894,0.8371234061245332
344.3190434169894,0.4986563698698774
354.1338711092632,0.5063689452649669
366.6800454399826,0.21856473579452995
384.4984730947326,0.13052155354137085
373.4465852253892,-0.015350233196727459
357.33857875812043,-0.08778245661051187
361.5898181781509,0.11646275616249113
377.05652809761216,0.1928377526140821
357.8683496253748,-0.1749874805697118
341.1979868043408,-0.07413777608803684
353.3070230071342,0.1134846333097812
397.42453377722296,0.5904909312843074
387.3007492842098,-0.10415892414459904
387.8756587429128,0.17224045260707044
389.28323036747736,-0.19652601153461546
404.57192486093004,0.09515852051140428
350.52374760857055,-0.5361849856423078
380.50498692970325,0.4174550868701772
379.8219596363323,-0.21983600864246
382.8118439907257,0.4956275110620254
365.85898792161896,-0.21743806482231776
379.522259093626,0.1356439742571638
371.1841866998954,0.25624531986272814
366.4531858441808,-0.26847297358040123
350.35772630747846,0.09328856733770863
338.06449853956406,-0.13629931403852424
345.6738901420042,-0.08132549311380899
354.6692772258129,-0.06781819517073018
363.58463863836204,0.17951519544146777
342.0834981200739,-0.1286257384908822
354.3145408400095,0.4015036763825037
353.540276216422,0.05366409163912067
362.7404838369363,-0.0961847200868533
345.86391315298636,-0.40442851666966817
347.2838695368776,0.3132685599185834
346.6802231553862,-0.2607362236345807
370.2823221900992,-0.13838109282608002
387.11717780894105,0.3390717107686214
371.621169521207,-0.09840274267412497
371.621169521207,0.8117529749764572
371.621169521207,0.52490572422073
370.41926745161504,0.0009298302475144737
353.0608559867746,0.28473639800540695
342.2107197252109,-0.00790784908645037
333.45441816646786,-0.5308155798044254
321.0918163923711,0.18632732750006653
361.93753165211336,0.342668006765507
354.2967224566147,0.0442072526825541
319.9622111408451,-0.4236794732122462
361.30352075601087,0.5393170040442783
350.1701136018899,0.0021983206885352047
386.01896781415104,0.4532589883444871
398.5483669669125,0.19162977011092153
343.4741771735042,-0.7325597593584234
332.81295348940654,-0.12462455221941582
363.1240090977591,0.2212932125196403
339.57742408733276,-0.18753967301404373
339.57742408733276,0.6000301245962874
381.0847704821381,0.45884501159787305
404.2226645730496,0.12234950661309085
343.2453793328484,-0.6838786356790933
355.7090806523235,0.12687977684129237
378.64572757640286,0.46050675532296736
392.56141512821085,0.09111657084167746
392.56141512821085,0.27474444069264337
375.23348840604984,-0.6634274491850647
362.7676728378473,-0.2523103823649535
366.1518542642204,0.26834916226857786
379.727759077379,-0.1546094899806576
361.3948644487722,-0.13262121329216825
369.8846435896457,0.12295611774004556
355.20982552226013,-0.2066196229002344
343.8858153180119,-0.07966880506160123
386.85450132247763,0.39937009029779347
375.0108733634961,0.25766909300693897
373.303332286596,-0.13143726493638042
358.1190839677143,-0.1744841613688095
325.0914292576778,-0.8556977999858191
325.0914292576778,0.4044902259271339
347.2821834293107,0.3534132328195483
331.2474968048034,-0.11447593080106344
352.45244299857893,0.04776766422071432
317.8372013187759,-0.08221916262743889
338.89799587313223,0.2531110022265466
375.24681883858693,0.03967219307742198
343.4642048416444,-0.38727263699695413
323.80764795551727,-0.3578521726199142
314.55648977221995,0.16638243685304133
330.3717528807831,0.0955122104454631
326.51171671119334,0.18939915780447336
331.6352817404138,0.052872157039928425
329.4452169898038,0.11661813485716266
307.17057967967264,-0.4875491899363169
321.95191418850106,0.13217797477682325
321.95191418850106,0.5628367401484411
337.22644062509113,0.26024520442399535
340.9843669790666,0.07459828610762997
326.9849454358663,-0.5002298832839642
326.9849454358663,0.14527651986156798
356.0636289266559,0.45493815641339097
351.26007874655244,-0.09118883736584849
335.92060293807253,-0.2198656605190763
372.1909788559201,0.33717183863097944
352.22505113392936,-0.46452977226272196
330.06238804440926,-0.31991739618320025
330.06238804440926,0.31390930455665966
343.9480097824326,-0.055104224154320036
343.9480097824326,0.5749483685166297
369.4799426204991,0.3478736648434051
369.4799426204991,0.5342228151873769
348.8429427458301,-0.07638554368827499
362.37082945644346,-0.11188171689354931
352.47160513476706,0.05883370868446036
353.586340286307,0.0343165540712107
344.25453154062467,-0.2735124126597839
333.348736869058,-0.37034603625636464
333.348736869058,0.45788960885352026
347.7138903477361,0.1606571295599224
379.1970324874717,0.37774139796374584
361.0877477562712,-0.1251489666260568
371.6572560082621,-0.07081561753966525
347.8108852187917,-0.2703543117798972
345.6074005153836,-0.03529179498082158
358.9541417503579,0.22964725743281633
359.6935586070438,-0.16656267789255708
383.3714233426132,0.5240295146528524
369.8573943442239,-0.24244134370610482
364.02286075464696,-0.4549778659754793
374.3591761612053,0.16806400660277632
371.4506426744017,-0.03310377195111869
345.7873548710742,-0.12650622019214097
339.46722871470257,-0.1959584738765443
339.46722871470257,0.5384912132785757
333.67045672899445,0.03484533178630045
341.92653548283306,-0.2579754181788303
341.92653548283306,0.3943138783067752
336.8257117660647,-0.18313242061458368
343.52905616177577,0.12438683953621421
339.51233582817775,0.15732390069047142
345.62085589289717,0.42602792123830113
372.33121736104977,-0.029725802522420963
375.4905256114515,-0.025532868726713787
361.7021417517834,-0.009211694609234655
369.525564682019,-0.4501254148518683
361.6152904832617,-0.22565967354762506
365.5254491752647,0.2187819405096434
368.074141928942,-0.2441399588136619
360.51412276114087,-0.05281599509339685
330.8458114501155,-0.4556032289368659
330.8458114501155,0.1886061599345794
329.5351294103496,-0.10765996391478438
318.76784782104914,-0.271171524471697
318.76784782104914,0.28487820580267
332.7399801347556,0.32305421500450393
330.899299142488,-0.06899900032317419
259.5280659162202,-0.9814372906917015
266.4988828822777,0.1091709950699169
309.1099008670035,0.6317597368663428
329.59605939320636,0.09187818257009894
320.23375251884215,-0.005600690414553355
327.06650541213793,0.17325199746539965
365.45021499530856,0.3392939077577921
339.39737134791983,-0.34589740183469075
339.39737134791983,0.41448535579331747
371.88620145772137,-0.011333546453897725
371.88620145772137,0.6288550223409857
371.88620145772137,0.31111447671332826
371.88620145772137,0.42792821086470667
346.13465683323534,-0.10372294952298944
344.4450755576377,0.14446322627873087
331.5361552426339,-0.18010622477459037
358.70028395967125,0.27432068461530434
360.30276876542507,0.2150640158367878
381.95406262945005,0.06085118428006808
384.7790812520448,0.07547266345500248
401.73424983052917,0.2933315439405533
355.0195230224718,-0.6432553703471058
349.31552947237657,-0.05036956219737476
347.3090654030917,-0.1849255630031621
347.3090654030917,0.5804970289726725
356.239223485553,0.37971184372668176
372.6683440740074,0.43173585724343866
371.4980679951133,-0.1619219985707332
385.34087084505194,0.17480256202588862
392.5524259987335,-0.033911476682987995
417.2967748174218,0.06194824311626235
396.5012640992112,0.028277580129270063
369.53812155473497,-0.1741696674795321
361.66560074565854,-0.20720634999167942
375.3044757956062,0.11954020011035027
338.6673720009375,-0.5309012142120082
388.178029353007,0.5752385239770774
378.0752887545693,0.08963491757663178
378.0752887545693,0.33854011920072935
377.84978746653627,0.11486068696115126
351.2986437478612,-0.8788831621169493
351.2986437478612,0.12417025120100789
360.0144205935378,0.27181320807335396
356.3191804160963,0.17599413315247148
387.75295115567025,0.06465383120496426
330.8114915956857,-0.8219418117027999
346.55116809824335,0.5253807414123912
318.3513938209917,-0.555833387746361
318.3513938209917,1.071348104853314
318.3513938209917,0.186123284084033
368.37222248081224,0.9612686113331392
331.3333475834841,-0.517444045271418
331.9358173035583,-0.30262042008155277
331.9358173035583,0.8082747827322692
329.4211019397885,0.47569322650292634
345.8423328342445,0.38521044398260074
358.3086783508189,0.14546338945456228
346.2559527345186,-0.33345792888690085
349.5098277931747,0.0725219266652175
348.15769100290925,-0.21868841040316056
313.66868581726743,-0.10291622831391578
334.7006392708432,0.16271944820630324
348.563491696294,0.29875518644064414
336.55275276609296,-0.4430181990812798
347.3804714420861,0.09492379692733266
369.4024956322188,0.2678578970532044
369.4024956322188,0.4342082916493837
345.21659704693946,-0.40263745691640906
363.26274261018096,0.1046798074706885
363.88604952019097,-0.02006443921357004
322.95905376049086,-0.2203810062977709
320.46133738735153,-0.19025747406351456
317.00082653068733,-0.27365114932649703
319.0263287568021,0.29527243672646364
325.67770652854443,-0.2475522164522772
330.7883007602754,0.13877697251814425
343.8929034249863,0.06146523109578084
368.91639185851034,0.2982452979435948
364.3502337418529,-0.11449526346746097
367.5907939336944,-0.03765784796200933
367.67393210995897,0.07374376127893356
360.6459680382427,0.15414660600458774
381.9061460857166,0.14558264716083613
375.7882031908635,0.123230526864063
376.68409612987546,-0.10432232222387938
378.94297787099396,0.29433066710350886
396.5153491065683,-0.21587591650768445
397.3912201874903,0.49018978434241944
370.1283881281974,-0.4700761051393556
347.43605587247737,-0.6008178024687822
349.1257293570046,0.14326860152323206
325.14069245988463,-0.1622792457799278
338.50403362020205,0.0518106329868715
296.7348527551662,-0.689201981568317
318.0069254756925,0.25420457962843557
318.0069254756925,0.6227232020869451
318.0069254756925,0.43848376093433217
333.9484708819299,0.12835530349195778
327.54977379564684,-0.0071030562519354135
373.3475572001907,0.2397101221649791
359.53050239067386,-0.23670983394026734
361.56733326700186,0.26909849972378197
348.5582350193911,0.11793977946035739
373.72916324877724,0.1328393672807806
338.9643894927312,-0.23098800347486304
330.96972469888965,0.0008568726643716218
342.1909600235279,0.13669186707795689
348.6679293273973,-0.0518578214283707
348.6679293273973,0.4813333529272086
354.94077459596764,0.09771327538408059
327.9348533166096,-0.3427167676127283
318.57294757418765,-0.4358688287509267
345.0121769883117,0.3159621282819671
345.0121769883117,0.14132775205473536
361.8255958195867,0.23493301299731684
356.65669167207074,0.04267677700636341
315.2794875357999,-0.32524637122321565
331.51445562790303,0.011207112901843175
331.51445562790303,0.15213322302872712
302.33930133641206,-0.4302645117868451
320.0831551739746,0.17885081489589538
319.65332077873006,-0.060852481621964216
339.8949139453907,0.31336218759804524
363.04056577664494,0.2524773779135785
357.7902323742402,-0.05392466028399667
352.9169194745388,0.1104909742914515
328.1651589981596,-0.032175583043454026
332.35241963353843,0.28944577210563693
324.0501987754573,-0.4537119717774658
324.0501987754573,0.48543331015275726
335.19792773491565,-0.1525718618757992
335.19792773491565,0.3393065625059535
351.13752722960044,0.246852015618515
360.0223997900594,0.19588689325541964
375.8238864924498,-0.09481467785201403
356.9955174630052,-0.030683285969644203
371.5120461834726,-0.09982489576600528
334.86110414125284,-0.02019211699985135
369.3945927572892,0.03280275987128789
353.5705063419843,0.11354132424253294
337.48333436881205,-0.33954580471504414
343.4819479812219,-0.271110563819434
336.03565096243216,-0.04255065864117569
311.52758375536996,-0.5004492853952343
311.52758375536996,0.4399654704220666
339.3499595857884,-0.04039015695218495
337.08006738115097,0.4231508447105625
322.6665521002361,-0.2712561073501547
363.6158304864171,0.46424767706275816
352.5650783197803,0.23023332423713327
348.84442402978476,-0.01431061533025968
352.6041379417296,0.21290418788407806
357.2753779355137,-0.3575546803255065
364.39876935810685,-0.16755909361347676
347.95675961791665,-0.42827707052367714
343.0134054524881,0.26439056799438276
399.5553851427138,0.9400825432799138
390.5486984442411,-0.24675809560767448
380.37652389816293,-0.2898688766183568
357.0484552643052,-0.26350873832245725
356.74964401399393,-0.0605352302358142
345.7356052627556,-0.006580337187074292
328.7229422595695,-0.04141345975267541
333.62326691863035,0.19090252866021729
307.43710229572264,-0.25682240794026256
333.8800935786693,0.15953684545786473
325.99124859722446,-0.003994217963168012
337.97923664389504,0.11538941629828514
318.06901636626105,-0.31694499191382874
347.8724760995391,0.2524377216557241
335.70003256080827,-0.0592063844119366
335.70003256080827,0.3511052608253067
327.2515858767192,-0.5366419404927001
366.87368887157595,0.4928561728373779
353.1566107583854,-0.3169930437287576
319.6456990490611,-0.4020733834629482
319.6456990490611,0.2518780749121561
322.84579690011503,0.08614683856171723
322.84579690011503,0.4590789858801827
300.6512963372563,0.2005180540307947
300.6512963372563,0.7570253110001204
347.3436065740707,0.6014925405888789
376.12183240872093,-0.040399643998171086
398.89762085011245,0.49402004051103177
391.39446307364875,0.10787793674762725
362.801740522436,-0.15145987923688153
348.69102400282867,-0.3099567580779876
337.6252487619031,0.015827680302663794
323.4150952185683,0.023794100961254117
352.8269872881898,-0.07807720065591184
341.41904784136864,-0.12143130076719899
357.58137970123323,0.32068725703709333
342.87075601874204,-0.36194830838599046
353.19607479152813,0.15993208428324124
353.19607479152813,0.4895792879721057
366.1944686808255,-0.0024618472282327275
359.300661597048,0.3607810233500004
370.39789653714064,-0.012140845588760385
353.82110809036976,-0.05600199402715589
373.9284461607272,0.21748358062211537
355.11108255763696,-0.09855826101477305
347.73223495494983,-0.477846786705868
351.655413357501,-0.05465351873021973
357.1155314634502,0.10603031511413974
337.39829515639843,-0.18889832485524494
339.74452285527434,0.04443450105009106
316.07085969018505,-0.0311331140293305
332.6472259908911,-0.47612981082534134
346.4811200992218,0.01811811648906314
366.3121490449153,0.24631170180816753
368.27086078411793,-0.33059743940259523
368.27086078411793,0.5788385948289942
389.59967684817434,0.6067777339374061
370.2752414514815,-0.3825396257554985
377.0366158395815,0.08010942830696877
380.8058740191041,-0.4750421260883968
366.19118552303644,0.00038265272894477675
326.9363172885339,-0.26546570816503845
326.9363172885339,0.28319445950580757
378.1895209695707,0.3686188102338974
323.1840212317657,-0.628145585754396
350.7437932338373,0.6906985099781195
367.93083336266756,-0.09921440963091754
310.14390812042564,-0.40711802925807206
310.14390812042564,0.24986438054702376
286.6517598574037,-0.527597845848959
286.6517598574037,0.8620483865271353
286.6517598574037,0.7567784919270935
321.0651310955533,0.48330675395459366
327.25002485569195,0.21230780780001623
303.1166153722083,-0.6525560008781213
355.7745435879706,0.48406756606118506
373.73713083940794,0.3482100050093777
376.2693945579417,0.007207922150087143
374.05960655234526,0.004007609484574459
369.43082992275004,0.10097085515872095
372.73605377347985,0.15504455819973373
372.73605377347985,0.20892460467348428
367.65671794799823,0.29145889954827453
367.65671794799823,0.35895544927700485
360.63988387906005,-0.14219131186882805
338.6740210057888,-0.0947907302868316
331.40851511326713,-0.27653570908250913
332.9092653088895,0.055486695662807506
360.60345995232245,0.19444582033543156
384.20283600480616,0.26649734603893194
395.3361272176334,-0.18764403875923108
376.77295880244185,-0.03403186746879783
342.10725345941495,-0.18801948827706383
358.1124695585047,0.20630987760694097
339.67217499452113,-0.09140032740458537
355.0013516256671,0.08301733409973622
324.5860210314829,-0.2890723300388345
309.80453859142176,-0.07529849218735762
316.3993112586695,-0.6375067899560918
316.3993112586695,0.7165830955216279
316.3993112586695,0.741902434436156
330.54322001078776,0.30545316217160234
330.54322001078776,0.6425615033105032
345.6330616181288,0.11883349361357887
358.056440354317,-0.1057587094039718
347.58835101917305,-0.39309896232293795
396.4100253883482,0.48051531235012135
371.678607036834,-0.24508003566336356
371.678607036834,0.7813794770337381
371.678607036834,0.3075786960730511
362.2369658573171,-0.10085385536365266
378.50142864380837,0.5479074971314049
371.22223977613874,0.21277041985229062
362.68035636159414,-0.46593104313103595
392.2094605415329,0.28979925317469224
379.1897851934111,-0.14246443257411556
379.1897851934111,0.19662767879071907
342.8481888538557,-0.45396933669223927
339.34946336344433,-0.04668360889786527
352.0440457244714,0.2066592408290262
347.9735914055467,-0.23136955704467255
362.6672606544721,0.12312613773178782
355.8701271130331,0.056069205343760586
359.06411413955993,-0.1984787310716456
389.4810514811522,0.4040995820328135
341.8195010266438,-0.3357370559797346
322.45602487835777,-0.21851537546046984
357.49418440150964,0.4107070148222647
359.23282771556427,-0.03598913700898265
331.5903116862569,-0.25051867220179247
322.4021685256088,0.008530362635724487
323.83589258333535,-0.23316402277851012
350.3680565046974,0.3521603520439385
312.35707711913903,-0.7217856000083884
312.35707711913903,0.4353816805665929
351.5472148347828,1.0089506944297
342.4066099530181,-0.43593528617213906
364.75540112161553,0.5160352178256744
350.3699719595838,-0.3636524107680543
368.92417833982364,0.19306023982016995
347.14815731720194,-0.20395019772649903
347.42767023772745,-0.2153533888979382
353.68084794233977,0.09778637553313274
341.26717016002317,-0.2886845395707951
337.2312479471492,-0.2087079501241078
342.3246961390451,0.25484902197240444
342.3246961390451,0.32447888053548013
330.44710254624357,-0.20944853075275205
330.2758999018255,0.042276101178003955
343.1893371315227,-0.045469341917851125
326.45669929804706,-0.1570081730203583
325.4575955576737,-0.40322457904972
325.4575955576737,0.5063783673782609
325.4575955576737,0.7349708886388271
335.8503691649399,0.22983195387564592
333.31449928697805,-0.3638589596149586
333.31449928697805,0.4969867824921721
337.91927163955904,0.21029622835624195
330.44016146800607,-0.48381508547720387
330.44016146800607,0.37993070091829395
330.44016146800607,0.8012830848676913
363.24242767188184,0.6741157825193795
370.54805339891993,-0.13987085242831654
352.3679677216946,-0.3228060575959262
352.3679677216946,0.4185017154857178
359.968508184514,-0.11381873787297536
347.71430967068665,0.027699904007818077
369.5999577531546,0.2207803413241436
346.942076374857,-0.21457010630251716
355.5770484831607,0.11494288418361975
338.25604766869736,-0.28196514774595016
338.25604766869736,0.25767206291470757
342.9310164688143,-0.06932285886455247
376.34741675321703,0.7159006733676279
359.3505797157072,-0.10840523642707467
359.3505797157072,0.5642706395638015
359.3505797157072,0.2672088763147258
361.0570579159683,-0.17012157095473412
352.31301862170056,0.21109635960010564
352.31301862170056,0.21825689809679716
352.31301862170056,0.42509772071150564
352.31301862170056,0.2570102794336435
358.6862485647547,-0.017212361523434083
356.7373012713851,-0.022872001389032448
363.03074535308946,-0.13352555111237052
346.998017560802,-0.19571153334288738
356.0570272907302,0.3281393796436305
369.5050913600413,0.2820155951305878
346.673265375831,-0.16436916632028442
338.7713817684915,-0.46846275942766624
352.4098116755512,0.31375623370854555
352.4098116755512,0.20503506792624648
395.4625650316194,0.7909329477810161
366.06113425660607,-0.3188897046297825
387.2299100474107,-0.12044784692648136
328.8754901811749,-0.27532455356413266
343.0193889889736,0.17870963475229473
367.4603805844801,0.1599071850200744
377.18865859501284,0.06020403355864801
367.8281754613918,-0.06373646489487328
352.42613573056235,-0.1569987880706094
354.94077942312117,-0.4301861158111251
360.77212887969563,0.5862193944466298
359.649493394125,0.10705172627149295
361.3538171227104,-0.11755238302293947
360.99165752181045,-0.11232355293350338
344.27543864249924,0.07549251219245434
362.20602859031936,0.3154809772238423
377.53032921529024,0.018626135308863923
360.6292172110089,-0.28535793958474187
333.9853242499447,-0.26983694706996175
352.1307331476067,0.43485518108423094
367.7476346830407,-0.0572951412572138
344.97224622000186,-0.4827850391818629
379.2017607888036,0.4284750705953684
396.37967624247267,0.34129511676314905
383.7061843611944,0.12668734279338878
378.62448930773724,-0.1374189577300058
394.9960666241859,0.20747292598082367
385.11753800340733,-0.0939334976394548
369.41958725043617,-0.40937969795254503
376.2245176315847,0.22376692955992894
345.25713450551507,-0.4997864567051238
345.25713450551507,0.029334137143223415
348.8188107797809,0.23499004593986683
352.1777485550149,-0.08953571392385129
355.0071795468053,-0.022634917117784425
367.1163996446202,0.31819968049842373
386.0958336659599,0.2445432767796092
382.6864769968891,-0.18463587292308148
399.46423125039695,0.4015749176974168
391.64026945762663,-0.3364596001024438
378.2936297206063,-0.024056342812968978
390.0561248311896,0.04289449622331176
334.4127809389067,-0.6036477349384768
377.29873575931435,0.3201200613875699
352.13712909454887,-0.20256826764466496
362.2422232059394,0.18306816483618604
331.65722857200694,-0.2471488395117376
337.40155963671225,-0.1657859617048416
337.40155963671225,0.07308024370468047
341.4161111338084,0.05813406092624973
374.7049896360758,0.3961980062463226
374.7049896360758,0.5056275472228435
382.9988008333353,0.4692025805401272
389.86690841491804,0.024780302391491205
393.31934200221133,0.18726087157017446
362.26462214020387,-0.5304532461708504
350.4103837497418,0.04954959723227148
343.20546820246534,-0.175573709389937
326.9659860841471,-0.09215309755063572
319.2980718398757,-0.11165838406350304
331.31693850946147,0.18455919245536734
338.2222357263901,0.14960741238269293
351.74221583110506,0.1535855236520547
352.93441409878244,-0.1369728099994063
355.05963651374816,-0.13004479531934976
369.16592475777816,0.15060403797872368
330.2356991254955,-0.2663150153691731
316.39678591170224,0.08769421670922384
330.0427654409537,0.038543220977999226
335.2332460540173,0.08821346854949752
334.887069467218,0.10114748502951443
332.63820197172623,0.0222737753211959
303.4047336160133,-0.0777917396524117
317.3759173002495,0.3769156348796514
314.9451994315599,-0.1821283527704054
337.3325000303621,0.13860780471395628
342.9802206594109,-0.01758924649675464
325.15800158603685,0.16676892047235015
340.7080884872848,-0.18593080224525238
343.7297085272935,0.17295578885000396
356.1971404504788,0.5810936086188576
374.89947357439644,0.40660211029808124
385.6528246558337,0.23236139195216765
383.1011825607679,0.12754236824503096
379.2379916443043,-0.2935012881375769
369.7903840848341,-0.0854978093623231
357.8462133314679,0.08726190064908224
357.8462133314679,0.7505912996657571
356.8097778843282,-0.04997030445781547
347.21064398203964,0.25991125545817795
347.66076630124735,0.5829241867721748
337.80998829388983,-0.3352477072498914
362.6498521922632,0.10081003030302327
389.5059880833347,0.3264057967953704
408.73289410910206,0.33871311172674723
408.90978493102836,-0.29633373953925
383.27811778789305,-0.427057952050518
383.27811778789305,0.41878553791627837
352.9927014366983,-0.08303441806265255
351.7845412422379,-0.2494476794207685
369.0875161420208,0.1334857624126471
368.26222267570887,-0.2970974296292752
365.01142165512346,0.0963080735323274
356.06619246312,-0.050539434815163986
349.89538199287426,-0.10990751870838267
355.6361945884962,0.0737607532516904
338.7783874348891,-0.022825719755701357
344.98661235093476,-0.16474285923754906
367.47716992105023,0.1417938475469782
378.1003494416199,0.45177018213098563
372.70989945194356,-0.2894896740160675
335.89862830738315,-0.360215067996819
339.3725400578882,0.0218729618998168
352.7383120984891,-0.09641397812515606
337.0172168565754,-0.3143419101834297
328.20323774499894,-0.11048134157567802
319.5334777449515,-0.0161788436197412
339.6211435216595,0.2929271752427667
380.25098007414454,0.3267610231511071
358.36860337926413,-0.5813851469010842
368.83135456662376,0.18586723026453456
372.5759767719894,0.3930430537427583
393.00547850485646,-0.018072806303848665
400.1576798498522,-0.3205824637926753
346.47809087155196,-0.22924543355952665
346.47809087155196,0.26125180355859356
350.04710412956945,-0.045082498732085696
340.64543592350174,-0.3355169882275959
358.1068131950713,0.34020922063064063
371.77779899479134,0.564274211631755
342.5625838191334,-0.5284352123806002
342.5625838191334,0.4843244461666245
342.5625838191334,0.6782568727091984
346.159282717526,0.0007567584509615699
344.05574917843956,-0.3220324591712824
322.9445628605233,-0.13325678513626826
368.42475179182884,0.46258201181649383
364.758056656616,0.429378674808504
376.624978649623,0.1438688495709357
390.68760087972294,0.07357064990389972
378.9374567914459,-0.0048513853421354725
368.36473657711144,-0.02108224484152288
376.53836198233677,0.063811931980581
360.5843790753569,-0.16301935423518898
369.8524201979401,0.02731140612343097
376.17502095131806,0.226221997698417
376.17502095131806,0.6107556704306489
376.17502095131806,0.43290482874033387
381.0490910596694,-0.2003352231840836
376.10251022300076,0.46429026443138355
364.3042844760014,-0.4235428687956073
382.56329529259494,0.8405559987220386
387.72881388067805,-0.13073312762514888
362.53061886287094,-0.12276951599142194
386.1304383674931,0.15659741279341688
367.44197339715515,-0.28532422898410914
348.8183707444651,-0.1849438714380085
313.32462842087256,-0.5022372246742179
342.2322910892618,0.35799681095886626
316.2006001475133,-0.15662579437230306
316.2006001475133,0.25669854921932256
316.2006001475133,0.42170414748352414
336.9854874364229,0.6026205716423192
336.9854874364229,0.23943034808110042
361.2177806638309,0.01816413347364687
364.16351770291215,-0.011490580505551407
364.16351770291215,0.3054156730984232
357.4474065831701,-0.2314695949742145
321.4694722212325,-0.2685134601281334
321.4694722212325,0.564119962020186
332.4625071721034,0.4155660694366361
362.9536141762547,0.6115349550337896
360.1032517496579,-0.179969065135424
360.1032517496579,0.4695984962318107
365.37122181104036,-0.45929196769441205
324.8058335423748,-0.5034145016552429
313.94439665154465,-0.14392153035919364
363.5278223892602,0.5095453615965653
356.1926815512899,-0.024291968162287958
311.2489593130017,-0.2659755289816985
325.5563576494978,0.03246157893579493
347.3757621604301,-0.043475394366851106
350.67382672768895,-0.14835735631857006
361.60697365486783,0.2126744978337456
356.0441289419752,-0.12643183626835253
352.36616338312456,0.195910062930011
361.99684412853605,0.05514180894488163
361.99684412853605,0.37777156762797404
361.99684412853605,0.7925709448682028
389.65090650136426,0.1569195257956153
392.96154861429306,-0.0763213273509109
370.1978299993868,-0.5070707997654154
377.33137723334886,0.3119292695872673
367.0531121862158,-0.00743297694634748
390.4748388562876,0.3475546240631502
390.4748388562876,0.4533977619275902
372.89498007682903,-0.02397886722860676
404.76283935012657,0.5593583339436918
389.515928715937,-0.24841957159685535
400.1921038923182,0.21290312609221473
363.8973739948178,-0.16269170744192252
391.1624439359248,0.19810858604535042
368.14369755505334,-0.09764569935271084
383.37260949558276,0.29194010793492
375.48030726940243,0.1532577126849901
375.48030726940243,0.7202572588637395
378.32547538470703,0.021258003520756574
377.284085677315,-0.020226467614293142
352.97837555607555,-0.7148976917916343
345.7220935002321,-0.22067236845987281
354.3257830405229,-0.05015963187611305
337.8655008388319,-0.21926575779082214
322.7487378702269,-0.2759307753227631
359.18267235294013,0.3132959032927829
359.18267235294013,0.1368948463389188
367.906562729745,-0.10208459192438113
368.76940835051886,0.044856431506786976
355.20757496302144,-0.36249111350196017
355.20757496302144,0.45646582045890227
345.63037641784507,0.18897849592917737
379.24158665376683,0.2079685043045174
360.892375894443,0.2785113844706757
361.3680089288428,-0.2307635943883497
397.5053122557134,0.6056631726961541
349.6584015831627,-0.7625349398872459
330.1635661559307,-0.24276086786244377
323.9172431587704,0.05253270666219123
322.86896275816184,0.2726941349783374
337.6898308872614,0.08240099852071125
356.8825895318794,0.7130007667908558
333.76596440939977,-0.3751279102061744
353.2568332988254,0.3104865102475287
320.785907920121,-0.15709795367138213
326.0268540490582,-0.1885874255873432
326.0268540490582,0.3466872860587955
326.0268540490582,0.4173962382183163
326.0268540490582,0.6912361273914485
346.7944499164732,0.5772582617998978
335.31836906227977,-0.17860444289749466
323.09633120005526,-0.30118265077010165
323.74844399974177,0.23731256472706264
297.7359013130682,-0.3807643410829087
322.04893710238565,0.3760166035401653
322.04893710238565,0.7099757115709053
322.04893710238565,0.27659014594541986
346.28918266764805,0.24338314786132287
347.2438405841131,0.20341731117036943
347.8665460282558,-0.2982826894028676
347.8665460282558,0.181176389770485
350.3215470429222,-0.2808606351877643
324.9748027998785,-0.17177878014547332
367.60643515952205,0.44823410068579506
385.26730868044024,-0.0009623188351497447
362.5713487680758,-0.39215628142312653
388.96571382331246,0.4300305629737977
388.96571382331246,0.38225598810356587
379.4437880976204,0.1427708902994027
369.43880388457814,-0.1760420679647723
352.3107765234598,-0.24358159628536669
368.1460625875046,0.09314545505071692
378.1127291791758,0.19983945936769487
378.1127291791758,0.4405106349711332
338.68065925641633,-0.3869152914842289
338.68065925641633,0.21101080281789564
316.20427049290186,-0.41654584446018816
318.0532524003719,-0.06979469077873546
326.13743638930913,-0.1205164863168875
314.22737842620916,-0.1999353743908614
315.10140734794015,-0.252603900305985
312.97381812685904,0.6395463624996864
351.2812902119875,0.2676967442046134
354.502441435307,-0.06887657720903917
365.6860325587545,0.04367276170160039
365.7523416008956,-0.07860854516025029
372.7310872017354,0.22024439534106932
372.7310872017354,0.4161757115847422
365.7953017950659,0.13085458421244311
318.59789318675826,-0.594177914201282
321.10113161928786,0.0037584333357472133
288.6923730367451,-0.24591994411434825
343.7269002328998,0.862667219259265
335.6792640759994,-0.19803681257440076
335.6792640759994,0.08424835154153243
329.0427047311854,-0.09438272394709202
311.7401793555802,-0.2146939448532521
335.12179191958114,0.24405864966070112
312.41290727214067,-0.31848495317217385
335.22270272929296,0.36727254493052897
338.29490342914085,0.13381305705559043
359.77155731038795,0.09201780045384567
362.3866386761327,0.03485658315821638
343.0195760063298,-0.5744520228402052
341.2716092222394,0.21711042459219243
376.59088459992273,0.7682692231841202
356.23309475698125,-0.4515278599249086
365.5715952425431,-0.13601023267870005
380.65632379332266,0.09157045859024038
379.9612498073035,0.45730896805685006
354.0799324612265,-0.27144285281053726
341.39021552941955,-0.17316084995707115
297.6650922331595,-0.825047377926694
303.1292877282274,0.23121174991683802
306.06328864486994,0.22064319525873088
316.65082989746355,0.05033372313232576
348.5005557798303,0.2747770710684563
359.7769136220911,0.11350020184829646
333.68098740204215,-0.2988410293249899
333.68098740204215,0.4394536572922334
335.3087989145725,0.26974590544034527
350.67264772940734,0.2060774375697747
400.2633517585243,0.3462480432291386
400.2633517585243,0.7238198812899554
372.1638244598633,-0.0410072272677553
376.40765095122526,-0.007131772247475965
366.727351540543,-0.09157034870474945
368.9883151273432,0.1319829135118198
374.73615057385484,0.13122490170030687
374.73615057385484,0.021969731545596005
351.02969035318864,-0.3892748255053675
373.172068425239,0.0434910663818755
351.19008714069554,-0.1735708699384304
347.3199502880833,-0.12518587734246012
323.9538838062202,-0.3273635987832222
347.9145008699686,0.20289552853182613
335.0661504835182,-0.20859860391885832
313.5535697874897,-0.19360192599435777
313.5535697874897,1.5176693677327648
331.93565678030615,0.5700892240349731
321.24029298229397,-0.34425081296149074
344.25357489530955,0.02857404932638019
337.18065174860305,0.3866206611857024
338.02323253278604,-0.10187697726769329
322.38364650983584,-0.39165081205851493
364.96332184393356,0.4010800312396441
354.9958095127989,-0.4268406935270832
380.3067542290511,0.354233692758271
342.2618863389854,-0.43843606236487176
336.6089403852082,0.12956163728063075
324.50214219106516,-0.2784840577756995
313.4145813211026,0.2416938849567032
307.95208680408115,-0.1738932211997053
316.02316199515184,-0.10334666226640365
316.02316199515184,0.42143759277348636
319.89998823578867,0.32488224524468023
319.89998823578867,0.34779597000692775
289.71627740538776,-0.4711019844380644
289.71627740538776,1.0241343886979166
302.3325798089606,0.11618272131568119
302.3325798089606,0.900371567034199
332.12871021554196,0.16446933736165192
361.9416758474442,0.42989607563026766
331.57310999561224,-0.15282556645593104
371.89684116897337,0.42238615655446665
374.0085731569461,0.2626671352326184
350.021881455096,-0.7154094297826532
342.2975417556613,0.4160506089190221
326.0520341416339,-0.43159965264806033
347.3764286586397,0.18213173065919364
338.97155863678097,-0.08706374034318287
351.67533683854,-0.011878188684477209
344.86094498071935,-0.22751255500543266
333.6432113443464,0.191763102615937
351.0196637917463,0.18346384162657614
350.51422159497895,-0.19026494825891405
346.2981947526561,0.020441028796085448
331.50501480964425,0.05982215388030454
331.50501480964425,0.16418234427715106
320.54703842303286,-0.5893134128953079
351.7133660761611,0.34432410644183165
344.36891338913404,0.0882566274152623
317.25120753933186,-0.1255892267474792
308.9920887216504,-0.2515615586698914
297.42373776122264,-0.4493488058179764
315.76870951612443,0.48585126435716575
315.76870951612443,0.2568161474250701
315.76870951612443,0.8045364107250634
328.68837919657255,0.09480906048099769
327.49885564112,0.09018202095819561
344.06934791165435,0.26225394294510807
341.13859605235723,-0.1803052204628557
324.92111226058876,-0.20402571159547733
333.3099795126783,0.10475528929384836
333.3099795126783,0.3919877701257519
366.0653561798376,0.4251424074092256
381.26842127079175,0.08834296614804771
367.3813480372504,-0.24687053612331056
367.3813480372504,0.2512521212347565
346.65868107767153,-0.1757165041542521
346.65868107767153,0.12315887043610019
323.87427381326887,0.007534863073374254
353.2016495131321,0.18930177502465995
353.2016495131321,0.4243513887103063
354.90720589606866,-0.21549276738141998
334.36113584346674,-0.08566521915736303
363.64085814813455,0.2783654071051842
341.7547882198154,-0.03868804205808374
384.11973357099083,0.6012075763410394
370.9080772647233,0.14062208797497533
356.65509578184754,-0.4794871805936509
356.65509578184754,0.5063787234865913
380.0354568428111,0.10523733602565244
377.4081391242386,0.04300229233081154
392.42406741737676,0.013621828449572604
364.3676996067434,-0.46478845491992615
355.62307899078365,-0.04261501153939662
355.62307899078365,0.08440339670630692
344.8234900931245,-0.0398025010974834
354.0326679008898,0.21150501951888145
346.66150318292,0.19090942987509152
357.6374278507748,0.13912781552119213
348.85256712471545,-0.374489889262577
358.82250337170456,0.03514697880007134
366.79255355583405,0.4567974525783711
372.7216073713407,-0.14891329465422132
372.7216073713407,0.34052714310121246
348.2959761435994,-0.30398235056509293
363.97856920152736,-0.06462466376137854
382.0594991297417,0.5465062280562734
387.91604141364564,-0.06331501686224783
417.52445643963614,0.24655391390615478
416.59985188287203,-0.2960169350898241
372.4673825534974,-0.615248864455225
391.9778090705641,0.4170795403375678
345.5154557464891,-0.7397399131137945
351.8734069010844,0.08752941092654964
396.3231499716736,0.46935654279775463
332.1170844313394,-0.6481337391979878
328.7170624717339,-0.08686268038695744
363.8680957052286,0.42010187785740527
351.44833491234755,0.15631387954090314
340.62415661076386,-0.3281365032295298
324.5057927738707,-0.15850136738913534
329.5043010449239,0.16899267040867016
374.0357978536745,0.3014084636415646
373.9561708412892,-0.10076339798047229
373.9561708412892,0.30401288182360986
364.2243681330688,-0.0029979078540236515
362.6174649628965,0.0030872598363202997
334.03858158543136,-0.21652304564270253
316.9970040209139,-0.3807045174879704
316.9970040209139,0.4786199828641884
309.0836853346122,0.010478419809032857
309.0836853346122,0.6073866125532277
333.48276768852753,0.0005959717650512175
338.4186447011792,0.03710879053187455
386.8483015254223,0.6348453237898184
353.9745213744427,0.058738548925589384
357.78361194545323,0.030278928605184774
357.78361194545323,0.25923240016823
349.48914713875695,0.16756286502527473
384.3288675261606,0.6244581618053644
367.1089902328028,-0.35708973705129665
372.5617770844541,-0.18401437067825555
384.5458846147227,0.19494829245445544
412.35821375697424,-0.004201254307531599
372.01705451217214,-0.39418979645483887
349.57533797885156,-0.14490573074044732
343.9352688034697,-0.18473839813395898
339.8078105606039,0.4499991616355601
339.9100927350848,0.10474931311500768
356.12007730528177,0.06531998795549043
343.3311624353376,-0.11246468666843157
319.4020879897902,-0.15172929586037753
301.8295541379285,-0.42953274641945427
315.6959053222281,0.5746140288299557
334.0130035274298,0.11744471135546064
397.5982388171551,0.7492980168096892
364.82550333788555,-0.3965166209795825
366.79985469045766,-0.04206413924782737
348.10551386599957,-0.4415783055447946
345.9431316401888,0.14962094267934845
340.5683050412473,-0.05048134329103959
327.524779394503,-0.23023714265661965
317.85853271410053,-0.07092495547499311
309.89471782474385,-0.11589470939259172
342.86009845553997,0.10146985366884564
342.86009845553997,0.4963170518631159
345.95282537108346,0.2196488307419031
378.1666492847358,0.36042138045468164
355.54688864640286,-0.31062569918515237
356.8171336917197,-0.027616865757977394
347.7917727472431,0.09507479735748348
367.74399830773166,0.2253393697624233
333.05657365023245,-0.31989607413072463
333.05657365023245,0.38691118785914114
351.40112036488614,-0.19846459146833695
351.03475860601407,0.1337156155628918
345.68841489633724,0.08531932393475472
329.70345762223866,-0.31736492403899774
329.70345762223866,0.4970701595873379
324.56743263845516,-0.03029380475754806
354.12768055752883,0.8083698910520525
354.12768055752883,0.02810795903849339
334.0204781104328,-0.3562238311916417
342.1604280888183,-0.22761051706663693
337.20175233098854,0.09399833506813593
352.1988780534179,0.013318716620801752
334.563061897689,-0.1438285942060702
346.6938359718905,0.2748482100221281
359.6699704335849,-0.29052272566718784
350.5790259539856,-0.15068415670998547
354.3101795083559,0.12538830324808714
367.56609809213995,0.44620111916037786
365.2863997486156,0.017129837578977458
368.94278210416053,-0.14331184816524
373.45637541299016,0.1471072401600395
373.45637541299016,0.22127160530794754
357.2394199247159,-0.133200055607972
349.3575373314957,-0.10170411306512506
344.85750501220133,-0.05031054839173521
340.61023975012665,-0.16084818585682115
340.61023975012665,0.6423351949563312
369.34834199041313,0.7104361624003559
369.34834199041313,0.10143905339475623
355.57051363249354,-0.13124624416400366
365.6195078606287,-0.0016664611636088011
371.7314188073801,0.15742551261837434
373.4755641419268,0.13751072495267636
361.8054811235264,-0.2217330092228167
331.03899141913024,-0.582243372582866
332.01580289352,-0.24886934230039515
344.9096040969245,0.007886328893619066
376.1359668399415,0.29249059321534787
338.9236445761453,-0.3296374144828178
338.9236445761453,0.6133886613441746
336.1861598464682,0.27835404234519956
380.61876047204555,0.09993796783862763
368.4400990198963,-0.16891651857440593
375.96421636466295,0.18759757766758867
349.3079284410854,-0.35024060777959676
349.3079284410854,0.3119520885517204
374.3042393956705,0.19719276355647253
397.3916861511752,0.22384853230903445
409.91811166555493,0.33422187894541366
391.3032049170794,-0.2715639547425326
372.08051619205264,-0.22023947866853177
358.72301930145113,-0.21544819819496297
369.59875353029634,0.1305717300397191
362.20384029656896,0.028281229494041327
378.70282102416337,0.3310846702277104
380.8210970685643,-0.2247338489376034
342.54750866969584,-0.5623159205325692
342.54750866969584,0.6307795175802084
342.54750866969584,0.3755370698876277
337.1784183984328,0.10101340388052904
339.74953818312,-0.3588097976719382
339.74953818312,0.15249871176138186
339.74953818312,0.4217660629524289
353.97256744545433,0.1657213607943504
350.23929837036127,-0.019474009262467007
360.82466411394745,0.17810641820415185
360.82466411394745,0.1880873536913441
354.91427252493156,-0.6811747218636128
375.66769877513667,0.07419958937941828
362.97954981636525,-0.11495053291878321
362.23595605407587,-0.13266914923769946
362.23595605407587,0.45273432026260707
361.77447866108173,-0.34419135653149624
370.1339941310314,0.32006334803929803
362.94814189614476,0.3679774404361069
354.4063280504373,-0.1352293520976673
358.92918400204763,0.06749333270761326
359.84860147328624,-0.20250611487153947
341.9930229314756,-0.33591003315882517
355.40186343983066,0.40902077281384663
334.0000641618785,-0.06092189859566588
335.4571349256484,-0.21153210838360792
350.92278301640437,0.1539942637225522
348.22260714744624,0.06032477545113579
361.3071911380418,-0.07711218793872376
346.32310545304466,-0.3148647903512938
346.32310545304466,0.4726029585985998
314.74136073353947,-0.294845407278558
314.74136073353947,0.5021633217727413
334.26858761911467,0.3454049617508872
334.26858761911467,0.20561754117397868
322.5025073441057,-0.33081714316108446
323.2387898334348,-0.04482395859747612
317.9601578031727,0.22045426660383782
284.17439251742366,-0.15966363698044006
290.32305963848034,-0.06541815484297331
290.32305963848034,0.46853476869273436
328.6660942267515,0.4950423228675618
321.2963829442455,-0.2508262489365052
323.1620134688318,0.326931457325486
323.1620134688318,0.3946602783266826
302.7143659578635,-0.5251493967961096
309.6203863740232,0.17923000134919675
335.40962442399297,0.4135850564507564
370.2206750062253,0.5373075792115287
349.4096350304212,-0.6022728691201564
379.5758753547386,0.40640543805693596
360.18107445133586,-0.3573970134350475
362.56216810556054,0.20545765599729293
347.05303016974136,0.09373821287726969
373.2846463541682,0.012891839106259795
329.1657214479012,-0.5096284958442538
301.8327970190431,-0.296547794830758
301.8327970190431,0.7576548406786969
305.50946590685004,-0.15275438890057558
305.70382313689663,0.045173483257030966
346.7379306456736,0.5178673567526175
346.7379306456736,0.28440038352948704
366.66684348133026,0.3019163805624885
365.5256122835803,-0.04194157186020675
361.385727938068,-0.05533755004876184
361.385727938068,0.41298439902425343
361.77090071725377,0.14524101724987304
358.32220730111965,-0.17064069416005623
358.32220730111965,0.41445029432384217
366.14436972905355,0.22082892220407757
420.51196192191327,0.8521843592126288
378.570299322425,-0.588547112029346
356.3332011090473,-0.2037104048213223
335.4277564965936,-0.5368337839753394
335.4277564965936,0.2931231969317878
351.1419251559103,0.5471527900101592
343.2704627307735,0.0303032592623822
371.4024935625331,-0.021726606440438445
369.3181981911884,-0.11537385017948054
354.1525154104857,-0.1942194246928466
353.879601745754,-0.24877674811887118
333.8577569899043,0.1513834247673458
349.9615196895129,0.5473355808617271
315.4812364459723,0.006346641757431826
347.4188307460797,-0.148753285860721
350.3338050511578,-0.06104199008314026
346.38129146245325,-0.014922200397336383
346.38129146245325,0.6474331166855336
364.6759974785648,0.26421616884454124
359.18180989761646,-0.08463124006323142
371.61060466755106,-0.19916540776171132
345.01834156674863,-0.3618686020752193
343.14387435888233,0.379584361216871
336.9052400779923,0.10177901310237303
355.7572295391562,0.15000932878660933
343.73542204982965,0.021350879846750104
341.02116406106984,0.08242571335790672
342.58915887928896,0.1841125716383658
359.26477704375964,0.02576034920434722
360.3401256193249,0.19221447120878565
379.7215571692902,-0.20544692945168208
379.7215571692902,0.5307337866298667
353.8584911438991,-0.013568078694561336
390.1633987173313,0.022739203502169403
387.6730395447661,-0.1488450188439856
365.91289768785464,-0.08958820305895188
374.57125688090366,0.14767290350914664
358.74782872231845,-0.14963945248121036
395.3698563381225,0.24575645045945294
363.8064729221774,-0.6001890189349979
366.218495234087,0.32584034587125643
388.3473081768226,-0.04846012684959078
315.55422967177327,-1.1086395172193306
303.8606069675786,-0.2609925525592871
303.8606069675786,0.8494410789103313
303.8606069675786,0.4575364905163042
303.8606069675786,0.4903726389829899
336.9398079214936,0.3710943831382565
355.2065283967958,0.21875218624677473
355.2065283967958,0.6550485658940488
354.2181599409459,0.23884530115481084
360.89334257313226,-0.055483216198013
362.6286139942343,-0.1402186639959382
370.08524193890037,-0.031120215154487596
370.08524193890037,0.3171349254882898
328.8990831517008,-0.2532717191234042
328.8990831517008,0.43114316017977217
336.56845011845365,0.3092294076182043
312.8073602628544,-0.3375627526033895
312.8073602628544,0.39846925303947955
321.34589049099054,0.013416318847362163
355.3924064319786,0.4801837274189893
320.60613379552075,-0.30079886670012
336.3849423029477,0.4829605333808331
361.383222875794,0.17687433198784674
392.64640246102687,0.22311040851081998
392.64640246102687,0.3923551546355384
381.6654660381524,0.11858394888145085
358.56994623379734,-0.6628597474889375
365.6434773975696,0.1864600692751992
376.7673569237698,0.5993276089050141
354.2935923209973,-0.27300943819795975
376.56393223236796,0.42874439267495745
326.6892107349763,-0.8218757937798955
315.5241606436134,0.08992986755845322
342.2017091122472,0.31026563768864435
294.2197413480604,-0.5172677898603979
331.85212576919156,0.39741203967150796
360.5718379201016,0.516310972127485
360.5718379201016,0.3729583612773695
357.9513188450695,0.02414331428121841
357.9513188450695,0.35943596122478993
361.4873844200671,0.05145875248626908
312.1588945000734,-0.40604656859375154
348.35607968700936,0.6187445173735568
357.501377539991,0.6174652472396929
372.22606769629874,0.030825735378130048
352.12929468193227,-0.22225990807851304
369.90243253815464,-0.1112485840347972
306.31549650242584,-0.5940519180521733
357.5299138014905,0.38562700104807845
347.2671477903595,-0.27680709184119223
360.7979555022911,0.38326316513928305
357.2978792134763,-0.016311809076114514
347.19711059518534,-0.29078073017183215
356.50279785444627,0.1618844442587033
363.2677953468776,0.085848468557856
365.696024358996,-0.14991266096512845
379.42257492152635,0.40775336118429095
345.52158919665584,-0.3760999325902503
372.0512829042075,0.39436286413683774
372.0512829042075,0.1695067198986635
359.03279392686676,-0.37711147662025724
357.5955428716586,-0.00586472195254828
354.79934948163816,0.23257406644233924
333.9210810926551,-0.2764713132187353
333.9210810926551,0.6993287368270558
352.03586648470485,0.258471757516304
342.30172102653006,-0.3576949215150762
362.60331203910073,0.5550104319187312
330.45566105973484,-0.5766269257284193
335.9188811780483,0.01742432749585987
355.50652251867734,0.17975196351778777
364.2549104740721,0.2028790739369697
364.2549104740721,0.2882633782569428
390.8052965242297,0.320913756234404
377.0378615013052,-0.13096329156121556
366.6137668411427,0.19480434717161188
397.32152404882225,0.20334537097846805
374.52644922318854,-0.07921778105651356
372.1451059735893,-0.16742985204928118
385.6532113002479,0.35186100864393666
393.54950473433183,0.4130499669342953
379.59987939006606,-0.07416558795011952
386.1740528906278,-0.2205658643111974
374.2130897197035,-0.375364587966601
319.38766014303786,-0.3795884091366588
349.9794072716188,0.08798751350536804
349.9794072716188,0.6499215737359236
349.9794072716188,0.4187644800194903
337.7671105135789,-0.17395848663954894
360.5173645003136,0.4456507327413419
337.4839905172279,-0.29246320969309636
336.20533797193804,0.08328515120172142
346.78404701287315,-0.13405339249879944
346.78404701287315,0.273881301045094
332.5883565052131,0.012872408159637416
332.5883565052131,0.7144170710691924
358.9857863495293,0.1203635048752858
362.93134528365346,0.19303453647410151
349.5554456751086,-0.04362524912903609
361.27371621061553,0.2145055443443198
326.65896055199903,-0.7468315989929124
320.1885688430898,-0.011572343226816884
349.6568266721371,0.3525277217152052
342.56107029850864,-0.3491563918295242
319.86263058237853,-0.05765220047283037
319.86263058237853,0.14568741450193556
312.01912279955417,0.08180778987866688
312.00825252405144,-0.26524091525106996
307.09761003830255,0.11427405752920095
307.5577147049604,-0.35073671784050475
312.42025524741706,0.017592175917911845
312.42025524741706,0.3987470569063589
352.3031183765024,0.2501360338740142
350.5677537754936,0.23223243645384173
373.4361557152911,0.1722424265215068
350.4125130234506,-0.5428744039511457
350.4125130234506,0.24851940102598746
368.9066514946197,0.2793248825723822
382.35565057412555,0.39629667143174174
388.1368666045897,-0.04507682574865157
359.30924965074314,-0.6425391118409607
345.9150527201905,-0.01729228665590199
339.1469144673685,-0.3177534286807031
339.1469144673685,0.42013390939928286
351.8593112785139,0.37768224625233415
351.8593112785139,0.3051609710297498
323.3593049933029,-0.14816672626704985
356.04282724119383,0.24622075230445262
345.0677663276701,-0.28206224693349213
349.59907350078157,0.020096074838761524
339.7053980643772,-0.2424509156581962
362.78771022409893,0.06384700681633149
365.7713466953869,0.07442991769880791
375.1657686400725,0.1484547045489535
372.1637912509874,0.4138006533968337
398.952399481943,-0.03577747518556862
381.46806046389696,-0.2221909282073966
360.8806016287264,-0.4163501566810055
382.3458363794507,0.27980035749931176
373.95695444750714,-0.1337117614214094
354.1929218919933,-0.092791326596398
342.8408632420241,-0.2375317345856729
366.2071250979901,0.04517713961649861
348.0797668268959,-0.04150567080091605
355.0559674911225,0.04297202479119733
350.82289226558623,0.15838678996635736
337.8070347440479,-0.4961719979883128
337.8070347440479,0.13640806607975264
353.1118412359951,0.16980330338662952
353.1118412359951,0.14538057577351537
344.405662311285,-0.3432915288173035
357.0012693944153,0.26156126241085076
343.25257617918425,-0.019130053133153524
343.25257617918425,0.2727742423920745
345.40794245128484,-0.35056982540595527
350.02034197009004,0.4022378161857887
351.2891750780707,-0.2780008174044042
379.75837443616814,0.3320343623206554
350.3729986632424,-0.10442674668252039
353.89866122868364,-0.011624074672681672
336.99934315425185,-0.09225621128075545
350.7091093580383,-0.09719133543433145
339.3567744150779,-0.13040228523311725
363.3681221758303,0.13863956172895087
362.4762872712846,0.3750648136657446
388.5038629185959,0.2565355757492398
378.23839968840326,-0.12842595295796855
379.0109629633729,-0.15195808588123327
379.0109629633729,0.047989572674396186
345.98111839656235,-0.4313527123111953
329.9268117702231,-0.33386393581599805
336.95356386712524,-0.05557857442875047
351.3803553253587,0.25933883361744847
378.9411456452817,0.3025710860207482
350.6056195740473,-0.6973343319790501
314.2465860899462,-0.10887900897250802
357.37538892307356,0.6466711221182777
319.9208581214726,-0.9414999641342092
348.55541533773686,0.849870887314637
349.0047231587086,-0.3647904698378852
343.1895879750861,0.11628477599060716
374.8132953471856,0.1752808838728015
401.86922679638144,0.4574507526568823
410.8532609012819,0.3866681890332302
382.077759164681,-0.41130563293381783
363.2324713577519,-0.17204509594080264
360.37707834135415,0.0470155612997587
346.7362472507747,-0.3456952072713193
372.5270129641515,0.256438409432576
360.3144007976255,0.12674361254812538
372.83382581097004,0.04231131515371089
380.5612298324671,0.11859309274802854
350.28296921569427,-0.16833233357931476
335.4315950004973,-0.09511224390018924
351.3791462395089,0.10203135367248706
378.0367570593136,0.5387215005463304
363.8819637930813,-0.3136158235707853
364.58154510002737,0.3040586820284261
364.58154510002737,0.10813604807583488
354.9237223645924,-0.24687656473861352
320.014522406257,-0.6606863495966309
320.014522406257,0.24729437713801872
340.4757496701332,0.27762162011003966
340.4757496701332,0.49313164098634843
327.09467452510665,-0.09083362636681613
352.1247153641693,0.3313752523433777
359.82544225328394,-0.10585407617850251
307.60939824385696,-0.6784179521766873
347.9620433748214,0.7705735223522652
358.8456638494073,0.06484169600980749
350.6490987854566,-0.038277783825492406
395.580763686409,0.34025400870655176
364.5624674441714,-0.32416120661628156
362.3876099279018,-0.2011864365455267
337.94017550484415,-0.4406165231154091
337.94017550484415,0.1665488136679869
317.63408548797725,0.027242856161024065
343.96000277037683,0.10759240480524568
338.1270443817646,0.04682078851180904
326.72218512953174,-0.03417818084028568
311.81455712869877,-0.4017273415854561
344.15242268519444,0.15619307102804214
348.2418442822915,0.2939223584339743
348.2418442822915,0.2358603440176239
349.91194400546476,-0.13409064464156017
339.2609929294381,-0.6138446998052132
324.0479780572085,0.10008190119572191
324.0479780572085,0.4896933968045687
362.89697828614646,0.676603298098712
340.4242611451528,-0.4008488041635019
303.83238876043276,-0.21328969871467507
303.83238876043276,0.4533063643591504
355.6521089536999,0.7129467060370871
341.3252920482657,-0.1094539999052131
334.5588626028593,-0.32963136856255915
343.6988815524297,0.05079135737241813
348.5366063274999,0.33025650452975697
324.7514152134244,-0.21417409374521412
360.7818566292887,0.4440802410242668
354.5757576332156,-0.06379548752579467
359.8268512616526,0.015780231900976105
359.8268512616526,0.5541821431771723
359.4715271854113,0.0068511420865888795
363.59663677862187,-0.27122906837439587
387.5346894532493,0.26650412122671696
397.3200166675724,0.024809852973021407
367.5168290914421,-0.2528960418127326
359.6684164462638,0.03956617469532375
347.16114469411207,-0.021259325069195256
370.8040431267571,0.1302698050840263
344.8851095131627,-0.4181900232543967
369.9707501998729,-0.19981574609391828
377.43184332588834,0.2897515026811561
363.41791322876855,-0.11365465061521718
346.33260501761185,-0.31968451476257087
368.83892487873254,0.05071637458161149
368.7299203930518,-0.028956180664522435
353.6576273543261,-0.20959071816139385
377.7142456023588,0.23171325201633408
379.66720704289105,-0.12329604583101172
344.9886749964349,-0.15132079616523697
349.8072697187102,0.02428347499312622
349.8072697187102,0.4580116945909367
336.6208313218883,0.08060439620339821
371.6795936175724,0.6509204184054624
368.18495976820907,-0.29243312937671817
335.9391559163982,-0.3301222591323949
351.1151593673787,0.5311228081411627
355.7817582793561,-0.21654826629105628
355.1011234376763,0.16220820321359497
347.10043861877904,-0.042385540985947046
350.41096574200026,0.23323748835218794
314.11664960104395,-0.3828440721554216
342.0243485163507,0.16030110504584627
339.6095474304447,-0.15955502475696903
344.12815452098624,0.6520889316316243
342.4112192988516,0.16582031299458322
355.6063747317342,0.27347264506624924
358.4381936961306,-0.058238696345711105
369.03333358237944,-0.3392339689022492
377.96491632766214,0.06510034527207154
377.96491632766214,0.4726534454408693
345.19570945643244,0.011941221041524841
331.19151589417515,-0.4884559883861357
330.12048909050725,-0.06402923093082791
328.5086703467783,0.19502225262385764
326.54078483626415,-0.005303995604208467
331.436524082744,-0.0404754663343283
318.1938556466763,-0.2829916834402866
292.9091869387367,-0.26968747994737896
337.08836051194476,0.2483203525061981
351.09174240317464,0.4344012339299752
357.650405981152,0.4578375568368074
359.99884291629206,-0.10694634685864912
329.1745200284508,-0.5022859767236696
319.58342345411455,0.03123248285214686
341.3190201121455,0.3678856286524024
333.83724585559156,-0.0848386515774564
333.83724585559156,0.29644776356735747
333.83724585559156,0.4118365514882498
365.82949625637787,0.45786809033029385
351.59163808416014,-0.38271476728300513
383.1085761024398,0.36439362248006546
379.6424480362982,0.252856570648305
347.0625401861063,-0.9243939077358618
358.7823994313258,0.17138445458090246
348.14188192718746,0.11150233226385353
348.14188192718746,0.0639487396772438
318.7759883326423,-0.28910908419049974
330.282667044291,0.4139183527845489
323.1853802860669,-0.5251027572926432
330.4586691658047,-0.13777759346601215
350.0846514742599,0.09917395409183882
334.18058916584783,0.007564586660464556
347.72772643965675,0.13665464626626544
366.1196479418498,-0.1752131422746288
349.3230187838894,-0.059758376939043956
368.92840279706485,0.3004522279294406
406.6493747621514,0.1636528010433267
382.3543942602789,-0.29246881349604337
368.24951604075983,0.14668593287433396
350.62151293698247,0.057055668404018434
351.60559234207045,0.34215254398623074
326.4651733852275,-0.5500938960074109
311.67107044744705,0.247328110173612
313.4395543029741,0.06987854386306935
313.4395543029741,0.6294431434317858
324.45498270753126,-0.0779085612155086
330.0493942670676,0.33731466823928713
313.87497834563794,-0.15415111761751632
310.289735675676,0.027590993795456598
370.8705681853706,0.639638774669038
347.716140837853,-0.25417745436323
347.716140837853,0.3748351300984041
329.27098802056275,-0.3921543184055736
344.022441915514,0.25346241473175724
348.186638416362,-0.005998137821052296
379.4128334765966,0.09356644534409497
358.3436698914459,-0.07194868765645879
349.15604760882087,-0.1188304550854582
347.1832682053612,0.3486728313629328
352.37611307550736,-0.25158231534192055
311.0992655652054,-0.256016839316203
326.6094264989114,0.6010013075455163
334.9170804781997,-0.29073659627783854
319.0712454957067,0.04093762786328625
312.2845670504371,0.12305203723678915
331.7591147968202,-0.07744253314081107
325.62510924660484,-0.26896075071886116
330.54446124657346,0.12828346011451686
354.10449140754264,0.2634447859663851
373.72537409601057,0.46776087945090694
371.0118288587795,0.11858335670956421
359.3310699817264,-0.141254137689657
347.3210529130906,-0.16244824513682943
367.883950753724,0.16598849242336655
367.883950753724,0.5794902148978736
349.3924577965209,-0.03105544139475569
365.94228401883345,0.10542894242939838
365.94228401883345,0.10522733883567525
366.5681709666568,0.04770725654600483
366.5681709666568,0.16806320716636947
365.9090775038699,-0.2781355119619775
335.7777272753094,-0.675805666547717
349.71383641973273,0.20883591522795086
333.021435666579,0.23786631211316944
363.78124606871097,0.29057740358166484
352.52890064629776,-0.28229422745266675
338.90486970164636,-0.08532220536835666
309.65572592382074,-0.21920969411485203
325.0183614421391,-0.008121382080958028
326.91628290054325,0.24278630237358811
365.7062241901482,0.699704681798039
344.49207339081977,-0.25560944653955175
343.9232125380614,-0.20672889471143208
337.0511712939388,-0.33494940604941803
339.52777649800663,0.0338740594841056
318.52390838175825,-0.47568598347345414
312.7397294910547,0.18598720096599664
315.63582356634436,0.16009431755423975
333.8548129936732,0.2851416702634424
319.7967166471419,-0.44653624634850075
345.55787926318453,0.4391644509601065
359.85440283554595,0.15646413985791696
349.61445595919594,-0.4073122736508594
349.69760182648673,-0.2034769282918205
348.6901972157095,-0.09399099682923406
327.1718436108794,-0.269919700805076
341.3325736261769,-0.3519000665006615
332.1352340871745,0.39989042027627875
349.2678390871134,-0.04088186143758321
368.27435070770235,0.2555203707701139
364.2412989800046,-0.3418198485526318
352.99794045499766,-0.06748560005780746
389.76902764101897,0.27309513918794437
380.489308344625,0.07858649882439295
377.7703546391573,0.23422121456258083
388.5299649476836,-0.09871319044077609
368.2690425715647,-0.5710679900348623
363.85722733151596,0.20964047109555395
388.0684916728231,0.10114144841736561
372.8721569196374,0.08120665203909994
351.58057677039614,-0.2962156902430024
362.4925074547211,0.31070024522273343
355.2255984642281,-0.2242588509406005
355.2255984642281,0.6791220985205655
343.8279801576996,-0.19658177699523094
334.4935054653121,-0.008852308865129999
334.4935054653121,0.5820359239695563
354.20134270715624,0.340283423128767
367.66038664893216,0.01572831470377878
365.9327250834915,0.041552846115905595
360.52355704568953,0.06679255342714896
384.99479485097606,0.2514768145530297
345.0973261665613,-0.176609833213206
343.7214972578696,0.04051748677784417
375.51616784134546,0.39593337002202134
372.0494841123362,0.26979155452897885
392.81326660717656,0.07372245469332483
361.38241069147176,-0.19930077458275264
355.8773930736903,-0.19571385407493835
362.5151563403809,-0.3060983659439671
361.45471688471713,0.21696146258113913
360.60170901608797,-0.3272279188349785
358.64931906832226,0.018189578567216813
361.89486032221686,0.16468899672588577
362.37041165043024,0.11230059049034935
323.4356330048314,-0.2201470380431374
323.4356330048314,0.4600572339805922
335.647272599575,0.02488213534127226
343.39562931227647,-0.024015974034000465
365.90005181061724,0.05923779942463625
352.5713389037357,-0.18968987209007082
364.57737055336895,0.1960458191579164
389.6979821711127,0.5099973276182936
390.1008235755324,0.06379046010579259
376.0199648790624,-0.3264989305836252
376.0199648790624,0.5512474493222044
373.7170808791566,-0.24336988007689797
357.7336219763013,0.2260060134615287
380.6636566833353,0.21368864464363924
356.20287424018727,-0.31781978444507786
395.4964682992634,0.2373821442455437
385.1101133749532,0.12266380569781177
360.49484075202236,-0.25929565979379277
344.4750632320562,-0.6116512538453662
333.27645474387583,-0.5699542674818758
333.27645474387583,0.3713748389122884
333.27645474387583,0.7574000354973123
342.7344177221335,0.14553889954027
342.7344177221335,1.0158119217043122
350.20791627310115,0.25641443128984065
359.83835978945683,-0.1167759558366015
324.68080807599307,-0.5633282238839001
346.3622503656523,0.8013325003416867
357.11179245310933,-0.3601925804532584
331.47100450549203,-0.12517004038727464
346.4546799387527,-0.1319233229684187
344.69058469384424,0.2394169726870814
363.0162448198027,0.3911629835384929
350.1956579334466,-0.40459633412001494
361.42450833118653,0.4169310457496067
364.3449792502557,0.12813671649780645
306.39530406313236,-0.9270323994819591
323.81556944937466,-0.07072645011180612
323.81556944937466,0.21628706058288572
334.04755561938833,0.529663289933751
369.1733907382206,0.35738354703994446
345.75267427814606,-0.6953123317344989
345.75267427814606,0.2629213492289182
343.08112016034204,0.15278153262431715
348.9536028249007,0.09512509694980054
343.38984630301337,0.12801530820433982
379.6203387624907,0.23780865365586124
383.5158446904151,0.35312451087793306
374.4256297493406,-0.4955838979778946
373.80993582854285,-0.0013141980091404548
359.8684582956347,-0.19721007675650526
349.40827399055837,-0.261528071125781
352.48058102946123,0.1739858744401772
340.2850747669262,-0.33878746659468106
367.8379837045042,0.45846080464275474
358.59078303723066,-0.037162860017133426
358.59078303723066,0.30715572005829017
322.9477536269463,-0.6051886236251676
359.2565851802267,0.6412791846917116
336.35861612033784,-0.32203594644579425
345.2502338381158,0.2087894798430625
320.841668725538,-0.46117309726651
320.841668725538,0.4804380759378546
349.86380575930036,0.765902874594758
363.016622907505,0.0373614492489196
341.68974573032335,-0.38112216245747277
321.93362433576993,-0.7567516022689915
321.93362433576993,0.2590648634534318
321.93362433576993,0.444395946646182
321.93362433576993,0.08450840575392249
298.67373649025984,0.07914781569820661
287.74699337680914,-0.11914915527290759
296.4457635817444,0.006367814688701401
311.98676977137393,0.40265017755677945
311.98676977137393,0.44707033001668606
310.71448345160536,-0.43159185775937203
301.6869893217105,0.13814417697642511
319.8026122533813,0.477413469870271
321.730172148228,0.00324385774001712
362.38184418775967,0.7142513681018272
351.93396724720594,-0.26969915624295027
328.0739102888746,-0.17637848715219206
314.35698362367305,-0.2223331826589856
322.8090377648921,-0.023325029911234196
360.89718787671757,0.9432970089096671
351.24169981810826,-0.23640742552959182
325.6876347850013,-0.2889091121484171
326.9975354449378,0.14403781397129478
347.9916471728402,0.18390020774484128
352.0958176069937,-0.024207636112009823
346.87301165298646,-0.26515105527391825
344.7840750065032,-0.056913200724011404
344.7840750065032,0.8998021552613409
321.4004321493814,-0.1285472272320476
345.4436518332825,0.23817458950418313
327.95132377408225,-0.2999930101650534
327.95132377408225,0.3472843754684618
341.77264126857887,0.4515676025840776
348.9893987176846,0.24804006200179174
338.0496152047091,-0.2485617139717533
389.06780245507974,0.6038907608875661
356.9009108005499,-0.44946955891452944
370.2651817014154,0.08999471957986316
359.664401937406,-0.4163980145247024
358.00278600138296,-0.03336385491797955
337.5912702344004,-0.3569901474888866
325.04116714190684,-0.36460634679451687
338.5401787442158,0.17361077224290966
362.898186121793,0.36698819426510454
313.46269715346824,-0.4934575237388117
338.7922116526022,0.19143205403042884
348.1695421983011,0.3098022012158026
327.9712027720689,-0.45071280099944033
327.9712027720689,0.5643315459797122
327.9712027720689,0.26060219524651984
327.9712027720689,0.40710854976691735
341.2739656602069,0.31258362194660094
341.2739656602069,0.3588944846856066
341.3418840922972,0.027173500985782084
337.5983644143719,-0.28121577993294977
330.31597215649805,-0.10541364080700077
330.31597215649805,0.683461309972472
330.31597215649805,0.5334393583098063
338.90686338812856,0.09596860281590125
338.90686338812856,0.4261898385487939
338.90686338812856,0.6879948020161919
330.3746966143491,-0.24352223181006138
310.7045660567358,-0.3810434249305672
330.12442023957254,0.47716538447525636
354.5542276714198,0.2935946333460606
381.384043792361,0.5125851556343832
360.9854828414065,-0.5080910908385476
386.13789284713647,0.3162073961107126
358.2063841486378,-0.3950274982530573
358.2063841486378,0.6722231165025505
318.41764446631345,-0.19358911026529313
302.3983370243465,-0.27835274452786507
343.4707160594463,0.023742057335311983
339.72890856601356,-0.25388411203255146
340.5248151919595,0.4073441661690822
354.4761888120143,-0.30620451313870944
354.4761888120143,0.31990594315561793
377.92925302146097,0.5535438326592157
362.8709891917543,-0.3142493255500085
347.68678214483623,0.036526990031120476
332.8622943179435,-0.04970146062078129
330.08392408325034,-0.5069079689000091
332.7220266850373,0.01874763363684906
343.0613519186548,0.40919069917822526
317.54796236828594,-0.548926486521168
361.0323891300526,0.7225576643903651
361.0323891300526,0.12644547481818336
336.36629265290713,-0.017891230921350143
338.0353591782468,-0.36644797628787273
319.0536567395141,-0.389431418969707
340.03154374606595,0.056889788090757065
370.4381432688036,0.7146681395058749
351.3938602473037,-0.0797345975480539
372.4890649931152,0.02549782885262175
381.1742651125888,0.2528074762636834
342.88702320924136,-0.5729180417258704
364.18487315335824,0.3378379068436743
359.90680742315897,-0.0009706855288413863
377.7981334955171,-0.1584266531128833
369.2371704616619,-0.12646692908049317
365.9026311371381,-0.047157379177747316
367.57560814431486,-0.42554881420687707
356.5151444646244,-0.0057852629834087566
392.00546728352776,0.30826582646250245
410.1034372421339,0.2016851085138569
375.708833692209,-0.7061405590816321
380.26162748654855,0.3151286846750736
379.12632322879193,0.16598151556331686
379.12632322879193,0.24880768930074737
374.2529110845501,0.34278183413755414
385.4008800386632,0.20492240478847634
384.2851857059968,-0.21764368729247963
349.101086396742,-0.3534921477973967
366.2253819658353,0.1560917522224372
361.4153440124118,-0.1571836024465938
329.0030237464359,-0.2895191256236558
324.7329885126333,-0.39220259685498604
352.08382184528153,0.5870501336996767
371.709588236168,0.289196916040396
368.6885561285314,-0.0013346737802066855
370.3484724608324,-0.08468983753118664
349.7140694273341,-0.0879336003682738
357.37881292489254,0.3527931706173604
363.58658048253983,-0.08164464378478442
322.03111755528795,-0.23436474721643208
329.6375911317722,-0.12131023442725564
352.1228073223249,0.15096917301298163
354.907273372579,0.2149597206710041
346.3348588536799,-0.41385773298907225
370.6264224944782,0.6673655775044836
347.09034015677327,-0.6082974953546909
336.0170168836178,-0.13267387089138083
351.13941976793257,0.46297197226635944
346.42903813494456,-0.09896033237885149
360.43672070817536,-0.2789886322361781
348.3183190935512,-0.14499936481183795
316.63107434820125,-0.7111597843147592
335.4662145429856,0.5277317619400037
351.46935581634546,0.04856371457537989
311.3777231158097,-0.11850704650100852
311.3777231158097,0.4104094501315103
301.5345745048107,0.06682159744650562
338.14120001095705,0.2979880880600376
342.2155065703885,0.5552560151434136
334.43933439004195,0.03711632346232818
334.27350224862147,-0.06333729280845546
337.02924997040117,-0.12013326904821042
358.64204472648805,0.44483933177968993
343.3192961868323,-0.46999865933696583
355.14417035639246,0.03681650161956895
356.4379674294565,0.1557287839498258
352.39228260538795,-0.30717314025287124
340.41745278272265,-0.30572334154476266
330.6451202354314,0.37393204844761385
389.89339421785076,0.4999742269678791
370.9795314930688,-0.4923773055778611
401.0840140403008,0.5832863983043808
376.9126128169693,-0.5518431438663356
389.2495947337492,-0.03016391037442645
391.12134583045844,-0.10046633806427963
387.5052793534094,0.01349529914773484
375.4000422733961,0.10840391657654891
393.8304137168321,0.3458705262272588
374.47857129216226,-0.31713266544988983
376.1203332778448,0.37754565615750835
363.45394808363693,-0.17943045665811042
349.1077524380104,-0.05503699218479596
342.60200688610456,-0.0008078783359906083
381.29104216679315,0.4413828840995393
356.1024493973019,-0.3818004219638169
333.6633917188197,-0.5203868499422697
333.6633917188197,0.9191440506890558
342.594378547801,0.29145510923740403
375.2549656890537,0.24056449450733908
367.6380154894689,0.08107175494274088
359.8653067559414,-0.15743707461717804
355.18462518028764,-0.026270115396187066
366.2333129573076,-0.12401336386369621
345.6412470729428,-0.2941172418256883
349.8005707082887,-0.04602453031372988
349.8005707082887,0.45008723904334147
349.8005707082887,0.6839990025357565
349.8005707082887,0.2639785367217655
349.61527055626084,-0.011216153153213781
362.14669993399633,0.2077689539687526
368.3504989230105,0.1804858499110651
373.44410855714995,-0.059714565081549154
363.7388666163979,-0.18576498862751123
386.0586335532152,0.4223222698153677
365.02053569502874,-0.5841532422915634
367.81431402537,0.04460961444226541
358.7458761364406,-0.09543874371911443
372.16274830772494,-0.19177985943724707
357.33291348356505,0.10522517198660353
336.0994144206674,-0.058251315883808275
339.8557214137771,-0.2899769254177045
339.8557214137771,0.7279206543847749
339.8557214137771,0.6572893615418707
337.2862320707031,0.06518394253407678
322.63029832585386,-0.3188670884633211
322.63029832585386,0.2470203519764027
352.787244720393,0.4185491801152921
346.8807582073871,-0.3006608378937017
371.8718371244831,0.5477794261955751
391.8990136263879,0.510056697440632
357.7093243811698,-0.3632540449616499
331.7155444112662,-0.46284332954417096
364.2208249504397,-0.2808601644940154
351.0806379544465,0.0403814380389349
389.73031524182613,0.49869717155706894
362.43249359351597,-0.49668380563787196
348.16275010369986,0.040801913370273724
348.16275010369986,0.12202337493238247
347.5635583763867,-0.06716425095726208
351.12356912473007,-0.13827464840494486
329.07711163430844,-0.12732073783467968
329.07711163430844,0.5232450271364542
329.07711163430844,0.8265770704899751
386.2023948622887,0.5372692816077915
344.3965012219357,-0.4169378545343534
344.3965012219357,0.22449321544672785
344.3965012219357,0.45168870725547094
323.0211707165307,-0.029165018256549047
339.3308847485077,0.1807380731563626
357.06224211388064,0.08009791506799502
357.0198626949649,0.18982079313127542
355.87406715190866,-0.10947230149417919
378.3400775983843,0.349193216409617
373.8441962600912,-0.08769717072573258
371.2711405824259,-0.08924267361680904
350.5792283505778,-0.45498355021300085
358.0108799455773,0.4099758155773543
376.33385395731113,-0.062074228875871995
366.85835348509033,0.1993589878484272
376.5937154314333,-0.4017799780369842
376.5937154314333,0.5467568636706801
348.3239010383365,-0.08464987515094435
329.3957709345038,-0.33863525804667916
347.8555048469266,0.33877268326523335
344.98429184309373,-0.09473540911119471
335.654501492983,0.1584626441507453
335.654501492983,0.3828366478926455
352.33947663409674,0.12959954402811036
353.46849088943196,0.16799135629844386
370.16639446379423,0.23195505476280687
363.6117518710254,0.022448362998602533
367.5750798249339,0.11911509220067273
411.2037864077194,0.21964201681885243
412.7221757726537,-0.06835251536381293
374.3694285269836,-0.23421342816072865
366.07138870770905,-0.05177987685851804
356.0202945145964,-0.15042195532396363
399.22673951841,0.587926535770066
391.2569994728343,-0.062004117707260775
384.4212373372991,-0.3862686528584618
369.3103665240976,0.3424950858508282
375.9448848103145,-0.26735305271927245
354.0984715092567,-0.22852981363985236
361.4668918290329,0.41771368096738115
370.96633759850926,-0.23932213494310872
338.8892763936307,0.0378873310335166
354.6264886560662,0.28038407030203416
371.6705771046444,-0.1403640309598586
370.73873187672456,-0.12328376370760452
363.4497732339275,0.15756376556896612
376.6459790002723,0.027366485206471225
349.9680110176319,-0.1421739416895207
374.4823497141436,0.28454697346751345
352.4531464313757,-0.0646233006203829
360.6197378448426,0.0020339946315743873
372.48702874204815,-0.08857834151683619
372.48702874204815,0.03596782001829979
380.21907499849044,0.0025235806905357094
401.640088723525,0.1715128809930775
382.7131467361504,-0.4890090831914904
387.80454288791276,0.7302480054856915
386.2701284784247,-0.48767876124179566
388.51564391746604,0.05049027069526346
370.04378517871226,-0.22521904468158027
343.43312226968686,-0.48531175480707134
355.672835712307,0.21048678030990686
362.6473848499065,0.23024211097720126
335.66529275263605,-0.19233070426344057
364.2286783447102,0.025988570302843073
333.83636014277886,-0.36992717496900696
320.6405198192025,0.13899159854554455
329.3327421437757,-0.36047191854720495
337.0766543434587,-0.0676172201966665
353.89431986245916,0.45647534408021784
340.52712263002184,-0.2890850764717925
352.1445690515723,0.11098688215065522
352.96707564624245,0.18924866884481162
325.6047723597139,-0.18685560554968106
315.4427300168921,0.1446650251562005
307.25087760239427,-0.22476759329788365
303.1460193824357,-0.3820160909426704
310.8443411591261,0.35535128620858814
331.75153605138945,0.13601399160404526
333.1233148332715,0.0910825998242899
299.88411966003196,-0.2256494087273495
300.34436148086337,-0.035771969443999296
321.61590536515916,0.1676319314481134
321.61590536515916,0.6176495061977221
334.22614762002763,0.2198477633855873
362.70213089215474,0.2637793403705473
370.2205768555973,-0.06312525308294425
387.0008656043763,0.3265411333228485
352.8598212610913,-0.5636731634026546
353.0818160761904,0.36739295607992517
309.5592784814371,-0.4207263302004094
341.553264672609,0.33093839743924036
356.4856654659513,0.25513949336902897
293.7526358486886,-0.6189052109482418
313.6145126110274,0.6206779113875882
336.04124606028523,0.2454596583673947
336.04124606028523,0.2685686587301461
351.1971385212347,-0.23680159259447464
363.02855400865224,0.05065165222060841
358.7954565461133,-0.005995012812832101
326.2491040741148,-0.4362326974670623
326.2491040741148,0.2864773331914421
297.67800361390186,-0.08859353802779424
306.9593466310835,-0.1053809665739891
334.4513211917441,0.19680808679106576
379.50273354654604,0.6018255778950561
392.79050867482886,0.32167968549356374
364.5097754605802,-0.05283185942005275
366.73144283977996,-0.2433457145148168
366.73144283977996,0.2406390969624681
333.67624523280546,-0.7750635687782506
333.67624523280546,0.47493247399108895
348.0176917914447,0.5448426669456694
350.3607251505438,-0.02080512135432855
320.5434406870459,-0.24441121644474606
320.5434406870459,0.3222729772553521
329.8110785054256,-0.05802595911291064
329.8110785054256,0.3047418319466715
375.28452144613465,0.7063103216273703
343.3956193094684,-0.5025138886422837
333.0568414247556,-0.008730506228403101
327.93023394805033,0.0747895462628776
340.7188023246567,0.0072771491222738405
346.2665023489775,0.131541119502117
341.6703323729106,-0.04048144182922897
338.20490587849986,-0.09655937217678456
349.70324599001486,0.037227415743700476
342.0392031159,-0.30631647379982496
327.2371651553067,0.009486477349469169
305.3097808116125,-0.30540424979915315
330.86600789092387,0.6046925632065268
340.71001221079155,0.2362189757965325
342.9431810416313,-0.08133290266732729
389.44711842746256,0.4042917901678038
364.9574622818282,-0.045767823062419666
330.9987371523001,-0.3121466104787487
302.4451638447097,-0.438663005610465
329.03684939532275,0.32873202438440785
362.18719058078494,0.1401327248038342
362.18719058078494,0.4549599075357946
347.925495697383,0.06510461565312653
342.35459005838146,-0.09199891679020311
365.9909563057349,0.20592878734487385
365.9909563057349,0.11721085488306926
372.673624953858,-0.07004696046976733
372.673624953858,0.10831886526057133
323.45970531977866,-0.5461811907071024
334.93896403830485,0.06456040725879575
341.0370422441657,0.10429693921037142
343.778171896833,-0.06874417970561808
347.62470576588436,0.1394866137570716
338.2567085084229,0.054936945501481205
375.7380402954976,0.3825181230507724
351.1502442465542,-0.09410379931932766
332.95472486734224,-0.5275730048672358
339.63343627762964,0.10398313382427204
336.4469727345001,-0.21088027800851705
369.11555447595606,0.49481700582225585
374.6149384812064,0.2217180140775099
358.2415167683352,-0.24454172503476457
350.3349676992833,-0.03911116542417403
346.0064496442359,0.0919126299573918
347.6312388668575,-0.16249378663110292
366.44737334793723,0.20233558779409577
364.6792631704614,0.06556392411448542
346.2743625336125,-0.1127136191671525
347.1972882352945,0.19122293470286422
327.35386306156835,-0.2530874675818495
356.49764897995027,0.2968200060535082
333.4475881332261,-0.2371132564353502
357.493429764946,0.05953339281938952
357.493429764946,0.48174003985650415
372.2690857256096,0.2505793436350814
344.34451343027405,0.17998280641745623
345.24027579780454,-0.17469369889033715
349.9212664595811,0.3928922452216739
345.91427706324953,-0.11321933112583338
335.62661869124383,-0.19080081520962722
348.33889683835883,0.2212623070247446
348.33889683835883,0.2729825056186428
339.2277527474157,-0.1126295511742228
369.96416857412123,-0.12979582852415206
344.23093650753515,-0.015614950779308856
346.15221672960905,-0.30426301005991263
375.2206575857418,0.23975575616032074
375.7912150660743,0.043314480529261346
370.7960360506854,0.08638555453296703
346.8646768716905,-0.008754242001032253
347.837066947307,-0.7467349625538873
353.6026355783892,0.26744980353066694
356.53250592923996,-0.07809304531883754
322.15075580176057,-0.41373590030673313
373.2965226910688,0.5333357138323436
389.6627656612519,0.32469020828386874
352.5691423117946,-0.18947967189183146
359.81226527630366,-0.027124851065423172
349.2691739792348,0.261402692811771
354.1988475311537,0.029238111170570846
354.1988475311537,0.45320254805028526
361.8268368548331,-0.114401861026181
371.3554940269124,0.28537140146033835
357.43968561976243,0.10453393887621587
347.40841775061955,-0.004619975293735479
374.18652443447814,0.013107724828614664
360.66630458577765,0.0022802978717209044
339.80710545013756,-0.5852513419837351
349.12435705124375,-0.05237064763866783
349.12435705124375,0.5668825953598571
343.44815726115604,-0.016737106687969572
343.7041559521791,0.22532496569965588
361.815433467552,0.0724791734514838
349.7406722641618,-0.18121760615451876
374.6935654328663,0.5620725289281836
372.28154384288223,0.050972532721061725
378.6776742340507,-0.04857726666864437
343.1644212297778,-0.20381124816265128
367.0472842862959,0.4286374597076019
356.14658740973874,-0.11391621153347842
365.78884366683826,-0.0011386979153940047
348.8314539601728,-0.026910148946285517
350.5189131706705,-0.1424322730209724
356.46024066376276,0.05994374785586842
347.89676566838506,-0.3648587532222791
350.0724886421157,-0.012634568270982527
377.46697686409885,0.5263326414996072
357.93276358884407,-0.23212700161332123
386.928308060541,0.16233882579638248
390.3680835680535,-0.0023912985122933605
370.96204178102926,-0.07733644352845204
365.0253461320092,0.04474927520448091
338.65931203250744,-0.15496899492620742
361.56762694301096,0.1089633123629028
338.2579401648896,-0.4726657651417554
338.2579401648896,0.6627818361648679
355.7958976929481,0.316701845551961
343.4385726354426,0.00420595864943607
327.3318581372058,0.020574779493927053
336.6015959908159,0.08582948664457035
323.9744837602697,0.051976287461798165
344.735683679725,0.26026111781493455
331.86678425309276,-0.08782152992671399
344.8885882329956,0.24796400374009409
323.90752711102294,-0.6924211746370474
335.1326436754779,0.2710394165978869
360.46282778237446,0.4512523432838407
367.13196798298264,-0.10374665535186978
357.9643087490518,-0.2448646186667247
318.9953430925098,-0.535790129537645
306.3163118793745,-0.13674048516668336
330.7748118170183,0.2909214307602497
327.7951771296615,-0.046928076696190146
333.5082213128739,-0.15865230903443717
333.5082213128739,0.3296336229723238
329.73560320957006,-0.018875547149832528
329.73560320957006,0.9453938987321635
332.44988429010016,0.17458815963209418
346.81521792901987,0.11277312857339439
349.60636571863853,0.2981485264969024
334.2710289696972,-0.22312034214053256
307.26631787219867,-0.707457569488156
307.26631787219867,0.5032009806388942
302.7259292220062,-0.023282551108763982
302.7259292220062,0.9544305235802995
315.89541344496195,0.17934042049796517
315.89541344496195,0.6694600177634129
334.91305970038167,0.1708120362302452
377.41584105039556,0.31333003572547113
361.48225328399724,-0.35370272268346525
337.9656038195662,-0.2244000403974269
318.7185424552981,-0.16284974701807187
338.47628602719567,0.25620970052841585
353.8133578819797,0.350423245095385
345.85663149300495,-0.21344039486712063
363.35898481974607,0.33389880217873724
351.86245631251103,-0.4177379825061962
338.6159972940501,-0.164952738975785
346.8079346038696,0.20293952003237337
346.8079346038696,0.5536121713455486
351.2817374739212,0.304130784699737
346.6986780278272,-0.24998707730230763
340.2729163676054,0.09688232591361157
355.56026283021225,-0.07212382014461127
368.1604669060337,0.5438143629626211
353.89064515981187,-0.06039685000166628
351.70284458372487,-0.024708809848903
376.3187603843966,0.44393980929248755
340.9580538069531,-0.6856329377409338
340.2255513473029,-0.22894619687258455
326.3095741877775,0.16513056801034054
376.11042246176737,0.4664231288359133
356.6522846821974,-0.09905356427213974
356.6522846821974,0.4022432835006384
360.4123696481542,0.29528416173639016
356.95032146847257,-0.44506312946657545
352.2192396627063,0.21373894743635447
358.4355610865906,0.30488433898847234
358.4355610865906,0.2856341578184356
345.2558808064242,0.037173673033066734
356.31415071181533,0.1323003971556318
389.0356055532355,0.056527735455233596
364.48841374072384,-0.4172347195833481
328.6521098864468,0.3147456217029685
324.3087023642597,-0.38639606544643357
324.3087023642597,0.41244933045345533
321.52210566172374,0.009302348637334035
334.21022846730716,0.0847082013074214
340.0937899261342,-0.0907175851187958
339.968666158442,-0.12544062449262583
335.05753838672206,0.13096752294370617
322.1376194766429,-0.3689733104978359
302.91971615719586,-0.208016093505762
302.91971615719586,0.6400481125175475
302.91971615719586,0.30850054035977337
325.2975600705715,0.08897214640614948
315.57269030970997,-0.07487002487346217
311.0760672484769,-0.2660350853956288
327.12161528986616,-0.24882801206570093
318.8224601150479,0.11320422021037757
318.8224601150479,0.21895525828654172
362.98191557380756,0.20327055951111106
372.24070327557047,0.2378862162893256
372.24070327557047,0.4345347695837063
373.1396017717333,0.26573618011286726
337.6453947158736,-0.4983932716328354
336.96207212311606,-0.24819275733216273
336.96207212311606,0.8880060393009899
341.63597666465625,0.2805972708996478
359.71534687819354,-0.1623470320467959
348.20677577670637,0.08644925692431116
368.7543575823768,0.03027591801469498
355.68677267496946,0.2703665590577202
329.84454073037557,-0.8513239635365153
329.84454073037557,0.7888192130420748
347.87634010656086,0.3614916752159161
380.4353447495191,0.3470439546209718
388.8469944004051,0.10846329541595878
373.69490138902,-0.45482006978681966
365.39284850900157,-0.1342736042299748
378.6861898775935,0.18836784325776534
346.39615516791514,-0.424722789901125
392.767218399,0.7134677729994792
366.9130304834271,-0.2612448001202665
350.31375398341766,-0.22451383247550893
366.99822914868537,0.32356646798530164
359.4323246375485,-0.040639925453774595
379.76114175678447,0.28355034744856766
380.6880365285591,-0.03812797940577184
356.47781604326207,-0.15761275885813575
339.4851670654242,0.06549757982043047
331.8411304657478,-0.05664672197758591
313.88442848188333,-0.12855401327033178
315.3079468157822,-0.11155475693510652
346.80047858456794,0.29349185238459086
339.33793044124906,-0.3781617984245713
382.64519893488875,0.11039394376985001
387.011996821174,0.24314958232014305
359.87632411144415,-0.3750632562564533
394.49170876949506,0.2580048755989992
386.39403354020675,-0.11001947603631379
355.13533356845204,-0.12059951380103939
377.6313160109864,0.4289897252792798
357.63529961846905,-0.3861072589223795
357.63529961846905,0.17457546532318702
344.1235393564188,-0.10230733930234237
330.89993700370496,-0.559070097754784
336.5229377692013,-0.036780798884933574
331.596494875639,-0.15153366208198804
337.492334600523,0.3805591396868522
344.193482154986,0.1670114296924794
329.1130184503647,-0.1843112327230756
325.9483937061987,-0.16741851188248802
333.1954566041631,0.16492368084141162
367.16266536015434,0.33214681254503375
363.1574073082467,0.1516270335205263
345.1629850403164,-0.0812694674946215
348.1759634152674,0.09681715828810411
339.63191119963955,0.003455335863009168
313.14851374544736,-0.3976693061893002
327.30003441218525,-0.03435949750121381
339.2966470072597,0.23099820705169805
370.0914202903969,0.38964340772338346
360.83544314077545,-0.14143148788980398
353.2868216747465,-0.1105105067540535
370.21269057992305,0.25264847824087155
346.2505572627262,-0.32999254264223055
357.359137436155,0.08834960213289378
330.6780464344165,-0.2545605760096805
325.63356775222127,-0.06531715876451472
314.2762190868916,-0.26241424191232454
314.35947808000446,0.20130809881140976
351.21323122301703,0.2642519458421475
351.3719142727829,0.15270155271582553
319.39628212483245,-0.16068687134770698
338.2056985516095,0.14151594897725772
341.9229987431193,-0.14863292649533832
356.31462994180475,0.10277033507645683
336.9583024515305,-0.15792500496786488
341.16936635728786,0.08210089557144329
352.3488007892513,0.3401089042024523
334.3496249637024,-0.04983383543662967
354.65501821338427,-0.1103979363479084
346.8147724144959,-0.22218730225768013
364.33222541229907,0.17865570097683303
316.58967149809894,-0.6774167470209704
328.8028554528813,-0.0232019370097305
333.10916407352033,0.07907019627862155
349.22430667727525,0.41314942672022426
383.0593089581673,0.5818405358359087
390.60100245505004,-0.0009758631656495709
383.34928446400863,-0.1993006443892682
413.29397348152514,0.6336992678382103
398.8208259616303,-0.2940083713749573
398.8208259616303,0.133626832519667
393.988256067178,-0.1558079875110252
409.58751553865085,0.3047351916741263
369.7331858168315,-0.2169578922880646
369.07457360299315,-0.2611111738129921
355.8171901497845,-0.3560692730449091
355.8171901497845,0.35087493181072205
351.2142697133879,0.0583682552726259
351.2142697133879,0.06451406064684306
318.103266941146,-0.15639834499063454
323.6225422538591,-0.09853761761314672
334.4103247938304,0.16827632635749978
334.4103247938304,0.34686966792355634
346.2161881989281,0.3833128985369285
346.2161881989281,0.2261041462919593
365.24735050441575,0.08517210212437476
325.941910162448,-0.4791243899182973
302.7706394789807,-0.13647334915242482
324.27242423781735,0.4448511426219284
324.27242423781735,0.13851992403056101
326.32935650106947,-0.29868651199967644
324.6839049454005,-0.261025199715732
308.4913991378808,-0.30457214847751857
308.4913991378808,0.8870360525429533
327.61040483404605,0.18268604586114634
331.98870089749664,0.035414039426427735
319.387466216218,0.21809421668433515
320.5552455823511,0.23890478426255868
328.0622253990619,-0.07311282265561658
328.0715068912418,0.029780884146930475
330.97978783746106,0.16104156912876988
354.8864531180658,-0.0803439683642182
336.1613287850866,0.04690293155999825
325.4671521173139,-0.18445239769243926
346.9112383184159,0.3266703425661035
343.57092374855637,-0.02448509775194907
346.9711925212778,0.11627844180020475
342.1016402024395,-0.4180174610435188
335.7287644326569,-0.33505839380654834
340.1938899643451,-0.16024028960191572
349.54944876942307,0.2230628577678999
363.7051031489407,0.18734942041351133
359.9582779812847,0.04578892572760651
350.3566061262049,-0.03662515513383369
349.56504917049017,-0.4552224577024617
349.56504917049017,0.14108985239079175
349.56504917049017,0.5242449073851958
360.88178248418154,0.018040060581256512
354.58944960520506,0.1929391582665403
362.3474175026461,0.25530954511145865
366.1042314497462,-0.10517985133708407
366.85422501941724,0.0979792934483612
362.7066109227379,-0.23992688225939673
362.2843884022461,0.003976295647248662
356.96032362835797,-0.2104060005053725
357.55997577302355,-0.13869847982141437
385.595742534656,0.5082835337467486
393.14604477811986,-0.06174970781069078
379.0961680701814,0.02795524047098752
350.09406915267766,-0.4851578988989331
343.78751904783223,-0.2551708385567508
361.08397690686553,0.11052285768346337
360.3238386511599,0.23647183367586422
366.1123722285308,0.2966282573538592
317.0823533473387,-0.7814192613504929
342.7974521981572,0.15950660427540697
322.7273707681128,-0.14822142099990288
358.75142325509785,0.22310145106075652
342.3838106062919,-0.12228548299674458
369.83326038063177,0.35278766734018063
382.9363054988323,0.37932004516824236
375.41833774824016,-0.11821991380111285
375.11035363517885,0.12904849979963728
357.39179567846253,-0.4491150369869956
352.2061113717811,-0.05451069855917012
345.67439886902065,-0.007426913895073994
354.49292683311825,0.04993970869736586
337.861523189953,-0.456509567477724
344.8870825172187,0.27535918850105645
327.7128443642036,-0.06685834763413823
364.40758938787286,0.3316793565364833
384.3193707039999,0.009245531945452967
346.03373050919845,-0.6739748149437901
368.32536452340173,0.3606549065841591
347.62339422453823,-0.44525553456276157
370.30254399489803,0.33392681504119537
379.0969921365395,0.059735488948149396
367.335891732581,0.104862191420807
367.26740846942687,-0.2520782549378282
331.55065513025943,-0.7605165453858262
341.95801305832487,-0.04753501996253817
352.3627915274159,0.0745169199068414
355.27598477198046,-0.03529169182536407
326.6154783617888,-0.2817146220270388
327.7922031204205,0.2761240602806083
341.7211451218764,0.07504938227157254
366.4044170219988,0.574371758414145
355.9048968289609,-0.28240158604160115
329.3267960009857,-0.5699354895464239
330.61868486383696,-0.12617481370102723
350.86665137829004,0.6145274012488926
360.2374943652406,0.168312344651099
368.6213419550385,-0.0061461207803859
341.3672927820922,0.07066294923151872
344.8038660880639,-0.0023779381141366684
356.3722316290804,0.0771324859571223
375.5195303229289,-0.05790100981835167
388.29167686795694,0.026785085057326796
373.81631226045283,-0.07969080284703978
362.48930729412484,-0.2533628339826919
364.30800801308635,-0.07744495275949248
387.71586657768404,0.07318510525624333
354.0347544360657,-0.27738999820792287
342.50571679261736,-0.3393953742246367
360.5607551642839,0.42475035621998813
350.8594165502516,-0.13559769858215986
350.8594165502516,0.17205508728989116
307.6488624058814,-0.6285948711504261
326.04504280134756,-0.05506599931834444
326.04504280134756,0.4350805796343593
341.36743987824667,0.4297905120993164
350.7046958594281,0.17957480275208582
360.9939918727198,-0.2360997627464485
361.1440738174355,0.3183170023079356
373.16355373660525,0.07080459806695671
344.9322188466651,-0.15068157570829044
336.5421924796927,-0.24231686635198457
328.13153207761013,-0.3186486540448641
328.13153207761013,0.3210336718993858
338.2794820115029,0.18651788018496518
338.2794820115029,0.2914467130223102
336.1159685036066,-0.07364061304565439
336.1159685036066,0.547616329070479
326.43768423220894,0.06931491941566037
351.38198554343336,0.1581656694954745
374.19006349935245,-0.10087256202723438
374.19006349935245,0.6976718821692884
345.6535625604818,-0.023425500864050264
342.2536085640812,-0.3044403146362811
318.04946111163196,-0.39103022318579406
318.04946111163196,0.5888084893388168
329.3582713621553,0.2645265675924975
311.2681802289839,-0.3307920556071622
326.1920063532802,0.28756273574128954
325.1018653935969,-0.1799508270004253
342.3031330150234,0.1417487552505463
339.43961539416676,0.1752417336264216
345.4011430096037,-0.050800625952660994
330.51872205299424,-0.30864820473516374
330.51872205299424,0.32260897009678047
329.78473212413087,0.08438377760967342
378.3880606620756,0.24911404658325864
368.01958556010464,0.09600886564101074
368.01958556010464,0.8196131612681938
343.00372414400846,-0.33792075763972207
335.46163988776055,-0.13807439942729616
352.95483918667674,0.207058527965728
319.4232800596718,-0.09130509018189059
356.8452732452009,0.3456024911121176
344.0978338878068,-0.2951306533287834
375.77316485067547,0.47004150504687914
381.9010493362618,0.050639413623116525
372.5615188942474,-0.1952877136901634
340.91709200203854,-0.5160888036842834
304.6179620903294,-0.047640723733252344
375.6394917262677,0.8563693928056182
359.46004167413054,0.02365992348893542
363.24739332376964,0.07503978057548011
392.95434491637195,-0.10537169001941038
352.9636689739541,-0.41580935686465637
369.89191435548514,0.26278386490469074
392.47277843571965,0.1984172282527652
400.8898786083873,0.02368978644267372
372.13881215091783,-0.5995965232348226
375.0564486335948,-0.2127433833793475
387.4513422807364,0.005114305226356919
387.4513422807364,0.47903809295621613
394.57412525967135,-0.06448951483321252
354.7530248633152,-0.46264054842242786
348.4801695519481,0.13673931966832242
333.7276592182533,-0.11299291105137854
333.7276592182533,0.27193040706515603
326.81578933755185,-0.22753474351839031
355.26214204197487,0.26401574128431093
332.5816176245231,0.3051198935636421
343.0967733729013,0.006736334307561265
319.269755285298,-0.03151730614763437
352.3732380171501,0.24487342897691633
349.74446210557903,0.0025618885322273854
320.6225240717119,-0.5435847612143334
320.6225240717119,0.42649761641268924
320.6225240717119,0.8965883418820795
339.07183513769934,0.45602356189351667
338.820626644069,-0.2629985575658793
338.820626644069,0.5270953161605121
302.02564012553177,-0.15288256608073425
321.6217890750883,0.2636732354872038
297.36831466063757,-0.4869563106607302
297.36831466063757,0.6917003065777863
297.36831466063757,0.9041488323337035
320.1628355571866,0.43101987407021625
320.1628355571866,0.08530644584618585
301.4166342138747,-0.16497195174986246
323.8544197261533,0.38953698189516217
323.8544197261533,0.48050712997292067
348.99915806771395,0.19325045173297895
348.99915806771395,0.30825550308418315
375.2868549110868,0.1348682632303735
375.2868549110868,0.4069525262879097
375.2868549110868,0.2801408641123544
368.09228563278566,0.08947039289319036
388.1484249268645,0.04709016684864764
360.21770973719833,-0.135597807961517
339.48257173475247,-0.16784724818364793
394.48472823048985,0.5827152642943929
374.32793357459855,-0.3529732786380464
368.3608900611872,-0.1064618706947158
377.18436725271556,-0.0022573769163045654
368.8226030986663,0.010446043788078896
367.3505300594854,-0.2745648658049049
368.03888723642376,0.1319666358857603
377.0735691322542,0.5729676887583537
342.5622054096779,-0.37279171653403864
333.3475693576992,-0.34245401649923224
323.2410470175708,-0.11116454854163749
323.2410470175708,0.3731015713715351
323.2410470175708,0.5890496133682745
334.60135854682045,0.37193094954784556
334.60135854682045,0.5959496609494863
384.6332808496887,0.3995239868374938
362.0642146999369,-0.0635712929275769
341.18774446551487,-0.483871648550803
359.0431841660311,0.03036063596459826
338.9031659958193,0.07202785829713321
338.9031659958193,0.11841634048585092
338.9031659958193,0.34206672666755367
337.1702422634541,-0.31072265109332875
314.5999100982379,-0.1618407677955247
314.5999100982379,0.7000979541371635
307.9600309945586,-0.17985029871442748
332.07213467039867,0.1990955328990367
323.41193421558427,-0.3113470096425317
327.2331575757936,0.06152177984404261
350.41967823632865,0.3039357475745419
322.92072189751946,-0.242117443563302
322.92072189751946,0.028111563252082306
333.0459659914193,-0.13119622635883843
328.28310077985304,0.13507326143871978
360.44141307274697,0.03478331370104115
340.3204416003841,-0.027922830038278335
330.14619402703437,-0.005497113283354338
325.55541542595046,-0.032969268868214385
325.55541542595046,0.20610533273838882
325.55541542595046,0.3034832551244335
342.0203844945012,0.45759051519723926
358.7259290824773,0.1688695597865717
332.7638131201563,-0.6367541474438667
318.24007327748643,-0.14235825067783026
337.7689176772402,0.011863104075359843
321.49166499472824,-0.16957763031734885
317.69712402976427,-0.18240062958477665
317.69712402976427,0.5750584129564231
316.2704372886526,-0.17759306693960752
344.6943274015898,0.2468893607983773
351.3594958312383,0.2791948263889026
328.44793509793055,-0.32230912943327894
328.44793509793055,0.3757503739147978
348.04711276441867,0.3156106496857092
327.21797244995,0.03865249581531316
325.8844117010282,0.031191406265861588
327.64680561839566,0.04425267628187157
329.6980796308516,-0.05425200079798742
351.97677701325944,0.18865782469492842
342.81435316718716,-0.061205555280594126
341.7920382529763,-0.3394348019351128
334.57726141703967,-0.19977506796351463
321.9531370654857,0.10645015279988002
321.9531370654857,0.7767382333314572
330.7915978996524,0.030338611880665667
330.7915978996524,0.21081972849174235
342.22134866520156,-0.27832045220748114
342.22134866520156,0.6502653045877196
324.79829972856794,0.01309444596722642
315.6167499413241,-0.10936700552110779
312.7362198654322,0.20131065464966014
328.2748402042766,0.15173225688272396
328.2748402042766,0.3425961036185754
328.2748402042766,0.19580019208592603
317.3577801417242,-0.32562408287867584
317.3577801417242,0.46871626086101514
313.40346933566104,0.29990486515123393
343.8392882637049,0.5011127989271245
321.46551894696387,-0.4329882147981152
321.46551894696387,0.845341745045971
321.46551894696387,0.2731681359891809
365.0074620448472,0.21349760233010784
364.23051392765956,0.16416069917329423
362.7947840370276,-0.11457800964876697
327.89464721875436,-0.27552215330831586
321.77540627992727,-0.20731465093058432
319.0247996528267,-0.11421985014089842
319.0247996528267,0.1896420915483077
312.1389719085702,0.046547320156264504
290.2046383512714,-0.41664417937624876
290.2046383512714,0.6748970893618207
290.2046383512714,0.5020290087536523
342.41957129414277,0.6838954861997308
328.40271970938903,0.02454132261163977
312.94805654842287,-0.2571875102582908
323.5102562062872,-0.1356227883734391
335.20541253720324,0.258639244119081
328.5643421695427,-0.14380192586327212
311.38227311344065,-0.08013641142201777
311.38227311344065,0.6311716171136368
325.37700530811827,0.12279376780361417
324.9524410190923,-0.16251159926014225
320.4592139105088,0.03212923816010971
343.8590492386179,0.451797691174761
340.1853336184686,0.27520496582542364
320.1021263889849,-0.49851960041792154
340.5736968733463,-0.13421518691166057
340.5736968733463,0.5466849605821835
340.5736968733463,0.40175559874558076
347.0425346845346,0.0768377093440904
364.10359582925867,0.4843950884453534
340.158562479356,-0.32976275387886744
330.2894359754187,-0.6123608051636893
330.2894359754187,0.06482550639452711
330.2894359754187,0.15451708856835467
347.28439555375144,0.30513603836368475
335.4167842681326,-0.25415828245081684
347.36428385927246,0.28822079890016994
349.2764756243172,-0.04521700169266296
341.8394499287464,-0.2724386934838776
334.7979061108538,-0.034931130664517696
334.7979061108538,0.6319345729773431
374.12134436167617,0.41069887466028376
372.6644494660471,0.2362111689520816
344.9174137369036,-0.6416472590742615
345.9514529209041,0.260495734518031
354.87448704357274,-0.2189668434084524
354.87448704357274,0.31955086894618034
354.87448704357274,0.5006467627165421
330.795908565611,-0.1321553927543846
356.106295487375,0.15247667758080752
356.106295487375,0.2946124417978808
341.78286521457346,-0.046239209505301915
333.2499312990591,-0.14398429619916442
339.7913124678566,-0.09460944234751878
355.7555327205505,0.0657217272082562
362.5437711092317,0.411095336725225
338.905897295515,-0.07581090696908177
352.97287306223797,0.06702549177384753
378.2213976305975,0.6663557407028975
366.4862387395233,0.2455284741469086
360.34605131886775,-0.15296513784358012
351.211683994699,-0.3786019975042336
334.5976824616656,-0.020011683651205203
344.8119831707757,-0.19705484170208365
344.8119831707757,0.2843295335850371
330.44951611210536,-0.3931136143587537
331.9484597776089,0.5576651372946344
332.2116588055368,0.22774733200276387
337.59373406686854,-0.026998101342428527
320.73375090660426,-0.32569574855449446
313.89002740502355,-0.2676047515751634
331.68451051095144,0.6080609798140131
331.68451051095144,0.4591231507063185
313.89531374202494,-0.3014162922003152
314.9782615471524,-0.191152321698155
300.9946342164191,0.24563873467957364
308.2682522211812,0.11135808938820446
331.2658050089648,0.32562427999710053
351.5871278443153,-0.07713932477224716
343.08613900294944,0.022840852614876894
342.3962752694457,-0.13088362662995223
352.60174250689204,0.07153029425148816
349.10729357114434,-0.2338593035744907
349.10729357114434,0.8457169437933771
349.10729357114434,0.6127361059745908
362.95057624330883,0.4223746216289328
352.1652026174677,0.1167456802174911
357.43462676907,0.3311834478614628
328.7417757131742,-0.5968313645369108
344.7334095032162,0.06197390571151118
316.93336510906596,-0.1260119104097157
358.0890113898198,0.4764535283272835
338.4555205813776,-0.29942056354389024
387.4649768015569,0.38822670072386245
374.8490862268577,-0.11697483498664951
374.8490862268577,0.248452834178579
388.2114807268102,0.06235560273557894
376.93524130875073,0.20922082029767353
387.8983516114458,0.1609840170156076
386.5128112774097,-0.3216301544173348
386.5128112774097,0.37962843198022256
383.6936093781656,0.005787939674405607
378.0029834644544,-0.05384874760375169
370.7281979000566,0.1320678305352203
346.74464863523036,-0.45806180394811236
346.74464863523036,0.25620020208100414
328.0389244041185,-0.4809697576754388
328.0389244041185,0.09419884329622619
335.1698266362943,-0.10845943804542912
351.83138012155695,0.37244279329433994
353.38742809591395,0.12518858375096897
354.2342089792715,-0.06985132252816584
337.0837077765839,-0.01303576878444801
340.99895931371657,-0.22847433586628085
350.32089161039545,0.1261071379118448
357.2784718069341,-0.02884648199790263
367.873895839366,0.3024624508555007
363.58114992074763,-0.24310002122172136
360.3805960375299,0.2553973073771658
344.3785083401822,-0.32775348068389576
370.12738692707893,-0.02515163476084581
380.1363394769151,0.19096480609346145
373.4260521442125,-0.11064838685467748
361.959226050634,0.2083538826611857
388.6516739006445,0.1562877102579705
378.39598790648057,0.08484595515847104
332.91883379545413,-0.7689710794431903
379.9769094743574,0.791331945177717
352.8097911891189,-0.4790718369846445
359.8805993235883,-0.08197857523612129
382.89197499497885,0.28492232778785365
375.2001681412239,-0.43259365653102577
379.4973724216532,0.4259472828576918
362.45037170600034,-0.46582759855323275
354.0067770224274,0.2059514468355701
359.22341201626364,-0.2261452537502464
352.45715123917023,-0.04922520859531687
347.7226947843015,0.04944215880675529
325.74060462828083,-0.35297928193574535
330.33777287061224,0.21816132622655005
324.8548721484751,-0.06128090909112416
329.21603344043444,0.10158826262113507
337.9736834216435,-0.10362346785666432
356.20296913851524,0.22828860283925678
360.5256003165299,-0.09903582521928911
371.8823307685621,0.26126583198890785
327.1788464491528,-0.7876116116551657
350.58181860256656,0.06057180306606824
363.7048302457388,0.0929504493017248
363.7048302457388,0.5098930943595406
378.3521747517344,-0.12522823903918834
363.89943193149725,-0.1573617873735884
394.8151732808117,0.1888358451848262
375.62401767293966,-0.021657814539935316
367.3156067370793,-0.04947890396033472
331.28741885695064,-0.4522558936000678
367.6994244143734,0.6708102699135452
370.2774831236192,0.03324269236713917
386.2134333978678,0.17447719778033388
403.95370352823085,0.31776073139894834
397.07730807114336,-0.12174923393058634
373.9838123223838,-0.3046341576712166
349.67160005969674,-0.5373823937632096
354.2239076151922,0.03324534914577271
338.98347465505157,-0.16266765227078395
339.2573383392951,-0.14226665874991795
345.7547889253699,0.2945583600167083
326.79763680301477,-0.21394214679753532
364.9183936534176,0.22280035911626328
375.66350599986004,0.2477466003349491
355.0344721925602,-0.23702572801983024
336.94658936212926,-0.01565871630282345
338.9990852881918,-0.3404199116672544
360.56952320236087,0.07829075639131133
330.838361525001,-0.34892004205016747
341.4271899018972,0.3430885626127065
370.9245489297958,0.5641766171235076
339.3103300944688,-0.25382221278835004
346.23339361457334,0.31117347824238095
388.40687525112435,0.5118532322580904
419.3031455676638,0.3914560961557072
386.86169301200556,-0.6326692113924537
401.00700014198026,0.19534518579234827
349.54612382156415,-0.5423418078944451
338.2013878307858,0.16242172933107213
328.0065606714673,-0.004200569967110823
328.0065606714673,0.4205630330021677
317.72221461219846,-0.38336311548141566
315.3489660473931,-0.11665970788010327
315.3489660473931,0.9718468623557328
350.94167380590306,0.7555587665501662
348.7703449707485,-0.24173455505592756
325.90618635368895,-0.14207460382465342
340.03006784148346,0.3868409136285891
329.17931900504857,-0.5013089060869333
339.85421765689387,0.08836935088311293
339.85421765689387,0.8595787710343075
330.0712525595368,0.38835473521271524
361.90869433626193,0.6576865855371352
354.7892195650341,-0.2986182684327332
361.90943589558555,0.40284161612203206
326.6616808236049,-0.6717845311405881
340.62130549586317,0.08587997059123609
330.21528653360576,-0.1735444705585678
323.23813538942704,-0.04915208312968389
323.23813538942704,0.40577525842559226
341.7455723222278,0.3924733651402903
351.37712411697026,-0.3338411431059285
351.37712411697026,0.8330189848793452
337.69432483375215,0.19845130159251312
322.49233737395076,-0.20348842255566524
310.4107816668449,0.04690469679371745
310.4107816668449,0.33026793259489295
349.4264671065755,0.5078106455423494
347.0062099974272,-0.0723466789484064
319.97451396106374,0.07682380296955671
345.0774669051108,0.4286240191240722
364.89382975670884,0.4139521592018127
361.0641576834574,-0.06263161706965548
359.83819927979823,-0.21296409830972607
331.33353050547123,-0.44986930474021847
331.33353050547123,0.6243578652316728
331.33353050547123,0.7340096854456988
331.60077741447446,0.06724191933290058
331.60077741447446,0.811172304274578
365.80791893783305,0.6507588717518047
362.69469762850986,-0.12330614499273906
357.6623979576899,-0.202134163288747
366.9671475045625,-0.24346420667973234
384.1283648210328,0.5763587738769047
386.8568895680121,-0.3622421249975787
351.8442952869747,-0.6055503647015712
353.8318074212425,-0.22828427026797726
353.8318074212425,0.30612877803685024
352.17204368446295,0.012002677296095499
365.1298978213899,0.3651100487425083
382.28147991423106,0.12459450887808998
371.62518622380713,0.25780466628452814
368.9860630741797,0.06856567490490306
354.42779397406576,0.07520290507602567
370.35360431819737,0.24722215793008218
337.15467232751706,-0.4575998411482942
337.15467232751706,0.6637910981149844
337.15467232751706,0.5730500952781767
337.15467232751706,0.3991161164958612
316.80743383077044,0.026564376528767752
316.80743383077044,0.3380529719952392
321.6248753733907,-0.2436506775007956
345.54415953700754,0.5533796272750351
337.3503286539913,-0.565963252391839
337.3503286539913,0.14947298997935832
353.1596582199194,0.504169324050963
353.1596582199194,0.46794782543747715
353.1596582199194,0.34178131659552946
355.14240069915184,0.23655751685646464
343.1949444382156,-0.0756843786330137
343.1949444382156,0.3914788857050553
367.3912816493062,0.2540139162374544
355.09180946764354,-0.04615195994824717
350.6013897208509,-0.030541403342340345
350.6013897208509,0.19080209181220198
360.0254919141262,-0.031744395147029536
328.6241625121509,-0.08323889899133974
343.4822186422625,0.26862737509964063
321.34298612563055,-0.35112652032853475
317.8402248290385,0.11117169441592978
317.8402248290385,0.29124532240098233
341.5616903935558,0.04757401022106933
311.96704668226744,-0.3230315849323233
327.62541468811185,0.23108892329310038
339.3943146006876,0.21322842259382924
356.32524603717826,-0.0006832092374224885
356.62590370513135,-0.09498724589127505
356.62590370513135,0.41824597625645765
371.51336475468355,-0.3062324828790679
391.52233478759433,0.45247905091969187
385.1948393431758,0.09766572276214447
385.1948393431758,0.396037197591113
366.6314366501813,-0.03367920207995212
366.6314366501813,0.19990353704088193
366.30923990395183,-0.047107286235700485
363.50516312402453,-0.1305393876615426
353.19850494423883,0.3047024742522808
352.3790828106135,0.26644143176690704
343.4962435742852,-0.03778658338626428
380.0663486309465,0.5696635352472867
386.9908650490629,0.1749013154470731
363.30863714679145,-0.18043339614621345
355.7880030023432,-0.1305270510840728
354.8838122907091,-0.016602018867388324
356.35748814995793,0.05152076530123395
328.7320128441459,-0.052434245626045595
352.4433761885222,0.5712938707692956
372.62310370428287,-0.01483503159488464
334.01966632359745,-0.24796377285770177
334.01966632359745,0.8971355074428402
351.3157621746121,0.10294099192230988
336.6387670290449,-0.003661633122760577
360.6517816451481,0.21585825746399223
360.6517816451481,0.6345579554625829
334.9131734913716,-0.5805374546537223
350.8303545503705,0.3607726570645582
336.22503174495785,-0.1852374453773109
338.1989160657903,-0.07383252026124865
337.8041645011106,0.033532608784298645
325.4893655601311,-0.13390276760037523
341.6188136478218,0.01887879424998573
342.10544701659086,0.077234914855012
346.9062367409298,0.021738805850873177
346.9062367409298,0.6626108768857648
358.1600589125731,0.28628299558965864
335.3482173868377,-0.5151789821613875
312.180623244899,-0.5684050249917618
311.00744346272614,0.31948288660760227
311.00744346272614,0.27677081687443206
315.7272005296235,0.16238205613444734
339.72916884344005,0.2636324231548315
343.92295219165715,0.2776039361806397
347.1309811113614,-0.3425206800450269
361.7831007780408,0.16417901369186438
353.9394292796067,-0.15422478241771387
379.98608019260473,-0.003647696105417708
344.34017804971006,-0.4500610119457633
316.3393647473502,-0.18561608235700078
327.35087678620187,0.320832655621075
336.33623497222027,0.20390401741656206
353.6367971863078,0.1050003412354954
353.6367971863078,0.36831073637767986
336.40778666676215,-0.4884435311313382
351.32825093847975,0.1784130589707047
350.89244811874704,0.12118048214892951
371.76134999920913,0.2908923528766536
360.5009168792414,-0.06568536985878382
365.3821049822725,0.10743949801099006
365.3821049822725,0.24508898707506432
369.89671741096373,0.0374870500659199
385.7908147687333,-0.013106868424074491
353.02324727571175,-0.46795676432486744
355.73759570117477,0.1306890394769198
348.26046754208244,-0.003849545353659778
337.3059848151508,-0.24787753110842914
342.9728976578024,0.4338351066396626
363.07436441643904,0.19801467844422405
362.4615839002241,-0.4026906773541441
367.10321556477237,0.11091926323115331
342.9822406351503,-0.5234720793290535
327.17810189959266,0.039152156976001606
367.6182303745063,0.38605668483342015
334.21027624543007,-0.4631972779250191
334.21027624543007,0.6865029704327981
334.5896964960026,-0.13482008723894978
332.5065745680407,-0.02104951826765955
332.5065745680407,0.960852152077905
332.5065745680407,0.7359973234547397
324.2270678511277,-0.09693975410630173
315.3012182143439,-0.12774677540119228
330.08841879971607,0.5602633768614851
359.96421692774226,-0.013206222829012404
383.62738277741306,0.2693071139149197
364.11199562214864,-0.2330769248294473
349.7030348285695,-0.058866926398877695
349.7267449015172,0.022164677231330643
376.29295214539195,-0.11134311817681919
375.23820128593155,0.518646156058935
355.64861036438924,-0.4039873357387478
377.97590808191586,0.004994393068727732
354.17935516983437,-0.21578788688691475
353.9606898025673,-0.21774460337076107
363.4153461154697,0.2431894159536796
371.36401839040616,-0.6003829880464764
354.0695165255672,0.12091102168358248
356.61454328631135,0.196038924087361
356.61454328631135,0.24423771153203688
361.5077773355291,0.16061408845280312
359.03779433839156,0.013443306744647998
361.58764206788874,0.22553854287161812
361.58764206788874,0.5935725659149966
361.58764206788874,0.2146564350830431
349.23027790372714,0.12201651626298826
356.6952243012306,0.08512193598619433
348.0852783029138,-0.43199535671840295
345.303821588965,0.17279939536990696
361.21256445632525,0.23273574538052344
361.48894720472026,-0.07381176496403441
362.01415944794843,0.04664963515256204
364.0369247027354,-0.005613389669406388
352.1375625138546,0.15022046791216326
349.2546441821177,-0.018227588372383252
334.5689457645396,-0.26907634605674957
335.96819370437095,-0.36146641620905484
335.96819370437095,0.45650414344777346
355.0877326632885,0.2844118689580455
365.8813536807294,0.09200682819562189
340.27910408974526,-0.25125338585735335
333.2767107372596,-0.35103535251198537
346.96359250607946,0.11612795045880375
357.41991816698595,0.18934016059279202
337.30324146372305,-0.6147335572035217
384.1538729253709,0.7456274653380888
360.1030595962444,-0.1888527928424537
358.9861458202922,-0.02522715518523455
345.47367551361606,-0.1826806451547327
322.03916642020687,-0.3830962210133748
322.03916642020687,0.6055379837119972
337.14176057855883,0.611386131739323
365.4815600518903,0.7083253787525337
346.69078544908956,-0.44464016657661887
328.37531070232484,-0.211091273527245
334.5160318415927,-0.19752384739535955
334.5160318415927,0.2462275413736279
321.25739439251794,-0.19653857434764177
314.0910223324035,-0.04489578453944887
310.0779223424805,0.05956155388298612
348.52534855807977,0.16569773811102095
366.66120535888336,0.4142209948506661
361.3872876957188,-0.285710901083462
377.27939992468475,-0.24134903473918712
334.7737672444845,-0.48928853860616073
341.04796232889794,0.23450245439107675
341.12752690343825,-0.1957627740666794
341.12752690343825,0.49200867886531796
341.12752690343825,0.340347358122699
371.23404710887905,0.8065300424967745
385.82572265035014,0.1495466164035406
343.8260748510303,-0.355014911839703
344.68809398166877,0.269407997207054
329.9912521990184,-0.3627496274988289
329.9912521990184,0.47550371634565636
353.4546312821,0.1708942988458375
353.4546312821,0.2933434087084379
361.2590165087076,0.0002842649703325151
368.2010868208777,0.1155045935513499
368.2010868208777,0.6171434216439593
375.0891112694186,0.49489214767072554
373.4323153110418,0.264520614710932
361.78184767652874,-0.4251209950194834
378.63623970939824,0.10971168139462861
378.63623970939824,0.1343117163161196
373.16315053106666,-0.13460712698179123
345.01102062562825,-0.24336114263610398
341.15877334415956,0.052491362693899646
329.18272484405946,-0.3333246453423726
323.35938250819856,0.008552600888720008
319.1113429819889,-0.33847511018188925
317.4759534123827,0.2293090305329315
350.28397284556434,0.33921652662479573
344.5617476585323,-0.1406622897776515
335.34581001393855,-0.1181939127586702
335.34581001393855,0.27225838587662565
335.34581001393855,0.15955647501664316
360.4429245644584,0.4777536846570456
373.4364838555043,-0.05114715501838418
348.68952526988835,-0.28825861452980917
381.5012254955048,0.43559568265118287
381.5012254955048,0.18181697824627463
367.9476906997527,-0.48317999987375515
363.30102692789944,-0.2406148264416288
366.2948395401967,0.1597391902931804
352.6411117147986,-0.2794049448094711
352.3827960075587,0.08749839632650946
362.6149676780679,0.03974538762975044
336.01535196533376,-0.2951041731148507
336.01535196533376,0.5262652732475317
326.7514816466912,-0.3261418445194977
347.13672509082136,0.7083093919833345
345.7783318893187,0.07452770643749318
327.8572729305366,-0.08540446647600675
365.02090638278287,0.22757485838235425
338.95468624859683,-0.11388822234721374
331.81633062236034,-0.2507936539226421
352.4393105371339,0.3299778222361738
335.54057179403435,-0.21092243876933026
331.7322698941908,-0.20138784103232865
323.2665343939416,-0.07982356046420591
352.35319559801366,0.4431521159276599
356.91106002034456,-0.20105501317812013
347.50068910832783,0.4755280119568397
330.8265687709725,-0.32316381631551394
350.62924568032565,0.4766405351499543
356.0965847354423,0.32139036184116776
343.11132811645416,-0.18354377060700244
333.77687116907055,-0.19972008086108417
346.0071597691563,-0.1402074791637915
364.94352031570105,0.0948196603562792
400.1347080835924,0.44287308208288323
337.1774781259321,-0.8989266704425063
354.8241886123367,0.30061135956725593
358.06118089216534,0.08290089259776323
345.59398773693823,0.035967546448091525
348.79105593660165,-0.305820520091288
310.01101381611005,-0.15761390064199077
327.30195352493007,0.2550203097071062
345.3886887065373,-0.24211410539669487
352.2441155037488,0.39574609034627883
318.3714039209215,-0.5737707425937515
329.5217638903811,0.3062673984268258
372.73849698454,-0.10249083232463363
354.76399481134,-0.09765832903951832
363.56934299885734,0.16011615895297382
341.5208081478763,-0.3658510895314748
357.19652013267347,-0.11487801270641285
357.19652013267347,0.43963492125772063
383.26628418044595,0.4538799263976898
382.5527446840497,0.01734793290086145
364.2105433501741,-0.0068778108142169
375.8874719122502,-0.11058548827259074
387.1106024052493,-0.0499683744134245
362.1272470010621,-0.3791041215027917
391.4839239969533,0.5595057570021709
407.5307851445758,-0.0214644496843448
362.18212740661625,-0.682435706249862
355.6490882019154,-0.3627402857665629
359.26361354816095,0.08361895122766327
359.26361354816095,0.08909255657670201
365.5959492416047,0.004406271950756491
353.74331743482736,0.006172630025162107
383.1082832320533,0.18475423797519852
376.9267692128348,0.01614831056224375
367.82735772511717,-0.380863469719543
350.9326895009796,-0.07480631312273545
363.0768148437549,0.5801960132420163
369.83523392481555,0.23544057657886697
329.28305637696036,-0.4887658114820397
348.62068073180194,-0.00905445960961515
358.5716020971007,-0.15163545982147753
357.65601585710607,-0.2508226734375967
356.27034957810713,0.04946620595683271
363.59287849791815,0.12979254385322747
403.0274250768128,0.3677206715210559
405.26619464280924,0.38933293037553085
399.04427683252004,-0.314513465025243
394.4158211487355,-0.28981047176910124
377.7903759995969,0.04659473975561923
362.7210921259175,-0.4849957800932998
362.7210921259175,0.2984383655709735
360.62295283727826,-0.003874161087082939
376.36396362281596,-0.09679779129351118
379.87041028101925,-0.17583856869487136
360.0396978305534,-0.17556631225738784
354.1698411365352,-0.10867891089117165
377.8641805561843,0.27790513210470635
395.89302997558167,0.08293005316431845
380.6763100717016,-0.02084511510690845
378.74762255399474,0.010239672798093125
357.070580151652,-0.06711542395987635
376.3710047713108,-0.1511245149978322
358.88322966457855,-0.007443996568099465
327.1221945299554,-0.34112086178402024
331.3768531093429,0.1561611656736659
344.3457053238273,0.37275450373567764
339.71385102417094,-0.2703269860519413
339.71385102417094,0.552713295786134
347.66563743344005,-0.10260348404108299
343.3924285527357,-0.13276973219535648
339.9881732119184,0.07335531169974274
350.6303678988088,-0.21050452229007988
350.6303678988088,0.5165148791163574
342.27134383427034,0.20850271726351366
360.99337822154945,0.11303825706215775
341.50924546958083,0.134486631626487
366.97155725942764,0.3204927489412057
376.74557181710304,0.0804158959057304
370.61614995038303,-0.16323379940160976
395.6627095601405,0.4238010759165718
368.9526621449571,-0.09580567548084673
375.08179477326684,0.08590469513842436
408.78050049013876,0.3740731775160384
371.66603002813576,-0.12159134420573992
350.681685909835,-0.11477074060633186
358.2385802461479,0.10903211004574587
325.1364140493998,-0.39520676696031387
322.0076379607674,-0.1395144374425854
371.8905385890245,0.6859971953880404
348.56428219895463,-0.2655824480841602
348.56428219895463,0.12479525342428133
353.80141549834144,0.6203549667271773
353.80141549834144,0.3933791414224288
348.6518841466421,-0.058463968350224604
319.3530559213818,-0.7202472768199186
340.78637727057594,0.3704418101619922
315.7866732287315,-0.5499776299353698
350.8377982214574,0.4231042936646645
348.0326270850178,0.07063570652201179
323.7539517513,-0.4233855685565686
370.76961002992,0.2579987992345423
344.40946309133227,-0.5610369351027202
338.2894948751378,0.31169008394977027
338.2894948751378,0.7439317385262711
349.3870505713758,-0.07371389132936201
338.4633558134325,-0.04905653823891498
327.3121493872504,-0.23262545913758004
350.7761733441363,0.3911648010381441
354.36468178695355,0.037599078300900146
349.7525374283326,-0.1610653640829014
335.2733071054289,-0.4126399025244609
326.22288912512795,0.025938597408298847
326.22288912512795,0.23158009711971772
319.88403304639235,0.03587498660726851
314.5924786869164,0.0012834275489694846
325.9867609021169,0.1730133922250161
326.96759029138536,-0.12100422152457213
359.98512554827744,0.051267899696881614
359.98512554827744,0.2841590809999843
359.98512554827744,0.3962046720956778
345.8289208473749,-0.18517955981837986
321.32209667741864,-0.3854329834281316
321.32209667741864,0.5784362632331295
348.4992612203618,0.5890535189804496
325.67522270890186,-0.26995640455004377
329.56283495004254,0.021709638045308566
332.362958951202,0.024820465279162818
324.89016379801745,0.20521391159979885
335.4957298933464,-0.04390416996898239
335.4957298933464,0.09103479560178585
330.4812904818352,-0.3630079095973997
368.9582097183056,0.557657002762312
371.34161877481597,-0.15320566317200246
400.07654201998974,0.6693094687392431
400.07654201998974,0.45069591658420904
376.3323070521791,-0.06661553595631631
345.10170592038577,-0.3395735921311598
356.6324428165627,-0.10575664184193556
356.6324428165627,0.1032203885195031
359.68194221407583,-0.19830094286919575
359.9829763465549,0.30942072753271077
355.25935706313857,0.13437754867584317
360.59766219585043,-0.17703194631849328
358.6482859309266,-0.10126947520222984
390.49312497207563,0.620545418166671
332.31001755928554,-0.19503505820637201
371.3700218366236,0.19263351663016692
348.389897455204,-0.0570881475571241
356.52449503282674,0.01218468183924415
359.590943586814,0.16581863516626072
371.53603618926275,0.17074846431637525
345.69657348225815,-0.3752389188342704
368.0803689488366,0.035897161470415995
377.5063123929798,0.2596852220394794
350.6825007790529,-0.5745471485263351
356.2710879194573,0.3024474925356344
379.2802682343039,0.18326816457204131
380.4770482428224,-0.20576654440003495
356.9490133929428,-0.06351040192748769
384.2645829270012,0.0859683791718453
374.88586079243146,-0.06878442435890975
368.6052941069585,0.10075419094755489
345.2406842615937,-0.36263325918139344
358.8526336840374,0.40876888037519166
367.5300369650995,-0.038547121530996264
358.76656670101784,-0.10092030551209064
367.3584968946112,0.03973790523036769
367.8977625608157,0.05080434832473202
383.5603478408769,0.15473522389117988
391.1577217642718,0.10708580046036786
348.42749080236575,-0.39630239553434876
351.56040664960506,-0.016918448352043924
369.9846243523192,0.002935720104687789
369.9846243523192,0.2631753303403457
327.0833719984322,-0.20205304985404382
337.6768293339185,0.1133159494299889
337.6768293339185,0.6442674581861638
374.34703579854926,0.742520465485768
344.33230097774225,-0.5775678580764634
344.33230097774225,0.35887446686729163
365.6821784333679,0.0733828096350635
365.6821784333679,0.7480562998686082
348.26306797397064,0.35103759522723976
370.9953065902746,0.20181001131982157
394.61252981002104,0.6436051209694824
384.42805393281276,-0.4724134335999679
401.6094189623241,0.3260138088930944
404.8996010611019,-0.11546210722326578
401.21713357589124,-0.4289741384311583
396.8315130314303,0.23001204675847475
399.75795569041327,0.021153735786356265
364.44186390351746,-0.586099346326705
357.2823189822393,0.13662886122290274
369.2440131763377,0.44505362106792745
357.8246637439334,-0.09292913294689242
372.65718295906123,0.29052759348064683
356.1054796360067,-0.4454482210853712
323.0453658734013,-0.3516855880577623
337.3438265207427,0.3684844375540024
311.78381593131775,-0.21645830282648149
341.1827430184467,0.3949402267144251
334.6881286753745,0.17486603010763702
340.7313049157135,0.059851419104916204
323.83601871138615,-0.18031883473736343
323.83601871138615,0.15248047008731191
321.69453628695555,0.025279342659700887
326.0387423400615,0.08402518131276793
326.0387423400615,0.4981547774742694
309.7691283710778,-0.3646637658362124
309.7691283710778,0.5432715529498182
339.8582630744191,0.30103479336696637
311.1061510963114,-0.723568373710691
322.5801089473366,0.2524640257535111
321.7973501105076,0.2647526144002086
312.8050604397311,0.09960037079326867
336.1096026197687,0.2793162518371446
327.5738290858614,-0.357557812076152
304.9853426096243,0.21332164689238198
320.63296071214995,-0.01825968738660322
331.8681297092187,-0.135969160658874
365.8964169945688,0.4110099718919855
368.8747160484269,0.046419382730164216
368.8747160484269,0.34388553892529217
335.8251385226538,-0.33551556199040533
364.3099775249051,0.07014062022847156
364.3099775249051,0.5006104224562478
369.15016983228156,0.28746751465337184
362.6868577312258,-0.10755481315504767
362.6868577312258,0.4934766454748569
340.9454767796822,-0.28764972439444136
353.42375771824874,-0.11868372562992135
359.999230891229,0.22068319948698445
362.8803233944777,-0.13395232233915522
343.78910112128943,-0.23323768966906755
359.2850031124035,-0.039658629514974564
379.18393033800703,0.13256663981928796
376.6250780882296,-0.26214677055190805
358.81823139188623,-0.3485814033281258
327.5992613956044,-0.12640720556555607
342.06250768628746,-0.0247740617242016
350.43013678009197,0.2141365330132885
332.99200072889016,-0.32492076958476446
335.4726013489616,0.3751876580447515
334.9025638529609,-0.13985752536484597
349.08763464895367,0.18311804814788957
353.99187977122205,0.43865283472712235
340.8016205294804,-0.2688974611683079
361.78974792714916,0.09390127375309021
354.3648639255449,-0.14020229237894455
353.2669058322126,-0.013921519152290784
349.14465729366316,0.32018521100997077
366.44685729598666,0.09123148277910786
335.43701953605284,-0.22726173504031522
379.02726025923613,0.7896724679851559
330.3650455595806,-0.6232897264774238
330.3650455595806,0.25615535043152704
317.32269309910157,0.21925822124944716
331.41574515424367,-0.1709424758627165
313.6385448621673,-0.2961857308462186
313.6385448621673,0.5921451637643713
346.3480154915619,0.3326948587799734
358.33128668047306,-0.06939545074556008
352.04790229531056,0.06252413502761556
346.90668533520716,0.21451574543687002
355.2414034012043,0.21043111337894516
355.2414034012043,0.14213685163463197
376.4075246655816,-0.27047589573214736
381.70114779057707,0.13443048998431095
359.4832711085093,-0.5314182288241227
337.3891201269489,-0.19206438947094284
337.3891201269489,0.32210015001896863
337.3891201269489,0.39891692553624125
351.6589467845605,0.4650092594806665
351.6589467845605,0.24140608259835972
360.42817856485414,0.1481072885986805
369.00922700085357,0.0017422375055957673
366.5253342010689,-0.07980548064165305
354.28410524567437,-0.4633351726984074
354.72608943857813,0.013015105723638953
339.39393070379197,-0.21163524384178345
324.02524814568164,0.07465714541808666
324.02524814568164,0.2373211333101608
324.02524814568164,0.43517009261393014
343.663896882412,0.4405811281537808
340.3504353353076,-0.10135414563205813
362.85468805948096,-0.001515762382837238
362.85468805948096,0.12850696084797164
362.85468805948096,0.4938789161941486
399.8491675850142,0.4263790703543009
365.8466973061764,-0.2852140571201289
365.8466973061764,0.4676298618750252
345.7354391918564,-0.5269358227064913
349.15781810549294,-0.16606101759691683
358.95711630578467,0.31267560906644576
359.2335704696323,0.06663804617585356
358.20681631390954,0.17160123077405842
358.20681631390954,0.48476961018263864
350.6295111882568,0.019082829751823738
343.34393733055737,-0.32654469164265265
386.0351454088495,0.4040385273847278
392.260296044862,-0.101241554578678
383.47414034389004,-0.24127020204184646
371.6894654666358,0.21308952260710612
368.55033723346037,-0.29199272412620303
352.5834150495354,-0.1384939966018237
339.61027975932234,-0.5506325587455194
342.720769766561,0.14263208590136855
331.12760633595286,-0.4849842309996575
331.12760633595286,0.37234498492762214
331.12760633595286,0.287174685870923
331.12760633595286,0.22035089599296498
337.9380457167649,0.06193396058813505
342.26011369802455,0.12182027758808545
324.1580973998398,-0.2706489585186773
324.20491140023086,-0.3008252327355194
324.20491140023086,0.6712282880134808
334.3756262461494,0.2272828473495565
353.9603432522632,0.25480122250144177
346.7036203591494,0.46009805948074245
345.2727679862345,-0.24548184452180521
345.2727679862345,0.03101526357011153
361.75695030633693,0.3533764692596151
382.7542455347414,-0.2757872461106672
382.3727951751655,0.5892508609806555
353.6403243307686,-0.7828637944752472
384.53452502570724,0.7579831813385454
354.7516639423942,-0.08544118670613443
380.7029181003802,0.10158975157162331
349.27568430934184,-0.13832734721086126
332.63318514053975,-0.32135931144125607
359.0537754026743,0.11530785179161285
320.48843042077124,-0.43514791781194617
330.5832015854851,0.33447324198971273
369.5978979933435,0.3850794170317613
354.1009996853967,-0.23651098297773387
349.3869491993113,-0.29928019571480036
349.3869491993113,0.4332582585985847
363.58156131166936,0.16732388758327943
380.0242274166033,0.024442959478960802
387.8822557345122,-0.024846244168884368
375.12129073836076,-0.14198535323589567
372.3054321768883,-0.3060347633194169
340.44328574747817,-0.21437822935240547
342.59366348347646,-0.2691802563061856
323.09351372241434,-0.05438466331656855
339.28305941391574,0.2987477913956127
323.5307683612476,-0.5637255231931704
343.31702334439575,0.28645906408678457
345.6323508214204,-0.013908910556551746
356.14325819687616,-0.03801633664102155
305.982868113259,-0.5111927673383434
340.70393546910043,0.15097256595959152
353.4846194559306,0.30010328229332117
339.7005852570268,-0.20337298596973596
339.7005852570268,0.49724028411424115
357.8754260584605,-0.06290790295747684
319.6014861205336,-0.4578743772594862
333.6085834347422,0.3098283688966603
322.31479878024703,-0.4645817464149786
341.9452398244808,0.7788781174408541
332.2355985152802,-0.3488057979898258
340.011677508094,0.07103732212988234
353.19185899655724,0.08563408413056095
344.3078848280656,-0.18409934689054808
336.7798284797063,0.23558833262825374
359.485075980415,0.26070598915225673
355.7818221696289,-0.32289535530185276
340.7400032475856,-0.1515238551502307
360.7835314351793,0.3030991354496564
392.34306207508587,0.4039867698030548
350.7701390819255,-0.4668003075165643
319.8765297754279,-0.07863917798795228
317.60409841199663,-0.012918070149453342
338.32367172498425,0.3453209466778162
324.7341287193668,-0.1807284621366989
323.3940181030648,0.0002973396976813092
323.3940181030648,0.9465590395956269
323.3940181030648,0.37939683518163747
323.3940181030648,0.37740679022931545
352.66765319609675,0.39576968565063453
352.66765319609675,0.0784570796187154
336.9138590447762,-0.3607166821350347
343.1764189586275,0.3798158038116526
318.4560265047802,-0.1357361688541232
318.4560265047802,0.3117130365534422
331.8168447213548,-0.09119124906635534
346.4581457846659,0.42230239532375435
368.00489828072847,0.09859518133259826
368.00489828072847,0.5314520729779133
348.3010711536781,-0.18479516945933483
339.8023784966401,0.21283332083999085
331.3031430723917,-0.12794302784595857
331.3031430723917,0.7010866286461805
303.7304362271998,-0.339554118931801
303.7304362271998,0.26448168163415176
340.5865757650987,0.38372624076680495
336.817859602779,0.03599757995800701
349.2299286974764,0.17676092787883135
356.9764993562347,-0.16607329715293417
376.67464372975337,0.22397526577015014
332.694166683016,-0.49335531833355617
336.30931792578343,0.13241932117216493
373.36002116385595,0.8010480910745628
368.1144628430444,-0.3547245328795725
329.85237794688476,-0.4155911103002836
329.02918029853475,0.09259152281072147
319.75798724101355,-0.2581023876332438
319.75798724101355,0.24617399007127005
319.75798724101355,0.24448673853430591
331.89426585971444,-0.051010403012924144
312.32701843534204,-0.2532897999536772
346.8887396850379,0.18712458377399344
342.8121843836667,0.25691411175353096
343.88389031444405,-0.032438557544537616
326.4485760707151,-0.020600094376050038
335.44216533136176,-0.06389368256736816
324.52842127053634,0.12534764299311973
334.9017585639185,-0.2821837351480099
334.9017585639185,0.41573319204212567
334.9017585639185,0.7716638274248453
334.9017585639185,0.5103117700191433
342.6831226547935,0.2582016544272392
342.6831226547935,0.42685752428315027
331.94947647174206,0.029057726668952455
358.4318124087214,0.46543828588323777
352.1712971937894,-0.11084766346516517
351.9533680464057,-0.10898546128669295
321.7280091351682,-0.3321898929996223
319.7136681789222,-0.08691156655800114
333.19067907852246,0.20583906739989288
327.45196165880594,-0.36659821535204173
335.91310007265565,-0.12958376234314528
341.1526240912255,-0.04500827786591799
343.9907274169468,0.19892341508807476
337.6806126879564,0.20645384905697028
335.93375351866166,-0.09991422259190585
368.9311429082992,0.12780601484564613
372.4110192540978,0.22677009547021498
352.2926351714846,-0.1274121343861907
342.23113956904155,-0.10523971181328307
357.18907956081455,-0.041288338383651535
359.7941361825486,0.14545907470369457
329.60879691103,-0.32232564535320307
329.60879691103,1.0960433583962867
323.4911617592566,-0.0051186367620630335
329.45868256283893,-0.13827169958005925
334.7729676779291,0.4081197703706039
364.14710636374207,-0.22731223350649543
367.14851929915085,0.5592899044584101
362.5747418441716,-0.16207361678823418
343.15129657140176,-0.25860358820818874
355.62239805870826,0.4158823437380761
364.33059473985116,-0.07154593693712741
384.9846672786978,0.06857580941186825
384.9846672786978,0.1380060872500053
378.7953436948284,0.2068692278060098
363.73494491368405,-0.38940407554321155
365.4583423589402,0.11369146187212209
356.2656762975449,-0.09271459854858222
356.2656762975449,0.5421490892615566
349.53010187068764,-0.2171165076131274
342.6165607891229,-0.10027280007921036
365.65094372061475,0.32601981057484863
359.8808255460387,0.16168060210657131
390.78901193425816,0.2866857247358894
369.6942538377435,-0.07856185349521638
347.54899257098515,-0.1564982159829924
346.87839067680744,-0.02248010344078466
359.30977239812154,0.06379568166721583
331.4330470520804,-0.113320243000544
349.3088665765088,0.04313059520359275
349.3088665765088,0.6043708334328812
349.3088665765088,0.1344089656450933
311.24641990883913,-0.3340869208668664
330.5003777186849,0.4436104688231808
335.8710847878292,0.09624603054214731
335.8710847878292,0.09247063641805653
347.8639862908475,0.09527416870821526
347.95911567161846,-0.041127701761524804
347.95911567161846,0.5222907954207585
347.95911567161846,0.6669962455018776
360.90019252363294,0.5125521878139807
352.02785729009264,0.02264559095601726
352.02785729009264,0.6504366451002852
390.459357782537,0.5891190672716675
379.19148958282824,0.06987552213809067
384.4937083084419,-0.1049955081959979
329.28461202737475,-1.0573297390690186
329.28461202737475,0.6100753817536315
304.5372360567518,0.05302483438515537
304.5372360567518,0.631446147768429
333.93028333076643,0.4674194133824585
319.81264726695446,-0.0821067112210585
350.73594153646997,0.286650370186635
370.1416019163721,0.21211159685412895
352.4033181609316,0.06461340271380323
329.34264151591697,-0.2872766427323086
353.4584167465168,-0.029161747130615367
353.4584167465168,0.36607080628311905
341.0222228435378,-0.28325750996987153
367.23217951540477,0.08639186418156442
354.89426207803007,-0.18069584983982168
373.38284533075273,0.28223202775825484
353.46746931200323,-0.4708132441609223
371.3093636142214,0.07025644538225606
349.55137079400106,-0.3411557490517225
339.35456983105814,-0.13770793194828457
339.35456983105814,0.8642661334811237
336.5420857377401,-0.06388703499044368
326.43232680952383,-0.05969125418948806
317.5873790603189,-0.057117439918215496
338.4872150239454,-0.07010296554472006
349.7732264811219,0.41927015942326307
339.3856800303295,-0.4464208154035987
322.48102751955946,-0.2150613386229452
361.2629011769194,0.5377485439910288
347.88621669177905,-0.3399213229882889
359.83168357159894,0.03330629692129605
347.89217708946336,-0.12668878076772216
337.857622766519,0.10427603000186991
354.5861032952189,0.014337380399979338
370.7770122639607,0.31641388798675507
370.8418801107261,-0.1803962688258025
366.7723492294908,-0.1081727024754855
338.0404704570006,-0.28031366036054806
363.58946501317325,0.29044143257124233
361.6274685545328,0.003634350419360999
379.1116525244943,-0.23253033839364434
391.6420932998774,0.567001217308416
361.32411597585315,-0.4493469954321654
361.32411597585315,0.7330310306693946
341.0888735628419,-0.30951097256900084
317.3742257676839,-0.6467540934470435
351.8931551121345,0.5557832774082954
344.7680134656086,0.06225307526915458
326.3043076139676,-0.3034377220837996
328.3699216179247,0.10290144327416328
334.73098809140885,0.021342239640148364
365.0466715577686,0.3563371541519018
360.4484457111006,-0.1868633418647505
375.86875563257485,0.38023381923483157
366.78348266539047,-0.10770581639371812
351.97887688172574,-0.07907250338394078
349.89773664477525,-0.016879487342521315
319.8580541241404,-0.4166404733798572
346.5602041924245,0.48087000796670054
346.5602041924245,0.47700989942893557
346.5602041924245,0.5321944321705132
336.05497818600793,-0.30389724768929227
338.952118837253,-0.17864616146721346
332.2612649587252,-0.03871556814124233
343.06354053454635,0.08705747242277084
329.7021160798847,-0.4112122370883071
320.29804567513395,0.07447636906147181
320.29804567513395,0.3238087641752827
323.46270308902376,0.2579353322458928
331.8311238383246,-0.147504789965069
330.774891287843,0.2920152136279057
303.1417277777174,-0.34404132170459434
321.7518550236528,-0.07351264840303884
360.02654912319497,0.27385459631568665
353.47865626019404,-0.046156663190572544
337.72200262272344,-0.14503697067755184
349.8185133375966,0.48057373280164484
346.1390392128998,0.21682935398825975
354.094190170962,0.017363108865083632
354.094190170962,0.6080745436418056
330.24237374738385,-0.5467198430081908
341.1691291916002,-0.08995833590086022
323.37434803525605,-0.22088574326369326
350.0949004701135,0.250074209775903
349.0471833771025,-0.14448505180746452
349.0471833771025,0.18950814843697117
345.32730407687444,-0.22683047369946507
347.5941951494738,0.13858668880448022
329.7922576355717,-0.5554690963815574
342.16917038543005,-0.13710525326200695
341.9799827402051,0.009139106508200712
369.34182186103044,0.38567340451868404
390.69774689995256,0.40278465043502365
371.680160773721,-0.3354415859223536
355.3363431644586,-0.12907818862242948
367.6818065101523,0.13885075472819608
374.44025656459456,-0.04433305648683472
374.44025656459456,0.29408519857997817
372.22939745412975,0.08679562104225624
386.6000499637495,0.2049081180335861
395.5451818425093,-0.003591237867453856
409.2118789532696,0.16524592134260274
369.61182580249147,-0.44051977905996864
346.981751588941,-0.12805282145654928
341.81990664976286,0.002202922071433022
328.49673109468324,-0.06136095320800905
320.02768328433956,-0.11303116316116757
358.0019478956508,0.1473560266772438
353.2672646653267,-0.029372618797765426
358.3665686064154,0.1727006737279453
361.5399791691625,-0.15926645113870563
319.6599665215347,-0.47599707367135125
319.6599665215347,0.6594217060165874
328.8025353632896,0.2618460376047551
362.3806784914104,0.5708820486108834
382.453190564219,-0.022753176443984557
361.095569155641,-0.10273776846941018
344.2913712905589,-0.3827246815357057
344.2913712905589,0.18869091529381876
348.4390134131875,0.05583532683874637
368.29132370640343,0.49194896828237233
350.6113788485002,-0.2853908051009739
355.93384880400674,-0.10052511647734264
358.00262069395865,0.075966383946934
399.8963401311201,0.07157134927126663
381.61190908094346,-0.30475298778685556
368.7569155574392,-0.08566661565782852
367.2550985947008,-0.09535608275029972
353.87838040064713,-0.09626291727943226
356.90854262812286,-0.21560989708541456
357.28771420149303,-0.21401134854045267
369.24029030980523,0.13113506268257424
340.50560670917264,-0.6848482778324296
360.95100769785853,0.307470665973824
358.36769852574906,0.023886312304512103
354.2248842153399,-0.0012451848873524796
354.2248842153399,0.2325622064925028
315.8468251693505,-0.23101838738796232
333.2776460981048,0.3046694651309281
305.2156094418845,-0.036008634323025035
304.2141392221886,-0.2945346711471757
328.7734002110875,0.04402101734694952
327.1589601586508,0.1033914270248033
327.1589601586508,0.23765053626800636
342.1748693090836,0.14399183237378566
342.1748693090836,0.3354968360960129
355.45383207179776,0.3866580028457065
348.10734080250904,-0.24797936414688593
339.7174997049791,0.15936855657309934
339.7174997049791,0.11263753440425717
329.4678821227845,-0.036290558161340414
311.8139628792715,-0.10212947765251101
357.29172773560947,0.748544781980172
314.78216114229707,-0.7937548004200607
354.27137700943416,0.46176518775928344
354.67795163516007,-0.1871288601013248
361.79451610472637,0.0016612524692618535
351.95583003096885,-0.13130980255846225
339.74370472088793,-0.09542530156284101
315.19474757548477,-0.045153277478220843
340.2328216067177,0.4187219322806186
347.88712537265053,-0.14178365702275642
331.1328492571755,-0.40622395884906837
343.3395944037792,0.3705016718791967
349.88731747106795,0.01915526154721192
380.8775816252437,0.3296483060092896
388.75137741599906,-0.1670261525054002
377.8587970576221,-0.3600209583935339
355.6039765675846,-0.11577307554466643
342.27293099313516,-0.23080035820771627
374.2465747715739,0.40652699011104687
386.17015653516523,-0.05803282581678104
343.8472931199174,-0.4129571360371074
334.7586204724159,0.17661488413807547
350.14294759771155,0.22226485640680949
336.5731881399408,-0.16012878584945156
303.14636970020325,-0.2447072580330314
303.14636970020325,0.5713511254576815
329.5666689835562,0.2386083910198522
335.93010705884853,0.3588345639146837
301.97600169483457,-0.29650218793869954
326.38672022872265,0.3808519220318658
349.37360446893496,0.12447523060882304
321.8747465578067,-0.3335011520932767
323.31054188775073,-0.26439845133006656
333.90151627289197,0.4862935828296031
346.0475202252451,0.04420291698500023
336.45833860372016,-0.07907473225441208
336.45833860372016,0.12595894540129393
347.86921643033264,0.12944171164883755
373.8468995710575,0.10995148355527817
343.8638766460844,-0.3340849811147564
358.43268267159516,0.20578326780400857
370.1071707043859,-0.3796516082131802
370.1071707043859,0.2329952221231224
365.41173886423815,0.17234363269199093
378.92460023783576,-0.08421735440288103
378.92460023783576,0.4283941175401651
360.3723090356366,0.12684218908543698
349.2469923806651,-0.10634043387005931
344.0957466266096,0.060968562418793226
340.60250908661675,-0.006472119497630047
311.67098161696,0.0188356546959767
333.43597571178407,0.07807193079645458
363.455645147129,0.07458570239327855
363.455645147129,0.4008247717817994
371.74102845588226,0.46046841350243994
345.1195991208318,-0.42330380864484596
341.1371989377007,0.06574568093446942
361.1961035089166,0.20568408566623475
333.09831483832636,-0.5005555771531363
362.6401768789514,-0.08542433616969447
364.1642891052148,-0.11163993474781364
380.3407732953056,-0.1453280245842734
371.60574473715394,0.3484030271993106
339.2623987160875,-0.36214956500134576
367.7591192514421,0.5492277021605787
347.9518942782633,-0.28392140628193374
343.94123188363994,-0.16702606275782728
343.94123188363994,0.5442396327134702
370.05401811872713,0.22444372372274302
364.92005585684217,0.04441846673114469
357.02743749553593,0.14137115636026465
341.92686716699956,-0.13952878580130346
322.0108628125165,-0.1130298295566945
347.10779324334123,0.2934959053856119
322.5252091964071,-0.4254430072608102
326.45867351653897,-0.287327988773427
358.2861037972706,0.37537854227434764
355.68725540687376,0.01527480130278036
403.3928075468386,0.7703208336246234
347.1776367954334,-0.768813173917124
347.1776367954334,0.43906072764832516
347.1776367954334,0.36387584019473707
398.32413966725716,1.1478139910956315
383.1997671451813,-0.11364822462041957
377.88747117147324,-0.09683334463625215
338.3829363114284,-0.7476778311838643
347.7167075935976,-0.025492041317647818
339.5645119111186,0.02192915375985649
357.6239403963494,0.07888195501072914
334.9263045298132,0.3639720530621844
359.6298937370249,0.2038366903213955
358.2280969458131,-0.04770164238595953
347.4276284504629,-0.04421637950679269
347.41389263795577,0.10526660727646231
356.2127360184991,-0.2832964317992719
338.14545734892727,-0.20332661706106592
344.8190780020652,0.19117340203945332
353.2796408799962,0.3171496183557565
363.0160729507502,-0.12952466437513976
359.33435770406555,0.032906900592251986
345.09529415280986,-0.20520019968955694
358.85362313012996,0.3076182989429981
337.8199934692342,-0.13862103245367052
353.1589977850462,0.48025562720204107
398.6932625178989,0.09006885862663694
398.37183072614295,0.4418383503864334
383.922293713755,-0.5347787893633722
386.6633113181305,0.0964791462431549
386.6633113181305,0.24763850184126568
392.05105626017445,0.37956714102199385
394.65649802755905,-0.0033477082931767654
357.29294544400625,-1.0559666026483683
365.78246651473364,0.2611221063217499
358.13779537479815,-0.03316261766394746
347.9813541392842,0.3825261498961936
335.50658193220437,-0.37595640125982754
333.6879769244407,-0.22243227559874867
333.6879769244407,0.38593381511100233
349.28574760458116,0.3378210952662357
366.48618945518893,0.30453421455354146
346.9993654155955,-0.23779657806437626
331.1661503272696,-0.1737462380119723
343.1271132426986,0.2626993085258391
343.1271132426986,0.37408654240448413
335.81429919871164,0.29359043423391995
370.519301996428,0.2128550506852207
355.8344171818984,-0.21447863590617544
355.8344171818984,0.23023872177611793
335.9383573884162,-0.373248038316774
356.5859385152065,0.282306516895801
354.11898643210355,-0.054661876644217955
378.9122935182984,0.17000962812858234
356.6192363907176,-0.09815088304890196
370.2938321164326,-0.1028710643024624
389.6799317669752,0.29023887889604794
403.092830330321,0.5078059029743827
389.58355963075354,-0.25012077851579306
396.172759118876,-0.22751878824885807
390.8750152227423,0.4628770179949697
369.7201553448476,-0.10530775550500948
358.57474564246525,-0.0215165459187574
357.3382138220374,0.0666182994727933
344.43995255943923,-0.17782420228627416
338.92310772022097,-0.08540295794364283
311.8708583068317,-0.3507221802356071
365.05220544865693,0.6275957872095432
365.05220544865693,0.22488988656812126
372.2969093517583,0.04110263864959052
375.6719023402947,-0.1483257837178371
375.6719023402947,0.1772941029211097
364.6619755436898,-0.14061976794596376
376.5318243293129,0.15743509272078882
347.5485170950398,-0.25424062293245697
344.2221201117594,-0.04497301966694067
331.35079861863045,-0.3080386351945208
347.16425732268004,0.15453299186197
318.9277797871854,-0.22163719586046682
329.28531067737833,-0.12477073879801992
329.31387598363125,-0.11092498654272731
328.6967127505102,-0.016722961509685774
327.4789324913423,-0.18295541536872406
340.07138746192595,0.17047002538788547
352.3573904505046,-0.08288914443323847
333.9376245807708,-0.09677781560469612
346.1009564773283,0.48390321446629514
333.78983008824565,-0.315946382574225
329.00510060867265,0.09632164967410972
335.04524695001874,-0.06803373921559341
336.1332379218758,-0.13341706039057044
331.2745478718615,-0.027954382933785382
350.8446748792696,0.4765929964304405
360.6456084027775,-0.061331777445957414
350.6177180761251,0.014072117831119613
375.1021298661662,0.24510772371968415
368.32163030305196,-0.27530272929777766
340.7189793977265,-0.7123851652730764
340.7636750181147,-0.1468334621156373
337.3387724071555,-0.23887076909068128
353.17636021007564,0.2489772553876719
361.4571880186161,-0.3448093961835639
361.4571880186161,0.6394609081235103
365.22454097858395,0.5815353683744888
383.31950595589296,0.03597186032141053
383.31950595589296,0.5306152523999117
400.5790435940848,0.5438069542192352
394.66771366685754,-0.033823139513060596
372.9264027015149,-0.10668448300020827
346.583937076504,-0.6218986159434507
382.560858540114,0.40438948428072763
369.2151773088503,-0.11775209633617578
346.46985691594836,-0.1622448837115371
369.0284214253888,-0.005626085498306566
368.3009980941483,0.034399669735648786
363.4684977831014,-0.42844217166475573
320.812985301816,0.07889287855005023
335.62558159806554,0.14489877399603301
380.7087269087248,0.5996181321180529
383.34504740405674,0.00227569635353575
363.0121973426619,-0.40267660970312136
333.2274519962551,-0.06680142596633232
342.9718655931166,-0.1436961794090621
330.994914827212,-0.34702404523034147
322.78513329264365,-0.04265939196943691
314.13387565667415,-0.07026855708454605
314.13387565667415,0.1785856032178117
314.13387565667415,0.4208443439134726
327.89414049293214,0.06843318590904346
327.89414049293214,0.6875729968444375
327.34371113028334,-0.08498493272941232
344.2652431353409,0.3017773605504317
372.6787865896866,0.30399241703048574
375.8606103894093,0.26797195234144056
382.8480007113167,-0.07265297179685604
382.8480007113167,0.14151385828472485
349.098143068278,-0.3054802632867677
368.77997161860054,0.4149696972251604
350.20403330721047,-0.2826658332136276
353.4205634234514,-0.04891404585862347
353.4205634234514,0.4598921456831704
363.9982791178948,0.21152315693802848
363.9982791178948,0.5235807312166116
346.3407733325473,-0.16346922759180416
352.4518879087718,0.21973004997971657
357.24326719304224,-0.04066341649820515
357.3211027433989,-0.04371869257602157
353.71783535939056,0.381874029133769
353.71783535939056,0.3519842703433369
352.7762029348979,-0.30947391777590383
352.0470800625115,0.30126260007682504
343.0159412440019,-0.2808589135481725
364.27422289823807,0.056968638699913754
360.24897010659635,0.19018023146554697
378.3863683495612,0.22950237179520627
372.26069906500595,0.01014726331266047
354.8027499292002,-0.2963443034350348
322.6375829872233,-0.41858049796724117
322.6375829872233,0.7349246694449221
324.43198515080303,0.020478509850931914
330.99288603320326,-0.15067925576988728
350.1353797564755,0.4473745113587029
318.28934379603254,-0.6944435905784303
352.7979221557628,0.0728276541589139
382.5493315559667,0.5650829212966073
382.5493315559667,0.25585634937601753
358.5487864495762,-0.3668398369828765
374.5282763518399,-0.07592784936218777
349.1340847716539,-0.2647739187887055
349.1340847716539,0.6304380999628165
363.33262560595887,0.20008884518927061
352.4052221070238,0.21949515827554933
338.5933150727194,-0.4259467701548374
330.66766122697027,0.18735413433216763
347.22093075725644,-0.13103003843752958
364.22771783385105,0.339195954074512
365.39503793219905,0.4936138773884977
330.8283890834026,-0.9453125527978727
330.7671925553578,0.2898430382429069
350.1915163665504,0.02208391428825962
345.10661381328777,-0.17518940293984997
349.67765843267426,-0.1099671299430156
358.657004999689,0.10774525948329483
373.4269640524151,0.3335004747395942
372.9376886767967,-0.009626549247172989
345.2143388761323,-0.23260975770438108
326.23945824292537,-0.5216268011413376
327.26379785184884,0.13797628054692268
324.21656038036963,0.16327531277977414
340.44685987025986,0.09196822202920885
345.63601886760506,-0.10426474436189892
341.29929984438894,-0.22701910998455332
391.3476833876046,0.6246197721927729
370.8583661714149,-0.3376660291966118
382.60203158735084,0.04244128144375736
361.7923085009389,-0.20040117597204699
363.16070985404616,0.08353274152545964
346.0377895429461,-0.1962626749430001
346.0377895429461,0.4246310510659441
339.6033925967073,-0.13129124138163206
353.73179315835864,-0.11738641690237728
361.8768320851989,0.11462333003976255
371.53994228417076,-0.13086360457532464
346.3165655344233,-0.0873578454413746
333.8104526095435,-0.06972290028807038
343.782631169625,-0.009401680535574997
347.3625363985485,0.11399805411258512
339.55765942330453,0.11194830543820444
345.0894520891811,-0.2558460876081199
349.99053669965593,0.1900137287839243
333.5421556650034,0.3191343051327067
325.9514054112188,-0.42525180071834257
370.0185739404111,0.5576879939168293
370.0185739404111,0.3705946116870109
370.9383539003488,-0.15264944554053272
373.0720551955869,-0.009812140199755959
343.9119743586349,-0.4162766196204757
367.617870656888,0.46427184514845976
380.35188943806116,0.44026169395522174
385.09937282797404,-0.11440709768726265
385.0615155328419,0.09241631509371473
373.1992983902236,-0.4580268884714087
359.8736126562425,0.059432818260575004
355.59487316157146,-0.07806474584344869
366.8915294898761,-0.05196893155948601
333.6855238089474,-0.7338482779211972
333.6855238089474,0.560813127317374
336.34841457086463,0.1574799010783181
314.7289860424298,-0.07755354692403671
355.73506584820484,0.7293325878690666
344.00380376460123,-0.19361369583816668
342.83246473604316,-0.21514766590644285
315.71093264911565,-0.2587625842398893
317.8036542325522,-0.0993280147860105
322.0016974940584,0.2039254441021967
356.0235681165415,0.3171334107196344
349.426945505418,0.11181654712049749
348.20966095126,0.029426632517470352
353.81092156409585,-0.10324325181045424
361.10119893550996,0.15453109629959272
383.6996300600676,0.12405538994732979
345.7400405702668,-0.26369133510911524
348.3623002466449,0.05896586369988199
384.01820960627606,0.4208434718909757
358.3716986094941,-0.5063207439635562
336.76911222572187,-0.17481346437773482
340.2679941234865,0.276412459396397
342.10115654427585,0.06642182590826451
350.9228601946366,0.09863205006695352
350.9228601946366,0.3474494608159375
358.25623595765296,-0.1198025183551863
342.2572906266154,-0.13889464216606484
342.2572906266154,0.3400562551033772
366.9195833869325,0.3555655890672824
363.6391538202877,-0.03722269157719893
379.2068151454794,0.11263338214928353
345.4095056131121,-0.12253349728325702
357.1822998211641,0.16193864768115418
362.9046158177564,-0.1066896027527946
361.6217245270997,0.15989373516322303
349.67434884350536,-0.2018953602498641
356.56274789081067,-0.15493116384311634
337.1615667878396,-0.1419265298911796
340.69497843286155,-0.05936248093917129
340.69497843286155,0.4309486026609193
384.09582642991387,0.09338146232482814
406.7703493630056,0.49913230574645695
361.69130941601475,-0.7130500787552592
362.6912152576219,0.11207982585312948
368.7662400587168,-0.1164157299094768
368.7662400587168,0.7411581154145779
370.4637977983628,0.22376916781627187
339.3386259351561,-0.699442098895247
345.7502428304433,0.2905361453450723
333.65965490735476,-0.35861702681916086
344.6342064896729,0.3622264421601358
363.8976660731978,0.3163199237393428
350.4044994041412,-0.14813392211431164
334.0299467268762,-0.05345892297611954
331.0879979659802,-0.35887688005527707
317.43910268123034,0.016231696906856996
317.43910268123034,0.588743790014405
321.8809796695311,-0.21020081108451905
321.8809796695311,0.6416345102600189
338.66082606240235,0.7590022637737093
340.2667645708687,-0.2804127476441636
363.7008954164162,0.12319717835771371
349.17798684004464,-0.3508811587216769
352.9653388240677,0.023038197422920348
334.14050942104996,0.16093386679199284
341.83320956586397,0.14090447926753313
318.8949085744211,-0.12685693497883221
349.00873115254126,0.38249916247946203
350.45920013834603,-0.12131639781568992
370.2934661915532,0.14271499241056063
311.9813901732388,-0.8463341278804819
311.9813901732388,0.44864605316047346
347.72706444707393,0.41834426328478
358.6391382994486,0.255112909839454
323.23395907076514,-0.5259750524555784
336.5932227631282,0.31396000131599067
377.4857658877432,0.26602131472270685
364.5908333457858,-0.13418055543388618
367.38840902146325,0.4649039187958124
355.91968037860113,-0.3028959155216171
345.66606052560473,-0.3908222294896859
386.21495909622894,0.3951011484184619
343.38984372713503,-0.6468257635316377
396.7371284230945,0.7461194427021383
403.610194770572,0.08239677565097736
374.20566086075394,-0.4231324349625538
353.45678268181354,-0.08588068700964868
328.02879805908714,-0.3723874348540903
328.02879805908714,0.35857215404121234
353.73137822343847,0.28460756470849446
332.5206262936259,-0.11743039966654578
345.0591737819656,-0.2593748456430376
334.3597951701777,-0.10742184623848061
353.5252123079396,0.35227537282059984
320.8958963936442,-0.4312118485772771
332.83995409166204,0.6726580913446014
317.03173020064094,-0.6419350631092584
303.19403340360236,0.06531700793175332
330.5738985641838,0.4670272688501882
330.5738985641838,0.5862159060375234
317.61060613066815,-0.09458517739813033
339.96044423508715,0.15306973775204824
345.24002714300246,0.07173097646750648
360.2274956831233,-0.13213231368695233
373.174502778544,0.04129517983290043
371.4646261919515,0.03232878362655356
371.4646261919515,0.24174976910023815
357.8073370593395,0.05303213909178339
363.9591076163057,-0.020948830287238707
349.63684636141363,0.04960170345600545
370.0404113527086,-0.04272164616850205
385.02025772146357,-0.08260247980001623
386.1169828690908,-0.0024037927880726784
363.90346403666354,-0.3975017031189054
358.3712594252725,0.0801956671402877
376.5700681361204,0.04430511589248454
358.29645284260687,0.1783044710437025
352.45870502162643,-0.6968622809040426
376.5412832695262,0.5253078543116771
359.69360322574215,-0.5191958249613435
331.47759895761914,-0.20877683583034923
349.9999753930959,0.17524613969089842
338.1126602426365,-0.22332356511344642
366.85538958360416,0.6333394695880088
354.4926548258268,-0.2246802682013822
341.638037864103,-0.027383303067153975
365.3171254843952,0.12012174816447896
385.4074709720287,0.7348620007861655
400.6471903919963,0.0892361138051001
349.5050661345487,-0.9518426187829618
349.5050661345487,0.29531753366552493
349.0671919193473,-0.06627168436102693
336.92170369764335,0.02109419828047976
342.3374947485682,0.26094584320890135
337.1820667146381,0.058513344524271815
337.23833854292684,-0.0650924761719125
333.4982339829052,-0.10441224742282884
341.4906869729246,0.29986728111384764
316.7603417423799,-0.2525916553213392
316.7603417423799,0.14967623333916436
330.2521440578456,0.08823048327940342
330.2521440578456,0.21043919845169512
347.7824786709824,0.10326345890621269
366.5871348674403,0.40164928156377755
370.160996501632,0.15357619959740987
379.2948208509318,-0.01909857312159602
367.9364894614945,-0.17591718579319604
350.9711865216008,-0.020677817042269453
342.16594733759194,-0.17391459153213873
339.0797572358065,-0.08496090844278115
338.9459098293356,0.023861255024826278
357.7349766653501,0.1907326714485862
346.9442559825948,-0.3101509029779663
335.3084356008811,0.005610259398963535
370.2338952243682,0.5306916609312111
397.1342673711894,0.49862668568562185
405.2521084501694,0.020891353170554794
381.20161447978126,-0.1857502556857753
366.7714985519437,-0.2056756980634873
371.51807768510366,0.11381027057518622
382.10921787622357,-0.21086111581394107
366.3895107985267,-0.06872806085084449
367.03261853838615,-0.06505953376586149
348.04551963337474,-0.5935866511031236
351.83461432144986,-0.046262465315521695
351.83461432144986,0.6383523247144467
361.751043270648,0.2241160571728642
361.751043270648,0.3802062121308154
363.6864789445985,0.16424133494922444
359.6576004374544,-0.140210352542681
362.497458437401,0.0003776938719965983
362.497458437401,0.3028184576503463
322.221691264093,-0.7195408465182709
317.7085673042029,-0.13893833441716197
336.3109852816763,0.2901408746342895
325.18804450028955,-0.16816956700097307
355.262819266549,0.22851558903664682
394.54003133601265,0.2590297006950095
365.31019544052435,-0.17167161748898252
364.5835270642378,-0.12145016108138407
355.54070865316356,-0.19332762770500267
350.04510281652875,-0.05502930084730906
350.35952878663545,-0.24063345655599733
364.2621248463361,0.4121269329386905
350.60988547788446,-0.3604108528670622
320.59790025501957,-0.32330581052201524
343.0307749608221,0.4976808617560664
362.0865117208839,0.22614682729090418
352.4425866982991,0.15945564092010045
354.8006101406181,0.2887809961741823
321.5812054693614,0.1864318172918047
303.99188460755323,-0.5491651663455741
303.99188460755323,0.28209030818220526
303.99188460755323,0.7706052260257366
348.1387286802065,0.10691559860242705
362.671719114125,0.3727193763256764
364.87017808044504,-0.007193236972511841
381.7614072708626,0.43531469259596633
382.37723946395,-0.18961785362944283
358.83350607791624,-0.09161916411721904
332.46725371055123,0.27568632306633845
324.6487694749547,-0.2996898332893352
314.24746020083325,0.22861904512149067
340.2328770821777,0.09705640813501759
381.2924228686153,0.18896506874580155
316.8888432436762,-0.5390627322726687
329.31625322379585,0.07800963496606528
329.31625322379585,0.7614107656227134
329.4208662663014,-0.06675821637804802
350.22041755953717,0.18254304380445774
330.6215940010005,-0.31589578902389803
336.96353182811896,0.15577875266103547
332.59223311666585,0.14459730801013393
332.05200037980205,0.16974847296512507
368.4635404864168,0.4720216912809292
335.9955627839516,-0.5122420255653424
340.7225563182529,0.2064410146069804
339.1739789127101,-0.07370753192014945
342.6737824458291,0.05247473226836519
364.4891833476439,0.41241015104890266
362.55384330137747,0.13415267280481658
374.6028793096185,-0.022435176563931236
374.6028793096185,0.3522560271117072
389.62997147109945,0.20804342754627214
389.62997147109945,0.46824535095254305
364.4420345877925,-0.09052953029811306
361.442277155465,-0.19868230777603912
386.7775173967082,0.42703085208825087
360.83570737024075,-0.03676475564316206
360.68383730223906,-0.17121940357606036
355.35242399337784,0.1171844844932366
363.4123189049195,-0.07739380111911487
369.00660742809896,-0.18193372093287508
394.06415346640114,0.42645756217802955
409.3544139701273,0.20694363741392863
370.4126711001353,-0.29065397835734075
384.3685382049774,0.3902328321456707
384.3685382049774,0.057299465829942164
396.5337494565242,0.2308793931360924
371.1262492858378,-0.3984000186965204
358.6541283192133,-0.08752926671456862
379.08362105991546,0.00858801846084134
379.08362105991546,0.544287304603813
370.5991724867495,0.06063317245695998
378.56654853485816,-0.011763973078586787
380.9034076756876,0.19408833417105598
361.67549590228106,-0.07166489385235764
365.07493943143,0.2533201570865913
331.6193518935653,-0.24489093073327695
319.35075731652597,-0.5735869845752859
319.35075731652597,1.1595961004007904
320.8028476621549,0.406929230371361
311.8549983047849,-0.14399402802609984
307.86869958656666,0.15678751859104523
307.86869958656666,0.25685418921148084
307.86869958656666,0.279298305701559
322.8083485665927,0.1331013915865924
327.2662083956538,-0.2186587852320372
341.37455313588305,0.33071966053103097
347.2388215415603,-0.015573781744137705
356.559145150575,0.2029096634707912
369.54526049521087,0.3322987455543398
401.6333091899118,0.3298625226573222
367.7162177336525,-0.2661035723610894
358.55320009415385,-0.3783623561796503
344.76730650754195,-0.1106404341076086
344.76730650754195,0.16396338523645682
368.96425938654846,0.3931176499841058
362.83552301172045,0.04470720422727936
376.55822391145784,0.07363656332074697
323.7650155953954,-0.40673624314206336
355.90791351246696,0.0413478741114659
323.052980782979,-0.22786680192200492
349.77871408330174,0.5178686463511895
346.64542799728065,0.2661940723214684
359.8776867214031,-0.0032964536964072977
342.6537588533092,-0.02761528719395301
373.80406765729435,0.28782495829852905
382.9225276917985,0.15532130557835444
349.55418621900264,-0.33872543143525036
374.8900127474069,0.06511902361228294
351.5787753275807,0.059164351854974484
368.05499777227374,-0.25108829014675393
368.1279305533821,0.14576088545675248
345.9593549138243,-0.05433373187804591
346.0799877885987,0.11488795811192176
379.0236012542574,0.5849939593133513
358.6273198689624,-0.43345892380136775
380.7537501686227,-0.2049362992722763
346.6096135286379,-0.3346205395389461
378.1436397315517,0.6556223626869269
378.1436397315517,0.3745181408916096
375.2867404091336,-0.07524669383394667
345.88678932844397,-0.2689402771677578
349.1753696439444,-0.03916194659063876
319.70749570958003,-0.6042508001102078
323.2352988883642,0.15634872076134343
325.2677831199099,-0.03906212684546517
342.36966490970076,0.32201253963796717
338.8975046787933,-0.24965425068546665
329.5618793838943,0.023959501699664543
326.5458737292689,-0.024472098842238665
326.5458737292689,0.6462941085417242
349.9597485325119,0.2109666185824608
349.9597485325119,0.8182617523293629
360.9651427254625,0.38156364694953027
352.77677659953315,-0.4057016366920152
357.79703804380665,0.43270440844401037
357.79703804380665,0.5783906513815964
401.41220093277184,0.5894070194595997
385.48216477238,-0.26484080158763845
373.6704027266602,-0.2620407909967071
358.4547173795013,0.04683889889815873
367.47142294446616,0.026382667303323615
401.05695263450974,0.5696577737476218
354.6918736082899,-0.5735691657994266
354.6918736082899,0.07442291400070644
334.4299604820835,-0.03789248047075944
347.51665729864783,0.05052708262417127
336.7827284729313,0.18223965206448156
311.50654675733455,-0.21690565006713314
311.50654675733455,0.4304386275283605
311.50654675733455,0.5884526683751119
317.4411659992543,-0.14022452342328506
300.6973746872901,-0.2861908714311312
300.6973746872901,0.44462147715819356
300.6973746872901,0.2362623020906085
294.5974521439905,0.05946810282921433
314.2590742556571,0.4079714616700585
334.1998126001188,0.19057658110546072
346.01439449295674,0.5713193648496144
321.3968100592597,-0.6010395728791309
316.764837340777,-0.15792100964370093
309.8914974450546,0.022308988463578316
308.0559153318322,-0.04031102722626656
318.7662575817565,0.11083725599087302
308.2543650581687,0.06147946972441787
314.101784720686,0.22875047115667257
314.101784720686,0.1985427327385878
298.53575641935396,-0.09122616460558675
298.53575641935396,0.40164248264045455
310.31412297343013,-0.19051584793419352
306.619307168956,0.09842572835555075
344.4549196571638,0.7083111508090951
347.46071548002107,-0.5215212132223996
347.46071548002107,0.3080651202280933
347.46071548002107,0.5402766775223427
335.9305015700234,0.14333835600791645
357.86663286742146,-0.14663541261006685
357.86663286742146,0.20608633242977703
357.86663286742146,0.31891703311134734
349.709455402068,0.09472719475661506
324.33084117700827,-0.4969836935647436
334.03010122098243,0.24667801357782082
334.03010122098243,0.06350882059496143
334.03010122098243,0.604210051355949
350.65470870691183,0.28282881965537854
340.0308444023669,-0.40527358484098386
377.6374778973107,0.5656981002007342
342.3783046541209,-0.5384741336715706
341.73144800930066,-0.1780690362580799
346.8728670856341,0.0834332320057456
356.24038195317473,0.36947793814010765
371.65714226251777,0.36259908023214393
362.8829738185051,0.10995775133380903
392.809348995215,0.40450655051370177
378.76298962004876,0.1030674278360948
342.09069189364374,-0.8393873734687531
339.77443978075706,0.3515459149846265
331.20972308992236,0.0916068594852959
336.41888925301845,-0.14919816270150932
336.41888925301845,0.4935957389786836
340.33012983823176,0.13987706537056965
356.5533241483577,-0.026648727844076348
348.33304819339963,0.25674989279843885
339.11371526184143,-0.34935994900354217
323.59752021600536,0.10522153961426284
306.07682753559305,0.09332951058263461
306.07682753559305,0.3076380234979297
358.23825066356864,0.7868755458134729
349.29576584839185,-0.06600486945819739
352.1128115065949,-0.24862553195475812
364.6638439304876,-0.08306590123345359
338.74038728943583,-0.043883092691203274
315.60925731854144,-0.14614729311119845
332.21064417465294,0.16791453670998635
351.62909421789374,0.09164256379790459
354.090853527703,0.2727124387429285
333.02728312186997,-0.5578788945304041
311.2100980840785,-0.42492346137908044
324.1655724847866,0.4397551507189519
319.6666619490361,-0.014934923760847596
329.8796544973322,-0.16630088199326565
341.01053461771716,0.11911981547450523
322.3279737125989,-0.019592864770288543
340.4113682480679,0.028814548753643976
340.4113682480679,0.33906008238045615
356.81116721520175,0.20692897266917498
355.16143893824443,-0.0037983055568702184
331.9586475424239,-0.13282955372960714
344.49221941551394,0.16102194490372312
353.59407287860824,0.08089778637736345
349.9335973209134,0.04783530394274749
349.9335973209134,0.35002911911715273
373.155127485789,0.13336007305633757
362.962209878045,0.3892351388460611
375.8516851568831,-0.07681052328950955
366.2541321805235,-0.030661974896020183
346.80948619085694,-0.26298313285258246
338.06070905908865,0.14694166637082162
351.78942849532154,-0.07084775275234279
358.6293943569204,0.17002421352481178
344.17869671424114,-0.2628561633903246
352.0058305137588,0.12167264147683454
352.0058305137588,0.2792725703978931
361.2164922094797,0.26734810684627064
364.5896422677171,0.07834610317149782
350.7631155415059,-0.19761289861457954
329.95434631714636,-0.15886978871571955
352.29884943136386,0.44696076995319345
352.29884943136386,0.37825760001010167
364.6407318652046,0.044535338392051926
381.2222127151755,0.301664908152361
349.78806027239506,-0.4898979775008456
349.78806027239506,0.17096473926721956
345.4946916977705,0.4044563116341351
349.2782821734846,-0.13665304884079887
315.92382110038955,-0.4887055280065624
329.62446348987214,0.09153029874858021
338.6454217292228,0.1823998926153081
337.64116318151815,-0.044649015003415116
337.64116318151815,0.9064833016975626
330.33033772894925,-0.0451052076700762
330.33033772894925,0.7473943191608896
335.2376718395223,-0.06246299414078749
351.1924994356158,0.3160792576722997
353.3230060990398,0.10411712142695251
374.1548475842694,0.4295057414060466
389.31066982148997,0.1926054144007594
368.2287313204481,-0.4742291192422954
381.23990166741027,0.22778702410323604
376.00463542548107,-0.15630961619933714
366.05658687710786,-0.2760610697159791
341.3580758791525,-0.04638841401242644
372.9888042397974,0.18333882360525422
330.0710962043234,-0.31934454783072397
330.0710962043234,0.5038480054099637
330.0710962043234,0.08282274599127959
323.72111377705335,-0.2849082862493333
316.2659463405572,-0.034647367385559846
316.2659463405572,0.7066450329605232
330.5356938411366,0.057161035430681295
326.69618520965804,0.010716125495036977
309.3399026704862,-0.5836553018133372
317.38076367766774,0.23326465131276564
317.38076367766774,0.48569264606601337
306.6244898686506,0.23621465006203834
329.8903616585335,0.13080184193813693
341.4775973232145,0.28013398199732364
368.27729987826734,-0.11630691867594578
377.2916517251053,0.12679837393818616
343.88841637909735,-0.5335673930027269
385.78172622769284,0.4723582894058609
381.2837158122017,0.026768413477157083
392.2845090965608,0.041029851573398446
382.7005392692218,0.016288947883367655
374.47482508547574,-0.12058357677437925
352.28880659615135,-0.35251859970242094
356.2298011019006,0.2846260736808972
348.1131642616911,0.007327315084694419
343.84886307290253,0.010970943498591623
364.8552593082175,-0.12298696105131057
331.42916252220675,-0.1110093488853181
349.66656392515256,0.3135687183042819
349.66656392515256,0.6187716855200733
333.3576096227972,-0.19365256035155198
333.3576096227972,0.3391221750664499
312.2642609521491,-0.08889509623963932
336.3504931039242,0.06107115481154324
326.91851621218825,-0.2118379438923057
349.79073511022204,0.24539472066271628
337.23486783482593,-0.16568027337166313
337.23486783482593,0.2753264474276875
374.9141827595353,0.4835560038117137
356.5996679280888,-0.23089096856097058
353.59034526234785,-0.10041104375841314
357.14649836233104,0.23314824260728528
367.2010815776421,0.005056203490767075
347.8149301732785,-0.2591803249683835
336.98963380022036,-0.36651930360881124
364.480021193569,0.05882103954184004
377.455287092233,0.07931977380781063
344.2768142813423,-0.3566721849128953
355.58572799611477,-0.05454852929040044
361.7197996915393,0.018011724810776286
383.36029777054665,0.043526136039076846
375.2478286033566,-0.14848411347543333
355.70102110659195,-0.14009382696576722
337.949153238326,-0.3049453514531706
349.56441165712596,-0.1436571541610192
324.8467154927267,-0.14489997674718325
324.8467154927267,0.15036960897418794
324.8467154927267,0.22634164660530587
324.8467154927267,0.6744550441394495
324.8467154927267,0.5742239328473033
333.0698738725475,0.44783297335152383
335.9914181887212,0.10143948069003272
356.2385206484196,0.3427851742541179
379.76830166264466,0.41960253979618756
368.25140776629195,-0.18520468946326218
375.839629023986,0.32584918334566737
382.8342761092867,0.11522644247361313
374.8465419560249,-0.2997487561578964
381.4743816618766,0.17663468489672596
327.39022431122265,-0.6276947148799081
327.39022431122265,0.8358876587618624
358.1489109605358,0.5129352114031462
351.04740307363767,0.04090730333530246
358.51390597000193,0.2771713337297115
358.51390597000193,0.27201520845301275
370.93787890795153,0.467801622045954
336.86313303659495,-0.5731223580793312
336.86313303659495,0.2065319653889901
332.3087517412421,-0.20879022014219117
313.13382400567997,-0.30323758121903666
347.6855212289689,0.307032154937815
332.2623567204915,-0.06776947627076879
350.9996577403128,0.3171967773473625
379.94257130772496,-0.020935490677743473
372.98981999142546,-0.7261947123233767
369.97257314039143,0.3958948715467159
363.89759842354516,-0.029141146785605088
352.923329792062,-0.06393361012351306
352.923329792062,0.6404736895897258
334.0876493633075,-0.20815595640078755
334.0876493633075,0.5070773285286805
358.55678214839986,0.575979835657904
342.7076660900824,-0.5472068207006942
346.21851956901656,0.08561476041586502
327.695091853199,-0.11011216565327686
349.17787942375514,-0.017450949348358336
349.17787942375514,0.2032926612846495
328.42018761220817,-0.10810226497005715
337.7612852340522,0.06980571424037407
364.97199915054097,0.3245321487545425
372.7837593330714,-0.057026786448432176
379.1724322570013,0.4489048385411252
371.0972690510172,-0.21808026433132
381.1130690486137,0.11682432079840055
395.14934713107186,0.17990698921755666
390.4769896804142,0.24611454602393223
418.39964524367247,0.2988481888987735
379.4209809130023,-0.7021298026797922
370.8453372972171,0.23871066181277456
361.9021820822287,-0.1801441701583144
368.5380342151483,0.23654572174211808
394.11283464185215,0.0533345958906466
384.74827235938693,0.3634487654142049
352.3337527352005,-0.6235129279043576
350.910957606208,-0.008513938672194854
348.9536699564322,-0.08120198869755768
355.5114701393413,0.3586023866155301
328.4321880025545,-0.4870162684578645
343.61334785523457,-0.07903733597515838
343.61334785523457,0.5937136674300518
343.61334785523457,0.42871213462797186
343.61334785523457,0.4966150827619913
343.61334785523457,0.6123800141813263
355.6241291877577,0.44421790475087164
327.24640390086716,-0.14204984574314494
342.8605177651141,0.12470529823315246
342.8605177651141,0.365799838147268
367.77726870438704,0.029944431249987247
381.5140303514789,0.3245903820350122
382.8280158848347,0.015754939147200275
380.9694740234734,0.025267771354037905
378.7273840023831,-0.2540032171295934
390.24592896560415,0.3720533126288501
350.58334750278215,-0.6507341466416392
412.0543335122052,0.539874752227206
383.89503115837533,0.004687734083290707
365.0577660691221,-0.5162682496817297
371.3847322904125,0.18066270944211738
371.3847322904125,0.14044238020073863
319.1544585963651,-0.612189236541667
346.3477860275362,0.5836168171695135
334.3195979545966,0.012927860514537315
340.7807782953745,0.017703663138036063
356.40488809763156,-0.1400560831933717
382.4882981949077,0.3262334879663058
362.5808247195821,-0.14966345480308973
362.5808247195821,0.05429453892497804
362.4933330548723,-0.1265627998346872
326.35319169881063,-0.17667831147832658
354.1173922029047,0.5880724809038611
324.8159090633304,-0.529677714951049
324.8159090633304,0.5733452791371292
313.87670786782286,-0.30658751854321054
322.41361018632114,0.49723309172372865
317.80692171807704,-0.2362860285959414
315.66891441751244,0.1455446486299934
333.25801381497695,0.1332370717620961
357.63291977361007,0.19432940641445384
349.1873359435605,-0.1069998414601514
349.1873359435605,0.31901694798966673
372.61130937586347,0.3295997827103747
358.73753703397256,-0.29667863720192145
358.73753703397256,0.4451795328575372
358.73753703397256,0.23153818712683005
372.41978167833366,0.1729857142443052
342.24084466228027,-0.5277636302249675
349.6777977826182,0.1044046658652178
350.0185700313341,-0.3818908795076368
341.1537666457805,0.20271895893495184
341.1537666457805,0.6591290253368243
354.94024379825373,-0.06211761326812848
357.57595085431166,0.29854240084591765
348.1683219226175,-0.1467162889539395
344.8048413721213,-0.03329035843989914
334.29905975411594,-0.3152460765554679
365.30116671311987,0.6749406743183499
336.536467037033,-0.85103503677351
331.95382446955915,0.2793907656907777
335.90859678544047,0.09948620690340704
353.56480862619435,0.23782262916688524
365.9805257414683,0.45230786960757996
346.20667945064696,-0.26021038619614956
321.2809565110622,-0.36193987526746696
325.1619592772768,0.19896799479920446
358.5423932293689,0.3768321470477076
317.8150205046148,-0.20599904438756766
358.46760079317966,0.011878077275582655
381.78641247385156,0.4039064007899924
343.72111975177444,-0.5662376754910383
331.8349771746161,-0.23745079041782446
350.2610355883683,0.339111568716703
365.89620736405544,-0.17097581283906038
351.3826798572698,-0.1248523115068565
350.431344807733,-0.009337715663832569
350.431344807733,0.6620806401148229
363.79659058732665,0.3474136140052906
363.79659058732665,0.33656528761025584
374.9863630182311,0.3382526854234129
349.97764963829087,-0.26165374889330906
347.4276968906261,-0.14467799323529107
367.5252956620268,0.028656875913725344
376.5165682632103,0.1474425002913904
404.05652705706825,0.18050159485392214
384.09743368477183,-0.19944332215118266
373.0428692172234,0.02567576274395833
382.43570180682326,-0.38762595075331774
353.9452169951222,-0.08250978552916877
373.9191152272632,-0.018962155580425133
383.48712692175883,-0.027294622272961533
365.3617200072673,-0.14634299040847054
365.117084132011,-0.08773583830873122
365.117084132011,0.3883162954164163
389.2955259672631,-0.11151472771746285
373.46805025142226,-0.15606955139344336
373.46805025142226,0.5260302512763246
373.0827923863319,0.12338811981521758
352.5795982185726,-0.11022976956826369
365.6605148151982,0.2597401688889249
350.31980188249213,-0.3666195624845159
324.9130765089516,-0.4006700462379058
333.89876814700233,0.16682089169000847
349.81651903199247,0.1697612602249592
348.115390816111,-0.16135695382274662
346.0770030280309,-0.4925273668073942
364.4784307289145,0.29674201000716494
368.587324164195,-0.05319689007183115
358.8983534619678,-0.5258776207443816
358.8983534619678,0.8973784456201201
358.8983534619678,0.30882569317714115
374.73776463852533,0.3283739671167041
367.6874617206253,0.02418375073716561
370.39910123705926,0.14524322446800397
405.19551362395185,0.7137427022618112
371.54037825282137,-0.4507444171078987
386.39228218073526,-0.14591922668796542
359.145707558484,-0.5195509647539893
353.310826577522,0.057164345596447674
353.1434071033742,-0.021983251221968203
369.7740325080189,-0.06275488382254935
378.8088865256484,0.24786602575136385
381.10326213519585,0.18627042751677436
370.94447377123055,-0.32015911488315396
390.297773464104,0.40114081223418907
394.026988695377,-0.06052952070342599
383.901620499169,0.17586220522446183
380.50777111141923,-0.22670424255761645
345.5734247429645,-0.38173215596691534
361.8709964442948,0.05640217811446746
349.92857639048447,-0.21889386333350558
360.6154899927636,0.48322793784052465
374.2139285044746,0.0204256091761863
366.5731172339263,-0.2947676998035149
379.24760816710835,0.22641135310300342
403.0357227819952,0.25986247015816843
372.20665031574055,-0.14365582102857388
357.7784423012581,0.15477728608038888
357.7784423012581,0.27221100089707306
371.24518461580357,-0.06653117628161453
377.77928270727097,-0.0029756587359770492
360.1735698909839,-0.5027067977017623
376.18452142340914,0.54923891274791
387.52281865138406,-0.06187810434107632
361.59887126087864,-0.6037187761221503
361.59887126087864,0.6161406583784128
384.67210817289026,0.667458980940296
350.61284338609266,-0.4090688783707037
333.4727299362465,-0.5093336328883424
317.20492357367954,0.027017386974307556
324.1165925971783,0.1365172572634492
332.42568546772156,-0.1354217833684288
337.54402299158295,-0.27568923387502764
326.926887384132,-0.15517356876011945
326.926887384132,0.8691296824127903
363.51298744198124,0.6460654204885259
338.83031007982896,-0.37890146210133935
342.37789755390514,-0.32350131588668773
342.37789755390514,0.2125772458900883
345.2833977243202,-0.015152689381011442
303.7003259517999,-0.5568026162457045
330.8504420168456,0.6911299493281149
351.32271231558065,0.18399225716689216
344.7430307047421,-0.1343917807366779
330.09158225456,-0.04930371755358465
327.6523283488569,-0.06936244093526511
339.13220941964886,0.21882202701544884
339.13220941964886,0.40688643011651493
344.0824230685002,-0.22498308420381363
370.21113028816615,0.4849419300815043
360.23974439668626,-0.092058462030991
371.1788967991354,0.017106194327539015
357.41054196827787,0.05556994717028374
357.41054196827787,0.4272527460877882
367.0813478301141,0.34371522286210165
367.0813478301141,0.506567830863446
359.26828851144484,0.07924888882644154
344.9903972278485,0.05501062784219357
350.3682759709734,-0.25775971458028835
350.3682759709734,0.17568494567797188
353.4496554508067,-0.02266006639160878
356.45432487381015,-0.024558295744668612
333.64608637019376,-0.0019034460066222891
333.64608637019376,0.39569510277749487
323.78481117655247,-0.31804596514155037
308.11648314371126,-0.3464740392641943
308.11648314371126,0.7494384945680395
313.6131087048695,0.2681796882541221
354.94894651813553,0.550179090193069
365.37944891405385,0.219505164724751
317.6456852658415,-0.35743913454552967
317.6456852658415,0.12037713124914262
323.7906085299465,-0.03826767345992721
326.2053157289985,-0.20601094744665716
338.49084021218266,-0.25966955430476446
331.04361022535835,0.02800643610521547
360.59141186820904,0.532762114395382
311.1812502693173,-0.26593282300700594
308.44099021082775,-0.23915434177740735
308.44099021082775,0.27252392759430677
349.996724938359,0.9450350601067612
353.1751649410724,-0.19352021716110812
349.9166285701317,-0.02054185788142604
359.76931134634776,0.1298321610804578
333.7691213421547,-0.4269244343934133
333.7691213421547,0.3552677493937608
333.98991068652424,0.21869879196526654
351.2596442867221,-0.03835837684800936
324.5169274991031,-0.2264190966299111
367.1307180224455,0.5277105565727425
344.42445448758116,-0.5791630877906755
323.43055995176906,-0.4701199347274496
323.43055995176906,0.537067862561571
333.4726072146112,0.19197779654837177
339.1410536585823,-0.07070791111016206
339.1410536585823,0.4646136480758969
332.53290354797207,0.1426369943752661
318.63757225452855,-0.34082697176870624
325.16383050982495,0.4287464076787728
325.16383050982495,0.5869627552262955
373.0119524023903,0.3239588696829969
367.5646357880766,-0.39028666324475125
346.82108528614276,-0.10031078324993814
345.23473798260244,0.07415854537009636
345.23473798260244,0.20774362471206587
316.79186668643405,-0.38029803990923483
359.85533277503373,0.681782550275102
361.50600575410755,-0.0567622973997004
361.50600575410755,0.17272163744246427
361.50600575410755,0.3522100514850308
370.3124634654009,0.4175583966953127
341.4711454967687,-0.2934214561951194
332.96964252903314,-0.07587346822253949
345.15094206981894,0.24391807919289477
336.1224048568497,0.041043164882012206
334.24088602162504,0.04507553350094895
335.81628741552623,-0.3005633974994453
368.0094860633398,0.43458482307960367
356.4265308249815,0.11028228559075615
318.1883036733807,-0.5506613352952172
318.1883036733807,0.3618573291028042
306.25259940713585,0.03989173192223916
343.0524461351419,0.5176273257378625
356.59814475037524,0.10642004380679282
348.8123402915449,-0.09459001327934402
353.168590497278,0.020380282999326482
339.81692571511013,0.25095092691560694
325.0790631099977,-0.10185140669364046
339.4083049472811,0.1520135679335226
338.2307466607382,0.04264065850202314
350.8356574009733,0.1144428034365319
360.3707642555445,0.36323321811755704
360.64076462703804,-0.5730348453835177
341.94316724820175,0.07227600026499204
351.05840255581865,0.007058775882910595
312.9180252443351,-0.3286331734698251
312.9180252443351,0.5738661011132535
312.9180252443351,0.26145319802503764
303.38960731213587,0.27067284200177255
310.2869599049404,-0.23235984099630969
335.13576917240124,0.5781128705116316
383.3440274891863,0.0313427951354015
380.1532784745871,0.14576750999037813
362.57933077946615,-0.06871575145009956
348.40714335184026,-0.2927697010150041
350.08482734094775,0.0152506819933933
346.3962939848176,0.285416609593085
308.7393599654911,-0.479732162686787
298.95674952564883,-0.30183599629538094
329.3629410394645,0.3891378780053856
327.7406765556003,0.1338267392563921
329.8136407397197,0.13025932031780485
329.43293905430943,0.007318969297557487
335.9286461069932,0.04116438536993883
334.60076471567305,-0.088553781535893
334.60076471567305,0.3681001263162216
334.60076471567305,0.24613765650383357
344.73919053741855,0.259194512652698
338.69836927843966,-0.26151137646309053
339.8753739040704,-0.5750166868157294
344.8345792307172,-0.228770007410958
341.3570845151807,-0.03858181696432439
340.37700963232595,0.008464318684900718
324.4976996982372,-0.4282592050351468
323.4814687852031,0.31662059575614876
346.73554512577465,0.21765306850102206
372.6960050636761,0.605726812893181
380.39787209987566,0.2110760364281532
379.1140833102775,-0.1832700956915687
379.1140833102775,0.3066320398233984
363.31753643415345,-0.22943711746972895
367.34843543621963,0.09230840744532998
380.20939376009716,0.08722291034655427
350.6234904433611,-0.08687447796046399
325.12138279622343,-0.20662216262337552
357.44837046276143,0.22162567909776953
370.197840621007,0.25329297958205643
355.729973220872,-0.4432789110169324
339.18684999597457,-0.14246329271111335
338.9511694644197,0.020944394623256812
326.2560354241856,-0.2504440406195272
350.12438722985,0.06961395521125269
320.56707009660323,-0.44025478255332473
319.728369049806,0.010586972081455315
348.70418301380954,0.31734120454825643
342.26897411653874,-0.24110263928673703
324.7340894513133,0.09031962923006631
353.4073466422045,0.05496581211718876
350.0766509756594,-0.04378813092432665
357.0074303602458,-0.1847127057550324
333.19140031501587,-0.16603698917208476
345.0740764459978,-0.015408863255856886
380.04801479155225,0.5282194334822634
376.3823378401765,-0.3027139803625687
362.5747334499043,0.2729040151191384
362.5747334499043,0.5713496132243563
372.6800196013451,-0.3235264672513267
372.846198617026,-0.06949528414224915
377.8622190403364,0.2687856483878477
368.7043002182798,-0.0001851895542586135
378.1801335531558,0.3002205077140161
367.41260924051903,-0.07763880487777897
364.51540042959493,-0.08684567882198735
339.2733917557321,-0.030289108053466407
339.2733917557321,0.20162202107667326
395.22739315318984,0.6732332979069042
404.8471018733008,0.17473974363383604
372.355110699913,-0.906615648400475
342.53599723295326,-0.5434988796724838
350.00625231336346,0.009560042286693715
350.00186768162234,0.21999699139360018
322.36382524185524,-0.5668648329851749
344.5556776633284,0.4480503350366689
314.6238460862732,-0.8170529851553283
331.4399896215098,0.47971029608766
376.1847088953657,0.2099259830115443
393.91369582660326,0.48741357179824263
364.7693586554365,-0.5947538646798876
373.1070890956339,0.4314992743129551
385.44823309728946,0.1651693207218159
382.6965472795688,-0.06522840179786726
371.9897938855968,-0.2624398979933176
371.9897938855968,0.5999838528595092
337.0205865561983,-0.3048661398671584
337.0205865561983,0.21748778607582153
337.0205865561983,0.7640929659805806
346.5992145443376,-0.1022263741668894
341.5648816414374,-0.04228136977098984
339.23118345630775,-0.02259525194347134
344.27981205936476,-0.05813432614729663
344.27981205936476,0.6507180136418356
354.6454272253043,0.09110113540532438
374.6389079269032,0.6181157204746341
341.13758990760374,-0.3978919408434649
362.46581848592075,-0.10934751391505415
369.08723928285343,0.3084488815615032
383.8569252699787,0.2801473532967975
383.8569252699787,0.3389698680980473
383.8569252699787,0.4173838741359077
365.39384546749005,0.05310040404731353
370.35592779734645,-0.24876013638186123
368.0810452788852,-0.21019780696019552
335.2337387715987,-0.6991317451879695
347.4709348073065,0.32154407431130494
340.85935046249205,0.02823662229434376
345.15375793070257,0.11588016522512135
345.15375793070257,0.47174198137872736
355.14074811143774,0.18986489803819495
346.7850576160525,-0.12497633421367027
331.85988859507233,-0.12043696840760276
337.44439594019195,-0.06956189186712436
375.17380639528875,0.4265555709655473
382.3075528817011,0.1434201651645708
382.3075528817011,0.414082864431748
384.94429887563206,0.24141232394674716
372.0919140461973,0.14717177733780318
368.21555255584826,0.19249706733921812
357.9864202383791,0.12265621210360678
367.8698248713638,0.32747911251942696
372.9519042120912,-0.10242771142350193
368.0732821366865,-0.15528684875425824
334.6609211839841,-0.1445298777782682
334.371751658287,0.2349319300570869
331.9600820380397,-0.055312750719849646
340.1784579468002,-0.15747274946363632
340.1784579468002,0.34759171314669857
354.8682395184797,0.16486637936930038
359.97265610615233,-0.11959072729837317
329.8724195415904,-0.6035238569502326
351.20983833316063,0.5985757236471727
340.2611314904478,0.028773648844207855
345.414431039941,-0.04196482714473859
346.07801018597996,-0.7100152446971606
347.59449993646405,-0.11540884249484407
333.035670546529,0.2543727080790177
345.966532225713,0.08259636216973831
366.6733383161992,0.29352264911653947
384.12341297179074,0.13711664504921828
360.01908586200807,-0.5719055108343127
349.6510560892405,-0.30117230900123104
349.6510560892405,0.4810554999908163
352.95827564843586,-0.14537311771141503
354.5398018847458,0.08949868657987281
357.4116126014671,0.23233503842880054
356.2317238925901,-0.011694732271052999
358.12866886280204,0.16322627040926818
314.79469939158366,-0.44995792132340284
338.3858132814706,0.2782165496836342
384.7805703511421,0.42286058235310975
355.1323042229632,-0.06814678595742407
330.07758601812947,-0.29044861259399113
330.6153957879299,-0.07187691229114535
346.7985837335168,0.03658288777478447
326.8972633656873,-0.34110368407630176
341.97708609161316,0.2629627583819456
341.03391087253067,0.003875631585742667
353.7713532474845,0.21003604926318076
347.4699969605683,-0.31350656962388257
355.6487207762208,0.13978904952614357
348.96520444847664,-0.2005394279963184
371.81585006894943,0.3382741986480369
373.0431625678933,-0.2497161324318995
368.77679448842184,-0.2255440921508125
370.29952068283893,0.2164084826333692
375.99154097997405,0.4032923640224908
355.65728297618074,-0.36981021209760456
314.33813266450284,-0.6893222383546345
295.67851837317585,-0.17193663078091959
297.39714300703054,-0.006084022734739847
316.961441539789,0.42723850931031393
330.710869391166,0.04953008208246956
360.05047494853585,0.10085689503398498
316.10291273148687,-0.3158698263233646
334.783093851169,-0.005904252394088871
366.45199523245225,0.3124260249303461
346.17863509570276,-0.2667463465578521
355.98128612098327,0.300830083722758
362.7011643504125,-0.3294433445796585
344.6565459541624,0.017172909814689774
374.4213795303358,0.4930247958906193
378.26997719347264,0.08163334576818215
373.8153845944564,-0.2633334494614701
363.78553940273065,-0.1491870467185663
380.72960986387295,0.15814592549725148
380.72960986387295,0.4396431618577026
392.000153151692,0.017488124272631467
374.9437517515159,-0.021755703793132852
362.8876994675048,-0.04616194920424732
369.07536767212775,-0.05301383429696216
399.90551001931794,0.10788125988551656
399.90551001931794,0.33648402694211654
376.2953933030966,0.19146417498654955
362.14285992774353,-0.2817446132156647
360.424263959044,-0.013110765553619785
363.7827280703454,-0.16849055460261297
377.058968152957,0.3006320839754153
355.456678876976,-0.5583129142396501
369.19424005558966,0.4947493525653499
357.65867798573555,0.08508581404635152
344.9645870733188,-0.2888067799717646
323.8266932560202,-0.1604620807252104
323.8266932560202,0.37612347939762003
336.0680525820904,0.005273926683912578
361.95865753781766,-0.217393184188154
361.95865753781766,0.19573454220972053
339.12373447171086,0.017951042363279157
349.41854883981114,-0.054257510636148254
349.41854883981114,0.4983639551910528
349.41854883981114,0.36743528594342934
349.41854883981114,0.756464803191875
349.41854883981114,0.32706705533564673
360.85329828960715,0.37270058231513303
344.5367427770598,-0.43592723177357584
344.5367427770598,0.10517853939018096
348.0083105867157,0.24784123052950235
350.79795361238655,0.14363252635189383
356.2064896069068,-0.21300135092872097
344.49724404754704,-0.027905791355806286
345.04738771249555,0.24146251227489302
352.0977823479054,-0.028047296917975473
362.51774793936653,-0.0476256585302508
354.302063769197,-0.07855984014236128
367.15592624449215,-0.03610920608559809
348.5846767513895,-0.3371530093131696
336.41127255496787,0.098053991996494
336.41127255496787,0.685286656098242
336.41127255496787,0.5008832425169203
334.5621369404999,0.028430228655111023
320.17552999700735,-0.33355020592875917
314.1570600584446,0.11367634887869826
340.7561749801839,0.591929355044158
331.4880520121186,-0.2733268407309879
322.40637687972315,-0.10682133798104587
370.03769256772847,0.5338233079273778
347.5564776720428,-0.2911219318644953
332.0809666845534,-0.09875859119711095
333.85928634038453,-0.024683303375809373
340.8090050260311,-0.23603159483195668
340.8090050260311,0.6577077146316697
353.59090448678387,0.12593567605119915
353.59090448678387,0.180072984505955
353.59090448678387,0.6133923525886757
353.59090448678387,0.7434158862897675
381.9032061666245,0.4859422150368573
358.6234311270475,-0.09715574877202471
359.8005148253543,0.16985657840973545
352.28158425289655,-0.4684205018058947
328.1848958283137,-0.08365840016062975
329.9662325945304,0.12897360538431712
329.9662325945304,0.09693824430416953
329.9662325945304,0.06816975419076243
327.39523336769173,-0.15500728537961095
351.8906640619126,0.5530616992537034
360.044105784304,-0.20452377300603075
366.0238352874902,-0.08397414391765778
369.5529140481751,0.29739429274695794
353.267572799506,-0.29830559468086904
342.4150603220223,-0.15080401266823174
341.3491588589303,0.004660687962768861
350.6647579631367,0.021192683327853956
357.80827157549305,-0.052268519668473346
370.5096235914073,0.41720207314358504
345.94405999603737,-0.5052886740102167
364.39212883300337,0.2328744803196514
364.39212883300337,0.14126034014952893
343.2289774633504,-0.10775320343771
341.128901359253,-0.030146949158506686
368.32940411107165,0.00653540681571485
372.90108900375145,-0.008314541919503426
358.3985173950363,-0.16615089529261695
358.3985173950363,0.2652965943293566
343.5081264278545,0.12443137839386509
319.5908398794247,-0.3785547801987832
319.5908398794247,0.3961956632983856
342.95833203063097,0.5218007649120864
314.76201783479644,-0.7711495696561315
314.76201783479644,0.45915491392906915
344.74097758944913,0.09547216154908256
335.1661096593601,0.15376751141445766
297.74837145291906,-0.6111770586327339
297.74837145291906,0.9319753228713807
339.6208272539609,0.5808340643678775
367.59373836982405,0.45572095710997473
352.64369160015997,-0.30770550314184675
358.4682618151734,-0.06217943145168192
358.4682618151734,0.5644830837286463
358.4682618151734,0.4305743157241295
358.4682618151734,0.287580264803978
364.0699709005145,0.219856136112071
323.68093833103217,-0.7962249179792025
323.68093833103217,0.6023211127181867
330.80118869979526,0.06275579993200608
334.31069724681447,0.5321177932929686
360.8594397860716,0.5285087976004661
339.6228549941362,-0.6146917346934515
320.5471858766597,0.05926272214355777
316.10954652420946,-0.3022541382890722
310.5780966666315,-0.11130781003373613
313.95400380234713,0.25107568592090956
355.67703642393525,0.34462285103018075
358.09982626575123,-0.1487682652377771
325.9146131010316,-0.04223031357912532
319.20459633578787,0.1489589664581672
345.1058682209044,0.3371916758385396
330.81417578905746,-0.32443260374839156
355.6244578581968,0.41397260119504153
351.7361207165835,0.07631269200533097
355.74509723420704,0.1447604384756005
369.43372148891257,-0.38883420496540566
361.55070544776396,-0.044425782706412065
354.5140582618245,-0.10132846400733797
362.10172726643606,0.04405301598967526
392.97446663208916,0.3610082376567334
375.59638735577124,0.09498949129192624
352.5584285782871,-0.162113590761237
353.65034598128346,-0.1664228261978451
353.32481674291955,-0.09893509765640829
360.9799016172554,0.22321736827666427
356.9413702374679,-0.04392431258406759
363.40921720180916,0.048055325867721876
383.0726485676122,-0.2602105765062106
382.3889241347239,0.14413420793800924
369.632640739154,-0.09982316260311563
357.6911190729634,-0.08577542969737806
334.51954715967526,-0.29598474501881356
328.75198251501314,-0.22665015832012614
328.75198251501314,0.15661778297271667
337.3367639973284,-0.05712845146979362
337.3367639973284,0.08826188121486211
346.394715236928,0.03584323041764037
346.1071541267384,-0.18086069776404656
383.8631070750108,0.46723472478049644
374.42055034279844,0.002390803084608706
357.9969741040887,-0.058080891391455225
389.98840456908556,-0.0626141779905538
394.96606066023486,-0.0581965639844384
380.2762946908634,0.030710150514323686
350.7235935636752,-0.05829971266950906
357.3321065831909,-0.44983685338422674
347.78333156053475,-0.03892686334143036
343.7503405936775,0.1034177269165184
325.7975976585411,-0.07037538374345331
325.7975976585411,0.38434438272304305
340.5054986578521,0.03967607072206647
334.5970706289168,0.02552989355228874
372.4377416934923,0.4757985819177293
372.01562013852896,0.04891132791931341
348.89487720164936,-0.40609250640522987
367.36316387272655,-0.008867065016261222
364.17644831265284,0.30063743429332135
367.4135178256483,-0.0636739826405801
349.2708808092293,-0.3658198135852899
363.55997157913424,0.2898727198787583
363.55997157913424,0.1705198877790508
363.55997157913424,0.2229962399771921
350.31084507082693,-0.12316265753611333
325.6434247692433,-0.3917927960119414
322.03705050349055,-0.38938991825352787
341.48044587109683,0.24949233149504835
341.48044587109683,0.5855396970196125
341.3216299106949,-0.06380248910772934
324.06645593106015,-0.09576601548826602
326.6921951607201,0.1333978853190274
326.6921951607201,0.4868260778379181
318.0699356148645,0.010774013126024329
311.00165506854904,0.026609047750298487
286.8484156120649,-0.42676775237578113
294.0709592304598,-0.16822038719919874
323.56244221213217,0.43870791552092214
334.77880191497104,0.2040551046342216
334.77880191497104,0.23337261194376424
334.8009368230638,0.09502337032733976
332.55173530939965,-0.1236790106246417
374.1007822709775,0.6162291115795142
345.3611275949716,-0.12578233209876544
335.9985889662096,0.06282790723207654
329.2902839715654,-0.16975292234872086
329.2902839715654,0.19009136774639046
329.2902839715654,0.4217830040122408
344.5475202528901,0.15303849387771606
345.3682825156586,-0.1951218801576715
341.14935344906087,-0.08503410580863147
337.89307854705015,0.26669766709335363
341.47901986832187,0.11869685017052234
341.47901986832187,0.41125729198154204
372.91926508244353,0.26940773290198194
352.71714971271194,0.3200635394148321
370.92597818699176,0.211898758532584
338.2271912206032,-0.7663304316655513
358.79089658687104,0.08266356215062842
348.86373469706484,0.002420797606191627
348.86373469706484,0.1460731541608311
361.7328927534474,0.2893160587332204
359.526586311661,0.02872868696772457
332.63148704478283,-0.4000729392010953
334.771180701312,0.17230042460926143
350.8148809730908,0.16960170520815154
363.11742166617216,-0.2528979739396391
368.2476184486017,-0.16129158230671692
368.2476184486017,0.2401408410780732
356.2846879524374,0.21223327586289997
327.0890689019607,-0.3703594895913511
327.0890689019607,0.4599412841918138
334.3671058728803,0.025369360512172534
334.3671058728803,0.35851172661114106
328.96409178290077,-0.2846493774798091
328.96409178290077,0.22780644898102764
309.4997959680111,-0.014510374657447755
309.4997959680111,0.4506996376113648
318.4603244189511,0.24350544963613174
354.866317004398,0.29534198062538053
374.32779470588133,0.3349096422340381
386.0694167439989,0.15389079693841268
386.0694167439989,0.6953170526658141
376.724281266409,-0.13328871625526517
334.1750812326416,-0.6895502922859578
341.20065341386936,0.07879237260851824
351.8364281606298,0.06375070533010785
345.6307230811216,0.1498373653166709
327.0043324625701,-0.49702429352544186
327.0043324625701,0.2545040404070278
340.930187755989,0.20929698586803624
352.1606410323746,-0.058485345093231444
388.97513001098304,0.20239666162444792
368.2598208872816,0.024354078355713682
368.2598208872816,0.04981447373586434
354.3207150966689,0.13125885169847606
331.6008614735427,-0.5960685406583934
311.83869053194513,0.11311712203360003
336.38413111753374,0.20285355835494556
314.7463923483234,-0.20162405189341825
322.2942922873626,0.30011261997117344
302.1137310360848,-0.331378572007452
339.59591193731507,0.3299306370238355
372.45953612135264,0.3802899100921877
368.470382641858,0.09308332987313861
354.47078714957246,-0.42742087899114267
343.4842316058144,-0.4033942699484214
341.0669289686372,0.27065535239034944
358.9069179754323,0.44070079730590805
325.3411345390168,-0.44871354348094883
340.46099699405994,-0.1007327879284503
340.46099699405994,0.3302695842035064
340.46099699405994,0.6267927592522256
345.9336864797019,0.02432994152968604
344.99197568176646,0.4593393706907136
311.7842491402,-0.7837479136283036
298.799868840241,-0.16897259154643507
346.7847705621474,0.5267126966348314
359.22706360300083,0.1196104364707935
375.4253677337081,-0.09455427660532223
347.6287286465009,-0.46051637044161
350.72286964451416,0.09741411363825137
341.32941830604716,-0.17721218754445545
360.25889889411707,0.22697554125420538
354.52986250902785,-0.10275323592497898
354.52986250902785,0.12648825021369703
371.44662259078245,0.08791611971935254
371.44662259078245,0.21115080361596483
364.89803465413377,0.07430037874723894
341.787908211191,-0.09163460318666239
332.81598336924407,-0.15210542520389936
332.81598336924407,0.2649313846482073
312.1868816752758,-0.4175114089171075
345.63670679848514,0.2789860912699851
348.9778745740256,0.2340047236252758
367.53608939386817,0.25093232432288914
344.69069650793534,-0.519596176920686
323.840406348347,0.014503701239846123
325.26674232323336,-0.15800429937326044
346.59934277002327,0.19228875092210274
330.26722761386594,-0.4433297367952491
349.1830339684101,0.26825209618721146
360.5310356341421,0.026314443289152223
360.5310356341421,1.2437305350371162
353.7432331310285,-0.008428341647800153
353.7432331310285,0.3208380721636104
383.10904986293053,0.4085384038068014
376.0826443567186,0.01780474480801786
352.7609287877414,-0.23359783852447435
333.37435570132396,-0.1984972067863282
344.37428061006574,0.3420102094133881
341.33035758481924,0.3175517142822173
350.4997887209832,0.18862593278356599
326.8265688930868,-0.5299504913145938
339.5986063495072,-0.19634341625805973
361.38937113212955,0.8690466525811189
356.92199237559754,-0.35689020800646176
347.33731334975926,0.12603865541336745
332.9464332674204,-0.08465721279287663
325.6362174745063,-0.12081821088349898
315.47132962400707,0.013619083533740195
338.5438231088094,0.20540141752758245
302.56450389981626,-0.5325405543176203
306.2427110772537,0.24164658645804593
307.9288900148946,-0.26514023865684067
307.9288900148946,0.3333258662182743
307.9288900148946,0.5118037388630228
344.327574760768,0.4558637019398475
331.6680371814326,-0.010632813176698619
358.2278222210295,-0.10172516763873318
375.99780650631254,0.2591479417390019
347.0208381882931,0.04827542562816234
357.51769773500473,0.2512440693330973
357.51769773500473,0.11338038190513089
349.57321588301323,0.17088666755648774
332.51891878597837,-0.5597180866028566
361.2272177310289,0.16252293720049238
337.46309110513437,-0.25369998613143707
365.5845523002714,0.3091586652137721
386.84069462473485,0.649037305825118
383.2176494019896,-0.004603313572602019
383.2176494019896,0.4046755559951407
375.2663750943742,-0.1624512322513283
380.61096861590903,0.2877325304466467
377.77930850824487,-0.1428098017921684
357.4443218205607,-0.3575865838537311
357.4443218205607,0.6417718495397366
372.59589517797974,0.15932929882637836
378.1113350704041,0.21970368820120711
376.6776547039601,0.05094316663735299
332.6068318784453,-0.3819175005246507
345.05372967380947,0.02391693240906534
370.28538613270973,0.4592315594275078
363.6704032934073,-0.06090353920285452
366.03594390539917,-0.028096076673364223
350.1518521971006,-0.5634430966834998
344.4163655308506,-0.2584238388552649
377.48935493800064,0.26895970422617665
358.5822649385457,0.05903935898800228
347.19182561030453,0.23713529698682123
368.9865788322172,0.19124407100252938
377.54453992150655,0.16102308781569263
360.3678682030595,-0.19635158283563214
360.3678682030595,0.4883806787099729
355.95780416159823,0.1678307976457063
367.71744987811127,0.16575471401347386
341.2014394818492,-0.3945430407574122
311.6367876544998,-0.3670841496872299
325.6124380048177,0.3886607795117243
323.68637350970687,-0.12465636127558355
362.16687013054,0.36321694339710575
334.1416453838693,-0.40649602083749414
363.3802371944291,0.48369835682672147
357.70746766062484,-0.028642454080909374
350.9123612140607,-0.11388890149953568
350.9123612140607,0.18109421973088047
311.09786995602485,-0.5120082083177522
326.97316956599,0.3501018144906993
324.5962410954246,-0.19316474393508543
326.41306934737713,-0.30922827195558966
326.41306934737713,0.09147082724621214
318.7128295199552,-0.05407869633950213
334.2359794048702,0.16308612651778276
352.70810388868483,0.0221188877651457
341.7871401223382,-0.004358930395824245
369.0045648807161,0.3501004665962455
371.5446356206608,0.203045879703609
387.7927479787284,0.6346644962546861
379.93104427690486,-0.025740401775919963
367.6803196047281,-0.1395899629427504
392.22738801885055,0.0424460682352219
385.6140867194886,0.08978777232778157
377.8769149556557,0.2040050839199239
368.5683731355889,0.08390923486922475
368.5683731355889,0.4481640858417677
317.2390165103539,-0.869292119497004
317.2390165103539,0.21325556328986295
315.37386557537405,-0.031094770622758006
334.054699452382,0.39728277485846775
331.7497416968033,-0.3465620036145083
331.7497416968033,0.4472376935361808
333.34148502643995,0.14125214757416416
333.34148502643995,1.3005996089773362
347.80996438735446,0.19590278692351148
348.9149482594957,-0.27184123065478616
348.9149482594957,0.6378191952119323
386.83519480416214,0.6403723922670679
397.7996197616708,0.1608373192743784
391.76116019908926,0.03807414271022935
384.4279513263533,-0.15061636819268642
399.26482147276283,0.08200311886537293
385.90716109887427,-0.4352802585274276
416.79697849707213,0.27360173879890226
393.2314097651468,-0.37716702291891124
346.0155243212899,-0.6520408258603538
371.75183090877687,0.2159099777686606
355.55115886229777,0.11715815149568698
389.4995537380902,-0.05153838586090842
389.3325496104139,0.19336919266265795
375.98790061962825,-0.016130495382185472
385.33090654863366,0.44249790287881297
367.97314180739016,0.011457517639655634
359.91931538208604,-0.2986975001608698
384.0877116279788,0.17715206722050425
374.8227700275901,-0.4939908346043467
360.6073709206835,-0.28261922735816825
354.9493519909312,0.03485056867759795
334.67788709421535,-0.3341509367414801
334.67788709421535,0.26575192797986347
334.67788709421535,0.2404332406759977
329.9293074336811,0.10110061692103045
343.5056529274613,0.05976514745941586
343.5056529274613,0.32440065447281086
355.53131785652533,0.07190574655930959
380.42154206623644,0.31516988555415537
380.42154206623644,0.6821434468838561
351.98415840188346,-0.6074017865569203
339.56466792465875,-0.04583679083316383
339.56466792465875,0.612140256497014
359.3739014180104,0.11167515705483311
359.3739014180104,0.1506571288325631
359.3739014180104,0.7051187706574638
351.3013799136497,-0.299956933032945
354.3070539419443,0.2962908698892761
337.3887834728471,-0.44799468048859126
350.90164457279434,0.16408915088095455
329.71739638682726,0.18104665878422566
333.41084290329235,-0.510402556922827
339.35794645815304,0.22544076066196794
339.35794645815304,0.6877019274172653
329.0160283098539,0.03310264422452747
355.82368134688977,0.2806011799704038
387.77339734409765,0.4591173510924591
358.7431234602035,-0.14210888733714455
373.9627479559769,-0.04667888401434084
373.9627479559769,0.5127111288218202
361.4535126076648,-0.2783594354731349
354.7148631545599,-0.0024251624831777008
348.8572344174208,-0.11274822422888064
349.3892818415318,-0.059651729368056294
370.4707232320069,0.3282833227475521
403.43212302804915,0.7841877310779637
380.6159055091002,-0.5175468238696794
348.40839309379277,-0.2955576096985624
360.0137849767967,0.4656770043588949
365.81920279362083,0.19492353108307725
354.65709713035216,-0.2827465241432492
332.99055261921615,-0.6661866094071911
332.99055261921615,0.4469113036284398
332.99055261921615,0.5825308671303446
343.732082401061,0.4717129966072662
323.5470669093262,-0.0580929170142781
342.2278485080238,0.29730343565051953
342.3903925053547,0.25711467862061
374.41555218981074,0.39274569972110385
330.3413108708748,-0.4503649294144907
318.67387611607813,0.03537144089477806
339.17112199034057,0.19025372995190537
351.73089442720936,-0.0548916918771738
351.73089442720936,0.37963397512851316
357.4234446068847,0.17613877539133682
357.4234446068847,0.30868000007194496
370.91032600349456,0.08215781752846851
386.75352954655847,-0.23172788475369543
386.75352954655847,0.29088480722532495
375.89313342418217,0.06425368706277368
407.54614766599866,0.2466289932330028
392.009048088217,0.08706578015039668
376.7811576965434,-0.5862743028748127
376.7811576965434,0.20922367061609748
385.7459640741523,0.5317807605216558
370.99051604868,-0.3610905768946395
357.5499728926999,-0.3103070014359446
330.48631376922845,-0.40944371137720736
362.5536627883827,0.4071026989298616
362.5536627883827,0.5645040004433213
346.8731050881463,-0.43790930978889264
325.1089891177745,-0.35336997669298853
349.6382742752391,0.20294083722160394
337.5132747625732,-0.08615635288788326
340.7871692396949,0.002193941541008826
365.1110916057325,0.271485505150622
364.95535473358865,-0.2291455455799678
329.11324336955266,-0.1901862734016504
344.56201814682987,0.18347701146785766
344.56201814682987,0.2324481311444515
350.5697256735688,0.34380503540842255
373.01704362940353,0.5398457511961396
352.55640405119766,-0.2751087309762852
342.2097063509897,-0.018471659343163083
351.6144006439494,0.007189088441009517
330.6115705152546,0.007478746888295973
364.1687167957823,0.2792476923234517
364.1687167957823,0.2552501935504097
343.52285501672145,-0.23413275665132005
345.5955535271489,-0.006153502657525678
332.40232089157496,0.14314468059558294
369.1771917992642,0.17114594206441325
355.64710844434825,-0.24144333260869644
362.5312266110714,-0.09250883105687535
357.21070802781975,-0.03509631886754505
349.1705114941416,-0.21848513935185565
341.83457608453824,0.027514277603359005
351.5441396267391,0.0010226777893649341
374.9954507447637,0.41823934750993885
350.07706812018444,-0.5279797840610172
352.5951761002233,0.29143208586970104
337.9854500616254,-0.1532937418887741
337.9854500616254,0.32887964126462066
374.8056994235773,0.22517877460211366
341.3721365895206,-0.3290925858693754
353.4400537731828,-0.021547318638795332
370.4655855981363,0.6003342146077557
352.06858281091644,-0.3982094515575909
363.88152145495354,0.040462294594931336
340.80114220195566,-0.559631431717662
340.80114220195566,0.4555895141414794
313.3351359150219,-0.4732541925568512
319.57376082154207,0.25907284973800415
326.9559242280381,0.02379237551508595
358.2845800625572,0.3821730658164597
335.84842779354847,-0.3147894056176028
347.5794242649482,0.03374398359051156
369.1748330338957,-0.060043831462849084
362.5612031502094,0.06525157518785818
378.03447878684113,0.31124698823361996
378.03447878684113,0.37611445054130854
386.7481453688897,0.2362558464877793
372.741222363511,-0.037595337545553775
356.37063564549413,-0.476150631209066
340.40629384637316,-0.06813622221091009
325.07275951316103,-0.22580056573985985
328.6161696615381,-0.1817638991763033
328.6161696615381,0.36654434923934787
350.5754378511857,0.6796514110518501
355.3235144892951,-0.012417718345318463
339.25947390008776,-0.11429326955988017
344.2584470079684,-0.1353048730777573
365.8837888573858,0.22096971115342967
367.03616100063834,-0.034768996931802576
367.03616100063834,0.43256589010172775
361.0855286525214,0.09147774850907808
373.12190204903806,0.22868767259797096
363.12088950159193,-0.32967726903780203
352.98700368653687,-0.0547263978578485
340.95913018112645,-0.16859857118311083
347.6978288268764,0.3388980577295797
324.1604161008042,-0.5339977554227744
330.09593099917305,0.2606507349976255
312.9483756583193,-0.688957151447994
325.7697253042448,0.5055803316920446
325.7697253042448,1.181806559150914
304.76927262332373,-0.11139288554682025
341.3142243851502,0.1266401978207341
357.3534910524114,0.05642659395289229
339.39053204599975,-0.44011006552761955
350.71516403680624,0.48528629473605633
341.66653005184503,-0.2946059399690739
339.80064326744235,0.14253196551896963
366.6269603770328,0.18722201677314843
374.4516668427586,-0.16272108509531336
376.2781417201195,0.2561108504762615
366.38808962259236,-0.43644322825286963
367.1242753407509,-0.1675491758823
352.66973463555667,-0.234479031698811
330.1873242140257,0.08209977984881789
370.846242143199,0.6238255148161898
356.3846503937432,-0.10954766564736929
356.3846503937432,0.5485515260593274
368.66231166181836,-0.3413133996818942
387.9982992591263,0.16298645151118762
390.1457338309794,-0.024306129518436137
381.30371218491354,0.1727177001629343
377.3528647299002,-0.1625690330984071
358.1713597823047,-0.3640574987871332
333.27293105869836,-0.3671798449754533
382.58896355550667,0.6562933701302427
358.544584419411,-0.42269559120063604
361.09391144372177,0.15897009452112343
347.4226193603317,-0.10151057490361381
355.08989095150434,-0.011238110010026503
335.37560749310023,-0.22741132978478618
319.429289984707,0.16571028767953067
330.09764317764007,0.028667659602319873
346.827135666833,0.29198116160455356
354.8947135751185,-0.26681915649396615
341.54235821798113,-0.1990333753927871
330.0688837795959,-0.21653275645132908
330.0688837795959,0.1942051390128654
343.5529302918558,0.3361964637387018
342.2408649712849,-0.024707958100520955
332.0759290926818,-0.0026424044473287722
318.08900520623405,-0.1650654809130856
302.79582959002653,-0.14415306564683306
319.9319225787991,0.3347512560840187
355.6013013734691,0.3396013199655954
383.43687497617054,0.3356826792302172
376.8942020672958,-0.1253810287723809
405.8172427475635,0.23656722156601973
378.4893861863247,-0.2594417219089564
391.5730317352503,0.14180137596702025
373.6781195176101,0.10591159571026765
374.10800506289235,-0.30316259600431295
357.43220392412553,0.15259384413127464
372.67791641604657,0.3467384380612657
365.19474352814854,-0.21191578159357505
376.27082802222867,0.009752163138387004
368.93027410176876,-0.10719207535589703
354.5007472974242,-0.20989926198149078
380.6179183500482,0.5656739992650728
368.61672954619627,0.13122169103598935
361.4674249902357,-0.44061754754636695
342.35121469632315,-0.0002757484505764296
359.30143972201785,-0.052052047034294446
359.30143972201785,0.427063357067027
342.1266034912994,0.0855690891114591
368.86254670481696,0.20788508089196966
362.6481254663029,-0.635037203268098
362.6481254663029,0.287113499480256
362.6481254663029,0.48492470117344055
344.1467700219213,-0.13244193235823332
337.46054547131723,0.013691000874359815
365.5354986117292,0.39994392931737366
329.72842538485355,-0.22769222659053412
343.1981078465908,0.22646452448270793
344.76731625351044,-0.06329154661818848
329.46652507667153,-0.3610867820759722
346.76133346999677,0.31835200375951445
330.00026676049845,-0.4734327891359271
345.5020339315742,-0.06825515192088005
360.7327642728472,0.3108051070832971
346.0925994989818,-0.2538014232984551
325.3318925884429,-0.5303848032593805
314.10504815675137,0.1587387541097769
323.8159700311695,0.11780565224057682
328.498298789867,0.12235091571847079
345.84660579843944,0.0360913876925224
340.2689040183604,-0.267157035176524
389.7320448597667,0.4518658398686739
362.44831873085525,-0.3372088198779011
369.7681369289724,0.38198505070363353
346.95456085606577,-0.5926632237284366
335.6804477961184,-0.34126425265924354
307.5598886402335,-0.2552009309748655
307.5598886402335,0.48143482059685994
311.4840570235081,0.10693311558804908
311.4840570235081,0.7656195033831636
311.4840570235081,0.41493133802077864
352.0250057105402,0.02663136091132401
324.97855530520843,-0.22271308305903403
324.97855530520843,0.4232560480459142
338.8487658283982,0.0783264056670987
316.71536014144516,-0.27924193732974345
362.3507106989226,0.82246138677624
367.0598732961854,-0.3255784334726286
367.0598732961854,0.027441966655032957
378.7953162884769,-0.024718161330724797
345.36779774699994,-0.2760605596961341
344.7580044179422,0.16623782896067496
348.863907559758,-0.23223561726058506
348.863907559758,0.04224143639214617
333.67728955504845,-0.11695429740461805
339.4534840854504,-0.04387301069846217
315.5068032262823,-0.010712278871892522
314.18542428523557,-0.24436766571272983
311.56338134417473,-0.1557282603373551
345.3243516526562,0.45489804608303075
362.14493109219086,0.19524468133488426
337.95007689787303,-0.37301655192970884
320.98988365902903,-0.42009656965672093
320.98988365902903,0.6008290868074937
337.16513830250835,0.5551320582618473
335.0712558947027,-0.09571530755704316
335.0712558947027,0.5981917449133789
303.269925456572,-0.03651844249509395
312.43352717917435,0.09719584765309719
316.3071441561279,0.10503947270717617
325.6578966819166,-0.13170001138041698
347.89877947872463,0.1868471075238176
341.0667764239581,-0.17903906589504004
330.6756863867939,-0.16617386905863896
323.26508109731253,-0.08375317363015711
329.03251017898697,0.1602111192449911
336.13703479574565,-0.06488062273228934
339.93764097937867,0.16722911551755715
359.97751128274894,0.17650012797321324
330.98191408070653,-0.38370232486147415
316.6919612636951,-0.2665981835616549
329.39575774526594,0.11882061004735078
329.39575774526594,0.27024217809650963
329.39575774526594,0.18973968020964094
364.61212516178114,0.8175562283208819
325.80271403924297,-0.4340140298238566
325.80271403924297,0.18699840644910637
325.80271403924297,0.535524132223145
356.4941457121097,0.5168545576573251
356.8622054513458,0.19023608126519775
344.4886806872976,-0.3030488289070945
359.8244459858356,0.2347941424052351
370.8259117117335,0.5331448176164031
349.5678490434192,-0.513852990012083
348.70752853843834,0.03503625531573107
346.7976592079292,-0.1780033526842999
335.00482971793156,-0.3829564294676402
367.3565202133462,0.16681271489915162
369.37127911956566,0.4859460427956037
372.4297964558624,0.24000206859250284
362.3753522354297,-0.28827919741092956
381.22634547063257,0.19196789977627304
366.63069840324874,-0.370404767404807
364.0080676865661,-0.0019356924190105929
364.0080676865661,0.07277355548478681
388.95246867065237,0.0835052639999958
367.4148490292348,-0.18894241115208388
373.6076520027506,-0.160770523094925
342.91578754497823,-0.45279027761785073
330.5040538459647,-0.053394618149695816
320.72985056361534,0.01611171902300157
320.72985056361534,0.5312043421245107
325.23837350049575,0.06584123729385283
325.23837350049575,0.4584634030992447
325.23837350049575,0.24302135714606266
354.40133451681277,0.4393021737922709
354.40133451681277,0.19568749120094253
338.7483171237212,-0.13021883732722017
320.1842347159594,-0.5645294050245866
351.9873365134371,0.3878924115836071
351.9873365134371,0.3238069100109442
357.6625721541206,-0.043035193063815314
346.144856459733,0.09260396938748272
336.9280737170255,-0.17403099621481033
336.45430122389286,0.02937313543043274
344.8439162132342,-0.06226779983558117
355.7363912383048,-0.014677170816298712
369.95386624733806,0.15324364717343997
368.4162646831394,-0.2566780761434302
343.08903373301496,-0.02805161878893614
348.6072596094525,-0.3972656288631242
369.83251161723535,0.569310541282789
394.7486279825692,-0.05355800668678512
337.20461986968047,-0.28280343364247074
337.20461986968047,0.23594033798235614
351.89289216697847,-0.07635385528351435
333.1123578158041,-0.24125116527511636
339.8135783549161,0.04298245437018977
335.8703111003934,0.0725036849364642
338.4554447469924,-0.14225193026538818
354.4222404138235,0.06965477320795799
334.48670890222076,0.09090243136881782
301.33542350534725,-0.4758948988146585
334.7657161179535,0.2741786431154196
348.85251689467793,0.01578550081137564
367.5199010934269,0.09833085951493103
357.8710453162112,-0.05200510968438721
358.1020414788998,-0.10474756463304402
370.6420597091483,0.37102532573521785
368.0098256901451,-0.1714571766148083
389.70489981176434,0.49202936583571955
393.5298811465246,0.2248629436005558
391.0555241458347,-0.0262700611733635
340.691785798211,-0.7189785154550918
340.691785798211,0.4541509765936098
325.967251368853,-0.5287288190361323
339.23298966788343,0.21883878454309524
356.7514308206788,0.1105741358242085
339.36766387611186,-0.22657346373512155
359.8460217505815,-0.4353077630763664
346.0014862974644,0.20120790973601288
346.0014862974644,0.1463243632420017
354.74960477098244,0.06873941986759746
354.74960477098244,0.17061913079396618
348.4609048623823,-0.2683653977321683
335.50132535045867,0.06055850588040812
333.50826735559934,-0.29825476886946944
333.50826735559934,0.7131161676777538
380.34968335137404,0.8209435664862212
356.9179528662402,-0.032313135875938315
375.88564828902054,0.32865666973134466
385.67424183992676,0.13561144341315412
353.92763732311704,-0.31610663238529924
361.4371414151797,-0.024777570719606956
329.07958294087325,-0.2789277360170672
341.8026934902392,0.3288536277733556
341.8026934902392,0.08495243098855099
334.6727736359557,-0.37880781165154076
352.7713286749673,0.5696659609920971
341.8954724741713,-0.27242709319716596
333.0191269521007,-0.05329587590324536
341.6465185783355,-0.02825239480819164
341.6465185783355,0.31957668503389414
400.45148622374506,0.8315280451706712
334.30457654511457,-0.5335112305222083
335.82321695922826,-0.1725766127389079
335.82321695922826,0.5096422142419215
335.82321695922826,0.38252405165087566
335.82321695922826,0.2424295637567866
335.82321695922826,0.20231939493760365
342.19234528245624,0.06762927251816109
370.7988787562234,0.29941280441607887
370.7988787562234,0.1968708636827614
384.6446418869048,0.4947362348104889
378.9775732572146,-0.21031300450795243
389.0160369191863,0.5125823145951927
373.56848107492306,-0.267857982192254
378.3228600954714,0.06099810861462629
379.5340885192552,0.3570441781110958
374.37817888038745,-0.2267565541779959
349.1764185743334,-0.26012914261116293
334.50873401699346,-0.2590076548883644
334.2708069110485,-0.0780422958695226
346.9858509104204,0.25812813999425543
350.82596707983885,0.10575623882812124
346.2297473373522,-0.1735979450626246
333.8567738078907,-0.33584785703305897
324.35579345033244,0.20376466105813051
324.35579345033244,0.537198942470468
353.21792108283785,0.5448173345429268
358.2112793995151,0.20297383319086748
362.1167354274896,0.217538274638855
353.37324260385316,-0.36360314386365644
352.98749595105636,-0.25058296421514115
392.66715120355735,0.7697605731975727
358.88982538958805,-0.3130635878147814
363.02674495187244,-0.1222365565332666
349.2345393906071,-0.1978421156489958
350.86137105295995,-0.01650761274765955
345.534180296849,0.3009603797025875
359.92261247307806,0.09116919747748398
367.70953776969867,0.1871551475887827
360.6636759261068,0.03909850288323469
358.0603751610762,-0.1403408084008788
380.1460525404262,0.2650727604175245
387.4364621073992,0.3018871866806876
379.3278841966728,-0.5413703724791503
379.3278841966728,0.44183572256599746
379.3278841966728,0.21921775135569987
373.2605464589617,0.2042039502167654
376.5763606645294,0.4779854406285722
364.33199036154997,-0.3934548939122351
361.55480218736716,0.13277884748379165
366.4752321012343,0.1558355566864975
358.112850243287,-0.213941992617265
359.6198898125552,0.3161126476932168
338.71902236313326,-0.3017357387549282
322.5703200668604,-0.33734649146936135
334.14991548053837,0.4918580529686096
348.48739330801266,-0.08873028837138008
340.14043301116834,-0.025956443972404486
353.13595784360365,0.2116463451184245
350.767640517173,0.04612576343197361
356.9649414807452,0.016294848032543996
351.18173076084423,-0.08720635991846848
355.157825392317,0.2971524709710138
356.1163714779721,-0.04534083341195583
356.3071799922056,0.0760145838750077
338.9569638535774,-0.41536421849014005
349.159133123413,0.21305380679996233
343.4195126426702,0.08366573707257885
340.5362427476758,-0.15862059484538804
340.5362427476758,0.8528669925019585
340.5362427476758,0.09344266177140526
340.5362427476758,0.23386584610420869
348.73798728722744,0.3824893593309753
347.29364061235236,-0.20275954166982046
369.291174727662,0.27601695056546305
369.59077939309475,0.11660538939520393
371.42799590623923,-0.01670509372820561
347.40806579750586,-0.1371912957247332
361.60689062006674,0.34709415970485225
364.7760518102695,-0.38680887309374157
367.58075210614714,0.5494028462555889
349.7820548405591,-0.2819557063855882
358.4923676915115,0.31006087942182603
364.2900711028915,0.0948466147764293
371.05260630262063,0.16513754210268417
371.05260630262063,0.15180540027824918
356.8826164656914,-0.19990615160054404
356.8826164656914,0.6215659278313979
320.77372281036656,-0.19320301808761542
310.24747475964676,-0.08521553219497946
316.42949380762695,0.22258554789448226
321.576406999074,0.18208946630045375
359.5822114341566,0.3862614232186843
297.2192954077624,-0.40417949988284363
330.9564026618222,0.5824768775389657
324.3109752333912,-0.7654412301319553
324.3109752333912,0.6595525537009053
324.3109752333912,0.8714099465317986
323.3815087006565,0.010955651385756937
337.74948172328055,0.2912677293061279
354.3786980975938,0.09457073324051635
341.81042810632806,-0.5304581255534231
352.604945879583,0.03356459299891412
352.604945879583,0.4923248985086275
320.69057324422505,-0.5982277304493664
355.85690704316403,0.4991480247584832
355.85690704316403,0.3732720593658314
355.85690704316403,0.2206498970388111
357.9144625618751,-0.30074209658857853
363.2542140811309,0.3856550622618897
362.61194779696353,-0.2271807575530147
368.79192650523635,0.09351275686583449
372.1630514890647,-0.01998256772606055
372.1630514890647,0.264146575076893
334.5093032297106,-0.15836007030247856
334.5093032297106,0.38503721094684806
376.1158728624461,0.3313649538208665
335.56128091676004,-0.0955394310263955
335.56128091676004,0.9453713438384739
347.8937627206176,0.027778593855714462
372.5265497979913,0.6464791209527903
342.5752014810276,-0.16222302616779416
366.7763269404003,-0.0058124666679759684
396.18831286899916,0.3319778526507662
350.847504805939,-0.45897636506128947
364.0894816724752,0.03284463183854314
369.1016081485545,-0.10504662665948672
369.1016081485545,0.03628287255469331
326.701329659661,-0.08432528515106696
337.64070393433576,0.1123721089445553
336.37177823518175,0.019247631838993584
329.88914791811226,-0.12069769743118286
316.3891714924331,-0.38474331267434536
318.77019071349935,0.19256339807463974
337.22038908709845,0.05484457245461272
330.7042722797257,-0.054515936478992444
337.8649494683621,-0.2842869482608421
356.0502939448622,0.2634633065201797
388.585309175074,0.19851555510433627
387.25758148281307,0.1415490019517165
388.2886689545287,-0.0035672092951699597
388.2886689545287,0.3662178151535045
364.19025486694795,-0.3832661375444104
365.73901343141137,0.03900326148868771
366.48439435183,-0.4216893240813988
366.48439435183,0.09578928884661764
367.4164159621656,0.23651563696250832
363.2913283498684,-0.12495967536824537
353.8246303200068,-0.2321765814238006
352.8410474337529,0.2202785587173821
379.093376260035,0.22584517434461304
391.00082486371264,-0.1689664229962773
363.28136884129714,0.27869995411447235
379.45693429329583,0.29412617023751864
364.53976966522896,-0.7694998114934606
358.23900985086215,-0.2016977408081857
382.1655199459422,0.6972711272030665
365.3351305651074,-0.34303493081915803
369.4732863615451,0.06722955978625578
369.4732863615451,0.3634590992168114
369.4732863615451,0.42398300890113205
369.4732863615451,0.05775984166712078
374.4956459598208,-0.05901178888666436
352.104536411775,-0.571051154004067
369.2966769262386,0.32879995318353394
364.0756473979609,-0.11911268696860589
369.4119187313739,-0.09119689152134924
343.50716537640704,0.16353139998227562
343.50716537640704,0.01963721310710298
372.65430507557136,0.15985077203731635
352.75107264202757,-0.49419236516314413
365.0651602997717,0.14570420033328446
362.39330776174705,-0.033393924805977804
369.75720957660764,-0.02062531763226616
365.54607440683395,0.13219392080623038
316.5347862146561,-0.850082693516697
316.5347862146561,0.7820137649505341
316.5347862146561,0.7783048615227699
316.5347862146561,0.20733789975986383
342.65740270535616,0.6482205056108796
356.7453666738009,-0.10930953196316295
367.6738668593867,-0.09114191843411845
357.4461063803358,-0.02600320962051228
376.7660173765164,0.12976226430885163
358.6613144426962,-0.08756756372883956
385.03705233436364,0.34866308943060176
359.4853990198402,-0.2888757084036797
361.3178461989829,0.0008504701372658019
372.3360507977941,0.24642289796975092
354.1614150802546,-0.03301833234888818
359.2177910264336,0.048183138182821494
356.99157745426083,-0.1408218331965827
351.38562443375565,-0.07384606493383217
361.5799130920553,-0.03123818707376813
333.5043421105433,-0.32569968717598385
365.88422652973463,0.33123946371927104
350.42170479764144,0.04581537351134557
324.08891009384297,-0.656730638275576
379.4842003314014,0.6340856667799244
379.4842003314014,0.2351058174043601
384.7445373164453,0.1763895674990863
385.7201269948983,0.15721327265259788
350.166126911916,-0.7443049003154556
350.166126911916,0.6644429988373304
352.55659329730867,-0.0743042816104662
362.7154026263347,-0.2138483246587839
373.07266054393233,0.47639912786371497
343.6511202617183,-0.06213177821132376
357.83761567110366,0.32100732538822285
342.21057179339,-0.4566339807672648
365.07831615730413,0.22879179382948678
341.95289382740685,-0.0016379847755843002
332.4812543329033,-0.1229073550451858
338.9734777125223,-0.3510947245176794
338.35038809637103,0.341018693836304
347.88545130113556,-0.2783513693659643
349.4697852894898,0.003141102104905258
349.4697852894898,0.35656950800080267
359.16890322897035,0.13468205335004768
360.2430521799331,0.21038796672928584
350.43093656879074,0.2893112638387265
348.1434822487267,-0.7443067381259425
340.9528434994001,0.20248938075781098
329.7366122448608,-0.4252940318109495
329.5433900946121,0.08349563952594963
320.4324442065822,-0.15898016309745344
323.9252021157471,0.16650004268137764
343.62014135313484,0.3358595778125846
343.62014135313484,0.4556624764144317
335.47339923523015,0.30748465485328325
322.4033225734083,-0.04904014878241014
316.2374523589666,0.133541703880951
323.2978394436634,-0.09131309443841928
339.2338522437093,-0.1700001384464258
356.27581821715376,0.07438533633660427
346.3688215436469,-0.07633385801398163
375.1969172796592,0.5160107486578909
398.7213249760377,0.39002588653715975
375.1833198245511,-0.3668464806510201
336.2438195320385,-0.48829299721001007
331.31392307943815,-0.12833884493659298
329.5918212113818,-0.061581597774761576
346.13944599275635,0.49231483467008275
346.13944599275635,0.2850143776074674
309.41217042253254,-0.04658810510443345
289.92850554359853,-0.6416692783402596
289.92850554359853,0.3387387543899649
342.3173038497572,0.8974953736169482
326.55282193010527,-0.19816442940361867
321.9307248082691,-0.1146373167728143
326.96784818094034,-0.3415726219662929
347.0041950062994,0.5856648755658398
344.2099855858148,-0.16646400461740996
344.2099855858148,0.18095185155459603
381.7522769514524,0.3651314563572896
384.34104543173754,0.12732865871180366
360.44497936895067,-0.5243437250992429
354.11624725383905,0.016654533722771703
339.0139903774189,-0.24563886003556945
344.4146846263956,0.1381185793700297
339.99111613020955,-0.36064096497580067
329.3262262553019,0.344031899345282
345.21535804992544,0.06042978854509329
367.30393930906877,-0.061878369253690835
367.3970822742197,-0.006694143378126682
373.9224354418911,0.23211659235539628
373.9096574656225,-0.3058339196416
366.3504094539307,0.057008401582152146
373.0653349249904,0.26273032711742417
333.93991381457494,-0.5943541929324283
327.6243530042951,-0.290271517666838
327.6243530042951,0.028000845117730933
373.05819224431224,0.7231165001489899
360.0572750753722,-0.2255286025016403
357.72637377107276,-0.0017479853036093118
391.65685861875465,0.3846649049498865
358.3246751344074,-0.23982870748545793
334.3706354296509,-0.5899849145770304
323.0167943497955,0.13528316004897079
308.77080070193,-0.4564330068436675
329.6493535612672,0.3369080339031143
344.56819663210837,0.2791398726776606
322.2624688103845,-0.18496282063620129
337.1687456675782,0.08656876463555818
347.1488576098392,-0.09696064921149627
347.1488576098392,0.10144582455427553
326.27563298117207,-0.2050254441156767
326.27563298117207,0.6387186873533892
329.1809056234233,-0.11603790828473848
367.335835422835,0.5812233922873702
358.6135589539633,-0.13019227307086112
371.1687948491139,0.6080406178252815
332.2718243792619,-1.0915792581317874
341.7498671849734,0.12278146712401394
329.8463601444893,-0.036703073016724375
337.0719777633342,-0.12244899555901156
356.6693164071663,0.06354333856654648
359.86535816734124,-0.20989226204721945
375.45464974539453,0.2144718949905382
331.8167357621588,-0.5644611558027464
340.6973483344648,0.29650726178488185
356.50771231148224,0.05227944786304306
356.50771231148224,0.4828876168394345
349.5114259870056,-0.3222363127422341
379.08376766400795,0.43283979997193
356.2050446483791,-0.2417114194097394
365.86733351916064,0.37571819610661805
379.84207725646877,0.19366317454171167
359.27758405063867,-0.15366035837598702
384.1427791666569,0.10101908393301073
381.1899359147046,0.04166623885419085
385.41446615868796,0.33931213068717625
383.04330414248216,-0.08587427831935202
351.1513522355336,-0.43646552112738846
353.16457066590846,0.06659971968656464
381.67389042433973,0.35805238491093405
374.7982307905939,-0.10530488132201299
373.7261441675678,-0.22464374348805904
373.7261441675678,0.26758073475696165
358.67468077025677,-0.3621086821950712
396.60018572110334,0.9959823186098902
406.4379795020083,-0.22768646355029887
378.60907243832787,-0.2225240565446711
384.6361292760609,-0.14687920881726768
375.5603288617118,-0.023850534357961806
368.83207178920594,-0.07124069946121381
352.39025632860233,-0.12461643204778738
358.045903774286,0.0050350852291103365
353.6489357874358,0.06337447483645064
355.88726618667164,-0.048566942409365765
361.8923718373812,-0.0567127958565834
364.984421821592,0.3138899780774409
352.6580176553729,-0.4350422007121324
330.43167307188895,-0.11442856304279303
351.99870002415605,-0.16190130254574342
347.850519821409,-0.0628638681882876
363.4437903834952,-0.13090419507375373
357.0075002355492,0.22660821450483581
352.25193173216536,-0.15822843629700856
373.61338522253897,0.10950412104125462
322.3196915285774,-0.5088934122741193
322.3196915285774,0.5702402107851867
325.22428786495675,-0.030123641602358475
330.04883917698385,0.03873905871034822
298.48949112961833,-0.7715691632314474
298.48949112961833,0.7452080896465532
298.48949112961833,0.6027713802571952
326.8055311123348,0.5976650838282467
331.2868434174384,0.2449540484295767
346.90997936068254,0.4047993814564279
357.03257462779555,-0.19533701329510222
348.592616380615,-0.10677809712785802
344.10724093948,-0.04921791877347914
377.47848237867106,0.488837830675493
381.3474017994073,0.07750768532071106
381.3474017994073,0.1801562999636417
396.2921886692365,0.18225546953897265
341.4336243628392,-0.43116015513294315
320.83520098898913,-0.22892258259139453
347.1921275750445,0.4100815728061207
347.1921275750445,0.20899020702927373
349.39798714889855,-0.12445081962391669
349.39798714889855,0.6112737378359725
358.65598933617576,0.25537592166460854
317.06638820569606,-0.444938984462965
288.38602061609424,-0.4164723067610794
288.38602061609424,0.7506076839047182
304.937834505144,-0.02938139773027615
320.9085943612288,0.07064936680512801
318.5157886237994,0.25964342669567486
318.5157886237994,0.2748905063596112
328.19284360047124,0.011581479406004291
328.19284360047124,0.1718253742340039
306.28305317658567,0.11536539302562687
312.1925212372136,-0.14564498443894536
337.0640858355769,0.12607594473206518
356.5144271811687,0.3043491914644392
366.7623495415445,0.08485014019368009
356.8917605662748,0.08098489683084154
375.12579110897343,0.10467493871601619
360.3743978228566,0.18942811964450357
346.6040799782126,-0.3722720612485091
372.9640674891513,0.16072910596028578
355.9624159068573,0.09890147996202359
367.870496749631,0.01801084287649246
359.22071264115016,-0.03814590565480103
365.7500858034297,0.1486333033868732
359.7108093650144,-0.05692242798716052
392.134706811275,0.23676385868895977
384.6457799087809,0.10312924953973379
398.4109630813176,0.2642566267784332
398.63819083362733,-0.13726118070508164
363.840354696385,-0.49634378654354805
356.12028345549135,-0.14967661291780132
375.78757205122594,0.28114132626762967
370.7394572499014,-0.4243493924393533
365.43579471349517,0.24624984360048074
362.35083047160157,-0.2562643469619843
374.53670367273196,0.0960170862834957
352.9512137156869,-0.36796364681208615
349.8029515742133,-0.21915336985728118
320.52786418134906,-0.23922533488075715
329.3033330520278,0.25442026675864327
346.8422216864213,0.09890814345169474
346.8422216864213,0.408940466759077
358.58297632820813,0.45619266596611396
362.84663878856014,-0.4382068877775964
341.3532906113949,-0.15333040947552945
355.9813042000716,0.10276938033291572
344.8857779955915,-0.2804160712810244
351.2603162322827,0.3865203340743619
348.2134244306227,0.052090320324509776
338.8430630261436,-0.2679056221809333
372.692756100715,0.31396194739204475
313.4900427582919,-0.43865844237541296
313.4900427582919,0.2295118292196321
313.4900427582919,0.4449627412867585
342.0731738355005,0.2502796842010184
361.2238748672481,0.35055599753468414
348.6108843408087,0.14691934611641955
316.33649671629746,-0.4256476688948396
317.3919530456817,-0.06948891836566418
329.33401019025035,-0.16130104463695716
344.3908775800427,0.4185289124736755
338.77024241050646,-0.5015725814882899
338.77024241050646,0.21344656083329028
352.6080108007954,0.27781061654343375
340.41057853260094,-0.03680466436946972
340.41057853260094,0.9192825350479552
340.41057853260094,0.12076579973995649
344.2489653780232,0.26719226531190543
347.9536117121826,-0.22688605838845888
362.091048419204,0.541777997014151
365.0199804578911,-0.018524088475487588
363.6270196923091,-0.15174852937809646
326.4556051252621,-0.5519421827502811
320.7826908069366,0.0828397808045338
302.7378991355886,-0.44802982526834967
302.7378991355886,0.1664841631697982
315.9181222422144,-0.1039886719261176
341.9715885875953,0.09410042152387632
341.9715885875953,0.1829378223429785
346.9758646747535,0.2945808771960401
363.65353855411064,0.2634480538582693
333.983779538322,-0.03221236668309757
335.0295928524561,-0.19280805830419467
341.0508036375894,-0.11343337764105854
327.42620246760737,-0.14318090594690602
326.47405523496263,-0.2433567967725594
322.4070268078781,-0.02051771682749859
336.537592144737,0.660545100726722
321.05083638864136,-0.5443897995955922
365.0021717098484,0.35426290622012857
363.18037437003306,0.25608869020197744
347.80779764707626,-0.31191555260124915
347.80779764707626,0.3229086203012912
342.1684802895156,-0.10277581860259488
342.1684802895156,0.6347515543120608
350.8064414304332,0.1280852970998012
369.7226065296154,0.16123784512842576
349.16037096734834,0.14086051032643354
349.16037096734834,0.14813837847771083
349.16037096734834,0.1873796108058059
326.77805082341064,-0.43290628712748
335.19553095675917,0.20064964834216426
330.661520145711,-0.04541839026899197
339.27308971135653,0.04592948032086497
328.7918816391476,0.24031360273920654
337.1390185785364,0.15760822047764123
339.5543029425972,0.47092113665439683
309.37854495080506,-0.3389138748568712
373.43186121358804,0.6703567928086613
360.51202089150837,-0.01848310982654766
337.0088443071447,-0.16859345763441524
358.27962591940997,0.25628683848367473
359.80973075360293,0.37010997203537954
375.20407803962183,0.0355471260018021
398.36140028823615,0.17118300533672937
370.676863719782,-0.20576824362478874
372.3332251721786,-0.032417795578908226
356.69352559489226,-0.1398677533151158
335.73370962516344,-0.2692272976651111
357.52501608745905,0.35214318366217867
365.9980315633763,0.292939216814716
342.0348583141737,-0.22054647072332045
342.0348583141737,0.507347716439881
360.8931327725985,-0.03971356044462482
345.1621302855665,-0.258411761958655
355.29790740635815,-0.001928024934500172
355.29790740635815,0.5570260801080167
377.2757069495808,0.2327492835652265
356.82520112570626,-0.23910744792829064
339.7173168408006,-0.08047836650530371
350.62465154872797,0.22119809314972372
369.74109170380495,0.23999775972663429
369.74109170380495,0.15804459206981392
367.1817253583519,-0.2721803377461356
361.91850538397614,-0.2847230482160512
334.02809402000076,-0.1974922069399554
334.02809402000076,0.4760528409941571
351.58710991507917,0.8070536946452194
304.2887277176988,-0.5916488814486911
357.1683155004358,0.49160672462039656
337.37372225978555,-0.16857829730463436
309.70428098504425,-0.24577499913425527
318.4628951273808,-0.11851192977087521
310.1671079896426,0.09203738439259723
310.1671079896426,0.5480773256497287
310.1671079896426,0.3070939355620794
318.4711190724428,0.3735613322894551
338.8410627221181,0.10425067000835497
338.70324706266206,-0.15233337048573503
358.05298180638715,0.05573269537796932
357.25883086269846,-0.13636445408189957
354.9378297316734,0.099544148203222
352.422849222506,-0.1737357826373227
352.422849222506,0.26675890178034933
367.9222940976806,0.16460707264570829
359.41332269261477,0.27432378480057196
371.91996774215653,0.026653390343653882
336.7255838456689,-0.5858059256050865
350.69502850911266,0.1005919701806306
350.69502850911266,0.32009503077472345
361.29365487425633,0.10663162744663168
317.8158531184465,-0.1308590916249841
334.68135917966,0.36983431741180084
363.1104370957457,0.48692273628194016
339.03997930144607,-0.23808283130085783
345.92516580225043,0.01573709837498427
317.451496219882,-0.050663047475609346
344.84519781739243,0.38526300994635676
344.24759090507376,-0.25670476684217647
355.18858637636583,0.573052368743447
348.42148679248197,-0.35162697330747505
332.890893973175,-0.5054137504851042
335.8035282253477,0.338000886447162
335.8035282253477,0.6116119663382733
337.9863416127452,0.39291083616092237
362.06867718746975,0.3092583463965184
362.06867718746975,0.08028881114137221
349.8328599296165,-0.31554398259822847
341.5303843562493,-0.08468560266987879
341.15983428449664,-0.020392705984704662
339.6805030222219,-0.19040404041516013
335.7253742537928,-0.11644821597678856
335.7253742537928,0.4296888280791791
348.3858146579898,0.3429131784675974
331.12520123886424,-0.2765832038599001
340.8990918429543,0.152415280119385
358.8965496151813,0.2342532608397505
358.8965496151813,0.24757395282995276
364.60251039639945,0.3091615262293317
359.06547492237564,0.023464987358806866
333.49837299710913,-0.7154847080319087
323.16041702757184,-0.12930399646336355
323.16041702757184,0.4866459480438152
345.4655853451302,0.5210290508472326
321.20715263135537,-0.2516140462386147
321.20715263135537,0.38232500958190485
321.20715263135537,0.4407532891983692
342.6927726978,0.035577973500608095
342.6927726978,0.34230228845899546
338.7681681025336,-0.011633703349843927
369.92975474860145,0.11609753005643597
357.1459258356291,-0.2067422984566747
382.3819376994923,0.0027452255129674086
358.8690434139521,-0.27332106450080573
355.2427073608702,0.11143268887394697
345.2033512695568,0.2710485530965343
354.66070776913773,-0.21829322249641336
367.49335807445283,0.342498388705053
361.09693099030983,-0.12289020613457069
357.75875507823986,-0.22663409463109474
394.2418848045498,0.46866622096899846
387.7939495550446,-0.33344000288502684
348.02483175626253,-0.423446241871261
336.7557336385694,0.08921896684523745
351.1733160261085,0.1813493619753217
348.342686191183,0.6631716473407323
329.04049231861467,-0.7373452424342304
367.8932267207661,0.6640514204411829
375.24305412081253,-0.027334270905043923
336.3729901284215,-0.42834265164162844
354.25816171399055,0.3263774179540633
328.8538996293609,-0.2579966217402898
352.16800172571766,-0.01156310369287894
348.7680866799732,0.14696342390766404
371.5390696531665,0.3769041830394144
342.5912245160296,-0.4428691850721407
325.43683338910876,-0.030785253993371953
326.3765642287809,-0.1123028543743203
320.69457509502854,-0.12515390492012557
316.4398607914519,0.09572002607876584
334.77895285062266,0.23961161827696742
319.9878152378145,-0.024166499695411403
338.158033349606,0.07174195344612144
296.66578997440325,-0.7084040146165762
296.66578997440325,0.41787290797776677
296.66578997440325,0.859694966973052
296.66578997440325,0.5712371596566754
296.66578997440325,0.7595547787761916
300.22015099874295,0.09698116365041187
300.22015099874295,0.5911665300919822
344.8846502238252,0.6732301445252915
332.3978146858857,0.17374464340241502
321.75566820072567,-0.3349243436986171
347.99896499214645,0.08993261649402484
382.5671328399006,0.3155012364527465
365.2923128103347,-0.34372022340357944
379.802552041448,0.1952403828356637
379.802552041448,0.357802937606607
355.2404522300717,0.047878529783361046
367.9148965387873,0.10913540853300674
381.13509382428794,-0.03783200385009877
349.8860422088335,-0.3443175221163983
364.6329849246401,-0.11668061297973509
364.6329849246401,0.5476251999201622
364.6329849246401,0.24043142322511812
379.1119427694682,0.5304491741421771
353.613944464872,-0.6777453193994916
363.55195282926354,0.0013622473435361826
355.7588210608609,-0.27465257856601966
363.19376881762975,-0.057439016516468655
361.7735563743089,-0.11365722257244215
346.30105985349326,0.0019962125104484585
337.446505410412,0.25052946161315504
316.9606393616158,-0.1950080347766061
332.8712918913272,-0.2519648187924304
358.23987146181827,0.351561136501914
338.98375558045575,0.12037441019083417
330.90827140299467,-0.03313544703007665
330.90827140299467,0.20192091135095325
344.9193079398651,0.04050853727471804
326.32445271926815,-0.08652844590199038
339.00206992846495,0.20584018636884593
319.8929047119796,-0.28630470266557495
304.6246825868658,-0.24613029227384686
311.45109760486235,0.04067291582009602
331.3971555411436,0.3192294674513505
329.9238120864701,-0.0010287886293554038
332.2142651211205,0.0765381061255539
347.0674086768617,-0.08363877607962422
314.65407692234055,-0.47629733371945804
338.82515486884813,0.28122154120057985
345.31108303642003,0.09093378728096013
360.91752144459576,0.24726320155809844
359.0282350618917,-0.2396028636946994
317.7267033498979,-0.36247861415699845
348.0230180400382,0.45582109276506344
330.1036641464628,-0.4464562570790349
311.9091143856038,-0.12785896732589208
311.9091143856038,0.2624495765087431
311.7103874272114,-0.05751605663283499
336.2615915770809,0.3932514051520002
327.62552168776335,0.07273120051263504
328.1620700533809,-0.01822728620277303
311.4316956202909,0.10637850647231062
300.39243691401333,-0.04295755481109609
321.8388240874412,0.1829413363994945
346.19076485526847,-0.1816763905744665
346.19076485526847,0.5819950399609297
387.442873686671,0.5818166328842835
350.07997978146426,-0.5968509360361622
383.1626975871413,0.27078331121083465
419.134768974452,0.7159343408857239
397.1460400514537,-0.10208783559198764
402.15747326826045,0.06483857959722172
373.1999271927683,-0.4739291077460166
330.8277088232375,-0.14341183203839591
330.8277088232375,0.2943725835220903
324.13645337172994,-0.12904680934047974
345.2594806806207,0.1911036396070358
353.99447725413876,0.15749870402169108
327.1269954054865,-0.2788090579870186
305.3827669010275,-0.3821405153771593
336.8708665008739,0.44600096185672555
375.281987348,0.3904706014423027
335.4633560973304,-0.6218979071179547
308.7860554190003,-0.6468382003708939
332.8998927345248,0.8102625634469405
333.269503752914,-0.030829811866851742
333.269503752914,0.3619743039523655
357.92484244997604,0.290213687079131
318.03201562730726,-0.4954364096709014
334.73202039733087,0.2246838603764445
294.5456537814326,-0.5116560641708929
334.31831882775134,0.1538752354413191
318.25356485209966,0.04747994557885704
294.81402979677966,-0.36740583273285665
306.40479924521014,0.5090940862017987
325.74701691197913,0.44393833299886865
370.0857966987826,0.1527748555627113
374.9107150841874,-0.1922047705827481
358.39703373150655,0.016497426186106168
321.1886354788986,-0.37157309043607256
324.49588646581907,0.40020797211946046
344.8204532135179,-0.20804865033699116
325.5040713947252,-0.7052892244507802
321.8435382643067,0.1424067748773723
336.00068152626,0.31942569349814676
336.00068152626,0.2744302961101539
336.00068152626,0.26173626747936396
336.00068152626,0.2394353050386826
336.00068152626,0.32477575403356695
342.96955232169074,0.3230282708645973
355.8664463541067,0.011977790077594364
350.1972787016937,0.005726589087657885
344.18788345769855,0.16376035250902987
360.9829311255712,0.07897486852982638
325.6910079506872,-0.22701550055614916
349.0605693671002,0.005072532324675194
369.4449533490436,0.3009361666350969
367.96050684490547,-0.2868524819361937
331.350303658014,-0.5698544411679904
367.183405546735,0.3600239819587614
379.3477728202744,0.3165303641595756
369.3341856401242,-0.3428475619884921
352.25210240154314,-0.3121141013579063
344.14804786414874,-0.3137497350542162
392.86753542335686,0.9036564654257973
347.82532059660747,-0.7806107009397465
358.6070949193638,-0.09758313876648117
364.228906960851,-0.12346487262277606
372.93900367908105,0.24609248870683587
372.93900367908105,0.1336578841728624
357.11042380204066,-0.08582078393214942
357.11042380204066,0.8100020440965636
367.2078984493933,-0.08410906257631723
345.0673159768906,-0.23554487620617692
356.3178113774607,0.2724536517132492
352.6873657334362,-0.17825065088607062
388.3242644533374,0.75518840976315
391.5457515151476,-0.011719906992993856
382.8102032547131,-0.19173495018333142
386.24077605371593,-0.02906757266691784
362.3005342282253,-0.4533428782048077
336.87377936220406,-0.1549934721892896
334.60267657376414,0.010850174513279853
357.04168097400697,0.2788447163507044
331.18061550154124,-0.0589922361398294
346.3926171319405,-0.08178363267393252
324.41221618078293,-0.3698991881871052
324.41221618078293,0.0554446092330636
309.7344608806043,0.23040571335559434
308.24013666564,-0.0669289433413951
303.29650701653134,-0.04508523198194325
313.6959513580323,-0.30783895571232733
328.0521208776952,0.4015977208789536
328.0521208776952,0.37403811600142944
336.9195513804053,0.34209998474727854
339.17816867569707,-0.1262248337006895
343.4295828556784,-0.12779917285104148
378.24898183361375,0.5737593487585855
342.61303795160535,-0.5689661964443076
359.025635440305,0.13684716506486438
365.3385403206431,0.07898613984298208
338.36237886684575,0.13635742927885985
341.20197432375085,-0.11009250464564957
337.88705904804743,0.0756759989405964
337.88705904804743,0.35152433665780336
313.5104367993615,-0.31768111460496584
334.37161911474425,0.11647860815673994
329.2463390746454,-0.034760401273501884
306.87163493290086,-0.16869072160034193
306.87163493290086,0.7959264398724599
360.29146054209446,0.7195889424654069
319.6789367329838,-0.23134687130459497
319.6789367329838,0.34857293622997076
344.94805444408763,0.09688812036438321
353.82393061465604,0.1423390582972388
358.8023997750481,0.2405344384375212
375.6019749106428,-0.2965561396479188
383.39483502163813,0.11963848410982791
383.39483502163813,0.2659681062557411
352.9761257174669,-0.3906885131657418
361.85752499565587,0.4908491199823857
363.958118017054,-0.08466231691784287
370.8673115173661,0.3095267942775308
356.2560302807417,-0.0815192939926419
377.20545583195127,0.12513695705365535
377.20545583195127,0.5041356421374985
399.9357583320524,0.5652193395285394
383.9547154589033,0.008361387754803218
413.1835633748673,0.01589228630132311
360.59097711201866,-0.6260234279206998
357.04435329371154,0.05957872681005938
380.6215718484924,0.43257231957568365
341.19960803725877,-0.5151104887521569
341.4133262444762,-0.033346288129337154
341.4133262444762,0.5653183802062358
351.25299382103555,0.0066428342752260505
323.89014750830677,-0.5414054126132442
347.428247831011,0.5004786449666199
371.53853812328407,0.017593124390828052
379.97570344575763,0.12365949853347047
379.97570344575763,0.2448199826249038
387.2577295727591,-0.46729561005145115
349.1135567054075,-0.42792266471519724
351.72611158848076,0.07055936755853054
352.80964442336864,0.06738849887710785
325.46187277662005,-0.0007651147548131121
368.14345424616306,0.711985352059969
371.1397822632395,-0.4019571840981371
340.7119088708579,-0.405256945083579
340.7119088708579,0.18505538367855934
372.2514166582486,-0.13407747996814123
357.9846350382803,-0.3233487745677621
365.1085743720263,0.6046925812106565
396.4181720193369,0.4905613568316767
335.6459866289296,-0.9087524943616927
346.87716856773636,0.14491646422902704
346.87716856773636,0.6938379871039615
344.16845412127725,-0.09822669167533604
344.16845412127725,0.35339552538039243
344.16845412127725,0.5489507486072398
344.16845412127725,0.18534818693808575
317.66602004387295,-0.5362051187920542
317.66602004387295,0.6893741633527952
317.66602004387295,0.852587489167604
317.66602004387295,0.957564220025688
352.52839642801246,0.6057311856444585
342.9764966429798,-0.1072415721798734
342.9764966429798,0.31492618290735663
334.51385622921885,0.01171497181110226
342.15987809160845,0.3205585024670654
346.905429334682,0.35686441894154086
380.74917570846117,0.533858591907574
359.5006180054979,-0.5933709746478826
352.6059255787597,0.37898461953318474
343.7678562180886,0.07660957787879852
342.19981064145264,0.041940848136619024
321.6132204019338,-0.11323416804577846
316.21941380203873,0.011417354006312053
331.7231057256851,-0.03602598053123529
331.7231057256851,0.08481896189618965
326.63053960808844,-0.019739777253789725
306.1948095419611,-0.1448289578515869
293.2557617806049,0.12613013356008196
293.2557617806049,0.7860359198642755
293.2557617806049,0.5070644971006004
304.9741481972213,0.07000286622565
319.05974961127833,0.17136761639278575
328.2401473642311,0.08564180362600382
343.9156628136336,0.04374350223633883
343.9156628136336,0.5010826977688794
326.662483492744,-0.10059640061103892
339.8925981723487,0.17788762782333833
345.54715396278687,0.22067830307344138
338.7111716282722,0.01912970628131916
336.526385658476,-0.10061969523837888
320.83247638982056,-0.27942309984655367
319.79410404882736,-0.18216072729887856
332.9807065517088,0.11499878178324252
336.9329422519683,0.262032367952429
343.2836230056027,0.18549196018761904
360.94447995235623,0.12098522589144522
336.8194567987432,-0.08967532791098165
346.3944787007595,0.10747777217511612
331.0342594210587,-0.11988606688623804
318.83053477856174,-0.35226325047528917
354.1913912817679,0.41082880331907745
365.6475726735576,-0.01146306561804522
358.3488452817788,0.05546928030184972
356.04338444287276,0.05939075148603479
353.43236068736854,0.2790706538633003
322.3346999651336,-0.2322593240119204
337.6495280936004,-0.07060556686542441
358.15277916258435,0.06005844420917583
330.9295426695645,-0.32951963880111634
330.9295426695645,0.6698864162706286
316.0355779897523,-0.07495666028671621
316.0355779897523,0.4992630177837327
347.22044801087503,0.5266011664776897
344.10332988026335,0.11596850307807927
351.19041479521775,-0.3333084590300359
351.19041479521775,0.3153708989407278
351.19041479521775,0.44705370641145237
350.3654882551115,0.02405434995205269
350.3654882551115,0.16508613472615252
331.52800250115047,-0.23821833499687273
331.52800250115047,0.43539595477022885
317.9851996272418,0.05574022259384037
338.7916883027436,0.23550060141064932
338.7916883027436,0.18517914795188517
338.7916883027436,0.1821155824120524
318.27408124164157,-0.3110156952785701
322.020836228274,0.2882536104441442
322.020836228274,0.18946295313685368
320.0715754698215,-0.02382850582193896
275.5650097269503,-0.6950136811701668
309.83413188454625,0.23941661067226505
304.8487288090801,0.11218672428299215
295.0466666720081,-0.29896295874698353
310.2281057715375,-0.02120628980901529
323.09287536692847,0.3364190792557338
342.48303430164276,0.6834411360038075
374.356184046506,-0.172002860367229
337.8145037634619,-0.2815581220296508
352.38120631922584,-0.23541868043184877
348.0366985669856,0.22679372836000766
357.41334992132073,0.07988319308367409
360.27085953144314,-0.013883123762980176
353.1404308506597,-0.4196026768258889
356.4216079056737,0.01912599407842208
326.8123479432132,-0.09973376919299426
340.87523750716656,-0.14242363639959876
317.82627571492856,0.09638247323448468
327.2058551416559,0.005541547377788447
327.2058551416559,0.5810321047454181
334.06264960434925,-0.056920274160461304
334.06264960434925,0.8661407437559774
327.2095279600281,0.2376905911189624
363.4530829529843,0.07240666132793194
342.4936939111008,0.0275842887286899
327.79760129691556,-0.19013421880049464
327.79760129691556,0.35796139773026425
360.56028340739374,0.593641658604497
372.1932809450268,0.7316376977182699
342.1289606170798,-0.686079663624696
375.40635051978006,0.31515513718431976
351.25102180978445,-0.36329040058751616
351.25102180978445,0.5456758154410863
370.91622256910176,0.6367569678345717
364.9899744545402,-0.3432301662141981
368.46354520032787,0.06064132281642287
349.32577565985787,-0.261946242141903
385.5413705950543,0.493860294334695
373.9581187209214,-0.4513094310750603
373.324769827579,0.1092295144601394
367.3130099319074,0.23361148659375885
377.27485542780767,0.16380549489952045
356.87521674333067,-0.6242383860876544
346.8685514200361,0.03612396760172487
346.8685514200361,0.3290046704341876
355.7550272127224,0.08671572543380535
393.58931317158385,0.6226711722989648
390.40427060325237,-0.5227349737492659
386.2301356445659,0.21048295104196768
374.46283873079255,-0.22233908622683884
376.2305079556936,0.17276772593072565
361.30195111626955,-0.39805690259504445
379.0012912788372,0.2824438251417405
348.3567604910799,-0.39999059952151583
355.3319375788395,0.07132742910425804
367.9355418547349,0.2707488837133951
350.642622072337,-0.1815197884209283
297.691323836595,-0.4774214594085606
356.92941509056004,0.5420867391292177
380.14899191428196,0.2770933210729254
389.834670378283,0.08846742561456722
372.91028195076206,-0.14415925605976554
381.7437185968821,0.2033607319078783
376.51651696834153,-0.19825226763634873
376.51651696834153,0.5250374203150159
404.12846729245445,0.43474000575417904
354.00377748564733,-0.3018742941004575
386.9314242334467,0.06292198261598969
364.618356823021,0.0009116883960587074
378.8713857344162,0.19015685449221564
391.7095080931212,0.01946656560323845
386.60462834005057,-0.04314535611865722
386.01860416435557,0.04446993179249148
381.33512867941204,-0.146516314310702
380.4444124652042,-0.1275808005863155
380.4444124652042,0.12229745437275596
361.05219330181393,-0.12844713284232512
313.6116582853886,-0.48005335043251307
345.8992725619831,0.3392921393441384
336.3291345236871,-0.07305412567552594
401.29956265670523,0.8946008508391969
399.737083311916,-0.30315866934643054
418.0171226085953,0.6212663062754018
389.365927946506,-0.16513052415677976
390.03899638410684,-0.12006721219563588
366.44143648035356,-0.3146236184547888
352.38145083403776,-0.3988051535516206
352.38145083403776,0.15203495953869606
352.52860454481896,-0.04780963234736646
353.46302060638527,-0.07957909418087183
348.69147035661535,0.247262781154177
358.35642417482603,-0.14851172002477142
356.71718476187175,0.10123378330206378
362.22186579500664,-0.09124208700063718
368.9977401424964,0.07234249230771184
364.9560595924704,-0.10792938432257415
364.9560595924704,0.2926705276204302
362.6965880065101,-0.05163371993785404
352.64794694730466,0.007661402538587936
350.78516173410947,0.19615777802403045
344.00877939191736,-0.28704729764331205
360.6810825185904,0.07511377705270661
357.6354260949113,0.0719080198739448
355.45391287871735,0.1866364858308316
329.87012049817815,-0.44541314081880046
351.85930919295754,0.01777695777855115
351.85930919295754,0.2565739207767592
346.4022569177441,0.264182121019644
346.4022569177441,0.3780981006221964
346.4022569177441,0.5654382160192881
346.4022569177441,0.2217032392713918
338.55316921856576,-0.0825649439392464
338.55316921856576,0.3181475758153738
357.1125225627372,0.26212083843824985
351.9696578421312,0.1729997492466282
356.1044075587531,-0.25576850433560594
316.5013649198799,-0.49900540177191033
329.0776157325447,0.4893348232695871
340.84777659486116,0.03164888740184324
351.262453381469,0.04789845889717981
352.63022812949634,-0.10499198457659986
387.9001697635465,0.11977210432519314
397.5729741532028,0.24908747736765235
404.91891665448014,0.23980274308814842
374.20397965735225,-0.29416339210661135
358.6456130891518,0.05319670249969022
358.6456130891518,0.29894914036424325
335.19576556156807,-0.35524956520202977
354.8573135343181,0.21508950392853876
355.3196534753276,-0.31738953723686336
355.3196534753276,0.036516061548127254
368.2480411219868,0.17837865938554387
354.533733157695,-0.2782590311721833
343.04381609673675,0.25037313688005725
354.7442188058128,0.26900232172158667
354.5905962718086,0.07933904186018026
317.88022634796795,-0.49896779020446047
324.1698144364704,0.211033004095043
301.91936576326697,-0.5512870238558207
340.52193631317573,0.639188773493288
336.0381216179931,-0.14536751950777216
336.0381216179931,0.38961825045885234
336.0381216179931,0.21417888514110928
352.48110591174174,-0.1498317447168347
315.0377150629188,-0.5015150832359723
334.41706978853733,0.09288191112420918
336.5648039025221,-0.11641398642825607
348.39304990515194,0.1542363300170564
345.76849329460754,0.1742137777514472
362.1095741898703,-0.2831987154863782
356.07250737799274,0.3478482108616845
385.73641560538715,0.2380809528719965
383.8115276237547,0.09879195947132757
316.08597983584417,-1.1214777555370574
328.00513954675745,0.3022226584812415
328.00513954675745,0.3571616375836584
345.0057560874876,0.22383829740022065
345.0057560874876,0.5407556691408217
360.16176367208834,0.2419869021746308
360.16176367208834,0.298994010622323
360.16176367208834,0.2564860990997886
331.47153529836027,-0.08898975275849352
335.65121129874245,-0.1248974215011458
343.6895033057693,-0.10492979917171397
346.45139909137504,0.16341070007808867
362.28058203561653,0.2476576506338688
334.9612197806707,-0.24966478867725073
344.7795535632063,0.3908610079711252
362.2007051164997,0.06182897060796222
388.8324391747158,0.45650072265300423
385.85771000470265,-0.1356310486652319
358.3092106375293,0.06876301098043314
362.4645489309739,0.16339240209981654
344.42964297304735,-0.04283251799847676
345.7985004823608,0.003301404350395387
365.4254703704083,-0.053795902347019364
352.7796830183561,0.1830579643847159
331.2318178387983,-0.5031429618782113
344.2445881260404,0.0144211412613231
344.7676409635216,-0.040102930345369714
358.21073536522874,0.048407861422333553
390.2018709854896,0.35492132755177863
364.93347089580175,-0.21046800485521544
360.7645397425811,-0.31978637565566714
342.9105078694973,0.07428149275528995
304.5713940886957,-0.6185114675255363
335.93089736451356,0.2123447066709332
350.6855401496668,0.004030411007761359
334.4624999726736,0.2030737465064476
355.6773593296855,0.16312623721864838
370.7353513121211,0.045901195949682005
365.9140575264419,-0.043058736914986184
354.9577434606999,-0.45613096835836586
343.6908149524131,0.058868258473466994
351.8130020107887,0.12719363285521013
380.07905981919185,-0.003843611734737351
349.5759800414273,0.1862364155931573
341.3816784906025,-0.5392612538760204
340.68526661457383,0.0543477984066385
351.43116892842977,-0.28537779745681746
351.43116892842977,0.6981889970764996
385.958415586116,0.6838802297672828
335.34389408903735,-0.5361127818594014
351.53664706538075,0.06317864915217797
382.4371003769978,0.6168813955515589
397.91762926190466,-0.06509237290515557
352.84341240408816,-0.6574902130344071
353.05913157094335,-0.18597163389006255
361.90000880041083,-0.13109629863095051
368.55364285062257,0.2569885514062662
327.9211067563304,-0.8996043744911049
365.9092151796082,0.47343998348446803
353.2973345145838,0.07885927556424122
342.3513093608621,-0.051349975174161955
334.8784192697659,0.06114196217583867
310.48908228604006,-0.5122482696198176
352.47009315807907,0.34798967367453315
350.49097025010445,-0.02452420878603334
351.5138047363306,0.24465272544182426
332.0066994621341,-0.29985605780939295
332.0066994621341,0.2553826626094633
326.5199149040852,-0.33031193094018363
320.55959975841785,0.09713842083795043
320.55959975841785,0.47694117945115977
335.91940524613307,0.5271696400557175
334.9222409902534,-0.11778714356933051
309.2557784834321,-0.39716696911114013
290.9393373714269,-0.3256715727848132
279.37322205163247,0.08379130568130222
272.5984437742125,-0.14620202938226612
307.940555615366,0.844339476637515
319.6911546977129,0.04185548584018761
336.657902163352,-0.15145606208272966
323.45075573543465,-0.3041369495042545
323.45075573543465,0.4859819231634219
315.2651210183853,0.02222869751028611
315.2651210183853,0.6359416356881411
315.7662255296936,0.13691927586728525
339.8837473716353,-0.03706192448692036
334.66326672719407,0.43482633426981465
332.0523599625673,-0.0865612865637786
373.3049355811506,0.3865585495141204
379.5976516710822,-0.126256094058931
360.527909179503,-0.25510124399465894
354.0068771459622,0.09548664355338587
336.73912956280276,-0.2401977673625879
344.3794771863679,0.4962162001231718
364.8682607831592,0.2144534170853376
346.3453040374581,-0.15102696570886565
387.61938453686395,0.6056459727600441
401.42265543336384,0.3415145464188072
370.7724842789571,-0.3784843103927642
378.69029157990263,-0.006161969852996663
387.74734099288014,-0.1389478370820143
383.6807101839769,0.2121566919918223
378.94407813742697,0.31561952781316904
339.89622367699207,-0.3482164167114661
350.0443397177828,-0.14420429776214405
350.0443397177828,0.39741273322329107
301.0646552691478,-0.5300542794176408
301.0646552691478,0.2109059641272779
339.66228161764224,0.15976655518852567
374.69044244870395,0.2005522062736418
328.2451512286826,-0.5477106374158893
328.2451512286826,0.8762925301078894
319.92313422059925,-0.17624592622041746
322.3616283394771,0.19638945994836376
304.64681119850974,-0.49901705933223184
304.64681119850974,0.495462543291751
290.9790720464573,0.33427088609698785
295.0796308989558,-0.03346445724776004
329.4300461914548,0.28439270906483216
329.4300461914548,0.07732546703323351
350.42272801907217,0.07207358908681272
326.7562188149873,-0.3041106686534931
326.7562188149873,0.7029491466216768
326.7562188149873,0.4658110202332182
339.9552134895721,0.2907202738505248
339.9552134895721,0.7080564021318878
314.5541269160221,0.3723331116580084
325.7578590905982,0.033975168079905416
309.66597296451454,-0.6391095020618422
334.682488565101,-0.16978250920851679
370.82508878212246,0.6720918780439433
342.551225291284,-0.3099871698670995
343.8459849805095,-0.2017157550264983
373.1476153499719,0.4143200706346306
373.0430116099392,0.08089569096364357
351.9516525978454,-0.6204265207570643
331.62048706490947,0.059562611285741696
364.46536384762896,0.20939330872693063
366.1576044922716,0.30861015423647586
352.06548914049176,-0.037918143243814484
349.11787396581315,-0.17072778466456384
363.19483726470514,0.21838810332405956
376.56197048453697,0.5667786089069295
366.77902068485264,-0.47152321434987243
358.13936781611864,-0.2055946971402136
376.7321263227612,0.46995308226439647
397.80266352216773,0.1398527818819275
364.28154799931747,-0.5984023790234687
392.82532589456537,0.2362469632680586
364.89101541262374,-0.2701020429445862
352.8509143797709,0.022688597925366594
382.04887902966595,0.6121839537516962
382.04887902966595,0.03215580041876365
346.1297065539557,-0.8646123228357965
357.2830755843619,-0.020140999850923436
375.26854131332306,0.1427940817295621
352.09949670588344,-0.056042185443175185
352.09949670588344,0.3739818594364124
354.02659134780055,-0.1899605149881154
354.02659134780055,0.6597498993173758
353.9098040374057,0.04026965540913352
361.76595408756833,-0.06144068656226409
332.6622264138618,-0.13243085929138942
351.51015061225837,-0.09692655402739092
363.9032401687109,0.17617679433828926
341.90963985012826,-0.08171224650027398
329.3203475609539,-0.444898760383694
327.46573857865036,0.617413315319709
341.38078530653434,0.3854857312069271
325.28858197909983,-0.028908194015002664
310.68300032818416,-0.6962260776562061
330.8477736971659,0.40472257819033075
354.0111218630248,0.3449678806400698
325.2039610100256,-0.3881577065226338
347.79404996083184,0.21333904222365163
379.9136521919174,0.2701519893727209
367.23535684703774,-0.46775969173609155
360.9431409479556,-0.18545845009532513
348.3133441896519,0.017897343511322106
344.48599826116,-0.4879125374520754
336.0645575289024,-0.2574804894779845
356.52688176990534,0.45312997389555676
353.3678132123744,0.09476982431692704
335.3265423217712,-0.26097910901103205
347.3429246299273,0.14011906143241504
357.73061313577773,-0.1015217818852534
330.1468540732396,-0.5960171270066894
352.05602953685275,0.46026020675162727
352.05602953685275,0.34013140161744104
352.05602953685275,0.379220133018066
360.68898808800424,0.08526974772519225
341.64868852139807,-0.17186062857342677
386.90416789521754,0.3553901171285361
407.3332494104047,0.5578125137794814
383.5637605653638,-0.6863531097101259
373.5145496783497,0.07416107100425506
361.4456156213141,-0.12295797951753684
346.13682549894816,-0.3037835751571265
332.04076057836687,-0.03915560112363892
376.15503330574376,0.46287280418653154
350.8917928770423,-0.33110829611268855
349.97940197601906,0.2998939474246072
310.6814910706384,-0.5492714685620967
326.5754520545935,0.5111798275680712
344.7504980087767,0.15508732281568882
342.5427335100002,-0.10086733063610609
359.2920187356263,0.051730860219322494
354.0886082028651,0.16135238615947856
354.0886082028651,0.5078348534142378
339.4393724123374,-0.008008985580204353
356.6747226026061,-0.10767419203511963
366.14838914244194,0.032482415815138665
382.08588941764754,0.36003917847676803
382.08588941764754,0.2775757427117469
353.2350657004142,-0.2794379493989254
375.0984494806911,0.39718937463817383
382.48296238898797,-0.011690484135215229
380.9442521038611,-0.26393606526323765
394.73295572667985,0.12791994292649633
390.4378635612441,0.0012839803614497214
369.07579267471056,0.25082562427360244
369.07579267471056,0.16253423423700042
383.0488466831289,-0.04237647005072631
372.55352237070014,-0.3368208716148047
354.5026032450831,-0.0176707772136524
326.04878771208826,-0.18635230788754598
345.61896518261716,-0.18722887959688705
345.61896518261716,0.342823044299962
337.8433375978017,0.040244620906150885
337.8433375978017,0.6985245659531074
348.07793751645534,0.3364269161528455
340.1619838879044,-0.18648658160759624
351.7790410518122,-0.1872941743024512
342.3459435034244,-0.11571758902903184
372.6860608043567,0.5876361503534326
359.09429143341464,-0.3610512871808851
359.09429143341464,0.5195823893507168
368.05886926366065,0.662964198827467
361.8869511681592,-0.03396546426210989
331.31575192506017,-0.34598338051637256
357.8904112459292,0.3898407619062709
365.5802034059868,-0.07647727499818302
367.1995779677372,-0.15816518552253456
374.58157856478704,0.34586665075937617
382.35917410615656,0.05470920588948047
376.4222114688863,-0.16097197903877714
348.82292139690713,-0.16078894893337292
346.81083764400364,-0.35658374507590906
318.45722660338583,-0.38188912854400314
347.1839833670738,0.4819794342103023
363.229074774063,-0.18487162724159134
352.53547658162114,-0.02089390222829479
357.03170492319066,0.04318580738231503
357.03170492319066,0.2480908539239408
344.56995429747803,-0.010676667255211214
343.0403777966305,-0.4904703087197504
337.34604417040714,0.1712025369171215
321.95667053271853,0.03677251930162129
336.90804548336484,0.31007215255817755
324.7287611051294,-0.11801290155813149
306.15771241767203,-0.23285152777930307
329.0729103498068,0.21525402217844203
329.0729103498068,0.37545817827412975
348.78226614738816,-0.10101674303575692
348.78226614738816,0.15177048010184535
348.78226614738816,0.35276654214396785
359.08639189660516,0.11712179251776433
353.828507799969,-0.13617718147179403
342.1002036812321,-0.3712577570361191
310.10984929153096,0.11719498374918658
319.6684334424069,-0.06755263093486974
325.1953372841799,-0.05996278009877187
318.0211708578087,0.009231793941808064
336.4449626929779,0.1131112316859344
348.52582295001696,0.22305486926802587
345.7865826943828,0.2468472310033576
351.28099146806386,-0.23217701730936824
355.46449339496377,0.3331836338264793
347.8796420881477,-0.27468649690763414
367.8453579797241,0.05805150595995201
365.56500173652654,-0.1253478874762095
337.5257998771911,-0.3236809434491761
342.3775548898391,0.23137474046473017
358.20341475877456,-0.1625707878835101
354.4727177760655,0.2796252037484237
340.8293855315508,-0.19931834027715922
310.4668020806747,0.13265742214707643
307.8981934957991,-0.5278632378522161
307.8981934957991,1.4232598384816129
323.3701619306334,0.05760730166934991
318.9436941072035,0.1537403236713999
318.9436941072035,0.47163353707492206
340.5455036710303,-0.07017963686848816
340.5455036710303,0.5971840905713179
328.9907401461051,0.03249835640394849
328.9907401461051,0.3180179977470061
334.5680172494388,-0.07068823819338377
354.4385743275206,-0.015871716579795248
327.55951299631465,-0.13634945689818778
322.438495517403,0.19657673458061709
309.94852810946014,-0.27599950061983236
329.90688283718555,0.2795739759809521
362.6863388880428,0.41625903113106233
335.9075856896043,0.19049846064763187
346.65683078882967,0.2763288387857301
346.5952668654042,-0.24375333725254222
346.5952668654042,0.28719257208115323
386.20175503166246,0.2206968767343369
382.12840805239296,0.38648203727109376
338.07949835275895,-0.3765991153680943
370.00872838703026,0.45354568900802406
379.0063468840355,0.08549036629824514
378.90348068892695,-0.29213146425865943
357.13937819914275,0.09350399799359366
327.07231982774636,-0.2799156077575162
348.3133771844027,0.32158934367953407
325.31794187275773,-0.2496840708450918
346.42717311161465,0.1023262308806352
356.10158263051056,0.38059344635564685
350.0628160143304,-0.019814365658703537
344.11997453919383,0.2966229337416735
330.4091014043426,0.00772526398361606
351.8895995712446,-0.15519897393392057
361.50628644450813,-0.002656705485378552
361.50628644450813,0.3558662052929549
349.825353695229,-0.03490087321642932
325.66965692862533,-0.07987582313592156
325.66965692862533,0.23653798716986785
303.2156068974005,-0.1612636555255449
343.05828673598154,0.40584681961854585
338.71713343803094,0.010828013085983912
294.69391324545165,-0.4830787465597268
304.69186709921394,0.2410844413285531
311.2556507523568,0.18899142717691575
339.72900443967103,0.13529581964155568
354.2117341338473,-0.048522416550554226
357.8932540425644,-0.01999844311887955
349.746935564049,0.18270667267745466
331.2512561651676,-0.25895805291179386
311.6951089664852,-0.18633771976806202
311.6951089664852,0.17419064384614558
347.4871462799556,0.1963594284179635
343.0705160069233,0.12709085067706383
346.77026524450724,0.06539706347530228
340.01799387772155,-0.11426975361723635
340.01799387772155,0.3906183931535452
341.26501272106526,0.14666617930583925
341.26501272106526,0.3058327107514742
327.25807805608895,-0.14667013816210783
321.71126571870985,-0.07233929481321866
332.39938156007076,0.03798582485978841
332.39938156007076,0.14616719017271862
364.39360936307435,-0.16666334918477332
373.14892378820707,0.06420874447996994
352.3451852640298,-0.10699023091410709
341.076297099441,-0.08599585622528139
346.5781369778195,0.07457121808863576
356.9250541744281,0.27139250932555115
333.3896359582312,-0.3772147394786316
361.07274926010246,0.556019179711825
361.07274926010246,0.5673600452726077
369.34382777541305,-0.17526686379983403
335.5861708975374,-0.26635682738424293
359.18063828332856,-0.05510598790169752
384.49619050548284,0.48891616694118056
361.12983245465193,-0.1340857099905861
352.0736759440976,0.15194693303260465
342.55535534655525,-0.3909233022322951
317.6995338747261,-0.32200720456467025
370.10218458387413,0.35465112025462986
352.6367351440609,0.1056627216155448
356.53006197848345,-0.35268402703002266
331.7128054882179,-0.04576689963710123
365.90988133932217,0.6050872633221616
375.1103822474948,0.07608682491354557
362.73417721652106,-0.21338372614320633
357.69777874481224,-0.5499809705868302
351.3648377992821,-0.007335690947115836
334.8850084372699,-0.14779293476715338
300.88954293883427,-0.5151020472891332
341.95388169182394,0.3005153358528787
355.4116924627079,-0.014528373394568916
333.59926268795147,0.03135052687082407
388.653661634258,0.9827669195527733
357.96198013575525,-0.38813881085741286
330.6268881768337,-0.3080065027497767
347.63184092738817,0.014576511437212503
362.0353637294789,0.09297707871883176
329.9165421477854,0.06910251828753644
322.94226329922316,-0.4310653632096546
360.3546916561778,0.5734464768627276
366.0117654357921,-0.03353193327382087
345.0233451777387,-0.2694013225330991
357.88120630789456,0.12519058911880165
352.42357194795,-0.05118457695937195
339.1043677662208,-0.34616967928161557
339.1043677662208,0.555157066997026
350.2335754687023,0.02628976319647336
360.20634749128504,0.21445518798759622
364.31882397541284,0.10092884796517865
361.42409878157997,-0.06912190403272689
340.82047730745563,-0.10241396315541351
349.83383699871655,-0.007780445213938947
337.3329734842664,-0.07681833351171008
348.5990556836326,0.0013853137953674377
370.1761500120931,0.18607113093253247
359.97476139696545,0.07548207522199846
359.97476139696545,0.01532166768015486
349.85498438818775,-0.5302056086850371
349.85498438818775,0.3029934003127437
325.27111213674084,-0.027978723290516427
336.29926393050664,0.2901452856885953
371.23665863315455,-0.17362911108580192
362.91873407785266,0.09032398949693743
348.62717721217257,0.024739625675692878
363.320501349704,0.41289947451969056
344.67294301211575,-0.17849346575962954
344.67294301211575,0.44510964893788696
356.58587552248525,0.014821350146007717
351.78898699792626,-0.26109912463834917
351.78898699792626,0.39817429903996526
351.78898699792626,0.38232242117157966
351.78898699792626,0.30158519957899443
370.0312321657552,0.381781164689869
352.73832009685543,-0.5010034259480562
372.41967065483567,0.28672675478776455
359.02554405740017,0.09200010522295088
323.62419062842014,-0.5132864650248621
342.92349031394326,0.19754158260025179
340.01389020015205,0.23074943260849068
349.34374154455287,0.06570192159210819
342.3570756281965,-0.210952428737869
347.88044609457285,0.25612958153976706
321.77874492174294,-0.26593187086200487
312.3351740856811,0.14610215566153784
335.20309922580793,0.4169529802594525
341.7771741463144,-0.10770421015797638
352.85258830769203,0.3106309568471488
316.28085581260893,-0.6834701099927543
316.28085581260893,0.34127839494829004
325.9935441211675,0.24754173696726411
342.99079754059375,0.3679744431308336
332.7644393539179,-0.01669780929296394
324.4994293054808,-0.014870983928176429
334.13867444487914,0.05169280867789894
340.4048519400169,-0.019152901931079214
358.77351263312994,0.42990377888315834
368.37773157710103,0.40922438373081604
375.02601947538744,-0.20107168946765341
362.52970228904894,-0.02980815870250808
383.2684572027068,0.21976094114302214
364.3191562532512,-0.13941301913439474
385.25594431051707,-0.017867511781901158
335.3845216805066,-0.5817377955654592
360.2841627940701,0.1777533175240933
347.07481267480097,-0.12666722623316673
369.3254488284639,0.0088512320018026
381.30219865961465,-0.1270446463022381
376.25135084275416,0.06967195251638714
364.7834116847094,-0.0805130710150479
378.8291802734091,0.13615528176592306
379.72459818466194,-0.026916728745732144
384.7387199892589,0.4338152798832198
356.2863184944438,-0.22689792193898484
372.58707767232374,0.014368629604064154
343.64227401532463,-0.4378456572765117
347.47707712880185,-0.07296867531692897
321.6054743239235,-0.1652014091066576
338.1703783829288,0.12334870452275482
338.1703783829288,0.30745045948265215
334.09161791224125,0.22928902061858025
343.8139586231102,-0.005848517748859194
337.1720587297185,0.10244702944112305
323.95168540307253,-0.09601872597011152
341.4798727310794,0.12269024678857932
338.9132299519915,-0.11530617529456322
354.09303820395183,0.003837143162513712
359.27087874664124,0.23961744959478892
359.27087874664124,0.2514794556477682
377.717184137321,0.069617345639017
328.4085233384218,-0.45338566518285006
348.25036839454145,-0.16655203231800897
348.25036839454145,0.4519363011399946
336.35932834266936,-0.0830768237195798
345.2123714595991,0.21233586167852536
359.0320436444967,0.06486572859171247
332.21927000784257,-0.20994575973361407
329.03405143600344,0.028567432001068482
371.28050362882624,0.4025679831643174
361.14575375055205,0.05349785925341166
347.21288950683606,-0.019263957502971607
315.55472548029894,-0.29532411715740636
315.55472548029894,0.28729702861699025
348.5907245750924,0.5295853789031071
340.9453616798004,-0.5137837959944136
355.90880104064655,0.4866216359475857
356.07443830998153,-0.3071623585285579
322.59442491193806,-0.43543436124559776
346.78813122189086,0.4751951068735707
353.3431744794215,-0.14142984947443438
334.99948153774056,-0.3791706769618486
327.1410989860158,-0.10839036650315848
307.3580070410439,-0.05201536353240499
311.276183969,0.36986087415334623
329.8753314445505,0.13662663854438506
329.8753314445505,0.09544266904742926
326.89409880883187,-0.07232643129680127
324.49154044281437,0.02607424926168278
296.99141791580774,-0.026659690749283982
307.3779268553901,-0.28409181990389243
334.2619421362312,0.6116891800260191
363.1042248690191,0.4296512370938217
356.6878233383726,-0.06114953608732776
374.41247804340384,-0.26939325192267916
374.41247804340384,0.4601217530253052
408.8897260543709,0.4698908260645567
380.5725667750497,-0.2933315398685181
361.9762606421125,-0.4445618380639189
378.75128731296127,-0.10009456392299398
328.56152567218163,-0.20138558098119574
333.89793840402194,-0.006790323455447833
326.90771236660225,-0.14849269360638573
315.59376842076176,-0.24610088301039923
285.64559765245997,-0.20396305655060587
302.69465723047443,0.38199326975450276
302.69465723047443,0.17493030841478685
334.7703764734744,0.24421307741295095
330.25010003830704,0.020648416934591296
356.63941230705035,0.07736830133717376
365.0280930757587,-0.05373489208227511
365.0280930757587,0.3357516480355116
372.54618839174026,0.05918842367771049
344.35542092772914,-0.25909366694372693
353.42753230613533,-0.3044851653476144
353.42753230613533,0.5011208285989142
353.42753230613533,0.39161037879387095
353.42753230613533,0.31972539963635427
379.76353917437336,0.03814321415552513
387.62936793216176,0.3001329361967464
370.70415458127445,0.027172735139401993
395.0972215323906,-0.13188458369745604
370.42739946243415,-0.22658847172510832
350.7686931749861,-0.21740254859787456
352.9950847364156,0.11456274236843456
368.1693200696088,0.3660187267236097
378.8478002670058,0.31513022203171204
374.65546877130583,-0.015574964292113691
364.1678715700607,-0.1428305586644001
384.3966913600541,0.47214413029246316
376.4922142138348,-0.1257316896366092
357.2757368820594,-0.3388318298748345
359.78171734099715,-0.253764394215068
340.5001532150631,-0.08374001877155024
349.44205334147637,0.2994992774125649
341.88127050097256,-0.170976053370282
383.75825416436237,0.6985198606635095
348.5439472191388,-0.5488653811335098
391.9400527309306,0.41735260168411514
382.8117948769968,-0.18119789716581636
367.38453373160564,-0.3025342808585947
369.2446588760322,-0.10067166329486099
375.66904320457473,0.0489447374577594
354.8945431088524,-0.5559526531577603
372.5584421150344,0.1263432671140663
357.3024080238736,0.20202825080752973
363.77473137902166,-0.07407015578723986
360.61520378309,0.10219932131894893
335.5908592140749,-0.49748156265275156
369.08784699627995,0.6451634959222474
376.2359129317248,0.07605737065375706
371.1337366659756,-0.2681656037070752
371.2415469119425,-0.07906391080541653
374.5167227497426,0.41863632363856595
331.0421889782947,-0.7523197018235805
362.3862983198157,0.041643321729566196
345.4027303427955,0.1397978164250162
330.75181886490793,-0.4542103420623107
330.75181886490793,0.5747126433770973
342.5618334132984,-0.030144793197678155
355.351175763147,0.3967505245476559
341.7599464255754,-0.12531588621970968
368.25466177202844,0.048469416713260216
343.0237772160003,0.0440399601009176
358.77129696541925,0.2829106434710411
353.51542667625637,0.29624123099927147
298.3822749445751,-0.6907790303060892
298.3822749445751,0.6810199835939557
330.9249444362982,0.6409657447558175
323.35120503123653,-0.23400317273035398
326.9477068418151,0.03975029773403094
346.9364901031359,0.06823967493983218
348.5585255886411,0.02435118798325675
347.9809411861706,-0.19226477001052444
327.10550891509246,-0.3793555331872085
337.04574661372476,0.06664804812112379
339.22876715913264,0.010719003989379416
321.71985004332885,-0.13974489181339322
339.5916817597697,0.1016668625670718
319.08733740945837,-0.2951803228523886
315.56010777657775,0.18569969103612038
319.4381439337796,-0.019996405721485644
350.927311654006,0.5674218764869465
350.927311654006,0.11250020891350232
354.26870752987327,0.023534962305461704
382.54147608185883,0.5017446056775725
355.8102642188156,-0.38843695654168187
373.56663866121164,0.3601406673337806
356.2520170909739,-0.5326396091421657
359.1421898352566,-0.00913447173456916
369.38914710671054,0.23390199809193746
354.36882848186366,0.021145388498212014
318.3082174769527,-0.5641701747849766
330.085194718128,-0.08676382927274062
360.0570556833796,0.45625234889632793
358.7908953332676,0.09309715770564253
353.19299059584813,0.19574427982888665
353.19299059584813,0.17557866010554335
335.76778183832135,-0.2727028247998078
335.76778183832135,0.06556143967418393
337.0621515840632,0.1922377524803096
337.0621515840632,0.31195134825156856
327.78551336361727,-0.17879387881066577
347.1329628222405,0.38762333440899965
332.9470472581595,-0.3049124104114753
332.9470472581595,0.21241824185142377
370.741742369912,0.16818989770763437
376.0816081225712,0.28752849254408375
363.3333951684632,0.022341832777101445
337.70777026859395,0.05582675609139187
384.2492810445778,0.4427584869288239
406.086666772145,0.43170380251331153
385.5911194576353,-0.18056025522332675
365.0604164950049,-0.3266390452909036
395.0092385396415,0.28974518902214186
349.2502251149319,-0.30044288472856806
355.6712065378103,-0.25670080292456987
357.7012356258148,0.13137324215892932
374.6624993460756,0.2269043085817657
373.37515436837424,0.04157129405894011
358.14379545564555,-0.12020630787594655
358.6576427182982,0.36111245114841495
353.3041733884584,-0.05099253779758328
332.1873915158299,-0.36728091612121716
356.8869308506435,0.25094202995398973
340.3552347893308,0.06117739082492335
325.1032397384333,-0.16659385659045256
342.43254607342277,0.29187426260602933
336.7782252386601,-0.03140336070623562
342.00637981021373,-0.032267279749476074
335.32068803231977,-0.030235024352691653
322.3448248949799,-0.09469289879336884
353.7801442888319,0.5717069121023997
363.5357829467519,-0.1948564268636801
357.4470271137196,-0.19654696630084345
357.4470271137196,0.08881815090467171
343.0021878023627,-0.14299328456445437
355.95344308965696,0.4659844485638587
361.37528933122167,-0.17921221794006215
342.8689098801653,-0.10203352795929277
344.22716725904064,-0.038846844732233876
336.68375292451304,0.2944643765360979
358.94740745601916,0.4791835848570827
340.3928923586802,-0.13385675776203243
318.41206765036526,-0.2974175254930742
345.7828667176728,0.5446972890462121
320.63235880459047,-0.43234974327663167
315.8470828990711,-0.40838157368102657
348.896975189597,0.2490899024292048
359.96911474004037,-0.04887541677862828
359.96911474004037,0.21074265889569688
342.5508517020288,-0.16143821595869667
325.05243728496174,-0.14222365642353907
344.7475091929458,0.1449310930553338
357.4369382569652,-0.011967548817665374
357.2793302191441,0.029064207992632873
374.09505158104326,-0.07602747025623557
398.0624279144107,0.18047243321450424
402.6453190964794,-0.033126700846764834
386.12922749393584,-0.0631672822659084
352.05670842634424,-0.2151286400682011
376.6888682860058,0.17219732026478596
393.82819449335665,0.4146986594837472
361.4630843364144,-0.37463292685947636
367.3301380143725,0.24985513559227002
367.3301380143725,0.3197696025265486
375.20645707535624,-0.2117023484368019
386.96000851915505,-0.28196547131324223
378.09733186115477,0.27264040540694623
358.5496370391326,-0.3700869708939081
358.5496370391326,0.60569912573078
329.5222683809293,-0.21770097618696127
330.554573462177,-0.05445898602579291
327.17728670948276,-0.30892759737150755
337.64195188244173,0.370946801542118
320.01625959755086,0.15646627925684697
347.30719747550694,0.2430506035414055
345.49406662414424,-0.10156872986681265
357.19824752463535,0.1609005521089557
327.80307233970564,-0.5287636697036078
353.9233421935038,0.3169881809127446
346.15703159767764,-0.1649635871619921
347.1100990583776,0.08571081537365899
325.86511637826817,-0.45306414133733597
377.35097218633393,0.7762880693696843
356.48359093881663,-0.17122599817298578
385.6400536551874,0.35294598776329167
360.4782150633096,-0.35370988929435043
378.27936425653974,0.27658514990525873
365.451509170469,-0.28254850302687373
390.40395631889345,0.18193955643300797
354.7461003568742,-0.6913694573331668
361.9510945900527,-0.08151824044648492
371.1195806448674,0.24771487558609806
371.1195806448674,0.18988532389630564
362.6625497361373,-0.17222368006332545
361.2163714634659,0.3560407390415321
361.2163714634659,0.41492064973363085
341.10358738292825,0.1024593186622269
361.35172477896583,0.09414463728728606
362.46898909163195,-0.02560182609988715
345.3717119480523,-0.014483953491094326
367.0056292638412,0.24243545739443562
341.4316872250772,-0.1201843028369467
319.649721704008,-0.25170223833333694
338.0181256677414,-0.0193181479589839
336.9354522644283,0.09765628519949132
329.10221295254314,-0.212540677334232
329.10221295254314,0.09997991888826618
329.10221295254314,0.2376413374643107
356.6101383845348,0.44043746584782184
336.19967395153486,-0.03552457094519923
332.64253944796303,-0.19935346837451107
332.64253944796303,0.3164271935244187
368.4856519196603,0.43763052352187515
336.8880136376498,-0.17331617599597848
336.8880136376498,0.3608184510836736
358.47959364244576,0.2007481736883392
361.9011321085993,-0.008793546940751185
375.78093551777454,0.27497212432490414
312.73887869964267,-1.2660065825785978
290.8005484370515,-0.15640407522141686
290.8005484370515,0.8916573641369041
290.8005484370515,1.2473513491723907
279.63151291249824,-0.23563915699594418
289.27631259968615,0.012733155679711672
321.4750094408283,0.7614283847877914
319.8528367485216,-0.06284201694768399
346.83344160970216,0.2935540756041064
350.6991492075358,0.13492781711465796
296.5200664943558,-0.6470844632469834
300.51029803449836,0.6228800408018742
310.9913685599823,-0.284481631809399
323.4878117729793,-0.056276777334915096
335.90067219370246,0.24717516996804534
331.8388405217135,0.21036131476307673
329.2201900309544,0.2147658159300363
353.0644084722683,0.4424930762687609
366.2209044262403,0.19559243287608297
356.57800334241495,-0.21643905599978552
387.81954443905965,0.09560634694992132
368.4143895597399,0.03541009272441897
351.667203424208,-0.32484119477601325
345.2082383554965,0.008446144036270198
328.2408473974753,-0.34162854388114283
316.9794962760705,-0.6240719084942157
351.80606761243854,0.46304464341051244
360.9287876379574,0.024015884227196693
346.1473993547179,-0.1993941262981025
380.63999442748633,0.5173634747682172
376.993496861209,0.07667161841845882
340.87134050758505,-0.486720804833908
346.87692625752914,0.22112192514157414
311.1516908997137,-0.21357990043304653
355.5149378049917,0.5471767714388989
340.4000889906891,-0.16938462427924605
340.4000889906891,0.4207403485584109
340.26909424424576,-0.25639670075156573
340.26909424424576,0.4855373251806441
342.39089294494954,0.3075839278562853
352.99681521994006,0.203830722471821
333.4908668713163,-0.1897791859669269
333.4908668713163,0.3144076533531006
345.7507832045711,0.20922832743212894
328.54031365840274,-0.16231818184621716
344.396478537489,0.07741305693912182
338.39931097813155,-0.2796905650836834
344.36257972282516,-0.19756452767182964
309.1882889142507,-0.1178831848073969
325.5962458043896,-0.054793661050211995
325.5962458043896,0.3727682470293985
325.5962458043896,0.4907354674104454
357.3156258167084,0.6187319289358584
352.96101927940396,-0.28835170777199437
367.37763699055455,0.2575496663838521
368.2552087282533,0.32330089958600183
358.5788265819457,-0.356029761941727
336.1407352221779,-0.19811535230451227
329.7458963767053,0.043589252092147035
329.7458963767053,0.24137469125719235
364.7755386684086,0.039874130223324755
354.7328820119231,0.29708133901647216
355.0887715468423,-0.30039538460869153
386.4499954237486,0.8321493098924293
339.5183323205821,-0.6973014704703928
339.5183323205821,0.025376504390578702
340.88161011031247,-0.3807260914491053
323.62604794876796,-0.27860474781709854
317.50995739316465,0.1060148039446176
317.50995739316465,0.32331401803423887
354.10823169785925,0.4514877734216043
357.16708085406714,0.17760585650194116
351.2450775980138,0.06933189560788833
415.8276586787266,1.196520976177112
371.18932712287113,-0.48478622489915324
358.0101631611407,-0.38374047276988676
359.5213414006717,-0.030353944810713074
336.9613102389745,-0.20903865325294646
358.17011156877754,0.3040388767511786
351.91767348658874,-0.3503016796087195
367.1087872087112,0.4672869458134983
346.3431569781581,-0.23922729402670484
342.161346739944,-0.16723503333719236
364.49365047036423,0.18001590609299
395.9627330733022,0.38951169063216184
395.9627330733022,0.3913707949284344
365.3841153202719,-0.3162166493166296
351.01028390287075,-0.19201593009904627
343.9080498654475,-0.1760223962536429
349.12188092857144,0.34118257817340236
361.48184527656264,0.4049484848416114
366.2490501910394,0.033853938244647
389.47610103312326,0.21257668807913888
370.4052104975634,-0.567730398047388
360.444637210156,-0.21172161424181013
352.4101466289277,0.012866931036001006
354.58490457623446,0.013832649873279479
329.18032314145916,-0.18189095797538357
343.75037607554844,0.25125074638845035
346.35957005124686,-0.12343420372940273
348.66774739067114,-0.1040348558747155
356.0992835269027,0.19339516209015528
390.7629911838907,0.3972385277493231
387.5199003847656,0.011867657813354526
362.0412734743356,-0.13621944988983614
401.32860546455106,0.1655152015493968
399.8702798965995,0.11158303872753095
363.57119652381635,-0.1191175296091842
385.00048400736483,0.03259115007983837
370.34044395071675,-0.8117594766317779
378.8176851725176,0.615573243569429
367.88052087868397,-0.5092518763209455
377.14256281310674,0.08608162198027003
333.24999332520724,-0.37984098734443705
349.97654359705274,-0.010806111875695024
315.84850763663775,-0.5756358683098597
310.61953096876687,-0.23550307962648276
357.72316562772863,0.5997746721027397
349.60744668840255,0.26503510297277444
359.180860938336,-0.21413908137185445
355.9742063906683,-0.04390527880593709
339.5136754642613,-0.39040561554281794
360.52440931126426,0.32251480868899307
383.57021598116216,-0.12161389008815604
373.6357930501412,0.18911942738668586
348.9869048496085,-0.18069293050643864
346.87808292906334,-0.16658978309669692
347.3589784546745,-0.1305902807057464
376.35117395865103,0.4536247367843771
376.31920482806714,-0.18918731057794957
376.31920482806714,0.3570269764869636
357.86331303598814,-0.11286773554866159
347.9963963541719,-0.21079322744708406
366.0710485228333,0.369093714956648
366.0710485228333,0.1607782249363936
353.17439703664934,-0.34326693881951087
356.51489344075117,0.3132248186892639
347.3821508102911,-0.11051561980673341
353.6963106881843,-0.042866483921670806
360.47211170291973,-0.07427095385560278
344.1269375890959,0.056455787344930286
376.31234925412696,0.24898770241770762
329.3063883678174,-0.6979098986978443
317.7869712104159,0.23256121602457824
317.7869712104159,0.4065093901781438
328.9002843304827,0.010971570771857841
358.3987946453887,0.656141413302521
328.4118475524272,-0.6886659900512768
353.4278322393551,0.25985456237367544
357.2843455676435,0.07107690782663667
348.84512188993756,0.07217501104707935
374.2444428621563,0.2520951599158252
372.6680367186331,0.09145363822608488
361.48542858203666,-0.22682407249135395
352.4466438845252,-0.10469874063119278
336.7372253866355,-0.16496120947454074
332.24382651821895,0.2522163356184137
346.4752890792433,-0.26418113451506997
365.1796577802721,0.49762813701113373
332.60173212882086,-0.027618062541364452
342.3048560780465,-0.03031293403194013
348.8613068399676,0.3321177962729962
351.0910651725432,0.1591999955171559
343.0325065187281,-0.3582632156690124
329.78448911563584,0.02148791721924681
365.8144390144712,-0.22586769743497825
339.5394226867932,0.3401952420672387
342.33160957060676,-0.14867556062085896
342.33160957060676,0.3513119558041353
364.07889154943626,0.5383516460617557
347.917726618788,-0.00226092817274548
322.8189908058157,-0.3590371781858721
342.3710170694018,0.5318515449754386
337.77039680140376,-0.0997238130171354
338.69276650017923,-0.14732197946204906
348.38736859025784,0.04766255233789707
373.2126097665381,0.5240960119778038
376.8499219122512,0.057967381182947975
399.2311491171611,0.43651473336785784
353.4955729363293,-0.560209544498548
330.7941459314149,-0.1789076413811017
326.7700330017953,0.05612969190053718
332.2867613425267,-0.0833268802209659
332.2867613425267,0.22064414636406582
336.9765456027243,0.524070447224517
345.9765702715858,0.1378768681732936
337.23044987327006,0.1455692725598965
352.6277118050826,-0.051599708902244856
343.4255067644507,-0.4281027237828994
348.31018439614286,0.4628742334838307
349.791972356727,-0.08943522950107763
366.63166249248,-0.4581191366892199
332.57409417119106,0.0018234707591773258
311.77948853401523,-0.19238598619278946
349.5039100530619,0.5489897323134301
364.17507249361756,0.03454392203093448
393.27398241140224,0.17425054694149367
314.8773820202905,-1.042213235150939
366.97906680643104,0.5308110413368468
351.20313758272863,0.24750325521119976
377.33344953516803,0.5931525198006966
375.4746475051841,0.0038882477331299015
363.50611548146065,-0.009489636003195301
349.5355103967577,-0.3933428655068383
371.46474642168874,0.16571075098147503
371.46474642168874,0.9034203050240421
363.5654466488566,0.13465096001800703
339.7435976482924,-0.5043935194079268
332.4606630379345,-0.14262570280607179
363.89913169678204,0.5113959992296486
363.89913169678204,0.7321698904770528
342.47180740443787,-0.10438800169356455
342.47180740443787,0.1402730160206147
345.88389165636335,-0.04195033597920883
362.5411679136016,0.3383750726935659
349.7291846576938,-0.5924804071248673
349.7291846576938,0.27158946423253383
338.6515068123418,-0.09782932201983385
355.2768575627218,0.08326223390770338
337.11415407163685,-0.4017110367689156
337.11415407163685,0.3078426096539033
368.1804023705227,-0.03724070267185198
379.8239948068322,0.19696609351149164
357.6853681592774,0.11967440755779535
328.8113986106443,-0.49729597742691567
343.70485325777247,-0.1985841645516757
353.3520211884717,0.11211733957543402
361.5522335724891,0.3814516712304794
324.4306156366477,-0.7906470921163873
323.435868901405,-0.22833241109958635
334.31384064560825,0.3604028987340371
328.35999820028763,-0.5859846518312679
337.9572602257028,0.4450111839745432
337.70930384463526,-0.14691637285386605
341.83602039284153,0.2494067648864302
304.15288526337736,-0.5599559507908225
318.7865044332495,0.3207535419077203
305.0390611741131,-0.07613721843995336
305.0390611741131,0.39505342260190446
305.0390611741131,0.8753125099415229
305.0390611741131,0.6401071109303302
319.3413351592875,0.26813860854770155
307.2778178721968,0.14835064687429167
323.2374952452617,-0.17739588771985382
330.41284372800084,0.015182100266429188
363.37014122748064,0.4192864301280679
381.53421409205055,0.14977194987636722
369.64723978770616,-0.01968254180656004
369.64723978770616,0.17185377367604815
365.0787609480046,-0.1776353751354236
369.60312104823737,0.23798855117524909
378.9556534675535,0.04019186626442206
369.5336172037615,-0.04944185224121611
367.0086623808224,-0.16312106045643304
351.8770603056297,-0.29617026893777165
351.65387462506806,0.016758037566091843
364.59475649507306,0.15946241061499222
349.2970328615208,-0.10911849524950412
349.2970328615208,0.5033970519725699
349.2970328615208,0.2706716940322167
339.40815544280326,-0.3332344532325351
339.40815544280326,0.05323817116595819
383.1495663742557,0.7540449401157048
369.15470846640966,-0.3798237029689062
340.5906164456248,0.20618420914161106
361.38833493754316,0.29325734985991403
331.6494969377806,-0.5643084804493128
331.6494969377806,0.08853532242278561
342.89552843872036,0.15292284475731321
337.06701179287984,-0.0759661467168371
379.30355548634236,0.5257851027480456
373.4434620813976,-0.05159077307428106
360.39728416085325,-0.3913607618953847
365.92916148377435,0.009121924100782053
329.87756804355877,-0.5367756327129882
325.2799704322715,0.22259829218126015
345.0063660163139,0.059131461448032496
345.0063660163139,0.4976866714764583
323.0576263424901,-0.29406380666603127
354.0260609699552,0.40407316193056886
354.0260609699552,0.2374018174732555
357.8461940833792,0.12477676121011427
359.11812300433314,-0.19569891869571165
361.04398368898563,0.07743525136254448
362.6092096247151,0.09363515342488427
370.9963713114612,0.16978035951092352
377.8181055058578,-0.1561809344041194
347.53863290375364,-0.27120406590267976
339.01245406663907,-0.06556360043202858
375.9414272960982,0.4471131940078976
347.8808652197526,-0.3730792599085362
339.1074101829406,-0.18118090184054836
339.1074101829406,0.5747917650345471
347.5319011919263,-0.21551772975180938
380.4126503530543,0.573903789256633
360.69965838020454,-0.41097026593547525
362.7988200474231,0.3002496155160088
361.1305189853369,-0.09381420913928196
359.46791683761523,0.0006403633423133215
351.7189960203579,-0.3994910420666429
366.63884996373605,0.44415981478823596
399.65182178850904,0.23888840692507074
385.7669722821497,-0.044803305740288124
356.9511315328438,-0.016750703327261363
341.4545371777192,-0.40503454529311966
334.96411004144426,0.3704388585823608
370.78242420918036,0.12836562823679287
364.32413217360994,-0.3490118917230802
351.95698003728126,0.08359419156181502
348.7178123569461,0.30912880882385707
330.36874207381425,-0.06331559677289533
367.44489536512185,0.040464604692601824
326.6403435481034,-0.41218110241868544
354.1503075661298,0.2908920893742106
354.1503075661298,0.24073071641555543
334.58213734543637,-0.1966806930348639
352.3400571793799,0.2661577077730044
336.19637370919145,-0.0678219313193722
342.22925956458226,-0.3359839386546355
311.23507172164466,-0.1904815616637734
311.23507172164466,0.3614879432705038
346.9973891825842,0.38732314403830514
355.3591701442161,0.0025629532890434348
329.7513074352105,-0.12158044988836991
352.4633770892762,0.4184926243183327
339.9598051016809,-0.42464951365514025
346.7013870277778,0.34863931844245144
348.9697024579099,0.1652201856014699
342.7098784059729,-0.4320008655447509
362.73402716823676,-0.1209421603773535
362.73402716823676,0.47987674674709524
361.7508022826949,0.3338165960171864
359.95560094806484,0.04639933474504687
369.61192664786614,0.05835715954026455
393.9840537999751,0.2934613102698904
395.87202106897735,0.34353815134636534
375.1071335525419,-0.374846895352448
338.22495977622145,-0.4087600330899477
350.8911580340748,-0.13553600692887358
361.3328231587059,0.23780856805899475
369.4089154447262,-0.2639174468015426
369.09275424383435,0.0707921626182042
360.2510883508685,0.2601180605704485
360.2510883508685,0.1992900672214546
325.11426156717255,-0.3171988012161364
311.24012637032007,-0.3324822909994509
311.24012637032007,0.37172599954351426
311.24012637032007,0.3328994797022915
311.24012637032007,0.5348840762763984
331.41320228664665,0.1537124718247469
331.41320228664665,0.7444746947122667
338.6181634765468,0.36841767188127506
345.81837425690486,0.33251589058386344
353.29099977098366,0.2491501036668069
361.8871727478427,0.002898641707929528
359.44016254660096,0.043279610193394547
356.8844466119153,-0.4544424622981751
356.58679338031067,-0.3826122448033402
356.58679338031067,0.5021305192542513
356.58679338031067,0.4257926175528155
355.03507458965635,0.3477159170986397
366.5223193425216,0.13000766238201322
361.91145823280505,-0.08967064004923486
388.436176537574,0.36076224273210755
364.33942404628766,-0.5023002379000445
348.3233594147178,-0.10470490631360008
331.93342019211843,0.062006082426592
335.80266563738166,-0.19433947842162524
318.26037817808884,0.1134239886157502
331.5135356348761,0.0048341687814854595
316.3829825177267,-0.03966512107399467
355.1279705294326,0.2927418440465317
347.1192054619111,-0.2611309004892064
319.2972762983933,-0.3297243666588656
321.3621731312301,-0.09340476403872344
331.8597846888316,0.24425780916260464
323.99926497690416,-0.19970076505887846
323.99926497690416,0.6763501545976851
341.26223138748713,0.309001117267826
359.5908017631331,0.21468773723870527
372.06141777547805,0.1430736444001468
337.3027046457217,-0.6892299358243008
326.23898938945314,0.2180915389360507
330.02378613674284,-0.3593911700704666
344.5920600563575,0.24151067492039147
386.7973826766317,0.47128262305102453
386.7973826766317,0.6838312986279789
376.5813016718134,-0.2417268177700862
376.5813016718134,0.21248026538341946
376.5813016718134,0.2787376274256985
379.88952238699295,0.3920764016006615
367.77398711960376,-0.08245933184889509
389.9452584594561,0.009634837587782386
361.6412933265002,-0.16922631283614464
359.2585981397746,-0.09874508356131173
317.8214726239987,-0.32015513852024924
333.69537605792,-0.040758099332038
333.69537605792,0.09150947926104891
332.3537078569699,0.046636852383471705
332.3537078569699,0.48198851269626175
337.9848687028479,0.5499453462865631
344.2932201393141,-0.3371342060272582
341.7553932717183,0.2508372909743457
346.9008384145813,-0.2026331238438388
361.6660118265752,0.30712710376815266
384.4620674265651,0.09957781045989123
355.0056002909571,-0.2789293488879139
384.36322048861973,0.11818766660780966
361.78333060207626,-0.058125142256585605
342.6065732804847,-0.27317233452185974
337.95645562716226,-0.25836626805846663
351.1977250707162,0.3076977455850738
347.2503105535218,0.022591165601397734
376.35525963674854,0.2538405901347005
345.3963412634112,-0.1231822847711328
322.2375278694435,-0.5540212997681238
370.4476771151584,0.584755129975747
395.28753060251154,0.557536426980846
371.65407489615404,-0.4047601080521872
362.1658416205911,-0.04644635690033283
348.2566107959005,0.2633737938806462
359.2842806509946,-0.21275648295500105
380.1455593676577,-0.024841081519184627
380.1455593676577,0.3687989250630608
374.5334476924267,0.10826745142958316
394.5411276872953,0.536403062186082
378.2610758903598,0.08897986197075625
373.02203666390665,0.2267930237727569
398.0206493885702,-0.12441215468277278
347.1413947545779,-0.6467331859380465
361.35197756779843,0.22995791822495448
358.68809264321055,0.07729995083548147
372.7483494835636,0.43840578668118724
346.42257931649175,-0.12808726188995934
350.00679461205976,-0.10430115250301242
368.10066953338054,0.3651393276422823
372.85595735560105,-0.338379426388542
356.6986784850699,0.07487286301739005
356.95599053929874,-0.15212298747701425
340.62623305799684,-0.3284066738739284
390.99505122212355,0.673447390686988
381.225481596384,0.1947118870534723
354.2508839020427,-0.23328968985629217
349.38188936772224,-0.28392650631303695
382.4039262295337,0.3347712578516848
382.4039262295337,0.19095702115828317
360.39350289466967,-0.21261006717463715
360.39350289466967,0.1824618320395075
353.30691702193906,-0.08836989584438015
358.17982374653945,0.23106490492341436
400.38739660283534,0.7543933391233395
364.1973637814687,-0.9040585444793123
339.9991099852162,-0.20135498356739845
364.8166546810816,-0.17621048425485242
337.84970261754944,-0.345973621496114
365.29503199018313,0.5702261450385322
362.6753536152142,-0.028237616113301556
359.9256889732941,-0.4248296346166853
341.04585083814186,0.14697305815957407
339.629009714443,0.2919368806838065
393.6084944720002,0.6695504943198785
398.5570733660634,-0.23595680743301273
378.6551638528511,0.02301012426653415
330.2471039666766,-0.5083993394082427
330.2471039666766,0.11671162364996235
348.829847379124,0.018583806972742423
371.19200517524774,0.11967135673762641
368.79975846635165,0.3471308509897426
335.71267357125123,-0.5405874663707664
343.3338796398694,0.22030933533449115
331.00336541926055,-0.16177298729542144
321.21533638742414,0.10624020646946519
298.00516199079505,-0.33996063670792864
328.30951358995253,0.35997646021098717
344.011998701504,0.048475684234631444
333.8478586925315,-0.4911407501665508
361.77859546241916,0.5122936706784458
364.1788601721588,0.18669122343544586
374.71336271934797,0.1362892479155562
334.8895661534967,-0.3539436974315322
339.4023976576108,0.19193324485024732
334.5022552959938,-0.0010540834132370946
339.6012464087902,0.21521860551092686
339.6012464087902,0.3410421319301804
347.43255317195457,-0.06293336975841157
360.08481483905126,-0.16161956411337997
369.23056930978277,0.2614611243575382
363.46942788699903,-0.24904927080513062
329.9724274342672,-0.29647206786034985
325.6429514899941,0.26814104480990864
344.0968596959794,0.19058057432130227
345.41283995676037,0.15401392871581265
332.9180108968767,-0.422471905241423
337.4379544414649,0.09055857681494217
345.2876415937566,-0.06657726554976762
343.37169340535183,0.015355549392438661
343.37169340535183,0.039391111542613544
374.8638555373524,0.10013246703204004
357.85568227719995,-0.4440308836544773
385.21386162279435,0.27008485537089655
418.3122488908935,0.2997385244586894
373.51835501182137,-0.3395738601807352
363.71308332108384,0.028103801798351924
384.9673609252755,-0.12683007698865367
377.1382362862547,0.16900218563364433
377.31999137858793,-0.18227902288765563
348.24115790684357,-0.37310491604955587
352.5409849615315,0.017222075400013637
350.7815215227398,0.032494120305045726
355.9773067943046,-0.012621255759199812
347.54275425247465,-0.058018917213530585
358.06663641764965,0.16388100425103858
328.29341094517883,-0.029554087846463517
332.1469666307192,0.26097604127073737
341.5637856546212,0.041584673758393365
317.57380591593,-0.7550208475447562
347.9243897995549,0.20786609850154036
347.9243897995549,0.41322480598421407
345.727045478784,0.0009377373845609327
381.2272932171322,0.5907641466305904
368.21512309672363,0.04574732966443662
332.37224586621215,-0.13332625692555666
335.5090178719911,-0.30268386375962564
334.45139761855955,-0.059964723549001064
323.9152297032586,-0.20877982087256441
319.64033457506247,-0.12903390644942192
324.9756602646049,-0.16703341117329273
330.87986896331324,0.07218548059665864
346.6692571666915,0.43954659582573186
319.70157191377456,-0.6635882252287502
319.70157191377456,0.7434844471074484
319.70157191377456,0.6794734371519553
347.5083082619723,0.2677775461730789
321.9118970302068,-0.40617132158149616
330.26921465396407,0.2193129485259533
345.02295698614654,0.40855801757106747
321.54398228241945,-0.21472666780687177
334.41655127611995,-0.004877396702795522
350.80898542232586,0.17275433186364353
361.14749955794895,-0.2596631703397634
344.45141498195653,0.25666353469978276
349.45425027048964,-0.3673705568796777
339.19953974224023,-0.17542654100816435
348.050693692953,0.11440106405677852
345.10552634039203,-0.4636480695459113
383.1737100015567,0.5319962718657507
346.2765763742785,-0.03469721339865828
343.16247699567623,-0.005083136313942305
372.48042817978967,0.3556357318523169
359.8706956469224,0.07288694208045854
372.5843288312545,0.266734578317255
399.0807816018791,0.1532963152631055
348.0885604226572,-0.638741731323762
356.9408692563175,0.005657840914636836
368.4242022459452,0.27640911784862965
338.75704710116827,-0.30278484603024935
331.2368128896714,-0.2732792696178876
300.063204862461,-0.15562575747253504
332.59149386070374,0.2159723234615285
317.220011935128,-0.49491184294481627
290.82776683358776,-0.07951528482089998
319.17666908135794,0.07454719721567926
319.17666908135794,0.47459368442139294
327.9623145221739,0.27254018207167974
313.93700978494564,0.12224232870426022
337.30869432893076,0.4064326855901754
336.6482072035211,-0.2518618363395717
340.98671395955745,-0.16482331957593033
372.43808709763175,0.3386523420675758
378.3747095216948,0.29588222420602506
373.04131391145603,0.1885796662827488
362.99836173180444,-0.18880540202019347
374.3777637539029,0.19745732377964487
359.89926796652236,-0.5625163506102808
349.29144948044996,-0.03967669203495916
376.5511223807796,0.3052827129117759
377.36964629552887,0.0958588777713203
391.3088590372046,0.1195009120448276
391.3088590372046,0.19971992036312258
385.84277080012157,-0.10038121153809243
356.3607395214639,-0.31167378162297155
356.85417825506863,-0.014503429474189033
354.5892714114653,0.11423274381013471
347.7431845034813,-0.29156476025536904
353.21782125803725,0.35095791408207333
362.87791037788367,0.04672041524895576
369.132466872036,-0.24165979473889365
348.3907846620318,-0.47749549711761574
349.396548411785,-0.1362038163674697
358.068122470972,0.4773835615983444
345.9209158956979,-0.19696784296320402
395.92140609126324,0.6376415167251253
401.66239848769874,0.04111477262620156
387.1902110937386,-0.5115693049045831
381.09921357984615,0.06351070259984226
362.20981200537625,-0.24527415706893407
340.4272211077803,0.12099760299793161
379.86794360713355,0.44295974882470546
375.6925339917975,-0.14627805764177992
359.99802944594614,-0.3326790552875991
359.99802944594614,0.5776891752843767
364.15323962320076,0.15858996032818595
408.64715724770207,0.3400391279546966
380.4463229526693,-0.3656817603764466
337.99395330822114,-0.4339324393320112
345.32296711252377,0.4473110454937341
304.76907566519003,-0.5124002491264719
349.57746553913057,0.31372224164067575
366.92882960629896,0.17915820875236932
342.3976146129848,-0.12032458303576732
337.6821751435136,-0.12402556691358768
337.6821751435136,0.5337285311551341
355.65078339407455,0.29771576763857865
349.1484880926419,-0.008385381819493887
342.1537278303265,0.0752547982381202
350.57208546900404,-0.18439848097477807
342.54180087013526,-0.09772018143416972
333.29242198094005,0.10042672836880229
337.2188432307868,0.03720918521344174
371.3115708481732,-0.12259834244071044
343.7707851116271,-0.10474669257087044
377.6758455919452,0.2906535617062218
380.93277797563076,-0.06286848011382062
357.8143201575685,-0.14714511675617814
357.8143201575685,0.10444768053469033
331.3371814296061,-0.42759399314354596
331.3371814296061,0.2786210794956787
326.86275209824726,-0.10189313243029119
326.86275209824726,0.4088906086484485
363.2903827951071,0.18386065384186168
364.1687303384114,0.6587350779307144
358.19984138470784,-0.13560091020190157
360.7543039425284,0.3032554820711084
353.9143829490306,-0.617811693271733
367.1237674393061,0.043766616198468
369.7693911254222,-0.017000492845795634
347.1541153102304,-0.37548029118693194
347.1541153102304,1.0667778482870744
347.1541153102304,0.21022269163063356
345.7757237414248,-0.05869707647559608
345.7757237414248,0.19561278335470433
358.54890955548177,-0.12800008307272037
370.84950918387256,0.29973135192597056
371.59698355232,-0.09257932652701584
343.6149144244874,-0.08854962413886369
359.46391124526775,0.5816552487974604
363.21190421086936,-0.03371087426762642
333.5487740122851,-0.37378355587065926
345.18512321563225,0.27075340694909755
351.87818753869107,-0.0089045928766609
351.87818753869107,0.34877926588319497
362.45800614197293,-0.23672832627426033
382.9102173418626,0.6409419457638705
374.04872632492527,-0.10893469684276624
339.74298189295774,-0.371106917516272
369.5240191257453,0.4266048813180987
370.5513500635868,0.2974905016574212
362.2495651813377,-0.11359877880875047
347.72988397524045,-0.009234214444063582
345.75724976621035,-0.38625042250373554
342.0255105731588,0.27545425011021507
296.796852187916,-0.6606379068934984
327.5918049983762,0.16752509451384867
297.0966075116545,-0.26691851354758
334.56619953454316,0.3010139794993165
327.8650158130321,-0.24779829143437837
309.07096741161365,-0.21180119866392033
349.26561374613516,0.23259003408077206
341.0805155508152,-0.058648840631235544
341.0805155508152,0.44557842130711833
341.0805155508152,0.20586474782669484
332.5034462019249,-0.5153685366906302
337.3842215804906,0.3261388806073455
337.3842215804906,0.5023329587070293
360.54625625619207,0.27228378669474296
340.7117913918809,0.12497710121851924
333.05580249141906,4.81363508697541e-6
359.77446065487936,0.1929931503672151
374.10009341543827,0.06644933158702315
394.0047321855109,0.19213035729899275
368.683786706027,-0.32020660212333496
368.683786706027,0.13152702299873908
357.2580702566233,-0.5089019493041178
351.92165178340974,0.058695205759136115
377.7034031311676,0.0977054103300361
356.7492042267959,-0.17776929688238852
356.7492042267959,0.37098154018701734
374.4825262794873,0.01862433119833895
360.81325675488034,0.030975756711768554
327.5543719629474,-0.6774178354178275
327.5543719629474,0.2507823900459698
335.19760681561513,0.026176070756832814
328.41710890606487,-0.1722406093228983
333.61375158820107,0.17398967741974047
310.3336020804294,-0.23516479870534113
335.57684379581224,0.04706045732575603
367.0982415814601,0.3645533718330398
383.7116529945003,0.607283970088929
353.20143001160574,-0.5350504722939604
353.20143001160574,0.27952198258651606
331.8191541130737,-0.19252178086708227
341.53108808997837,0.03342227249822827
315.6007670311965,-0.08813073288024498
347.53273624448605,0.013025673071183519
343.77647821954264,0.2181744207700831
356.78287619760295,0.10331993072486512
341.7864463600299,-0.4181903182517317
362.819815915007,0.20877557132905622
344.92514521790616,-0.6323855468156125
355.9086000620139,0.29906117430380164
335.99730693587924,0.07044818164024491
352.74574453606846,0.005643695761705203
376.31561645086754,0.5246358388874341
368.54178464771263,-0.242394585273928
348.8489807365673,-0.13194717549527013
347.70752788298387,0.08576634216899492
350.24823162582237,-0.5537120085449487
350.24823162582237,0.48897737151332876
366.38431550748106,0.37088673081780144
368.072614513482,0.190872031966137
348.46459696583486,-0.26975903236382237
348.46459696583486,0.2900298181484686
353.1515835647145,0.04710865292440758
339.9281935594026,-0.2881339722719076
339.9281935594026,0.2485414165862494
369.7869779314277,0.4208019385437183
370.0655519688764,-0.24577817038505145
353.98664843984125,-0.15094002020509834
351.45429636911456,0.06211522820342452
370.0439451396229,0.3164943548900965
356.97308189090063,-0.023072002932394753
386.96110311823475,0.32070004710931244
402.0852864544638,0.026459797063125734
359.5200615521788,-0.08135517473510845
391.6276714248307,0.2978686996372062
339.3131750866689,-0.830242885579537
354.88961070865037,0.11977781524535658
380.94632832147744,0.38579040206116133
403.7520143588752,0.08362007704215557
376.76921676617445,-0.05549942086781812
364.2648001089658,-0.2954219989650255
364.2648001089658,0.3142566707319929
357.0746148992439,-0.10325590902334625
357.0746148992439,0.5223943246801355
343.28274078758443,0.15496425932042257
343.28274078758443,0.47453503685733267
339.3896982747221,0.0947087272478484
376.48032974938906,0.2965332088372179
376.3727413894103,0.1876322849167309
346.3658871032151,-0.5872845500260837
365.53894626427643,0.10182691793875165
366.94450326206186,0.5514215391747257
322.6960238905468,-0.6517732140704311
322.6960238905468,0.7028891086328031
359.23570736563016,0.08246232555313782
359.23570736563016,0.5107076179374417
325.7661574053255,-0.2898639264611802
360.6038605704193,0.6643222817708647
375.76855254926136,-0.003152825540723825
352.90331798212515,-0.19198470007529522
352.90331798212515,0.26331555907768234
345.1768931428415,-0.22639809087900176
322.0439143102609,-0.09808217638919814
378.51105763088486,0.3442355019652723
342.8594654577566,-0.11237013972595378
316.5474244145846,-0.049014184079510414
311.8003757731491,-0.05783416695055621
325.0890905582343,0.15303757118886097
341.4941238962589,0.22352875558465257
341.4941238962589,0.27508106871414384
332.16826268998767,0.04500331742997332
328.6417773068364,-0.002208014713119155
335.1278201679945,-0.10106039513652831
336.98349412061424,0.05828316851557247
341.26619898694446,0.28226544939730047
369.4855123453508,0.09590696142686284
379.58340875265554,0.14244103444025313
344.1693160184652,-0.00025645728817380586
339.006944144956,-0.3446587522023492
339.006944144956,0.3671406537387156
326.46034986441146,-0.16859728727433776
326.46034986441146,0.6630429680363932
370.8005755346504,0.35644687682554377
335.5245665613334,-0.593162489030874
349.45442638285266,0.39753486632935164
317.47521266265,-0.4002948192298845
317.47521266265,0.4693475422617439
304.41451058772384,0.09140915284751827
281.713945597533,-0.38478933449255237
310.1382517586457,0.5737206191494124
306.42169248591495,-0.13956225667448052
326.0219483156555,0.2437301190288963
308.2380855601805,-0.05807324763100041
308.2380855601805,0.18908075404340252
333.7024991112755,0.2677821107449745
320.98321430058803,-0.3086026083216211
304.2736864820008,-0.08774891437860788
325.7247944849609,-0.014057040175771363
322.94193506876996,-0.13212321063861054
348.924194692216,0.31165576272496764
354.69708884048754,-0.08998248186060209
346.71738084744135,-0.00010876622388877877
342.71379192966134,-0.002600533869554056
370.90273950879543,0.7165129703054163
333.8413724995853,-0.7398835625882612
356.353960456476,0.4389201952867552
339.8683177829943,-0.7384193445816436
327.8911030497796,0.11628643239794201
357.823424401894,0.3882456843127784
339.42335916826283,0.025813260706172514
339.42335916826283,0.2786321365662161
352.413568161152,0.3352192037991699
348.24321270403277,0.31764664178956536
343.1820757837815,-0.24848923155980174
338.65892906476097,-0.2455719815490056
352.9416097341226,0.015493501929995546
355.5490399899067,0.4909029955301776
363.58675893095653,-0.35403636687271955
349.2860730306126,-0.34597765000125946
326.9079218051503,0.013810155030114402
338.04745097177164,0.3546974616172065
332.36393497095247,0.0370607143165671
322.13144537362746,-0.45575177113198606
328.46464201327734,0.21878105899270395
328.46464201327734,0.06055196250827066
310.63871205362506,-0.1386431339402634
323.68734168024264,-0.13385300270851985
323.68734168024264,0.2566641921542896
343.7986830422006,0.3039922080118913
338.9826247350697,-0.05863130622481094
340.22397856466836,0.054409130088629354
327.81438817862477,-0.25118607423223693
327.81438817862477,0.3974413204848588
327.81438817862477,0.2211889389506041
305.975791339774,-0.19225017407120504
325.10403010596804,0.029991366922445195
342.4439940884335,0.1326610115602307
342.4439940884335,0.5846187703912165
367.7733982756587,0.6073160185854931
367.7733982756587,0.14970862032055265
365.4516626632827,0.019105932613229015
328.32968820341625,-0.594917118027297
301.6102657991566,-0.4044713228697674
331.6208360371831,0.9264491110726567
313.1711390019818,-0.662704361328224
333.4217182504423,0.02146962773656469
345.392817925389,0.1898113813258533
345.392817925389,0.5335164239616006
345.392817925389,0.300497025328923
361.0204842300576,0.4183088964051649
373.4497081442008,-0.24687884545267025
369.58129580680003,0.225328937927884
378.2259474389519,0.020268119814318197
321.0749538789976,-0.722711424775639
321.0749538789976,0.5436643703064874
321.0749538789976,0.2648180405698213
321.0749538789976,0.5463970103835436
321.0749538789976,0.5265613744871871
304.20579298836464,-0.10056703517057031
310.63693768203564,0.23763477861837146
290.17185265932454,-0.4737223132293593
311.42122317266245,0.2187829693450567
311.42122317266245,0.24153261669789572
316.61816862902896,0.15356763443537602
321.4429106360911,0.08009791834706448
299.5886436931781,-0.4142420866451175
319.0869618825923,0.25966859895640937
294.69491964416926,-0.37508141147088736
316.270302143611,0.3233744257111084
300.9444753775207,0.03483599024832529
327.1667968850873,-0.20863168073162797
351.7445917411758,0.5046499612620892
390.761085005404,0.27983365436637087
358.76985912375153,-0.18305780874300126
350.51057101158773,0.13017565931045283
362.83708083522123,-0.013634178110578432
351.39741698918374,-0.03543434838752546
313.19645729436957,-0.41468200361578056
346.7893892996225,0.4563770294053029
322.01620253126754,-0.4566666328870497
348.80664317124786,0.19361076938696442
318.0442052911774,-0.7449154321529932
336.98497139325724,0.15331548536869377
342.28351411219546,-0.264498743525337
342.82499910965345,-0.24765410481586514
347.5173300397114,0.2523579799865274
321.77301513252735,-0.05973152091667089
322.0878368899057,0.010585552800989717
293.85983085037185,-0.44873561661756867
307.90979272786166,0.2758526279289981
340.3357268856134,-0.03654513229241729
347.0314473410604,0.14857473969993862
372.9354187595198,0.2826871895338172
350.9852119550613,0.021391541329990105
360.5769811002716,-0.0406271770272042
373.7706151069443,0.2122879580956578
373.7706151069443,0.2701362761609971
370.17411660212304,-0.25653658681039815
362.50112680703984,-0.034619461020724884
364.05508784299565,0.06303503200683735
313.14277905440645,-0.5807744216242554
339.74386281446976,0.6140465596278091
346.5535802752877,0.061954083028012974
349.4383956341058,-0.18279865932538542
370.59249189722794,0.08810984976855707
378.6816986435888,0.06759032203569859
388.6517068905963,-0.046436248808618075
389.7925940220288,0.10413691967721661
338.9935903000234,-0.4564071806478296
371.97364930574025,0.2025566296067609
378.78505936885506,0.08212578826635308
312.2662305321316,-0.4545908972388588
312.60621086031335,-0.15407835831467764
312.60621086031335,0.37581588116097464
328.22020765607544,-0.007837611795707744
344.2665090892441,0.019530677598595503
357.1821626385305,0.4304757660896712
342.5270790990594,0.00022566879101759696
334.1845858364082,-0.4174693427951297
373.96637998400985,0.5130287389440582
373.96637998400985,0.123190359664477
373.6859078409234,-0.024938110785910794
359.80391526589926,-0.15427900957922702
345.7475926283994,-0.45382798989464845
345.7475926283994,0.17585674145504981
368.25495009145214,-0.09519875240755482
346.2886154830069,-0.21389094681808274
352.39029140748636,0.1580161181676658
356.52953777219045,0.09703092501911215
347.11890540390857,-0.26305008240035477
347.11890540390857,0.3466191583889895
366.40648332473864,0.2835938343871476
395.67800567918187,0.5719150379343318
356.6345364369195,-0.8564521543429464
338.8097719421837,-0.11297147320806289
338.8097719421837,0.2275669837085843
346.9916669818327,0.04196191432208707
341.2678578288788,-0.030379780935277267
334.9179608259234,-0.060451001369983715
334.9179608259234,0.7541687335274219
346.5410301356392,0.010631573421733265
337.56701479181106,0.1590644806040018
341.6339248826732,-0.15601939669420517
346.5201533308109,0.167005277686485
323.24631894655073,0.0639971289957657
349.1847744214653,0.26152110511748106
349.1847744214653,0.7100343330133683
342.8948063139407,-0.002897369779930159
343.50034461020175,-0.20046841207954458
351.13520175163455,0.13225407516233645
309.2217152874412,-0.5664833959158386
332.0653949416344,0.4065817418613733
336.20667190264567,0.2751105339617652
350.935293810305,0.03943451172983714
334.38098873826124,-0.41845187481135326
336.5114246627596,0.15663398855997457
336.5114246627596,0.6486177511598044
360.7141527753824,0.08195103535035742
360.7141527753824,0.6274870656741314
369.2395885618697,0.3306950822404815
357.45345864879266,-0.4754243320846854
391.28444134280676,0.32197025025470793
381.9100339627493,-0.03315848941190325
341.04940280286075,-0.7181962029685565
370.5753046182402,0.8421639043766618
352.28510947833865,-0.24344627632945048
352.28510947833865,0.5361756883420412
366.71424840351443,-0.1685335504047316
349.28959314524565,-0.25425372867994156
362.19857470404185,0.08678437506557657
374.7868448750743,0.32548022710454916
378.12546213646283,0.2666656173046249
341.6069006459941,-0.5895164371906958
319.14240126550715,-0.5263985909292614
339.2004519614884,0.48560322588559757
337.64986765918286,-0.19950791111750732
354.7352235600667,0.29882029299824353
367.0298418496486,0.5662945168693341
357.694823530531,-0.1399479265157879
322.81767680525036,-0.337727515962456
325.71792615826445,-0.05656863650028754
335.2129444132931,0.08037417611490127
335.2129444132931,1.0195438052307964
329.1064111055309,0.04097436102438223
343.2373022039765,-0.17279522905380418
367.18371057280535,0.5762796563788015
387.6712716367517,-0.02942845926281734
406.5647614987064,0.3676695418905638
404.71517842961447,-0.03882722391927018
398.8664838977253,-0.20547654911331392
366.56925090332953,-0.2863551771214361
361.62143804121666,-0.27213345400980415
343.1519635573058,-0.4926493066882358
343.1519635573058,0.3173565920865258
344.61396993607497,0.20026650220131614
380.9564443738381,0.15340423101179113
353.48518355782346,0.025733683269208996
370.6389025494803,-0.1184792151647116
367.09980685144984,0.13015690759846166
384.26742345089446,0.3896441707770464
384.26742345089446,0.37180339519045447
373.7424061178937,0.16896859537803266
399.960484916463,0.18846498080756646
385.9571985855619,-0.347911755095879
379.06386091745367,0.00659846413645937
366.23002768459537,-0.19026121406363927
366.23002768459537,0.6839501474257759
387.45459904785815,0.36975532234600905
366.85759345121977,-0.35078091130003486
330.9532970770764,-0.9281684855911863
321.9875806784585,-0.01856458792178728
346.8921716359546,0.8101016499532534
348.75513048187474,-0.10072717964635558
360.45676254909915,-0.07531383419257054
331.7620986365836,-0.023081918107891397
321.7908472140006,0.2740072762744603
345.672095644427,0.13226322541072477
348.95266805845887,-0.21970952590345405
333.5600230242936,0.07567195722117503
333.5600230242936,0.0602119950785891
343.46344275175124,0.03372734852086978
343.46344275175124,0.07110086863008291
344.6246531911415,-0.17665227583120213
333.82799062690714,-0.03993495726786023
335.8586371863742,0.4775246123705301
335.8586371863742,0.21695194956373598
340.02322574199906,-0.378455697696495
357.4793101616899,0.18980970935899677
370.29621091337697,0.4499470842674782
343.9951387341463,-0.37289793127990833
322.57605324928096,-0.3397289983148539
328.43603267561787,0.08107509748265329
338.048088348642,0.0014443088414282101
328.0062536376148,0.30198531283974717
337.9398636204656,-0.018495649156420768
316.12349775056117,0.12769511361329933
310.1917664774374,-0.2977189230429076
353.5035744198812,0.5972961812540234
353.5035744198812,0.8010616042969332
327.68981223090236,0.1898798906322554
311.7483410221052,-0.22169163572550588
339.2864014747326,0.14693628010400062
331.29723866137647,-0.42481491095099955
334.1722847531668,0.31761419960128023
355.8202820216873,0.28520419468941327
373.6218848353666,0.11847319524122213
367.34551189562956,0.23778059625237802
341.22254723961504,-0.549079529640494
329.3072675329263,-0.2608280447909692
329.3072675329263,0.24954354842225257
329.3072675329263,0.49654348128729
352.9579759892914,0.2317192404711932
335.50506694586966,-0.22691090259968405
363.2467095246262,0.729894170460966
330.3591925370533,-0.364370676082558
331.34581192146544,0.09200099617657997
338.0440771765413,0.4262296834147037
329.69123870357066,-0.1786636560871102
329.69123870357066,0.3032728957159634
345.40314722175503,0.19262841068416492
331.2342736970636,0.06706450792637497
322.1875128266772,-0.2235882810318799
353.33405918522345,0.2779916299937213
353.33405918522345,0.3848202478031908
358.7518620679252,0.10530855752676871
378.0364042981345,0.18895927068774654
371.33745711731785,0.14046391306271744
371.33745711731785,0.24121450636084774
362.7143520486275,0.08498377103444454
345.26967001760653,0.16883488518408285
324.40593323103565,-0.4401705213741707
311.08306223078114,-0.37184334177118217
343.14449504013675,0.3663326618971041
343.14449504013675,0.3796301648061444
356.16618953961154,0.17544547258455623
376.94182096785687,-0.049915629259430716
375.94187911800634,0.19764968352831147
350.50219784820797,-0.7313787763313258
336.22755513598946,-0.0061552512788694
352.3024998292757,0.1039079776149947
365.8380666973988,0.029628571504986212
371.8977862793479,-0.16190221258489146
371.8977862793479,0.4299653051500627
361.0787162025191,-0.07101822606091446
374.27689784142495,0.027141062127611804
372.1900231716468,0.37655394574380807
360.3408893910084,-0.3671515852220182
362.88277172032184,0.3356805401856491
340.99211841647406,-0.12494255446836178
369.5426134732586,0.13111158882611562
397.03805624471596,0.5541914622217519
413.719738662882,0.4199248283554198
377.2512360248445,-0.48010038010227163
398.26132446434195,0.2002311455041763
392.1615820349266,0.05111041448390097
374.07129899241517,-0.42189534907879533
385.1485576821139,0.3756946140523496
338.2472859386364,-0.5993788593314093
355.82185031909603,0.3001486087085823
360.47060797522346,0.036449558924232406
368.02536403582155,-0.11439806588805368
354.87009566336957,0.13547168323862024
400.7658328045712,0.7336634874629908
382.1942792949132,-0.305504483407276
355.3133205716881,-0.7022517908817463
359.44487237141215,0.16121046289231344
348.85342610029613,-0.09685917351691842
337.6171349064301,0.028931676557363062
377.61551387240087,0.39466865207180035
341.000661654323,-0.29148341704978975
361.7780576749102,0.20065975918350887
358.13106001689647,0.2270035724347963
336.95408875891616,-0.3671590606434165
367.3644978206455,0.44913522207752976
380.1483315332732,0.20207068224124214
353.9050610418032,-0.5149021601782806
317.6997674838305,-0.15801039490179392
335.79722828124125,0.011812987566031552
356.25102438834483,0.6652926047381698
350.51577452220204,-0.12855237431961086
345.42620487952246,-0.08195852543872206
363.8436445500922,0.4609799243660291
367.56231911862835,-0.04480400145052954
333.1217567596406,-0.3194861310720398
338.27229365846046,0.08750475943611491
360.7476320956653,0.5439965946350185
372.14898362426806,0.29641449248208573
372.13942514168264,-0.2273027969836221
348.2185031731035,-0.33276767286713493
338.37254021573483,-0.17445624593892717
359.1075125712962,0.312117820652702
344.84337321192584,0.028973706920510267
380.77810110562484,0.5733894514581834
372.7776512593876,-0.30087199428214717
394.03116858707574,0.16935387621845166
369.2602949298909,-0.4764058044702324
361.3798585192337,0.1109365331335539
366.06468342915565,0.12130038500208684
352.1167324681479,-0.03576751609125495
352.1167324681479,0.23485323628995047
343.32025010280876,-0.02891681062646967
359.73942249470036,0.16230390535054084
359.73942249470036,0.20750003615353307
359.73942249470036,0.27752164020330383
364.81533597726957,0.03291866886331718
372.34995905784785,0.08674400540371607
337.7563410836275,-0.47095822235962714
337.7563410836275,0.6463302484291944
353.3807236078833,0.34679491258054895
333.24451775894397,-0.10982601730552233
338.46255421392067,0.2742901901526693
358.04512078420254,-0.0389240179938497
358.04512078420254,0.36764622896748733
334.6395725982576,-0.28715057247370623
347.2008846856631,0.02435800260184351
327.54277888516646,0.038619097526634505
345.2943146193377,0.2654780499574372
355.6085142102874,0.16957949497623304
355.6085142102874,0.2753741086686432
349.85257600670604,-0.40987189792076606
340.0518376353267,0.11772943175560613
348.2158596356965,0.28751378853030474
380.1283267997375,0.333733936987187
380.1283267997375,0.32686511188535405
372.1392223777667,0.0695034268164818
348.5898354188844,-0.40866466630802734
337.60573229864644,-0.20417742575875764
295.44502275090827,-0.5064702589282888
296.94390233841006,0.019622860846993717
325.8916170308054,0.608325030800188
344.5612127606681,0.24855645082618594
362.53889632499113,0.46429898823964777
347.204117929722,-0.15019274274050076
363.49001611207444,-0.029408632972376836
376.91254002762753,0.3629560466390558
374.1957787041122,0.16031031883665037
361.52887643721584,-0.1050625636529503
359.7859155311773,-0.170205573815565
339.54606206859887,-0.4829133264062193
324.93126999223927,-0.10667308688221055
324.93126999223927,0.8007483781161682
355.9922211756219,0.5645822420407285
375.65215649418127,0.4630126202721385
376.87242119384535,0.14904489898435713
363.5010685522762,-0.40560568843864075
364.9266781020571,0.2525985582042267
382.4589016145159,-0.03992121207238597
365.75104111732344,-0.11716687130797254
365.64459376425486,-0.1845466659297017
371.4961851385933,0.3204380870923842
351.4464139625297,-0.2668396247694318
326.30610804358724,-0.42310953242906635
326.30610804358724,0.41170893266598796
377.2487884222529,0.4701341274890183
357.0593561402711,-0.043254059867081196
356.1369288640093,-0.2520009142026538
362.86680544051916,0.14422596790564057
341.3948017810969,-0.25413192458699996
341.3948017810969,0.4529944278367566
347.72193655888555,-0.16943304800361147
339.0486868908701,-0.21902228438170823
359.8148909198901,-0.11040359830462876
321.8972838938727,-0.3319797243167386
321.8972838938727,0.8971794913944677
321.8972838938727,0.48103211490820286
326.9059880037024,0.007209524903828424
357.73636217110464,0.2971080192814952
365.6600101653025,-0.18612723935621034
365.6600101653025,0.5146845200054031
365.6600101653025,0.18894565878395042
333.8922578746888,-0.21127174672778892
357.38994342769894,0.38479279034936553
339.6610783447247,-0.1117270176588363
301.49788440656914,-0.337150712974676
327.82606963174413,0.4365391904734679
363.54847939511563,0.39849724950840937
332.76840104817603,-0.09715759307641747
345.25993025123034,0.3047454401222467
335.08915520308767,-0.10986367757550397
323.73678164355135,-0.30282734787886056
337.0685476370267,0.39100663473277564
337.0685476370267,0.5574251886901038
387.871684914177,0.4947220858171022
384.38159239774296,-0.4976843435624687
370.83774491897486,-0.21316805234209824
362.4584539429315,0.1436126076293931
341.35150726809394,-0.1277384094056515
357.1247184795294,0.12401975732598203
369.95046307098266,0.2627605511308957
332.0601713643097,-0.09442523104871725
340.19376715861404,-0.25473600296288623
358.7433417366025,0.22905357690206074
333.2414592167565,-0.47334513463624717
330.7240203786355,0.1598598181019497
339.9449915486078,-0.0973741169746063
332.84892042929204,-0.15077658049199272
332.84892042929204,0.41246942299972034
339.9296777253801,-0.12232336001750355
350.3579842893929,0.1880943773760464
350.3579842893929,0.1732466799684289
375.1630341628854,0.4360847684007467
391.2156389570741,0.12039689203254511
383.87205380080786,-0.1833290858711507
365.1834656612489,-0.3012309088587699
390.3611112585478,0.6625483801063865
392.97545065733925,0.11225123195811193
403.0821759473463,-0.10970000150018677
400.62499290064875,-0.49175100951049444
367.8036126960979,0.10476501950995498
331.0648189459237,-0.28462327379156704
358.04424720232976,0.520580446052918
333.62602546643893,-0.07555085560011321
337.31550073327753,0.12519546280236682
358.8064561475387,-0.06389749170011783
375.3895898003056,0.3718521573748603
342.19226455889503,-0.2503509262537591
346.32807894502355,-0.08702913432023252
354.93361816566755,0.04645984210071674
349.42417954710277,0.151596320355452
334.8825299234442,0.045911755980000635
319.6856759078856,-0.2767438150167436
325.2038234382824,-0.17724392002764944
298.29632893989896,-0.06952796483483326
303.79679431511994,0.03789365515422105
303.79679431511994,0.25557125951422677
350.9471966234487,0.43694798885155706
355.17717247182014,0.08443526390726674
361.89077806992947,-0.22783201578874923
373.2533957713257,0.03236833424921315
369.70373128402656,0.28583210579836305
390.24988994592417,0.2105637802204683
401.2906743153976,0.2290994516745286
376.75740382368053,-0.025550016722036162
404.43768065170656,-0.0006302839253748971
388.5591009209559,0.11119065331479305
344.9323334809748,-0.7270575464935973
347.81240104604564,0.24508251568727246
380.97243255012904,0.33407801478563215
389.18225210011343,0.40544803368175053
373.613493422687,-0.010940246982954704
345.0803081878841,-0.49996822135244656
316.99201542003897,-0.132475390788386
319.0227554221826,-0.1922042613072108
319.0227554221826,0.3525571938454277
326.30043226086906,-0.024941600892589122
326.30043226086906,0.3075685530775445
343.6049194366718,0.4341067959931024
330.2194825135003,-0.1856156148039645
322.7580761401303,-0.08945273014455779
297.791647218508,-0.016047772274987437
298.35761225965024,-0.19394881340713255
299.09036295209404,-0.06623022013036461
299.09036295209404,0.24125001592312856
299.09036295209404,0.47583018435750546
335.0980122941562,0.38088846780374297
355.8637812473161,0.0489890071210084
345.0140278355884,0.05689884469961726
336.32000481200157,-0.28240817831078857
346.91319361902913,-0.29804148207165326
345.1004314615002,0.10424316220871788
354.8022495176869,0.17093444787121825
360.3541662388639,-0.07527828393608615
360.5435216147044,-0.19540956403125165
342.27593756710496,0.07810926123681838
344.82541379613247,-0.16107551610491555
360.485003297648,0.3177554683984454
377.32948453270853,0.15415735547730947
355.1699059152414,-0.14439662847712498
362.37081086177216,-0.006181480176678633
347.1952538342371,-0.32289162840527297
372.99775156264263,0.701461058671498
354.37608691525844,-0.2843670413011523
329.02127424163064,-0.5619810553224625
324.5175203544745,0.2496190633551123
360.0380846719287,0.27281443429967567
379.15117026639183,0.3994075868389473
382.6633106458191,0.037835796491208384
354.3699491501442,-0.3863732439612022
354.3699491501442,0.16018536652177318
363.0576261610982,0.16503234000617795
360.92419590263034,-0.23578303290901204
356.2696801750196,-0.015280415521488067
331.9449690148041,-0.07856449857183634
340.48721243336604,-0.22096705069623113
311.1609344116373,-0.023284347481535406
330.6776564983082,-0.08084845876544478
332.9800333584875,-0.15313463193444932
299.01484718602865,-0.23297320713152203
306.17544025919904,-0.03205658770639275
315.0493507675823,0.15067599279336719
336.1274082533037,0.28312708686166843
304.2760182738769,-0.4900363749997041
346.6546786357364,0.2113742732449282
349.5904999216722,0.4062259941526918
357.8979802206488,0.17002561332310506
359.2975880198929,-0.025161597323290152
345.52658862544064,-0.1853749314034303
346.79242386287444,-0.06354887443444568
358.331690756813,0.412223003535928
370.4952334312713,-0.06507906190290669
320.64764918413454,-0.6790584537143332
320.64764918413454,0.6857874794910686
320.64764918413454,0.531926657097074
320.64764918413454,0.40263195842146615
325.71353813066384,0.033473637636916465
325.71353813066384,0.3613869418179547
360.53936573377933,0.5933727471900738
367.96883337670096,0.26432636754907435
331.9571254188069,-0.6555224486323823
372.9687655527976,0.42394072453487297
359.5395441505041,-0.2454382466428342
359.5395441505041,0.7321206454448657
360.22430786472484,0.36465465565731847
358.6480668526505,-0.34884077405888547
350.47260507160695,-0.14929767282694684
350.47260507160695,0.26002311125375854
340.4196745297831,-0.20964581696989626
347.8623506297024,-0.06847085761512517
344.63125970396123,0.022014677560719065
341.8407856518132,-0.24035195889723582
328.3474478508789,-0.05360707780653229
335.5360012398488,-0.1916442739352533
364.92582647291175,-0.11530312371576201
349.9157729135434,0.003661962579712963
342.14695342923824,-0.2635328980987879
346.95529630741987,0.25548957863748
342.28124936371853,0.08162561607025509
355.8577009290119,0.20535410032675827
359.4509072125367,-0.20084229696431066
361.9904568200419,-0.012090174815966748
373.915945844639,0.09686428814893588
373.915945844639,0.5578460694088108
365.6169412122491,0.20838537692418413
356.77731534212865,-0.35030134056319184
356.77731534212865,0.48356221818562517
359.1500166038238,0.1169998886338135
364.3347327612911,0.25008249905317825
369.6421924452801,-0.07737907314526637
341.32965220076164,-0.22833299727312806
358.0802669144498,0.28320844723361915
345.93364495732055,0.0175850071102559
368.5484333710608,0.39315334705202076
400.41953078340134,0.13505643025462177
384.5747673077029,0.08927163162866236
371.9934055527799,-0.44628552073027095
329.3660524141542,-0.6742049401120767
348.5345628370606,-0.016447219754240905
331.68395987327614,-0.2731131667824229
318.13905039527754,-0.2808665928610026
333.4230474260874,0.30759874662271613
296.3184876700956,-0.5952562598515669
296.3184876700956,0.47601018747468515
296.3184876700956,0.45115500599092684
296.3184876700956,0.3188294886786025
299.1003622087694,0.030260374985573435
320.44500199813643,0.4407629832215889
337.29270313484886,-0.03686842300601256
337.29270313484886,0.5264483060137763
310.1506576230615,-0.1667712429975836
311.6142571443713,-0.18864138330184232
343.05377584353795,0.19440460176042507
360.00940306279097,0.32241512642508496
360.00940306279097,0.13389643427024112
348.5239596932285,0.0718742410217601
338.89228006753825,-0.12398443205188414
323.85521832255506,-0.5731517693810702
324.89340911606547,0.06570524466496863
324.89340911606547,0.1072943063117009
353.70742608489553,0.4929469742241963
333.37654401624843,-0.06329740381215743
334.43054392980724,-0.5139080348018297
314.98558423373885,-0.14121318625359436
335.4299030327932,-0.016539128681870352
385.83541380478266,0.7176009779011565
389.9060393197759,-0.23387045363494963
344.6802255860672,-0.4312272271429265
364.9848311371609,0.24940927862905937
337.9620775936877,-0.4370439774411352
371.67306370916504,0.40732778495532784
379.37694790489473,0.4372318267000992
389.1264865841756,-0.2640536493979653
380.4148019303382,-0.30377776759576136
368.08145762402006,0.009141288842215545
340.6660608244312,-0.4749201137519776
350.35571579820686,0.35581491175082647
348.09270029832123,-0.39727602307254983
341.5786091069165,0.07762860824482232
351.50236627955474,-0.031553427400922374
365.3096613137982,0.4145247947011512
334.0986492106318,-0.1667471024106817
338.31153866629484,0.5529179279160417
350.690519899065,-0.2050925118488749
314.1626457685915,-0.48949568566581547
314.1626457685915,0.5583935556356892
317.1255522221081,0.03858024563351137
317.1255522221081,0.6719406132374388
359.23275053025355,0.6628154182003527
352.3444525246745,-0.13294290358760463
357.21943963469124,-0.1578593649053346
369.0874488878978,0.38777133769269767
374.25621750389894,-0.23490133741654518
339.52660690591415,-0.0932932574763754
365.1066040084943,-0.18332303909301118
343.2614229632927,-0.09390855129254305
311.48000700159315,-0.1881719764224954
334.34903134363446,0.22118534493858988
330.47030520205675,-0.055864353108972864
359.3132219788724,0.14664098192827169
326.14244506418953,-0.06746605005946549
332.23743413853214,0.3371721914337513
341.41677011777784,-0.10562691724430806
338.8749595236736,-0.17238238144693696
353.07644847256495,0.2546282172247629
353.26064369816527,0.038875347194107235
366.67488182268283,0.2648138945326082
353.77415168749445,-0.12608293128005243
365.1919944009557,-0.07557344255474163
357.82079235304985,-0.20244502354626093
376.6357720126344,0.388178395102841
373.22241817522576,-0.2587746753472402
355.8208092827852,-0.27281986028617666
366.5870121159067,0.06681914791806776
338.6041433783792,-0.11102872091942118
315.13019708964936,-0.19296063557396792
319.7557136375768,-0.2058268761081763
345.2650226132454,0.3628216048775812
359.59437607188795,0.24185030318585632
325.65828731197246,-0.7095249754078168
332.1216432631796,0.2975945729108389
332.1216432631796,0.2943551583275621
345.5483697613341,0.10687543415065193
364.8182202209055,0.25441116350941684
343.43863174789465,-0.4021025771500035
313.8431508601247,-0.29543419305832685
313.8431508601247,0.08995265411363107
330.31480276839466,0.318024491611709
303.94482846448614,-0.36138385025674324
303.94482846448614,0.5170130980419572
313.06424349117,0.30799690255514633
358.4097952612839,0.5210319021757641
357.93299468290036,0.011202882926568236
379.95314109508126,0.1212846075611651
379.95314109508126,0.35410428180966846
343.2707652910795,-0.5008513009754552
385.1045205253967,0.5294794797250688
362.9970862529702,-0.20388143959326044
357.28635633522805,-0.09383982116924017
357.2896363000945,0.11536914319594871
362.29185849318884,0.3014977742893734
375.30541606531784,0.08529837818639407
371.63946268561455,-0.20467469978848385
369.4746554812818,-0.11912365340128872
349.45584064854955,-0.4231661428032112
355.5476578068414,-0.009064515993031819
360.7468613618035,-0.1240338208999674
366.8683897832068,0.3265455524326626
373.4548190861052,0.4795723190973149
384.98481592901857,0.24031957873933152
380.80942490637443,-0.39189042152770526
380.80942490637443,0.12100228338158558
395.1447334748995,0.8652451924189108
410.0921420038751,0.19207465613499153
412.7506417799086,0.09333965546147738
410.445685715391,-0.18654676068956633
396.682847399495,0.03128761760058296
378.89522174677467,-0.18977515521419264
392.3889390031086,-0.060077028061186866
326.0676724428634,-0.6098942981711843
326.0676724428634,0.5693410596832109
326.0676724428634,0.5946974342170961
319.68955612719185,-0.0783458883036019
358.45280598131177,0.7484788768319959
325.4505945248747,-0.1536159967192816
372.0211367765385,0.5046362410105303
339.6929043897618,-0.2008724521175509
358.5704806955709,-0.11626608473363831
341.97179268320684,-0.2978432667721336
353.3951377020555,0.4709507528211816
355.1367014754156,-0.017954995962895737
362.9844235351326,-0.5480911359589982
361.66464364847127,0.24655388974520065
381.9386054077683,0.34573353488826797
351.0840793610014,-0.4069119914422572
354.46478614652614,0.11635241270550978
378.8349196531762,0.09989742034053961
349.68691027043735,-0.23267940886785254
345.3723203244004,0.17489323729034822
362.45273240533123,0.06000281989292944
328.8231094268406,-0.4521170540760977
333.61813203957587,0.12491418487866213
382.21960127313514,0.7792043635814707
333.2737048134009,-0.7304561923748452
351.65342695415455,0.29718812580699705
345.07328100058237,0.14434910755096553
348.91426064112926,-0.21446183856892276
364.3885039737001,0.43512685969199083
357.02003810252404,-0.5381870554460875
348.94644840326816,-0.1566704744730032
356.9949569222474,-0.09865159186017536
381.6501455557019,0.40228735993105147
369.7843569055688,0.03816291861232912
356.7921265300049,0.2364547856830086
376.2772893686661,-0.1615567281165795
346.01038987310505,-0.291889979300322
352.19768271917695,-0.21587420048354033
352.01824432470875,-0.17751532260365366
326.6129408538607,-0.15107207214828122
352.6070475538064,0.607506140565647
331.3524934404195,-0.5840723671338992
306.9136658681275,-0.2957175446495057
315.50280160062226,0.14371963200960636
315.50280160062226,0.13168331005101663
356.8690851917218,0.2778463780606444
343.0381820641508,-0.2837143509098041
348.3835566066247,0.43289628084153264
362.41581561083905,-0.08583734150306555
342.864432740319,-0.08629299780500332
369.1664468299679,0.3964689461197395
347.08025200562724,-0.3024200691227179
370.3016043476465,0.3696677625484881
345.3491481108453,-0.6036162562643312
337.46873770860935,-0.24024989870235913
319.423954554243,-0.06713877481649888
321.6782975935948,0.16300742939915835
312.48291592809966,0.05828489792975233
322.1709656709813,0.18649225711897088
307.8025746111668,-0.3075492466311971
314.95943505494824,0.1650723829989147
303.37157069873933,-0.1548456752192351
347.9613987772182,0.7014044535617359
370.8215689263774,0.11022148217637096
355.59586295312806,-0.19666250508180383
376.4186406288239,0.1074248363896686
411.3408020156206,0.31217691087022104
377.8343127630767,0.04394857462784785
336.7182508094667,-0.6572080054727394
342.78007554158836,0.4952506308420652
346.4396193604757,-0.09918979319650134
336.82738786928974,0.0353669520367248
338.8493253701377,-0.25886159513652274
319.58002135348465,0.043728577050046624
315.8315878195132,-0.08754469460950531
334.9774081016487,0.07423946203414289
323.7722933479039,-0.03647161006506394
316.89859908282034,-0.02300881630208096
305.5645792236533,0.106869044817131
320.0819728679218,0.5164437638488835
325.9101476203701,-0.02513625380947815
339.5051626532956,-0.08505283978945499
346.51562496005573,0.3207611325109383
365.33829177023614,0.23856319048161367
347.7140736349641,-0.3868486320161537
354.51167571532267,0.1331520290956405
354.10998162720904,-0.06855302227938864
353.0196791358658,-0.10158088397042775
344.67262367295723,0.02326527362561137
345.959230957148,-0.18742307163233818
354.21216099313705,0.031827888201405585
334.9322481477131,0.022803645971862352
356.37684505922704,-0.057490786855055376
356.37684505922704,0.11402220799209317
356.37684505922704,0.536007235452189
356.21180754913115,0.16183172048431516
385.73264849898305,0.5240578823479609
372.45630160613405,-0.39299678916336234
372.45630160613405,0.5784049444138191
356.356589048203,-0.007343479710357315
341.92853761584456,0.1767551465542283
347.38201446366446,-0.020744409604048997
347.38201446366446,0.5587552252568457
347.38201446366446,0.41082391271106644
328.82005980140656,0.1435834462507728
354.33772068197874,0.08636761366881274
349.5131514695039,0.0004665739029405813
369.1867561256351,-0.12942033537524367
367.0833947472107,0.005942340784258704
352.0680965580931,0.033678816414749235
367.668613901114,0.08744646185823512
365.69658726549414,-0.33145110182749704
369.8161499036874,-0.17472900789471169
364.5520748985028,-0.07334080268174148
366.950026904338,0.1033484807185232
369.69759764311453,0.44168249677886706
381.4888698753355,0.004568751589658859
368.5741403064581,-0.07984287550630143
394.9602265734459,0.21929158095508683
342.5806989056268,-0.3113038518437179
351.05291155069614,-0.23901611603196216
369.91833246505246,0.38180403711567124
343.97450668884676,-0.2048077293619599
338.1382640418233,-0.13044520610014843
343.89904044098927,-0.21791851877765112
353.8354342581165,0.5575738574223124
343.6055967590401,-0.15938505246958812
344.74365794200065,-0.1944276565702694
357.03710202939703,0.059910077544600426
363.78977389124464,0.5388373231851347
378.3636471867838,-0.5141357329464427
356.89876789058485,0.228884029646224
372.44351890638376,-0.09095757921750192
351.13924890588834,-0.5589233836069525
353.0972066756956,-0.03774514208760138
324.7157760282159,-0.22881049439456547
340.49874156089214,0.2196425370053703
347.7389732381494,-0.022256661002529654
347.7389732381494,0.5962456410596815
337.13307598120775,-0.3217133497752229
352.4731347689355,0.025690922789408432
361.99468733559087,0.4444373898252252
353.3144938819457,-0.07949300921393387
359.6118448774036,-0.17947997630108148
320.5426296785235,-0.2624041250827531
363.79731186619875,0.4243279215762641
324.16444783200893,-0.48959752857263084
313.86819720983925,0.06869515089090328
313.86819720983925,0.8232046025057116
315.7331926766292,-0.012708942192489303
327.41016797021655,0.10880746325108248
327.41016797021655,0.4946573066625888
344.7689104507525,0.17708547919221473
314.392802708166,-0.4767324903549479
355.850918586561,0.4571528881950826
357.9617716296802,0.0797121363716542
374.72960273945785,0.022728620172756564
380.1885490159085,0.4145793873473167
357.7074429329789,-0.16818414240185575
354.4740333272456,-0.10976015987080245
362.9381956994447,-0.1975271462068804
362.9381956994447,0.5061158228655813
353.0621853764168,-0.13593864653864784
385.86884770766903,0.407314808482397
382.94994435800464,0.08174665712090246
370.20402934948015,-0.04223472189084987
330.19426550199853,-0.6993344326563147
376.318569492497,0.3823637697931872
322.1709721007442,-0.516221097785774
348.10075772492456,0.20284423201349
316.3387649131399,-0.17380266829547963
309.9622144684188,-0.16613353476054726
344.7348097325716,0.21077972547300305
344.7348097325716,0.14202108249469347
358.6051408930809,0.5127779401586849
358.6051408930809,0.25372560317373427
355.53224608473386,-0.17888187968674174
360.3067093826332,-0.20746035412662422
383.407151711698,0.13909162264189945
368.3959684910447,0.004025281592248575
339.0023425002967,-0.3723188394483259
355.4473583920051,0.4409313789878979
346.53188564773285,-0.36668634546890644
346.53188564773285,0.3222931675361451
384.0903507905858,0.3189553351601262
373.4211286169571,-0.60234261118012
362.25862051450383,-0.1696003665807666
330.094359613226,-0.5899951566649406
330.094359613226,0.5112605645113035
330.094359613226,0.7002344735176393
343.4875166213405,0.045851779166127926
317.6660354440815,-0.017388961157962513
341.12757437462085,0.09895019351210976
357.1417739650803,0.36021464852581175
385.56331178036777,0.34010760141063656
337.2479904870264,-0.5537548458217998
378.8789752015666,0.42700815836940365
373.08311538552215,-0.19251380216360303
370.6250595772283,0.47439972120037055
382.1989455666519,0.19472204560872797
389.8775228140985,-0.09155607860611781
383.3596165106477,-0.06497860890442553
350.0023872275906,-0.3804699463743191
333.2397662806771,-0.0013621993794004084
365.0953423296765,0.3182768589306306
362.3906790215151,-0.18943007574057447
365.29027437629685,-0.09901940442364321
342.9955966375733,-0.020005552875545618
327.0963462902587,-0.27416253081514697
337.06162612741025,0.25453709442501804
376.26536874437807,0.619590074805842
338.7795319162169,-0.07980474357236744
366.4202935320976,0.11713409051901635
344.9024575228901,-0.32201567554238864
322.3594823461995,-0.6172975303786643
340.3882597925534,0.2222904175370104
354.17642121676164,0.4243638331015518
345.71466167738794,-0.4905434985695365
345.8441674213407,-0.008817389850037216
340.16847806599225,0.12244777590456124
356.90432656622676,-0.05552806148284617
356.90432656622676,0.17812883294300264
346.7269618730054,0.011341499444824876
360.4594916355406,0.08407701521264244
368.0162422833794,0.09914655139334627
357.2677709278556,-0.29034343814089425
354.26600806574857,0.0321260935564851
381.2733050765413,0.3343958340909694
398.7225368180376,0.2725002845280642
392.0035166973321,-0.28931508529024086
370.48401928645103,-0.40965308332260975
353.4548007765862,0.019016229395788287
373.549123292856,0.1083321311580221
356.05515901899537,-0.08450448043834058
360.41344055370234,-0.20621174998348124
350.91392799734103,0.3765490930081796
359.50707524215557,0.1084744387143246
338.29162152305514,-0.2465023047818704
325.43567510556574,-0.0265681467730019
336.8136007366964,0.18719079022093865
340.3816680829414,-0.4573193584785713
351.6859595677907,0.2984739586994465
321.24977990072057,-0.4854647702733246
306.4737340586804,-0.24093760718517387
306.4737340586804,0.47841477483325434
306.4737340586804,0.44138846295845724
306.4737340586804,0.5852469883101321
325.8883823502496,0.09026754136903037
322.85799519230864,0.24195620093462367
363.82080579573176,0.192990400987469
345.60030264776594,-0.09019515081752161
351.7403208519029,-0.18843629545494878
347.10561199793034,0.17058419776799383
388.71768356189875,0.5031803485567252
381.3231543559799,0.013282678689620298
326.6538351143032,-0.6258037499081865
325.9122369378833,-0.10084965933822332
325.9122369378833,0.41575041983946903
325.9122369378833,0.16042270590594399
321.193889749018,0.03165580170752946
345.1238302213077,0.3136171829198702
345.9859086590808,0.040662318607132875
323.4453760720721,-0.46866321577442704
388.02511707441187,0.7644017893960608
368.9505311713978,-0.14920171879566624
382.86767103758746,0.23208125967664728
390.690348108791,-0.014935780644691476
374.56808703051223,-0.18124366810616266
345.02391229899507,-0.5170498962704642
354.965339577095,-0.4337989802579614
354.965339577095,0.17545087901169154
357.2862688040233,0.07430712379164106
373.6535657552175,0.08811344508251295
371.3173715554577,0.28655128449395306
388.27175708037015,0.3978437113966038
372.56163380827985,0.009057205326030271
372.2802951141583,-0.19463314328527304
354.4667849157058,-0.261380011550159
345.08467423791694,0.05866029338005774
363.29566950702997,0.11271597735583327
373.6282641237014,-0.06893452681072176
355.3806742912279,-0.2822337458162565
371.0834913678252,0.023781614228937542
391.58305913533627,0.5993770434386079
360.04822435237315,-0.26248170759708955
374.1101188360656,-0.2271851323177998
374.1101188360656,0.648383094106066
372.59318870578716,-0.10190435773029094
358.0580524704748,-0.26214334936298656
399.3698720920188,0.5314819514742339
382.4644591138726,-0.23587717856707968
362.9153850434253,0.25145851613456216
338.3744635734113,-0.632071506437228
338.3744635734113,0.705157105106764
338.3744635734113,0.3511071041585865
342.516711921958,0.6250957745899086
339.2483305750037,-0.48694421615402916
339.2483305750037,0.24119761144982022
371.5787329469103,0.5188220397310488
392.31754251326055,0.21681201237140613
377.9919452490354,-0.31988870011707604
356.66682218559146,-0.07772363053481968
330.3240672382516,-0.5460221340247244
323.5300258635235,-0.3299173430539213
345.6096346709064,0.3925769577404026
369.66303010807405,0.5080455620047815
346.76773576959863,-0.7279855771229222
346.76773576959863,0.24523910843220165
390.53807961245803,0.8150153231772492
373.9852486237612,-0.26484221488499315
346.4870989191643,-0.4527983113666778
338.5378371370806,-0.34082466369568465
348.6020226830952,0.3440653146635668
324.7689389775655,-0.2791862113026582
318.67207215256224,-0.08093577519707651
337.46127711969865,0.0684345932445467
361.63682632713414,0.12701508499537795
363.0763334084723,0.22541712610097875
359.78372331211403,-0.29030820200159724
382.8736624648753,0.49554619169862235
378.0650858072203,0.07881133955629593
357.238167204276,-0.36648684131353093
377.0335670238053,0.38559066827269817
370.5223767629687,-0.26119385176320975
369.92681579617124,-0.20801189451844948
333.6489203210144,-0.7116410630206929
349.37463588357014,0.11844096223114775
372.83834562622627,0.5194282047636989
372.83834562622627,0.3882529645929935
382.57237222921935,0.05723061289245379
370.4461452529718,-0.3398527855035809
360.881654782369,0.0374320753929851
348.21741133113346,0.2021135351687917
336.0535224883096,-0.09024316113925579
338.63847647960006,-0.46594201662071555
332.7611799062192,0.3653114390568817
332.7611799062192,0.22755311660750976
346.0590827382781,-0.33455119657139676
346.0590827382781,0.1500291492592396
330.9109961069609,0.01713826498655635
311.8633252927439,-0.3767762932043297
311.8633252927439,0.3485588644477957
328.69785613702265,0.30838758947709266
321.45436975080105,-0.056122707579106645
301.187450225567,-0.3791700437311647
311.3103469577271,-0.02442971616721934
321.2234128102683,0.24121675217566008
352.3997359116053,0.12535507600955498
329.34448159791356,-0.03746193573499568
329.34448159791356,0.3196294376732567
315.99596309765394,-0.3416652680778043
315.99596309765394,0.3823211612116211
292.1015157854787,0.1886873755192937
292.1015157854787,0.3579938624651504
319.67797118355713,0.32958761444206175
339.69407235607673,0.07434033049935351
334.46721439743476,-0.34197399315951316
388.9436789488276,0.6431149950623194
386.2310848527095,0.24089312811565833
377.6234895378388,-0.03150807243036979
377.6234895378388,0.5557031359593338
372.9615742366119,-0.254140116344729
355.1049649416119,-0.37405308845734453
361.5893398145807,0.014230489950932679
379.1518586905828,0.7592428594267631
412.75285593683327,0.010651188583324256
380.1429851083218,-0.37859905112532033
366.91570717466766,-0.1696037464183746
366.91570717466766,0.3334210559847861
391.03395016971916,0.17905942147024234
371.0317925327539,-0.1528025024042563
375.7052089981968,-0.1714386933484775
333.59095850797974,-0.5877087348960686
333.2687744750942,-0.2751636143144651
333.58883238090084,0.20121501047947277
407.2706053883679,1.0886996911267488
380.74247919582723,-0.5671001013165551
381.5172723799408,0.05856769713477661
372.6167522801626,-0.6313690567523054
326.34200646780863,-0.24975453589786412
357.13338964145345,0.5011638839796433
371.95532856454037,0.22838537163443107
378.5513363633615,0.25341808357575246
416.1269717433874,0.41560231719847707
361.0804942685677,-0.7213865349090156
364.7326621552903,-0.25248819822422774
333.01780805803014,-0.048036735913683515
358.4185397140131,0.1001873018334436
336.90077727460306,0.07879203511561172
337.63141362916735,0.03255112113129144
352.6557671133672,0.10771084459554459
389.15379539438743,0.7454628076845893
381.16927564610194,-0.17816455870445225
393.22646851124347,0.5351887995965399
368.8136120338597,0.00016229917650889547
325.78785896372403,-0.610550461815933
311.76817026075395,0.17005869629838344
351.84613889214364,-0.004760954164453324
387.13094327220387,0.5715182045203164
347.5804497463444,-0.33402754451412875
349.2489722996872,0.0224824715721752
339.6448947959019,-0.22865583117163624
336.5414464515719,-0.1303872282538805
346.91708405335606,0.1421466590638829
337.5490980434156,0.03103103339799418
330.6668240743364,-0.2160302679758388
363.12456376740954,0.6287252655689599
363.12456376740954,0.22302863407787754
390.55352809408555,0.17518717444113463
375.8808772250441,-0.23725577822278865
384.7290641043056,0.2409997815738052
406.72899950504564,0.21578052547613424
402.46042374442186,0.08869048515862232
422.86722174740186,0.22922966488056318
395.08839176952904,-0.5904786994510687
381.82470736248973,0.17928334234420618
389.93452093360077,-0.009594113282787475
389.2448113197344,0.29004644018641557
378.78800198382885,-0.03383456390452011
384.36409710507746,-0.49213141208133493
384.36409710507746,0.1744058339922958
380.8384927480061,-0.14951073749170973
380.8384927480061,0.21027309766577673
390.4091814176512,0.44502335013373795
407.28224836432287,-0.45278562079602125
380.20274750729675,0.17485930691793783
356.6943356499555,-0.08702980340251543
366.11733809722045,0.21299294535208446
355.0605233655866,-0.46618253968392764
337.8643173754672,-0.3207821126353565
338.6279761875024,0.06510878253618557
338.6279761875024,0.506972138927722
337.2221518122354,0.13204457377446488
344.0274855788375,0.22190407849029725
335.47611375337794,0.015006390135226866
355.90818959958176,0.40878999429082796
375.38180191824824,-0.031730724229873886
356.707771987312,-0.14823364801031857
367.8713986198863,0.25671358877684725
344.7345718950557,-0.33051976625120005
352.01300882890484,-0.004503788906390582
362.2391990163087,0.06249602732839321
349.3048745806868,-0.00874092766071044
341.8756908202627,-0.07979477312119343
342.65598574032157,-0.012028419116177247
322.2788889942088,-0.3575633344826201
320.51305215999514,-0.3912783932103139
354.6396371892299,0.46837795213343725
356.86387389597036,-0.015285798790159788
356.86387389597036,0.6058482512719365
354.62273364177344,0.018775905490883815
357.94537244723494,0.3799335446801706
348.0818640561673,0.009564347585865107
372.8114359563671,0.06475844096405581
407.98481774209887,0.4860215522892304
360.35233105946526,-0.6903187888202638
360.35233105946526,0.16924410522278777
350.6301891792512,0.06342884544778826
335.6483680679673,-0.2675533982410343
335.6483680679673,0.3144043909677521
337.28500960594897,-0.06122393404223203
342.2564932577115,0.00954349102175911
346.7438192224481,0.3509433477050834
342.62267788242497,0.030767465318945142
368.16697947206757,0.21614452911285298
369.32130216289397,-0.2562077218229888
346.3601863281405,-0.4200132153683853
331.342403160651,-0.024620946747631933
332.1822292449992,0.2595780226080251
332.1822292449992,0.10673761783550617
347.77657533071704,0.2839260466264477
338.3823367017581,-0.388551883013065
343.92557866572685,0.3120878657873618
348.3481737625502,0.07120833725593911
388.88635241004476,0.34071459046822383
379.200923658578,-0.23476491325754978
364.4678123565335,0.04919406311887542
322.42403339703924,-0.6533760867085903
357.03224019065857,0.7617329098177379
347.8358706322258,-0.35167287313902307
369.9854288792784,0.15701398737917316
369.9854288792784,0.27906874798247827
369.9854288792784,0.4576274956037878
362.4751451655981,-0.09056330409282509
344.36237641675837,-0.06074387275111803
360.48321140996023,-0.25577536487833186
363.81238929367413,0.042459882516595826
396.13626051175345,0.5514736617900553
357.71027254088585,-0.5802029804694939
383.2904930555319,0.17891725472384223
358.0602334170737,-0.20310296605043732
358.0602334170737,0.17631179632826388
335.2520553549631,-0.2372828692505209
340.08378447437906,0.21660435825219793
319.36668075519293,-0.3702654708094997
334.7074371841979,0.09321065503422687
340.28441697101704,0.211981491097049
359.75104418660146,0.37978803983287435
367.2971762037095,-0.05928925417458686
355.3726031917885,-0.15126409095068993
367.27902515991076,0.17328184843813688
365.07843304986636,0.19937232220195256
365.66626443942056,0.06140811377429145
353.9188210789211,-0.4978822555718807
376.3847981785547,0.44362926279404746
395.07176426065644,0.37817109847776464
413.9618602766143,-0.11423044377283986
426.97340315714536,0.4290323862501282
397.5536267931196,0.05293350159206511
385.48771573715555,-0.43885733863714904
340.11233040635676,-0.4723389591316618
357.6312876049751,0.3012820738588289
386.9119954101084,0.5087155029954147
342.8822812850016,-0.4706866099134004
356.2422803813333,-0.04662478840282347
334.5254831476379,0.12913539744249647
322.80767440937893,-0.3529607292474566
352.10712951809944,0.394171738697878
370.9376681055803,0.10341792674569206
363.7430934322668,0.08686422690050222
362.83133304511057,0.08615563039961671
371.04217340219793,-0.11513409839278665
386.22656050391964,0.23815284997681374
377.0791984294506,-0.2664859266478743
350.1693670231461,-0.8083665774229303
350.1693670231461,0.19813546033265084
350.1693670231461,0.6601432525690143
350.1693670231461,0.46227763568958835
352.49314490682883,0.07558287465133162
330.2933533583273,-0.2928635279504306
324.93200810004646,-0.18414289170652864
335.26642711280266,0.202309752391443
328.39883379361066,0.19418502304858976
346.36128116647734,0.25832420141750845
346.36128116647734,0.39410483361029947
349.3251011418131,-0.08819175766871012
374.440866375876,0.10087820890100829
374.440866375876,0.6850167589747116
388.6680535788844,0.32120085677308907
379.2384582245819,0.04447738144790492
368.3768751319784,-0.37458386555454126
368.3768751319784,0.15843672166829492
358.6666297809477,0.012232965528028217
351.7369860133838,0.05459630011557692
371.233089192658,0.12680634273078795
372.54883490445275,-0.016351860404938634
372.54883490445275,0.34976406956752726
385.0303202083898,0.18643712719551786
348.12905070413314,-0.5030460038606179
345.4908026765937,-0.2190788254841891
381.91427545686486,0.7127684767871187
325.9401789387405,-0.6344817687319164
307.2533207112873,-0.10482478502672166
295.2964565487851,-0.0677086581297317
336.0015864244497,0.400278860680487
324.71568748266526,-0.07500685372201588
334.88796842796665,-0.13584060246455465
332.9282903038878,0.14268295322176527
349.07688805973464,-0.08896429996900679
341.81085050787806,-0.2986785629834685
342.46179378167295,-0.02295269034686953
342.46179378167295,0.45683363990610815
315.023732125236,-0.27053042222496515
345.42075043600954,0.573120657771824
345.42075043600954,0.27213349877183646
390.40775549076784,0.4943459741087963
359.01178604204085,-0.5712676154729479
348.0829538848695,-0.07176898854436331
345.52449658023477,-0.01618343791301413
320.5974661584584,0.07048038771233678
339.0556776535431,-0.016365989786208957
340.9990279801923,0.10520261299336653
338.4918658772538,-0.3479383597098149
336.3211048423401,0.2173172510142649
358.84508465055,0.45263586873704753
359.56074604257134,-0.3942642946469732
340.05502503936935,-0.5744395827819062
340.233793601821,0.06395040609447733
316.002382661392,-0.3405200514662283
328.8502594753257,0.1846166697098397
352.723198880397,0.27335363810436775
330.14349355876715,-0.09332849482518668
330.14349355876715,0.5674638960574612
320.2078776835745,-0.11576721858295969
320.2078776835745,0.6204138654843518
330.7579433801568,0.008901053161935124
330.7579433801568,0.5943808918196964
348.0311871156924,0.3878214904931383
348.84543214831285,-0.2803638292797359
344.91786482166634,0.05765675750308219
368.0596779853119,0.2265619902943854
346.0949233651587,0.10561956897129221
336.12163406656236,-0.5721246070518191
331.6035271869014,-0.12649182352140542
331.0089776349996,-0.0533773694098727
331.0089776349996,0.19799808451250556
344.34944149611624,-0.05994364332866553
345.90639072240333,-0.28965020259204266
345.90639072240333,0.12085496319537015
345.90639072240333,0.2682106890832756
333.70524301000773,0.09922118130361923
345.5432303741648,0.17724603239537373
333.16507092352555,-0.17704921422910047
343.840579166283,0.37675444876845177
360.65584687408625,-0.028121978989020135
349.24153168755487,-0.21784221971768147
373.3946767448312,0.3980395535147636
371.4690925129844,0.05837594273759805
374.14463449998163,0.5910345516044799
379.9521782483185,-0.44223644942769624
377.8259914949055,-0.3909052577291732
375.79914939889034,0.25776628034100213
369.0623811302401,0.2321621669095748
377.75825549483164,0.1837654430803468
354.284521177264,-0.34177262586979396
353.3140716292235,0.12777139809600158
353.94115655134624,-0.045656200630560306
351.57832634621786,-0.0016650070335799683
400.43858053742133,0.9328670956887208
362.9136449782919,-0.4614267696197203
364.37288267994717,0.17965728564956862
356.29388107403275,-0.04721810885098421
356.29388107403275,0.5288462222260932
356.29388107403275,0.1332378280909552
360.10977876891855,0.09275757095326753
357.73321661348774,-0.38645474436998484
384.1666348118451,0.37367129940696486
404.6344922306279,0.24654542939833846
388.4027870476248,-0.28494520868878226
365.79557388095054,-0.44552323887091916
346.729875363331,-0.08059992530672844
344.8897753643274,-0.05969920335724055
359.4617163595953,0.2533148759666801
371.75284715209824,-0.3896254027742998
329.00247050635875,-0.3167924817171297
363.52859753248714,0.5471595467106454
349.43649467282773,0.1509377320198837
389.2883017844318,0.4658348732459672
364.3119462404722,-0.7666814768216454
353.4806908304366,0.1176938216652843
365.7571934338266,0.06927918544295153
365.7571934338266,0.44523132817221267
391.27401749934796,0.3822457552148535
391.27401749934796,0.550757680030415
391.27401749934796,0.8536158657065016
358.9319171086692,-0.10186008352206954
385.2935187301411,-0.07797594196949831
393.87276289312274,0.4107611893950889
362.55861485195345,-0.3197499041807532
358.48456218457954,-0.20817884474183757
350.12262013173046,-0.02698453628977404
350.12262013173046,0.5319221279712565
371.6502299300104,0.5404180856048697
357.15638607059395,-0.5125014651196125
363.2257962350028,0.26157279930112054
363.2257962350028,0.5849901990329727
371.37003842107265,-0.09138332079123757
346.4095124455529,-0.3745526110517403
347.7185861697681,0.019622565098984524
372.18919282525525,0.5334907801634472
364.85018095645506,-0.1575458536046881
367.2450862889184,0.008435639345066193
374.1678231761124,0.046853813792722576
373.92684466821686,0.18388695746421035
369.2428119749832,-0.23295642938262517
369.2428119749832,0.5367506588449942
312.2327697965464,-0.5915061835660254
341.46982187954086,0.36401861157821713
341.00063472486744,0.13328963886772272
341.00063472486744,0.12149489447540418
365.9926969933044,0.9272593971459173
373.31913352278553,0.11313818819667176
359.7966296468729,-0.12369965160837637
359.7966296468729,0.282095375736958
347.8398047321253,-0.07783092621616561
335.68198079087864,-0.13000102686942228
344.7959837215236,-0.07884852909523943
331.22079816769445,-0.36196650609895187
313.6050422657242,-0.35628290283375463
348.26560445738437,0.3320401313601451
337.0212991506301,-0.0512181533341618
303.1646524660206,-0.6221629997202172
303.1646524660206,0.7528460851805221
321.34423245643706,-0.08459090524866042
342.60864895340546,0.5624689270778163
363.6198202457115,0.14135498566520255
394.81004953878306,-0.006177118595815045
378.64853680302565,-0.09806850790641874
364.58493314624894,-0.2736853711821823
334.00848744081617,-0.2362959039338648
342.17229973946183,-0.2169802255475588
342.17229973946183,0.2835209270767791
346.49866060105256,0.282044791324779
362.603388495928,-0.3649971642990977
372.719597269193,0.4976281895515058
351.570817587758,-0.39899943129694293
322.42515196263963,-0.8298337988437652
322.42515196263963,0.6772622136234077
322.42515196263963,0.7538152494048518
322.42515196263963,0.6462360099053512
322.42515196263963,0.1688674312222247
366.76240447729856,0.5263543871499223
366.76240447729856,0.3440073972776645
345.92593435309334,0.40251094746167837
309.995032252447,-0.3567821825837427
334.8816646843275,0.24514779931257635
336.1202542981205,0.06541688643915222
330.5661437875629,-0.02727795075566064
339.6420465857982,0.04791562260811588
392.6308796044082,0.5775218590374607
390.846727899872,0.10035728003026634
385.45689812843284,-0.21492625952157596
395.55033377516855,0.18148415850737365
341.36078653078636,-0.6006713505594234
335.4001323522508,-0.22200409293884604
335.4001323522508,0.696261999359649
315.0781577453637,-0.15703681870900255
338.2122932389081,0.13339350497653868
379.1883573194714,0.5165549044429554
372.802975189533,-0.13635651369963853
372.802975189533,0.39264925347470125
351.9389867592848,-0.06012619837326838
341.40753512607574,-0.27818519030211064
374.4548721562137,0.07461767442316614
367.5627916817068,0.016194462840871893
367.5627916817068,0.4666967720939965
367.5627916817068,0.36515707840464984
341.5894916220899,-0.4361086657385158
381.6085197414218,0.5162088158040206
333.06614809467004,-0.289009650200569
338.3311977738994,0.030615461769457397
318.2960112936378,-0.019745982877225288
339.4442891069985,0.13856213754763758
339.4442891069985,0.8081717051803707
319.1511239494549,-0.16966449859307886
319.1511239494549,0.17034973714919488
346.59798036109987,0.33579289019451153
326.9744757241554,-0.17228721941842196
323.49569417892485,0.0945710923012939
334.3516226466033,0.29734057486894017
359.785039085085,0.03520388923607243
355.3329434715248,-0.0937421726315506
339.2514578834234,-0.23637888566145193
325.7160881438012,0.017629625460131138
325.7160881438012,0.7398910309353823
334.52031159036306,0.18641815665273498
356.5826393032356,0.18831339886196474
356.5826393032356,0.47869702486661936
369.3354320479379,0.04381856909799353
372.71808439597675,0.076720389045704
374.9248545825164,-0.051517074281264286
364.2151666996146,-0.2943441790198449
348.19707878666514,-0.4312164777468297
359.5417892014341,0.007718770160522581
346.8614274411325,-0.10000495472866078
325.49561387651806,0.05103458043174669
327.7719123691409,-0.49615378701662394
321.53122688771526,-0.3458276360961463
321.53122688771526,0.7542024198875197
335.0301083957079,0.10815288575633986
351.2069161696032,0.4660706344574237
341.593165807058,-0.3138453583351293
356.59687490774616,0.3121537508382062
356.59687490774616,0.3758027220920894
382.5699489585694,0.2328779222581261
361.08669068811173,-0.12036362612104767
371.7758685388704,-0.07304519417300526
359.3705558801123,0.0205844867630276
343.0038065828076,-0.21690988415844004
330.3520024832228,-0.029481602728310463
330.3520024832228,0.3012285345809005
343.63134526503944,0.2779051724398869
352.4776706877655,-0.08392610262887956
353.73803766795345,0.07442907139579802
331.3451546912315,-0.41214169848547044
331.3451546912315,0.3235697068658965
323.76866998306014,-0.11593270710022807
351.0440327014146,0.3395389929439716
351.0440327014146,0.6928726474538962
394.1611235231925,0.6301652135309723
388.2467751966148,-0.10896204997550285
390.8831712445288,0.14727733508675556
382.8084540147822,0.1901329173048225
356.67425445351137,-0.08705717903842469
356.7568076703029,0.11852392048047022
343.23350829039373,-0.09847948000526685
341.29530990309655,-0.0003875624151987722
340.7080157220921,-0.3185443732982094
345.40635454430634,0.3340912498227908
318.45460835037636,-0.6155829957212973
318.45460835037636,0.07802844460263714
318.5257604510718,0.18832291017201896
322.5432742862108,-0.16276570514366995
317.7503457554282,-0.062191449749207095
337.4170263894423,-0.08973615871741458
361.03482554305873,0.13179502763978235
348.7777739062409,0.06342374028713493
355.6810299766692,-0.033344050506570966
336.0197984952813,-0.14923709461879753
339.7872109914965,-0.3614414777745196
339.7872109914965,0.4736305649324777
307.9112517793439,0.061479802418034524
357.65858850792193,0.1605161918137128
349.0538425710231,-0.23406755426083237
335.73014417239494,-0.0037615482439150583
335.48324202847317,0.21669470589756656
335.48324202847317,0.24440473305503474
337.2596685110191,-0.12195754555614258
323.91346693215917,-0.25532931515647306
341.6040709251823,-0.1685881441133006
335.10203109069914,-0.041753776730274694
345.0562109160137,0.4060076602539766
353.1786479696574,0.37033931065957404
360.8183094059887,-0.26558055920509105
365.28091404583637,0.34079688114877627
381.1414744071129,0.19956778187952295
337.3309642546051,-0.23749464064655967
337.3309642546051,0.6232307215886976
320.9919675312654,-0.4635105937004482
333.3242918084596,0.17756603082580114
373.2600828634594,0.4535546128234955
350.3869588238921,0.07606651263529329
363.3783702369199,0.017499191109209278
360.7713463855315,-0.005427283066637756
345.2838891667446,-0.28378626103290117
339.9584173693413,0.13433309128379278
330.8217688764265,-0.013084472170476147
344.6563273594355,0.003252678340118109
344.6563273594355,0.07747826728530072
344.6563273594355,0.7426714882641363
346.0958669230131,-0.10834393416701005
362.3341424939532,0.4533385629613349
346.96207986946587,-0.4754540618843066
333.20611636188147,0.12419233067805635
333.20611636188147,0.7171139013846641
333.20611636188147,0.7828246125211535
337.03896863808137,0.33357650818607
345.50761704433626,0.16703405480143374
358.95624730395366,0.07198696587670383
359.50892125888976,-0.17103270837685614
360.10120228367816,-0.4099655761280019
329.29825661902004,-0.34457316651560177
329.29825661902004,0.3630361498512684
315.8936104449146,0.2381300728407041
342.11615911231826,0.13584579557937104
362.4547382583027,0.2941314826866801
345.79902588372966,-0.16032332738257082
345.79902588372966,0.494319021160436
373.2419134650115,0.053485565969140225
363.2774844388698,0.09179256670779523
363.2774844388698,0.10470425411187989
351.4165013061847,3.9010454543131345e-5
364.54111847809105,-0.10713672970098287
360.86710253121475,0.2730479910696886
375.9384324398293,-0.1288520640794104
397.480820048941,0.5238309756796298
373.3219094712796,-0.28651373430466265
357.7662328047272,0.03459965131071385
375.197394138491,0.09433893015193462
354.5911659829094,-0.2696722370299085
354.5911659829094,0.3092147170448243
362.0360004611868,0.06228852148296937
362.0360004611868,0.2682489840268545
362.0360004611868,0.5224894897621652
369.21543554890974,0.22112652066812188
346.8063827782993,-0.1719246134759942
333.2897275379724,-0.06980635326874562
357.97104351452873,0.09085738801252319
333.5196695519862,0.0471203997504972
333.5196695519862,0.35343780443417927
353.6855267929873,0.056245255466251365
344.33175303165115,0.18123845108016212
354.11085934428104,0.08189805513427473
334.91751727558784,-0.28732841160478984
331.6566832970689,-0.009666216344839995
331.6566832970689,0.4887795105737496
362.38194337010174,0.04473109081777693
357.5076724261799,0.13451804317742244
355.03079260960743,0.4597188180059675
370.62483411694296,-0.1968036769843593
370.62483411694296,0.48128280991772954
352.21089278638533,-0.13933288779549002
368.96661609131087,0.5505140134250723
333.9197075997384,-0.46746034228192457
368.5618750688248,0.6286640980495122
417.7364937207936,0.7768344389878621
395.950162087312,-0.23380966548461402
375.902101639988,-0.27304050955024195
357.2304296401395,-0.08978582469069352
384.97164797872,0.11341544634103684
380.6560009284589,0.23126957976660378
342.8905578245298,-0.35547223990340626
367.49186514035193,0.47280663632125197
368.47504509168436,-0.051120188364961905
374.28926324778513,0.08563444062463077
391.233333457405,-0.047497277703769214
352.1783624671773,-0.2708055431401135
362.55428257185184,0.30451496980288084
350.26365484626143,-0.492548878513162
353.22209141624495,0.033934850894411284
390.4771568021046,0.5217544837911419
354.86926192413426,-0.6644838138328168
362.8517997459203,-0.31984243217050334
362.8517997459203,0.2436863122646855
361.84198918654255,-0.03195150336568986
372.52183341963905,0.023771704774731006
381.23752716287385,0.43334443362675756
383.38491502655796,-0.020527120763858875
414.4615933054285,0.27424655191884995
381.30254965579945,-0.3798504239846352
381.3696638880117,-0.22180125094905634
369.0232294681813,-0.1293958102542092
333.20563657908303,-0.27853068953197635
359.16797681421247,0.41484771509078655
365.5367413216895,0.37306145392847156
347.88346489948566,-0.5537664036241949
326.539820528258,0.1981673447724006
320.7357512653183,-0.030282475388730745
332.65566083327315,0.014568288996542833
337.70938737191426,-0.21523864156210948
318.4236966331781,-0.14694078207230632
357.98337897153704,0.3979185137750392
365.06433322719874,0.27531807029606625
332.5238454716059,-0.4284431534615578
351.8353243003937,0.39195374124801674
365.12996974242014,-0.112590169211785
356.2424691726675,-0.15254597364889833
356.2424691726675,0.3538102390837139
356.2424691726675,0.164670847474099
349.0003881150284,-0.24805295819146522
353.39334411929104,0.13115536452744436
358.3339122816686,-0.07712456408910384
330.62442216738697,-0.029505900989761358
358.17944566507634,-0.028697188595742773
348.8929699494458,0.1073085491581196
352.70574054376874,-0.08507333821717111
348.9675293059755,-0.00822516934806572
352.4460843335292,-0.13041979085301136
350.07259061741235,-0.08924819514754745
345.0818099778084,-0.09969543746785803
348.9624504753981,-0.03793012041114707
379.65711781796074,0.444257314923334
375.9189955970266,0.15566439890562833
360.29000376160843,-0.5026728233267477
374.2740244709075,0.6754850788123576
353.6068781911101,-0.3944393341525938
351.6472127287299,-0.12403717842903461
353.54578459423504,-0.2258667711646467
353.54578459423504,0.12981607377298587
339.8928246485602,-0.00267609817160519
394.19847492727416,0.43686681484791734
407.67599760366375,0.31763399946146365
392.4093643700099,-0.2160891589867333
343.8463005775145,-0.8887682866167097
335.4471542078752,-0.22907277464651088
352.39273252076805,0.18567350334205912
352.39273252076805,0.5830955719898157
368.3010993274193,0.2536858175586758
354.106836137622,-0.0976521091088216
384.21591095176495,0.12211325751138702
367.661951523268,-0.25265141293880333
384.2614588712796,-0.0076742037629173865
367.667784584821,0.022634295314446717
364.72532531100285,-0.19110626362612493
347.68542294442057,-0.05022807810166796
356.09132540788596,0.06262220633743709
375.7695526458631,0.22264144660800866
319.6174468707783,-0.5197768493459307
343.1019780850956,0.3818329974867538
340.70462289946266,-0.19879858837919073
344.0645481334814,0.3055340997249232
363.74418394519677,0.11082813119992352
333.173671562166,-0.4295098017530563
329.9752653677551,-0.04435386129478047
343.14708741795033,0.11118428417967152
316.7151959912759,-0.3218129883576921
326.7810075016999,0.20755805641988445
324.9517249176426,-0.09813847429109046
335.08890758321854,0.15809830803993918
335.08890758321854,0.4340543804083836
332.5809885439362,-0.4125975017645942
331.010767886514,0.22442404153105144
326.53056389397176,0.03518831992607829
355.4539333884868,0.1269409639519381
352.27542963554777,-0.437775914379813
380.4314807440364,0.14003661344577267
360.21606797048184,0.3280199840540945
366.5246343476014,-0.1641034499757552
375.91253394522727,0.29953959712338474
389.37662870323277,0.27842364915045437
382.7748065195925,0.1948472858318837
378.36061963207845,-0.13929828743164308
369.14288944349704,0.0737106649658017
371.06309949171003,0.21898515698933352
383.687327873594,0.16030227205078518
395.7760549041338,0.15925250910561317
377.8535855502567,-0.08778402282644038
346.526044987356,-0.5925426620862027
343.5280398790589,-0.13533478544059108
338.45753529627984,-0.22073640915505166
333.65960960547125,0.514657125470876
342.1678179666978,-0.3328955258592714
389.62789125060885,0.18512513225584826
377.1200487497342,-0.11357639710377043
403.35290259442746,0.38061363542817617
365.37985218306136,-0.43699000595722737
355.90597403194255,-0.09939833138560061
356.21694096591443,-0.26352685390850183
353.0033731316703,0.209529734819057
340.2098092202501,-0.14782477723110787
334.05387083272933,-0.11438703807618822
356.39055317772676,0.6118688545711848
348.5362879799735,-0.08436791186909431
310.2334661526915,-0.3764100937200965
320.82875829648395,0.042140547046983556
319.1990121024649,0.27805171769637127
319.1990121024649,0.6683629315590451
319.1990121024649,0.2805895864979675
327.2532924624712,0.3053303554905824
315.91365115539486,-0.28842728774793613
323.1842474826031,0.05146329643730496
340.3677749705347,0.08424065196379615
348.9486068736419,0.18606063218373947
324.72730236895126,-0.2339684476023649
348.9163724719413,0.17450828186451872
348.9163724719413,0.3517218142416141
330.57046086875346,-0.04930355169290124
330.57046086875346,0.6626738729298722
330.57046086875346,0.8116454048981723
365.8724412254638,0.2706522139567369
365.8724412254638,0.08338636096891605
343.6929313942781,-0.5268737615094778
355.1334836130174,0.2935808155586983
343.0838423544755,0.15869498513279723
360.5268601917728,-0.16116880955792112
329.0890237113138,0.15643708618620167
329.0890237113138,0.29990003956459077
333.93572222485903,-0.29810387733505195
346.0203781800132,0.01997000556070816
357.1700471756731,0.29392344072266496
323.78238233683857,-0.509227219393324
323.78238233683857,0.5906428566132718
323.78238233683857,0.008082316829813863
333.67726446490354,-0.05558834316889261
356.14960773834974,-0.026971606994493413
377.4635292625014,0.11546362493811557
369.55993527487175,-0.20615293010166624
377.61349078903345,0.20132241209546464
400.19191165074375,0.09809134254703622
372.57711718769986,-0.5354073715650429
399.71300133859773,0.323312573652629
387.4895899183095,-0.02193250728885232
358.8349957897862,-0.3408314631931262
371.7784733523948,0.1285563434478263
356.23819761689697,-0.2876623957150741
333.50054958856043,-0.23030459080587207
333.50054958856043,0.40495831333805654
306.9246542993565,-0.3492942226585001
327.950635411719,0.3619778058650809
310.573664980171,-0.005193487349629322
311.714548069623,-0.2557642317005957
288.83836774614207,-0.3994409469718221
311.55983650937384,0.23476608240071073
311.55983650937384,0.12790918874259205
340.83576757117663,0.12308166547813926
326.2850626882813,-0.14197786663532952
315.7206721014903,0.07987912383657658
344.3246889690895,0.47226343360523515
367.30423813025055,0.12252118942012657
344.77988022366094,-0.3549380745690769
372.2886322232685,0.30961932858554064
335.4562789161813,-0.474302840795076
334.0674135090983,0.08319232043902502
338.0233429031014,-0.09599549080451197
327.77769492186445,-0.21539923666864524
333.28465443996976,0.19382546044448645
352.79666029124485,-0.23555136214906724
313.38448876966726,-0.30726063226848055
318.584290306731,0.1536015198635141
346.5747953977886,0.634888736551602
377.0785241519371,0.34047333583168893
358.3275123095574,-0.40674896946654826
358.02319954796343,0.0001913308852863338
343.94747457935233,0.17468447008968724
363.30696646755257,0.018785942073577644
358.18521956920307,-0.0812551563467423
340.3485835457788,-0.3292281745382297
340.3485835457788,0.4756149203020641
340.3485835457788,0.374063798250063
340.3485835457788,0.38016812713021864
345.29066994425085,-0.07953008671324824
337.83295453916446,-0.08995156178468733
340.9827002736956,0.002017525440692225
371.0227132871936,0.19506767581344775
391.3677092361953,0.05807575230778639
397.31518380949825,-0.10866550070909398
383.53771667043355,-0.09054379233157306
370.8778794090174,-0.04011151032057114
363.8797739175317,-0.325599159893045
373.06771012570925,0.3274296388495941
392.73885771974756,0.37038114980009595
392.73885771974756,0.1829133235559084
387.4804349120805,-0.30732909555024435
376.43716404224205,0.07736178847176234
376.43716404224205,0.18308869696863894
376.9336978202875,-0.19543455856182845
386.99807781056415,0.357454739820696
367.87513119648565,-0.13579382032810372
367.87513119648565,0.14162251521975122
343.7388527193601,-0.2334010152378596
326.0384899180231,-0.3254535864712125
326.0384899180231,0.15516198131240344
348.91799424499476,0.3373242576624307
328.8089821053821,-0.5659463740179262
328.8089821053821,0.9093405651600506
328.8089821053821,0.6852042602863548
367.78487132774995,0.2659549359664197
349.99603468186785,-0.33579313268433
363.4460472344679,-0.04109704735935793
357.7892987386257,0.22715075924065786
371.721599617296,-0.0053379977391614375
399.6670383559276,0.2587296380349926
363.23123079751787,-0.41565077386076155
338.0793915870977,-0.3585469552814402
340.18190776533766,0.03699256171751131
330.80980970099245,0.305537138916975
331.2896254920758,-0.1851059486042459
324.8574158892239,0.03215122582867025
328.32318310103756,0.10247867094790308
352.3299354235513,0.14442335903038384
357.7124134973475,0.14209009516378046
368.76012989683073,0.2802054979994182
367.405734842962,0.08433496972031662
373.90833825703993,0.0868539751231765
345.5506575233963,-0.831161599268853
378.01763440190444,0.55892406632438
366.7307131400166,-0.11229290047890572
345.10617971895385,-0.19519906099174023
338.6156755413713,0.19044016208999892
338.6156755413713,0.19073007510451134
346.14715757903394,0.2102924875704275
352.0719541686086,0.06037080208102452
346.36706466200604,0.0061199636074888986
353.6690279687808,-0.24201801859635452
335.47767859765526,0.3390598446271724
347.6778113718707,-0.16904864025161714
347.6778113718707,0.26907225763579845
368.06277622772933,0.4347788372385821
392.4405071589344,0.23758185828864953
352.7728070578179,-0.4061712546756553
356.3882012562345,0.16922590676188065
377.31988464742403,0.12793465342235777
340.95068110580183,-0.3567793064609077
340.95068110580183,0.18750768425547903
314.89123468431393,-0.29796216205022574
310.10833638999316,0.3473349373405199
287.3626207048176,-0.02839410963838418
351.6286030595502,0.6586694811204552
336.1563882971986,-0.5683829755053011
336.1563882971986,0.2521894550516208
329.551105777828,-0.1109235141083218
320.6461425862027,0.18146891572916957
330.76636795343796,0.18728689529393705
345.12190781320743,0.2520047585458087
333.223313941065,-0.47153319819244643
333.223313941065,0.23347202562990788
331.1588514473762,0.5490150051424507
330.4539241289996,-0.2997801945559786
330.4539241289996,0.1105745300047829
325.1271515769395,-0.17461688018875066
312.8565186171568,-0.4003593411324573
333.90115616105356,0.734069384261602
317.7704787263373,0.13955907130298328
327.2122425918326,-0.4082951921810718
374.60913750899374,0.54134790145838
361.0046429154787,0.01676605811439913
337.74471909939496,-0.25387521513755473
337.74471909939496,0.292171825521109
319.8478404677197,-0.5548287042256561
319.8478404677197,0.5334346673046184
319.8478404677197,0.6644425336789936
319.8478404677197,0.7461247585491719
351.24293031404363,0.8385591364126412
395.29006819968214,0.7011597634923419
367.700003135275,-0.5660180177492293
342.6230853443689,-0.4624578354979576
332.50564206337265,-0.11405285694252143
358.3657352099325,0.3479827323282052
352.60951296291995,0.008819930025424583
335.0597721686112,-0.8726535112330112
335.9106949022393,0.4827174219300332
356.3210543050638,0.19704020489245977
349.98780414887653,-0.37743906627190427
349.98780414887653,0.4011015873566066
342.9035793422849,-0.3979314930363671
342.9035793422849,0.7937566413941113
342.9035793422849,0.23240156811982615
342.9035793422849,0.6178879965148099
370.6056429877168,0.6279374353390494
370.6056429877168,0.34597407829926397
377.39691213715446,0.03806761008820558
384.584817053504,0.06465769776605157
351.54400901624103,-0.3161639340888769
379.48394842979707,0.3078481574466423
394.07593521525285,0.22664335830950222
378.9541914513682,-0.23413007156966614
377.66574242266825,0.06841760254883411
357.1366610886684,-0.3387666454148075
363.0892793013905,0.1407177044582113
363.92673564590416,0.15248624717048642
350.1786982145154,0.0939380454503862
356.7545366576101,0.3003081884758103
353.371719365983,0.09921779173896539
386.59600730548806,0.1547126159526897
361.2062600950646,-0.42694472684183893
354.99875902299283,0.3492929929957427
374.17586757359464,0.005764091523815296
362.45024595936627,0.17672002679432808
354.9796447995836,-0.23568410503526138
354.9796447995836,0.6483621138402214
354.9796447995836,0.6352417380917359
343.69056771341263,0.058687345133989766
343.69056771341263,0.38746602105504735
343.69056771341263,0.11933621745379241
353.04118275845497,0.14932699161181517
360.0124243600185,-0.004925557559204208
360.7600301655558,-0.052100810738693326
374.9277726115057,-0.04200522817370711
377.33486957148006,-0.03803940616728596
372.28489028990873,-0.28093382336032846
375.18613833127716,0.21252119604696418
385.89278357938616,0.11852117017201635
374.64691595047435,-0.032054916291826885
362.1293294776416,-0.1948778980578254
349.6995069130655,-0.1812262063375556
357.64127355589244,0.022236587781208073
360.6926841953413,0.2508973941245358
360.6926841953413,0.3193383252056492
398.0101275545991,0.32531283123717003
357.65269294873536,-0.5559804696578112
349.64953918037503,0.22926049366878942
346.70466529181147,0.020934184343332163
338.59674874988826,-0.4512741231022801
363.9155793609168,0.6390164442339028
371.27973080121205,0.4128617230724103
348.822096409225,-0.09146059238139514
351.4348263313982,-0.03880529630134788
342.5962168537463,0.179925799501234
342.25944814674824,-0.11672099213058118
326.42549553738735,0.2046106360999147
354.94603214942566,0.4836254319059208
346.2807787864994,-0.29854127763564975
339.25676921490884,-0.5983102273851273
338.47932716811147,-0.21072349752523678
367.78110534465316,0.4671541910039423
356.53856568741645,-0.12200897585103121
356.53856568741645,0.041926574817125584
372.00824891421183,0.04894555876933282
356.05960135310244,-0.20656412458561135
336.7172413402888,-0.500718267756838
331.6747179478315,0.27698756252925705
327.18644032982826,-0.06306919531903077
353.8769491409374,0.1993758376365804
318.42170768790174,-0.7532579902596126
318.42170768790174,1.109063974913397
334.10361405243157,0.4710285768421727
366.38462769476547,0.4954745471733304
422.74249397785877,0.18342151064223344
376.2283649488912,-0.27601624092039856
365.88955320420274,-0.01935824066367786
342.83877359061466,-0.1203897624751562
325.45326407875444,-0.3475084282181342
356.6042615754042,0.5661819576964717
375.9716000952131,0.15002939795999737
332.42208034835306,-0.5897630668828242
332.42208034835306,0.3481620691571834
327.4129385715123,0.127136457800475
293.12293122826725,-0.3846963490835833
332.54503875846524,0.339069774766358
332.54503875846524,0.6144453962563148
336.2943885141284,-0.19541739462567875
375.6664058046866,0.7017964740258549
346.5084425577609,-0.38175476202673053
343.5938650249873,0.33397186392733147
401.51187603482435,0.39153625538153847
371.16904808401694,-0.45521092425678944
371.16904808401694,0.23355882488772295
377.709459333551,0.4871722380260053
380.41151258351124,0.5208075113984023
354.3337057314141,-0.6042937355664435
365.3937612693242,-0.2715032256254517
382.065772525983,0.1100295708225758
343.53943321059177,-0.6750093969964155
347.7337055418882,0.05522195728690349
386.9425571046385,0.4840883428971665
375.7429248948912,-0.27764116938260486
388.6381389109183,-0.17859628728388088
362.5866423514062,-0.07573903859952225
349.3243577059631,-0.26308966487908947
349.3243577059631,0.3702424757038898
320.8888980099268,-0.5665023822600688
340.12028718365576,0.4092051416259892
349.6469551812378,0.2255870382706462
318.8345976235138,-0.2681975369802103
322.42568730345016,-0.22013942824571586
344.3537928132118,0.11035159813286555
339.3171137056622,0.15740880733619633
339.3171137056622,0.15152156283045315
321.3754303339933,-0.270058605146005
302.140141633902,-0.30371961966841354
302.140141633902,0.6203037729086418
333.23976271876984,0.5619823450871309
370.0622049984635,0.19192565434991593
370.0622049984635,0.526254702453798
370.0622049984635,0.48734729377179065
357.607373636019,0.008461705257104768
353.2148113201432,-0.1375106795794636
348.37188198412537,0.10173098096163358
332.0296201997862,-0.21581149469398042
316.03955497454103,0.2915329757493055
340.0192030172338,0.3125994660028937
346.3056088718617,-0.2960827123436047
318.1479094165453,-0.21064302596062134
332.35183805259294,0.104590197994753
337.8676363875934,0.20064878554649113
335.6956658908923,-0.5128684152143705
328.5043924975115,-0.044499431331473716
332.8464383610453,-0.04770542740891415
362.19560557694166,0.41947692714700224
332.6084127684683,-0.3844271299963111
347.28895465114306,0.234228105821785
344.851471884441,0.0511592170350923
328.3854314084961,-0.17888461977872794
328.3854314084961,0.36556240771938064
368.1476754412298,0.4799525290463862
368.1476754412298,0.5252642827351792
357.46410198557186,0.16141743042112466
367.84080342938375,0.0572082308027575
367.3158165159093,0.1393584883604717
367.59718665800995,-0.005187167091435185
360.7015811509286,0.14143840186193302
354.7652975208645,-0.24692381830891463
329.44232603741216,-0.5003751540272106
343.9237385707824,0.4162581560057106
360.10684224390417,0.06551803370814469
358.15143004777303,-0.2810197485820254
363.310940291333,0.2809670176243344
363.310940291333,0.4035939493819569
401.5859628203106,0.39873350277616737
356.87210253001837,-0.4517579651756023
346.52357595431516,-0.0066670193248228315
350.2020705316926,-0.2033891109429078
371.13255652924545,0.5096895513054278
370.67303197263436,0.07640581196756102
371.310289730591,-0.16893204284417607
379.19623686662436,-0.10124933952351967
342.5290471877494,-0.22873579842746494
370.2097700242648,0.3670834529299327
347.01821370957697,-0.08859097836284491
322.30282664610627,-0.046879586492082126
325.17046244003024,-0.05989075796765064
318.7747624872927,-0.3058199803924708
351.75541109244676,0.5389729102278125
351.75541109244676,0.4048392455596286
331.9985077110861,0.33012113040763325
341.80333945130195,-0.29201783485450505
326.5983590265221,-0.11014540719736488
315.3995772565651,-0.38659289961299237
315.3995772565651,0.702593628871341
368.161931876065,0.49473839795905405
346.14837921005216,0.11071343265780342
346.14837921005216,0.5888656864485711
337.25859443849976,-0.05180767883643966
363.1184473425278,0.5287119869753951
326.5478534151508,-0.5843446041013749
356.0019720857034,0.38496222494279664
359.1881698723462,0.2626433572266933
349.5199440718977,-0.3043110423819826
349.5199440718977,0.149169502593395
338.772333510083,-0.1944568306076917
356.4543533233306,0.14181478260729818
344.30927925800415,-0.2433166812163563
372.7210068745133,0.4520202817085419
381.18315467166946,0.3435017901047104
356.0614427010928,-0.36157438264694974
370.2543946882802,-0.17742875868566443
380.4431850270859,0.3248672939990911
387.1484305045231,-0.15478152585637872
394.07779355321924,0.027423562708463578
371.0393440859364,-0.4522352311837494
349.75191704751853,-0.12165541274714542
352.5170507740907,0.16818205249910534
360.94289990773547,0.2717009963146211
324.89941914643487,-1.032469878088591
328.3958997541921,-0.021724609020225216
330.8659424745101,0.4615297970296979
330.8659424745101,0.7579137112337548
365.4718055184913,0.32408930953943127
325.67967316561084,-0.8585033698652751
325.67967316561084,0.7241003589186903
334.26160159289094,0.2952710621705137
334.26160159289094,0.32802268484044816
321.82157357148145,-0.029263903772516642
325.7602514252212,0.10334651617290547
333.5532123117901,0.01695393133104517
319.39532543057726,-0.5667250178282757
319.5066131923945,-0.0017545020998568361
333.4669014966355,0.43689535945929947
333.4669014966355,0.5117477580810146
336.99837023970434,0.1774539346210986
317.1442523422804,-0.45341140785842526
317.1442523422804,0.6908722064769108
309.6545174985277,0.011348688813427543
329.04975597374425,0.2644661247751401
347.34776873943525,0.31076420806721217
329.3078947492767,-0.3232448270812256
329.3078947492767,0.36777151564410815
326.4528545298083,-0.0719053640484617
328.5687676174156,0.1030028887583967
325.555713049722,0.010792514874765402
322.32906588130277,0.06550078054067399
334.19045184737206,-0.08747233900442097
296.1067928783973,-0.4753435149516463
345.82814224727156,0.5587731370310394
344.81564095762707,-0.2791515852277371
352.89917094462567,0.28858704176013816
352.89917094462567,0.3391240133333895
352.89917094462567,0.5678043633281504
374.12125132165374,0.5547731005063952
405.4516924616383,0.6172042372901387
399.61848693592015,-0.0678697002001627
395.8275873816727,0.15067180417986492
374.3603705836854,-0.12929123989249547
376.1279158557971,0.2171617216682762
376.1279158557971,0.7481387140585412
356.77485749797603,0.13070901078572206
377.6956229023066,0.1524815752674158
377.6956229023066,0.34845412554716404
370.651788507847,-0.04924749394547234
333.57375345926226,-0.23866834632917744
332.3898320503587,0.08532158836430881
350.81188215781805,0.29736814138686896
330.40550230549525,-0.14152182191958218
378.9960297935583,0.6294190036179543
339.0177839589255,-0.4932918905558381
356.1950665147391,0.35756967018801333
332.0271593823548,-0.6130872845031945
332.0271593823548,0.4649723045135943
337.2020109533203,-0.3183366722801111
358.6616597782571,0.3840238087019543
355.4859453249867,-0.02545837829802622
335.6445094265195,-0.2690769153578003
335.6445094265195,0.24856941422171985
335.6445094265195,0.8959786225443622
366.02447764448175,0.5594059801574076
336.8229327031806,-0.31699953763484245
352.67120172025585,-0.00259960698872419
321.1646639936256,-0.31604921967880273
342.81300028007786,0.3383076255264541
360.1890086526515,0.31035470924416586
328.61499378280075,-0.06490921379781867
339.3446402211197,-0.03685877115663061
344.3661148201631,0.18162640768468918
365.0347173829426,0.15427449925664405
348.3782890994339,-0.17161241943472305
334.66368410648494,0.007071907788144927
334.66368410648494,0.2562273886444473
360.4710723835618,0.4360750910527713
359.9414547738015,0.05531429367886176
390.03415074435577,0.4045904852292779
394.1085916624937,0.13764303632217434
365.05209417036593,0.03211380551942966
386.6915019476069,0.2111217210152745
348.3685565583731,-0.5920814058117685
339.07528096554324,0.0533757774157948
352.9968812053318,0.41167027276060253
341.5120149644325,-0.5535281163203081
356.4970589557278,0.3041310867974971
356.4970589557278,0.4530247884063101
346.90367528250016,-0.25940027420131173
390.6875113675649,0.46487753068095117
367.40027213329887,0.035381516476491015
374.1658885043087,-0.14232511909699497
352.0747843338351,-0.10846039275065777
348.9896381242273,-0.04350015375814564
339.2136310321142,0.05203379785518791
339.2136310321142,0.24878148785080612
329.4264002029589,-0.14992095416016582
342.4401856878773,0.43807248027064816
346.980663373946,-0.19619223785139184
311.4450196267218,-0.4042302846420398
289.9854586679564,-0.21217717175977668
309.717362558695,0.2855137016978233
309.717362558695,0.6679551530211256
314.5314668181529,0.13984371457468114
321.250574560417,0.23921334037834185
299.0656795565607,-0.44954107643957286
318.0749927643882,0.405518288563826
312.92445663408006,-0.12711868523865633
312.92445663408006,0.9880275680607156
308.57407067754843,-0.02128695715362028
324.65094992160533,0.3233373948761482
316.8179465412816,-0.21565272343741526
339.231889520735,0.35351595508529954
339.231889520735,0.07847900083743298
348.3569060747754,0.16344428303409586
365.29053996774377,-0.01590045292493869
354.88343752156146,-0.1578271471082644
399.3227003608886,0.6695373522675254
357.1364085642787,-0.8592051169772503
358.27730977576056,0.2493355615749806
350.02267893983395,-0.0037554466782694362
339.90629518952306,-0.10943177089757228
355.74173796651,0.03465761780523735
336.4673422406047,-0.1203361653108459
331.0147673159684,-0.022739297182624796
343.53720425358625,0.34390033249019325
344.7887910414945,-0.02450858790041366
361.3106904925535,-0.14085524784081827
364.5426866624073,-0.07255829762732446
350.35753206185393,0.08131371371200657
333.41475475304236,-0.5684312982846222
331.21620017925045,-0.1688252311303131
353.1411945967113,0.5742584588014097
350.384852777108,-0.21156104345539006
350.384852777108,0.39214953669636543
349.5865153615559,-0.219654676402115
365.876458726972,0.16060477896701286
363.70542617011955,-0.04849643301531614
332.03991921061083,0.03680806454076446
333.91175487851297,0.1646708104907475
335.04670544475084,-0.2868957500907072
340.6613437257161,0.346278608100306
357.57888717422264,-0.03490898746258608
357.57888717422264,0.5351433824912419
357.57888717422264,0.3530032179717182
353.0193835332482,0.1307609509692611
341.22751069411987,-0.21717209414066474
371.9094261622332,0.445058792273926
347.0397765282517,-0.4745782059967496
347.0397765282517,0.3242118243625782
343.999797728833,-0.04080183642383872
343.999797728833,0.5583456796280188
358.5999152646758,0.180192561926674
353.5756758255671,-0.18920916759293505
349.0928029875926,-0.015324835166779849
360.13594550058,0.36781423190757323
356.49927913301883,-0.32753515174408676
341.56620119562905,-0.12325946749410832
358.46975788006887,0.33919476482083155
370.5559260010174,0.35679195365514715
353.49969869553496,-0.49237048866928035
324.5629039037264,-0.07202092640898172
327.9210640711451,-0.0787191467413777
338.18549288695806,0.10449606021393265
335.18471640042526,0.19660678457933045
352.43550093832,0.029765817120392057
348.0033831276325,-0.19384623220310004
353.0004327530448,0.2664056539381363
339.33429278362706,-0.5379634745659132
336.53265243154283,-0.12655338688091433
348.512829744632,0.3853569849103451
384.88681633187974,0.26946380589754426
375.2104158079917,-0.1560613142139573
383.9446026254905,0.1589527840616256
387.54414653525555,-0.006593867292053801
350.08079727030866,-0.5196317403390367
372.7814419521978,0.1038190537231003
352.9869829662212,-0.3769126801737457
352.9869829662212,0.39904748697881587
352.9869829662212,0.3937118168281586
372.65646352060634,0.7797247174510176
380.51018234664053,-0.09779140232171812
393.80795425622244,0.017176801644495754
384.0273382167236,0.021975921073590143
399.54681087687277,0.04651300261753022
386.4412893941269,-0.4598186536228468
386.4412893941269,0.5856172798394255
386.4412893941269,0.9651405183450379
383.98636825151243,0.46363699008361436
407.5267283171914,0.30539551451420266
401.0056012299408,0.313952149479519
402.0818679715331,-0.2498210839148669
329.02942466687153,-0.519556016634624
320.28296811087716,-0.0771639261765813
325.346761218397,0.15848553488467587
325.346761218397,0.2928733443559395
347.4349056037132,0.35966247199473855
336.0797908367844,-0.21852541734074293
336.0797908367844,0.4628457682495082
338.07712432867885,0.36345740772753743
345.16213095764965,-0.2013235298923064
363.65280163865026,-0.2644175341041546
380.92430076920255,0.3415152285347176
382.1357127376873,0.17104045790563305
330.8926172702636,-0.6277890633188008
348.89002404959916,0.4673365329678063
335.96971597816247,-0.23608444675187457
347.5921705455908,0.49599202440504087
355.27384724925736,-0.441590028744713
382.8860966365505,0.4233825527958288
382.8860966365505,0.4108308217648755
365.2475195683563,0.11917666951717365
349.1474826735829,-0.18332717874898208
335.90898570759333,0.052218898195178554
335.90898570759333,0.8761863467153717
359.1219487620238,0.19415439781505484
359.1219487620238,0.4471391893528107
370.17088047042876,-0.037061519269855125
370.17088047042876,0.3664246835077165
362.9099499277772,0.48300130016662024
367.4905879622681,-0.12408770251056467
338.4201427919564,-0.571617714621425
325.909087779559,-0.5230968837278169
332.72817205401805,0.14708747467852845
361.966291921771,0.3655585271162636
341.58120232536646,-0.43684153372316814
363.22667592103255,0.4208661338290085
347.52069111909066,-0.5076439308467116
338.4418428256433,-0.38914181917425594
334.11960724497374,-0.06624581844539534
336.2500234773883,0.01280687355824739
336.2500234773883,0.3225194164549521
347.56582776006724,0.21818319018314014
342.9500919355747,-0.18801294637194133
345.74607885876264,0.25808425296872883
345.74607885876264,0.46051158611692244
337.879627657953,-0.15902529541597232
352.90156099469493,0.2614938398334061
364.3196148067943,0.04311626573007743
364.3196148067943,0.4508031696835815
355.05821950424735,0.24769895063172953
338.3470363564672,0.02313188001733124
339.08609498453285,-0.12039746587652189
339.08609498453285,0.26404346767094466
326.1321988087126,0.016664659626599132
367.88031778204265,0.5827218054971581
393.8016013763661,-0.14666261490083343
385.8765431683039,-0.3255935087306625
374.2329885492561,0.004087100249989817
341.29279694299544,-0.2883940995836838
360.46200394433515,0.5323115322079275
356.0800199487632,-0.07422918194845352
354.3200710416743,-0.3245033469625014
325.23776260498886,0.11112945638183191
298.93868302801155,-0.4783093867071102
308.1387740238403,0.5550901047122352
334.40873765078106,0.001489276107349724
307.85369617582904,-0.07767020803476044
339.36609136603033,0.08902552160702726
351.41676896854466,0.07696787838858654
342.48500840325687,-0.18947770540455622
366.5025516329122,0.24915537980018598
366.5025516329122,0.16137881937152088
358.72293482683745,0.08817864909303808
352.59497950062666,0.02900475275168901
380.561861303608,0.15263194814292547
397.71490862747953,0.22233544368384628
363.89083779249404,-0.5198612624648149
364.9425310461141,-0.01709029466633183
363.85834626013826,-0.0651369289860213
379.4497129239333,0.24086682416236727
342.3179002910138,-0.3443614046792618
350.43139127659964,0.2881158536588373
361.6087765477654,0.1784810179123042
381.50857729031543,0.19436384936875584
381.50857729031543,0.0943912170191652
401.1685975296302,0.6431919042363461
384.2587520029109,-0.603512716704472
347.76249303136046,-0.457906396921544
347.76249303136046,0.16469157813730817
362.3709504519938,0.39229379431617417
399.9614468061965,0.8061773214387813
361.2242735280078,-0.5083611746340466
322.3815382222888,-0.23525535651674545
361.7898758459022,0.43618336697261384
357.7863122561456,-0.05765902526491118
343.92426403120055,0.06018992531062395
355.25623776864535,-0.06949219334717327
355.25623776864535,0.12335546142514886
309.74521366134354,-0.5008692638499497
309.74521366134354,0.5506813137570816
306.41727005861316,-0.004375970770411186
329.09602664953684,0.3563640089840874
316.99540921405816,-0.4368154810424585
310.6880195532127,0.5087461826827848
345.5527888216169,0.11313023781406173
373.284732967731,0.2731669360134674
374.8588075555654,-0.30664624027303944
359.82714819122657,-0.08789187034938095
375.0642240769522,-0.011007164223201471
403.895538746353,0.37743448700587123
367.63674836760276,-0.6521041085950401
360.2527062937316,-0.24048958798073272
347.5458094293273,-0.12105616198402913
336.4170012162871,-0.1096188326371248
336.11814804327116,0.3718741277305071
340.3036024691449,0.03157895407559863
323.40204217241416,-0.3147312919888918
331.88416501681985,-0.0037843228844849364
335.4414266126352,-0.012854323670126178
343.27004629755055,0.15699747745259174
343.515186570807,-0.3221899835177737
332.4252515490092,-0.15268085767525008
335.20026089450175,0.36643418570690756
364.04712437804267,0.2369419993107158
360.7163244252525,-0.08373736678106525
386.69049703498985,0.2227407767038585
376.30444884326215,-0.23938219678507267
376.30444884326215,0.22615847337772266
377.93937534004743,0.12483777059765089
382.71917980997705,0.21610936071556353
382.71917980997705,0.1990235930371682
376.00513129918835,-0.25120584925571166
360.0352992230717,0.09483284981763518
331.023390390503,-0.41138807479876505
334.5717398817678,0.26773333781727615
335.4135840583151,0.053365466676496
345.07832686513655,-0.06663226878106343
319.4653932953767,-0.2627140118356692
316.35862014690326,-0.011721371984322104
321.7638696722732,0.43893440617534907
346.5248363663118,0.2234032467358702
332.1107914945128,-0.33653234797577625
322.47378630256935,-0.07551666587255568
333.55384015156125,0.1669593066538937
310.5259415415884,-0.39181235431101413
343.82121023799004,0.5027723093083978
364.1719960439661,0.0999764855042713
367.91002852414334,0.012361940466007582
340.5058943930534,-0.3382913556656604
340.5058943930534,0.6031232149707648
340.5058943930534,0.1348992445653039
340.5058943930534,0.3466094941297797
334.913525031219,-0.09630649181588069
326.52989878248263,-0.2815791163236554
335.6183229029135,0.39737938954556284
347.222803920538,0.043566276738715715
347.222803920538,0.39274310908228927
338.01690642549437,-0.0506954701295399
369.11506883039357,0.39622916875998726
372.86253959996344,0.041053297366715924
360.6055776815367,-0.2084968571606396
368.1214009638409,0.4445617400824631
345.80114560109,-0.49293508811388165
332.30157002515443,-0.6359107090969474
332.83675622894486,-0.1492763037788336
334.2427673068414,0.18694300436425237
339.7322540090374,-0.02557556820283935
339.7322540090374,0.41449232033414773
339.7322540090374,0.20949528387052396
368.8130479576485,0.23942381705251137
344.69940390539807,-0.222393446714932
367.381312514228,0.5825755802775348
359.2866690541401,-0.1852779421546984
365.0590823318947,-0.01917505155586241
346.47431474352334,-0.17214891260982768
346.47431474352334,0.04263707463951505
346.47431474352334,0.6049136849120487
350.2713592102599,0.1860404249584917
355.9873050908419,-0.142151361376591
390.47921563368624,0.6588472511405143
366.3496552751216,-0.4718561263829315
332.22137900256047,-0.19344890609204413
346.89510481376584,0.09593604180258808
345.1021748238434,-0.15017682032680568
352.10928677364217,-0.0624114976438932
320.70892487712445,-0.35601818353063663
288.6101239676863,-0.3942572369339814
288.6101239676863,0.6976155769179968
303.47250980636915,0.008869275771985485
303.47250980636915,0.6312224488231095
301.9504728142736,-0.08997666263917381
336.1464869936048,0.45244940708903414
340.90014014850675,0.217205109340739
327.5752581556762,-0.3038201051122087
326.02217787112556,0.2579307067824175
357.7122503588431,0.22777805069529222
340.3622846699226,-0.43722696711085973
326.01422031858306,-0.10813772480219086
327.42557615186325,-0.08120316619192636
335.6634704294193,-0.03690053469063059
329.54388439355523,0.011365595276856766
338.26122780038753,0.328003077418316
352.5899068033832,-0.14428697153857684
352.5899068033832,0.6525633393766839
328.96688583532574,-0.4586711436868427
361.52845180474714,0.5711859834702864
368.80963750252465,0.20115222581910075
411.63285285184566,0.23602603192102833
402.1211032952906,0.19840291933746812
381.1398996242516,-0.4206655936103516
389.8193486636539,0.11593754117893695
370.7979023561223,-0.18967272119539302
328.8844223753048,-0.3824573042522843
333.26516447038927,-0.18378383726542324
338.83168570336187,-0.04855814013649251
336.49089442058926,-0.08954610637363203
336.49089442058926,0.3687398026198707
331.92547038736814,-0.011507505246981964
327.12215763794654,-0.29222326062483717
332.4230389675489,0.42418996519563734
313.687874631696,-0.49513908869494117
348.7551874654559,0.3262901057612453
328.70737677969737,-0.24836372923994077
328.70737677969737,0.23564626024267454
321.74244494168954,0.030639101172937444
311.83128722131516,-0.31682000406419775
330.0933364764961,0.36219990841664185
353.91981706179234,0.6162403296938237
379.3770717987451,-0.21918722767645704
379.3770717987451,0.0708013925789146
341.380750260156,-0.42235045264101245
330.54936669015746,0.08119977950593693
321.006757636198,-0.4271857373715875
373.2626650698448,0.564872469841589
346.1282804425024,0.032639400184166334
312.2205054967899,-0.47497629729036817
344.5945696945085,0.3093026952420814
344.24497040145496,0.33720482229750814
352.1928700147727,0.47795667829882404
390.51949165550053,0.2722124578635885
344.3574647777762,-0.3187043222185366
341.718640161112,0.26244350843126085
355.5227308766305,-0.18864192588580408
339.6066658612376,-0.11836762555572022
370.857552960787,0.4308358015473459
352.0662033058865,-0.22958754479122945
352.0662033058865,0.4728475479214467
352.0662033058865,0.18373036075138316
352.0662033058865,0.17485498787641518
356.6285031150576,0.04152221282015489
382.96633271175176,0.31515806797528967
376.69090759447585,0.06896167861032154
359.4707570942481,-0.039218392631937604
363.53985622841634,0.2059816906718197
378.0019043177419,0.2569029968525456
405.5322637105462,0.28089407831521385
401.54373492392114,-0.30711947296629205
381.0931753346436,-0.2539275144433759
350.9730706327712,-0.677095810665719
375.2685337023002,0.20558005999191664
338.6126089878254,-0.5811874307803464
338.6126089878254,0.47073130095463966
342.2716130199054,0.2760660145413567
341.92534508368675,-0.0627558012956797
337.38007407615663,-0.21262809100176128
337.39696947125833,-0.006597772226427878
334.93068365396687,0.14566079859173442
306.0592635259588,-0.17702088118790016
306.0592635259588,0.3229465015645019
340.4057829811133,0.3827996179963975
340.4057829811133,0.47896294064889844
347.7929861266949,0.3719950131568339
337.4780943813709,-0.5800358980512783
387.4104068186232,0.900491969001223
351.5002849963519,-0.4929233568695963
356.5465979479716,0.012169785732567107
356.71218265591335,0.0276543389395556
326.9521980213234,-0.4574506157321139
326.1163021554158,0.06229523966067063
350.1262603284359,0.49218014476014105
371.3091473155376,0.054082621405086684
367.13876405399947,0.2534068727268277
367.0563514333369,-0.3498365979265827
394.9244650951518,0.38813926190891834
379.72280783479596,-0.10415599279292564
360.25047914593284,-0.31424831782135243
344.2184715376662,0.23445473861102073
348.9449070224789,-0.04698968977027107
356.7155042685189,0.010217185897317904
347.35292444636457,-0.011034359308951025
340.94012075552484,-0.30658903213861777
347.1721878472807,-0.011202244347146006
343.66960547547603,-0.014932767163031713
340.3032005170942,-0.15953153677810405
359.88667653620587,0.039923151701941606
349.55698812369644,-0.3293320274749476
322.59566990962344,-0.31827583237179624
343.96951459510666,0.18626130634697802
317.4577079975652,-0.5352186004715804
317.4577079975652,0.7058341140715356
334.88993640261054,0.10481610981821632
334.88993640261054,0.47396627820978665
334.88993640261054,0.5789790484659534
334.88993640261054,0.3683817379478569
337.6415954343458,0.11455020717858133
341.0110537277813,0.6123826902021392
329.26979321323046,-0.3075021371553248
308.82715241868544,-0.26554095519350085
298.216656737096,0.1502334610734124
298.216656737096,0.21400664571842754
320.30132430417723,-0.061459804497303594
319.8246739911637,-0.4138906146570207
324.81332513296655,0.13244408625064352
318.35083672397906,0.07588940968753377
345.45641170003313,0.6110097169946584
329.1738544662063,-0.3576687802891456
329.1738544662063,0.4684707656156206
370.989541348698,0.7156645510609678
371.7130152604276,-0.24132186292854385
356.31330068978355,-0.00018012018983881717
329.06175194033875,-0.5134338198261048
354.28130967636145,0.4219195835893288
340.8086585275582,-0.06060489147307635
335.364437355378,-0.05248904045072322
323.782475208451,-0.19048904203077655
338.73409425711736,0.25269386938509797
338.73409425711736,0.22555308634355242
338.73409425711736,0.2925016869494357
338.73409425711736,0.31165408325978206
353.0104298026134,0.09428993225253635
353.0104298026134,0.38501368407355585
374.81096195350284,0.35195209874609645
404.32711896586505,0.36417755620004755
383.1771099906849,-0.2802737197839633
362.4889727583494,-0.0943044852768935
362.34622289584087,-0.2717870794077726
331.6728443397654,-0.22745297394271802
343.86537269022136,0.11564716917519036
384.5300275528245,0.5220081244015091
364.7508219330976,-0.338691095029958
413.0296236156658,0.35126331940864475
414.1813105545496,0.10053627316870006
429.5565435059038,0.11185422966229908
412.8851301134704,-0.42835049528628133
428.780169126858,0.15033451387682817
406.4530256167081,-0.07437706778432585
392.4363931329794,-0.021797521659436825
416.79855443536104,0.16121537807794084
399.2315663475629,0.03895916074077377
380.2510834861452,-0.24973516970601395
391.6834289524369,0.6159783346095082
384.0638876939498,-0.09737865498232168
330.9152090361027,-0.9001176759638838
349.00251198244564,0.27469257038126216
349.00251198244564,0.060831319475482815
342.18797479097213,0.19763133235085206
351.53556598389474,0.019941439288004403
369.9199141279345,0.15310326290023113
369.9199141279345,0.21374454868350767
364.93918389018273,-0.11813287900690739
351.58435836315,0.09872492039767167
367.721063161279,0.3375055960491409
357.5649633432612,-0.11094491666324302
357.28700985899786,-0.13240454913375288
364.3348769704178,-0.4201241187395226
359.07545574230454,-0.09470513021574334
362.17230570052425,0.2452881723356768
347.72292861753675,-0.3197171152437477
347.72292861753675,0.19203649484131802
382.5231813689446,0.4540299994872612
351.28834490878506,-0.29546423448425685
332.61574400787083,0.030605532367417254
341.08403472021837,-0.1797457782707852
362.7375638796001,0.45448884989423277
354.32417139044344,0.16225187204236136
335.8784686801641,-0.1310109726829296
345.9736406569629,-0.026147036845372895
351.6093523016948,0.00867472014977011
339.9062776341891,-0.3345419367517479
371.30947760304,0.3724842810925111
389.47176252931786,-0.201824425969221
373.2913054532019,-0.11467222875421612
337.25038909549977,-0.31602629204621735
335.50245293250913,0.1487611666734665
355.0464016839594,0.3152250644096739
333.97416725226446,-0.22073933840090376
342.43387923986216,0.44713134585663283
341.84626936351947,0.00724992830487281
336.4178139879352,-0.08446541451030498
336.05352249314376,-0.20946632711002167
328.94131837447736,-0.03368906978778341
328.94131837447736,0.6398402903218994
328.94131837447736,0.4720257254173248
342.74615345828306,0.19829818223672646
333.1198236797032,-0.08881430050291783
323.34365587216087,0.15030127957334116
324.54062479326205,-0.018569687354784037
321.83456368462856,-0.06066037321215845
341.45807578007816,-0.22892136271514119
318.39681156313384,-0.09411942807423657
334.5535485650129,0.38584722647010494
334.48556530733515,0.11764614702349263
319.7801524360442,-0.1570128789185219
328.44426453376775,-0.2386356543124748
328.44426453376775,0.19979254173244954
363.8525371329301,0.24417767227464537
363.8525371329301,0.5603326709003795
363.8525371329301,0.2525119920154566
337.36692775073084,0.1315104246627925
363.6488178205041,0.2334378757251443
388.0493553365802,0.25540144175647583
379.5743644593852,-0.33682336423203196
366.8106260305935,-0.23313272825680542
366.8106260305935,0.42444376896969516
364.291297788686,-0.30539085978034564
359.875205000175,0.056320210536455306
363.2821298479505,-0.03330575275958836
349.0312650213281,-0.03455760376800754
400.3819869936556,0.7183872160683222
376.109533039566,-0.382416988373393
344.81512857060017,-0.3395439602152237
356.6135712701636,-0.07390209959839922
348.7235947644324,0.21534546080306427
348.7235947644324,0.4742148653258482
345.0688774047859,-0.25041692955994677
345.0688774047859,1.0444038109280882
344.9394769495455,-0.016954214580209737
342.18712002061795,-0.08612875548442389
354.4247229799018,0.21245470891312834
371.8681256875792,0.20429861320201326
391.9508755389351,0.027799714195793968
367.4741393352113,-0.23322986188804862
358.02174027310525,0.13143129504555873
374.42017907572426,0.298123221442097
386.60883128861695,0.18706289151839428
359.7330710604792,-0.16104677177611393
359.50410074657975,-0.04249797667364419
359.4686308365934,-0.14365182240203467
359.1991295655201,-0.14307479354636143
371.97021786086435,0.19633664109687743
379.6212026621268,0.02707166476295697
360.6467778788026,-0.13873712629640522
357.2056520820229,-0.14565325725754974
393.3818955329557,0.3075589740014948
392.2615101554652,0.06230217303414065
376.020040485828,-0.6510229252469344
357.5719163911913,-0.07950116233632798
364.9886349991182,-0.07228132584350533
376.2918488073351,-0.03027493051820329
345.91394357953953,-0.6929798368430511
352.55345982156945,0.017791051012181924
352.55345982156945,0.5313060189930638
352.55345982156945,0.3497803066004508
341.9388170015476,0.10351696678162625
358.82522249375006,0.21872338569755811
337.31253288609736,-0.26623544848928304
340.1130476695629,0.10792966979397534
346.22326741395455,0.11867673887786623
352.1194452330687,0.03884814326238484
345.1546116232557,0.1740647175289496
341.90721305896136,-0.3386145049306606
363.0765590103498,0.12490158592686385
351.30459296041676,0.10574307229694568
355.43597560479117,-0.06281612564839634
331.69864808066495,-0.29258533187191915
346.88620584211765,0.38385850786198716
339.3270706699885,-0.1644626461312555
330.0642209411061,-0.2627099081430515
355.09806312984875,0.36555360787906466
358.87045946399843,-0.12140719106560027
340.5949725300743,-0.05658423237787247
336.96643848569903,0.050083055693335155
345.21793944669116,0.14458402831564854
345.21793944669116,0.5900519003181444
332.50071408873947,-0.07207621559359723
313.7485500467125,-0.06750604494300205
318.0668780835009,-0.18137735061065996
326.84065880105265,0.2853458723229778
326.84065880105265,0.4267018214741256
370.0152569175951,0.5148853405194131
326.96986246738277,-0.03027426328776528
326.96986246738277,0.2752623747551297
330.62953847519896,0.09546633149182071
338.5333140469381,-0.1390098593191169
334.35405061698583,-0.039797819124714806
350.86886353703267,0.5076107079858048
350.86886353703267,0.34165954887430416
373.7410243516988,0.10887540642931981
395.49061360655907,0.4290899360039475
368.28940216317716,-0.5141658821015653
370.7544843492317,0.026447769193509885
368.05442088320393,0.11633585967729232
366.76457623458936,0.105255807907497
360.64151073927525,-0.15048959676448703
363.23056740185916,0.2601880245015309
382.59914136383304,0.39250583597913646
392.9572411289717,0.38402564530292693
404.81014889596906,-0.0801947174355746
392.2254908367326,-0.12256993626772328
354.97591164582656,-0.5972688966478472
379.3435515848089,0.45400643309926636
373.5737052421046,-0.4135832513462674
363.7623258711439,0.05979636531105825
347.57659863618477,-0.2917823604263958
357.49540653695317,0.18645178898509585
358.6231424849821,0.039821720090117196
343.61344294136916,-0.23288442157991085
320.5354147106557,-0.49790076634587876
320.5354147106557,0.11362093628849834
320.5354147106557,0.3566848702100742
320.5354147106557,0.6385594587306969
356.7956960909476,0.24728892521079615
359.8658621061885,0.4786373734573317
347.72082175383326,-0.19539832559235037
347.72082175383326,0.5880632837797748
361.6138795683663,0.11757006373989043
365.9140042701002,-0.16409012071414963
392.34050112043207,0.4737195687428084
409.86352614894014,0.2466568664103761
379.97085636021194,-0.4853924468641253
367.878255631946,-0.10674449570683464
355.5563156350085,0.08735483507416575
350.3164874214771,-0.24466467638285394
363.2672692518588,0.12229205103528784
344.25425428595776,-0.13386502641549214
379.0736123682097,0.2603989318811273
395.06337409652315,0.392308467630869
386.0945654866402,-0.4274358012189623
373.74099127860904,-0.062708394501783
353.89724665459073,-0.07236749326989411
355.4871311991531,0.29555025396859946
364.17922945292366,-0.09891660549044445
362.97360724997424,0.3638126195342011
358.02172065920195,-0.0017546188619235181
346.6451622561824,-0.15305341400880934
346.6451622561824,0.4144264188859097
355.7052164322105,0.03659148343126617
341.9300979501413,-0.12121922020628517
313.83186555019626,-0.2569164245654747
355.58623785927017,0.3170604271937236
325.24410010717213,-0.6236234189914285
325.1108488501674,0.27464780049353976
326.95677048690004,0.19735679210543822
318.14039375942343,0.08922555755793837
322.5070341371994,-0.03908182828126883
318.9918137879352,0.0582393976254707
315.48610712119597,-0.10641641214999709
319.3110546902516,0.11628075078454003
338.68733411939985,0.24806071258785778
344.7820032451886,0.1904770408073091
361.9639581877214,0.12161538501220548
341.9796184305986,-0.5766686885247054
333.96137723230765,-0.003356476570047562
364.6486648586311,0.3292202520253795
338.40441319758304,-0.07893349807454797
352.7184701988842,0.32353234925540164
342.2687628879519,-0.3731584434310662
354.0766700661213,0.33050781219560577
341.4219433984607,-0.2901528489220482
341.4219433984607,0.4914124122554995
357.92558613008913,0.4256435603870159
345.9107320815597,-0.2070459249889609
333.651090093307,-0.055780140917818244
352.76554514735335,0.05410010375692309
350.1825073254776,0.1717854436392372
339.8908532385879,0.053761637682555374
361.54918051669785,-0.030706897480058615
372.70672729589575,0.3037439337017531
363.4532046751862,-0.16340907648304892
314.2601630557859,-0.7066554998012862
343.0567860050579,0.05293964356519609
367.719797692353,0.35597011023946834
345.6613790039964,0.18798262555856127
338.27100782052537,0.05169832414776465
341.50045406904627,-0.025790226162371255
369.0243396731176,0.18986324461434378
361.3019241695221,-0.052844717952211795
393.0044723128107,-0.0340242255300609
386.1302764586453,0.23036898099417158
395.70134092037483,-0.18934365848679136
363.22030890051536,-0.16814521091134793
346.7158177526925,-0.18951223152748753
346.7158177526925,0.2322485136476189
346.7158177526925,0.4489649591135958
346.7158177526925,0.2502396791207957
321.61368644991705,-0.12113421268384172
334.4033137955043,0.10173937919284981
368.6089405065043,0.19632231315085846
367.47025431752166,0.43377684809547645
325.5576235922574,-0.6846917772353436
357.7988813010283,0.32412290108027264
363.0911891143825,0.18638502629198683
379.49322882653513,-0.051856235677746554
379.49322882653513,0.48509401482124304
367.82955612269683,-0.1510168330041779
360.02123184543024,0.17406287883227378
375.2127982739419,0.27559707856914883
321.81564137711297,-0.5462905912181668
338.9582912952955,0.08052569144865629
338.9582912952955,0.21799230126077873
338.9582912952955,0.3378417974364538
337.4986480696568,-0.0744283534056649
375.69270881543326,0.18352279178009212
370.43154078611917,0.038789319066268035
388.11560478548705,0.31785961464936463
389.1500997560938,0.11599076526613317
400.7224121084231,-0.10354273649863899
394.72682191951407,0.06346045780162513
383.07491971135215,0.015330330507367762
367.2535184465646,-0.41582240323396036
341.284920145987,-0.04503668680217743
344.1660606112436,0.20190899703561627
359.7804878472368,0.19962927582719203
336.9547852555137,-0.22313997360697613
351.43375873815637,0.4189432239350026
326.41325870804786,-0.331198277761132
328.5920190997121,-0.18101509433324736
304.11307167446057,-0.09009677298217866
342.67104929157597,0.535513760826916
365.42182520305767,0.28845461209755285
344.4647061211782,-0.6300930091763348
360.41181249119774,0.2643625129207976
376.01649871967487,0.34605143582462006
338.28141824657405,-0.6328758491829376
361.52245983991116,-0.05638425424081106
365.71889381923563,0.459054390097549
385.26135633460535,0.09248104016967318
386.3347765144016,-0.019884474295395194
375.7658496905882,-0.002486164915922018
359.31825860536776,0.045394821720378786
310.2865551074365,-0.6923221764302525
358.3590290534648,0.7803107137212919
361.43497399465036,0.21648228249034673
362.65929182286135,0.18037285126081315
366.26209107174276,-0.40648937958997067
366.9361082688037,0.16618405081885612
376.9970630613373,0.03906733663234263
348.89421326711346,-0.3002499498306861
348.89421326711346,0.28655060460710047
348.89421326711346,0.2827356820657769
372.4453182948348,0.38228682947681136
383.79305167866613,-0.11605105875185018
381.6611687100642,-0.03712714563403097
353.88781219999663,-0.5465480475288587
383.60725908748833,0.3563849176068743
401.687458115343,0.14980740570035778
356.8153561942752,-0.8184399789671488
376.47292359661037,0.4235435280012325
362.7887237023778,-0.06443533335709617
337.21790360997335,0.21815575023481415
323.0823218481824,-0.6654742291254934
360.4151247958087,0.33030573687869946
381.38346732333173,0.4607200299390115
335.25877884164174,-0.8033904727076333
363.015329063149,0.2845040943867616
400.05847736881094,0.45846097397827634
388.5386285684516,0.06725127393383445
386.9493898698726,0.04462677468586662
362.1464003089411,-0.07383842205365454
352.74418765894546,0.022059281226688654
317.7752574231554,-0.4301732187394691
350.6475341810338,0.3853524437381566
358.2585439060668,0.24664558269410009
344.49243056464195,-0.4168830218397943
334.05468343351555,0.003250777219363954
334.05468343351555,0.01473088895068031
357.22761137849176,0.15881126842793947
357.22761137849176,0.17711223649644126
360.4205596336003,0.18811423811439454
347.32682172136657,-0.31988931307841995
329.9043785136655,-0.1995898326359793
329.9043785136655,0.28354094252961204
358.2829624687603,0.41716573483245156
374.2598787528161,-0.04189708577177953
368.8723925149314,-0.18485465337835194
343.2028520185356,-0.3363053272673824
348.68327010598216,-0.15873732358465986
338.3361799490575,0.07149120660210428
348.1986785060682,0.32346373419409247
347.6022884838074,-0.49213113407324727
301.7325770851982,-0.690411168287369
358.1690871378013,0.28319693639366506
324.580416174414,-0.1568187788762998
324.580416174414,0.4069622449862891
343.1209643431657,0.06983728088005137
343.1209643431657,0.47107215311041273
372.50390503529644,0.4573700559832332
326.3131823647375,-0.33116836526642146
329.0682378697953,-0.0004689668515993617
362.93462003280763,0.3986189760731804
364.8131169529948,0.01381219205461548
364.8131169529948,0.12724311228589613
367.2891197188384,-0.13332683786427424
346.8526860907952,-0.14292876947604327
343.856119870197,-0.35181252965367094
325.61037022773627,0.15754152679801336
372.62219118876453,0.6523857543105578
315.4197032724461,-1.0463263002814074
335.85625959589584,0.3660506414447582
374.00993328812115,0.5809821318358672
355.06230141303405,-0.4420942940707846
376.06316602054886,0.502489932943945
327.11490760020035,-0.9142127779174416
316.7588855220944,0.037949373860669766
305.8975991239282,-0.32622894911082767
305.8975991239282,0.6055435875705371
305.8975991239282,0.4233411064875554
305.8975991239282,0.3877398540582817
305.8975991239282,0.4231602719573857
337.92187523874634,0.18407703814511933
327.211102202471,-0.06336203099385784
327.211102202471,0.4699749440311507
327.211102202471,0.31398377734876703
319.52057315505505,0.0017429052239776865
358.80134044454553,1.0004205572640785
382.0654994027488,-0.12532852998435828
381.4842654770472,0.0696011735991533
348.5810919381467,-0.09859240740945552
348.18996031811236,-0.3467494413616805
324.6300496198439,0.27304614669833427
324.6300496198439,0.45691005799380946
370.23487338907125,0.12385998382160324
376.3189575887714,0.02905256098904374
347.78724324672874,-0.21669966416482112
350.56837897796123,0.038170112478155716
345.19860959977575,-0.15145900302024984
345.19860959977575,0.8323070678718523
340.8908021614664,-0.13465972545554905
329.6713892172222,-0.01859232870390315
348.99559544017114,0.20108601324147912
356.86546350535605,0.43059891645032167
353.98396776520315,-0.1001504377143192
336.5190873114831,-0.0752088386448122
326.229507666859,-0.18379516510549365
327.1500639404064,-0.33406733877984607
355.3157094372641,0.32221294482496887
355.04202089036556,-0.3391742139804137
369.6224110667515,0.4018790978072957
342.0408935056244,-0.6058068583181466
362.7813633401317,0.6283741487457064
369.25910357816406,0.06006815334001203
356.8720657891152,0.12116169922626341
353.5333277403527,0.029852555883394416
324.32678972999526,-0.42196406407538234
341.26443411341444,0.22482613592012513
312.91177411376754,-0.26011519877215505
324.0326910141893,0.04415660988206582
333.35567838464226,0.1266457349712482
359.7979346014335,0.11239402319256442
352.7607145011232,0.10000856694114191
354.0805767418249,0.16173247233064103
359.2251581548516,-0.13742113830630842
338.03761907856585,-0.1145740351579434
338.03761907856585,0.6873080019717008
346.5378727949174,-0.11402200951511077
370.186390684766,0.2512068535428398
370.3620819959771,0.5704294365032183
373.90033720457154,0.26587714817253527
392.70839681866414,-0.037970058571431764
357.6542163265514,-0.5340250564709095
348.8952524931487,0.056619222200311015
357.46716102387796,0.04979042135335021
351.94451302513863,0.10371680251228099
314.186293483984,-0.4889651887776836
314.37816442907996,0.1844205267025245
326.991395744688,0.037554309253209794
322.1555917437064,-0.045642925184438354
322.1555917437064,1.0088434440647234
326.62258042161653,-0.19668970748739412
326.62258042161653,0.7723476092540977
326.62258042161653,0.13343606251874007
330.63565385005626,0.4151769287213938
339.9198514860418,0.43160490603372637
339.9198514860418,0.25098460549190804
356.30622032932166,0.006574196568180923
334.96823075310306,0.015501564351325214
378.78564649604385,0.3601007735105668
358.6664118171349,0.011487277855849243
372.44413201506956,0.050312790757629955
372.44413201506956,0.5226323342037631
399.1867417011571,0.5184464567423674
358.37441196573064,-0.8802978888336384
358.37441196573064,0.32385444417047893
352.51274242033156,0.2618196986752537
329.78834887873757,-0.25408925090414414
324.42121506192655,-0.29466015840455384
291.1165656819999,-0.41498279360587276
327.1857150279643,0.32140537605414465
333.8296178461019,0.10079089674400166
313.11150761596156,0.16690080578791822
328.40939682498697,-0.33538704961142685
335.83193178273297,-0.15575932222634492
366.5293428821348,0.35915278919515004
342.0450227501194,-0.35782045436963017
323.61570536877076,-0.21012223385889683
339.66088224589777,0.11083385944380097
347.9199707463999,-0.07651394415393042
347.9199707463999,0.26709197746276914
349.67506923501776,-0.10975114844040945
361.1950381552069,0.006901956609112858
361.1950381552069,0.6493877910370429
362.2818816673377,-0.05674430634644523
362.2818816673377,0.571523275628806
325.6793678830631,-0.18101242425836972
325.6793678830631,1.0003977258193117
325.6793678830631,0.25832526890758345
325.6793678830631,0.08643430449285461
325.4838091955795,0.260508833399399
325.4838091955795,0.3847925830203849
334.0937727650265,-0.2338994268766328
339.43298776684225,0.4934943599489543
336.01783880820557,-0.16491441419759667
306.0433325958063,-0.06728166346681519
319.2837961787415,0.2334639256923765
316.36748613251797,-0.23714359208508995
316.36748613251797,0.45220392590999836
345.83942052308413,0.26967292009896937
372.1388158120412,0.34339461821855366
372.1388158120412,0.10056046387944662
372.1388158120412,0.21645623282608994
382.84229992003065,0.5206431622723358
386.38531767071817,-0.6126336851403948
340.8651997213751,-0.0816176759597056
377.3814565975036,0.8463339741368827
358.97362640206376,-0.5924852675728971
356.8957597964368,0.0175957328815457
338.0741071396116,-0.22108873506090276
347.74794430577344,0.13822035572695768
352.30423559129446,0.08259401035149949
350.06852292124086,-0.11912943588072267
327.31288428298217,-0.15946130918928247
345.74800125517174,0.556738240281561
333.3213430311164,-0.279339453277089
321.2991965856564,-0.14865907020646318
346.3291897000437,0.12790861514486096
359.2031624418647,0.41241872041109673
336.66996252511467,-0.5055012007924233
336.66996252511467,0.9717963212145833
355.28122098720115,0.2843889806073321
367.2535497907868,0.1228547493071801
344.9713114945156,-0.054561844920840485
344.9713114945156,0.05933441416982532
349.3496924105585,-0.20225784099784505
331.56465904269754,-0.3018707565678369
361.59042132132186,0.6518552205883452
330.19719904015625,-0.7306563879043324
330.3691727338622,0.2023673892658735
347.8632678447961,0.18056190417860307
336.9935949612427,-0.4621972054236494
328.42128183032224,0.03733913502151154
316.58044867339277,-0.17051726611578033
321.71733625715035,0.09347467394331943
320.74582132801874,-0.044006186825981786
320.74582132801874,0.7426550348459386
344.9714409921868,0.2983848995131666
356.0099826501452,-0.3300488478926127
356.0099826501452,0.3101265900704675
357.1148952447758,-0.3076840839747774
376.62885372611987,0.3741891353624851
334.9955821157932,-0.5147075222587318
336.9506666560449,0.28105546062079156
354.60280990132514,-0.08239471441254409
347.1086805756939,0.6622625847008976
303.8038674936799,-0.75096997221317
269.1056652210425,-0.2877073542799735
269.1056652210425,0.9174474920522471
286.493006550055,0.5602958819586092
297.6727585878839,0.0864753855789786
314.93144616741415,0.145300327280097
322.74191218469883,0.06985875123723417
322.74191218469883,0.45613449783877513
307.7775895495056,-0.16589155561700863
337.5905603261131,0.7117954254356391
333.6340661047349,-0.2679536141210974
320.72681569946093,-0.15124429516902183
322.70630686365513,0.02864739485062273
336.49053708765763,0.40013085133568893
343.8071835993992,0.1552582547392376
374.09734577287577,0.48460539860298013
361.80900262655814,-0.30442612939816627
360.97522107036554,0.3036054404690276
335.1135393986576,-0.20375805786488854
358.9545195974036,0.23389905695000834
349.4259031130271,-0.23642977845224777
349.4259031130271,0.41399134043695085
379.200647158894,0.29240488499613093
361.20156628539695,0.08518472156470125
355.4972749533947,-0.04419068078050259
365.5744209729946,0.13283858579541175
365.5744209729946,0.24459168189218872
364.1513122129638,0.013340692675456012
358.9189380710511,0.15744655992364187
360.229118862486,-0.1723448316743088
343.69330177472546,-0.3359915158747526
350.4217434989741,0.45629663277725285
311.50163277654326,-0.3140625644446118
310.0816246671242,-0.14182315129335166
336.4785144388011,0.2320101537912933
332.69513345877175,-0.00522258168314238
350.40039196037634,0.5211322087952794
353.7898254724671,-0.2381505054642048
350.1300650799841,-0.02826297222361518
362.02293955981463,0.3556528460865138
359.7138598162272,-0.17029764306562356
359.7138598162272,0.2208528164519521
346.63006582321975,-0.2793149241406354
365.25654402994854,0.07870066539123854
365.25654402994854,0.5166402725919852
372.4516006629261,-0.08397774210015996
369.9177685847475,0.1707108730093978
372.5244192173832,0.26604905003114254
388.07978915554764,-0.21425775521913693
396.23467563275244,-0.09115661307987466
383.21578809164095,0.1420514139927036
353.000266043388,-0.6948448294240279
353.000266043388,0.2224362798981474
348.1499720509273,0.054574800933323786
360.12615445032884,0.09380592591912773
380.0692678726841,0.10436430399931851
344.909077219822,-0.06162308003627004
373.93526822964793,0.3067828829463224
322.99680656767583,-0.6147594316280447
322.99680656767583,0.33557435963689386
324.33297428408457,-0.14158269483323238
339.0878336090735,-0.016326075160122855
339.0878336090735,0.8003895209833445
313.4697767469212,-0.2579706758690463
313.4697767469212,0.13093873319326121
313.4697767469212,0.509728679886507
355.233406564284,0.374797024749455
320.1795216601508,0.05225515757649646
341.898848528586,0.32543805023510686
355.43648289979535,0.06167360392737464
363.8566644816237,0.07563308299643268
344.13067624164415,-0.1589342994652725
334.2376411300051,0.15099246803629285
353.4941827812788,0.15626607438150586
372.95687257609734,0.11124737667557838
378.8624166230188,0.008694905830907373
347.97799921045817,-0.21669756051801414
344.81317633217935,0.4984783076903341
357.4130431035513,-0.14912268780972227
376.6647767606714,0.26931895881125456
390.0915778707533,0.2029015853505598
390.948152202885,-0.02365523198034225
368.52958799433816,-0.0015922722517416332
363.7455517758877,0.051580324137603384
375.9455720438089,0.187295891669919
370.9190181107283,-0.15363012481623173
349.16312338767625,-0.20268228209170047
340.17747853609734,-0.3054515919109235
361.7122586001734,0.2549380423021148
382.2890646104215,0.2714512432454512
432.19154643127996,0.541555741326647
404.1918563268558,-0.532206477211389
404.1918563268558,0.26064010663242243
367.51633282304897,-0.442628067695523
363.66419905571604,0.17932765576415477
364.5468971132075,0.24886464065434666
367.6185354165649,0.13069452106026347
356.2926230437646,-0.08753528263559929
357.91367057223556,-0.05347222684565622
351.123887935452,-0.2973170382936132
353.0169615897267,0.18194683410411017
353.09508294017866,0.05958044528119899
362.7562945495887,0.21232283077540615
336.8148221473814,-0.3837218467413095
381.289506295382,0.6508379864649214
384.93492398826703,-0.19179742129858823
384.7835383451979,-0.01948626392220376
375.4542418527496,-0.44911074343167456
360.7484274973515,-0.194027430094593
360.7484274973515,0.80685350098031
386.2357002874685,0.10860290570019515
370.1676679355796,-0.350062708399264
391.2504460597025,0.1566993762517086
347.55896770724115,-0.02477048418609229
347.55896770724115,0.46381336779040794
347.55896770724115,0.77947283448907
332.6198574001878,-0.19529997838662894
371.34743288355844,0.4272864662827942
374.1537109272346,-0.10309114674930697
348.8865258665003,0.006513750602607615
385.8736720929998,0.30982395274088503
371.25594328197553,-0.1135538003865122
366.41927982279793,-0.1781504386353845
394.5572780056418,0.4348001861526427
367.5731744721362,-0.2000006471054121
385.38873058693645,0.0021972564387624516
367.92276349399447,-0.13171305836772262
367.92276349399447,0.19176128715650975
376.201734339463,0.4176436061001141
370.48109184575856,-0.28869501433928235
353.32755588152844,-0.19396861005759547
370.3525371812843,-0.18350486090048435
364.3216645143552,0.20007163557534113
369.48838429518537,0.11157836518623299
348.4587797133459,-0.5073436909141265
345.20228826258653,-0.22603756289845478
345.20228826258653,0.12956908062506045
347.0540762333872,0.16141014067682136
340.4078161375943,-0.23796298722766096
340.4078161375943,0.3410377752320528
320.9519663014363,0.15974160127530013
345.70130578778566,0.39347183749237047
371.35000020985984,0.1916618776431278
370.13156950122436,-0.16468410370725906
395.4454182476599,0.2552583595692113
397.80179552053403,0.12394020651436222
358.4555073004679,-0.22469159403635786
347.4498503951329,-0.17322386995942907
344.1382654368901,0.02400662963123068
314.7606966379535,-0.5019859870054688
314.7606966379535,0.7848733129731045
306.4552015060933,0.009169269108838307
306.4552015060933,0.4556358168440511
322.4974270625393,0.2766532947957785
322.4974270625393,0.36202106427617764
322.93144304274324,-0.3090131301355541
344.02221260651885,0.5360987682604446
318.2826929387959,-0.2260174894153124
314.4505581870575,-0.009208976364334376
374.541017958721,0.6457646726064468
351.8907152816596,-0.17729948964006326
344.24910782457334,-0.15360501396730797
315.43772339019364,-0.43189841454545785
363.6985236481128,0.738016336738383
345.61773624635384,-0.25833012201655947
346.3414861239114,-0.12725310507755694
382.3180136709955,0.8689362549262114
359.04702344218526,-0.5035326256795543
355.1250513534681,-0.23105631945975347
337.0747985879006,-0.0847487462144727
331.1002765633348,-0.0038282178677491174
357.07380263460607,0.3698387178661733
371.1518753182187,0.08387641944432289
349.01266944370957,-0.2505136926754403
376.87874667829436,0.3713943771257391
343.1624671727806,-0.604219669020722
343.1624671727806,1.2068985665823675
353.5950276281524,0.7645329238188197
345.5311579019899,-0.2051445347420895
357.32062041626773,-0.21310200548555258
354.9935218301208,0.43556462246647243
350.2297883145735,-0.23650186224119807
338.82273665126843,-0.03220583553400047
352.2403620581636,0.3435400113870628
346.9766405871286,-0.20239092211124898
338.65514809966305,-0.4537782421676866
338.65514809966305,0.42002530017634854
339.87544973683,0.2441971459048773
339.87544973683,0.740610491450866
352.2917976025045,0.3278821096869251
374.5508712014077,0.44876266084258987
352.01955094296227,-0.35162456791431396
351.00681279312295,0.039969403859231534
351.00681279312295,0.25371007184367045
343.70515680478206,-0.06106621595836259
342.3009907871907,-0.018834278820804684
376.4609144337578,0.6728817045423057
368.2599182070815,0.17057746397654228
362.4748424097572,0.07202061113810032
322.8890934754341,-0.7618099793055535
328.46359851947597,0.10386187639755917
340.7594212732244,-0.05554880840509213
340.7594212732244,0.08136635820073934
338.00412673640227,0.18714939387086815
349.4929857750628,0.23501938502522535
350.41970970892356,0.09543185569827983
348.5083486242936,0.061818172221023815
346.08086361124384,-0.31185904586845936
346.08086361124384,0.16996659124765756
342.6715196805268,0.032324773658160666
331.2632554240326,-0.28245533415076807
331.2632554240326,0.09488563650234028
353.15686018301113,0.09033441605356529
361.21644307304416,0.18490574908832969
334.72648481735604,-0.4711039924623037
328.70592323896335,0.03547210793510658
318.17797119769676,-0.1658318107922696
318.17797119769676,0.39411900300956404
344.2202537923607,0.7508801473809399
309.39204836414183,-0.44660629660006634
294.60550549301456,-0.1116598152663073
305.79120351193495,0.24393408934042782
319.5506014556485,0.18407960382182864
291.8404990427132,-0.1873631572799468
285.23143361204376,-0.0886355213956449
285.23143361204376,0.4690307064972785
344.27800895957347,0.8148367748914325
335.0827002309021,0.06510472013860635
371.8261078442239,0.3185571107112537
372.74724501526015,-0.12373922473307175
348.3944599580038,-0.3888307761815213
348.3944599580038,0.5920484458754345
339.4616731076057,-0.27901884870288995
376.35509215529316,0.3144422284480015
381.0812071753755,0.020603252362434432
384.12721556010183,-0.4121075646680765
384.12721556010183,0.2131859473139457
375.5517296979991,0.23861542399640712
365.6458220579245,-0.1527773926950431
333.96208260921634,-0.1747893392143851
333.96208260921634,0.18872557427698666
377.5476247830408,0.7885808987603014
380.4834061159095,-0.08233678105034414
361.1249013509125,-0.15964552380103214
344.99561395191006,0.12143444498894951
335.1468739603244,-0.29089887793008984
356.1052264256946,0.0131644579339536
356.1052264256946,0.17478842628679558
371.71161483092317,0.2347520450881575
372.2752574116211,-0.09193721775602626
350.43356557823165,0.05481335052229497
366.44139094489634,0.13210847788036517
358.38809444551265,-0.036868934724907376
340.01640503094603,-0.2128455451611444
342.14487099328414,-0.06462588530644098
348.94496739460794,0.021785724872302126
352.47822430828546,-0.12020567299646245
368.32274833492113,0.213233840979683
351.8886680998463,-0.30107380857327826
337.17324922784513,-0.3116551841482078
374.96658351943904,0.7124547972925939
375.8897485126709,-0.20060890131003362
363.63378846502826,-0.09319313401101681
346.4131079358184,-0.4020808013669921
362.2708879941663,0.2162747693540723
338.24631475672504,-0.33430278168543737
286.9629396918168,-0.3739134906786603
310.37369806623053,0.299673291502927
310.37369806623053,0.32828735529869846
310.37369806623053,0.4077777475631592
319.80494149838603,-0.41535084060387817
319.80494149838603,0.31129420611114256
319.80494149838603,0.673787629335834
319.80494149838603,0.676250192813427
319.6473475812339,0.21534723377430964
319.6473475812339,0.3894644485369554
341.3353336129953,0.4666770560004352
347.151211774289,0.10153637899168189
342.4592492314469,0.21107675546682003
319.2456638058081,-0.4281136380263888
317.6564177831649,0.2394545216120605
303.7643681765905,-0.46944163299076536
329.65140024366065,0.400754363959436
332.6448644040273,-0.4971922140023253
345.0829938607735,0.46650495399160263
346.75319938800413,-0.11903186786253173
335.3629796311519,0.1766595380909166
324.29594993354357,-0.23916883199740369
312.89713676996035,-0.5754225325475772
318.0314012282402,-0.0961595674682485
329.41209105773214,0.15654671762467842
337.9291761683075,0.2550929953058585
337.57122134145317,0.03257111089646969
320.25502494044457,-0.1991308151816611
321.7806993847049,0.27475364614247155
325.488531213144,0.32935991332885806
314.9811542325847,-0.2117124350023687
337.38164450019065,0.10193062390112573
327.7463322671788,-0.21895604602480034
324.1878164685243,-0.17341381796859423
362.5635444429107,0.4485125253498836
324.5968030509932,-0.5484949858038135
326.0222534193377,0.15031093237325877
356.8494170742687,0.6163125442402588
344.92056166300966,-0.30539947517809196
350.73692972104374,0.05303248626853474
363.8298765272327,0.06319534979729724
351.1941844158949,0.08884064142227999
357.7836538656115,-0.13213643622771087
357.7836538656115,0.3311533042015071
357.7836538656115,0.6047135645439994
349.08660153469987,-0.09311068162969605
349.08660153469987,0.47321444992360284
369.1916723313515,-0.42931975033445724
377.19499593621464,0.22144980007192316
368.95956248454155,-0.04610571203784275
356.05127720862447,0.02316894123180191
354.3050401032285,-0.056953043657131275
330.1292227433951,-0.4367978683500269
370.8139884952166,0.4818932275620682
372.9015618137283,-0.006062014897452173
376.3480802426407,-0.28651530288914273
392.3724850124896,0.15484641956049927
392.3724850124896,0.13961323556770822
397.5178743173421,0.5034866787822239
373.71636833516266,-0.37688893413712776
356.7625518432941,-0.031850847227360646
371.5512873434579,0.2773478160096374
356.3646650583213,-0.08949875185328438
340.8819462450752,0.08698258424271899
335.82923735947173,-0.43070750076890363
302.27270314921486,-0.30644546600115063
293.89513422607934,-0.07985594017964104
293.89513422607934,0.37265164877783263
333.785802041811,0.37827279719715534
332.7074186435051,-0.5645294884487839
342.6051928097291,-0.022699595896142455
319.4546837467374,-0.146432612146441
336.3952701990399,0.3436593005914119
356.35927314557466,0.0313014315147484
381.86991435679107,0.28769019981348265
376.39205253122725,0.06820481673480572
360.04011040782063,-0.2679935520679919
360.04011040782063,0.13720679222524268
352.4019469549895,0.03799887648972344
344.1090275018882,-0.11924161062006533
324.17121844891363,-0.4234385803359828
339.44027301466116,0.07688070804238123
339.44027301466116,0.1362234893497316
356.76489732752634,0.08647102057329903
384.25819870789735,0.5957471639032974
365.2926765056829,-0.4306861269486717
378.1245011375661,0.19781417433750903
350.5785084315685,-0.16995291077751062
346.3315728541088,-0.37209398789764236
346.0236338951015,-0.04562195014966619
329.8190402832492,0.021972198771095464
364.61719516153863,0.2290641698982654
378.26559537516084,0.1986021092914143
365.0422796528782,-0.3063338687873056
340.53333350294656,-0.4214289787651069
350.37023051923023,0.027215991489242697
322.76921212848066,-0.03646318179312402
343.1693830722502,0.3923389162409876
337.1204927721767,-0.0514299391595614
349.45063005392836,0.41700948761967993
352.0113255608323,-0.027209448461690044
354.2465140137659,-0.10248495270343483
354.2465140137659,0.5170232743114411
333.9809386303786,-0.17846659104861828
383.1630660307048,0.5914750400683033
362.1933071102097,-0.42730439456272507
362.1933071102097,0.2470525746059593
347.46538660025215,-0.06530669920971377
368.4702968732459,0.5508188247421231
373.97413617844086,-0.3273498764822307
386.63935802001265,0.2074125362075847
382.0209934635092,-0.30562650310548634
349.2095987200206,-0.3748670841656576
339.48161442064503,-0.040581672208986674
315.2405343370341,-0.1202383464981267
313.880281986365,-0.15505127157643983
331.4441447194835,0.2724723988404776
348.69944619663846,0.3798265910562577
348.1423349364581,0.0069290943770283775
322.3947822093863,-0.032080780465093994
335.46530839416977,0.468594223201535
319.65558986373367,-0.30182097083843473
319.65558986373367,0.6580434417156766
319.65558986373367,0.5656991179438364
345.5833918632187,0.4487764505033738
333.50292775403256,-0.1662602004363407
318.26689162627986,-0.326433494301682
318.26689162627986,0.1323581159714422
316.32225367614836,0.0039781468133242015
322.50152173365603,0.1754210253546944
340.2019965351488,-0.08095915062563108
346.9634905191912,0.0786094613054047
349.5561691409275,0.1717461557104798
368.5365310848396,0.33225787372259674
325.79259805537356,-0.44014725763020124
319.95114669934435,-0.09513961676123017
319.95114669934435,0.4859264125661866
349.89415720179255,0.31380055681790964
349.89415720179255,0.41433085569053674
314.5294583070137,-0.29286727715293637
358.86756062361616,0.5531476218747002
333.55064752655625,-0.823182586836424
343.1780466358526,0.5084513549040821
367.7912680382239,0.35940261866358014
362.10418567307323,-0.17731286739513052
334.87533490775166,-0.23864091131781606
333.79237213662344,0.3183926518742055
333.79237213662344,0.13009588359307145
343.0428685512087,0.038897299969107735
321.8769136598358,-0.24886126904436878
322.17416259492444,0.0016403857295017588
323.5652015111889,0.10206023030798406
323.5652015111889,0.5933455473596041
341.70083894237814,0.2844407713093915
343.5007784970224,-0.10689019468895822
363.31080082247956,0.09420231355557007
349.27423696746195,-0.15832200907152583
329.4943988724928,-0.20787110164906153
325.09066537172123,-0.1911965675395777
329.78252844142725,0.13753404549345305
329.78252844142725,0.6527171093553079
346.55818579371106,-0.004893385319064691
369.4872180581039,-0.09826695667788954
359.01668486274104,0.016346582997925907
342.4706272332878,-0.5011113920228354
365.5667935250604,0.46243897938984446
342.37099385737474,-0.16981813325583062
343.4688384529901,0.04708831153209303
345.0794139936854,-0.01846737691846556
370.08889761816414,0.2073347039915916
361.17114194705135,-0.004905174521127265
355.49706205884866,-0.29622586221921665
360.5344373011476,0.17332290584101884
344.8813923023053,-0.0249593041182834
344.8813923023053,0.22602852416139285
381.67391005550587,0.09991801506180309
345.64832425254764,-0.2985838840206725
351.89651993297537,0.11972200412856182
383.9531034435737,0.4916240055132448
397.82268863866557,-0.08648515960180703
378.993131019541,0.1017239557990024
378.993131019541,0.24163739076561797
361.4228039439637,-0.5305972865103286
357.75894544238736,0.1604243605429474
349.1241535482838,-0.2933911157077773
339.3712610614862,-0.04558340307403341
344.32431355124044,0.10067114039259195
334.9515253998044,0.11373038360147802
360.4938266460228,0.30510992110112056
347.61365467473456,0.008542075457398823
338.74692876446966,-0.22293131326205184
341.35047206779075,-0.050401285913153515
332.13403177740435,0.08115362988269226
332.5656815450629,0.052109446995814324
359.10696542569445,0.6568504589334907
354.2210519422048,-0.07045405912003844
333.7666218644472,-0.3336726577698528
322.23917105179424,-0.16628690201343943
315.5007990941436,-0.21877012644574734
338.9007677990239,0.33964380762711244
315.6721499821058,0.1635458339608249
315.9519063407915,-0.06376848884224273
312.18310761794373,-0.11748685560962713
314.2044520971989,0.37398262702242846
323.21697381783883,-0.29275637314219694
353.0395630496688,0.1192298866837973
326.40905767189554,-0.1287535413216574
335.82919859287443,0.17544785070674607
335.44937178132983,0.10449724180398334
327.4113613195504,-0.11189755954649172
334.80211786966794,0.092921547528249
370.5688536428579,0.29501710711031137
361.01148355832555,-0.23810054145246795
359.1158201823911,-0.11351774078059407
333.30693464559346,-0.20281705782213066
368.88436990503953,0.134063414942716
356.05919395931323,-0.3149208104732679
379.451138448563,0.42987217187589977
384.6518343933522,-0.1798339816416501
339.1404032282984,-0.5056501012992385
374.1815097173139,0.577811954574031
388.53339833295695,-0.17444706538537957
363.38419917914695,-0.2694097098973316
366.4059794242039,0.10992156180395796
343.6506282643486,-0.6274004548427001
343.6506282643486,0.6116347011798098
399.14507412714113,1.0737566817039124
399.7472598847897,-0.17205685373050983
365.02744551311275,-0.18559705774998747
362.10718192848714,0.25298967532876304
365.24816231201856,-0.25787127697651613
336.4526699438049,-0.6408163220930874
336.4526699438049,0.2916284783842684
328.79052641008514,-0.030340825791540738
329.817349169773,0.43110462400215965
338.4774718029698,0.498740047762567
354.6414076410212,-0.05871303418985008
335.8066673076943,-0.08077404006940014
346.9064436370991,0.14858469953594522
332.7514470180326,0.11163826487120332
336.6309751018951,-0.01652760122556174
351.53798220597474,0.1290286072339768
343.076946041353,0.012955903877582386
331.9091235799534,-0.016821718179471645
334.1852007998427,0.2105352301421135
389.36128703805247,0.6256037940014494
360.38720344321683,-0.040315877996135896
349.6176889010391,-0.303523756519553
358.7250370974691,0.05976988912652814
366.1209500736399,0.4528792009575682
351.5163677645354,-0.4131222786309081
331.32190548432635,-0.39879901987364974
359.40682944612456,0.03984059332083234
353.0803790974289,0.1532248713538138
376.5034402492866,0.03584449472259621
393.0088503205611,-0.014504339259019616
369.6679552841168,-0.45477993556107776
369.6679552841168,0.16044726589348102
343.31260720876463,-0.3073248769892416
323.5525190071856,-0.06948194501865146
340.41464584751407,-0.047155635063177215
352.6322391721271,-0.2268384811706028
390.9812463709506,0.337649737767606
384.8696594613866,0.08197523141188867
372.10325341166003,-0.06278171123017273
368.6315237006678,-0.23045274776438873
355.4329490248021,-0.2646571053940079
329.8121987694842,-0.2813944546289804
377.7890267410144,0.38576002865625014
359.88329598158487,-0.6620436286050335
356.22476596990975,0.05349612639872703
351.6491519553157,-0.03099923804302307
371.5825046720626,0.08971293152001181
370.38280758408075,0.019023685399361057
342.9173714522662,-0.06616687070231819
345.8616429415272,0.16895946678937435
338.5981483292715,-0.00739241086569109
324.7336329628063,-0.07858887059080644
366.52739971744813,0.23558108337670092
348.1266175087213,0.07429008228450584
326.75975077532615,-0.13875155980440468
326.75975077532615,0.08950017166307589
346.6018166275776,0.3042248488346786
346.6018166275776,0.6044285484413194
340.57157396839074,-0.02792007036907762
338.35252555558407,0.026304410929128608
338.35252555558407,1.045440393005947
360.66322446928575,0.34161236803879547
366.21474705518074,0.03428712264110345
362.27600134125316,-0.13789642412189096
344.6341558320257,0.03618069777326127
365.0369957876146,0.1779194770522281
352.38798008697694,0.28480297323255854
352.38798008697694,0.291716362423017
374.4141818835132,0.15089532805654926
376.7961126527031,0.37574433015902287
384.11059184406514,-0.010170432539553076
372.14255642737595,-0.43414438196418814
362.8773830784754,-0.0756838724582849
362.8773830784754,0.3148408558920437
351.43685900669846,-0.049290803249277815
354.21967162309295,0.10084793057103525
363.57898070776014,0.20699719455888044
340.80598034201006,-0.3035225072638923
336.88523694047984,-0.20765950293889546
355.79855832069524,0.5433711827456591
337.09739234195297,0.059720596333363574
338.1518070124589,0.2702019320006457
358.9583012392427,-0.10623004520766699
358.9583012392427,0.2602649646478312
358.9583012392427,0.3423381533302745
360.0870292452742,0.425911906346073
337.81262333103126,-0.6526116003659581
337.81262333103126,0.21570299354516465
337.81262333103126,0.6489993887673791
344.30120130878305,0.09574018907187565
333.3876481747323,-0.23953960035260025
356.9780956754524,0.6622396529669459
346.0189079701657,-0.13533743230675555
368.4681575689726,0.07143072876510814
360.62114563269154,-0.200632200179939
377.9705852170474,0.27437395024730904
364.9417963689392,0.08234416333527861
375.3435025778152,0.16776594873738304
365.04496701917463,-0.15931172189016252
357.26392154411207,0.05847299197648681
350.1853495444487,0.343528192471922
336.1105074055731,-0.8170942744368404
340.9560793752293,0.49606640379977307
345.41426234316486,-0.10866219713159353
357.0474611936394,-0.06502956640019875
340.87795463180066,0.11911893892101943
340.08683359252836,-0.1007843056074762
346.7590595610483,0.03830557514720567
340.4306228106735,-0.35513728523119426
349.8526831482813,0.2835678025321613
333.80160446732543,0.04689118877945475
350.33158298941,0.7216559594789942
327.0198659764343,-0.6062179216368122
327.0198659764343,0.35313175856731505
352.8366966604468,0.29465255438265103
347.6819240832535,0.18377491598107554
345.4019491912207,-0.6021733504800295
357.35215139352357,0.15619478447933943
357.35215139352357,0.5023931528533012
363.1783537262028,0.40679809583741644
337.8383323012563,-0.17369252692344617
362.4468561914353,0.536275531809224
383.9334865183924,0.16892718202359447
404.76877974236373,-0.09327384660082316
395.83677630426445,0.06610383547445053
376.13327562567383,-0.2558666093054853
379.38694978611034,0.1025979409514548
377.3679618988824,0.33445636260921674
375.0765558379326,-0.2979097184336297
341.2683788294502,-0.24351852989661893
371.55515103547447,0.17143036705101622
344.6206002222844,-0.12602768377303164
344.6206002222844,0.20991195239662375
344.6206002222844,0.6409220560940412
364.46679749686166,0.12185668056667964
330.10977525375415,-0.3901001449389696
330.10977525375415,0.28214854517455024
330.10977525375415,0.19491792969097332
327.41501379926154,0.0008208408841028358
332.95641023308247,0.13866745393784186
332.95641023308247,0.6743103168059861
325.0453163433096,-0.06428870406773513
331.63438274278593,0.19541939315877244
336.67156942856474,-0.04210357047668367
333.14248566499003,-0.01882607956611082
333.14248566499003,0.2289555828124321
322.3112507275527,-0.05028192839688472
338.07581690990065,0.01154872309041366
338.07581690990065,0.5111429077855973
340.1185921854107,0.3606565883003441
358.574416500385,-0.02775098568804424
340.2622510658606,-0.004065723993903703
368.3128638267442,0.06522306276940526
334.373620169395,-0.24637235472198427
334.373620169395,0.14070804845073326
334.373620169395,0.38192381175929313
334.5820580229358,-0.15544756749432054
345.349397914469,0.10160005973932584
340.17526466231476,0.3087536135026312
340.17526466231476,0.17693708908154804
325.883566259954,-0.17385108329710874
325.883566259954,0.4787935079040153
338.55311256999425,0.03219116596346794
341.2490252860572,0.08414255255138414
340.4202658382215,0.2750398954156026
339.60739650114726,-0.23647541320542587
323.26994019023124,-0.1331028100663616
323.26994019023124,0.262797279764186
336.42870255059177,0.05501657669628912
358.6416876544272,0.28385029296157427
358.6416876544272,0.38650752441344594
356.27142991063926,0.2409070012055281
353.24284551037414,-0.37447633684166703
361.97970822603105,0.41656685253417436
391.8312025477593,0.355437176606074
386.9859651524492,-0.2839849620520454
375.52162517402866,-0.24426557800529736
375.52162517402866,0.20902149929634106
368.0130434455712,0.2038629671939134
407.9676314506504,0.19210751791388248
387.85510838176907,0.15648234812431383
399.7771841452991,0.02716395731636112
363.17818598079964,-0.14916600184847084
374.646214295021,0.052634977649290704
343.72662154698094,0.08553273688835361
343.72662154698094,0.4072594226726096
362.0268735469467,0.17340851565461435
370.9061017710865,0.08384475440959704
362.45020575884627,-0.3796066316500628
351.7008134748223,0.2532807312902605
331.83470515212883,-0.7113953713329693
345.8155369391138,0.21660385897337164
353.4977187847211,-0.10981381298893211
356.9981423265131,0.27411854961781046
346.29541621265327,0.25468071580939977
367.11259449099515,0.4107268016307444
367.11259449099515,0.49641173692123175
345.2044206700751,-0.29450230859833937
343.9163573844707,0.3355180932443318
352.831003819117,0.06002709433153086
343.0309702961193,-0.025751399778755513
351.5428834120986,0.016803117748850127
351.5428834120986,0.5961004756917418
363.3826935236727,-0.13069336873365955
354.06293806489214,-0.04065472581487484
355.6092383068155,0.00905770265717365
392.7559708343963,0.17640044117547404
381.284658104065,0.06720535654017112
346.7465344788793,-0.2446884144857222
357.72895801146245,-0.2055664664470669
364.0514243761691,0.141203128412144
363.2206596431051,0.09952281970231525
353.40893344774685,-0.1905552940149846
352.3008032048703,0.04543294246593632
343.55855085466163,0.25777923508371714
331.0531171878949,-0.26793733868112213
356.1696184338266,0.4296138020192757
380.89726089595536,0.7896991497005956
358.6132543554285,-0.17500799414074208
340.0118257358615,-0.5635805901026743
339.45058100493094,-0.3213987758533676
336.8081081251803,0.49275766430594103
341.55834479023605,-0.015081349505294384
343.1288337497678,0.178018867488845
347.37314998972136,0.207786228367695
335.7368835177589,-0.38798095093363827
335.43787665009694,-0.17616221434445833
335.43787665009694,0.6343505879441409
363.75501783451193,0.47794192472815666
322.80558281868286,-0.39920735560713183
359.33008673459494,0.41795234884421006
331.8096307905816,-0.20486700884657694
347.90699451187254,0.09617754468570183
348.9534817301454,0.0933814973304834
349.03444822441327,-0.033361826250256854
337.8684060875891,0.11760989575031999
344.90928114991533,0.3222270221816643
339.55203836848045,-0.06663418782568442
333.12479216305394,-0.18849785080647052
337.2804701553504,-0.3054321496867942
355.6154774865473,-0.06852278897872566
320.20518619780194,-0.09393247872094435
320.20518619780194,0.7553850283505881
346.45911453761073,0.43458999359415884
356.0774008885421,0.18482534299732833
329.4830243651644,-0.29205868193639617
329.4830243651644,0.6559248854688349
348.7842910355165,0.30792523819434336
349.83235196560145,0.10739405962090132
371.9629637384498,0.44238210230776076
379.53260393339303,-0.09394183215579233
383.33751946528713,-0.10442351798610616
372.769906512438,-0.2521481744270204
377.22626583152334,0.16373580110780495
358.27496622173675,-0.24514944884231227
358.27496622173675,0.24778409350699349
358.27496622173675,0.23829638080530913
357.90582412936067,0.2914370636915464
369.2051311188702,0.2258949726924584
337.9074968715365,-0.5017686716123535
325.54003021773735,-0.03532009570835726
295.2837567104258,-0.27410611431764664
295.2837567104258,0.4089571624469954
344.9775421945088,0.804508629461111
340.07540568708794,-0.21021068156414913
360.2830911921759,0.028532694127875402
366.0060642909246,0.4787150801673761
336.6652833566498,-0.26472599800263197
336.6652833566498,0.33537776116918394
364.8010973602834,0.43480262086995936
339.2058797990242,-0.6401928258991347
342.93385384795585,0.06940711337563243
342.9771386262094,-0.17963363977082736
350.02718287281397,0.14931274936668615
384.6276892177265,0.6988169610615387
348.98600776470323,-0.3925813324826777
332.9928731065951,-0.3486190238247673
323.4486954369802,-0.09462406275679314
335.4144939391587,0.22330265679283912
331.7533921647295,0.2667349603374305
352.6432624982573,0.41126973308519155
368.47934657493147,0.36348326076370086
332.91264639415255,-0.582872192250079
346.55424237935654,0.3713389362418411
347.20016204421245,0.14607887855277113
355.92814750596915,0.057900620249483836
370.4741929400999,0.5694592994934737
347.20815857696306,-0.3414695648552879
336.3603988082254,0.04710801935902964
344.9991918154865,0.07403784229506982
352.7744532348485,0.07856131013784307
353.20054786043374,-0.3002992588056941
337.4581501830759,-0.3715092393397299
355.10930797540976,0.33696382348352927
363.3786667428345,-0.02887590591751632
352.3314725971302,-0.011461263743740346
355.8566858759029,0.11420026798339222
349.33267738687334,-0.25324353444659664
367.2966974768246,0.09299585683311307
372.0137505701838,-0.26124167644536556
357.01888616052463,0.39400084155431614
358.75401182477304,-0.11891567631494127
358.75401182477304,0.06032754490672687
351.64459747139466,-0.14303285667051568
344.7383974484556,0.11302945272223042
342.84662014795265,-0.09061251889204414
358.1452935318299,0.5188913998450744
363.7594206870599,0.008595134748247801
340.8582710440894,-0.2605402261871177
381.9249398951094,0.546973372948969
359.32985907742955,-0.45755438213063826
372.3346311508407,0.16753173324707404
367.2442135607461,0.27513643557051637
379.55296186221153,0.12980504258018755
361.6305451879876,-0.24361848912394635
357.57293655978975,-0.0910955076897153
328.9262667600266,-0.44757953895918945
327.83750719180057,0.31605622409335865
312.19740581606527,-0.3509562835942006
312.5638368560332,-0.016441761092437446
325.0507595666306,0.10174966455952017
310.5020640048325,0.07969340476211073
357.734290184448,0.5523749184178541
343.8382880274286,-0.10616823120471963
336.1847570389067,-0.4485264472810968
339.8629216494554,0.20949113803385444
314.1177332410116,-0.21189651776364826
335.3123184264689,0.2499290479878482
346.66388082873846,0.4670798518063748
346.66388082873846,0.42375700131879057
364.1665579148097,0.09129464489740258
372.3232242051829,-0.059790267539824526
357.0646878851259,-0.24461808463831858
327.677557853728,-0.38287176828112024
351.3922073584831,0.3945154027960598
390.40595332616414,0.35250051817524763
374.9695258651185,0.07932275331074834
368.2025166608867,0.1920552295376865
382.65230010409994,0.4211959023023155
385.48370028378866,-0.033967441248364594
373.3723683411005,-0.3021579329379165
359.72612288507713,0.030538778966388236
347.1467517742541,-0.23686025518861697
340.8080568215349,-0.037471942831075467
354.5545037714815,0.5559497867287746
377.005736236848,-0.2169584728871996
385.0961478378746,0.10108498922386389
393.03548602261327,-0.09708499908742851
378.92182897987783,0.00814304492280371
378.92182897987783,0.1939065773585753
375.9514134421429,0.07246678116121075
384.242197718842,0.0872457132376212
370.22155552063225,0.09985381034027796
383.8194477737233,-0.0330936303114413
384.76535459318393,-0.014183369606598717
387.3210755378987,-0.1532626904696599
376.41212127358074,-0.10690418483295616
369.87368623607875,-0.028381970890222874
305.06091501134665,-1.1075371470221853
324.60682408345303,0.3168171248424869
286.1807052981702,-0.5576572805264277
286.1807052981702,0.5671761487189997
319.14754775285996,0.5784165165964623
339.03133883553,-0.25426486645062596
339.03133883553,0.9799213543587939
317.89995689250475,-0.04139584825281872
317.89995689250475,0.5660309540975277
336.9213617146306,-0.010248678750258478
332.02406890153173,-0.02610517366304066
332.02406890153173,0.4335826860083216
321.0167321663915,-0.18830572779643262
321.0167321663915,0.32344293096389265
321.0167321663915,0.3294846098767721
311.79381314777777,0.25263666333285073
311.79381314777777,0.315568076175623
333.37973696808695,0.614288274658179
328.11445035862846,-0.36226217439286756
328.11445035862846,0.26133066534089266
301.86551557702455,-0.34819594817247435
301.86551557702455,0.5376886984074645
300.35511448662567,-0.25191754396917077
323.5625743737606,0.4196605669944802
307.56861394588776,-0.30859450372850006
315.28501550750445,0.2517729250182583
330.46837779791133,0.07259752538834618
345.6993965096125,0.2516020914921455
331.5445837168998,-0.22208114339844087
373.40215001179826,0.6895212738960481
337.61129275492965,-0.5960557805457256
323.0626064284593,-0.11209533445139641
323.0626064284593,0.2226417110617831
350.5694247066745,0.1450976315779826
325.0920251094922,-0.21038317243926485
358.0342878421652,0.1873718339536481
330.3222526826663,-0.542516985363477
364.3498137043783,0.7959321988048487
358.6958214673437,-0.22586978839922267
371.67485775718444,0.12520870187768196
361.7968000846952,0.02004611926713551
354.28257896496615,0.13825224442177841
347.3866706668062,0.018145332616768428
353.4570689030502,0.0630161410524579
340.43700022741,-0.07059615954312903
319.60871339313877,0.005835955734710296
309.52158941189765,-0.10091368288135527
336.12042298324195,0.16869923516469498
344.6537975157905,-0.06025783597908685
363.15292527512645,0.39786488289519184
330.4977514899943,-0.5030606895438723
337.3115627845975,-0.05601091364758304
324.91726497376766,0.22494261963902318
313.31725546177137,-0.20254556127474643
322.70758433291536,0.22541424693179124
338.7589016864181,0.09540178786460274
335.8512401104773,-0.1227983154623189
350.5221026026662,0.15201562485447084
337.36978372238167,0.14230849241539545
362.3212018408055,0.1433044436705586
364.928317102434,-0.07338872975185495
343.505813203304,-0.32788650934764973
334.4521942190996,0.03940405797357016
319.3953391368228,-0.24938097620611188
317.8436023934359,-0.06500431577376276
360.5075728276291,0.31123459155105593
349.3944538581826,-0.04757812201262368
385.6022438375139,0.3977735985772597
385.6022438375139,0.4691696761916546
385.6022438375139,0.37300988643664823
401.16115865387656,0.6712885117839278
395.5884062850911,-0.2923176289576759
403.18989082734186,-0.046381673828932435
397.8780763360616,0.0761152616473737
397.8780763360616,0.5092608480657645
396.4758506927616,-0.13452629583809994
388.4738718666784,-0.14331874567267278
350.226868705076,-0.35017578462475285
358.4417792207669,0.3930530554955567
329.5149179460003,-0.7110606821803458
340.6593680064379,0.1618562279688831
316.2561361713273,-0.11802513068994358
360.8790969644381,0.5814920888888082
346.0098643920562,-0.05436016601413485
358.0080755175159,-0.034399109705418596
380.4020316906194,0.4614627107544038
381.4770989063453,0.03891104805768464
382.0472656713795,-0.1613135174808349
371.1514324452679,0.12121100321962786
396.197954379554,0.2629032621003944
413.4203204946048,-0.11693184679745627
381.3989179590447,-0.1505610166735778
332.75645583413814,-0.4414829861510725
332.75645583413814,0.46424561062463
319.929043427381,-0.4251842931084866
335.86422946934266,0.40181494966805076
332.8652225929376,-0.1447519530778436
327.342906870129,-0.13426733415371928
325.18236657684076,0.1122957633713213
337.45138898916787,-0.02119028830509251
336.7648169393489,-0.1770838142796265
351.61104647154997,0.2615820737523791
362.04308661158814,-0.10045448731796114
355.49534239114973,0.011517591411347894
364.76059951323816,0.2777020570035802
349.5607830394995,-0.11355896375971497
320.74777720423776,-0.043500324372530486
307.3597727995007,-0.45680897984527746
363.49691946962764,0.5624713075542331
317.28900367068104,-0.42457132183039903
352.902647821531,0.5408570850228216
329.716530914502,-0.29625317331056067
342.9254659624122,0.32110591970729274
342.9254659624122,0.4431256698630932
336.90327408658015,-0.2409853962269608
328.7618499273098,0.11126502518698089
343.46448636565424,0.30919797785452374
334.69654774049496,-0.22855113876153155
344.33105149919857,0.07961668669213395
339.9676390745713,0.33188445988912463
358.0014858695599,-0.005944048047126671
361.80091966765696,0.1713892966035928
361.8232949372752,0.24199876201714687
356.31480684686335,-0.005544495377876046
370.88870989597024,-0.3579094564988736
365.6123063403758,-0.22871307207924474
351.0056780610832,0.009282348392616768
369.32084242858656,-0.42003260177193624
405.6677359439932,0.6134581056380739
382.5253901837124,-0.30669150121900657
358.98048634494006,-0.4068547759414969
358.98048634494006,0.17215985390578226
366.2257198977349,-0.1302000173595843
366.20413685548664,0.22649225655823102
381.6120849824499,0.14792274784394976
382.95612936056057,-0.14333905778744338
384.31531668010626,0.11642853914645457
363.3014319548591,-0.48642995499585595
337.6071181301139,0.0926965403439226
343.7409189792825,0.1592952245421202
329.13109992194177,-0.2544003493580931
341.5841266291039,0.07652874241443897
349.39415666094715,-0.28177651930059255
338.5318192835725,-0.23712100058696706
346.83659758049737,-0.06993538666438326
346.83659758049737,0.7482019626902456
346.83659758049737,0.2648314806195913
353.3575728881637,-0.11304652823673678
363.4337597718648,0.11413086222137281
365.4757756278132,0.2620317365515348
365.46499254547507,0.18900605520138924
309.3403861787751,-0.778009698826736
309.3403861787751,0.3676796183518718
321.5155293029441,0.2720314355162827
330.33852925683175,0.3561758355394886
330.33852925683175,0.20306725324871877
391.24867277781647,0.3826638389357413
347.42832238520646,-0.642699061776284
347.42832238520646,0.5841583549811276
369.9179205294422,0.2456502529911404
369.1686298043772,0.027175564135291097
345.60031009911916,-0.24473052434962028
345.60031009911916,0.33466065828952196
366.18430442005297,0.010329931837532058
355.8701322630475,-0.11159292853540137
358.2892957602597,0.11383045931393099
346.86475382004403,0.0394842754030833
346.86475382004403,0.28790306777273145
339.92207278816824,-0.2745462965533534
352.27771089769743,0.18243274586563984
330.69893018595684,-0.27406931532141243
352.8822577580493,0.3491024725799434
344.1309461384834,-0.544823939302546
352.5439708803553,0.263137321490035
346.70879749112703,0.09448571614518642
367.7785320350893,0.2647531707904136
349.57169964181026,-0.25719084974025463
373.8706703842276,0.3234688959337291
396.50174203390566,0.5103756256315819
409.0420506223557,0.34526129740277156
405.4700176529969,-0.4681586238532418
386.57972346557966,0.07388748564312664
367.9998424631198,-0.5007822150960237
363.0769835271353,0.2577148526925157
364.6807692307016,0.22750804748670816
335.89090204367756,-0.5898137715038274
327.53733879992615,-0.4300456718563055
359.88281405294595,0.6119827823290507
370.41132626623266,0.168326904011451
366.84565977996107,0.0872844805121531
351.305459071922,-0.2879176002093118
341.48827649911556,-0.46479308578375367
341.48827649911556,0.41667314939854805
373.69347869267676,0.31916424980522606
355.45699785881965,-0.29947927943055674
330.49865818864,-0.4561604276406115
340.53061634334443,0.17680543398250848
332.1409551483625,-0.05937619098006053
340.5435611145049,-0.07674660911914089
363.5539732776487,0.38641064021589955
362.28715055728395,-0.4567292817650923
357.6544107486641,0.2617939323632754
345.12268959548487,0.07108800043579322
366.77450619301453,0.3842686249321332
355.2157285550024,-0.30231526226100414
379.96794476097637,-0.05392517538496122
375.9276241803744,0.34192362364865403
360.44481799268794,-0.10579553799016139
360.44481799268794,0.19349100398653718
361.31503441006817,-0.15564249868100433
361.31503441006817,0.20444716035285637
351.35313136241393,0.001383875360033926
363.4237812081944,0.032222352668668464
369.0357889969468,0.33659669879023113
388.3583734199009,0.17701114606632018
409.10524133297525,0.2751856452997572
388.27576019864557,-0.28668420400867944
364.99849436266027,-0.08726094471830947
375.3740145769194,-0.03372153364080077
375.3740145769194,0.6288915908186254
332.3248210844722,-0.4575011594406533
326.17345379579535,-0.3327599927387155
340.612836802889,0.17151125815371415
372.5303725190013,0.3304713985912713
352.2933906292318,-0.44698543561958104
355.07126089371684,-0.11821503127919186
352.4482595196445,0.097486416139418
367.3594544205845,0.12860734903836146
367.3594544205845,0.39974543544951757
362.1754856242197,0.0007669698841255013
344.77943773439034,-0.043721150841520284
341.2424095513471,0.26968605764034237
377.5722723691543,0.35647110960428563
381.33565901725626,0.11854730342599851
335.77645442141113,-0.5645927852021941
333.48820860607105,-0.2898573386055432
323.3155468939911,0.31958588742600114
323.3155468939911,0.8097999806971075
348.1801855541202,0.05147354456539688
370.29780281958153,0.47143028634377515
325.4405896129343,-0.22745223548849935
331.5411931035092,-0.04820752631758296
331.5411931035092,0.3159268378898332
311.221406354274,-0.034417388593737996
343.37513041148316,0.5184890798814195
347.4830930242293,-0.01249141651737773
326.1768149067755,-0.16846067623669114
329.6485426503778,-0.07570753275194875
329.6485426503778,0.5100288132731521
344.87241641411936,0.1782358992505806
338.42715403809814,-0.4800287182681586
347.1181538701303,0.02043652839506649
342.4973714770127,-0.07946695520445246
343.89905897964184,0.30601137638609544
336.36727673223646,0.2316385537910719
346.0684541737787,-0.19355293578178134
357.83466820781376,-0.019142252419328543
364.7773285978593,0.5558562646166365
357.86495894463127,-0.0020600044542788964
340.57076314205244,-0.15521689138165584
328.30102082339414,-0.34811305815730975
328.30102082339414,0.33046806871652734
352.72869132953025,0.24291173260246524
332.59718368370335,-0.13922567922202234
340.2008848524579,0.2356832249801073
332.5201335247959,-0.10810311556906527
361.3062018678094,0.18189739628360257
347.9997956142313,-0.053873881242452626
337.45003533018945,-0.4212836812999967
359.10454093432264,0.5199452134561398
345.7541735835567,-0.1553628245580967
340.7274912573655,0.14727947357016546
340.7274912573655,0.5032370569510931
355.8495414083816,0.2473761891678805
360.48912177038756,0.08829432285438088
358.00897387013896,0.02885847939330688
368.3068266336529,0.5357535720761462
313.1607507714323,-0.4399066105873999
343.20716394620075,0.08177207882602033
317.1817360635025,-0.49302713895826855
336.55084070600054,0.47371428772567015
331.20843584284626,-0.16825013946743184
365.1393999581045,0.2829347863964813
379.59417076321085,0.29586759743574476
379.59417076321085,0.1254808513226635
379.59417076321085,0.445685656932028
362.6740588474819,-0.29786711081089834
353.85277449997665,-0.06430825477525559
376.79585788066936,0.11699223871630693
335.9871686744869,-0.34245652053641606
328.65122370000313,0.16780184188246494
305.20412924017256,-0.27493969688816833
342.68936303136127,0.7655731004640529
346.83837700600634,0.009094675609389924
354.90729730201673,0.1833915807858375
356.69450312233937,-0.2347984658911173
392.59240273943504,0.40227980377324
362.21299523269056,-0.5686825745506212
360.2603546825729,0.012253797415496592
360.505413370806,-0.09622227686622864
360.505413370806,0.11313124468040314
349.26151514070875,-0.0062525345641688546
323.573709552032,-0.19317112145017745
334.8502747310803,0.08899745373332735
329.16990772064935,-0.18845704601176294
321.32243759082894,-0.12276566139814804
333.95620073477284,0.05888885674937683
368.7027901949048,0.5586460969357177
343.1597846883254,-0.8513912004182203
343.8659051302115,-0.027907351227668187
343.8659051302115,0.32673063576385175
333.81953983252106,0.20655390167985388
317.4914900022828,0.004977290578722204
334.742885185558,0.29144418148734985
324.20387502732143,-0.18812684933550372
353.3443346957838,-0.04583950279652527
316.19472640098815,-0.44175936791612
325.45822251001124,0.22592718501709896
346.28553573643893,0.020941846397477093
346.28553573643893,0.2762686515113728
317.9841832094123,-0.3297422517035784
328.6283997978024,-0.2308284566521479
328.6283997978024,0.5797538971037284
322.52572521118327,0.16946609290755532
322.52572521118327,0.9982169588294028
343.6461373840832,0.03324642083009621
348.9065198872783,0.29012959779538505
356.57538156816963,0.013005483293682119
343.87709096261364,0.07868693142211214
357.7131802647841,0.009057918451958358
364.2401430445831,-0.13930583020680842
323.03326159973756,-0.48210706674638004
342.95775210127596,0.11401150399831295
342.95775210127596,0.0601499282918212
362.1519385511728,0.24910459696945964
377.57854790742795,-0.21007346178248554
377.57854790742795,0.2718421436030667
374.6227111508147,0.03272121236898329
354.3371492242628,-0.4397664462969715
359.5830524733161,-0.011354117411428888
356.8335363747855,0.08017348324540308
371.1858679097026,-0.2292063089430485
359.1014968331143,-0.10972846597906027
362.8650617943658,0.3053482891773456
337.03805821437584,-0.6323950312096258
323.45549711359837,0.020299121952120913
323.45549711359837,0.43837534613328444
364.08203339094143,0.51539515429522
339.99782478326813,-0.6083921315132557
366.64810638132957,0.5760191263078696
395.6361151443484,0.0805986948263353
391.2947164906962,0.03662740511992979
370.40683821834983,-0.3586265742089836
370.40683821834983,0.6292068135090858
366.19182539968165,0.047891266745409666
376.8998935055619,0.02375294188755106
378.5078447255321,0.05432096201434433
372.6504360453838,0.02554464080606067
359.1574816536568,-0.2904308186519984
385.0725160810422,-0.029262302107213145
374.54641933184206,0.020339804821105645
373.73158417620016,0.013470863375687259
350.2436096321354,-0.1487746035024884
375.22174272144997,0.39419210908079094
333.0909971014436,-0.6425605966154535
364.2347128998721,0.6101314687064132
363.82003365166264,0.0641566411952681
363.82003365166264,0.3225633779139798
355.0460193483337,-0.14682050506610267
368.17529332785386,-0.010026871029253925
354.7841667495091,0.2113901079903826
342.07892698578206,-0.13467521497250345
354.6233771611732,0.1707898534909873
354.6233771611732,0.3511643605329482
357.0774425312616,-0.19597932503131688
349.16838272276124,0.057162827978345376
328.2552747233028,-0.43721653921545567
337.3454328488851,-0.002297808197113227
341.67742737419775,-0.250083993116732
320.36535112951617,0.007665568432457803
343.1192665335406,0.3689923839101539
345.81466082116805,0.1511166470754688
345.81466082116805,0.2192987388432357
352.14316543457716,0.16615942829628239
325.59113733413164,-0.5384804770033043
350.0786648873651,0.7118537765196606
370.8938670074126,0.14405003821207174
336.9251003480634,-0.6222652582551973
346.8187274751287,0.13005227868825386
335.0699245098826,-0.008982631882872738
354.5516022480898,0.22495347553388
334.6169074040253,-0.3204642584156545
359.1393018376613,0.21949167252023472
350.58494277862286,-0.20930767289371488
343.3371592451057,-0.10660863562782197
361.7799195286089,0.2632933542487308
370.5301137651899,0.23799382907668587
333.99008002011806,-0.14071372212015376
330.41146248762396,-0.2562997921912711
324.0233807401021,-0.044234407131853004
323.2433304017706,0.039596875681354504
318.6584938077779,-0.0791038584884518
318.6584938077779,0.5263449565504743
324.00148778058235,0.5552460221174442
309.6222490574126,-0.13578351465753258
309.6222490574126,0.7052644554169092
314.6333629154568,0.33147565000388113
341.2082746075345,0.05107151906850049
348.9229673844678,0.2829834348797249
354.9291074615821,0.018860350652630586
341.7024829982164,-0.07116678981867608
360.9738675156353,0.21615517331372303
353.6384869226343,-0.19174054380073358
350.80534560313004,-0.04155131259631162
347.6915879914024,-0.05009924359831075
344.5897318413575,-0.05301731551935518
365.41101812629773,0.23358406373336038
387.46150381299753,0.40526616766578627
374.78738253636095,-0.3345806071952211
383.1359698578032,0.26076633813522676
383.19741524505275,-0.1298454714848276
387.2965763748227,0.09614360808313904
385.4286897081035,0.03001671722336141
385.4286897081035,0.14826016038443868
404.57911209004186,0.4663111982431474
369.5372006964926,-0.5876629519440257
382.0651133609435,0.0008998782210483114
360.6752672994362,-0.42063794746468375
357.0211604653638,0.1815170829776207
337.4113295550568,-0.4837478573148246
341.8680320346087,0.2706288694341765
341.8680320346087,0.35314577229485167
375.9342853175158,0.5680466905382673
343.96539169221,-0.3147451889021795
343.96539169221,0.22296336256636096
353.1824508995775,0.11204184470250311
336.3554619902934,-0.016465974914240178
353.07966278627765,-0.022400901326591338
331.3304984092188,0.13511972090145719
332.11294555256706,-0.22650619524017657
332.11294555256706,0.16265095837957233
329.01102197559214,-0.05244586083608738
325.3919070341132,0.061309996451655024
346.1957344371266,-0.007756187841096107
328.64141857081324,0.2899309638080467
306.6396653778686,-0.34616272911205215
308.3625321831071,0.053370499635207125
324.81698262624195,0.08046212194665259
324.81698262624195,0.4250698013129295
334.9994625022774,0.11160936295630108
328.9258838494477,0.19518545643268226
336.2739569392672,0.10583829477957352
337.51824447359803,-0.20796213005542086
350.28867610731277,-0.08932327464799528
327.6096395693991,-0.38012944023989803
365.90423074888383,0.6916961981221448
360.22623461662056,-0.1288999855489692
325.69374685986475,-0.596528122245445
325.69374685986475,0.20605297794986654
315.80740107254877,0.3647931085660048
353.292662606446,0.505614886219746
373.81367881072066,0.030121758872724058
376.8725409957815,0.11402120353386636
379.9545686542814,-0.04911368935609062
393.07861945900424,0.23741108447632087
363.5334816344336,-0.3035857707911873
382.9631082543672,0.33712524996167303
384.4992198294612,-0.09822295931860481
360.0999098983162,0.002145817338487177
349.1198354789911,0.004203699001436689
349.1198354789911,0.2918720854286221
356.6453586985156,-0.16119804049162667
356.6453586985156,0.2729235773429082
373.28533659500386,0.10811662088110552
335.00423383126304,-0.35727089743136276
353.21672331229433,0.4386353381585195
319.5143494836302,-0.8337617058112983
326.6047056587163,0.6398842611610007
345.0527510379142,0.06428395864759295
345.0527510379142,0.2825563399761677
342.9260205799356,-0.21799373303122138
339.79467813014577,0.20294070275076592
349.23709629624386,0.007266304586210026
354.5594712466642,-0.21473426645650306
354.5594712466642,0.47369118889128004
353.6288692986777,0.1592447333371183
339.86336377438784,-0.24043027322102262
354.0306954674105,0.04512248487844772
358.3565012351825,0.21764390755436125
368.27536141779876,-0.05362470890304394
345.67467997802925,-0.024305639596946094
387.09568113682616,0.21645168975192064
380.2552224319024,0.20536625986255785
370.53434982429496,-0.17673732164655576
383.05328778508624,0.2755338433807992
358.6057214997825,-0.40700053807472614
339.2647605718239,0.08561231917599343
333.3914238429824,-0.07612512004016025
359.3953487022699,0.2589967922494907
374.04089217331443,0.39745653919908364
341.4833227781731,-0.44743834317296205
366.1684060214868,0.1586797558810531
390.6110328655395,0.37021561666767866
385.5524274642051,0.13003976538334427
360.27493380344316,-0.14827355087288652
352.8452777484552,0.34105957102951834
362.19363864510456,-0.11298758277382603
348.1612749446419,-0.3758490210815353
343.25115121674526,0.06429235962139046
345.7620159104978,0.006645924182748786
358.74698718336464,-0.009856919767344152
378.5210277920109,0.2055822607878781
381.62264482071487,0.011230404143020678
370.8398462205331,-0.4901304588483981
347.40716968188093,-0.2662198737300514
335.2501839012504,-0.12607866911730525
351.799912392273,-0.11061847274424963
352.1402220242407,0.2407917703928888
371.71364462400226,0.03197376364664706
344.0977645630305,-0.012940744576326324
333.7611652746027,0.1408363334276146
331.0109101420483,-0.07694978661209007
325.5445839362213,-0.02016700348769973
325.5445839362213,0.48446229187220524
335.6068427149712,0.22112897458316638
340.14398735061354,0.0030519500286345647
340.14398735061354,0.3467630433533486
341.27944470082235,-0.26825118146541627
334.1478804465992,0.09822639417791379
343.9753776873636,0.1225796375496202
342.17204415178725,0.0393828285316431
346.13306432291637,0.04299917766047656
368.1372910805519,0.2774555204076705
381.33429706188446,0.1129173273914148
371.3525422236912,0.017969783692478813
360.8935022055268,-0.3758817848538456
365.9555164169291,0.19947131161598008
326.7935515123016,-0.18568603816140694
336.06847879837716,-0.1278545234140438
356.03327254165384,0.10740568026960773
363.5460304408099,-0.24227527905259194
354.52715869200284,0.012335695226965981
325.59032802459956,-0.4036375722498633
325.59032802459956,0.2111776275808097
359.9886416923391,0.5392631174096323
395.358068634855,0.32301412261449514
372.67424481294677,-0.009734875197864312
372.67424481294677,0.6816976032679349
334.6244541725111,-0.4811797704213632
341.5423162412309,-0.1916443148226108
341.5423162412309,0.22399274120800783
353.1155186217836,0.15734524845777287
340.59944838763454,-0.4084289631109641
337.2532472670839,0.00241363562429342
319.14713695334245,-0.03969345401276314
330.76125244611467,0.26615581377359376
300.90945580058616,-0.5960507987309711
300.90945580058616,0.5679427221555216
300.90945580058616,0.3067978055570393
336.0561424295554,0.6839816999305413
349.35927134892313,0.0997607727730383
335.75823915384433,-0.03156304923629705
336.36034182046626,-0.45237049826346265
336.36034182046626,0.3977856349195008
369.0043190560374,0.5295937064176997
358.13887963788096,0.06018485405672891
358.13887963788096,0.3164360518680951
339.3062238674563,-0.024419303870672593
343.7795651578173,-0.10129511729292062
326.4984007125153,-0.24196628880679327
366.8337144534257,0.6074590515249838
367.8059349849789,-0.14519174179713445
359.6900628978375,-0.183307026423563
359.6900628978375,0.3851412920053008
333.15407933105524,-0.249379478344963
339.3079832517404,0.49983052721358945
347.2039211768585,0.19485913749849715
384.6725126715337,0.25885354316312714
366.11726602998704,-0.05824639174522872
336.3181107780941,-0.572765329766753
356.0494238583349,0.4733984345434692
346.43014102162,-0.44151548594254564
346.43014102162,0.7321713875471687
346.43014102162,0.9589164431696418
348.0159746280453,0.32719310267520996
341.1549428975975,0.10787819004679022
312.1717064242783,-0.36891319681376444
328.1879764169748,0.3743275045504788
378.9959014018549,0.6533072556015895
358.1746295713857,-0.11922450249107897
358.5856619435813,0.03685389598990696
372.4172879470926,0.5032635608216651
406.5762051679797,0.32624253899325595
390.0491494511087,-0.5762528656177892
384.83435824234647,0.008080614003574738
362.8125104496272,-0.3456067043557596
356.3696418021603,0.02722431930089897
347.8685237243499,-0.23749440910171415
328.850801194914,-0.03707596879121411
348.784572539953,-0.06752695075829251
346.60359290793485,0.038146854209230696
345.5243517952018,0.0946631277402048
345.5243517952018,0.2994296800526399
340.539391199178,-0.05331180237476474
361.1023632063846,0.38554218193451106
339.0835088637509,-0.49919678861317607
324.7010745589864,0.0018691214118007338
324.3796450222849,-0.23976398454203718
332.21696442243035,0.27770660151043103
347.65399521675346,-0.08316594551752132
329.5848264791799,-0.03511285198385394
335.1092416495497,0.037130318897311554
333.5904721128423,-0.08595099862191091
355.2708108032322,0.3222621417114624
355.3619311036086,0.33144056476862715
355.1719376416995,0.002792952301660989
330.8865383703174,-0.4559685143376555
310.1310327810449,-0.5745610017714853
310.1310327810449,0.5202503876537321
325.1728381602085,0.47475753938397247
366.5323493732236,0.12892585740974027
339.39359585286286,-0.41218817175069944
339.39359585286286,0.35977246480445046
366.04497257242974,0.670340960149133
353.736403897505,0.02993423173006704
327.8587338944207,-0.4748248680460847
340.0082482094004,-0.030033872335479828
346.81482760400615,0.05752017892814365
366.55021054468534,0.1241360599796053
359.0900767664456,0.08937429950913156
386.23338046365717,0.33754299558677303
346.16597050600774,-0.6282863795993308
339.38659286313685,0.0306167203965515
398.82619065385984,0.6466122359761357
382.37406822151956,-0.23152339525745447
394.3951845518155,-0.06768726995221641
382.3465921890643,-0.2317728178802554
366.0826245249882,-0.1766341323261713
404.21653948653824,0.6499488888855467
416.94735699399206,0.10891300945877447
392.9676801670091,-0.012443312477444124
373.9402977453381,-0.2715829083256267
354.81512618239054,0.08606373049906324
353.30575213616345,-0.16577823480633924
353.30575213616345,0.17331355482360777
315.9497935618132,-0.45194926873296026
310.6056027190243,0.1819402818571234
310.6056027190243,0.16525187330648805
291.0112348947323,-0.2340973190924842
318.53095131436265,0.19012072679981884
303.4557889393636,-0.40920802012215063
314.87352755478963,0.25399070585217487
335.19479444346103,0.32853384004010877
299.09465632658754,-0.5619002152682242
290.4479796077013,0.046313630708937126
330.258571172516,0.2255568670560706
333.11930979082575,0.1657091457294655
337.0446447552816,0.13932429773660715
345.31751662377974,0.05827940575363755
352.79825680962705,0.15437584129244897
331.2050670465964,-0.5113889340436799
331.2050670465964,0.6697621910016096
373.6345956518517,0.47350573411654295
413.8940685219388,1.009829135209884
393.6761007486345,-0.2914483642041432
375.97950559722824,-0.43667623054557225
354.0348242169607,-0.08556445503427312
316.3128780113765,-0.249973240686586
336.7400949138329,0.17875515191587965
336.7400949138329,0.32376721268042274
336.7400949138329,0.12545630704471478
330.9128325850327,0.037355677608161386
330.9128325850327,0.9135858309523428
330.9128325850327,0.22349414743030138
361.34947041572036,0.2480227030308697
368.30793321784773,0.049192654671060154
354.20876183552224,-0.205319413728148
354.7216557054091,-0.0920966477001457
328.4094691523339,-0.26131056345354864
333.73788935841804,0.3124291118058409
334.4358484172293,-0.17579830653846784
344.2404478081418,0.0207738007648004
335.62661534223935,-0.023509125743316872
335.62661534223935,0.40527051128265157
335.62661534223935,0.19370321180338124
361.0170081024296,0.2619984132212494
389.3493000544457,0.22893848483408874
389.3493000544457,0.43772036099130673
389.3493000544457,0.7055157974364192
383.97623067554497,0.5210558199240722
369.99932324915324,-0.20444076366038644
354.10769795477614,-0.4846659554557391
360.54563373501236,-0.08601543995018801
353.36534430839464,-0.16942854583408007
325.46364106941814,-0.07986039467334649
325.46364106941814,0.060981256360264524
344.23028927753023,0.20868566780882247
360.56676803198155,0.27581366264803364
335.5784451548552,-0.4021174170549102
338.4730105001665,0.1719427551948911
339.5556121686329,0.18960865880762867
339.00425891181817,0.2417254767490249
347.13521731771976,0.4012706926307601
349.3923535161794,-0.01014215273210084
374.9681904756713,0.10790034147294136
342.4872955629753,-0.6263745695565603
330.46045618564403,0.043522383035224266
324.55378443574176,0.415033058914446
289.1546954335596,-0.2541257028818791
304.47945506641037,0.35643448130622346
368.1327675772608,0.4752237519130631
377.80932984696915,-0.14136645920757474
331.9635543526034,-0.24458299032153263
333.50043518281075,0.26129131178845455
332.66483750254156,0.4770315537634815
332.66483750254156,0.22250813936921077
333.4314795040597,-0.03916029168908608
336.68241258238476,0.30315373112432553
336.68241258238476,0.6932439696619213
333.3532636404453,-0.11321449884940193
338.0697259578854,0.19140755408898258
348.09039092982465,0.05923222448791421
338.1038038076903,-0.2697980891566658
339.2939994583715,0.2655492147162022
331.38806490936486,-0.3464103445581941
342.3036751022857,0.12765904673494788
350.7716501454912,-0.08406371597993711
362.3431892026317,0.24637431921303232
362.3431892026317,0.66456596755188
362.09657904583133,0.11183378126008847
375.4789760579883,0.0760461664833656
384.39307282591807,-0.1056723282619032
339.6269997002863,-0.24460438706103105
339.6269997002863,0.17267088099151806
357.38630826415266,0.14189176482250332
349.9595655905843,0.0862329177778065
360.3702375319739,0.19958717672443527
375.3228626810903,0.13341305949677462
367.16864571459234,-0.21957654304515017
368.39715989350316,-0.11804597653258497
348.1540080785892,0.020399376742716413
371.28864218531146,0.47534619707175807
371.28864218531146,0.05019503301241457
387.6298174425749,-0.2130976696507787
380.29371659968274,-0.016497356619993297
361.3534346218129,-0.2653450570045379
350.7167877793588,-0.15263518280198696
364.14056012631454,0.26659638909859495
390.401479166066,-0.08822193249170596
402.18015218113726,0.23085041609988366
402.82277504457954,-0.22169717412919
390.9595943863649,-0.12448851754197676
360.7101275483325,-0.5233105591744334
367.02326061933076,0.3276477281802954
335.3239680883097,-0.6157856836215387
349.82202977270447,0.007990708976763017
341.62392577238154,0.0009354386727409292
331.07828346703724,0.23651131496023936
343.90021977036423,-0.21483551360586262
324.2617834472718,-0.1652225404067167
321.11506299203234,-0.11796769295563081
333.4845243549251,0.09771526659585561
336.88731232558695,0.45714407669493085
328.5939159313088,0.03634873216219603
318.8122756760943,-0.29413105478465695
318.8122756760943,0.47079565966282644
317.7488741829188,-0.07374743556442809
344.36065473493915,0.018593328707538603
325.3175994359657,-0.11688271882144363
325.3175994359657,0.34676414007367384
327.95441273143723,0.2190827846962975
348.63170711224194,0.29352235614373967
372.7386041095388,0.02983617771792524
353.68513409208776,0.1184448126547295
383.58875249983134,0.11387269853423732
369.25513109088837,0.12603602421233973
365.45908132440405,-0.19162554705280854
350.3118283101311,-0.4917401094280649
377.73004138940814,0.515379994070031
377.73004138940814,0.3241866922234067
377.73004138940814,0.3164912640580724
366.16601681528874,0.14385830575815817
384.21414354277226,-0.013960154735286778
355.4596511450135,-0.18004041217648137
355.4596511450135,0.3911241361363409
397.4894039478436,0.5225138269031504
373.10619878186884,-0.354230535843044
372.9521871104719,-0.11399293998920257
364.68373642941157,-0.07745418157492168
382.324352382169,0.1904142350881557
374.4447362576274,-0.23270443431340482
378.3952474308047,-0.005240289400489928
385.088435773532,0.2593370271758886
383.1702294235777,0.08584895445824259
362.6237610676972,-0.18170475851275114
365.79440371273,0.11310722602956957
377.48587677884564,0.21679952246813627
391.629092661816,-0.06797650814849021
391.629092661816,0.2047553213659512
400.77838011235747,0.06350938001799022
368.2544855461435,-0.2598786650233933
368.2544855461435,0.37506617135045417
361.9364972292622,-0.10105404453418032
366.11524896454705,-0.11001004854199437
383.27665372907904,0.13076497837880652
383.64721265157556,-0.006753647899927273
383.9014859084417,-0.10304907311319766
353.7666781401201,-0.2719952497477607
335.5800587362714,-0.014694678184127952
345.87277460196117,-0.15013987479267143
327.0619501196457,0.09509009781731947
334.13761752626993,-0.0560534366053389
343.76347148609705,-0.1438959665109678
348.76519789287505,0.17070401741557362
361.7441779568783,-0.13105327083007978
356.01906328047244,-0.1942470769663487
366.29206973622604,0.36244527064229715
343.136960074387,-0.04611984587927509
340.16957144750893,-0.06224193953369195
345.1036488934851,-0.13143100657350715
362.1470170404044,-0.24996438892151218
326.67434332118086,-0.5209220356132391
329.7154149554924,0.37964159884893434
352.4231635874073,-0.016323194263804908
339.4955078856085,0.07288898908655028
335.8138179464467,-0.4411100783074744
392.7385943965064,0.8987813047227746
370.8631443130191,-0.4280404663842319
327.08486596928054,-1.0477479186947676
327.08486596928054,0.7433061826748144
332.77201078649955,0.33674022145658
311.6562242625955,-0.3112603401114029
304.058910951929,0.03914803794975796
323.3390201166246,0.020621514567665145
323.3390201166246,0.7006821006746122
363.48289779380815,0.6609620453972411
347.49987241723034,-0.328004419831359
347.49987241723034,0.2647591091678123
347.49987241723034,0.4022870738109532
349.9325187292877,-0.02524856325771907
345.5838379418759,-0.020293635115194775
336.0572631108398,-0.154696380581413
350.1081874100143,0.2864818111099794
350.1081874100143,0.1778767049884209
350.1081874100143,0.28765445808596724
326.68733598248866,-0.45956347083392757
326.68733598248866,0.5245587337553843
373.2923338027064,0.7610423124835961
377.7340195801995,-0.3840151066327735
396.4921446534813,0.29950599465109917
383.53284993701755,-0.026936655959275413
364.4130828540116,-0.3668504637445267
377.192920855069,0.2717242071532837
377.192920855069,0.6928097567902114
376.22996355348107,-0.13084355453565877
378.4470481454976,0.08887196837144984
373.47655854905094,-0.15268538567249834
374.8041285864033,-0.08607465272177706
362.09763651486816,-0.08202999325203564
351.97120701450524,0.15772632766186234
341.3289068055027,-0.24988099017673449
373.8743139980441,0.13187120304814925
374.3330920373696,0.2547133481856463
372.0702277885808,-0.32530593925264384
393.74826968588303,0.2906582744134312
389.91853492127075,0.035966637136993995
365.0570450493942,-0.33891262783106413
382.61265981200756,0.40489766180587594
384.9593916871281,-0.2726188918087473
371.5682925398947,-0.29831982423706904
354.3117702271437,-0.021006341483371216
350.3757979857105,-0.17134728331893712
383.4409951307759,0.3036418027147647
383.4409951307759,0.3042114664986002
387.1639563841311,0.4797702325431601
378.10643433094464,-0.38824713144538237
381.94595617796756,-0.1457917747366082
372.47481955088796,-0.2770362436143614
372.47481955088796,0.7338877356634157
364.0038066236274,0.3475179470336798
364.0038066236274,0.16499843014798898
347.04846551464703,-0.2544671176880229
357.84292636385476,-0.1075231642593053
357.84292636385476,0.15180282162771164
357.84292636385476,0.2121470915651571
352.410017493331,0.1074603764919857
356.8073417288987,0.16198745673216308
339.6582733449266,-0.1277345466838824
350.0496794738174,0.0007091898024782495
359.06419433994364,0.1789453188008565
368.020882039223,0.1837840431355744
343.0824190122868,-0.19105374914806816
362.9152103986972,0.10153849763628386
344.27459280761605,-0.039693785953318184
350.63847735018754,0.2774002562991882
352.0603990921085,0.0512792174858987
352.0603990921085,0.14265822149297946
358.24457965193795,-0.17524731134085414
394.06313160869934,0.4633218859221415
393.72938351977695,0.1191674141044814
359.7080698568623,-0.5269066446835495
380.5388045697506,0.08167707600807717
366.47112436669994,-0.19491058078506285
337.2734448778903,0.168235687927222
317.5234131676605,-0.32326024017288546
311.62165618157616,0.07928219384803015
295.68569160313643,-0.1776388743676307
303.87315463888126,-0.18500635834197965
310.09079758541816,0.282791185511428
306.6025235614701,0.4227827918256253
330.03727317466314,0.3701280255469328
330.03727317466314,0.10260181384353473
345.62552534611586,-0.3873752010260887
345.20520023477803,0.018066981522565584
341.48441444606107,-0.49865637760228765
341.48441444606107,0.5280832879934678
318.3382301161431,0.2476387544094223
320.1083311238709,0.4303358930218337
373.51547346558925,0.48612865492600577
347.3003068793322,-0.6153634221510629
359.5038996059069,-0.029270323330820247
366.8597314276832,0.07225850157317382
346.49770667404357,-0.23175746890922255
340.7100184594886,-0.41663664029590564
340.7100184594886,0.6437566120913516
340.7100184594886,0.7847887832505194
334.5369404201048,0.019305940935282706
338.01115754258853,0.2679412623534745
333.55780788810785,-0.06501175770688405
330.9273645269986,0.31632855935595217
320.3387075703073,0.05858861442800389
318.8286463002803,0.2128295348938991
329.22347528711657,-0.0626525695164446
365.17290234223873,0.25567041685462755
327.3365097088543,-0.5914986567922824
364.0836021326995,0.1385516965045781
370.0823938211137,0.19983482309498868
360.23621340194785,-0.02984265200120717
365.164504624536,0.03241394986355317
333.49078747299586,-0.6300551183592233
351.7328333576828,0.3699429894760442
338.36454328934394,-0.04165965356560264
321.09653050076207,-0.24724315449645928
332.50020280292176,-0.15479162571546112
349.92614342757327,0.2901895856017518
349.92614342757327,0.7661385210125218
357.4333550956505,0.09533739976234301
357.4333550956505,0.1600459637415952
373.7224195867868,0.1901323068639158
373.7224195867868,0.34149889704531233
362.2460903973018,-0.2657006176065124
380.74448160145465,0.6614084351676865
339.47927655761123,-0.4054099847685393
344.9262864862246,-0.2539717707056752
344.9262864862246,0.6670236208490223
344.9262864862246,0.46000619282824573
367.9718915661471,0.36361463662547067
367.9718915661471,0.328641124830483
338.28962092956453,-0.35924541885333383
380.32026101937754,-0.03765338594689638
368.9382274906071,-0.3753960872288644
369.2759191241948,-0.14750158970900884
374.3436259865576,0.3449691318613759
357.6800239733342,0.24618776218369476
330.7182214089331,-0.2659713009445568
330.7182214089331,0.3887834852442893
338.17476475497097,0.5530366894031431
370.03782431276306,0.4675384054623919
359.2504288236094,-0.4341183247540812
344.95110584356354,-0.35051524159280234
380.05688524466666,0.31174929662427076
376.6555153838464,0.14165972464093102
413.2297498263607,0.48550506986157416
397.6991509932249,-0.4253818882725682
361.2850676242229,-0.22174622732370608
328.54894251039354,-0.33080923333295686
328.54894251039354,0.6551445022826101
328.54894251039354,0.4385684876291407
328.54894251039354,0.7241291908404719
355.494198857925,0.3934962248881675
339.4025426987889,0.22379192035282358
353.9787337699812,0.1845022781218404
383.9594893364544,0.3121745197471455
363.0000328441659,-0.1277933137821492
352.91946424144555,-0.11908098231856457
352.91946424144555,0.22020550197157718
345.75063909361916,-0.1574168422787352
338.57485151298187,-0.2912574548902285
332.47645118662984,-0.3082962110377139
332.47645118662984,0.9114639651586458
360.25374468719144,0.3071746048623254
335.70263356216833,-0.017293321324132194
335.70263356216833,0.2885419736660424
356.0407617686374,0.23846042082107033
322.40355625749856,-0.3147446854309237
317.1303396718233,-0.20407339337657504
341.3999725624133,0.46724237672060553
338.5848209147239,-0.19546056402009526
330.8512390174881,-0.1986037017442186
354.3907961840088,-0.11410733596403588
377.5603731171684,0.31920198251623333
347.75415184050587,-0.271127824604946
342.9926528482112,0.16976863499962747
358.0151351768616,0.1173279426186582
344.5405238600986,-0.5417274786946109
335.7337751950117,-0.26554300775296724
321.4672284867676,-0.015008707055585546
319.86632355697725,-0.3036462154542505
338.4131645318535,0.27670862147726893
323.46181588945626,0.19326535306390724
323.46181588945626,0.3839521988480783
311.4066200865527,-0.6027140808494096
318.95707451227736,0.19874150242083033
325.54038416507154,-0.036331258779000564
331.01835484484724,0.2079718686435399
331.01835484484724,0.49925412249911005
276.7697252345834,-0.5624375607628735
340.9904832839864,0.6792668958539707
342.9541587882018,-0.17324535232296512
356.7919029026419,0.5725349752726743
356.7919029026419,0.5649430409906699
356.3217673949447,0.02898275720451693
322.68616638610916,-0.46328801943457165
322.68616638610916,0.34248398469765107
363.66696971616506,0.5372522663050177
328.0800024519244,-0.3511043685352888
322.2825801586101,-0.15014180265461619
353.12215298857393,0.23457276000272032
351.3059652222448,0.13896439137033667
367.58862171355463,0.05660394107474076
341.9502801106062,-0.26207631340560056
351.18578464943465,0.3151973203964644
351.18578464943465,0.10046571291161399
337.16674420622365,-0.6856674580226354
337.16674420622365,0.8464429321065836
344.2312973350573,-0.04815909797412132
334.9451746427445,0.084272580777224
351.7944291446278,0.19514108473617853
357.1061353071606,0.16260866272534713
370.2151539791382,0.31183905309114834
360.07473344753674,-0.1805777734248295
343.33827830518175,-0.3555830934506048
347.03817145788287,-0.4541898514329432
334.25712043467985,-0.09275980245240589
330.55008250409713,-0.17006799343744206
348.7335687358855,0.6000077020954677
348.7335687358855,0.04320357792312279
350.9185047194027,0.08260297177707798
342.0569072680285,-0.2740448139793443
369.9901696967625,0.17260084578094848
370.43337519641614,0.09122889610262064
367.45561003396614,0.0009516830897382533
367.45561003396614,0.6608408118941043
347.2287063181662,-0.267412853570022
354.73248825015844,-0.005514469582180936
379.1288588756792,0.21178205873229672
377.577275648205,-0.34546166437314696
355.23360638002475,-0.0567058854409197
377.4654870059341,0.312549482207487
360.5545320100099,-0.45570152794437035
351.8969527407777,-0.21027155560909705
343.94420205575824,0.1250962960208426
350.25949631978006,-0.02275912035872807
340.2565115609062,-0.2398346079331759
343.7979486891521,0.15948647915342917
337.2644420904888,-0.1883654332259539
356.3476306543218,0.14376480012481352
344.6481672417138,0.17430998830059252
344.6481672417138,0.3934570370095116
357.5130427717416,-0.12035173185768144
360.92360724632834,0.2234562539277931
367.18824951907703,-0.15727908181338535
362.07147758607954,-0.14915564156626715
353.55793703348047,0.03938779641691781
353.8266976948824,0.0811707748889603
328.6388644819801,-0.31223528975363024
287.72800577276655,-0.45977706415737885
299.6451259157614,0.10296697008675437
299.6451259157614,0.27172852530338787
299.6451259157614,0.5255665801582836
299.6451259157614,0.6785565694798379
319.42656712490805,0.19906344140349574
309.06601001707264,-0.19195800325712753
315.1783539992566,0.3683733758080052
326.0940715996609,0.1614138771449234
338.4211839752762,-0.06796118756165015
348.9791936123973,-0.2765484416988784
352.13463667940675,-0.0808110647982403
326.02728788331603,-0.19911499239424302
336.9766341737493,-0.13955168284360298
339.2978613820407,-0.14111107324515615
312.1546975609109,-0.550630989736419
320.737589816535,0.019420799372596775
326.1866788777142,0.10223586374672777
337.08330669631664,-0.1868972977932799
349.40079748788276,0.021553259335405528
387.33715492228947,0.5653663171852941
365.43663840110844,-0.3198327985905962
372.03479088424785,-0.11100405789341039
344.8052164413083,-0.16440183075144432
345.5721384618088,0.05024132241612733
337.1344332666876,-0.27409648486866445
337.1344332666876,0.2518277652707184
352.6788246242011,0.166395349972845
363.89703015334504,0.11466144150995206
337.35968706536477,-0.1364648086833995
377.0764884514293,0.14773258393142896
338.40052504428456,-0.46449417130645543
353.4580426855318,0.4192572908592638
360.4914374462738,-0.09020238196876562
346.9428563067685,0.09064577648564409
362.7456078992922,-0.15526122335370474
368.63838456869684,0.4229376670959937
336.5308613712238,-0.1733455866269651
346.3330752868874,0.04550979205419026
363.34207783891685,0.1813196521181908
349.30470297497084,-0.18441249593411158
355.24071513274345,0.10222480575635018
352.5952522473589,-0.10773957325091033
350.00279046961214,-0.1399605245225075
342.3825253672432,-0.033291714332222
342.3825253672432,0.24031655891633363
338.7618615988648,-0.06860187429140296
373.55666744337105,0.4757909893236274
362.7223472608676,-0.4855976403580371
362.7223472608676,0.5667021274153967
401.6703643384876,0.4423689875173977
413.3332454399254,0.20810948426162668
401.23702217207637,-0.04318076931781434
401.23702217207637,0.2140144105832178
401.5219889664031,-0.08560969803863827
376.6890290843802,-0.2491287117597949
380.4261956686943,-0.13045672849079892
380.23525005758563,0.0017537515341246035
350.65599054145963,-0.27317903139430655
350.65599054145963,0.08207186834965796
360.9398628954214,0.41447109517059744
357.2341434139962,-0.008905464522854345
372.6046291917219,-0.3191808686752893
347.74327928187125,-0.5241205317663571
347.59010585296494,0.48130178341580176
326.120522697385,-0.5980145829358889
332.4709462190006,-0.020105210429051112
354.8023854712246,0.044564988439901754
326.02488588942407,-0.11381098997094341
322.6140693919244,-0.31819530897428194
325.745853965164,-0.26221232516343207
353.61941507394465,0.5757574949116133
347.91674220635326,-0.4012449151373403
347.91674220635326,0.3117857422637371
347.4632571054801,0.1390962840089287
362.66413872350057,0.2624929765261186
332.83939560564886,-0.4265442030834947
370.51845611089067,0.6040226096621382
340.73994582837065,-0.32649599066428436
366.5956123615876,0.23896078071391003
335.7376325098213,-0.41332485660666407
325.05474851840756,0.038839444051404826
314.1861711559403,-0.30054599150150807
315.7501736835138,0.14312713327535675
372.5283210107313,0.8843099615455685
372.62757752892156,0.01782896803820222
380.9505125800003,-0.50099388961371
362.2283806139578,-0.3832452013865577
362.2283806139578,0.22950007701092545
362.2283806139578,1.045248618276446
339.44411262066916,-0.14216567554956328
308.9247533995806,-0.5669929279964663
332.1599203117665,0.396696909235402
330.4665041210745,0.06000824807324534
332.2096638510484,0.0717672526387787
332.2096638510484,0.7243459443332085
332.2096638510484,0.4997223814447125
350.7508475758761,0.27024179953536986
356.8110791412575,0.48596250081777725
331.4748481521189,-0.4313945425010388
312.1655794459537,-0.1996485819992131
312.1655794459537,0.47784528804618276
339.39741252840645,0.334754459895521
371.7292996152468,0.4503562149971003
372.40191257548986,-0.2437028090560034
395.7412671966208,0.13256154528778552
368.47669766144514,-0.6104691186469609
359.75658459882396,-0.01698248492584753
384.0565611331291,0.5818403815554802
403.38380287642804,0.4654880032475148
361.15118237929477,-0.81297349101078
361.15118237929477,0.5908578457006115
411.04428476363773,0.4086295531913038
402.95438258452,-0.21504180897841252
381.977919760299,-0.19249922740732472
388.27676648665863,0.13727166613421105
399.6848769184142,0.021451843575505336
367.66602561790114,-0.0014198235802496129
356.29424644471135,-0.40933054515573986
356.61438996550044,-0.007799035417519917
365.66249175180485,-0.07933316859680417
376.13870736208077,0.5984689514641559
370.1281770474948,-0.1427164726102319
373.79362196314565,-0.25923056393025945
365.4239344070022,-0.07445951776071524
365.4239344070022,0.378997891441486
368.9116110628434,0.062465277068895375
355.5944758423945,0.06637423637789652
339.82548239099316,-0.6363566000070477
321.98452608291433,-0.0007854024180460328
356.3788551389438,0.34024010877294586
386.4515557825563,0.35772766586626403
385.04705087919643,0.2816812407573934
386.5016376294832,0.23218046016813787
380.4804728159911,0.25074847355779184
370.9990872347413,-0.5139515508669774
370.9990872347413,0.34631012413683493
360.98648102756897,0.26133390344637064
363.02535357473937,-0.15874188149075508
369.8847812363126,0.0068105590871709865
369.8847812363126,0.2011798311016264
358.05008681032865,0.027342377878085244
361.61147443260637,-0.3512823569973307
357.10731090802835,0.1133058005023031
356.48218450432324,-0.14859644812281658
366.4562976288362,-0.1910844361444788
377.0666467347718,0.3434191503893089
355.5285318554287,-0.18208472155788513
370.6128556640238,0.13462758644800488
355.19795654397825,-0.15848157506820826
384.2833797960195,0.47366862598778425
358.1002929331407,-0.5611248106100675
385.3229356261025,0.23963079977352209
345.3204052768799,-0.4674942176272907
348.01713122545794,-0.01593308155838713
309.0548046844205,-0.2738963350860786
316.5058505284473,-0.22537517652631323
356.40892569829384,0.663222716036671
346.0356312032384,0.07771308765541107
367.0575212963209,0.29497925037912864
334.9244321316413,0.03146036677082975
320.46997287283114,-0.14795275188703272
351.8409656796717,0.21074605663704915
370.75702192455856,0.27607060574575826
348.17129724733604,-0.22121105211908798
365.8260699318133,0.23203989096555233
386.6366157737974,0.42064530361892594
367.04877160857745,-0.17478763004442044
322.659011845318,-0.7911392179224777
340.583928109254,0.48504894778534435
341.3030765046426,-0.4879895813702433
341.3030765046426,0.5215851024574931
341.69423727520245,0.22466699263884493
360.3774717777342,0.10553876185019817
350.86792425831914,-0.13076057919010964
343.32284653083696,-0.05545299679954496
342.71762144113865,0.11714781404816677
337.0773647323429,0.0453685322244155
345.6603587551194,0.11784934129696012
346.41759254585935,0.05160471875433359
357.5090163349612,0.012308727677918796
338.6587212176369,-0.2164926179414124
340.3972935615326,-0.11039397914646543
335.6612263826384,0.016671705114958968
351.62599630366054,0.08798995385041053
322.6533787149787,-0.007747120160729537
294.34697458632,-0.29357746983714605
323.84509482834125,-0.07352365848225872
323.84509482834125,0.5197287092735223
323.84509482834125,0.19383058463199632
335.7983544320097,0.3530153251005004
326.70569921095176,0.10447935833531119
331.92551063498144,0.017392492474300525
341.58974870796754,0.4234419251440613
332.02034546332493,-0.2926008102280093
309.61365093392953,-0.04543249068831301
310.6645860841527,-0.03320272788391776
338.9287914107104,0.4892061474240563
327.49879883955964,-0.23018385285672593
327.49879883955964,0.5078943915823402
346.3168103471471,0.35273340685716903
346.3168103471471,0.2965822218432095
326.13921114926933,-0.19991237229533
346.89835728595796,0.1350561442017124
328.8056258965007,0.14410905180830014
321.1039534257143,-0.31348725128418664
334.6194967943185,-0.09772364571335856
343.0795397218289,0.4175389882964282
368.7162279683093,0.1982451022170153
363.66716591018087,-0.11769892746610822
355.7927382566305,0.023106358761197043
373.9558250844644,0.010835819896669818
349.63710272168123,-0.30230694916497214
363.8930122628476,0.38848072192627114
363.8930122628476,0.37188821673123584
365.46226869330445,0.3951002139767752
353.0398025629333,0.018936890064878753
335.56717770307176,-0.13734879720709614
335.56717770307176,0.6503155035622967
371.1670028290779,0.18970575880030083
367.15714751741075,0.1180418207815137
360.67219043806074,0.359548654372702
363.3317341961497,-0.28450461755414835
381.661606303445,0.07491205269161583
367.79018014044414,-0.10944151791863987
366.55687985688905,0.14130684140900485
373.8057733618925,-0.09166354066064741
349.97560673922,-0.173481731416814
349.97560673922,0.5700990459099557
352.7316046449601,-0.019929924624648265
341.39630355336993,-0.16144985272353551
341.39630355336993,0.41444645432079597
337.9830441509873,0.2627317993151337
349.55645216207904,-0.1560040993487064
369.17655979864674,0.47282748996963164
374.4353536599211,0.13169748102450285
392.9026561055419,0.18297785762410967
382.7862758942044,-0.09756581521264707
371.2022338065158,-0.25352717353598564
346.0871255383676,-0.13135116003002167
372.69164383586934,-0.07750522263279436
358.5376640097326,0.24018636764299117
362.0870738112101,0.08030788569169545
376.5615826268263,0.010105604278464853
402.001456407825,0.48637421699515926
380.30768826956734,-0.1537088964977329
362.26105195617504,0.027719715620946772
352.2654212173099,0.049253857393864564
362.29252011756887,0.027190053730237196
352.96800636960796,-0.3074987277409491
368.0145725500227,0.4556375621804136
358.2364387968814,-0.13155355465437424
341.6550924565265,0.16025709724817716
353.57062787832683,0.27292821317610105
347.20330804215405,-0.3196976050447802
328.7281011595708,0.04678240303258008
333.8851313633465,-0.04757220868782497
332.4947356541517,-0.2379023021798048
356.57884438567856,0.15102498870191994
335.9924476387116,-0.26744312949949745
334.57733573851505,-0.25707261076672694
314.10476907956263,-0.21094526947604209
324.03666817599907,0.24337958465969223
338.41048615907386,0.3287971651632233
336.59520329401244,-0.6203142756986608
338.0664937508697,0.1584728997707998
327.6600492893291,-0.27314907544325706
340.770364520016,0.35243237491238233
337.2357434108375,-0.09812964554771497
360.34214083305653,0.4535494212238973
308.18784199702975,-0.5366501765512339
335.24461105892146,0.1508630971504772
331.49083645709413,0.25709855831087225
353.3908173420745,0.3284461711385802
367.53858363911183,0.10032019283914906
364.8599009149911,-0.3124557627940021
346.5837932777575,-0.06704549567689355
322.22494347562684,-0.20381625213747157
331.9770676636179,-0.07188209963715053
334.8792816917495,0.460907200888073
336.76004036313583,0.24876383752871334
352.9866315895052,-0.08245449653441028
366.0517980945532,0.0028376296033911785
402.1421694795512,0.5580034348237177
392.06243444213646,0.11841812073851088
335.88610251693797,-0.7071766089496805
326.907794821088,0.25735308963783154
327.5229949961329,-0.044495253428976866
327.5229949961329,0.15284558410041882
343.0517937244837,0.13213510577872967
339.3839401894688,-0.32017277798490795
359.72072765294354,0.41277880940640443
360.8976035127934,-0.3623092364432523
393.83363487095653,0.24294005413253217
391.18654265460475,0.14207467088351677
378.54602952027017,0.006126670288949754
339.13723805186225,-0.3591463884528139
382.79413207028216,0.5839051730142728
332.999365351193,-0.7768645619544259
332.999365351193,0.4331531642145592
327.6796930248779,0.19144685617607138
349.77627267224375,0.05607702365011846
372.3360176432476,0.2556541084480841
330.6006081056533,-0.4656225204415705
361.02217627646786,0.18525527957103805
380.65963792037263,0.06864807068279788
383.33678054977554,0.29806789524445776
373.6493477640339,0.04050425216291842
356.362135756363,-0.2972368073862981
374.46876541106917,0.14172973847996673
362.51667075263657,-0.26736341076184544
358.35818234479297,0.15281348262692518
353.88920211258034,-0.07578401138380286
334.80470271600217,-0.43743431562256774
340.6479192812455,-6.359658073051833e-5
362.8222498776711,-0.13518797172639552
343.1759025535934,-0.1653507046071354
343.1759025535934,0.40850666017422554
343.1759025535934,0.6479228627110842
358.276806171832,0.5677841662488845
358.276806171832,0.16723732847583506
332.7254389507461,-0.5325577049009098
333.52740888921204,0.3331467916227666
345.58497519660926,-0.09220600548837865
372.75557887454784,0.17005626576030863
388.88119370015784,0.45891409366686275
389.85354741447384,-0.211537650056016
384.5989024070103,0.193062626427718
373.75273364556097,-0.3637039031700624
383.4882666700486,0.3502608349945149
346.0497464534483,-0.620336045958993
346.0497464534483,0.16672658140930707
346.0497464534483,0.8201631464323782
346.0497464534483,0.36001102822854136
312.81116459893104,-0.08120965149248605
310.11752023928045,0.12032918373870416
331.2050653500472,0.1310017838055728
353.03636823070474,0.317571802911516
353.03636823070474,0.2164887712382324
352.8651727443629,-0.03956853197598775
347.1450512252442,0.21950277344308233
320.98844842452723,-0.3526613267620178
331.17011995741655,-0.08375228227350817
329.7743770669628,-0.09168555701637615
314.04618404975173,-0.4577380943750313
324.28099983026885,0.18414517182225154
349.03655799456544,0.3279550267820923
344.4336433790641,0.13370479047694062
333.3173755296592,0.11209639608193811
335.145965051618,-0.038159663372653085
348.15101892372115,0.18750664353115098
324.4093554954799,-0.3185034497726065
318.91055797262476,-0.011025676211716018
366.3469151188283,0.74243095137399
311.61420163992676,-0.784706243954929
311.61420163992676,0.23565487928794937
308.89168750589187,-0.05671737734405724
310.057669990574,0.10664086752080948
317.3484728295992,0.30363128997578315
317.3484728295992,0.28201250214692664
354.32221996043916,0.16781399113961015
336.59648938277826,-0.24816391846206898
356.06412591378364,0.4121401628530066
351.4430907633239,-0.20292574979293931
348.7715107269043,-0.13287097429929418
358.37110837181496,-0.04538271162573437
346.81204592076654,-0.11605077463855196
317.16971965084826,-0.30065513963666035
341.75565079403583,0.6461946958861517
304.1516557741883,-0.512861407514265
314.56921002122107,0.23305724284034568
331.72549627255046,0.2821883166211592
361.5650861269824,0.25930488088761194
351.74997165133715,0.16222562705911514
349.13848206536284,-0.06367944785381496
352.53696639016573,-0.011619182752383495
356.93624661847315,0.13940158134437297
356.7099993490943,-0.05863626853101778
332.70577808372224,-0.39993072311267497
328.67480201759577,0.1992614904944503
349.01221342567146,-0.021575514596975154
349.5235819201309,0.08464016572531818
336.8789911474793,-0.028343285799792284
339.6481203502566,0.13160808553391234
390.9951502350933,0.4421383311320142
406.08260196130385,0.1088232173299275
398.675822804986,-0.26703348587943765
356.7426048500046,-0.5147678956720938
375.768634167702,0.18820216064079887
352.74954749036436,-0.5847258701869578
351.4580719333231,0.1047253242638817
358.2329422196207,0.41873895496610203
345.5536539710904,-0.25633165675321834
311.67760586509263,-0.36825754614267225
327.97140654091163,0.41828389422641976
327.97140654091163,1.0002539802342199
342.2728271787202,0.3713691887205641
342.39046422520215,0.17685591018130253
342.76477555601747,0.16010916548987097
344.3970163613827,-0.30229384279562055
348.5454799312959,0.2521548819902364
364.029617193329,0.2962549531437162
330.6449037649894,-0.32726493112318167
330.69260505608077,-0.00011502764550641587
330.69260505608077,0.5727874080558877
330.69260505608077,0.2817394461429785
362.6654871630908,0.05599162884971065
367.544047519193,0.1966593756947077
381.0196132443997,0.02345577213282013
387.9306274611794,0.2338598900633997
356.02680180919117,-0.5183727458718295
338.2499118423799,-0.3159609898806366
355.2237121932941,0.1824620867212161
375.8992594081989,0.29213782985334547
375.8992594081989,0.18717130331242515
375.8992594081989,0.29314089102456364
375.8992594081989,0.15327480264625137
371.2949929872799,0.05040959685504731
348.3541902501282,-0.10238871912088143
350.85037876914976,0.16790374905690442
357.24104438299145,-0.07676682268208879
356.5347280537145,-0.13046787602058885
349.17990411399137,0.059969142361069316
359.60482840395605,0.2561730696606901
386.7182567844962,-0.18463927553057147
362.2777566642813,-0.025940643554349663
380.4117014957401,0.5178973987373183
347.7620077160257,-0.7287791495947431
337.2319742539171,-0.0053087151273985
335.3755277439726,0.23616374679011187
345.4241867275159,0.42930089283515827
357.01847678936406,0.03363776460480494
347.169530234213,-0.5111904200317667
376.46668612813926,0.20800448602142296
368.3002247333565,0.14016165730231478
356.96697183321544,-0.04406762782514306
367.9626064792844,0.012405910208485693
376.7447595691138,0.327680048117827
393.96011538950694,0.2913841368560952
376.59201863624895,-0.3406200889455704
364.3368909157383,-0.14922851979986262
371.7297359146294,-0.018843806902395954
401.35184509407435,0.23220194159262064
389.86578319863867,-0.019432598841603976
366.9156084841522,-0.10156002940686903
377.865873361509,-0.1890905635452782
373.00032965798414,0.13992575051497624
336.09195898186573,-0.5038792912030203
344.04270646440085,0.07148265691103006
344.04270646440085,0.15659820976736682
345.5365532870889,0.01780943372125421
338.17099108878574,-0.15824874002760225
340.47391704443834,-0.11290170368397412
358.62079422453826,0.46227406573234475
374.1490667172193,-0.07058533909207654
383.62186898326104,0.217051933050584
378.1004718060019,-0.26015524168997217
337.4494095068181,-0.6588042085212464
289.6351001769918,-0.4075093875383118
323.95439076974054,0.6885385696714366
328.4005757545486,0.05609009349154803
353.11595843425715,0.46254439260269464
320.1640257534293,-0.49106524524711404
343.0686248032355,0.325503338011913
375.7091466531095,0.32203660501659215
368.61289309799974,0.04806669812069231
377.8785189835745,-0.0555333974551786
353.39832751363156,-0.30774797462595416
324.3349737612014,0.1112943218752207
320.71991560404814,0.02644692277658578
343.1228759482575,0.31393408607800666
338.49172129415706,-0.09508036153545163
343.51421466096804,-0.24421866740476617
314.19872814435246,-0.4314629500912588
338.6419240620967,0.2754342455521055
351.8276252658327,0.08637384691814987
351.8276252658327,0.2056122839857153
353.4328728838012,-0.10434288382168688
365.81384594471496,0.2671477619618372
356.0175008366957,-0.5641649242993481
362.6312787677801,0.06160607416336461
345.59639375698015,-0.04480781658082833
330.09333054193206,-0.09483777107243441
342.9437072743931,-0.00995551156631791
341.1517870462224,-0.11486824313851685
342.19572992024996,0.1795590815270316
354.3614136452503,-0.12662499658279103
335.722284573116,-0.2101482188099908
331.0642700252943,-0.07191730550221109
360.5012643360972,0.6963563072658872
373.453675809396,-0.051438636914099334
373.4080682645074,-0.17211379630566626
378.19926770272247,0.1309333216916002
339.7636216785496,-0.6062963305130324
359.3343740312936,0.29147380460176464
346.87365864532944,-0.2909209708727758
368.42671228327265,0.333783134240889
369.99385076186684,0.18751254775270354
350.0914383739522,-0.4054607142388704
370.92540255972244,-0.002453807311667333
340.49828294473554,-0.08679239977277575
366.4131879474097,0.349022892079347
352.9570862554179,-0.10524975246482882
352.9570862554179,0.34033749582511064
369.86584310462496,0.3889881792700862
387.4270745613282,0.019863191323793217
364.1961070794491,-0.22317471101655428
336.3516415384871,-0.46826723641027
357.8533053660379,0.20329280738610578
349.42232673277846,-0.18396715012931963
349.42232673277846,0.3544922050389232
349.42232673277846,0.31428255014498063
348.20195559960905,0.00904291866049789
354.9526523702476,0.40312870029720216
351.28336668248534,-0.20347650786811755
322.5130382075361,-0.06405011874176125
323.85287030165847,-0.10744562309196226
353.68310507069623,0.5975379004134993
359.41748252121505,0.09199376851904617
346.98058895893274,-0.2350335105436443
363.5917730692275,-0.15307959486972322
354.33191502976814,-0.087455799400459
358.7743338761186,0.07396309260877842
365.73241181934094,0.012477514262400291
344.6160329411465,-0.6055326968213421
332.1501072114525,-0.23893529399106228
351.0826871256997,0.7459430064047865
370.9425083041026,0.4733450327587434
344.4427991727728,-0.6925204996502998
328.15714824047586,-0.04858176658524371
353.6389230706682,0.06067354253298163
347.1669698189353,-0.33806689735422424
340.55100912106735,0.09844836707225113
329.4109956896669,0.10004669981799452
334.8505464842592,0.3075324653032112
374.5291796016475,-0.054148398409438414
337.72080394295523,-0.34225265287250295
376.96442852847576,0.6806455239754996
351.2496269821382,-0.719591125073066
396.37570601954553,0.8918328372556061
392.05746475217035,-0.05038184909130905
353.9245085673371,-0.6205002027423916
355.810711612148,-0.019670599869641592
375.29320170442827,0.643707250565285
358.36852327447065,-0.1603632468493288
366.86551310158217,0.10304986925302728
345.4123229059705,0.014121180374331743
349.7472107156581,-0.0343624530408988
332.33401007386243,-0.17309308820699698
366.20940089466336,0.5537712992464776
363.8975838272205,-0.29738522995285166
359.8601723735075,-0.026367089576751823
392.39005691173867,0.19502767218864392
378.3277860426332,-0.0728265136842765
378.3277860426332,0.2505649190939039
351.4552898961685,-0.42525710068457556
383.483547863358,0.6081399531517491
324.38724367300006,-0.9520375596249551
324.8680120628894,0.10766320923528383
319.6678109412631,0.19466494406549373
352.92477882089764,0.3202539434436176
385.66868736036935,0.17035267375968033
364.5641589337043,-0.24439741105106805
376.2557887905636,0.10939174556347098
347.49445082964536,-0.41313251111591853
348.19968037024995,0.20283542194988513
327.60942447818303,0.013102425030638187
389.6535708537741,0.419753241012927
358.81794966263493,-0.22210118284090186
396.7572051233117,0.7410045858750891
408.64251861075286,0.03546586756431225
378.32122985676494,-0.3034796491704128
363.9420400464583,-0.30829718487780156
376.66735433552816,0.09512113836103708
395.8913049303734,0.15457875972379043
380.6697880897459,-0.09087434013270013
350.7821335787516,-0.17628538581436715
371.65663629746643,0.3163947209268372
368.02890404729277,-0.28249749087910914
356.0650814398503,-0.2359089262931775
363.3016919288592,-0.10263103115914873
382.21977621543823,0.4915776150220381
338.8730870875654,-0.6561723328510425
357.114287514325,0.38256734210369814
359.0876419877767,-0.3351598564049709
357.41193556376817,-0.01954730683132766
337.7509643297713,-0.32597304346450073
362.88410480417355,0.25797254139115466
362.88410480417355,0.3747469606788627
362.88410480417355,0.6044541296034822
348.22557912400026,0.144049392577017
354.22381173229326,-0.18330212468140417
355.0180149035321,-0.00014150375181998243
355.0180149035321,0.5193654534477901
334.3703993661048,0.032768338849564316
339.7047455663281,-0.21664845665668508
352.408766514202,0.3385566509914497
359.49736357603905,0.18326657675743263
378.5654344454256,-0.047277026648089304
359.6219065925283,-0.047482915000500725
359.6219065925283,0.3205171403219538
332.34278341543444,-0.4656810266831144
353.71363040889275,0.6374211058769106
360.7118467881559,-0.03586124254184142
354.8999298304644,-0.034646798358608066
334.30595992893444,-0.28269619697766757
333.1447729804168,-0.10577661718934905
333.1447729804168,0.2614230640954247
333.1447729804168,0.25756202786431004
353.32050217025136,0.37357297472885875
353.6711046359487,0.17006484577427727
361.4393378561007,0.19219365958292656
354.12037856628723,-0.3246394182203858
354.12037856628723,0.04481650494153655
357.28277765324486,-0.12476515754667616
369.19957300924943,0.1667885205379207
369.19957300924943,0.3994209534386073
359.9046397908086,0.18800311080030951
367.17703296498513,-0.026442722586921263
384.14989116039203,0.5396304686795474
372.3840100593905,-0.407200565723997
381.336120872885,0.018669669669861833
381.18565603703763,0.17436932397708915
346.981683348632,-0.6599689273137983
346.981683348632,0.750122599872725
347.715677569991,0.14990979800882087
356.147986602168,0.18532071675417683
351.04876053790616,-0.052829320102091515
366.0189151111078,-0.009410868054828825
352.6166847138794,-0.48326977664169135
350.2651396449327,-0.07452496970188349
378.1844951276095,0.5034464285922695
382.3594273801352,0.10714516318421374
349.45060148935244,-0.5796675316794335
349.45060148935244,0.24722741744767518
349.45060148935244,0.08980710747016474
335.57706336910786,0.13631029006842255
350.4456712686817,0.3369604432577944
354.0198401607427,-0.2310435539595801
363.2579527733352,0.6798574022571984
347.6652840233277,-0.5432955836600968
342.6431985477975,-0.24641556256460717
364.2888233468491,0.19522136118109756
377.5909355424132,0.5612795172239657
325.6788184335129,-0.9789379111455219
350.789436667078,0.6075592773905782
324.5163783666875,-0.2597373319298413
316.8884727716225,-0.2150557252064118
316.8884727716225,0.16801794959565086
332.0722735445131,0.09608615528031805
347.64086647593115,-0.0009278342156449071
371.3462123650972,-0.03206959992417069
345.1582769313121,-0.402867317071923
345.1582769313121,0.7251821811349828
345.1582769313121,0.8374262957909195
344.1189574224999,0.45019199711964575
359.98111546620675,0.025625010216799637
365.6512564972573,0.6339041712591325
348.67211250462327,-0.40970079029273165
360.47983505250903,0.3062564406388901
330.8635958464828,-0.5849913560433606
348.7906604437144,0.2569176387423795
345.46546306673014,-0.11429907831563924
375.2459213900672,0.49849197147545965
375.2459213900672,0.22514776869934394
375.2459213900672,0.23085418125401702
373.93056433137735,0.0975018612165286
370.4433609222605,-0.19817513359214445
349.68089981345673,0.05024505220228548
368.30390212203264,0.20212898635054444
353.0520327571378,-0.330795043673902
347.8488967475222,-0.047551261157309455
347.98525751260115,0.013194522001413134
368.4289862790228,0.3451046723496347
371.6902381500527,0.048664267609296985
346.7245549043776,0.034417138315347984
343.55173148052035,0.2824502790134602
377.874515039692,0.33837899626701073
333.1006145968806,-0.6349309318287624
333.1006145968806,0.762926440844808
306.3596570320907,-0.14262604939108314
315.77612726790494,0.6319722897795828
325.33560333793434,0.1735540297370335
331.963810555142,-0.0808523176192466
406.57074055473515,0.7003994025818656
337.5150357838582,-0.6830161727652921
339.3675286006341,0.22072060209211486
340.7331485119906,0.028132000427603998
337.34969495466277,-0.006586500988987609
330.82457355366114,-0.04754594582163918
345.55164330192457,0.19183282275253077
342.4799980878795,-0.1480256620207001
342.4799980878795,0.06991036692033958
323.336118288152,-0.06563201196524915
344.3979926768799,0.1820465937815925
345.34936758980956,-0.06773574174746955
348.9762209180247,-0.11468850517326246
335.4310904771892,-0.09051052915106084
359.73890726058704,0.060227107436389815
348.6823842734481,-0.18548052434346118
379.0663582220432,0.4424819141338503
366.9359533542143,-0.30555114393689564
362.29422086038426,0.17003117474189366
362.29422086038426,0.055938052920964765
376.839999931125,0.30055626399996527
389.83915039325643,0.2754380866028896
383.14202586594007,-0.4509381438828086
360.60914324906656,0.368251184465862
344.04919059014645,-0.28120911329142473
309.30285702468126,-0.2163668616299219
309.30285702468126,0.8523217812976327
343.52752669896074,0.6223293522834865
344.5907225696832,0.09724089367784927
346.6183950898213,0.03747983100345209
334.46280322184646,0.4650827713170429
323.1676780535329,-0.16783716889051448
318.01518694259545,-0.3999816611171809
351.4119130475256,0.6060711653894941
373.10094272789024,0.3035289649872084
346.5299914998161,-0.685271189932223
346.5299914998161,0.04975935065090198
346.5299914998161,0.38291551320958206
368.95086735254876,0.4575183484272429
342.56471630002875,-0.16281884937893665
323.3823113916297,-0.05263629011426474
357.89955579685983,0.392594725476215
366.7010890104732,-0.04628851776544707
366.5499895599503,0.3006121478899786
308.02643053680197,-0.6983316534817732
308.02643053680197,0.7122602693759745
308.02643053680197,0.44301437035926483
317.269502234689,-0.05937568318427111
327.27104021847236,0.39302514101245833
323.00219396592775,-0.06704397049873023
323.00219396592775,1.1200395506890573
323.00219396592775,0.5429369487212625
337.2444874554353,-0.05102124031441235
327.9943141609344,-0.23575536620751336
338.2134982618156,0.36477158259754106
340.7452759091772,-0.16150450473924138
340.7452759091772,0.33875903185344214
344.8519968125081,0.19425428965246283
354.31900587680235,0.19330001191815427
339.4561157342136,-0.22558307320935
350.91609598970564,0.24646402517714705
350.91609598970564,0.33128521799744703
357.70099367644775,-0.40245860618563256
357.70099367644775,0.5941862350351812
359.7492508334007,0.1141412248106235
352.5156801487935,-0.39121322005667025
395.1443906950892,1.0190901850073715
361.8869455482832,-0.32502433893557736
345.0712959176979,-0.20153378709028402
327.4772143829732,-0.4989492339904018
327.4772143829732,0.13653654381766955
312.54080993948946,-0.1711313613427592
350.91546798635375,0.23183042595621828
355.10062733340953,0.12487046780199762
334.5050210398691,-0.012667820924889384
314.5965270064207,-0.018692176372269387
302.54732880724333,-0.4682607282272784
302.54732880724333,0.35860980220729743
302.54732880724333,0.6245564713691465
302.54732880724333,0.3012664568030914
301.4401191240024,0.34639556271974925
316.1884740225694,-0.03623254505077966
299.22591842630135,-0.14098218631318105
346.8490946896149,0.6956447331508571
348.8058298552218,-0.36796990854827527
346.19481254002943,0.01813663916027508
339.14157740980033,-0.4373588606104022
346.39289902339544,0.010155016778071513
334.32451577592735,0.12521239889861135
329.18413486849875,0.05267574621325366
330.85844269587767,0.31627791387199977
330.85844269587767,0.4799360125689418
336.28342676998216,-0.21705467514198062
334.14056345593286,0.01975595862904811
346.653367330891,-0.0357613466986777
334.41461873828695,-0.014787332914238505
334.41461873828695,0.4262053714326157
352.362203057503,0.3753932265791491
348.2931080653094,0.04658508832960706
353.80596656317476,0.09300886310211354
379.7194120948245,0.2145250327521353
359.9140485272103,-0.3378366731679989
358.2604294553986,-0.23848866661637658
369.9436805885934,0.33269116413544
369.9436805885934,0.16065695013719505
379.0367459435487,0.06286886942029923
366.17407697587737,0.13722568146420144
325.56715540634804,-0.3992533958178228
324.6229585679429,-0.16832306068181424
316.2412813059685,0.09961200150871719
316.2412813059685,0.5600324272290891
323.2865116914633,-0.38946672665497317
329.16667507971937,0.19825128715592655
329.16667507971937,0.3561667412106999
314.8949900486243,-0.323954910839916
338.1682361255425,0.30665094663822856
342.7177010477128,0.00852580119999402
335.81591617863904,-0.0941219052760971
374.198907117853,0.5775516418405005
370.7119906105245,-0.05438465177201124
382.57211536638687,0.23020912744402722
364.6229943658852,-0.26220853453844484
375.9749213933262,0.13985094820145605
368.3123147212959,-0.0678524981613009
385.97989633282066,0.22245390659929853
385.7630031898927,-0.12990278402764943
359.485725228318,-0.1877189113795339
359.485725228318,0.10801633406993005
360.8678005065129,0.29098960543751673
325.15808777573176,-0.18180218419047378
369.34244506074435,0.4475170089264111
336.67917415458993,-0.2920979834711943
337.8975870518584,-0.4008296973920551
336.0095385339793,-0.005001750956807882
329.33392213562917,-0.04322639142196749
354.4698947382825,0.23552838139335108
358.97136762163643,-0.1589170700236764
358.97136762163643,0.39739137796527757
348.38970577226075,-0.12952000366999528
340.4218282594646,-0.10942927765688637
352.625284606468,0.048090433490528994
330.4649315723198,-0.04428218805128381
363.18759087314663,0.10681617162163093
349.3598238919729,-0.2730116117993475
346.98610365191416,0.31720781660897046
353.3228491859287,-0.1126133169567538
348.46029284805337,-0.1775621478712992
339.2477542701763,0.04093261721300223
340.7869127730203,0.5225740790086775
328.8127577004077,-0.21765397685737753
336.5350041204143,-0.07100189056370709
361.0220372619438,0.6929383720232636
328.45288773260705,-0.3314561041866
338.45311205865517,-0.5353521482128372
345.72333761944134,0.24479593874946204
347.0798285364495,0.16146626591785207
362.54054889707965,-0.22333729686442894
342.0735584887812,0.042932755256288146
321.20334663956174,-0.3035625955726573
290.65823464476864,-0.42007479026381134
316.31816584427315,0.5232559299964805
355.75903334902125,0.40788697170535215
341.7233946482835,-0.110137152864354
345.4871492541665,-0.09785220298499553
352.22113046399465,0.051583988239144674
325.256786476446,-0.2789856220456386
316.2181392977854,-0.3193427555496555
340.2474104180742,0.12241935083716271
340.2474104180742,0.48667137594043197
336.36700018137975,0.35810416569916015
342.6625981495737,0.036000883808014805
336.7720672069168,-0.06800377044055494
339.05402593244725,-0.044406198269825836
339.05402593244725,0.3284516896999321
315.1741483055963,-0.3859549531364337
362.6938227075103,0.16632361893675807
345.27404944026273,-0.2381085872125368
362.57733408224976,0.3734172012605086
362.57733408224976,0.43245801592092903
383.43295777917797,0.4004105340773094
385.1924613398485,-0.06253163242365645
383.1045716078392,0.26251863485344984
400.3529299171692,-0.045475279564925586
386.60993555654204,-0.45442011618592915
378.19343934164493,0.1485314252167882
391.06444874127106,0.45003251943307987
370.3953841259864,-0.348531347422977
371.18221467951474,-0.29476961871807816
372.2976557847377,-0.10959695043447937
367.8442970185366,-0.14962500928061218
396.4919745218842,0.30931502956491386
410.00535982383985,0.3084640674878756
376.5745800524442,-0.21543455286587232
387.9902153180056,0.1951028269904782
403.51678596842834,0.3674638242328001
359.33472690183595,-0.3784081163430528
358.6908811803331,0.0663280550880927
350.32837825735237,0.03171092979880541
375.67005333457996,0.06204282501676062
375.67005333457996,0.5023657423544137
387.40430267220916,0.19563196164619967
369.4165126330301,-0.1120709622166487
382.3858337212436,0.2114980920302969
348.401346402239,-0.26964306427282736
348.36328868356844,-0.16860175274337053
347.6684309934468,0.06610758993804211
372.14703157121903,0.2616695864835492
358.70048856990064,-0.6907189158931715
372.583928671707,0.5175473587888746
363.73582328342565,0.035520281318213165
385.0916040448949,0.18540324721709567
347.0295218687094,-0.4413020739543754
345.7514719597899,0.21386090741066255
322.33680265942,-0.7877050817206737
332.4963297626848,0.3731808185184491
357.0364929934316,0.3037538311988328
382.52261086595246,0.31408552281334323
381.3813037942522,0.0530421632412299
364.76153847766466,-0.4454403513308307
358.6860870271888,0.08647860155554099
348.2943863306008,0.04699316894095773
333.8459908346007,-0.1069183778046181
328.83964536249084,-0.3226296208472377
338.8963666073001,0.413297331693002
353.51862801851627,0.6706232846252078
366.9631726391017,-0.3090110257123797
367.54295942312154,0.15301257739361063
387.3489009904418,0.004807774648838858
381.2394529526381,-0.5588988966192119
351.0631930702107,-0.5128167392422256
383.5797956048957,0.6444581400442075
380.95492365834644,0.2521677214176634
376.1453993141699,-0.01179452503936318
379.71263810087487,0.032442373239973676
386.4752751291385,0.07815756253251038
387.0060855656526,-0.23831470790537423
365.33695079599056,-0.14025481099997705
390.8131307097203,0.12466751015699629
373.21100168915945,-0.18350785673135306
373.21100168915945,0.31751423553771474
338.22961882311665,-0.5160680167963392
388.15898890659423,0.7547722409320841
380.945343059377,0.020766902059335735
388.6528489465403,-0.14308017469920742
413.5272149691581,0.4029451639304398
393.7853399759672,-0.13758809588227905
371.54166400813864,-0.18257306552868613
365.01807072196186,-0.0747646271593112
354.6273255973684,-0.5459620309618458
365.42759852988684,-0.03632764770622998
378.0038300923174,0.215275586073858
364.15422708109475,-0.02197551749827653
364.15422708109475,0.44059960567869894
378.637023095801,0.3191774865789512
379.91257610066566,0.25329054829489905
379.91257610066566,0.23888567814856287
364.80096766506523,-0.0482351304722215
360.2052802025194,-0.12690439359550965
360.8432194377017,0.06257709151009294
376.7141823471014,-0.0041580759748285345
369.4701728697272,-0.05132603750200815
369.4701728697272,0.6011288024213854
393.3124564943957,0.2125079153589695
410.4486284132464,0.1710225326529553
375.7510796086253,-0.615086703543966
377.94758742283875,0.36399564072610247
364.4935242590426,-0.30400607681622205
361.9767028791747,0.12500181654479547
361.6432602938828,0.02224817394812817
378.9207262584981,0.08284828405749067
380.26253065088906,0.261246614816514
379.380234855948,-0.12865462287311402
365.02817750569426,0.013924930522307477
370.61070557507924,0.01483987771325701
350.9113436364514,-0.3199238379780809
354.008947216515,0.283403042194891
394.5936581981202,0.2292988231815798
383.70871059400736,0.05508137890103626
395.79212500352725,0.23502337664865536
387.802382190148,-0.3953449041005115
389.1877075032612,0.13812363288525376
352.71801995100776,-0.27450631850524587
331.9486020157828,-0.08848905028344234
332.7809008549691,0.0053731118035784675
332.7809008549691,0.4894740319145967
349.54542649612426,0.19127146801520212
321.2061959755317,-0.6312259209472586
329.34138402771447,0.16932445781537808
329.0475119159553,0.05607141818177297
364.6670349238616,0.3826573209627213
342.6344092862408,-0.3658917304734359
346.7198374992403,-0.03379048096087445
336.2252728527802,0.15332181854091687
333.742547900529,0.07048573595864127
342.6803200502116,0.17444023652353735
354.89778976391665,-0.06308837520919042
365.6675544086329,0.06460927975240338
359.67852766235745,0.16764403027650587
367.98683138861253,-0.3342982852163914
357.55423519260734,-0.1327574779945735
370.39620735569315,0.19014608303882596
380.98833927688315,-0.030633057631234806
365.63892796718375,-0.12875668945810048
356.0953496222695,-0.006102657336214179
352.8486068171485,0.5178616511719838
348.587835691624,-0.45940592538568126
370.6257671957904,0.8417702705551164
349.02770116436415,-0.2206519476428639
341.95119900016283,-0.02765207737388664
371.40703665572113,0.47804854856622114
405.28566289120243,0.35601808821070335
387.0806748590823,0.20467587098323747
400.7625218503326,-0.4291482287292183
385.7973758323061,0.40662157726819714
358.57144093734985,-0.6489097153850025
341.5192074682691,0.3926111431761683
363.5860000380857,0.3526056199463028
321.0840406860788,-0.7826855945294255
321.0840406860788,0.5211866917941279
312.93363724814924,-0.016816034554040016
326.105960193,0.11890887405479589
326.105960193,0.5202340974881281
350.37516593694784,0.23110017833198526
375.40317266088573,0.0602548549926496
375.40317266088573,0.22938033238915523
381.72891754284785,0.29357443283458906
353.4101083735575,-0.135165645581651
322.81338371197785,-0.3798584765852411
340.9601110352305,0.4322333635304858
353.5866218300379,-0.040567440189533954
346.8177998728288,0.04394636187907963
353.89746870781664,-0.3085227978444891
339.0290119526964,-0.1724543273596737
341.8898077584793,0.2741484833452432
319.62656425386456,-0.6465380853561555
339.07458507239625,0.5441441953543062
314.0601445617728,-0.12402862587248364
310.9188780634898,-0.20507853006733967
341.0397732653305,0.4236405666891869
374.3546164090383,0.5131116684717654
347.07969152192067,-0.17524424208636447
328.04739045037843,-0.3022532206047117
328.04739045037843,0.16468195957395437
357.1550257879059,0.4226223347287714
345.1564973683231,0.029378982185903624
367.4696249167007,-0.023152413271645855
391.56680588021993,0.07199656566092472
394.44857882996985,0.22033707010314174
366.6239953348475,-0.24595069124120528
351.88373625867763,0.11772558112875231
339.3980012978619,-0.5280580746275518
335.58713087605986,-0.022058103557242248
355.63383268752034,0.8412662919865852
340.0443855004073,-0.4017960443782158
366.43598208678804,0.20774207154363467
351.70898060951276,-0.21483423978816063
374.82440887776454,0.2915665345594789
373.1415815557401,0.019298099980460393
370.1160161630733,0.0345545193953285
362.73911980556665,-0.18872729833401536
350.5268060384666,-0.03736255501883079
321.3010194101343,-0.5143459451542185
343.95021563937405,0.20960521372126095
343.95021563937405,0.6042064211509341
358.2731943956081,0.5169818141508813
358.07578544133787,-0.03275837553326255
352.0646514095726,-0.33996008855740456
352.0646514095726,0.5474336121700389
352.0646514095726,0.8231234144844848
361.4594999447534,0.5065893793721443
385.68324994072793,0.3393503119896195
385.68324994072793,0.28406412258141245
342.7087702674589,-0.5935633510590606
302.9571512843728,-0.6703361487878965
305.897985834074,0.16378572030532723
330.99906951833935,0.6663013658730961
341.0345819826116,-0.156177872976059
298.55078341061113,-0.19200883794030688
365.8399701082139,0.5729557281867983
362.7370144236149,0.014614385089771531
359.11093689728443,-0.21440825770469019
351.01076202976463,-0.09829694417646806
374.80536183565397,0.22333302136212296
361.725185826105,-0.11258124453866003
384.9523968848393,0.1762963227711225
358.16645134689054,-0.24767429417454423
376.3313177625911,0.12355350953396282
352.78453372832286,-0.26612854496704585
335.0795446333053,0.04760935319927739
335.42282185322466,-0.04502430964453197
365.95990027284176,-0.12263257103461456
358.78060729586605,0.023218981400304983
352.7546475181234,-0.3463885934833115
335.6982230153115,-0.19851743135950528
336.2484094140621,0.42837580568630074
336.2484094140621,0.5690212404801969
343.2148334603725,-0.19187169713541152
342.9350908434556,0.26364542506621547
357.9670435321113,0.054494481448500665
357.9670435321113,0.23435571494974283
320.3698632514077,-0.20119737899494794
320.3698632514077,0.8810274291552105
345.0934096131267,0.5522574149621278
369.7367670474315,0.2176110894923795
392.8844551645163,0.05184793928901854
362.6571974536254,-0.47371807389936293
361.92697662334285,0.15143959098008963
339.14531858784494,0.006385805066997818
337.2778752864461,-0.24124496203580748
358.2302671200054,0.004146777269852464
372.9108410169322,0.03548408492588351
372.9108410169322,0.060836263739474816
341.96050930727296,-0.25295454078650437
344.36677418351104,0.13531604832098765
344.7521404262473,0.09329619103687037
340.94936750185224,-0.3822061954418814
340.94936750185224,0.3029391050212098
331.16648210659247,-0.0198273471326047
318.5738270757779,-0.05394422338838467
345.9615579692451,0.1450659748719545
333.71052636780706,-0.382917015223029
354.742044041836,0.26749570089111785
326.31825301481257,-0.30418776374733625
335.8215368216744,0.12425122567367453
367.7263835085752,0.2263100595924925
355.4044827391368,-0.009203265803762406
329.76948988267617,-0.3932799485049827
353.216567899389,0.2866875848746986
353.216567899389,0.6012454034419079
348.3859614034723,0.07620827987125267
348.3859614034723,0.3294741432068804
321.01490039143386,-0.3338531883172209
326.23624124877267,0.12004832799050291
318.8911141350731,-0.11267028884265073
318.8911141350731,0.5763020492382793
364.6628175719442,0.8718581747542657
336.7870099781154,-0.3359116707697467
333.84595742044814,0.23617830325656541
342.3976222173892,0.006052575067542421
344.2715215890907,0.054500243309917096
320.2111727667755,-0.3051288407680204
328.1318826035939,0.31705346595060746
335.42118330355186,-0.02538877370591308
332.50401857502635,0.09967935140525697
370.06214342791276,0.26710494429266873
341.04714796590025,-0.3184113953512906
333.1682782616997,-0.07483526685996367
381.1271965728163,0.33806218981033
355.16688512579776,-0.10322673915368341
322.72415735045564,-0.2851066912148781
307.03984581148035,-0.09920692841183154
334.04684319843165,0.0539732117197218
332.4930668446526,0.04515759421224175
373.12298166880623,0.5245647643458824
382.4810825314368,0.032846568473701154
382.4810825314368,0.24564541114386884
354.2271226526163,-0.42024971100181574
341.333383149949,-0.324557104918199
330.84292214543945,-0.18714689879584512
328.56174934679376,-0.2022683448801672
319.35042552992286,-0.28197970099984104
333.8302027209198,0.29078477673579073
357.1163125846067,0.4949856184875898
354.24541314849574,-0.01046765594696808
369.5581050094221,0.5002430988008655
367.7068885450765,-0.39797988512452775
370.51845610935914,-0.3574228092514886
378.4397627496097,0.2488289819802958
347.9763629583493,-0.11895697991496945
330.52406988067054,-0.2764517822281505
317.88469139016604,0.10409850126018227
317.88469139016604,0.5197515469410519
332.275814206835,0.33792236107649387
290.1103381452127,-0.3891799019077098
320.127569322364,0.46982757946398124
319.054316248236,-0.24891387422303524
351.78649433018734,-0.062168269851213154
331.31957543152987,-0.07478706980282368
346.56311118892427,0.31443440250779986
365.6438841165707,-0.05057323367009303
326.31112936812366,-0.6090994031087575
327.62846490912483,-0.08744225415694018
353.68377726093274,0.584173058768215
391.55273865683006,0.4945086961413381
393.79136542949465,0.052189452957236426
357.12886412096225,-0.268101048361018
369.2902967838365,0.2344050725434954
370.8291245537763,-0.15894802699745014
364.46160629939834,0.0036139077926691243
364.46160629939834,0.24637155351706497
374.0095928146001,0.38155228056473334
357.9866798550263,-0.2021734497102443
357.52280445020335,-0.32065578615652157
336.776367265934,-0.09889494414301225
352.0215959890391,0.06918831698988015
346.45548492782,-0.35396984025123857
340.56267707843125,0.21650547289152655
358.16195896967713,0.0743424223473994
341.81949001343423,-0.2523609240015503
342.8564883341746,0.30437896538046516
371.43174033808606,0.17084843862210164
328.58365737098654,-0.4544578335105598
345.1700871964786,0.10740623317974496
345.614211587509,0.08610579510298066
348.609901664433,0.19179169734320567
334.7886529610579,-0.2396496964169046
319.8547203865109,-0.40300767515691405
303.23844503379627,-0.03255510175517884
331.51572926599647,0.39341140530495977
316.6542047129533,-0.3243178883112705
329.17502596824113,0.34752507239522856
359.9194914399884,0.22320500377497865
371.8542365208375,0.11315931024535075
351.4045012604793,-0.2661382735506095
333.9745819821913,-0.047717225812448305
335.57118171706776,0.06576515160350027
334.6088915441998,-0.37959362097330995
335.082504376083,-0.0893292175167062
318.42435269080534,-0.31769226633764447
329.00428734646374,-0.2845890188091289
342.77601425989167,-0.006023460860774321
342.77601425989167,0.5218385787002262
355.521055497102,0.14940065763505572
364.5680301243782,0.017432369359880795
344.3049867143196,-0.17396125611367097
377.20067302073545,0.133129420330647
390.6129371388065,0.0869442862157257
390.0294254551374,-0.025623491662599918
407.0156434193411,0.07326174820173037
363.0285079169467,-0.7664181368315894
362.3813390754434,0.25323926833164023
337.60855499927277,-0.3427919902870826
352.2087777994628,-0.013551088753501972
375.1126703893911,0.2722368598654157
384.0172301338463,0.4068053168282404
371.438573135363,-0.5280071875764634
371.438573135363,0.9505696155538317
334.7628078878925,-0.0835109111261545
339.911395171433,-0.14926668951488864
320.15435643381596,-0.14213172681854758
320.15435643381596,0.4763026912614805
328.51822246635305,0.4064568641265396
325.6934208623103,0.01692665263408344
373.60709407800266,0.38920799121956406
343.58152249351946,-0.42107845949522016
343.58152249351946,0.04718884994781547
343.58152249351946,0.3015245240183049
377.9220607612064,0.22355672065179988
353.10764695589523,-0.6151618210625429
308.79741787311866,-0.3229043121032191
308.79741787311866,0.37063743352655365
308.79741787311866,0.47739720617232706
308.79741787311866,0.8468480363318349
330.7354352525145,0.10015442996598267
331.6248110562237,-0.08815443375533505
322.32318649531646,-0.08567203336588136
325.1347080604449,0.2688634443582032
325.1347080604449,0.08584527386619811
339.5798184793286,0.3130357986221952
343.55792424815957,-0.004134527221708595
350.4716717740829,-0.20922104144085552
358.9995682988764,0.38371797184015577
340.35046254475867,-0.4224360514306227
325.404263185131,0.014189866179663113
329.52520832195967,-0.15732182172382636
345.13162591768116,0.6687956568307527
313.4012574008706,-0.44598807428883447
343.6920465328008,0.1249041118741161
348.8107223202485,0.07121658731591651
348.8107223202485,0.10399581833485172
361.1586855535903,0.061124342732682635
376.97180962752475,0.5135176947893569
352.39975949903084,-0.7859379698224984
325.16517903407413,-0.09339896492815569
325.16517903407413,0.4080323276972422
325.16517903407413,0.2904370485372283
362.53515116826736,0.5168273827334815
353.4130400551322,0.12401956187648011
364.8438908498571,0.12291252665841057
354.214573917725,-0.202607950379047
359.36025495192405,0.1193125349100228
342.5930519468292,-0.11558549206586122
353.9330291686553,0.08769454303399016
334.7265910699964,-0.48991364144228555
325.3224191206598,-0.139933611168658
314.00728226920006,-0.14746299660168916
321.15790888646006,0.017001764058704794
299.0130132040832,-0.33488586376790863
321.61482522926184,0.5087131633324589
321.61482522926184,0.7406338652164095
316.17289678134625,-0.15157610844278224
355.0524599052691,0.753735760966947
359.1723352590671,0.0023785472631061566
377.3029656157608,-0.02018389092597772
369.4257130208472,0.15429355255025712
366.5159224222053,-0.323184180495673
366.5159224222053,0.3441489662525328
376.7703182459082,-0.04227878055257861
350.8055891181562,-0.543977598948004
355.2614888450183,0.3195393536481106
375.3918632000798,0.49570241869332676
376.4287123177028,0.1298592287205338
394.977336568771,0.08690122662960675
408.9656029637642,0.1032625780392209
387.91467570802433,-0.4540140245165958
393.40816182367524,0.2708205657208964
371.23747481183415,-0.22067835867505892
360.1261994309767,-0.3007204952078837
349.4584137668186,0.025502809181034536
360.3945703836603,0.0604321113540891
345.53240438911433,-0.5319231377714004
337.09387425892623,0.04040534659145578
342.12654344684756,0.4844707469161449
345.6322210761842,-0.07535027753942813
376.2948064213773,0.20168515117995867
374.5700181065576,0.11380941710137904
346.820859215656,-0.3864831740047521
338.3966059364634,-0.11177404678051062
329.1895239750366,-0.12158858842326481
326.6082187688193,-0.01982833393049077
335.9445995522734,-0.23590957699150295
357.75667348192326,-0.0030007202155957202
357.75667348192326,0.15923521158936182
362.29769748961155,-0.2771558421561622
362.29769748961155,0.49287484958836103
355.17773421026357,0.03878475342366983
346.6438349277057,-0.07575238100548631
358.00474267342906,0.07453003269006331
358.00474267342906,0.3009972986096727
331.16507374705316,-0.13773979751226761
332.34145973677903,-0.2662149635258402
351.0376057749802,0.4925029142398216
372.1427681499658,0.38492456570361355
385.1520424483974,0.23559051935455955
374.00952759909745,0.15831363913207497
362.6403455316823,-0.12452163189186649
346.2496702771864,-0.30107549471676975
339.5780116701224,0.11581125380814683
339.5780116701224,0.2760102683135983
370.0945110738711,0.17616756185805116
374.1559316480298,-0.06912535442393164
374.1559316480298,0.058102900808535196
347.711178261897,-0.28951760065285725
331.564054310034,0.0014504063512958965
333.74422979567083,-0.08959037776821788
353.5101851356458,0.19324229512994862
369.1011829535271,0.20292325497371166
406.2133365906379,0.3434038726034032
368.8628804204274,-0.42752757115226814
360.3142465175222,-0.2770845936651085
342.43974883224706,0.08176295521104748
357.7177984449331,0.14985817132355805
357.7177984449331,0.20442867437202494
357.7177984449331,0.27161073770855637
346.6511874426299,-0.1980024082484988
376.62597216659555,0.16676350608133816
385.0366791372649,0.53914132825048
375.05771252759183,-0.0894292481220873
350.2746058154216,-0.5191320915158713
350.8522873095095,-0.11868095290367364
349.97164156221555,-0.010167138310976043
334.730694159666,0.11049673444074415
334.730694159666,0.29033635671066804
348.9049276629743,-0.15656976431455405
343.1086835389001,-0.15895057241539234
350.9308458945417,0.38042030675001115
339.464177583743,-0.17618082092587883
339.464177583743,0.32439819838805306
370.96121177918803,0.6303265373692284
360.7873017876579,-0.0888096951409807
333.431542432781,-0.10721473553508076
333.431542432781,0.42601040503677723
352.029823707893,-0.16447066489638473
371.62975363345555,0.2740340147322513
367.2706075971787,-0.3633206620315832
367.2482182835168,-0.09748440007479076
370.27518910850256,0.28952646131983784
367.2451080598549,0.18846957435471268
373.73242670512957,-0.049070187943812016
363.53395446805115,-0.1547488950287743
362.95972733426464,0.08930750043032276
360.17457146257595,-0.13779775904322378
309.38976931356245,-0.21284859131526446
309.38976931356245,0.4475177514407278
309.38976931356245,0.2201487252274319
350.54149111404695,0.5360599069140335
350.54149111404695,0.35213846958038175
341.5706910410186,-0.21707160940309222
394.11885707259023,0.39291136236852253
382.53045333683815,-0.034992890082776285
384.91635888137364,-0.11173136207276002
345.66575157356607,-0.7648975894444447
354.039412937253,0.15787736370532457
369.57239449257344,0.39314866624454226
338.4875209277621,-0.567931632759155
322.1975859759554,-0.18987502770141873
330.1302159606377,0.1494766102033509
369.56095745615215,0.44630891522388083
391.0884065136577,0.15087785144191912
383.2896347310798,-0.10475011595553951
354.23920169472564,-0.39849031191886297
331.180497215791,-0.5871407454397968
323.22191849502116,-0.10935355336391694
349.6208342180642,-0.012181963820580677
377.936271729806,0.29011166879536177
385.8005080372116,0.2885485776891983
376.57958541234336,-0.004430788326999391
377.91534429737646,-0.09889713683230639
384.72604336788953,-0.28308771229774266
379.06276467645324,0.008578343981753278
380.7228080621546,0.2791513137806305
335.51201338528426,-0.7282571901181427
312.65419571112034,-0.2655417531934745
316.500056286577,0.2659708064466031
334.7523647310801,0.4194529239039184
309.8661482665308,-0.5623293090995958
323.02564705967615,0.11353674499434874
333.49432362679283,0.21735933053878398
324.51299675558096,-0.14657490421370767
336.840373605071,0.28275150065576327
370.4882710767325,0.3084083504412547
338.28662513559163,-0.5415541292124999
339.7136929013823,-0.2195407161912044
354.9569087599852,-0.02449944485783817
351.8513622645846,-0.08115787501878913
330.5801141629517,-0.07200578834374483
330.5801141629517,0.5862657775153366
330.5801141629517,0.5671448317082195
330.5801141629517,0.5366605286551476
350.7134215606101,0.602945130192893
350.7134215606101,0.1565690622137481
369.24014867342186,0.17086554151046585
344.35458483434667,-0.12956266452488308
343.0272233537955,0.04594194676610641
337.1827881675006,0.16220357954614428
326.97775633327075,-0.2714233542614011
308.19334626809416,-0.0878676752456613
326.37156776424746,0.13184873792465623
328.175017837319,0.16542855315810812
328.175017837319,0.2639685071216036
330.89128599384486,-0.17862779211361612
319.3444541110254,-0.19445212403388723
332.37215797445356,-0.2684884210435712
333.24793157604483,0.35640466851123165
338.7920450526999,-0.3478404805258606
354.4149943995375,0.40359004775200447
309.47414343535036,-0.31545158022720443
309.47414343535036,0.12674061911752688
327.2004708140286,-0.06306977596216257
362.3500093408342,0.40889237644375953
379.73665526037024,0.194111267509129
357.35346562704234,-0.12372977047004952
336.2594949480709,-0.12304414928667029
336.2594949480709,0.2133408061672526
342.9402970891512,-0.47655874343990945
345.79351735896813,0.0938180388247929
356.04052416244775,0.20909805312589924
328.09885725227997,-0.3761306233219557
336.4975172424442,0.3455967797365247
341.1786711493022,-0.11880391755812525
342.03978405006603,0.1922362151424295
345.1195691560599,-0.09451073420802913
343.78164236289365,-0.014319612812869309
343.41043917895195,-0.12349935738200202
373.6363187365256,0.42085374937789766
374.3518736461779,-0.3172121459840582
366.3469645937291,-0.015061760085472997
380.60621656855614,0.16501393674025167
353.17500279608646,-0.398492957151916
350.9667974756993,-0.2521229801919844
349.6903114981862,-0.24168783036850527
355.6333414427337,-0.0660645700072564
338.3420832923226,-0.5734868963111239
338.3420832923226,0.34110638503852897
335.0289363209578,0.24359316042841783
340.69775533111624,0.030784808318230716
344.73811011181573,0.015524378598911426
334.4579922230816,-0.06497908562459997
334.4579922230816,0.330026723625906
380.7211533597988,0.42254567437248625
386.50031468246976,0.06559257616470404
343.03216404680455,-0.6379082076387022
370.81469430930224,0.27394687768673975
380.42390764969673,-0.24455340542829163
344.5700642949655,-0.5223271937280742
376.3992318824039,0.49720259907553555
378.1575693795999,0.2623005235856226
363.3215414388822,-0.2746818348505258
373.0236288453354,0.4782328601907011
375.04454481111657,0.1167387679560079
353.68621065120044,-0.39901606557577907
342.2554732300851,-0.374478266859569
350.0829438940726,-0.03295856806937536
344.98774198049625,-0.10130632674042772
341.7879426874537,0.14665168872738832
334.95405047012423,-0.23643574025675207
334.95405047012423,0.30947823804763175
340.9102995654335,0.18916788725152855
336.3299515517634,-0.12195659080998666
338.57056253501105,-0.2538991133260424
377.1750666601218,0.49635814941439094
375.66415853434927,-0.0590053073897252
376.95301996219155,-0.1602126910950119
372.0097539692937,0.01926097644559377
367.66067864865266,-0.22284287784191292
388.29373287121547,0.010669822533714068
370.63878736096495,-0.1947673730904853
343.1909938387175,-0.36463498499438174
343.1909938387175,0.36191725546495945
358.5095461828634,0.5218972553104777
333.27100602639297,-0.8309757840054317
321.24032382015895,0.006235130829963964
326.19212312743485,0.02227903438733847
345.4470536560009,0.2225416682993
352.9380179738655,0.2749557018399855
340.4000162759437,0.06660542903432543
347.43766190267013,0.2076150294076342
367.69895562261684,0.19988103998639417
350.674075460094,-0.507893006194081
338.2971401288503,0.10151075798899001
341.785731984031,-0.18730756753950573
344.8469375318217,0.22011482370214708
338.5773381676918,-0.201715285617297
338.5773381676918,1.1820969508635244
365.0392748510132,0.44390152355492773
364.7133489760399,0.523821606971751
310.736618297792,-0.6222820152014492
332.8195145918324,0.12105650493833764
332.8195145918324,0.5059448314300425
332.8195145918324,0.5828465703046959
332.8195145918324,0.3724500545201863
329.84309086981347,-0.1035533270162432
329.84309086981347,1.0518727351484358
319.2211257985334,-0.009097907721525189
322.70045448353727,-0.2477922218972708
325.9733184410704,0.07812297826649228
334.984038152542,-0.14755342916896552
347.711898535518,0.12205337510260961
363.2370185115401,0.16716904471070393
364.9837076138699,-0.03091665482497774
362.35856702427594,-0.26026101321599526
361.5179681066723,0.40595694860189724
355.4927295625742,-0.43835275047695177
375.5547151078352,0.17004064859884238
395.2197087699427,0.6955245109600128
372.73859573354684,-0.5097886777630265
372.73859573354684,0.3126543422795294
390.3874836667247,-0.019150646738353316
390.7432702111086,0.20105063185292238
364.20701534890895,-0.40206353432324704
361.79489137061967,-0.032230830696221346
346.00000807795465,-0.02492066356705891
366.2919363291328,0.13082750511500763
364.37093373408703,-0.28657893918671107
372.6289096757526,0.16260053377459371
365.9298420802341,0.14156539079226604
353.95272481004423,0.1667074880790551
381.0170853380407,0.3566849611786438
388.0415252153016,0.14273790642437234
358.6987136535352,-0.16157015676014908
350.8018362521831,0.09066877872055557
358.4698200552021,0.14809416545006115
353.5385408315458,0.11471075940789888
344.28517511152575,-0.3107964660767948
344.28517511152575,0.6149125865209726
344.28517511152575,0.2346022645975836
310.9806962885365,-0.49241753580406566
299.3069097763753,-0.17113627273249676
329.2922462563813,0.5104281390257484
329.2922462563813,0.33489985931225874
343.9198203001547,0.007715271695474257
346.7235102015453,0.0863496395072616
346.7235102015453,0.36653168858720164
357.35281236146903,0.3131694794019495
357.35281236146903,0.5201208452918991
356.98781618095086,-0.1467006057528124
375.01629799243983,0.3012260852125337
389.72516552912737,-0.054738264624234034
375.59613666961747,-0.47138015543259826
379.5535726358717,0.5557575608095249
379.7787108136158,-0.006417269165694961
379.7787108136158,0.13489407779707108
360.6678395181231,-0.4805749127473291
314.0343190866727,-0.1591696927466728
333.0602966830697,0.1339426666405643
317.8944979374284,0.03281707830990399
343.14452839920347,0.12810716936428435
333.72687782994336,-0.04143462183287738
326.4257487547302,-0.012969366057745901
356.3861972007628,0.3232433366981695
337.2059914120395,-0.3307628916447811
309.7695262794508,-0.2630292182368521
338.86070418253433,0.09246398944230805
336.4675586138255,-0.11508697608724106
336.4675586138255,0.3524761267779013
329.9025986175367,0.13391727766577333
344.65785963226244,0.29499905838008544
349.84771898837965,0.12318172466859778
324.29829827218504,-0.4347082578867685
331.3708987870709,0.10782919170424066
326.91210849641686,0.012709386023857405
317.18670117847284,-0.3028190596952527
362.3367484375209,0.6065136228490928
328.60567487117356,-0.468842215025461
352.8873544485581,-0.10142372419852563
368.81866132179715,0.6202719660436742
332.8388619410335,-0.5571189121214957
364.15221736499694,0.6482712801962407
384.37624871142145,0.1183985535735701
400.0984133942947,-0.02784775686836838
359.83296773814,-0.3457699193712642
381.8809680530679,-0.1859479454178654
395.36388270847,0.01020411449792391
390.17144562336796,0.1472615728019946
354.324985753795,-0.5344275441575519
357.09174001542084,0.12956417067186976
356.2249682696267,-0.014245930532183593
327.33734840584424,-0.7334784330253115
331.82524707501653,0.2932933420649988
325.07989306522643,-0.057074154050042125
325.07989306522643,0.46803563460173336
313.3017476039545,-0.22909633371853033
334.2275426762256,0.015106396376609155
318.08502421313364,-0.13479039546928107
346.6809114580071,0.250517615686249
347.1416786086678,0.35160922132763517
355.94609995598523,0.07767531713079734
352.85740843377306,-0.013069666080468778
328.7859260126269,-0.34493796242929875
365.2911769145504,0.3754735018687825
352.430867657167,-0.20226219242169918
358.6657508713914,-0.0030758798634451523
355.7578045473258,-0.1986709797695312
349.9815166614545,-0.01571638937809894
349.9815166614545,0.13113995507058007
336.57743728415255,-0.23029997241269484
328.69167601029073,0.04833762916507567
376.745947093835,0.8600948084410902
386.78802676481206,-0.08421034543891892
372.3120830520467,0.12129144896914568
337.7054090119794,-0.5812538367151774
337.7054090119794,0.4430336085829367
356.8124854446088,0.05179307582739057
356.8124854446088,0.7454322223863983
337.3436080275232,-0.23486865904214937
315.1532587755118,-0.15995946816758533
315.1532587755118,0.8648984417354768
338.3017466572483,0.07500170529078787
314.3200727278336,-0.19272821773620308
364.0991164678902,0.40302060964256725
335.2561518139384,-0.21056274193085756
314.8572319865077,-0.479774757169821
314.8572319865077,0.451244671315294
321.9469204363931,-0.030149069449748822
334.735345007057,0.17345824748247196
343.63917470175403,-0.01354265527811549
343.63917470175403,0.3181240962607035
346.7366429254966,0.08197214892811644
346.7366429254966,0.25878259284297656
328.6470370007608,-0.2090590700076973
330.18261334686014,-0.011161892923382766
356.55893073884744,0.286854107533145
356.55893073884744,0.3281623907721496
356.55893073884744,0.44264405486319447
353.42603971906635,-0.06260749196314919
363.0715564133168,0.23092559360736686
350.203623483327,-0.3365265638362871
399.09590227259986,0.3895317379062817
373.6739221287461,-0.09014033531889254
353.4660194550051,-0.4084443271002556
347.57685935692507,-0.1380092284911143
363.2177502337163,0.14903122410532887
375.12473338999814,0.04913768933352003
355.5614619687261,-0.2164471836535995
318.80920744627247,-0.3072962992465591
354.0555419129466,0.12998161633834115
330.85037346192405,-0.328378616347095
351.6192048304643,0.5442878821463637
346.1855893550053,0.25782005221049076
371.32816859873054,-0.09594621483836363
355.4747656699055,-0.29217248360328085
367.4983043240144,0.2780537462715529
326.2965610098007,-0.4521630555509546
357.66838578556053,0.3567594173730413
350.89011445901747,-0.15747427284065907
350.89011445901747,0.05279791796704103
348.37830286643526,-0.03618024680713461
357.37676015478604,0.4006849166664779
354.60148849146105,-0.45552462198770627
335.31574322577893,0.14545007189531134
341.30567114710885,0.054730732537336735
350.0415939880893,0.08236111204053032
377.0997151460888,0.3751405669520409
377.0997151460888,0.152114729076402
349.3985660787813,-0.5382906463421477
393.9288833029126,0.5251465043570533
377.86610581046506,-0.24386509475937146
368.68496728984013,-0.29311242530093295
368.68496728984013,0.48201827010439047
361.9737051681666,0.2646981851989949
375.47615526408566,-0.015989789386026132
367.4622591087396,0.010706137733791365
352.4902641215938,-0.3366279932084808
352.4902641215938,0.38827837991470915
359.46266377531634,0.2081046396893953
334.17993471736736,-0.29432151461787726
338.0529990774911,0.14232275303584174
324.1605268642809,-0.45403495010964434
324.1605268642809,0.5490325545550832
343.79351892239055,0.30607891482713967
347.95758416378044,0.08355771097569686
358.6074090112661,0.08586952385962832
337.6905305681974,-0.2573784058306501
328.6511610848022,-0.1615136961696635
340.56195576036725,0.0387109129401324
334.4801904982492,-0.02243372234954677
339.54187109232834,-0.001051573779704995
320.1817092486198,-0.05419564837438884
326.58634623036954,0.34799579305399675
319.0049306963064,0.08275554137503605
337.40955662252276,0.25987570415395567
356.5395586829425,0.6347055406347408
327.7478927284279,-0.3352016422095403
327.09198812140477,0.010849028438542518
340.03926675464396,0.06717968390205442
354.4614950711005,-0.2732642210285121
311.6011849003596,-0.2767616391474803
311.6011849003596,0.30346860132260645
314.95529071941655,-0.03207690622934933
345.95832235101483,0.601913277609242
360.9863680399957,0.1115317358825223
352.4194463372381,-0.14734022654363343
352.0472384775267,-0.1398584630617279
338.0070062539194,-0.0879032200527945
342.4745337803443,-0.08218094420362831
375.2392533692607,0.6588938909156923
350.3519195460082,-0.3955865872658251
338.5112794516026,-0.3133811208335828
332.3593367701701,-0.38921768581917604
369.84595834508445,0.4670382316614905
359.0029105509144,-0.203503179934728
325.6770967580202,-0.3245951010976569
356.3497990470553,0.3533522056239917
345.0400313006878,-0.18747053887841503
334.2018013399996,0.044641914265525884
340.6886798584923,-0.04282164048709092
383.06207771447083,0.24300243466655047
358.38423312631943,-0.25391122250766784
373.05315214336895,0.06765240531581185
370.32895127795,-0.08213004270601232
370.32895127795,0.16022174687577717
375.7540923786991,0.24996853316918077
375.7540923786991,0.49683578381916504
353.9466914884319,-0.20693716194136869
375.81602261887036,0.045599518796507255
363.8493719770194,-0.36367727630158697
370.3097203909226,0.5711923785781892
335.5881648098187,-0.5037798806941964
335.5881648098187,0.697704840864958
366.5482109086733,0.3381643125846949
389.13216865488255,0.35876104302883505
373.99471471755936,0.13826840090632686
334.14740987007434,-0.36391968529324004
338.3767923754295,0.10640221120854676
345.4782528931598,0.16950337822299844
345.4782528931598,0.47357260151238734
336.4865532076844,-0.060622163058724254
344.86756461151754,-0.10961970202345128
351.1791006393591,0.1670363040183247
391.0439604930436,0.47555893290427775
393.9252607081054,-0.1275036589732963
375.8052685395623,-0.20593770270124878
342.23083988799186,-0.22237612788853767
388.0347593884878,0.8378132818506856
425.69208929632146,0.24037564228206065
355.43316066579587,-0.6874305509895748
382.77616775762607,0.10459181241060378
365.78727899823605,-0.1577832091146547
349.8736792907643,-0.17788226654067785
349.8736792907643,0.5157091823605242
366.3809440419086,0.07959560871267968
366.3809440419086,0.2296596485629152
356.84820608104667,-0.2882183502732687
356.36019384146016,-0.16031366154243187
337.286056966643,0.06061016195974389
335.3297171264283,0.007181136572171454
345.71443139332285,0.012677148683110318
341.1933618281528,-0.3533750988599422
337.1599698148711,-0.4496498482217248
348.1878591386311,0.19925175561684227
345.9938695285372,0.20221576709798228
355.9237601427538,-0.07104377829625719
338.24948265674595,-0.13553489546313813
338.24948265674595,0.3843119305373648
349.9253976577579,0.3392824762346436
335.9370303701383,-0.42223986152816906
365.45567748348236,0.5888983201018618
373.6789991126706,0.2615314002971445
343.3471489024075,-0.21813691649197153
343.3471489024075,0.21034244064321683
331.8670334603129,-0.13714656380261658
331.8670334603129,0.33359038713911104
344.20872336530255,0.08970565128902308
320.29251531404054,-0.15641204124756314
342.9096121511377,-0.021468889654101986
373.81222574251444,-0.004493727022349958
382.71959423793373,0.2933493250528727
329.7230364423055,-0.6928152286882323
349.1209724347988,0.37940850461518494
349.1209724347988,0.5986182715040513
367.0367571360465,0.418557832696024
368.13143860753706,0.030998818971625042
348.65159924409454,-0.6621600491409936
379.77889576854517,-0.038208410365314194
379.77889576854517,0.40837362204672445
379.463734479974,0.058820791956804896
383.7985641054967,0.2777475615610001
404.5684456829208,0.3634799361889236
426.0557519176273,0.11977628215390723
402.4750506294378,-0.3063155484201161
389.54354158737317,0.1560883071591661
351.5676039288053,-0.6400026134659811
357.25693202503396,0.2577784377095895
375.3296900740259,0.4739000279961374
357.03890234477313,-0.1655467613354631
339.6181055768945,-0.1922768731033102
338.7739846290323,0.14120170484886785
337.5107483016921,-0.05043727460235914
358.5911891968684,0.06795238497727496
341.35308095940064,-0.3827773041658702
346.15069119296794,0.4466542291738733
352.94713830112363,0.1760611054172614
329.9712250427535,-0.16740606343341824
335.2287643961256,-0.07709549857895581
327.48449042684297,-0.18473757569188365
327.48449042684297,0.31958729947086795
344.9126434209246,0.19926156381302462
357.9108155845397,0.13034770485910485
345.99912675884144,-0.2105994613693838
321.67606231630793,-0.11779354202326431
342.34371953876257,0.39339194154968027
373.2318770003709,0.17596547784705763
373.2318770003709,0.6175633869220292
373.2318770003709,0.4529015268639114
380.9201949167395,0.4875224959890829
368.2761452708776,-0.011547456962262004
368.2761452708776,0.26330240345566835
390.74889328441526,0.45866605150831674
402.08724591692214,0.40187840210933246
347.583797336953,-0.6228290777088432
347.583797336953,0.23407140182268904
369.38953239199,0.3430977592072395
369.38953239199,0.25968398745499144
380.30910395477986,0.23672993413038057
379.9434986281253,0.21911786385305732
380.56218490076,0.09297218620235981
359.039903933667,-0.41452302736593083
339.80993365652864,-0.32900843777952105
308.4769246584686,-0.36550045914134444
343.15527598364423,0.6649196805012707
365.6752013092547,0.013880835783538714
367.5026631187001,0.35823920389100294
375.8025773759865,0.29874014402923876
354.7937402325966,-0.5291881306393407
364.6849171400108,-0.22002771887355266
375.88158007231556,0.3311592161712724
392.181481736811,0.053412442880130584
371.7913112511396,-0.08994554508126384
403.34163154664014,-0.34243952693441315
386.01158907233423,-0.014523016759767415
358.8270821388344,-0.4926825756379003
358.8270821388344,0.39553212424368667
393.5006354394973,0.6935572586078251
409.3269205500479,0.25902368453830604
411.5912111465745,-0.05426759174224571
397.5921560648652,-0.01220972437090495
407.2508193343896,0.0018173448544303028
390.9018479172075,-0.1575572162212211
377.17384797418765,0.0912084232242023
358.3997224978131,-0.3773941133237031
346.8640582037807,-0.27734833112651813
346.8640582037807,0.46073992558763166
366.1213488701285,0.20748773913362584
328.01007315378604,-0.37678633161635844
357.6466202392037,0.5597894775013401
340.04114085553357,-0.43362075573338643
332.84652859416053,-0.3713273522635063
361.98118458708046,0.33595058393166255
361.9373299692775,0.33862641628456913
364.8964308147743,0.12071514644810577
341.9269322352905,-0.17275252549791276
354.7198808501312,-0.2119233821412081
354.7198808501312,0.267814665620449
354.7198808501312,0.5149853206971784
354.7198808501312,0.26774341869588625
374.63054703642234,0.4226986920430136
356.0240166741256,-0.423350268336776
356.0240166741256,0.47402018796742595
374.3954333733604,0.03293251018271803
337.0746600698907,-0.37271528077258154
339.81274203209034,0.44679489001782713
368.3612905205528,0.28640122702108783
371.316637391886,0.054684555092308074
328.5776336220142,-0.6063918413979081
322.46732939759244,-0.13366654396691047
322.46732939759244,0.2730025912187557
374.8619624736868,0.9678898419931556
367.1878077018103,-0.10830453518292416
365.141140476845,-0.15246691083814312
365.141140476845,0.5035621857954311
356.85059358948024,-0.033702482145372414
362.1460722081175,0.14770528923736492
344.4571858510736,-0.014536026254631906
344.4571858510736,0.41929827127592034
338.3352586386874,0.2691945696849416
342.1331183520407,0.08968918268249126
342.1331183520407,0.34116928711603123
358.27758427277695,0.1912085210501573
363.743665417383,-0.30254073296794104
381.66366580693455,0.6825624103862538
382.9818943076274,0.07520774801719199
390.7868739884717,-0.044453366546576945
373.42298730150185,-0.2800391844235719
380.81840494536584,-0.13702776546119821
363.7485434082838,-0.36489232186841036
358.25985741305874,0.1810352471375154
353.2639076440977,0.20482481339024616
383.88328474687785,0.5465494170380225
342.74999557713244,-0.47965071663247727
354.967866302107,0.022669700813708005
339.9621448258385,-0.02288595214963607
324.484725088448,0.04899204259436374
322.4525722753976,0.05586789578285334
343.6941795482297,-0.20578782248628613
352.6687739300257,0.4143997208965402
321.4614351805063,-0.5344995977056897
340.9450634394986,0.16222907164763
339.9894330694959,-0.015575242742670525
339.9894330694959,0.2648713413971109
354.6551619187112,0.17226820275254795
354.3349843014514,-0.11498736211797222
354.3349843014514,0.2157094422842647
347.9250133444597,-0.16461447854317157
381.0151906246848,0.4163893643483334
393.50690078926925,0.051159348063038124
355.59455040888554,-0.7699841459567551
355.59455040888554,0.332951867393831
324.1193127397084,-0.5094444040061035
330.8201713508155,0.22564336203902258
327.14932272344566,-0.09060534251591434
327.14932272344566,0.41804238591601006
340.72171618029364,0.189181078906131
371.76326428850274,0.37345086208642897
332.84894475075527,-0.6160341704505754
326.138602913139,-0.4805873419705904
335.19304569511365,0.11128505708518333
331.30949636320116,0.14506325385070795
323.8809776615795,-0.3684124356228722
355.9962500081337,0.2531310173156953
348.2641310081815,-0.17319450684942694
333.3823891941637,-0.12013998053305386
358.6311721766784,0.1506645014806054
366.7174725223808,0.39143778969412324
373.77990467999916,-0.3293738455449784
373.77990467999916,0.3236801466364341
365.69195662137605,0.08125118192060654
363.9469526679243,0.3506322367447865
355.6711194280795,-0.18644810957675872
352.0118303377063,-0.13763274131406433
352.0118303377063,0.3097580653879959
352.0118303377063,0.43702003584223803
352.0118303377063,0.21146550773312356
360.1745523058167,0.3448226809823609
339.3506955123517,-0.3673414879660868
361.6466734316777,0.06979162317929877
342.17878715916623,-0.2668700802692001
342.17878715916623,0.43646524815346766
342.17878715916623,0.6198555184156476
349.42911726271205,0.01996973350560438
338.35063911232953,0.23045605500692545
359.8912243270488,0.0024770505302740276
368.6238235050162,0.25336353925035837
378.5679997159584,-0.05784049066130592
340.5571111444027,-0.17877669044912636
352.1344965304334,-0.1986547736578359
355.69015179415555,-0.23221295294035826
355.69015179415555,0.6820290359106593
364.175724112184,0.5964913431890864
367.10165691961026,-0.22999081816340095
367.10165691961026,0.1312182493857108
348.99289319359104,-0.039254719966720586
350.44348267439653,0.0013694866952391749
343.1691458887026,-0.0474532490763977
371.39627031607756,0.18508134326248182
373.28252795191673,0.289140635529634
340.85205841434004,-0.4847831182094069
357.79800947228335,0.23344739248068436
358.18687690778256,-0.030685436435987867
342.52912321010245,-0.2525009984675535
366.3426228227483,0.3126789193363493
341.1334332150716,-0.2976377094308873
339.97468040150756,0.2107904394237039
327.4151923158655,0.13001082170592326
342.6410601951817,-0.0028617788583460424
350.05482386332454,0.06350421372019355
